2016-02-15T18:23:42.450+0800: 19.165: [GC [PSYoungGen: 1048640K->24514K(1223360K)] 1048640K->24514K(4019584K), 0.1037750 secs] [Times: user=0.30 sys=0.01, real=0.11 secs] 
2016-02-15T18:23:48.661+0800: 25.376: [GC [PSYoungGen: 1073154K->35336K(1223360K)] 1073154K->35336K(4019584K), 0.0746710 secs] [Times: user=0.26 sys=0.01, real=0.08 secs] 
2016-02-15T18:23:51.845+0800: 28.559: [GC [PSYoungGen: 1083976K->42869K(1223360K)] 1083976K->42869K(4019584K), 0.0870290 secs] [Times: user=0.33 sys=0.01, real=0.09 secs] 
2016-02-15T18:23:56.596+0800: 33.310: [GC [PSYoungGen: 1091509K->59654K(1223360K)] 1091509K->59654K(4019584K), 0.0740360 secs] [Times: user=0.28 sys=0.02, real=0.07 secs] 
2016-02-15T18:24:08.282+0800: 44.997: [GC [PSYoungGen: 1108294K->95795K(1223360K)] 1108294K->95795K(4019584K), 0.2713660 secs] [Times: user=0.96 sys=0.11, real=0.28 secs] 
2016-02-15T18:24:44.494+0800: 81.208: [GC [PSYoungGen: 1144435K->98026K(1254976K)] 1144435K->104822K(4051200K), 0.1783650 secs] [Times: user=0.59 sys=0.07, real=0.18 secs] 
2016-02-15T18:25:20.443+0800: 117.158: [GC [PSYoungGen: 1254954K->74832K(1277504K)] 1261750K->115774K(4073728K), 0.1390840 secs] [Times: user=0.45 sys=0.04, real=0.14 secs] 
2016-02-15T18:26:14.872+0800: 171.587: [GC [PSYoungGen: 1231760K->52459K(1283584K)] 1272702K->118192K(4079808K), 0.1079050 secs] [Times: user=0.35 sys=0.00, real=0.11 secs] 
2016-02-15T18:26:59.353+0800: 216.067: [GC [PSYoungGen: 1216555K->18058K(1278592K)] 1282288K->121016K(4074816K), 0.0918630 secs] [Times: user=0.17 sys=0.02, real=0.09 secs] 
2016-02-15T18:27:54.605+0800: 271.319: [GC [PSYoungGen: 1182154K->16431K(1280000K)] 1285112K->123262K(4076224K), 0.0294100 secs] [Times: user=0.05 sys=0.00, real=0.03 secs] 
2016-02-15T18:28:35.695+0800: 312.409: [GC [PSYoungGen: 1179887K->14096K(1280768K)] 1286718K->122827K(4076992K), 0.0293750 secs] [Times: user=0.04 sys=0.00, real=0.04 secs] 
2016-02-15T18:29:26.828+0800: 363.543: [GC [PSYoungGen: 1177552K->15548K(1282048K)] 1286283K->124724K(4078272K), 0.0301050 secs] [Times: user=0.04 sys=0.00, real=0.03 secs] 
2016-02-15T18:30:17.424+0800: 414.139: [GC [PSYoungGen: 1180284K->12736K(1280768K)] 1289460K->122819K(4076992K), 0.0248070 secs] [Times: user=0.04 sys=0.00, real=0.03 secs] 
2016-02-15T18:31:12.839+0800: 469.553: [GC [PSYoungGen: 1177472K->14832K(1286272K)] 1287555K->125609K(4082496K), 0.0283020 secs] [Times: user=0.04 sys=0.00, real=0.03 secs] 
2016-02-15T18:32:11.357+0800: 528.071: [GC [PSYoungGen: 1186672K->13961K(1283648K)] 1297449K->124955K(4079872K), 0.0285200 secs] [Times: user=0.04 sys=0.00, real=0.03 secs] 
2016-02-15T18:33:05.152+0800: 581.867: [GC [PSYoungGen: 1185801K->13463K(1292480K)] 1296795K->125596K(4088704K), 0.0235840 secs] [Times: user=0.03 sys=0.00, real=0.02 secs] 
2016-02-15T18:34:00.800+0800: 637.514: [GC [PSYoungGen: 1197079K->14192K(1289216K)] 1309212K->126686K(4085440K), 0.0284180 secs] [Times: user=0.04 sys=0.00, real=0.03 secs] 
2016-02-15T18:35:00.446+0800: 697.161: [GC [PSYoungGen: 1197808K->14803K(1300160K)] 1310302K->127750K(4096384K), 0.0269420 secs] [Times: user=0.03 sys=0.00, real=0.03 secs] 
2016-02-15T18:35:58.993+0800: 755.707: [GC [PSYoungGen: 1213075K->12995K(1296192K)] 1326022K->126475K(4092416K), 0.0252150 secs] [Times: user=0.04 sys=0.00, real=0.03 secs] 
2016-02-15T18:36:54.311+0800: 811.025: [GC [PSYoungGen: 1211267K->14656K(1307968K)] 1324747K->128524K(4104192K), 0.0263310 secs] [Times: user=0.04 sys=0.00, real=0.03 secs] 
2016-02-15T18:37:52.342+0800: 869.056: [GC [PSYoungGen: 1228416K->12576K(1303872K)] 1342284K->126724K(4100096K), 0.0241060 secs] [Times: user=0.03 sys=0.00, real=0.02 secs] 
2016-02-15T18:38:48.335+0800: 925.050: [GC [PSYoungGen: 1226336K->13168K(1315584K)] 1340484K->127522K(4111808K), 0.0241120 secs] [Times: user=0.04 sys=0.00, real=0.03 secs] 
2016-02-15T18:39:51.058+0800: 987.772: [GC [PSYoungGen: 1242416K->13696K(1311744K)] 1356770K->128214K(4107968K), 0.0266280 secs] [Times: user=0.04 sys=0.00, real=0.03 secs] 
2016-02-15T18:40:44.644+0800: 1041.359: [GC [PSYoungGen: 1242944K->13486K(1323328K)] 1357462K->128381K(4119552K), 0.0266450 secs] [Times: user=0.04 sys=0.00, real=0.03 secs] 
2016-02-15T18:41:43.164+0800: 1099.879: [GC [PSYoungGen: 1258222K->14368K(1319488K)] 1373117K->129884K(4115712K), 0.0271290 secs] [Times: user=0.03 sys=0.00, real=0.03 secs] 
2016-02-15T18:42:42.320+0800: 1159.034: [GC [PSYoungGen: 1259104K->13969K(1330752K)] 1374620K->129742K(4126976K), 0.0268150 secs] [Times: user=0.03 sys=0.00, real=0.03 secs] 
2016-02-15T18:43:40.473+0800: 1217.187: [GC [PSYoungGen: 1273745K->14844K(1327104K)] 1389518K->130887K(4123328K), 0.0267060 secs] [Times: user=0.04 sys=0.00, real=0.02 secs] 
2016-02-15T18:44:36.468+0800: 1273.182: [GC [PSYoungGen: 1274620K->13152K(1337408K)] 1390663K->130095K(4133632K), 0.0257880 secs] [Times: user=0.03 sys=0.01, real=0.02 secs] 
2016-02-15T18:45:41.554+0800: 1338.268: [GC [PSYoungGen: 1286816K->15492K(1334336K)] 1403759K->132744K(4130560K), 0.0279760 secs] [Times: user=0.04 sys=0.00, real=0.03 secs] 
2016-02-15T18:46:48.977+0800: 1405.691: [GC [PSYoungGen: 1289156K->16896K(1344256K)] 1406408K->134581K(4140480K), 0.0309230 secs] [Times: user=0.04 sys=0.00, real=0.03 secs] 
2016-02-15T18:47:43.617+0800: 1460.332: [GC [PSYoungGen: 1303872K->13945K(1340800K)] 1421557K->131892K(4137024K), 0.0240630 secs] [Times: user=0.03 sys=0.00, real=0.02 secs] 
2016-02-15T18:48:44.508+0800: 1521.223: [GC [PSYoungGen: 1300921K->15040K(1349568K)] 1418868K->133406K(4145792K), 0.0273340 secs] [Times: user=0.04 sys=0.00, real=0.02 secs] 
2016-02-15T18:49:48.078+0800: 1584.792: [GC [PSYoungGen: 1313408K->15072K(1346880K)] 1431774K->133691K(4143104K), 0.0281070 secs] [Times: user=0.03 sys=0.00, real=0.03 secs] 
2016-02-15T18:50:44.608+0800: 1641.322: [GC [PSYoungGen: 1313440K->13104K(1354048K)] 1432059K->132375K(4150272K), 0.0247570 secs] [Times: user=0.03 sys=0.00, real=0.03 secs] 
2016-02-15T18:51:36.265+0800: 1692.980: [GC [PSYoungGen: 1321136K->13440K(1352064K)] 1440407K->133171K(4148288K), 0.0254410 secs] [Times: user=0.03 sys=0.01, real=0.03 secs] 
2016-02-15T18:52:34.378+0800: 1751.092: [GC [PSYoungGen: 1321472K->14579K(1358144K)] 1441203K->134415K(4154368K), 0.0253300 secs] [Times: user=0.04 sys=0.00, real=0.02 secs] 
2016-02-15T18:53:32.119+0800: 1808.834: [GC [PSYoungGen: 1330739K->14623K(1356096K)] 1450575K->134971K(4152320K), 0.0293090 secs] [Times: user=0.04 sys=0.00, real=0.03 secs] 
2016-02-15T18:54:25.635+0800: 1862.349: [GC [PSYoungGen: 1330783K->12064K(1361536K)] 1451131K->132655K(4157760K), 0.0248870 secs] [Times: user=0.03 sys=0.00, real=0.02 secs] 
2016-02-15T18:55:19.183+0800: 1915.897: [GC [PSYoungGen: 1335648K->15472K(1360128K)] 1456239K->136268K(4156352K), 0.0285270 secs] [Times: user=0.04 sys=0.00, real=0.03 secs] 
2016-02-15T18:56:16.759+0800: 1973.473: [GC [PSYoungGen: 1339056K->15152K(1365184K)] 1459852K->136220K(4161408K), 0.0285660 secs] [Times: user=0.04 sys=0.00, real=0.03 secs] 
2016-02-15T18:57:20.595+0800: 2037.309: [GC [PSYoungGen: 1345712K->14644K(1363456K)] 1466780K->136049K(4159680K), 0.0280100 secs] [Times: user=0.04 sys=0.00, real=0.03 secs] 
2016-02-15T18:58:19.459+0800: 2096.174: [GC [PSYoungGen: 1345204K->14257K(1367936K)] 1466609K->135988K(4164160K), 0.0271240 secs] [Times: user=0.03 sys=0.00, real=0.03 secs] 
2016-02-15T18:59:17.609+0800: 2154.323: [GC [PSYoungGen: 1350769K->16487K(1366656K)] 1472500K->138522K(4162880K), 0.0361690 secs] [Times: user=0.03 sys=0.00, real=0.04 secs] 
2016-02-15T19:00:09.077+0800: 2205.791: [GC [PSYoungGen: 1352999K->14496K(1370176K)] 1475034K->136850K(4166400K), 0.0283330 secs] [Times: user=0.03 sys=0.00, real=0.02 secs] 
2016-02-15T19:01:08.272+0800: 2264.986: [GC [PSYoungGen: 1355680K->13728K(1369088K)] 1478034K->136451K(4165312K), 0.0300910 secs] [Times: user=0.03 sys=0.00, real=0.02 secs] 
2016-02-15T19:02:05.795+0800: 2322.509: [GC [PSYoungGen: 1354912K->16464K(1371840K)] 1477635K->139275K(4168064K), 0.0333650 secs] [Times: user=0.04 sys=0.00, real=0.04 secs] 
2016-02-15T19:03:09.632+0800: 2386.347: [GC [PSYoungGen: 1361296K->15953K(1371072K)] 1484107K->139046K(4167296K), 0.0282510 secs] [Times: user=0.04 sys=0.00, real=0.03 secs] 
2016-02-15T19:04:06.656+0800: 2443.371: [GC [PSYoungGen: 1360785K->14784K(1373632K)] 1483878K->138388K(4169856K), 0.0280310 secs] [Times: user=0.04 sys=0.00, real=0.03 secs] 
2016-02-15T19:05:05.004+0800: 2501.718: [GC [PSYoungGen: 1363136K->14407K(1372800K)] 1486740K->138135K(4169024K), 0.0275300 secs] [Times: user=0.04 sys=0.00, real=0.03 secs] 
2016-02-15T19:05:59.517+0800: 2556.231: [GC [PSYoungGen: 1362759K->13728K(1374848K)] 1486487K->137941K(4171072K), 0.0246710 secs] [Times: user=0.04 sys=0.00, real=0.02 secs] 
2016-02-15T19:06:57.292+0800: 2614.006: [GC [PSYoungGen: 1364832K->14496K(1374336K)] 1489045K->138881K(4170560K), 0.0272160 secs] [Times: user=0.03 sys=0.00, real=0.02 secs] 
2016-02-15T19:07:54.494+0800: 2671.209: [GC [PSYoungGen: 1365600K->15872K(1376000K)] 1489985K->140409K(4172224K), 0.0276420 secs] [Times: user=0.04 sys=0.00, real=0.03 secs] 
2016-02-15T19:08:46.272+0800: 2722.987: [GC [PSYoungGen: 1369344K->13216K(1375552K)] 1493881K->137993K(4171776K), 0.0249380 secs] [Times: user=0.04 sys=0.00, real=0.03 secs] 
2016-02-15T19:09:49.192+0800: 2785.907: [GC [PSYoungGen: 1366688K->15408K(1376896K)] 1491465K->140601K(4173120K), 0.0282110 secs] [Times: user=0.04 sys=0.00, real=0.03 secs] 
2016-02-15T19:10:38.057+0800: 2834.772: [GC [PSYoungGen: 1370608K->12224K(1376384K)] 1495801K->137948K(4172608K), 0.0230980 secs] [Times: user=0.03 sys=0.00, real=0.02 secs] 
2016-02-15T19:11:35.044+0800: 2891.758: [GC [PSYoungGen: 1367424K->13936K(1377472K)] 1493148K->139871K(4173696K), 0.0243270 secs] [Times: user=0.04 sys=0.00, real=0.03 secs] 
2016-02-15T19:12:27.607+0800: 2944.321: [GC [PSYoungGen: 1370352K->16784K(1377024K)] 1496287K->143120K(4173248K), 0.0342860 secs] [Times: user=0.04 sys=0.00, real=0.04 secs] 
2016-02-15T19:13:22.469+0800: 2999.184: [GC [PSYoungGen: 1373200K->14942K(1377856K)] 1499536K->141558K(4174080K), 0.0289170 secs] [Times: user=0.04 sys=0.00, real=0.03 secs] 
2016-02-15T19:14:15.577+0800: 3052.292: [GC [PSYoungGen: 1371998K->17440K(1377280K)] 1498614K->144566K(4173504K), 0.0323610 secs] [Times: user=0.04 sys=0.00, real=0.03 secs] 
2016-02-15T19:15:03.433+0800: 3100.147: [GC [PSYoungGen: 1374496K->14887K(1377984K)] 1501622K->142254K(4174208K), 0.0299810 secs] [Times: user=0.03 sys=0.00, real=0.03 secs] 
2016-02-15T19:15:59.662+0800: 3156.376: [GC [PSYoungGen: 1372263K->20073K(1377472K)] 1499630K->148978K(4173696K), 0.0388620 secs] [Times: user=0.06 sys=0.01, real=0.04 secs] 
2016-02-15T19:17:01.005+0800: 3217.719: [GC [PSYoungGen: 1377449K->16176K(1375552K)] 1506354K->145542K(4171776K), 0.0300880 secs] [Times: user=0.03 sys=0.00, real=0.03 secs] 
2016-02-15T19:17:55.118+0800: 3271.833: [GC [PSYoungGen: 1371120K->14048K(1376512K)] 1500486K->144234K(4172736K), 0.0276510 secs] [Times: user=0.03 sys=0.00, real=0.03 secs] 
2016-02-15T19:18:59.898+0800: 3336.612: [GC [PSYoungGen: 1368992K->15168K(1377280K)] 1499178K->145630K(4173504K), 0.0297590 secs] [Times: user=0.04 sys=0.00, real=0.02 secs] 
2016-02-15T19:19:50.953+0800: 3387.667: [GC [PSYoungGen: 1371136K->15898K(1376768K)] 1501598K->146536K(4172992K), 0.0304490 secs] [Times: user=0.04 sys=0.00, real=0.02 secs] 
2016-02-15T19:20:43.902+0800: 3440.616: [GC [PSYoungGen: 1371866K->13808K(1377856K)] 1502504K->145505K(4174080K), 0.0292650 secs] [Times: user=0.03 sys=0.00, real=0.03 secs] 
2016-02-15T19:21:39.760+0800: 3496.474: [GC [PSYoungGen: 1371248K->13920K(1377664K)] 1502945K->145794K(4173888K), 0.0295780 secs] [Times: user=0.03 sys=0.00, real=0.03 secs] 
2016-02-15T19:22:38.779+0800: 3555.494: [GC [PSYoungGen: 1371360K->17817K(1377152K)] 1503234K->149896K(4173376K), 0.0329660 secs] [Times: user=0.05 sys=0.00, real=0.04 secs] 
2016-02-15T19:23:30.387+0800: 3607.102: [GC [PSYoungGen: 1374937K->18676K(1375808K)] 1507016K->151192K(4172032K), 0.0302050 secs] [Times: user=0.04 sys=0.00, real=0.03 secs] 
2016-02-15T19:24:25.982+0800: 3662.697: [GC [PSYoungGen: 1375796K->15184K(1377344K)] 1508312K->148000K(4173568K), 0.0274800 secs] [Times: user=0.04 sys=0.00, real=0.03 secs] 
2016-02-15T19:25:23.126+0800: 3719.841: [GC [PSYoungGen: 1371408K->16080K(1376960K)] 1504224K->149272K(4173184K), 0.0301620 secs] [Times: user=0.04 sys=0.00, real=0.03 secs] 
2016-02-15T19:26:19.108+0800: 3775.823: [GC [PSYoungGen: 1372304K->15840K(1378176K)] 1505496K->149234K(4174400K), 0.0285260 secs] [Times: user=0.03 sys=0.00, real=0.02 secs] 
2016-02-15T19:27:12.949+0800: 3829.663: [GC [PSYoungGen: 1373664K->15632K(1377728K)] 1507058K->149330K(4173952K), 0.0285300 secs] [Times: user=0.03 sys=0.00, real=0.03 secs] 
2016-02-15T19:28:10.660+0800: 3887.374: [GC [PSYoungGen: 1373456K->15696K(1378880K)] 1507154K->149510K(4175104K), 0.0291780 secs] [Times: user=0.03 sys=0.00, real=0.02 secs] 
2016-02-15T19:29:06.063+0800: 3942.778: [GC [PSYoungGen: 1375056K->13680K(1378560K)] 1508870K->147747K(4174784K), 0.0261570 secs] [Times: user=0.04 sys=0.00, real=0.03 secs] 
2016-02-15T19:30:01.843+0800: 3998.558: [GC [PSYoungGen: 1373040K->14400K(1379008K)] 1507107K->148839K(4175232K), 0.0273960 secs] [Times: user=0.04 sys=0.00, real=0.03 secs] 
2016-02-15T19:30:59.728+0800: 4056.442: [GC [PSYoungGen: 1374208K->15953K(1378880K)] 1508647K->150740K(4175104K), 0.0293330 secs] [Times: user=0.04 sys=0.00, real=0.03 secs] 
2016-02-15T19:31:54.000+0800: 4110.714: [GC [PSYoungGen: 1375761K->18832K(1377408K)] 1510548K->153993K(4173632K), 0.0317490 secs] [Times: user=0.04 sys=0.00, real=0.03 secs] 
2016-02-15T19:32:43.092+0800: 4159.806: [GC [PSYoungGen: 1377360K->13255K(1371840K)] 1512521K->148852K(4168064K), 0.0253560 secs] [Times: user=0.04 sys=0.00, real=0.03 secs] 
2016-02-15T19:33:30.962+0800: 4207.676: [GC [PSYoungGen: 1371783K->13424K(1378304K)] 1507380K->149231K(4174528K), 0.0253340 secs] [Times: user=0.04 sys=0.00, real=0.02 secs] 
2016-02-15T19:34:27.138+0800: 4263.852: [GC [PSYoungGen: 1371888K->16368K(1378240K)] 1507695K->152335K(4174464K), 0.0300190 secs] [Times: user=0.04 sys=0.00, real=0.04 secs] 
2016-02-15T19:35:20.084+0800: 4316.799: [GC [PSYoungGen: 1374832K->17184K(1377984K)] 1510799K->153591K(4174208K), 0.0295790 secs] [Times: user=0.03 sys=0.00, real=0.02 secs] 
2016-02-15T19:36:16.343+0800: 4373.057: [GC [PSYoungGen: 1375456K->15856K(1378176K)] 1511863K->152440K(4174400K), 0.0309890 secs] [Times: user=0.04 sys=0.00, real=0.03 secs] 
2016-02-15T19:37:08.380+0800: 4425.094: [GC [PSYoungGen: 1374128K->14752K(1378752K)] 1510712K->151519K(4174976K), 0.0254250 secs] [Times: user=0.04 sys=0.00, real=0.02 secs] 
2016-02-15T19:37:59.077+0800: 4475.791: [GC [PSYoungGen: 1373920K->16883K(1378496K)] 1510687K->154001K(4174720K), 0.0299650 secs] [Times: user=0.04 sys=0.00, real=0.03 secs] 
2016-02-15T19:38:51.906+0800: 4528.620: [GC [PSYoungGen: 1376051K->19424K(1375040K)] 1513169K->158618K(4171264K), 0.0348790 secs] [Times: user=0.05 sys=0.01, real=0.04 secs] 
2016-02-15T19:39:44.775+0800: 4581.489: [GC [PSYoungGen: 1375008K->14878K(1376832K)] 1514202K->154564K(4173056K), 0.0271660 secs] [Times: user=0.04 sys=0.00, real=0.03 secs] 
2016-02-15T19:40:35.888+0800: 4632.603: [GC [PSYoungGen: 1370462K->13840K(1377216K)] 1510148K->154079K(4173440K), 0.0255640 secs] [Times: user=0.03 sys=0.00, real=0.02 secs] 
2016-02-15T19:41:32.336+0800: 4689.050: [GC [PSYoungGen: 1370064K->17184K(1377088K)] 1510303K->157720K(4173312K), 0.0327600 secs] [Times: user=0.04 sys=0.00, real=0.03 secs] 
2016-02-15T19:42:27.907+0800: 4744.621: [GC [PSYoungGen: 1373408K->14704K(1377472K)] 1513944K->155668K(4173696K), 0.0263480 secs] [Times: user=0.04 sys=0.00, real=0.03 secs] 
2016-02-15T19:43:23.854+0800: 4800.569: [GC [PSYoungGen: 1371312K->15328K(1377216K)] 1512276K->156464K(4173440K), 0.0300770 secs] [Times: user=0.04 sys=0.00, real=0.04 secs] 
2016-02-15T19:44:12.477+0800: 4849.191: [GC [PSYoungGen: 1371936K->13376K(1377856K)] 1513072K->154668K(4174080K), 0.0240540 secs] [Times: user=0.04 sys=0.00, real=0.03 secs] 
2016-02-15T19:45:05.852+0800: 4902.567: [GC [PSYoungGen: 1371008K->15616K(1377856K)] 1512300K->157116K(4174080K), 0.0317000 secs] [Times: user=0.03 sys=0.00, real=0.03 secs] 
2016-02-15T19:45:55.880+0800: 4952.594: [GC [PSYoungGen: 1373248K->13618K(1378368K)] 1514748K->155262K(4174592K), 0.0267460 secs] [Times: user=0.04 sys=0.00, real=0.03 secs] 
2016-02-15T19:46:52.953+0800: 5009.668: [GC [PSYoungGen: 1372210K->18065K(1376704K)] 1513854K->160109K(4172928K), 0.0305750 secs] [Times: user=0.04 sys=0.00, real=0.03 secs] 
2016-02-15T19:47:53.563+0800: 5070.277: [GC [PSYoungGen: 1376657K->16032K(1378176K)] 1518701K->158541K(4174400K), 0.0312790 secs] [Times: user=0.04 sys=0.00, real=0.03 secs] 
2016-02-15T19:48:51.022+0800: 5127.737: [GC [PSYoungGen: 1373984K->15552K(1377856K)] 1516493K->158149K(4174080K), 0.0272890 secs] [Times: user=0.04 sys=0.00, real=0.03 secs] 
2016-02-15T19:49:46.687+0800: 5183.401: [GC [PSYoungGen: 1373504K->14935K(1378816K)] 1516101K->157797K(4175040K), 0.0261630 secs] [Times: user=0.04 sys=0.00, real=0.03 secs] 
2016-02-15T19:50:42.465+0800: 5239.180: [GC [PSYoungGen: 1374231K->15520K(1378560K)] 1517093K->158626K(4174784K), 0.0286710 secs] [Times: user=0.03 sys=0.00, real=0.03 secs] 
2016-02-15T19:51:38.568+0800: 5295.283: [GC [PSYoungGen: 1374816K->16136K(1379264K)] 1517922K->159369K(4175488K), 0.0297560 secs] [Times: user=0.04 sys=0.00, real=0.03 secs] 
2016-02-15T19:52:27.531+0800: 5344.246: [GC [PSYoungGen: 1376456K->14675K(1379136K)] 1519689K->158225K(4175360K), 0.0297790 secs] [Times: user=0.04 sys=0.00, real=0.04 secs] 
2016-02-15T19:53:20.379+0800: 5397.093: [GC [PSYoungGen: 1374995K->16512K(1379392K)] 1518545K->160434K(4175616K), 0.0287400 secs] [Times: user=0.04 sys=0.00, real=0.02 secs] 
2016-02-15T19:54:10.684+0800: 5447.398: [GC [PSYoungGen: 1377216K->15648K(1379392K)] 1521138K->159835K(4175616K), 0.0280290 secs] [Times: user=0.03 sys=0.00, real=0.02 secs] 
2016-02-15T19:55:03.873+0800: 5500.588: [GC [PSYoungGen: 1376352K->16960K(1379264K)] 1520539K->161375K(4175488K), 0.0329010 secs] [Times: user=0.04 sys=0.00, real=0.03 secs] 
2016-02-15T19:55:58.369+0800: 5555.084: [GC [PSYoungGen: 1377792K->15504K(1379456K)] 1522207K->160347K(4175680K), 0.0284330 secs] [Times: user=0.04 sys=0.00, real=0.03 secs] 
2016-02-15T19:56:51.182+0800: 5607.896: [GC [PSYoungGen: 1376336K->17895K(1378560K)] 1521179K->163119K(4174784K), 0.0332940 secs] [Times: user=0.05 sys=0.00, real=0.03 secs] 
2016-02-15T19:57:38.791+0800: 5655.506: [GC [PSYoungGen: 1378087K->15728K(1379136K)] 1523311K->161352K(4175360K), 0.0291790 secs] [Times: user=0.05 sys=0.00, real=0.04 secs] 
2016-02-15T19:58:31.239+0800: 5707.953: [GC [PSYoungGen: 1375920K->15664K(1379648K)] 1521544K->161533K(4175872K), 0.0309290 secs] [Times: user=0.04 sys=0.00, real=0.04 secs] 
2016-02-15T19:59:21.922+0800: 5758.636: [GC [PSYoungGen: 1376624K->16320K(1379392K)] 1522493K->162437K(4175616K), 0.0308630 secs] [Times: user=0.04 sys=0.00, real=0.03 secs] 
2016-02-15T20:00:09.833+0800: 5806.548: [GC [PSYoungGen: 1377280K->15192K(1379840K)] 1523397K->161630K(4176064K), 0.0293620 secs] [Times: user=0.04 sys=0.00, real=0.02 secs] 
2016-02-15T20:01:00.987+0800: 5857.701: [GC [PSYoungGen: 1376664K->16737K(1379712K)] 1523102K->163576K(4175936K), 0.0301760 secs] [Times: user=0.04 sys=0.00, real=0.03 secs] 
2016-02-15T20:01:48.360+0800: 5905.075: [GC [PSYoungGen: 1378209K->15984K(1379968K)] 1525048K->163160K(4176192K), 0.0290850 secs] [Times: user=0.04 sys=0.00, real=0.03 secs] 
2016-02-15T20:02:34.855+0800: 5951.570: [GC [PSYoungGen: 1377648K->15312K(1379776K)] 1524824K->162732K(4176000K), 0.0308710 secs] [Times: user=0.04 sys=0.00, real=0.03 secs] 
2016-02-15T20:03:22.417+0800: 5999.131: [GC [PSYoungGen: 1376976K->16592K(1379968K)] 1524396K->164245K(4176192K), 0.0336010 secs] [Times: user=0.03 sys=0.00, real=0.03 secs] 
2016-02-15T20:04:08.398+0800: 6045.112: [GC [PSYoungGen: 1378576K->16992K(1379008K)] 1526229K->164882K(4175232K), 0.0304090 secs] [Times: user=0.04 sys=0.00, real=0.03 secs] 
2016-02-15T20:04:56.651+0800: 6093.365: [GC [PSYoungGen: 1378976K->14752K(1379840K)] 1526866K->162846K(4176064K), 0.0271460 secs] [Times: user=0.04 sys=0.01, real=0.03 secs] 
2016-02-15T20:05:47.556+0800: 6144.270: [GC [PSYoungGen: 1376352K->15136K(1379840K)] 1524446K->163419K(4176064K), 0.0277220 secs] [Times: user=0.04 sys=0.00, real=0.03 secs] 
2016-02-15T20:06:38.151+0800: 6194.866: [GC [PSYoungGen: 1376736K->16945K(1379648K)] 1525019K->165552K(4175872K), 0.0302570 secs] [Times: user=0.04 sys=0.00, real=0.03 secs] 
2016-02-15T20:07:27.329+0800: 6244.043: [GC [PSYoungGen: 1378417K->14480K(1376000K)] 1527024K->163721K(4172224K), 0.0262120 secs] [Times: user=0.03 sys=0.01, real=0.02 secs] 
2016-02-15T20:08:21.342+0800: 6298.057: [GC [PSYoungGen: 1375952K->17232K(1379200K)] 1525193K->166633K(4175424K), 0.0319030 secs] [Times: user=0.04 sys=0.00, real=0.03 secs] 
2016-02-15T20:09:03.629+0800: 6340.343: [GC [PSYoungGen: 1378064K->13120K(1374016K)] 1527465K->162833K(4170240K), 0.0242340 secs] [Times: user=0.03 sys=0.00, real=0.02 secs] 
2016-02-15T20:09:55.651+0800: 6392.365: [GC [PSYoungGen: 1373952K->16784K(1379008K)] 1523665K->166746K(4175232K), 0.0328110 secs] [Times: user=0.04 sys=0.00, real=0.04 secs] 
2016-02-15T20:10:43.362+0800: 6440.076: [GC [PSYoungGen: 1376976K->15536K(1379136K)] 1526938K->165818K(4175360K), 0.0288830 secs] [Times: user=0.04 sys=0.00, real=0.03 secs] 
2016-02-15T20:11:33.199+0800: 6489.914: [GC [PSYoungGen: 1375728K->17216K(1378880K)] 1526010K->167801K(4175104K), 0.0313620 secs] [Times: user=0.04 sys=0.00, real=0.04 secs] 
2016-02-15T20:12:27.457+0800: 6544.171: [GC [PSYoungGen: 1377408K->16032K(1379136K)] 1527993K->166934K(4175360K), 0.0290330 secs] [Times: user=0.04 sys=0.00, real=0.03 secs] 
2016-02-15T20:13:16.974+0800: 6593.688: [GC [PSYoungGen: 1376224K->16384K(1379520K)] 1527126K->167730K(4175744K), 0.0303800 secs] [Times: user=0.03 sys=0.00, real=0.03 secs] 
2016-02-15T20:14:07.619+0800: 6644.334: [GC [PSYoungGen: 1377216K->16215K(1379392K)] 1528562K->167862K(4175616K), 0.0328100 secs] [Times: user=0.03 sys=0.00, real=0.04 secs] 
2016-02-15T20:14:50.609+0800: 6687.323: [GC [PSYoungGen: 1377047K->14192K(1379456K)] 1528694K->166142K(4175680K), 0.0270890 secs] [Times: user=0.03 sys=0.00, real=0.03 secs] 
2016-02-15T20:15:30.895+0800: 6727.609: [GC [PSYoungGen: 1375280K->15584K(1379584K)] 1527230K->167695K(4175808K), 0.0291200 secs] [Times: user=0.04 sys=0.00, real=0.04 secs] 
2016-02-15T20:16:19.365+0800: 6776.079: [GC [PSYoungGen: 1376672K->16784K(1379584K)] 1528783K->169295K(4175808K), 0.0376600 secs] [Times: user=0.05 sys=0.00, real=0.04 secs] 
2016-02-15T20:17:04.677+0800: 6821.391: [GC [PSYoungGen: 1378128K->15920K(1379712K)] 1530639K->168827K(4175936K), 0.0331020 secs] [Times: user=0.03 sys=0.00, real=0.04 secs] 
2016-02-15T20:17:48.818+0800: 6865.532: [GC [PSYoungGen: 1377264K->14624K(1379968K)] 1530171K->167788K(4176192K), 0.0279560 secs] [Times: user=0.04 sys=0.00, real=0.03 secs] 
2016-02-15T20:18:39.918+0800: 6916.633: [GC [PSYoungGen: 1376480K->17568K(1379456K)] 1529644K->170943K(4175680K), 0.0332530 secs] [Times: user=0.04 sys=0.00, real=0.04 secs] 
2016-02-15T20:19:29.927+0800: 6966.641: [GC [PSYoungGen: 1379424K->17359K(1379008K)] 1532799K->171131K(4175232K), 0.0340580 secs] [Times: user=0.05 sys=0.00, real=0.04 secs] 
2016-02-15T20:20:12.900+0800: 7009.614: [GC [PSYoungGen: 1377807K->16512K(1379264K)] 1531579K->170642K(4175488K), 0.0298960 secs] [Times: user=0.04 sys=0.00, real=0.03 secs] 
2016-02-15T20:21:01.726+0800: 7058.440: [GC [PSYoungGen: 1376960K->16720K(1379392K)] 1531090K->170979K(4175616K), 0.0321490 secs] [Times: user=0.04 sys=0.00, real=0.03 secs] 
2016-02-15T20:21:50.808+0800: 7107.523: [GC [PSYoungGen: 1377424K->16992K(1377728K)] 1531683K->171447K(4173952K), 0.0314630 secs] [Times: user=0.04 sys=0.01, real=0.04 secs] 
2016-02-15T20:22:34.080+0800: 7150.795: [GC [PSYoungGen: 1377696K->18719K(1378048K)] 1532151K->173482K(4174272K), 0.0314670 secs] [Times: user=0.04 sys=0.00, real=0.03 secs] 
2016-02-15T20:23:19.682+0800: 7196.397: [GC [PSYoungGen: 1378015K->15608K(1378688K)] 1532778K->170724K(4174912K), 0.0362220 secs] [Times: user=0.04 sys=0.00, real=0.04 secs] 
2016-02-15T20:24:06.636+0800: 7243.350: [GC [PSYoungGen: 1374904K->16512K(1379072K)] 1530020K->171912K(4175296K), 0.0285950 secs] [Times: user=0.04 sys=0.00, real=0.03 secs] 
2016-02-15T20:24:56.004+0800: 7292.718: [GC [PSYoungGen: 1376320K->16736K(1378816K)] 1531720K->172361K(4175040K), 0.0307850 secs] [Times: user=0.04 sys=0.00, real=0.03 secs] 
2016-02-15T20:25:40.272+0800: 7336.986: [GC [PSYoungGen: 1376544K->16368K(1379456K)] 1532169K->172265K(4175680K), 0.0289760 secs] [Times: user=0.04 sys=0.00, real=0.03 secs] 
2016-02-15T20:26:26.411+0800: 7383.126: [GC [PSYoungGen: 1376944K->15648K(1379200K)] 1532841K->171821K(4175424K), 0.0285370 secs] [Times: user=0.04 sys=0.00, real=0.03 secs] 
2016-02-15T20:27:09.899+0800: 7426.614: [GC [PSYoungGen: 1376224K->15536K(1379584K)] 1532397K->171986K(4175808K), 0.0292290 secs] [Times: user=0.04 sys=0.00, real=0.03 secs] 
2016-02-15T20:28:01.294+0800: 7478.009: [GC [PSYoungGen: 1376560K->17376K(1378432K)] 1533010K->173957K(4174656K), 0.0311560 secs] [Times: user=0.05 sys=0.00, real=0.03 secs] 
2016-02-15T20:28:48.230+0800: 7524.944: [GC [PSYoungGen: 1378400K->17217K(1379264K)] 1534981K->174062K(4175488K), 0.0302680 secs] [Times: user=0.04 sys=0.00, real=0.03 secs] 
2016-02-15T20:29:35.591+0800: 7572.306: [GC [PSYoungGen: 1377793K->15285K(1379328K)] 1534638K->172592K(4175552K), 0.0276250 secs] [Times: user=0.04 sys=0.00, real=0.03 secs] 
2016-02-15T20:30:21.866+0800: 7618.580: [GC [PSYoungGen: 1375861K->17568K(1378944K)] 1533168K->175302K(4175168K), 0.0337450 secs] [Times: user=0.04 sys=0.00, real=0.03 secs] 
2016-02-15T20:31:11.343+0800: 7668.058: [GC [PSYoungGen: 1377760K->15184K(1379136K)] 1535494K->173226K(4175360K), 0.0284000 secs] [Times: user=0.04 sys=0.00, real=0.03 secs] 
2016-02-15T20:32:02.899+0800: 7719.613: [GC [PSYoungGen: 1375376K->16976K(1379200K)] 1533418K->175263K(4175424K), 0.0300530 secs] [Times: user=0.04 sys=0.00, real=0.03 secs] 
2016-02-15T20:32:48.340+0800: 7765.054: [GC [PSYoungGen: 1377232K->16147K(1379136K)] 1535519K->174650K(4175360K), 0.0352480 secs] [Times: user=0.03 sys=0.00, real=0.03 secs] 
2016-02-15T20:33:34.815+0800: 7811.529: [GC [PSYoungGen: 1376403K->14832K(1379264K)] 1534906K->173826K(4175488K), 0.0267720 secs] [Times: user=0.04 sys=0.00, real=0.03 secs] 
2016-02-15T20:34:20.037+0800: 7856.751: [GC [PSYoungGen: 1375408K->17312K(1377920K)] 1534402K->176552K(4174144K), 0.0304810 secs] [Times: user=0.04 sys=0.00, real=0.03 secs] 
2016-02-15T20:35:07.096+0800: 7903.811: [GC [PSYoungGen: 1377888K->16800K(1379264K)] 1537128K->176435K(4175488K), 0.0290340 secs] [Times: user=0.04 sys=0.00, real=0.03 secs] 
2016-02-15T20:35:47.568+0800: 7944.282: [GC [PSYoungGen: 1377184K->13472K(1373888K)] 1536819K->173433K(4170112K), 0.0269810 secs] [Times: user=0.03 sys=0.00, real=0.03 secs] 
2016-02-15T20:36:30.488+0800: 7987.203: [GC [PSYoungGen: 1373856K->15280K(1379200K)] 1533817K->175361K(4175424K), 0.0290550 secs] [Times: user=0.03 sys=0.00, real=0.03 secs] 
2016-02-15T20:37:16.469+0800: 8033.184: [GC [PSYoungGen: 1375408K->16832K(1379008K)] 1535489K->177029K(4175232K), 0.0295540 secs] [Times: user=0.03 sys=0.00, real=0.03 secs] 
2016-02-15T20:38:05.291+0800: 8082.005: [GC [PSYoungGen: 1376960K->17024K(1379008K)] 1537157K->177609K(4175232K), 0.0310520 secs] [Times: user=0.04 sys=0.00, real=0.03 secs] 
2016-02-15T20:38:48.225+0800: 8124.939: [GC [PSYoungGen: 1377088K->14064K(1374144K)] 1537673K->174906K(4170368K), 0.0257070 secs] [Times: user=0.03 sys=0.00, real=0.03 secs] 
2016-02-15T20:39:32.496+0800: 8169.210: [GC [PSYoungGen: 1374128K->14816K(1379136K)] 1534970K->175958K(4175360K), 0.0276470 secs] [Times: user=0.04 sys=0.01, real=0.03 secs] 
2016-02-15T20:40:15.865+0800: 8212.580: [GC [PSYoungGen: 1374880K->14064K(1379008K)] 1536022K->175382K(4175232K), 0.0284740 secs] [Times: user=0.04 sys=0.00, real=0.03 secs] 
2016-02-15T20:40:54.748+0800: 8251.462: [GC [PSYoungGen: 1374128K->15537K(1379392K)] 1535446K->177127K(4175616K), 0.0283480 secs] [Times: user=0.03 sys=0.00, real=0.03 secs] 
2016-02-15T20:41:36.510+0800: 8293.225: [GC [PSYoungGen: 1375985K->14432K(1379136K)] 1537575K->176675K(4175360K), 0.0295490 secs] [Times: user=0.04 sys=0.00, real=0.03 secs] 
2016-02-15T20:42:21.413+0800: 8338.127: [GC [PSYoungGen: 1374880K->14848K(1379712K)] 1537123K->177171K(4175936K), 0.0291640 secs] [Times: user=0.03 sys=0.00, real=0.02 secs] 
2016-02-15T20:43:07.190+0800: 8383.905: [GC [PSYoungGen: 1376000K->15344K(1379520K)] 1538323K->177880K(4175744K), 0.0315090 secs] [Times: user=0.04 sys=0.00, real=0.04 secs] 
2016-02-15T20:43:50.704+0800: 8427.418: [GC [PSYoungGen: 1376496K->16544K(1379712K)] 1539032K->179220K(4175936K), 0.0287150 secs] [Times: user=0.04 sys=0.00, real=0.03 secs] 
2016-02-15T20:44:33.193+0800: 8469.908: [GC [PSYoungGen: 1378144K->14816K(1379840K)] 1540820K->177893K(4176064K), 0.0288050 secs] [Times: user=0.04 sys=0.01, real=0.03 secs] 
2016-02-15T20:45:16.361+0800: 8513.076: [GC [PSYoungGen: 1376416K->16192K(1379968K)] 1539493K->179701K(4176192K), 0.0288030 secs] [Times: user=0.04 sys=0.00, real=0.03 secs] 
2016-02-15T20:46:01.172+0800: 8557.887: [GC [PSYoungGen: 1378048K->14720K(1379968K)] 1541557K->178321K(4176192K), 0.0293480 secs] [Times: user=0.04 sys=0.00, real=0.03 secs] 
2016-02-15T20:46:45.724+0800: 8602.438: [GC [PSYoungGen: 1376576K->15248K(1380288K)] 1540177K->179173K(4176512K), 0.0292020 secs] [Times: user=0.04 sys=0.00, real=0.03 secs] 
2016-02-15T20:47:38.631+0800: 8655.345: [GC [PSYoungGen: 1377552K->16864K(1379200K)] 1541477K->181133K(4175424K), 0.0317090 secs] [Times: user=0.05 sys=0.00, real=0.03 secs] 
2016-02-15T20:48:21.385+0800: 8698.099: [GC [PSYoungGen: 1379168K->14784K(1380096K)] 1543437K->179538K(4176320K), 0.0270810 secs] [Times: user=0.04 sys=0.00, real=0.03 secs] 
2016-02-15T20:49:06.837+0800: 8743.551: [GC [PSYoungGen: 1376768K->15968K(1379968K)] 1541522K->180878K(4176192K), 0.0274700 secs] [Times: user=0.04 sys=0.00, real=0.03 secs] 
2016-02-15T20:49:58.908+0800: 8795.622: [GC [PSYoungGen: 1377952K->17265K(1379392K)] 1542862K->182383K(4175616K), 0.0306850 secs] [Times: user=0.03 sys=0.01, real=0.03 secs] 
2016-02-15T20:50:45.645+0800: 8842.359: [GC [PSYoungGen: 1378737K->17776K(1379264K)] 1543855K->183236K(4175488K), 0.0333140 secs] [Times: user=0.03 sys=0.00, real=0.03 secs] 
2016-02-15T20:51:33.881+0800: 8890.595: [GC [PSYoungGen: 1379248K->18192K(1378112K)] 1544708K->183981K(4174336K), 0.0370880 secs] [Times: user=0.04 sys=0.00, real=0.03 secs] 
2016-02-15T20:52:20.086+0800: 8936.800: [GC [PSYoungGen: 1377488K->15728K(1378688K)] 1543277K->181850K(4174912K), 0.0316460 secs] [Times: user=0.04 sys=0.00, real=0.04 secs] 
2016-02-15T20:53:02.144+0800: 8978.858: [GC [PSYoungGen: 1375024K->14816K(1379008K)] 1541146K->181209K(4175232K), 0.0296950 secs] [Times: user=0.04 sys=0.00, real=0.04 secs] 
2016-02-15T20:53:42.494+0800: 9019.209: [GC [PSYoungGen: 1374688K->15712K(1378944K)] 1541081K->182468K(4175168K), 0.0299930 secs] [Times: user=0.04 sys=0.00, real=0.03 secs] 
2016-02-15T20:54:30.217+0800: 9066.932: [GC [PSYoungGen: 1375584K->16343K(1379456K)] 1542340K->183199K(4175680K), 0.0326030 secs] [Times: user=0.03 sys=0.00, real=0.04 secs] 
2016-02-15T20:55:12.764+0800: 9109.478: [GC [PSYoungGen: 1376983K->16736K(1379264K)] 1543839K->183823K(4175488K), 0.0314500 secs] [Times: user=0.03 sys=0.00, real=0.03 secs] 
2016-02-15T20:55:58.087+0800: 9154.802: [GC [PSYoungGen: 1377376K->14960K(1379456K)] 1544463K->182175K(4175680K), 0.0280140 secs] [Times: user=0.03 sys=0.00, real=0.03 secs] 
2016-02-15T20:56:39.044+0800: 9195.759: [GC [PSYoungGen: 1375728K->15569K(1379392K)] 1542943K->182977K(4175616K), 0.0296450 secs] [Times: user=0.03 sys=0.00, real=0.03 secs] 
2016-02-15T20:57:22.344+0800: 9239.058: [GC [PSYoungGen: 1376337K->14288K(1379648K)] 1543745K->182089K(4175872K), 0.0266880 secs] [Times: user=0.05 sys=0.00, real=0.03 secs] 
2016-02-15T20:58:08.548+0800: 9285.263: [GC [PSYoungGen: 1375504K->15456K(1379648K)] 1543305K->183505K(4175872K), 0.0298820 secs] [Times: user=0.04 sys=0.00, real=0.03 secs] 
2016-02-15T20:58:49.667+0800: 9326.382: [GC [PSYoungGen: 1376672K->16080K(1379968K)] 1544721K->184269K(4176192K), 0.0308150 secs] [Times: user=0.04 sys=0.00, real=0.03 secs] 
2016-02-15T20:59:32.778+0800: 9369.493: [GC [PSYoungGen: 1377808K->18096K(1379840K)] 1545997K->186801K(4176064K), 0.0332400 secs] [Times: user=0.05 sys=0.00, real=0.04 secs] 
2016-02-15T21:00:13.225+0800: 9409.939: [GC [PSYoungGen: 1379824K->14768K(1378560K)] 1548529K->183777K(4174784K), 0.0269990 secs] [Times: user=0.04 sys=0.00, real=0.03 secs] 
2016-02-15T21:00:54.872+0800: 9451.587: [GC [PSYoungGen: 1375088K->16992K(1377344K)] 1544097K->186282K(4173568K), 0.0318500 secs] [Times: user=0.04 sys=0.00, real=0.04 secs] 
2016-02-15T21:01:31.107+0800: 9487.822: [GC [PSYoungGen: 1377312K->13360K(1378752K)] 1546602K->183047K(4174976K), 0.0278520 secs] [Times: user=0.04 sys=0.00, real=0.03 secs] 
2016-02-15T21:02:07.837+0800: 9524.552: [GC [PSYoungGen: 1373168K->19132K(1378944K)] 1542855K->191984K(4175168K), 0.0331990 secs] [Times: user=0.05 sys=0.00, real=0.04 secs] 
2016-02-15T21:02:46.427+0800: 9563.141: [GC [PSYoungGen: 1378940K->14032K(1374976K)] 1551792K->187416K(4171200K), 0.0258690 secs] [Times: user=0.04 sys=0.00, real=0.03 secs] 
2016-02-15T21:03:25.457+0800: 9602.172: [GC [PSYoungGen: 1369872K->16224K(1376960K)] 1543256K->189753K(4173184K), 0.0295570 secs] [Times: user=0.04 sys=0.00, real=0.03 secs] 
2016-02-15T21:03:59.970+0800: 9636.684: [GC [PSYoungGen: 1372064K->17154K(1377472K)] 1545593K->191116K(4173696K), 0.0344570 secs] [Times: user=0.04 sys=0.00, real=0.04 secs] 
2016-02-15T21:04:32.241+0800: 9668.955: [GC [PSYoungGen: 1373954K->16176K(1377408K)] 1547916K->190326K(4173632K), 0.0295400 secs] [Times: user=0.03 sys=0.00, real=0.02 secs] 
2016-02-15T21:05:03.152+0800: 9699.866: [GC [PSYoungGen: 1372976K->18640K(1376896K)] 1547126K->193038K(4173120K), 0.0349350 secs] [Times: user=0.04 sys=0.01, real=0.03 secs] 
2016-02-15T21:05:30.693+0800: 9727.408: [GC [PSYoungGen: 1375376K->17648K(1377408K)] 1549774K->192290K(4173632K), 0.0310610 secs] [Times: user=0.04 sys=0.00, real=0.03 secs] 
2016-02-15T21:05:54.215+0800: 9750.930: [GC [PSYoungGen: 1374384K->20048K(1375616K)] 1549026K->195006K(4171840K), 0.0338760 secs] [Times: user=0.04 sys=0.00, real=0.04 secs] 
2016-02-15T21:06:26.754+0800: 9783.469: [GC [PSYoungGen: 1374992K->17536K(1376512K)] 1549950K->192622K(4172736K), 0.0329150 secs] [Times: user=0.04 sys=0.00, real=0.03 secs] 
2016-02-15T21:07:00.877+0800: 9817.592: [GC [PSYoungGen: 1372480K->16656K(1377152K)] 1547566K->191882K(4173376K), 0.0307970 secs] [Times: user=0.03 sys=0.00, real=0.03 secs] 
2016-02-15T21:07:31.925+0800: 9848.640: [GC [PSYoungGen: 1372496K->15552K(1376768K)] 1547722K->191031K(4172992K), 0.0302910 secs] [Times: user=0.04 sys=0.00, real=0.03 secs] 
2016-02-15T21:08:08.493+0800: 9885.208: [GC [PSYoungGen: 1371392K->16512K(1377600K)] 1546871K->192223K(4173824K), 0.0292400 secs] [Times: user=0.04 sys=0.00, real=0.03 secs] 
2016-02-15T21:08:44.718+0800: 9921.432: [GC [PSYoungGen: 1373312K->18400K(1377280K)] 1549023K->194323K(4173504K), 0.0343730 secs] [Times: user=0.05 sys=0.00, real=0.03 secs] 
2016-02-15T21:09:25.013+0800: 9961.727: [GC [PSYoungGen: 1375200K->18112K(1377280K)] 1551123K->194364K(4173504K), 0.0348440 secs] [Times: user=0.04 sys=0.00, real=0.03 secs] 
2016-02-15T21:10:01.520+0800: 9998.235: [GC [PSYoungGen: 1374720K->15856K(1377344K)] 1550972K->192320K(4173568K), 0.0323060 secs] [Times: user=0.04 sys=0.00, real=0.03 secs] 
2016-02-15T21:10:35.297+0800: 10032.011: [GC [PSYoungGen: 1372464K->15575K(1377600K)] 1548928K->192291K(4173824K), 0.0288600 secs] [Times: user=0.04 sys=0.00, real=0.02 secs] 
2016-02-15T21:11:12.173+0800: 10068.888: [GC [PSYoungGen: 1372567K->15616K(1377472K)] 1549283K->192726K(4173696K), 0.0298740 secs] [Times: user=0.05 sys=0.00, real=0.03 secs] 
2016-02-15T21:11:51.758+0800: 10108.473: [GC [PSYoungGen: 1372608K->16848K(1378112K)] 1549718K->194187K(4174336K), 0.0316980 secs] [Times: user=0.05 sys=0.00, real=0.03 secs] 
2016-02-15T21:12:33.684+0800: 10150.398: [GC [PSYoungGen: 1374672K->16656K(1377792K)] 1552011K->194336K(4174016K), 0.0296990 secs] [Times: user=0.04 sys=0.00, real=0.03 secs] 
2016-02-15T21:13:11.957+0800: 10188.672: [GC [PSYoungGen: 1374480K->16224K(1378624K)] 1552160K->194359K(4174848K), 0.0311240 secs] [Times: user=0.03 sys=0.01, real=0.04 secs] 
2016-02-15T21:13:51.314+0800: 10228.029: [GC [PSYoungGen: 1375136K->17152K(1378368K)] 1553271K->195495K(4174592K), 0.0329140 secs] [Times: user=0.04 sys=0.00, real=0.04 secs] 
2016-02-15T21:14:29.364+0800: 10266.078: [GC [PSYoungGen: 1376064K->14976K(1378688K)] 1554407K->193611K(4174912K), 0.0318120 secs] [Times: user=0.04 sys=0.00, real=0.03 secs] 
2016-02-15T21:15:08.489+0800: 10305.204: [GC [PSYoungGen: 1374272K->17696K(1377024K)] 1552907K->196492K(4173248K), 0.0315550 secs] [Times: user=0.04 sys=0.00, real=0.04 secs] 
2016-02-15T21:15:44.890+0800: 10341.604: [GC [PSYoungGen: 1376992K->15232K(1378560K)] 1555788K->194136K(4174784K), 0.0296560 secs] [Times: user=0.04 sys=0.00, real=0.02 secs] 
2016-02-15T21:16:23.473+0800: 10380.188: [GC [PSYoungGen: 1374208K->17120K(1378496K)] 1553112K->196252K(4174720K), 0.0322980 secs] [Times: user=0.05 sys=0.00, real=0.03 secs] 
2016-02-15T21:17:03.935+0800: 10420.650: [GC [PSYoungGen: 1376096K->17136K(1378688K)] 1555228K->196564K(4174912K), 0.0299630 secs] [Times: user=0.04 sys=0.00, real=0.03 secs] 
2016-02-15T21:17:41.553+0800: 10458.267: [GC [PSYoungGen: 1376368K->16368K(1378624K)] 1555796K->196128K(4174848K), 0.0319410 secs] [Times: user=0.04 sys=0.00, real=0.03 secs] 
2016-02-15T21:18:18.532+0800: 10495.246: [GC [PSYoungGen: 1375600K->15584K(1379008K)] 1555360K->195452K(4175232K), 0.0310360 secs] [Times: user=0.03 sys=0.01, real=0.03 secs] 
2016-02-15T21:18:52.261+0800: 10528.976: [GC [PSYoungGen: 1375456K->16592K(1378944K)] 1555324K->196725K(4175168K), 0.0310710 secs] [Times: user=0.04 sys=0.00, real=0.03 secs] 
2016-02-15T21:19:29.489+0800: 10566.204: [GC [PSYoungGen: 1376464K->17144K(1379264K)] 1556597K->197693K(4175488K), 0.0307310 secs] [Times: user=0.04 sys=0.00, real=0.03 secs] 
2016-02-15T21:20:08.891+0800: 10605.605: [GC [PSYoungGen: 1377592K->17896K(1378368K)] 1558141K->198741K(4174592K), 0.0340150 secs] [Times: user=0.04 sys=0.00, real=0.04 secs] 
2016-02-15T21:20:48.121+0800: 10644.835: [GC [PSYoungGen: 1378344K->16176K(1379136K)] 1559189K->197403K(4175360K), 0.0295450 secs] [Times: user=0.03 sys=0.00, real=0.03 secs] 
2016-02-15T21:21:25.552+0800: 10682.267: [GC [PSYoungGen: 1376176K->15936K(1378944K)] 1557403K->197554K(4175168K), 0.0277540 secs] [Times: user=0.04 sys=0.00, real=0.03 secs] 
2016-02-15T21:22:02.890+0800: 10719.604: [GC [PSYoungGen: 1375936K->16832K(1379328K)] 1557554K->198703K(4175552K), 0.0307960 secs] [Times: user=0.05 sys=0.00, real=0.03 secs] 
2016-02-15T21:22:38.841+0800: 10755.556: [GC [PSYoungGen: 1377280K->14848K(1379200K)] 1559151K->197012K(4175424K), 0.0259860 secs] [Times: user=0.04 sys=0.00, real=0.03 secs] 
2016-02-15T21:23:16.733+0800: 10793.447: [GC [PSYoungGen: 1375296K->15715K(1379392K)] 1557460K->198111K(4175616K), 0.0301030 secs] [Times: user=0.04 sys=0.00, real=0.03 secs] 
2016-02-15T21:23:54.855+0800: 10831.570: [GC [PSYoungGen: 1376291K->16128K(1379264K)] 1558687K->198944K(4175488K), 0.0306710 secs] [Times: user=0.04 sys=0.00, real=0.03 secs] 
2016-02-15T21:24:31.962+0800: 10868.677: [GC [PSYoungGen: 1376704K->15152K(1379584K)] 1559520K->198269K(4175808K), 0.0278370 secs] [Times: user=0.04 sys=0.00, real=0.03 secs] 
2016-02-15T21:25:08.752+0800: 10905.466: [GC [PSYoungGen: 1376240K->16256K(1379584K)] 1559357K->199566K(4175808K), 0.0312640 secs] [Times: user=0.05 sys=0.00, real=0.03 secs] 
2016-02-15T21:25:46.804+0800: 10943.519: [GC [PSYoungGen: 1377344K->15168K(1379840K)] 1560654K->198955K(4176064K), 0.0332780 secs] [Times: user=0.04 sys=0.00, real=0.03 secs] 
2016-02-15T21:26:23.924+0800: 10980.638: [GC [PSYoungGen: 1376704K->14304K(1375872K)] 1560491K->198400K(4172096K), 0.0289530 secs] [Times: user=0.04 sys=0.00, real=0.03 secs] 
2016-02-15T21:27:02.441+0800: 11019.155: [GC [PSYoungGen: 1375840K->16176K(1379840K)] 1559936K->200542K(4176064K), 0.0310040 secs] [Times: user=0.04 sys=0.00, real=0.03 secs] 
2016-02-15T21:27:43.735+0800: 11060.449: [GC [PSYoungGen: 1377648K->17488K(1379008K)] 1562014K->202196K(4175232K), 0.0272180 secs] [Times: user=0.04 sys=0.00, real=0.02 secs] 
2016-02-15T21:28:23.301+0800: 11100.015: [GC [PSYoungGen: 1378960K->15936K(1379712K)] 1563668K->201058K(4175936K), 0.0332790 secs] [Times: user=0.05 sys=0.00, real=0.03 secs] 
2016-02-15T21:29:01.942+0800: 11138.657: [GC [PSYoungGen: 1377088K->16096K(1379520K)] 1562210K->201554K(4175744K), 0.0303460 secs] [Times: user=0.05 sys=0.00, real=0.03 secs] 
2016-02-15T21:29:38.831+0800: 11175.545: [GC [PSYoungGen: 1377248K->14880K(1379968K)] 1562706K->200750K(4176192K), 0.0289370 secs] [Times: user=0.04 sys=0.00, real=0.03 secs] 
2016-02-15T21:30:14.709+0800: 11211.423: [GC [PSYoungGen: 1376736K->15328K(1379968K)] 1562606K->201470K(4176192K), 0.0281730 secs] [Times: user=0.04 sys=0.00, real=0.03 secs] 
2016-02-15T21:30:51.117+0800: 11247.831: [GC [PSYoungGen: 1377184K->15776K(1380224K)] 1563326K->202228K(4176448K), 0.0322850 secs] [Times: user=0.04 sys=0.00, real=0.03 secs] 
2016-02-15T21:31:30.432+0800: 11287.146: [GC [PSYoungGen: 1377952K->16032K(1380032K)] 1564404K->202736K(4176256K), 0.0282300 secs] [Times: user=0.04 sys=0.00, real=0.03 secs] 
2016-02-15T21:32:06.820+0800: 11323.535: [GC [PSYoungGen: 1378208K->15088K(1380416K)] 1564912K->201969K(4176640K), 0.0284400 secs] [Times: user=0.04 sys=0.00, real=0.03 secs] 
2016-02-15T21:32:43.017+0800: 11359.732: [GC [PSYoungGen: 1377776K->17392K(1380096K)] 1564657K->204441K(4176320K), 0.0314500 secs] [Times: user=0.04 sys=0.00, real=0.03 secs] 
2016-02-15T21:33:22.969+0800: 11399.683: [GC [PSYoungGen: 1380080K->16032K(1380224K)] 1567129K->203354K(4176448K), 0.0301210 secs] [Times: user=0.04 sys=0.00, real=0.03 secs] 
2016-02-15T21:34:04.446+0800: 11441.160: [GC [PSYoungGen: 1378272K->17840K(1380096K)] 1565594K->206051K(4176320K), 0.0341180 secs] [Times: user=0.05 sys=0.00, real=0.04 secs] 
2016-02-15T21:34:43.409+0800: 11480.123: [GC [PSYoungGen: 1380080K->17408K(1378304K)] 1568291K->205863K(4174528K), 0.0313860 secs] [Times: user=0.05 sys=0.00, real=0.03 secs] 
2016-02-15T21:35:19.203+0800: 11515.918: [GC [PSYoungGen: 1377728K->14867K(1379200K)] 1566183K->203611K(4175424K), 0.0269900 secs] [Times: user=0.04 sys=0.00, real=0.03 secs] 
2016-02-15T21:35:54.888+0800: 11551.602: [GC [PSYoungGen: 1375187K->16048K(1379392K)] 1563931K->205353K(4175616K), 0.0302320 secs] [Times: user=0.04 sys=0.00, real=0.03 secs] 
2016-02-15T21:36:33.318+0800: 11590.033: [GC [PSYoungGen: 1376560K->14976K(1379200K)] 1565865K->204429K(4175424K), 0.0292640 secs] [Times: user=0.04 sys=0.00, real=0.03 secs] 
2016-02-15T21:37:04.176+0800: 11620.890: [GC [PSYoungGen: 1375488K->14288K(1379328K)] 1564941K->204109K(4175552K), 0.0281780 secs] [Times: user=0.03 sys=0.00, real=0.03 secs] 
2016-02-15T21:37:41.338+0800: 11658.052: [GC [PSYoungGen: 1374992K->16240K(1379392K)] 1564813K->206193K(4175616K), 0.0326850 secs] [Times: user=0.04 sys=0.00, real=0.03 secs] 
2016-02-15T21:38:22.158+0800: 11698.872: [GC [PSYoungGen: 1376944K->16528K(1379584K)] 1566897K->206733K(4175808K), 0.0307200 secs] [Times: user=0.05 sys=0.00, real=0.03 secs] 
2016-02-15T21:39:01.786+0800: 11738.501: [GC [PSYoungGen: 1377552K->15904K(1379520K)] 1567757K->206345K(4175744K), 0.0340190 secs] [Times: user=0.04 sys=0.00, real=0.04 secs] 
2016-02-15T21:39:40.591+0800: 11777.305: [GC [PSYoungGen: 1376928K->14496K(1379712K)] 1567369K->205382K(4175936K), 0.0290320 secs] [Times: user=0.04 sys=0.01, real=0.03 secs] 
2016-02-15T21:40:19.563+0800: 11816.278: [GC [PSYoungGen: 1375968K->15248K(1379776K)] 1566854K->206366K(4176000K), 0.0278910 secs] [Times: user=0.04 sys=0.00, real=0.03 secs] 
2016-02-15T21:40:55.769+0800: 11852.483: [GC [PSYoungGen: 1376720K->16144K(1380032K)] 1567838K->207446K(4176256K), 0.0310720 secs] [Times: user=0.04 sys=0.00, real=0.03 secs] 
2016-02-15T21:41:32.775+0800: 11889.489: [GC [PSYoungGen: 1378000K->14689K(1379904K)] 1569302K->206337K(4176128K), 0.0273680 secs] [Times: user=0.04 sys=0.00, real=0.03 secs] 
2016-02-15T21:42:09.891+0800: 11926.605: [GC [PSYoungGen: 1376545K->14928K(1380160K)] 1568193K->206945K(4176384K), 0.0296220 secs] [Times: user=0.04 sys=0.00, real=0.03 secs] 
2016-02-15T21:42:47.615+0800: 11964.329: [GC [PSYoungGen: 1377040K->16768K(1378944K)] 1569057K->208938K(4175168K), 0.0314410 secs] [Times: user=0.04 sys=0.00, real=0.03 secs] 
2016-02-15T21:43:26.844+0800: 12003.558: [GC [PSYoungGen: 1378880K->16576K(1379840K)] 1571050K->209050K(4176064K), 0.0312660 secs] [Times: user=0.04 sys=0.00, real=0.02 secs] 
2016-02-15T21:44:02.620+0800: 12039.334: [GC [PSYoungGen: 1378304K->15984K(1379904K)] 1570778K->208831K(4176128K), 0.0287050 secs] [Times: user=0.04 sys=0.01, real=0.03 secs] 
2016-02-15T21:44:35.026+0800: 12071.741: [GC [PSYoungGen: 1377712K->14768K(1380096K)] 1570559K->207868K(4176320K), 0.0307090 secs] [Times: user=0.05 sys=0.00, real=0.03 secs] 
2016-02-15T21:45:10.300+0800: 12107.014: [GC [PSYoungGen: 1376816K->16896K(1379008K)] 1569916K->210256K(4175232K), 0.0304660 secs] [Times: user=0.04 sys=0.00, real=0.03 secs] 
2016-02-15T21:45:45.607+0800: 12142.321: [GC [PSYoungGen: 1378944K->15166K(1379968K)] 1572304K->208806K(4176192K), 0.0267110 secs] [Times: user=0.04 sys=0.00, real=0.03 secs] 
2016-02-15T21:46:20.176+0800: 12176.891: [GC [PSYoungGen: 1376958K->15520K(1379904K)] 1570598K->209852K(4176128K), 0.0318280 secs] [Times: user=0.04 sys=0.00, real=0.03 secs] 
2016-02-15T21:47:00.396+0800: 12217.110: [GC [PSYoungGen: 1377312K->16128K(1380224K)] 1571644K->210693K(4176448K), 0.0306900 secs] [Times: user=0.04 sys=0.00, real=0.03 secs] 
2016-02-15T21:47:41.124+0800: 12257.838: [GC [PSYoungGen: 1378432K->15440K(1380160K)] 1572997K->210234K(4176384K), 0.0281730 secs] [Times: user=0.04 sys=0.00, real=0.03 secs] 
2016-02-15T21:48:17.706+0800: 12294.420: [GC [PSYoungGen: 1377744K->12768K(1379776K)] 1572538K->207954K(4176000K), 0.0241420 secs] [Times: user=0.04 sys=0.00, real=0.03 secs] 
2016-02-15T21:48:52.797+0800: 12329.511: [GC [PSYoungGen: 1374880K->15248K(1380096K)] 1570066K->210550K(4176320K), 0.0295740 secs] [Times: user=0.04 sys=0.00, real=0.03 secs] 
2016-02-15T21:49:28.850+0800: 12365.565: [GC [PSYoungGen: 1377360K->17789K(1378368K)] 1572662K->214041K(4174592K), 0.0303220 secs] [Times: user=0.04 sys=0.00, real=0.03 secs] 
2016-02-15T21:50:03.348+0800: 12400.063: [GC [PSYoungGen: 1378365K->14096K(1379328K)] 1574617K->210877K(4175552K), 0.0277030 secs] [Times: user=0.04 sys=0.00, real=0.02 secs] 
2016-02-15T21:50:40.527+0800: 12437.241: [GC [PSYoungGen: 1374672K->14512K(1379456K)] 1571453K->211510K(4175680K), 0.0273370 secs] [Times: user=0.03 sys=0.00, real=0.03 secs] 
2016-02-15T21:51:17.323+0800: 12474.037: [GC [PSYoungGen: 1375216K->14576K(1379328K)] 1572214K->211838K(4175552K), 0.0273060 secs] [Times: user=0.04 sys=0.00, real=0.03 secs] 
2016-02-15T21:51:53.285+0800: 12509.999: [GC [PSYoungGen: 1375280K->14320K(1379712K)] 1572542K->211953K(4175936K), 0.0275060 secs] [Times: user=0.04 sys=0.00, real=0.03 secs] 
2016-02-15T21:52:30.936+0800: 12547.650: [GC [PSYoungGen: 1375536K->15040K(1379584K)] 1573169K->212822K(4175808K), 0.0285830 secs] [Times: user=0.04 sys=0.00, real=0.03 secs] 
2016-02-15T21:53:07.806+0800: 12584.521: [GC [PSYoungGen: 1376256K->15034K(1380224K)] 1574038K->213373K(4176448K), 0.0287640 secs] [Times: user=0.04 sys=0.00, real=0.03 secs] 
2016-02-15T21:53:43.492+0800: 12620.207: [GC [PSYoungGen: 1377146K->13344K(1379968K)] 1575485K->212438K(4176192K), 0.0294230 secs] [Times: user=0.04 sys=0.00, real=0.03 secs] 
2016-02-15T21:54:21.311+0800: 12658.026: [GC [PSYoungGen: 1375456K->15184K(1380416K)] 1574550K->214429K(4176640K), 0.0284720 secs] [Times: user=0.04 sys=0.00, real=0.03 secs] 
2016-02-15T21:54:57.483+0800: 12694.198: [GC [PSYoungGen: 1377680K->15456K(1380160K)] 1576925K->214846K(4176384K), 0.0295010 secs] [Times: user=0.04 sys=0.00, real=0.03 secs] 
2016-02-15T21:55:32.577+0800: 12729.291: [GC [PSYoungGen: 1377952K->15232K(1380736K)] 1577342K->215011K(4176960K), 0.0281620 secs] [Times: user=0.04 sys=0.00, real=0.03 secs] 
2016-02-15T21:56:08.262+0800: 12764.976: [GC [PSYoungGen: 1378368K->16480K(1379648K)] 1578147K->216495K(4175872K), 0.0304360 secs] [Times: user=0.04 sys=0.00, real=0.03 secs] 
2016-02-15T21:56:46.329+0800: 12803.044: [GC [PSYoungGen: 1379616K->14521K(1380544K)] 1579631K->214721K(4176768K), 0.0262050 secs] [Times: user=0.04 sys=0.00, real=0.02 secs] 
2016-02-15T21:57:24.857+0800: 12841.572: [GC [PSYoungGen: 1377401K->16384K(1379328K)] 1577601K->216944K(4175552K), 0.0304000 secs] [Times: user=0.04 sys=0.00, real=0.03 secs] 
2016-02-15T21:58:03.686+0800: 12880.400: [GC [PSYoungGen: 1379264K->15328K(1380544K)] 1579824K->216465K(4176768K), 0.0312760 secs] [Times: user=0.04 sys=0.00, real=0.03 secs] 
2016-02-15T21:58:37.512+0800: 12914.226: [GC [PSYoungGen: 1378144K->14320K(1380352K)] 1579281K->215594K(4176576K), 0.0267150 secs] [Times: user=0.03 sys=0.00, real=0.03 secs] 
2016-02-15T21:59:13.510+0800: 12950.224: [GC [PSYoungGen: 1377136K->16291K(1380224K)] 1578410K->218018K(4176448K), 0.0297600 secs] [Times: user=0.04 sys=0.00, real=0.03 secs] 
2016-02-15T21:59:48.788+0800: 12985.502: [GC [PSYoungGen: 1379043K->15776K(1380416K)] 1580770K->218024K(4176640K), 0.0285840 secs] [Times: user=0.04 sys=0.00, real=0.03 secs] 
2016-02-15T22:00:28.066+0800: 13024.781: [GC [PSYoungGen: 1378528K->15680K(1380608K)] 1580776K->218296K(4176832K), 0.0300550 secs] [Times: user=0.04 sys=0.01, real=0.03 secs] 
2016-02-15T22:01:06.376+0800: 13063.090: [GC [PSYoungGen: 1378688K->16593K(1379648K)] 1581304K->219405K(4175872K), 0.0361460 secs] [Times: user=0.04 sys=0.00, real=0.04 secs] 
2016-02-15T22:01:47.247+0800: 13103.961: [GC [PSYoungGen: 1379601K->16816K(1379840K)] 1582413K->219965K(4176064K), 0.0308730 secs] [Times: user=0.05 sys=0.00, real=0.03 secs] 
2016-02-15T22:02:24.277+0800: 13140.991: [GC [PSYoungGen: 1378928K->13984K(1376128K)] 1582077K->217285K(4172352K), 0.0277300 secs] [Times: user=0.04 sys=0.00, real=0.03 secs] 
2016-02-15T22:03:01.948+0800: 13178.662: [GC [PSYoungGen: 1376096K->14797K(1380160K)] 1579397K->218243K(4176384K), 0.0292600 secs] [Times: user=0.04 sys=0.00, real=0.03 secs] 
2016-02-15T22:03:37.522+0800: 13214.237: [GC [PSYoungGen: 1376909K->14160K(1380032K)] 1580355K->218463K(4176256K), 0.0281510 secs] [Times: user=0.04 sys=0.00, real=0.03 secs] 
2016-02-15T22:04:17.043+0800: 13253.757: [GC [PSYoungGen: 1376272K->16640K(1379712K)] 1580575K->221296K(4175936K), 0.0303420 secs] [Times: user=0.04 sys=0.00, real=0.03 secs] 
2016-02-15T22:04:53.499+0800: 13290.214: [GC [PSYoungGen: 1378496K->14519K(1379968K)] 1583152K->219540K(4176192K), 0.0259630 secs] [Times: user=0.04 sys=0.00, real=0.03 secs] 
2016-02-15T22:05:29.926+0800: 13326.640: [GC [PSYoungGen: 1376375K->13792K(1380096K)] 1581396K->219037K(4176320K), 0.0269810 secs] [Times: user=0.04 sys=0.00, real=0.03 secs] 
2016-02-15T22:06:06.042+0800: 13362.756: [GC [PSYoungGen: 1375904K->16208K(1378368K)] 1581149K->221724K(4174592K), 0.0284480 secs] [Times: user=0.04 sys=0.00, real=0.03 secs] 
2016-02-15T22:06:48.569+0800: 13405.283: [GC [PSYoungGen: 1378320K->15280K(1380224K)] 1583836K->221201K(4176448K), 0.0291770 secs] [Times: user=0.04 sys=0.00, real=0.03 secs] 
2016-02-15T22:07:27.997+0800: 13444.711: [GC [PSYoungGen: 1377392K->16192K(1379968K)] 1583313K->222354K(4176192K), 0.0315310 secs] [Times: user=0.04 sys=0.00, real=0.03 secs] 
2016-02-15T22:08:08.372+0800: 13485.087: [GC [PSYoungGen: 1378304K->15440K(1380416K)] 1584466K->221815K(4176640K), 0.0286990 secs] [Times: user=0.04 sys=0.00, real=0.02 secs] 
2016-02-15T22:08:49.244+0800: 13525.958: [GC [PSYoungGen: 1377936K->17632K(1380160K)] 1584311K->224695K(4176384K), 0.0345940 secs] [Times: user=0.04 sys=0.00, real=0.03 secs] 
2016-02-15T22:09:33.331+0800: 13570.045: [GC [PSYoungGen: 1380128K->17425K(1378240K)] 1587191K->224916K(4174464K), 0.0307810 secs] [Times: user=0.05 sys=0.00, real=0.03 secs] 
2016-02-15T22:10:14.622+0800: 13611.336: [GC [PSYoungGen: 1377745K->16320K(1379200K)] 1585236K->224128K(4175424K), 0.0307330 secs] [Times: user=0.04 sys=0.00, real=0.03 secs] 
2016-02-15T22:10:55.308+0800: 13652.023: [GC [PSYoungGen: 1376640K->17696K(1378560K)] 1584448K->225916K(4174784K), 0.0322470 secs] [Times: user=0.05 sys=0.00, real=0.04 secs] 
2016-02-15T22:11:36.968+0800: 13693.683: [GC [PSYoungGen: 1377504K->17136K(1376960K)] 1585724K->225600K(4173184K), 0.0302130 secs] [Times: user=0.03 sys=0.00, real=0.02 secs] 
2016-02-15T22:12:17.286+0800: 13734.001: [GC [PSYoungGen: 1376944K->16336K(1379072K)] 1585408K->224941K(4175296K), 0.0302800 secs] [Times: user=0.04 sys=0.00, real=0.04 secs] 
2016-02-15T22:12:59.559+0800: 13776.273: [GC [PSYoungGen: 1376144K->17121K(1378816K)] 1584749K->226106K(4175040K), 0.0309310 secs] [Times: user=0.04 sys=0.00, real=0.03 secs] 
2016-02-15T22:13:37.107+0800: 13813.821: [GC [PSYoungGen: 1376929K->18557K(1377856K)] 1585914K->227863K(4174080K), 0.0296370 secs] [Times: user=0.04 sys=0.00, real=0.03 secs] 
2016-02-15T22:14:19.300+0800: 13856.014: [GC [PSYoungGen: 1377341K->15751K(1378432K)] 1586647K->225185K(4174656K), 0.0363200 secs] [Times: user=0.03 sys=0.01, real=0.03 secs] 
2016-02-15T22:15:01.596+0800: 13898.310: [GC [PSYoungGen: 1374535K->17440K(1378496K)] 1583969K->227269K(4174720K), 0.0332860 secs] [Times: user=0.05 sys=0.00, real=0.04 secs] 
2016-02-15T22:15:36.385+0800: 13933.099: [GC [PSYoungGen: 1376480K->14048K(1373120K)] 1586309K->224277K(4169344K), 0.0246720 secs] [Times: user=0.04 sys=0.00, real=0.02 secs] 
2016-02-15T22:16:16.813+0800: 13973.527: [GC [PSYoungGen: 1373088K->15152K(1378560K)] 1583317K->225662K(4174784K), 0.0279060 secs] [Times: user=0.04 sys=0.00, real=0.03 secs] 
2016-02-15T22:16:53.972+0800: 14010.687: [GC [PSYoungGen: 1374064K->16112K(1378432K)] 1584574K->226823K(4174656K), 0.0292630 secs] [Times: user=0.04 sys=0.00, real=0.03 secs] 
2016-02-15T22:17:30.863+0800: 14047.578: [GC [PSYoungGen: 1375024K->16432K(1379072K)] 1585735K->227393K(4175296K), 0.0305070 secs] [Times: user=0.04 sys=0.00, real=0.03 secs] 
2016-02-15T22:18:11.040+0800: 14087.754: [GC [PSYoungGen: 1376304K->16736K(1378880K)] 1587265K->228081K(4175104K), 0.0314170 secs] [Times: user=0.04 sys=0.00, real=0.03 secs] 
2016-02-15T22:18:52.521+0800: 14129.235: [GC [PSYoungGen: 1376608K->15696K(1379328K)] 1587953K->227222K(4175552K), 0.0335730 secs] [Times: user=0.05 sys=0.00, real=0.03 secs] 
2016-02-15T22:19:34.342+0800: 14171.056: [GC [PSYoungGen: 1376080K->16219K(1379136K)] 1587606K->228034K(4175360K), 0.0329860 secs] [Times: user=0.04 sys=0.00, real=0.03 secs] 
2016-02-15T22:20:18.353+0800: 14215.067: [GC [PSYoungGen: 1376603K->18480K(1378048K)] 1588418K->230599K(4174272K), 0.0331310 secs] [Times: user=0.04 sys=0.00, real=0.03 secs] 
2016-02-15T22:21:02.655+0800: 14259.369: [GC [PSYoungGen: 1378032K->15568K(1378816K)] 1590151K->227814K(4175040K), 0.0289700 secs] [Times: user=0.04 sys=0.00, real=0.02 secs] 
2016-02-15T22:21:42.526+0800: 14299.241: [GC [PSYoungGen: 1375120K->16048K(1379200K)] 1587366K->228539K(4175424K), 0.0299070 secs] [Times: user=0.03 sys=0.00, real=0.03 secs] 
2016-02-15T22:22:23.041+0800: 14339.755: [GC [PSYoungGen: 1376112K->15216K(1378944K)] 1588603K->227884K(4175168K), 0.0321820 secs] [Times: user=0.04 sys=0.00, real=0.03 secs] 
2016-02-15T22:22:58.107+0800: 14374.822: [GC [PSYoungGen: 1375280K->14347K(1379136K)] 1587948K->227459K(4175360K), 0.0270380 secs] [Times: user=0.04 sys=0.00, real=0.03 secs] 
2016-02-15T22:23:38.896+0800: 14415.610: [GC [PSYoungGen: 1374667K->15488K(1379200K)] 1587779K->228832K(4175424K), 0.0293290 secs] [Times: user=0.04 sys=0.00, real=0.03 secs] 
2016-02-15T22:24:19.442+0800: 14456.156: [GC [PSYoungGen: 1375808K->16416K(1379456K)] 1589152K->230158K(4175680K), 0.0318150 secs] [Times: user=0.04 sys=0.00, real=0.03 secs] 
2016-02-15T22:25:00.638+0800: 14497.352: [GC [PSYoungGen: 1377184K->14768K(1379392K)] 1590926K->228822K(4175616K), 0.0270250 secs] [Times: user=0.03 sys=0.00, real=0.03 secs] 
2016-02-15T22:25:36.841+0800: 14533.555: [GC [PSYoungGen: 1375536K->14240K(1379520K)] 1589590K->228807K(4175744K), 0.0280670 secs] [Times: user=0.04 sys=0.00, real=0.03 secs] 
2016-02-15T22:26:16.941+0800: 14573.656: [GC [PSYoungGen: 1375200K->17264K(1378240K)] 1589767K->231955K(4174464K), 0.0319170 secs] [Times: user=0.04 sys=0.00, real=0.03 secs] 
2016-02-15T22:26:55.646+0800: 14612.361: [GC [PSYoungGen: 1378224K->15856K(1379520K)] 1592915K->230811K(4175744K), 0.0296900 secs] [Times: user=0.04 sys=0.00, real=0.03 secs] 
2016-02-15T22:27:40.617+0800: 14657.331: [GC [PSYoungGen: 1376496K->16160K(1379200K)] 1591451K->231387K(4175424K), 0.0326850 secs] [Times: user=0.04 sys=0.00, real=0.04 secs] 
2016-02-15T22:28:23.619+0800: 14700.333: [GC [PSYoungGen: 1376800K->15648K(1379904K)] 1592027K->231035K(4176128K), 0.0311590 secs] [Times: user=0.04 sys=0.00, real=0.03 secs] 
2016-02-15T22:29:01.534+0800: 14738.249: [GC [PSYoungGen: 1377120K->15761K(1379648K)] 1592507K->231421K(4175872K), 0.0324600 secs] [Times: user=0.04 sys=0.00, real=0.03 secs] 
2016-02-15T22:29:40.488+0800: 14777.202: [GC [PSYoungGen: 1377233K->15425K(1380224K)] 1592893K->231550K(4176448K), 0.0288500 secs] [Times: user=0.04 sys=0.00, real=0.03 secs] 
2016-02-15T22:30:18.145+0800: 14814.860: [GC [PSYoungGen: 1377665K->14880K(1380096K)] 1593790K->231316K(4176320K), 0.0258080 secs] [Times: user=0.03 sys=0.00, real=0.03 secs] 
2016-02-15T22:31:01.957+0800: 14858.671: [GC [PSYoungGen: 1377120K->15232K(1380352K)] 1593556K->231913K(4176576K), 0.0301840 secs] [Times: user=0.05 sys=0.00, real=0.02 secs] 
2016-02-15T22:31:44.723+0800: 14901.438: [GC [PSYoungGen: 1377728K->17184K(1379712K)] 1594409K->234042K(4175936K), 0.0327060 secs] [Times: user=0.04 sys=0.00, real=0.04 secs] 
2016-02-15T22:32:27.506+0800: 14944.220: [GC [PSYoungGen: 1379680K->15968K(1380160K)] 1596538K->233262K(4176384K), 0.0337850 secs] [Times: user=0.04 sys=0.00, real=0.04 secs] 
2016-02-15T22:33:09.048+0800: 14985.762: [GC [PSYoungGen: 1378080K->14112K(1380032K)] 1595374K->231714K(4176256K), 0.0261080 secs] [Times: user=0.04 sys=0.00, real=0.02 secs] 
2016-02-15T22:33:56.329+0800: 15033.044: [GC [PSYoungGen: 1376224K->17472K(1379200K)] 1593826K->235154K(4175424K), 0.0337770 secs] [Times: user=0.04 sys=0.00, real=0.03 secs] 
2016-02-15T22:34:36.211+0800: 15072.926: [GC [PSYoungGen: 1378688K->15200K(1379648K)] 1596370K->233187K(4175872K), 0.0279770 secs] [Times: user=0.04 sys=0.00, real=0.03 secs] 
2016-02-15T22:35:12.636+0800: 15109.351: [GC [PSYoungGen: 1376416K->14352K(1379776K)] 1594403K->232627K(4176000K), 0.0277990 secs] [Times: user=0.03 sys=0.01, real=0.03 secs] 
2016-02-15T22:35:55.796+0800: 15152.510: [GC [PSYoungGen: 1375824K->15200K(1379776K)] 1594099K->233615K(4176000K), 0.0304320 secs] [Times: user=0.04 sys=0.00, real=0.02 secs] 
2016-02-15T22:36:34.764+0800: 15191.478: [GC [PSYoungGen: 1376672K->17440K(1379072K)] 1595087K->235968K(4175296K), 0.0329670 secs] [Times: user=0.04 sys=0.00, real=0.04 secs] 
2016-02-15T22:37:16.485+0800: 15233.199: [GC [PSYoungGen: 1378400K->16144K(1379520K)] 1596928K->234976K(4175744K), 0.0293360 secs] [Times: user=0.04 sys=0.00, real=0.03 secs] 
2016-02-15T22:37:56.730+0800: 15273.444: [GC [PSYoungGen: 1377104K->15143K(1379840K)] 1595936K->234343K(4176064K), 0.0264670 secs] [Times: user=0.03 sys=0.00, real=0.03 secs] 
2016-02-15T22:38:42.316+0800: 15319.030: [GC [PSYoungGen: 1376615K->15104K(1379712K)] 1595815K->234577K(4175936K), 0.0289090 secs] [Times: user=0.05 sys=0.00, real=0.02 secs] 
2016-02-15T22:39:25.181+0800: 15361.895: [GC [PSYoungGen: 1376576K->15296K(1380160K)] 1596049K->235162K(4176384K), 0.0293260 secs] [Times: user=0.04 sys=0.01, real=0.03 secs] 
2016-02-15T22:40:05.413+0800: 15402.128: [GC [PSYoungGen: 1377344K->14928K(1379968K)] 1597210K->235210K(4176192K), 0.0276770 secs] [Times: user=0.04 sys=0.00, real=0.02 secs] 
2016-02-15T22:40:43.955+0800: 15440.669: [GC [PSYoungGen: 1376976K->14976K(1380352K)] 1597258K->235426K(4176576K), 0.0271410 secs] [Times: user=0.04 sys=0.00, real=0.03 secs] 
2016-02-15T22:41:25.141+0800: 15481.856: [GC [PSYoungGen: 1377472K->16480K(1380224K)] 1597922K->237142K(4176448K), 0.0312710 secs] [Times: user=0.04 sys=0.00, real=0.03 secs] 
2016-02-15T22:42:05.627+0800: 15522.341: [GC [PSYoungGen: 1378976K->15008K(1380352K)] 1599638K->235915K(4176576K), 0.0287660 secs] [Times: user=0.04 sys=0.00, real=0.03 secs] 
2016-02-15T22:42:47.512+0800: 15564.227: [GC [PSYoungGen: 1377504K->17702K(1380224K)] 1598411K->242310K(4176448K), 0.0359520 secs] [Times: user=0.06 sys=0.00, real=0.03 secs] 
2016-02-15T22:43:29.640+0800: 15606.354: [GC [PSYoungGen: 1380198K->15692K(1377152K)] 1604806K->240557K(4173376K), 0.0289950 secs] [Times: user=0.04 sys=0.00, real=0.04 secs] 
2016-02-15T22:44:09.439+0800: 15646.153: [GC [PSYoungGen: 1374988K->15584K(1378688K)] 1599853K->240745K(4174912K), 0.0281830 secs] [Times: user=0.03 sys=0.01, real=0.02 secs] 
2016-02-15T22:44:54.300+0800: 15691.015: [GC [PSYoungGen: 1374880K->16704K(1378944K)] 1600041K->242037K(4175168K), 0.0311870 secs] [Times: user=0.04 sys=0.00, real=0.03 secs] 
2016-02-15T22:45:35.957+0800: 15732.672: [GC [PSYoungGen: 1376448K->14864K(1378880K)] 1601781K->240497K(4175104K), 0.0272370 secs] [Times: user=0.04 sys=0.00, real=0.03 secs] 
2016-02-15T22:46:17.841+0800: 15774.555: [GC [PSYoungGen: 1374608K->14368K(1379072K)] 1600241K->240193K(4175296K), 0.0264630 secs] [Times: user=0.04 sys=0.00, real=0.02 secs] 
2016-02-15T22:47:05.739+0800: 15822.453: [GC [PSYoungGen: 1374432K->17440K(1377536K)] 1600257K->243386K(4173760K), 0.0323140 secs] [Times: user=0.04 sys=0.00, real=0.03 secs] 
2016-02-15T22:47:47.010+0800: 15863.724: [GC [PSYoungGen: 1377504K->14112K(1378816K)] 1603450K->240342K(4175040K), 0.0260860 secs] [Times: user=0.03 sys=0.00, real=0.03 secs] 
2016-02-15T22:48:32.712+0800: 15909.427: [GC [PSYoungGen: 1373664K->15744K(1378816K)] 1599894K->242402K(4175040K), 0.0319040 secs] [Times: user=0.04 sys=0.00, real=0.03 secs] 
2016-02-15T22:49:15.874+0800: 15952.589: [GC [PSYoungGen: 1375296K->16288K(1379264K)] 1601954K->243139K(4175488K), 0.0308120 secs] [Times: user=0.04 sys=0.00, real=0.03 secs] 
2016-02-15T22:49:56.076+0800: 15992.791: [GC [PSYoungGen: 1376608K->15056K(1379136K)] 1603459K->242191K(4175360K), 0.0308530 secs] [Times: user=0.04 sys=0.00, real=0.03 secs] 
2016-02-15T22:50:39.592+0800: 16036.307: [GC [PSYoungGen: 1375376K->15856K(1379712K)] 1602511K->243243K(4175936K), 0.0292650 secs] [Times: user=0.04 sys=0.00, real=0.02 secs] 
2016-02-15T22:51:20.780+0800: 16077.495: [GC [PSYoungGen: 1376944K->14352K(1379456K)] 1604331K->242147K(4175680K), 0.0275170 secs] [Times: user=0.04 sys=0.01, real=0.02 secs] 
2016-02-15T22:52:06.458+0800: 16123.173: [GC [PSYoungGen: 1375440K->15792K(1379904K)] 1603235K->243711K(4176128K), 0.0341560 secs] [Times: user=0.04 sys=0.00, real=0.03 secs] 
2016-02-15T22:52:49.832+0800: 16166.546: [GC [PSYoungGen: 1377328K->15328K(1379712K)] 1605247K->243384K(4175936K), 0.0296520 secs] [Times: user=0.04 sys=0.01, real=0.03 secs] 
2016-02-15T22:53:34.450+0800: 16211.165: [GC [PSYoungGen: 1376864K->15392K(1380288K)] 1604920K->243817K(4176512K), 0.0310550 secs] [Times: user=0.04 sys=0.00, real=0.04 secs] 
2016-02-15T22:54:16.998+0800: 16253.712: [GC [PSYoungGen: 1377696K->15072K(1380096K)] 1606121K->243742K(4176320K), 0.0276780 secs] [Times: user=0.04 sys=0.00, real=0.03 secs] 
2016-02-15T22:54:59.539+0800: 16296.253: [GC [PSYoungGen: 1377376K->14960K(1380544K)] 1606046K->243825K(4176768K), 0.0268830 secs] [Times: user=0.04 sys=0.00, real=0.02 secs] 
2016-02-15T22:55:44.149+0800: 16340.864: [GC [PSYoungGen: 1377840K->15238K(1380416K)] 1606705K->244260K(4176640K), 0.0302380 secs] [Times: user=0.04 sys=0.00, real=0.03 secs] 
2016-02-15T22:56:29.087+0800: 16385.801: [GC [PSYoungGen: 1378118K->16352K(1380416K)] 1607140K->245734K(4176640K), 0.0295740 secs] [Times: user=0.04 sys=0.00, real=0.03 secs] 
2016-02-15T22:57:12.038+0800: 16428.753: [GC [PSYoungGen: 1379360K->14528K(1380544K)] 1608742K->244231K(4176768K), 0.0280290 secs] [Times: user=0.03 sys=0.00, real=0.03 secs] 
2016-02-15T22:57:58.294+0800: 16475.009: [GC [PSYoungGen: 1377536K->16128K(1380480K)] 1607239K->246083K(4176704K), 0.0304000 secs] [Times: user=0.04 sys=0.00, real=0.04 secs] 
2016-02-15T22:58:48.358+0800: 16525.073: [GC [PSYoungGen: 1379136K->16528K(1379584K)] 1609091K->246727K(4175808K), 0.0299240 secs] [Times: user=0.04 sys=0.00, real=0.03 secs] 
2016-02-15T22:59:34.380+0800: 16571.095: [GC [PSYoungGen: 1379536K->15856K(1380480K)] 1609735K->246259K(4176704K), 0.0288980 secs] [Times: user=0.04 sys=0.00, real=0.03 secs] 
2016-02-15T23:00:15.210+0800: 16611.925: [GC [PSYoungGen: 1378608K->14304K(1380352K)] 1609011K->245028K(4176576K), 0.0270990 secs] [Times: user=0.04 sys=0.00, real=0.03 secs] 
2016-02-15T23:01:02.671+0800: 16659.385: [GC [PSYoungGen: 1377056K->17287K(1379520K)] 1607780K->248252K(4175744K), 0.0337250 secs] [Times: user=0.04 sys=0.00, real=0.04 secs] 
2016-02-15T23:01:47.437+0800: 16704.152: [GC [PSYoungGen: 1379143K->15409K(1379968K)] 1610108K->246537K(4176192K), 0.0291730 secs] [Times: user=0.04 sys=0.00, real=0.03 secs] 
2016-02-15T23:02:33.256+0800: 16749.971: [GC [PSYoungGen: 1377265K->17904K(1378112K)] 1608393K->250134K(4174336K), 0.0328180 secs] [Times: user=0.04 sys=0.00, real=0.04 secs] 
2016-02-15T23:03:17.566+0800: 16794.281: [GC [PSYoungGen: 1378096K->15872K(1379136K)] 1610326K->248439K(4175360K), 0.0299970 secs] [Times: user=0.04 sys=0.00, real=0.03 secs] 
2016-02-15T23:04:03.177+0800: 16839.891: [GC [PSYoungGen: 1376064K->17344K(1378944K)] 1608631K->250280K(4175168K), 0.0313200 secs] [Times: user=0.04 sys=0.00, real=0.03 secs] 
2016-02-15T23:04:48.383+0800: 16885.098: [GC [PSYoungGen: 1377664K->15895K(1379200K)] 1610600K->249140K(4175424K), 0.0302110 secs] [Times: user=0.04 sys=0.00, real=0.03 secs] 
2016-02-15T23:05:36.085+0800: 16932.799: [GC [PSYoungGen: 1376215K->16512K(1379520K)] 1609460K->250117K(4175744K), 0.0314450 secs] [Times: user=0.05 sys=0.00, real=0.04 secs] 
2016-02-15T23:06:18.080+0800: 16974.794: [GC [PSYoungGen: 1377408K->15744K(1379456K)] 1611013K->249653K(4175680K), 0.0287590 secs] [Times: user=0.03 sys=0.00, real=0.03 secs] 
2016-02-15T23:07:04.812+0800: 17021.527: [GC [PSYoungGen: 1376640K->16929K(1379456K)] 1610549K->251071K(4175680K), 0.0325910 secs] [Times: user=0.04 sys=0.01, real=0.03 secs] 
2016-02-15T23:07:50.725+0800: 17067.439: [GC [PSYoungGen: 1378017K->13392K(1374528K)] 1612159K->247796K(4170752K), 0.0243310 secs] [Times: user=0.03 sys=0.00, real=0.03 secs] 
2016-02-15T23:08:37.316+0800: 17114.030: [GC [PSYoungGen: 1374480K->13728K(1379136K)] 1608884K->248941K(4175360K), 0.0271430 secs] [Times: user=0.03 sys=0.00, real=0.02 secs] 
2016-02-15T23:09:23.478+0800: 17160.192: [GC [PSYoungGen: 1374176K->14877K(1379264K)] 1609389K->250254K(4175488K), 0.0298250 secs] [Times: user=0.04 sys=0.00, real=0.03 secs] 
2016-02-15T23:10:11.665+0800: 17208.379: [GC [PSYoungGen: 1375325K->15953K(1379648K)] 1610702K->251608K(4175872K), 0.0338470 secs] [Times: user=0.04 sys=0.01, real=0.03 secs] 
2016-02-15T23:11:03.231+0800: 17259.945: [GC [PSYoungGen: 1376977K->15936K(1379456K)] 1612632K->251939K(4175680K), 0.0329480 secs] [Times: user=0.04 sys=0.01, real=0.03 secs] 
2016-02-15T23:11:49.169+0800: 17305.883: [GC [PSYoungGen: 1376960K->15008K(1379904K)] 1612963K->251224K(4176128K), 0.0270820 secs] [Times: user=0.04 sys=0.00, real=0.03 secs] 
2016-02-15T23:12:41.590+0800: 17358.305: [GC [PSYoungGen: 1376608K->15440K(1379776K)] 1612824K->251924K(4176000K), 0.0294820 secs] [Times: user=0.04 sys=0.00, real=0.04 secs] 
2016-02-15T23:13:28.348+0800: 17405.062: [GC [PSYoungGen: 1377040K->14000K(1380032K)] 1613524K->250657K(4176256K), 0.0256830 secs] [Times: user=0.04 sys=0.00, real=0.03 secs] 
2016-02-15T23:14:17.953+0800: 17454.667: [GC [PSYoungGen: 1376112K->15104K(1380096K)] 1612769K->252237K(4176320K), 0.0300150 secs] [Times: user=0.04 sys=0.00, real=0.03 secs] 
2016-02-15T23:15:07.284+0800: 17503.999: [GC [PSYoungGen: 1377216K->14816K(1380480K)] 1614349K->252141K(4176704K), 0.0274790 secs] [Times: user=0.04 sys=0.00, real=0.03 secs] 
2016-02-15T23:15:44.973+0800: 17541.688: [GC [PSYoungGen: 1377504K->15392K(1380288K)] 1614829K->253102K(4176512K), 0.0242260 secs] [Times: user=0.04 sys=0.00, real=0.02 secs] 
2016-02-15T23:16:28.696+0800: 17585.410: [GC [PSYoungGen: 1378080K->12160K(1379904K)] 1615790K->250150K(4176128K), 0.0243870 secs] [Times: user=0.04 sys=0.00, real=0.02 secs] 
2016-02-15T23:17:14.292+0800: 17631.007: [GC [PSYoungGen: 1374656K->15040K(1380288K)] 1612646K->253319K(4176512K), 0.0292050 secs] [Times: user=0.04 sys=0.00, real=0.02 secs] 
2016-02-15T23:18:03.798+0800: 17680.513: [GC [PSYoungGen: 1377536K->13984K(1380672K)] 1615815K->252563K(4176896K), 0.0259790 secs] [Times: user=0.04 sys=0.00, real=0.03 secs] 
2016-02-15T23:19:00.395+0800: 17737.109: [GC [PSYoungGen: 1377184K->16944K(1380160K)] 1615763K->255783K(4176384K), 0.0324280 secs] [Times: user=0.05 sys=0.00, real=0.03 secs] 
2016-02-15T23:19:52.661+0800: 17789.375: [GC [PSYoungGen: 1380144K->14849K(1380352K)] 1618983K->253957K(4176576K), 0.0279270 secs] [Times: user=0.04 sys=0.00, real=0.03 secs] 
2016-02-15T23:20:41.742+0800: 17838.456: [GC [PSYoungGen: 1377281K->13392K(1380160K)] 1616389K->253038K(4176384K), 0.0249360 secs] [Times: user=0.03 sys=0.00, real=0.02 secs] 
2016-02-15T23:21:34.151+0800: 17890.866: [GC [PSYoungGen: 1375824K->16272K(1379840K)] 1615470K->256043K(4176064K), 0.0284670 secs] [Times: user=0.04 sys=0.00, real=0.03 secs] 
2016-02-15T23:22:30.896+0800: 17947.611: [GC [PSYoungGen: 1378384K->15232K(1380096K)] 1618155K->255451K(4176320K), 0.0276600 secs] [Times: user=0.04 sys=0.00, real=0.03 secs] 
2016-02-15T23:23:26.076+0800: 18002.790: [GC [PSYoungGen: 1377344K->16704K(1379712K)] 1617563K->257088K(4175936K), 0.0310370 secs] [Times: user=0.05 sys=0.00, real=0.03 secs] 
2016-02-15T23:24:17.381+0800: 18054.096: [GC [PSYoungGen: 1378688K->18037K(1380032K)] 1619072K->259830K(4176256K), 0.0315450 secs] [Times: user=0.05 sys=0.00, real=0.03 secs] 
2016-02-15T23:25:11.588+0800: 18108.303: [GC [PSYoungGen: 1380021K->16448K(1377600K)] 1621814K->258618K(4173824K), 0.0300900 secs] [Times: user=0.05 sys=0.00, real=0.03 secs] 
2016-02-15T23:26:05.172+0800: 18161.886: [GC [PSYoungGen: 1376000K->15776K(1378816K)] 1618170K->258222K(4175040K), 0.0300220 secs] [Times: user=0.04 sys=0.00, real=0.03 secs] 
2016-02-15T23:26:58.967+0800: 18215.681: [GC [PSYoungGen: 1375328K->14528K(1379264K)] 1617774K->257350K(4175488K), 0.0264400 secs] [Times: user=0.03 sys=0.00, real=0.03 secs] 
2016-02-15T23:27:52.265+0800: 18268.980: [GC [PSYoungGen: 1374848K->16625K(1379136K)] 1617670K->259616K(4175360K), 0.0338210 secs] [Times: user=0.04 sys=0.00, real=0.03 secs] 
2016-02-15T23:28:46.212+0800: 18322.927: [GC [PSYoungGen: 1376945K->17296K(1378688K)] 1619936K->260636K(4174912K), 0.0360800 secs] [Times: user=0.04 sys=0.00, real=0.04 secs] 
2016-02-15T23:29:46.454+0800: 18383.169: [GC [PSYoungGen: 1377104K->14192K(1378944K)] 1620444K->257793K(4175168K), 0.0255530 secs] [Times: user=0.03 sys=0.00, real=0.03 secs] 
2016-02-15T23:30:38.899+0800: 18435.614: [GC [PSYoungGen: 1374000K->12848K(1378688K)] 1617601K->256652K(4174912K), 0.0240950 secs] [Times: user=0.04 sys=0.00, real=0.02 secs] 
2016-02-15T23:31:36.832+0800: 18493.546: [GC [PSYoungGen: 1372400K->15344K(1378816K)] 1616204K->259236K(4175040K), 0.0295490 secs] [Times: user=0.04 sys=0.00, real=0.03 secs] 
2016-02-15T23:32:31.866+0800: 18548.580: [GC [PSYoungGen: 1374896K->13984K(1379264K)] 1618788K->257952K(4175488K), 0.0267120 secs] [Times: user=0.03 sys=0.00, real=0.02 secs] 
2016-02-15T23:33:32.780+0800: 18609.495: [GC [PSYoungGen: 1374368K->15728K(1379200K)] 1618336K->259916K(4175424K), 0.0334920 secs] [Times: user=0.04 sys=0.00, real=0.03 secs] 
2016-02-15T23:34:28.103+0800: 18664.817: [GC [PSYoungGen: 1376112K->15232K(1379776K)] 1620300K->259757K(4176000K), 0.0286120 secs] [Times: user=0.03 sys=0.00, real=0.03 secs] 
2016-02-15T23:35:22.077+0800: 18718.791: [GC [PSYoungGen: 1376384K->14048K(1379456K)] 1620909K->259033K(4175680K), 0.0263860 secs] [Times: user=0.04 sys=0.00, real=0.02 secs] 
2016-02-15T23:36:18.853+0800: 18775.567: [GC [PSYoungGen: 1375200K->14560K(1380032K)] 1620185K->259630K(4176256K), 0.0283150 secs] [Times: user=0.03 sys=0.00, real=0.03 secs] 
2016-02-15T23:37:19.667+0800: 18836.381: [GC [PSYoungGen: 1376352K->18016K(1379840K)] 1621422K->263987K(4176064K), 0.0357600 secs] [Times: user=0.05 sys=0.00, real=0.04 secs] 
2016-02-15T23:38:17.340+0800: 18894.055: [GC [PSYoungGen: 1379808K->17409K(1377280K)] 1625779K->263844K(4173504K), 0.0303430 secs] [Times: user=0.04 sys=0.00, real=0.03 secs] 
2016-02-15T23:39:18.667+0800: 18955.382: [GC [PSYoungGen: 1376449K->15072K(1378560K)] 1622884K->261752K(4174784K), 0.0288870 secs] [Times: user=0.04 sys=0.00, real=0.03 secs] 
2016-02-15T23:40:15.698+0800: 19012.412: [GC [PSYoungGen: 1374112K->14592K(1379072K)] 1620792K->261381K(4175296K), 0.0265600 secs] [Times: user=0.03 sys=0.00, real=0.02 secs] 
2016-02-15T23:41:13.985+0800: 19070.700: [GC [PSYoungGen: 1374464K->14288K(1378880K)] 1621253K->261381K(4175104K), 0.0276830 secs] [Times: user=0.05 sys=0.00, real=0.03 secs] 
2016-02-15T23:42:15.002+0800: 19131.717: [GC [PSYoungGen: 1374160K->15376K(1379520K)] 1621253K->262766K(4175744K), 0.0294510 secs] [Times: user=0.04 sys=0.00, real=0.03 secs] 
2016-02-15T23:43:21.061+0800: 19197.775: [GC [PSYoungGen: 1376016K->14368K(1379200K)] 1623406K->261938K(4175424K), 0.0283960 secs] [Times: user=0.04 sys=0.00, real=0.03 secs] 
2016-02-15T23:44:23.526+0800: 19260.241: [GC [PSYoungGen: 1375008K->12960K(1379520K)] 1622578K->260715K(4175744K), 0.0253950 secs] [Times: user=0.03 sys=0.00, real=0.03 secs] 
2016-02-15T23:45:24.103+0800: 19320.817: [GC [PSYoungGen: 1374048K->13008K(1379584K)] 1621803K->260984K(4175808K), 0.0281320 secs] [Times: user=0.04 sys=0.00, real=0.03 secs] 
2016-02-15T23:46:26.767+0800: 19383.482: [GC [PSYoungGen: 1374096K->15105K(1379840K)] 1622072K->263305K(4176064K), 0.0315010 secs] [Times: user=0.05 sys=0.00, real=0.03 secs] 
2016-02-15T23:47:27.079+0800: 19443.793: [GC [PSYoungGen: 1376449K->15584K(1379584K)] 1624649K->264330K(4175808K), 0.0276080 secs] [Times: user=0.04 sys=0.00, real=0.03 secs] 
2016-02-15T23:48:44.713+0800: 19521.428: [GC [PSYoungGen: 1376928K->16288K(1379520K)] 1625674K->265202K(4175744K), 0.0320540 secs] [Times: user=0.04 sys=0.00, real=0.04 secs] 
2016-02-15T23:49:53.239+0800: 19589.953: [GC [PSYoungGen: 1377632K->16160K(1377536K)] 1626546K->265274K(4173760K), 0.0300420 secs] [Times: user=0.04 sys=0.00, real=0.03 secs] 
2016-02-15T23:50:58.383+0800: 19655.097: [GC [PSYoungGen: 1377504K->14752K(1379904K)] 1626618K->263970K(4176128K), 0.0290740 secs] [Times: user=0.04 sys=0.00, real=0.03 secs] 
2016-02-15T23:52:06.093+0800: 19722.807: [GC [PSYoungGen: 1376224K->15728K(1379648K)] 1625442K->265259K(4175872K), 0.0279180 secs] [Times: user=0.04 sys=0.00, real=0.02 secs] 
2016-02-15T23:53:20.307+0800: 19797.021: [GC [PSYoungGen: 1377200K->14416K(1380160K)] 1626731K->264243K(4176384K), 0.0263660 secs] [Times: user=0.03 sys=0.00, real=0.03 secs] 
2016-02-15T23:54:39.530+0800: 19876.244: [GC [PSYoungGen: 1376464K->16448K(1378560K)] 1626291K->266404K(4174784K), 0.0303520 secs] [Times: user=0.04 sys=0.00, real=0.03 secs] 
2016-02-15T23:55:48.966+0800: 19945.680: [GC [PSYoungGen: 1378496K->13776K(1379968K)] 1628452K->264105K(4176192K), 0.0269330 secs] [Times: user=0.03 sys=0.00, real=0.03 secs] 
2016-02-15T23:56:58.492+0800: 20015.207: [GC [PSYoungGen: 1375568K->15216K(1379904K)] 1625897K->265854K(4176128K), 0.0295940 secs] [Times: user=0.04 sys=0.00, real=0.02 secs] 
2016-02-15T23:58:21.930+0800: 20098.645: [GC [PSYoungGen: 1377008K->16048K(1380096K)] 1627646K->267079K(4176320K), 0.0290490 secs] [Times: user=0.04 sys=0.00, real=0.02 secs] 
2016-02-15T23:59:37.790+0800: 20174.504: [GC [PSYoungGen: 1378288K->12768K(1375040K)] 1629319K->263976K(4171264K), 0.0244040 secs] [Times: user=0.04 sys=0.00, real=0.02 secs] 
2016-02-16T00:00:34.170+0800: 20230.885: [GC [PSYoungGen: 1375008K->12523K(1379776K)] 1626216K->263991K(4176000K), 0.0243410 secs] [Times: user=0.04 sys=0.00, real=0.03 secs] 
2016-02-16T00:01:56.659+0800: 20313.373: [GC [PSYoungGen: 1374251K->14720K(1379904K)] 1625719K->266895K(4176128K), 0.0334730 secs] [Times: user=0.05 sys=0.00, real=0.03 secs] 
2016-02-16T00:03:18.905+0800: 20395.619: [GC [PSYoungGen: 1376448K->14976K(1380480K)] 1628623K->267468K(4176704K), 0.0267400 secs] [Times: user=0.04 sys=0.00, real=0.02 secs] 
2016-02-16T00:04:50.681+0800: 20487.395: [GC [PSYoungGen: 1377600K->16752K(1379392K)] 1630092K->269468K(4175616K), 0.0310630 secs] [Times: user=0.05 sys=0.00, real=0.03 secs] 
2016-02-16T00:06:14.188+0800: 20570.902: [GC [PSYoungGen: 1379376K->15905K(1379968K)] 1632092K->268842K(4176192K), 0.0372670 secs] [Times: user=0.04 sys=0.00, real=0.03 secs] 
2016-02-16T00:07:34.090+0800: 20650.805: [GC [PSYoungGen: 1377761K->13968K(1379968K)] 1630698K->267390K(4176192K), 0.0260610 secs] [Times: user=0.04 sys=0.00, real=0.03 secs] 
2016-02-16T00:09:14.081+0800: 20750.795: [GC [PSYoungGen: 1375824K->16053K(1379840K)] 1629246K->269764K(4176064K), 0.0304440 secs] [Times: user=0.04 sys=0.00, real=0.03 secs] 
2016-02-16T00:10:37.118+0800: 20833.832: [GC [PSYoungGen: 1377909K->14279K(1379968K)] 1631620K->268122K(4176192K), 0.0314730 secs] [Times: user=0.04 sys=0.00, real=0.03 secs] 
2016-02-16T00:12:13.720+0800: 20930.435: [GC [PSYoungGen: 1376135K->16176K(1379776K)] 1629978K->270174K(4176000K), 0.0383400 secs] [Times: user=0.05 sys=0.00, real=0.04 secs] 
2016-02-16T00:13:51.114+0800: 21027.828: [GC [PSYoungGen: 1378032K->15752K(1379968K)] 1632030K->270003K(4176192K), 0.0316650 secs] [Times: user=0.03 sys=0.00, real=0.03 secs] 
2016-02-16T00:15:16.476+0800: 21113.190: [GC [PSYoungGen: 1377608K->12848K(1379776K)] 1631859K->267419K(4176000K), 0.0265460 secs] [Times: user=0.04 sys=0.00, real=0.02 secs] 
2016-02-16T00:16:43.784+0800: 21200.499: [GC [PSYoungGen: 1374576K->14480K(1379904K)] 1629147K->269360K(4176128K), 0.0267700 secs] [Times: user=0.03 sys=0.01, real=0.03 secs] 
2016-02-16T00:18:28.050+0800: 21304.765: [GC [PSYoungGen: 1376208K->13952K(1380288K)] 1631088K->269180K(4176512K), 0.0279790 secs] [Times: user=0.03 sys=0.00, real=0.03 secs] 
2016-02-16T00:20:12.801+0800: 21409.515: [GC [PSYoungGen: 1376320K->15762K(1380160K)] 1631548K->271086K(4176384K), 0.0302650 secs] [Times: user=0.04 sys=0.00, real=0.03 secs] 
2016-02-16T00:21:57.968+0800: 21514.683: [GC [PSYoungGen: 1378130K->16465K(1379712K)] 1633454K->272271K(4175936K), 0.0320400 secs] [Times: user=0.05 sys=0.00, real=0.04 secs] 
2016-02-16T00:23:42.517+0800: 21619.231: [GC [PSYoungGen: 1378321K->16128K(1378048K)] 1634127K->272327K(4174272K), 0.0305870 secs] [Times: user=0.04 sys=0.00, real=0.03 secs] 
2016-02-16T00:25:25.474+0800: 21722.189: [GC [PSYoungGen: 1377984K->14768K(1380096K)] 1634183K->271312K(4176320K), 0.0264090 secs] [Times: user=0.04 sys=0.01, real=0.03 secs] 
2016-02-16T00:27:12.734+0800: 21829.448: [GC [PSYoungGen: 1376624K->13760K(1379840K)] 1633168K->270532K(4176064K), 0.0283090 secs] [Times: user=0.04 sys=0.00, real=0.03 secs] 
2016-02-16T00:29:01.035+0800: 21937.750: [GC [PSYoungGen: 1375616K->14336K(1380352K)] 1632388K->271240K(4176576K), 0.0267480 secs] [Times: user=0.04 sys=0.00, real=0.02 secs] 
2016-02-16T00:30:46.616+0800: 22043.330: [GC [PSYoungGen: 1376768K->12928K(1380160K)] 1633672K->270428K(4176384K), 0.0257550 secs] [Times: user=0.03 sys=0.00, real=0.03 secs] 
2016-02-16T00:32:39.745+0800: 22156.459: [GC [PSYoungGen: 1375360K->14464K(1380544K)] 1632860K->272101K(4176768K), 0.0268320 secs] [Times: user=0.04 sys=0.00, real=0.03 secs] 
2016-02-16T00:34:50.001+0800: 22286.715: [GC [PSYoungGen: 1377216K->16016K(1380288K)] 1634853K->273955K(4176512K), 0.0313500 secs] [Times: user=0.04 sys=0.00, real=0.04 secs] 
2016-02-16T00:36:41.577+0800: 22398.291: [GC [PSYoungGen: 1378768K->13680K(1380416K)] 1636707K->271787K(4176640K), 0.0244550 secs] [Times: user=0.04 sys=0.00, real=0.02 secs] 
2016-02-16T00:38:54.680+0800: 22531.394: [GC [PSYoungGen: 1376368K->14592K(1380352K)] 1634475K->273059K(4176576K), 0.0276140 secs] [Times: user=0.04 sys=0.00, real=0.02 secs] 
2016-02-16T00:40:43.313+0800: 22640.027: [GC [PSYoungGen: 1377280K->17244K(1379392K)] 1635747K->275931K(4175616K), 0.0453210 secs] [Times: user=0.05 sys=0.01, real=0.04 secs] 
2016-02-16T00:42:48.873+0800: 22765.587: [GC [PSYoungGen: 1379228K->13152K(1380032K)] 1637915K->271956K(4176256K), 0.0280420 secs] [Times: user=0.04 sys=0.00, real=0.02 secs] 
2016-02-16T00:44:58.441+0800: 22895.155: [GC [PSYoungGen: 1375136K->13472K(1380096K)] 1633940K->272480K(4176320K), 0.0294530 secs] [Times: user=0.04 sys=0.00, real=0.03 secs] 
2016-02-16T00:46:57.231+0800: 23013.945: [GC [PSYoungGen: 1375520K->12064K(1380032K)] 1634528K->271188K(4176256K), 0.0224580 secs] [Times: user=0.03 sys=0.00, real=0.02 secs] 
2016-02-16T00:48:47.466+0800: 23124.180: [GC [PSYoungGen: 1374112K->10880K(1379520K)] 1633236K->270192K(4175744K), 0.0218260 secs] [Times: user=0.04 sys=0.00, real=0.02 secs] 
2016-02-16T00:50:53.551+0800: 23250.265: [GC [PSYoungGen: 1372352K->12800K(1379776K)] 1631664K->272288K(4176000K), 0.0246670 secs] [Times: user=0.03 sys=0.00, real=0.03 secs] 
2016-02-16T00:53:05.070+0800: 23381.784: [GC [PSYoungGen: 1374272K->14800K(1380096K)] 1633760K->274425K(4176320K), 0.0292990 secs] [Times: user=0.03 sys=0.01, real=0.03 secs] 
2016-02-16T00:55:32.169+0800: 23528.884: [GC [PSYoungGen: 1376784K->11821K(1379968K)] 1636409K->271647K(4176192K), 0.0216780 secs] [Times: user=0.04 sys=0.00, real=0.02 secs] 
2016-02-16T00:58:06.080+0800: 23682.795: [GC [PSYoungGen: 1373805K->14208K(1380352K)] 1633631K->274267K(4176576K), 0.0281830 secs] [Times: user=0.04 sys=0.00, real=0.03 secs] 
2016-02-16T01:00:26.305+0800: 23823.019: [GC [PSYoungGen: 1376576K->14416K(1380096K)] 1636635K->274647K(4176320K), 0.0285470 secs] [Times: user=0.03 sys=0.00, real=0.03 secs] 
2016-02-16T01:02:56.514+0800: 23973.228: [GC [PSYoungGen: 1376784K->13024K(1380736K)] 1637015K->273524K(4176960K), 0.0243020 secs] [Times: user=0.03 sys=0.00, real=0.03 secs] 
2016-02-16T01:05:03.062+0800: 24099.776: [GC [PSYoungGen: 1376224K->12976K(1380544K)] 1636724K->273624K(4176768K), 0.0252680 secs] [Times: user=0.04 sys=0.00, real=0.02 secs] 
2016-02-16T01:08:02.628+0800: 24279.342: [GC [PSYoungGen: 1376176K->16065K(1379840K)] 1636824K->277186K(4176064K), 0.0308090 secs] [Times: user=0.04 sys=0.00, real=0.03 secs] 
2016-02-16T01:10:54.151+0800: 24450.866: [GC [PSYoungGen: 1378817K->14768K(1380416K)] 1639938K->275989K(4176640K), 0.0292840 secs] [Times: user=0.03 sys=0.00, real=0.03 secs] 
2016-02-16T01:14:16.221+0800: 24652.935: [GC [PSYoungGen: 1377520K->13792K(1380800K)] 1638741K->275265K(4177024K), 0.0260370 secs] [Times: user=0.04 sys=0.00, real=0.03 secs] 
2016-02-16T01:17:17.944+0800: 24834.659: [GC [PSYoungGen: 1376992K->12976K(1380480K)] 1638465K->274625K(4176704K), 0.0263240 secs] [Times: user=0.04 sys=0.00, real=0.02 secs] 
2016-02-16T01:20:16.751+0800: 25013.466: [GC [PSYoungGen: 1376176K->14432K(1381056K)] 1637825K->276390K(4177280K), 0.0268630 secs] [Times: user=0.04 sys=0.00, real=0.03 secs] 
2016-02-16T01:22:54.697+0800: 25171.411: [GC [PSYoungGen: 1378336K->11520K(1380928K)] 1640294K->273646K(4177152K), 0.0239520 secs] [Times: user=0.03 sys=0.00, real=0.03 secs] 
2016-02-16T01:25:51.837+0800: 25348.552: [GC [PSYoungGen: 1375424K->12112K(1381056K)] 1637550K->274463K(4177280K), 0.0250460 secs] [Times: user=0.04 sys=0.00, real=0.03 secs] 
2016-02-16T01:29:55.936+0800: 25592.651: [GC [PSYoungGen: 1376080K->15712K(1379712K)] 1638431K->278336K(4175936K), 0.0304670 secs] [Times: user=0.04 sys=0.00, real=0.03 secs] 
2016-02-16T01:34:01.311+0800: 25838.025: [GC [PSYoungGen: 1379680K->12768K(1380800K)] 1642304K->275887K(4177024K), 0.0276400 secs] [Times: user=0.03 sys=0.00, real=0.03 secs] 
2016-02-16T01:37:33.254+0800: 26049.968: [GC [PSYoungGen: 1376096K->13248K(1380608K)] 1639215K->276548K(4176832K), 0.0274550 secs] [Times: user=0.04 sys=0.00, real=0.03 secs] 
2016-02-16T01:40:46.599+0800: 26243.313: [GC [PSYoungGen: 1376576K->12385K(1381184K)] 1639876K->275777K(4177408K), 0.0219640 secs] [Times: user=0.03 sys=0.00, real=0.02 secs] 
2016-02-16T01:45:34.867+0800: 26531.581: [GC [PSYoungGen: 1376545K->15008K(1379200K)] 1639937K->278789K(4175424K), 0.0273660 secs] [Times: user=0.04 sys=0.00, real=0.03 secs] 
2016-02-16T01:49:43.928+0800: 26780.643: [GC [PSYoungGen: 1379168K->14160K(1381120K)] 1642949K->278149K(4177344K), 0.0269740 secs] [Times: user=0.04 sys=0.00, real=0.03 secs] 
2016-02-16T01:54:48.789+0800: 27085.503: [GC [PSYoungGen: 1378192K->15616K(1379712K)] 1642181K->279770K(4175936K), 0.0277440 secs] [Times: user=0.04 sys=0.00, real=0.03 secs] 
2016-02-16T01:59:54.938+0800: 27391.652: [GC [PSYoungGen: 1379648K->14032K(1381056K)] 1643802K->278446K(4177280K), 0.0282640 secs] [Times: user=0.04 sys=0.00, real=0.03 secs] 
2016-02-16T02:04:46.049+0800: 27682.763: [GC [PSYoungGen: 1377744K->17018K(1380736K)] 1642158K->282811K(4176960K), 0.0395520 secs] [Times: user=0.05 sys=0.00, real=0.04 secs] 
2016-02-16T02:06:17.222+0800: 27773.937: [GC [PSYoungGen: 1380730K->5954K(1376512K)] 1646523K->274689K(4172736K), 0.0124790 secs] [Times: user=0.04 sys=0.00, real=0.01 secs] 
2016-02-16T02:08:34.853+0800: 27911.567: [GC [PSYoungGen: 1365122K->7874K(1367104K)] 1633857K->276966K(4163328K), 0.0221030 secs] [Times: user=0.02 sys=0.00, real=0.02 secs] 
2016-02-16T02:10:52.321+0800: 28049.035: [GC [PSYoungGen: 1367042K->7136K(1377664K)] 1636134K->276473K(4173888K), 0.0169290 secs] [Times: user=0.03 sys=0.00, real=0.01 secs] 
2016-02-16T02:14:18.717+0800: 28255.432: [GC [PSYoungGen: 1365024K->10704K(1377984K)] 1634361K->280149K(4174208K), 0.0274200 secs] [Times: user=0.04 sys=0.00, real=0.03 secs] 
2016-02-16T02:18:58.554+0800: 28535.269: [GC [PSYoungGen: 1365238K->19623K(1364864K)] 1634683K->302007K(4161088K), 0.0346760 secs] [Times: user=0.04 sys=0.01, real=0.03 secs] 
2016-02-16T02:22:56.407+0800: 28773.121: [GC [PSYoungGen: 1364839K->13395K(1371648K)] 1647223K->296063K(4167872K), 0.0254440 secs] [Times: user=0.03 sys=0.00, real=0.03 secs] 
2016-02-16T02:25:42.943+0800: 28939.657: [GC [PSYoungGen: 1358611K->19425K(1371072K)] 1641279K->302709K(4167296K), 0.0408460 secs] [Times: user=0.05 sys=0.00, real=0.04 secs] 
2016-02-16T02:31:25.033+0800: 29281.748: [GC [PSYoungGen: 1365153K->14464K(1371904K)] 1648437K->299526K(4168128K), 0.0260820 secs] [Times: user=0.03 sys=0.00, real=0.03 secs] 
2016-02-16T02:38:00.337+0800: 29677.051: [GC [PSYoungGen: 1360192K->15104K(1373888K)] 1645254K->300386K(4170112K), 0.0325890 secs] [Times: user=0.03 sys=0.00, real=0.03 secs] 
2016-02-16T02:44:51.839+0800: 30088.554: [GC [PSYoungGen: 1363904K->12576K(1372992K)] 1649186K->297978K(4169216K), 0.0258640 secs] [Times: user=0.03 sys=0.00, real=0.03 secs] 
2016-02-16T02:51:01.784+0800: 30458.499: [GC [PSYoungGen: 1361376K->11002K(1374784K)] 1646778K->296497K(4171008K), 0.0222110 secs] [Times: user=0.03 sys=0.00, real=0.02 secs] 
2016-02-16T02:58:36.740+0800: 30913.455: [GC [PSYoungGen: 1362170K->13840K(1374464K)] 1647665K->299726K(4170688K), 0.0291070 secs] [Times: user=0.04 sys=0.00, real=0.03 secs] 
2016-02-16T03:06:20.201+0800: 31376.915: [GC [PSYoungGen: 1365008K->13459K(1376384K)] 1650894K->299506K(4172608K), 0.0244460 secs] [Times: user=0.03 sys=0.00, real=0.03 secs] 
2016-02-16T03:15:43.557+0800: 31940.271: [GC [PSYoungGen: 1367379K->14464K(1375616K)] 1653426K->301152K(4171840K), 0.0272390 secs] [Times: user=0.04 sys=0.00, real=0.03 secs] 
2016-02-16T03:23:58.840+0800: 32435.555: [GC [PSYoungGen: 1368384K->14848K(1377408K)] 1655072K->301676K(4173632K), 0.0278830 secs] [Times: user=0.04 sys=0.00, real=0.03 secs] 
2016-02-16T03:33:10.117+0800: 32986.831: [GC [PSYoungGen: 1371136K->11520K(1376960K)] 1657964K->298476K(4173184K), 0.0246170 secs] [Times: user=0.03 sys=0.00, real=0.02 secs] 
2016-02-16T03:42:13.657+0800: 33530.371: [GC [PSYoungGen: 1367808K->12096K(1377920K)] 1654764K->299184K(4174144K), 0.0251990 secs] [Times: user=0.03 sys=0.00, real=0.03 secs] 
2016-02-16T03:50:12.030+0800: 34008.745: [GC [PSYoungGen: 1369536K->12375K(1377600K)] 1656624K->299572K(4173824K), 0.0250250 secs] [Times: user=0.03 sys=0.00, real=0.02 secs] 
2016-02-16T03:58:48.698+0800: 34525.412: [GC [PSYoungGen: 1369815K->13378K(1378944K)] 1657012K->300849K(4175168K), 0.0280210 secs] [Times: user=0.04 sys=0.00, real=0.02 secs] 
2016-02-16T04:07:39.042+0800: 35055.757: [GC [PSYoungGen: 1372610K->11136K(1378368K)] 1660081K->298950K(4174592K), 0.0204590 secs] [Times: user=0.03 sys=0.00, real=0.02 secs] 
2016-02-16T04:17:07.831+0800: 35624.546: [GC [PSYoungGen: 1370368K->11936K(1379392K)] 1658182K->299914K(4175616K), 0.0215520 secs] [Times: user=0.04 sys=0.00, real=0.02 secs] 
2016-02-16T04:25:11.261+0800: 36107.975: [GC [PSYoungGen: 1372320K->10128K(1379072K)] 1660298K->298154K(4175296K), 0.0210110 secs] [Times: user=0.03 sys=0.00, real=0.02 secs] 
2016-02-16T04:35:15.590+0800: 36712.305: [GC [PSYoungGen: 1370512K->11488K(1379776K)] 1658538K->299686K(4176000K), 0.0227460 secs] [Times: user=0.03 sys=0.00, real=0.03 secs] 
2016-02-16T04:45:37.414+0800: 37334.129: [GC [PSYoungGen: 1372640K->13437K(1379456K)] 1660838K->301864K(4175680K), 0.0253380 secs] [Times: user=0.03 sys=0.01, real=0.02 secs] 
2016-02-16T04:58:13.889+0800: 38090.604: [GC [PSYoungGen: 1374589K->14896K(1379520K)] 1663016K->303838K(4175744K), 0.0285900 secs] [Times: user=0.04 sys=0.00, real=0.03 secs] 
2016-02-16T05:10:03.915+0800: 38800.629: [GC [PSYoungGen: 1376368K->15616K(1377088K)] 1665310K->304710K(4173312K), 0.0281690 secs] [Times: user=0.04 sys=0.00, real=0.03 secs] 
2016-02-16T05:20:40.759+0800: 39437.474: [GC [PSYoungGen: 1377088K->9888K(1379264K)] 1666182K->299130K(4175488K), 0.0193740 secs] [Times: user=0.03 sys=0.00, real=0.02 secs] 
2016-02-16T05:31:39.918+0800: 40096.632: [GC [PSYoungGen: 1370464K->15296K(1375872K)] 1659706K->304643K(4172096K), 0.0307050 secs] [Times: user=0.04 sys=0.00, real=0.04 secs] 
2016-02-16T05:44:15.402+0800: 40852.117: [GC [PSYoungGen: 1375872K->15104K(1378752K)] 1665219K->304563K(4174976K), 0.0292520 secs] [Times: user=0.04 sys=0.00, real=0.02 secs] 
2016-02-16T05:56:23.627+0800: 41580.341: [GC [PSYoungGen: 1374784K->14896K(1378880K)] 1664243K->304439K(4175104K), 0.0276890 secs] [Times: user=0.03 sys=0.00, real=0.03 secs] 
2016-02-16T06:06:14.100+0800: 42170.815: [GC [PSYoungGen: 1374576K->15248K(1378688K)] 1664119K->304975K(4174912K), 0.0278960 secs] [Times: user=0.04 sys=0.00, real=0.03 secs] 
2016-02-16T06:15:28.025+0800: 42724.739: [GC [PSYoungGen: 1374800K->13360K(1378816K)] 1664527K->303215K(4175040K), 0.0263280 secs] [Times: user=0.03 sys=0.00, real=0.02 secs] 
2016-02-16T06:23:35.749+0800: 43212.463: [GC [PSYoungGen: 1372912K->13760K(1379776K)] 1662767K->303679K(4176000K), 0.0267040 secs] [Times: user=0.03 sys=0.00, real=0.02 secs] 
2016-02-16T06:31:04.494+0800: 43661.209: [GC [PSYoungGen: 1374784K->13456K(1379328K)] 1664703K->303479K(4175552K), 0.0265720 secs] [Times: user=0.04 sys=0.00, real=0.03 secs] 
2016-02-16T06:37:32.123+0800: 44048.838: [GC [PSYoungGen: 1374480K->11744K(1380288K)] 1664503K->301984K(4176512K), 0.0226180 secs] [Times: user=0.03 sys=0.00, real=0.02 secs] 
2016-02-16T06:42:50.701+0800: 44367.416: [GC [PSYoungGen: 1374176K->12336K(1380224K)] 1664416K->302897K(4176448K), 0.0247310 secs] [Times: user=0.04 sys=0.00, real=0.02 secs] 
2016-02-16T06:48:10.255+0800: 44686.970: [GC [PSYoungGen: 1374768K->13504K(1380928K)] 1665329K->304264K(4177152K), 0.0265560 secs] [Times: user=0.04 sys=0.00, real=0.02 secs] 
2016-02-16T06:53:16.758+0800: 44993.472: [GC [PSYoungGen: 1376896K->12544K(1380544K)] 1667656K->303441K(4176768K), 0.0263570 secs] [Times: user=0.03 sys=0.00, real=0.03 secs] 
2016-02-16T06:57:04.266+0800: 45220.980: [GC [PSYoungGen: 1375936K->13760K(1381312K)] 1666833K->304765K(4177536K), 0.0277270 secs] [Times: user=0.04 sys=0.00, real=0.03 secs] 
2016-02-16T07:02:04.145+0800: 45520.860: [GC [PSYoungGen: 1378112K->13040K(1381120K)] 1669117K->304209K(4177344K), 0.0268940 secs] [Times: user=0.04 sys=0.00, real=0.03 secs] 
2016-02-16T07:07:11.980+0800: 45828.694: [GC [PSYoungGen: 1377392K->13519K(1381824K)] 1668561K->304784K(4178048K), 0.0263150 secs] [Times: user=0.03 sys=0.00, real=0.02 secs] 
2016-02-16T07:11:18.364+0800: 46075.078: [GC [PSYoungGen: 1378895K->15200K(1380608K)] 1670160K->306691K(4176832K), 0.0283610 secs] [Times: user=0.04 sys=0.00, real=0.02 secs] 
2016-02-16T07:15:20.927+0800: 46317.641: [GC [PSYoungGen: 1380576K->14173K(1381504K)] 1672067K->305861K(4177728K), 0.0267210 secs] [Times: user=0.04 sys=0.00, real=0.03 secs] 
2016-02-16T07:19:27.939+0800: 46564.653: [GC [PSYoungGen: 1379037K->15088K(1379968K)] 1670725K->307290K(4176192K), 0.0276710 secs] [Times: user=0.03 sys=0.00, real=0.03 secs] 
2016-02-16T07:23:52.770+0800: 46829.484: [GC [PSYoungGen: 1379952K->14256K(1381376K)] 1672154K->306643K(4177600K), 0.0273940 secs] [Times: user=0.04 sys=0.00, real=0.02 secs] 
2016-02-16T07:27:27.692+0800: 47044.406: [GC [PSYoungGen: 1378800K->12784K(1381248K)] 1671187K->305380K(4177472K), 0.0261830 secs] [Times: user=0.03 sys=0.00, real=0.03 secs] 
2016-02-16T07:30:44.389+0800: 47241.104: [GC [PSYoungGen: 1377328K->14055K(1381632K)] 1669924K->306931K(4177856K), 0.0265010 secs] [Times: user=0.04 sys=0.00, real=0.03 secs] 
2016-02-16T07:34:16.113+0800: 47452.828: [GC [PSYoungGen: 1379111K->15712K(1380800K)] 1671987K->308679K(4177024K), 0.0288910 secs] [Times: user=0.04 sys=0.00, real=0.03 secs] 
2016-02-16T07:37:53.065+0800: 47669.780: [GC [PSYoungGen: 1380768K->13712K(1381440K)] 1673735K->307000K(4177664K), 0.0257820 secs] [Times: user=0.03 sys=0.00, real=0.02 secs] 
2016-02-16T07:40:53.156+0800: 47849.871: [GC [PSYoungGen: 1378256K->13152K(1381184K)] 1671544K->306572K(4177408K), 0.0272140 secs] [Times: user=0.04 sys=0.00, real=0.02 secs] 
2016-02-16T07:44:06.893+0800: 48043.607: [GC [PSYoungGen: 1377696K->14656K(1381440K)] 1671116K->308216K(4177664K), 0.0280170 secs] [Times: user=0.04 sys=0.00, real=0.02 secs] 
2016-02-16T07:47:03.609+0800: 48220.323: [GC [PSYoungGen: 1379584K->13888K(1381504K)] 1673144K->307532K(4177728K), 0.0245750 secs] [Times: user=0.03 sys=0.00, real=0.03 secs] 
2016-02-16T07:50:03.042+0800: 48399.757: [GC [PSYoungGen: 1378816K->13184K(1381888K)] 1672460K->307093K(4178112K), 0.0248620 secs] [Times: user=0.03 sys=0.00, real=0.02 secs] 
2016-02-16T07:52:57.242+0800: 48573.957: [GC [PSYoungGen: 1378752K->15328K(1380928K)] 1672661K->309353K(4177152K), 0.0271980 secs] [Times: user=0.04 sys=0.00, real=0.03 secs] 
2016-02-16T07:55:19.017+0800: 48715.731: [GC [PSYoungGen: 1380896K->12128K(1381440K)] 1674921K->306413K(4177664K), 0.0244340 secs] [Times: user=0.03 sys=0.00, real=0.03 secs] 
2016-02-16T07:58:02.967+0800: 48879.682: [GC [PSYoungGen: 1377056K->14288K(1381504K)] 1671341K->308694K(4177728K), 0.0312370 secs] [Times: user=0.04 sys=0.00, real=0.03 secs] 
2016-02-16T08:00:31.047+0800: 49027.761: [GC [PSYoungGen: 1379216K->15008K(1381248K)] 1673622K->309574K(4177472K), 0.0274250 secs] [Times: user=0.04 sys=0.00, real=0.03 secs] 
2016-02-16T08:03:21.298+0800: 49198.012: [GC [PSYoungGen: 1379808K->15152K(1379968K)] 1674374K->310075K(4176192K), 0.0275260 secs] [Times: user=0.05 sys=0.00, real=0.03 secs] 
2016-02-16T08:05:55.823+0800: 49352.538: [GC [PSYoungGen: 1379952K->13680K(1381440K)] 1674875K->308734K(4177664K), 0.0275160 secs] [Times: user=0.03 sys=0.00, real=0.02 secs] 
2016-02-16T08:08:32.314+0800: 49509.029: [GC [PSYoungGen: 1378288K->16608K(1381248K)] 1673342K->312343K(4177472K), 0.0300900 secs] [Times: user=0.05 sys=0.00, real=0.03 secs] 
2016-02-16T08:11:13.517+0800: 49670.231: [GC [PSYoungGen: 1381216K->15184K(1379840K)] 1676951K->311283K(4176064K), 0.0285820 secs] [Times: user=0.04 sys=0.00, real=0.03 secs] 
2016-02-16T08:13:41.167+0800: 49817.881: [GC [PSYoungGen: 1378192K->15936K(1379008K)] 1674291K->312184K(4175232K), 0.0306490 secs] [Times: user=0.05 sys=0.00, real=0.03 secs] 
2016-02-16T08:15:38.457+0800: 49935.171: [GC [PSYoungGen: 1378944K->15095K(1380416K)] 1675192K->311636K(4176640K), 0.0266980 secs] [Times: user=0.04 sys=0.00, real=0.02 secs] 
2016-02-16T08:18:02.842+0800: 50079.557: [GC [PSYoungGen: 1377719K->16032K(1378688K)] 1674260K->312681K(4174912K), 0.0345890 secs] [Times: user=0.04 sys=0.00, real=0.04 secs] 
2016-02-16T08:20:18.165+0800: 50214.880: [GC [PSYoungGen: 1378656K->14864K(1380480K)] 1675305K->311645K(4176704K), 0.0271780 secs] [Times: user=0.04 sys=0.00, real=0.03 secs] 
2016-02-16T08:22:47.768+0800: 50364.483: [GC [PSYoungGen: 1377488K->17584K(1380224K)] 1674269K->316725K(4176448K), 0.0354830 secs] [Times: user=0.04 sys=0.00, real=0.03 secs] 
2016-02-16T08:25:01.061+0800: 50497.775: [GC [PSYoungGen: 1380208K->14576K(1378048K)] 1679349K->314181K(4174272K), 0.0366310 secs] [Times: user=0.04 sys=0.00, real=0.03 secs] 
2016-02-16T08:27:12.802+0800: 50629.516: [GC [PSYoungGen: 1374768K->15543K(1379136K)] 1674373K->315304K(4175360K), 0.0311190 secs] [Times: user=0.04 sys=0.00, real=0.03 secs] 
2016-02-16T08:29:36.621+0800: 50773.335: [GC [PSYoungGen: 1375735K->17216K(1378624K)] 1675496K->317144K(4174848K), 0.0312380 secs] [Times: user=0.04 sys=0.00, real=0.03 secs] 
2016-02-16T08:31:24.285+0800: 50881.000: [GC [PSYoungGen: 1377152K->15200K(1379008K)] 1677080K->315385K(4175232K), 0.0267520 secs] [Times: user=0.05 sys=0.00, real=0.02 secs] 
2016-02-16T08:33:18.444+0800: 50995.158: [GC [PSYoungGen: 1375136K->15488K(1379648K)] 1675321K->315937K(4175872K), 0.0352290 secs] [Times: user=0.05 sys=0.01, real=0.04 secs] 
2016-02-16T08:35:11.235+0800: 51107.949: [GC [PSYoungGen: 1376384K->16256K(1379328K)] 1676833K->316865K(4175552K), 0.0303600 secs] [Times: user=0.04 sys=0.00, real=0.03 secs] 
2016-02-16T08:37:06.643+0800: 51223.357: [GC [PSYoungGen: 1377152K->15072K(1379840K)] 1677761K->315902K(4176064K), 0.0283250 secs] [Times: user=0.04 sys=0.00, real=0.03 secs] 
2016-02-16T08:38:53.450+0800: 51330.165: [GC [PSYoungGen: 1376416K->15360K(1379584K)] 1677246K->316409K(4175808K), 0.0276740 secs] [Times: user=0.04 sys=0.00, real=0.03 secs] 
2016-02-16T08:40:39.327+0800: 51436.041: [GC [PSYoungGen: 1376704K->14496K(1380160K)] 1677753K->315886K(4176384K), 0.0299370 secs] [Times: user=0.04 sys=0.00, real=0.03 secs] 
2016-02-16T08:42:20.205+0800: 51536.919: [GC [PSYoungGen: 1376672K->16368K(1378560K)] 1678062K->318060K(4174784K), 0.0312800 secs] [Times: user=0.04 sys=0.00, real=0.03 secs] 
2016-02-16T08:44:04.628+0800: 51641.343: [GC [PSYoungGen: 1378544K->15488K(1380288K)] 1680236K->317603K(4176512K), 0.0315290 secs] [Times: user=0.04 sys=0.00, real=0.03 secs] 
2016-02-16T08:45:55.380+0800: 51752.094: [GC [PSYoungGen: 1377728K->16800K(1380032K)] 1679843K->319044K(4176256K), 0.0330080 secs] [Times: user=0.04 sys=0.00, real=0.03 secs] 
2016-02-16T08:47:36.214+0800: 51852.928: [GC [PSYoungGen: 1379040K->15888K(1380160K)] 1681284K->318252K(4176384K), 0.0295570 secs] [Times: user=0.03 sys=0.00, real=0.03 secs] 
2016-02-16T08:49:20.991+0800: 51957.705: [GC [PSYoungGen: 1378000K->17520K(1379648K)] 1680364K->320025K(4175872K), 0.0342990 secs] [Times: user=0.05 sys=0.00, real=0.03 secs] 
2016-02-16T08:50:53.566+0800: 52050.280: [GC [PSYoungGen: 1379632K->16736K(1379456K)] 1682137K->319509K(4175680K), 0.0345250 secs] [Times: user=0.05 sys=0.00, real=0.04 secs] 
2016-02-16T08:52:36.744+0800: 52153.459: [GC [PSYoungGen: 1377824K->15856K(1379584K)] 1680597K->318761K(4175808K), 0.0304680 secs] [Times: user=0.04 sys=0.00, real=0.02 secs] 
2016-02-16T08:54:18.412+0800: 52255.126: [GC [PSYoungGen: 1376944K->16736K(1379712K)] 1679849K->319746K(4175936K), 0.0321960 secs] [Times: user=0.04 sys=0.00, real=0.03 secs] 
2016-02-16T08:55:53.202+0800: 52349.916: [GC [PSYoungGen: 1378208K->13616K(1375104K)] 1681218K->317006K(4171328K), 0.0283450 secs] [Times: user=0.04 sys=0.00, real=0.03 secs] 
2016-02-16T08:57:28.307+0800: 52445.021: [GC [PSYoungGen: 1375088K->14045K(1379584K)] 1678478K->317667K(4175808K), 0.0266260 secs] [Times: user=0.04 sys=0.00, real=0.03 secs] 
2016-02-16T08:59:18.512+0800: 52555.227: [GC [PSYoungGen: 1375092K->18465K(1379584K)] 1678714K->322657K(4175808K), 0.0317440 secs] [Times: user=0.05 sys=0.00, real=0.03 secs] 
2016-02-16T09:00:59.531+0800: 52656.245: [GC [PSYoungGen: 1379553K->18160K(1376640K)] 1683745K->322666K(4172864K), 0.0341300 secs] [Times: user=0.04 sys=0.00, real=0.04 secs] 
2016-02-16T09:02:37.574+0800: 52754.288: [GC [PSYoungGen: 1376304K->16832K(1378112K)] 1680810K->321563K(4174336K), 0.0337670 secs] [Times: user=0.04 sys=0.00, real=0.03 secs] 
2016-02-16T09:04:04.076+0800: 52840.791: [GC [PSYoungGen: 1374976K->15088K(1378432K)] 1679707K->320029K(4174656K), 0.0276620 secs] [Times: user=0.04 sys=0.00, real=0.03 secs] 
2016-02-16T09:05:32.045+0800: 52928.759: [GC [PSYoungGen: 1373680K->16512K(1378240K)] 1678621K->321673K(4174464K), 0.0299470 secs] [Times: user=0.05 sys=0.00, real=0.03 secs] 
2016-02-16T09:07:08.598+0800: 53025.312: [GC [PSYoungGen: 1375104K->15616K(1378880K)] 1680265K->321038K(4175104K), 0.0291790 secs] [Times: user=0.04 sys=0.00, real=0.03 secs] 
2016-02-16T09:08:49.905+0800: 53126.620: [GC [PSYoungGen: 1375040K->15969K(1378624K)] 1680462K->321611K(4174848K), 0.0287530 secs] [Times: user=0.04 sys=0.00, real=0.02 secs] 
2016-02-16T09:10:11.011+0800: 53207.725: [GC [PSYoungGen: 1375393K->15601K(1379328K)] 1681035K->321445K(4175552K), 0.0298140 secs] [Times: user=0.04 sys=0.00, real=0.03 secs] 
2016-02-16T09:11:39.493+0800: 53296.208: [GC [PSYoungGen: 1375985K->16768K(1379136K)] 1681829K->322805K(4175360K), 0.0328020 secs] [Times: user=0.04 sys=0.00, real=0.03 secs] 
2016-02-16T09:13:11.442+0800: 53388.156: [GC [PSYoungGen: 1377152K->15488K(1379520K)] 1683189K->321838K(4175744K), 0.0299760 secs] [Times: user=0.04 sys=0.00, real=0.03 secs] 
2016-02-16T09:14:37.482+0800: 53474.196: [GC [PSYoungGen: 1376256K->15856K(1379328K)] 1682606K->322322K(4175552K), 0.0314960 secs] [Times: user=0.04 sys=0.00, real=0.04 secs] 
2016-02-16T09:16:02.767+0800: 53559.481: [GC [PSYoungGen: 1376624K->16528K(1379776K)] 1683090K->323098K(4176000K), 0.0299390 secs] [Times: user=0.04 sys=0.00, real=0.04 secs] 
2016-02-16T09:17:39.071+0800: 53655.785: [GC [PSYoungGen: 1377936K->17632K(1379072K)] 1684506K->324410K(4175296K), 0.0320930 secs] [Times: user=0.05 sys=0.00, real=0.04 secs] 
2016-02-16T09:19:03.358+0800: 53740.072: [GC [PSYoungGen: 1379040K->17200K(1379136K)] 1685818K->324091K(4175360K), 0.0305720 secs] [Times: user=0.04 sys=0.00, real=0.03 secs] 
2016-02-16T09:20:19.257+0800: 53815.971: [GC [PSYoungGen: 1377648K->14768K(1379264K)] 1684539K->322036K(4175488K), 0.0284910 secs] [Times: user=0.04 sys=0.01, real=0.03 secs] 
2016-02-16T09:21:40.828+0800: 53897.543: [GC [PSYoungGen: 1375216K->17552K(1378752K)] 1682484K->325200K(4174976K), 0.0324360 secs] [Times: user=0.04 sys=0.00, real=0.03 secs] 
2016-02-16T09:23:09.139+0800: 53985.854: [GC [PSYoungGen: 1377488K->18224K(1378176K)] 1685136K->325964K(4174400K), 0.0354440 secs] [Times: user=0.05 sys=0.00, real=0.04 secs] 
2016-02-16T09:24:33.453+0800: 54070.167: [GC [PSYoungGen: 1378160K->15872K(1378752K)] 1685900K->323837K(4174976K), 0.0291640 secs] [Times: user=0.05 sys=0.00, real=0.03 secs] 
2016-02-16T09:25:51.683+0800: 54148.397: [GC [PSYoungGen: 1375104K->16080K(1378560K)] 1683069K->324366K(4174784K), 0.0303510 secs] [Times: user=0.04 sys=0.00, real=0.03 secs] 
2016-02-16T09:27:09.393+0800: 54226.107: [GC [PSYoungGen: 1375312K->16960K(1379072K)] 1683598K->325392K(4175296K), 0.0337750 secs] [Times: user=0.04 sys=0.00, real=0.04 secs] 
2016-02-16T09:28:37.959+0800: 54314.673: [GC [PSYoungGen: 1376960K->18080K(1378112K)] 1685392K->326736K(4174336K), 0.0322850 secs] [Times: user=0.04 sys=0.00, real=0.03 secs] 
2016-02-16T09:29:43.972+0800: 54380.686: [GC [PSYoungGen: 1378080K->13760K(1378304K)] 1686736K->322540K(4174528K), 0.0324310 secs] [Times: user=0.04 sys=0.00, real=0.03 secs] 
2016-02-16T09:30:59.314+0800: 54456.028: [GC [PSYoungGen: 1372672K->17376K(1376320K)] 1681452K->326288K(4172544K), 0.0317130 secs] [Times: user=0.04 sys=0.00, real=0.03 secs] 
2016-02-16T09:32:22.188+0800: 54538.903: [GC [PSYoungGen: 1376288K->17472K(1378304K)] 1685200K->326744K(4174528K), 0.0315030 secs] [Times: user=0.04 sys=0.00, real=0.03 secs] 
2016-02-16T09:33:50.899+0800: 54627.614: [GC [PSYoungGen: 1376128K->16960K(1378368K)] 1685400K->326436K(4174592K), 0.0298000 secs] [Times: user=0.05 sys=0.00, real=0.03 secs] 
2016-02-16T09:35:00.433+0800: 54697.147: [GC [PSYoungGen: 1375616K->15024K(1378560K)] 1685092K->324728K(4174784K), 0.0328360 secs] [Times: user=0.04 sys=0.00, real=0.03 secs] 
2016-02-16T09:36:04.822+0800: 54761.537: [GC [PSYoungGen: 1374000K->13568K(1372544K)] 1683704K->323464K(4168768K), 0.0267250 secs] [Times: user=0.03 sys=0.00, real=0.03 secs] 
2016-02-16T09:37:24.855+0800: 54841.569: [GC [PSYoungGen: 1372544K->18800K(1377088K)] 1682440K->328800K(4173312K), 0.0335620 secs] [Times: user=0.04 sys=0.00, real=0.04 secs] 
2016-02-16T09:38:39.404+0800: 54916.118: [GC [PSYoungGen: 1376176K->17824K(1375232K)] 1686176K->327993K(4171456K), 0.0331470 secs] [Times: user=0.04 sys=0.00, real=0.03 secs] 
2016-02-16T09:39:50.158+0800: 54986.872: [GC [PSYoungGen: 1375200K->14389K(1377600K)] 1685369K->324830K(4173824K), 0.0265290 secs] [Times: user=0.04 sys=0.00, real=0.03 secs] 
2016-02-16T09:41:02.466+0800: 55059.180: [GC [PSYoungGen: 1371509K->15680K(1377600K)] 1681950K->326418K(4173824K), 0.0310480 secs] [Times: user=0.04 sys=0.00, real=0.03 secs] 
2016-02-16T09:42:15.616+0800: 55132.330: [GC [PSYoungGen: 1372800K->15776K(1378240K)] 1683538K->326810K(4174464K), 0.0285960 secs] [Times: user=0.04 sys=0.00, real=0.03 secs] 
2016-02-16T09:43:31.343+0800: 55208.058: [GC [PSYoungGen: 1373856K->18192K(1376320K)] 1684890K->329443K(4172544K), 0.0325770 secs] [Times: user=0.05 sys=0.00, real=0.04 secs] 
2016-02-16T09:44:52.718+0800: 55289.433: [GC [PSYoungGen: 1376272K->15360K(1378048K)] 1687523K->326807K(4174272K), 0.0297880 secs] [Times: user=0.04 sys=0.00, real=0.04 secs] 
2016-02-16T09:46:08.379+0800: 55365.093: [GC [PSYoungGen: 1373184K->16736K(1377856K)] 1684631K->328444K(4174080K), 0.0347080 secs] [Times: user=0.04 sys=0.00, real=0.03 secs] 
2016-02-16T09:47:27.537+0800: 55444.251: [GC [PSYoungGen: 1374560K->17680K(1377984K)] 1686268K->329653K(4174208K), 0.0336750 secs] [Times: user=0.05 sys=0.00, real=0.04 secs] 
2016-02-16T09:48:46.542+0800: 55523.256: [GC [PSYoungGen: 1375824K->18998K(1377152K)] 1687797K->331196K(4173376K), 0.0354900 secs] [Times: user=0.05 sys=0.00, real=0.04 secs] 
2016-02-16T09:49:59.048+0800: 55595.763: [GC [PSYoungGen: 1377142K->16835K(1377856K)] 1689340K->329879K(4174080K), 0.0334240 secs] [Times: user=0.04 sys=0.00, real=0.04 secs] 
2016-02-16T09:51:04.190+0800: 55660.904: [GC [PSYoungGen: 1374147K->17045K(1377536K)] 1687191K->330662K(4173760K), 0.0320340 secs] [Times: user=0.04 sys=0.01, real=0.03 secs] 
2016-02-16T09:52:10.000+0800: 55726.715: [GC [PSYoungGen: 1374357K->14496K(1377984K)] 1687974K->329224K(4174208K), 0.0283380 secs] [Times: user=0.04 sys=0.00, real=0.03 secs] 
2016-02-16T09:53:28.883+0800: 55805.597: [GC [PSYoungGen: 1372512K->16512K(1378048K)] 1687240K->331756K(4174272K), 0.0304230 secs] [Times: user=0.05 sys=0.00, real=0.03 secs] 
2016-02-16T09:54:41.560+0800: 55878.274: [GC [PSYoungGen: 1374528K->15936K(1378560K)] 1689772K->331337K(4174784K), 0.0291670 secs] [Times: user=0.05 sys=0.00, real=0.03 secs] 
2016-02-16T09:55:48.658+0800: 55945.373: [GC [PSYoungGen: 1374784K->15424K(1378368K)] 1690185K->330969K(4174592K), 0.0285190 secs] [Times: user=0.04 sys=0.00, real=0.03 secs] 
2016-02-16T09:57:00.486+0800: 56017.200: [GC [PSYoungGen: 1374272K->15504K(1378880K)] 1689817K->331242K(4175104K), 0.0295880 secs] [Times: user=0.04 sys=0.00, real=0.03 secs] 
2016-02-16T09:58:08.004+0800: 56084.718: [GC [PSYoungGen: 1374992K->15648K(1378688K)] 1690730K->331715K(4174912K), 0.0327750 secs] [Times: user=0.04 sys=0.00, real=0.03 secs] 
2016-02-16T09:59:14.476+0800: 56151.190: [GC [PSYoungGen: 1375136K->18768K(1377728K)] 1691203K->335282K(4173952K), 0.0354310 secs] [Times: user=0.05 sys=0.00, real=0.03 secs] 
2016-02-16T10:00:22.936+0800: 56219.651: [GC [PSYoungGen: 1377424K->16192K(1378368K)] 1693938K->333225K(4174592K), 0.0299450 secs] [Times: user=0.04 sys=0.00, real=0.03 secs] 
2016-02-16T10:01:31.801+0800: 56288.516: [GC [PSYoungGen: 1374848K->18224K(1377984K)] 1691881K->335429K(4174208K), 0.0345190 secs] [Times: user=0.05 sys=0.00, real=0.04 secs] 
2016-02-16T10:02:38.536+0800: 56355.250: [GC [PSYoungGen: 1376752K->16384K(1378304K)] 1693957K->333838K(4174528K), 0.0319850 secs] [Times: user=0.04 sys=0.00, real=0.03 secs] 
2016-02-16T10:03:55.184+0800: 56431.898: [GC [PSYoungGen: 1374912K->16800K(1378752K)] 1692366K->334446K(4174976K), 0.0331370 secs] [Times: user=0.04 sys=0.00, real=0.04 secs] 
2016-02-16T10:05:05.206+0800: 56501.920: [GC [PSYoungGen: 1376032K->15312K(1378560K)] 1693678K->333074K(4174784K), 0.0287640 secs] [Times: user=0.04 sys=0.00, real=0.03 secs] 
2016-02-16T10:06:12.264+0800: 56568.978: [GC [PSYoungGen: 1374544K->17926K(1378304K)] 1692306K->335841K(4174528K), 0.0322860 secs] [Times: user=0.05 sys=0.00, real=0.03 secs] 
2016-02-16T10:07:13.352+0800: 56630.067: [GC [PSYoungGen: 1376966K->16512K(1378560K)] 1694881K->335188K(4174784K), 0.0311710 secs] [Times: user=0.04 sys=0.00, real=0.03 secs] 
2016-02-16T10:08:15.010+0800: 56691.725: [GC [PSYoungGen: 1375552K->15920K(1378944K)] 1694228K->334876K(4175168K), 0.0310340 secs] [Times: user=0.05 sys=0.00, real=0.04 secs] 
2016-02-16T10:09:19.993+0800: 56756.708: [GC [PSYoungGen: 1375600K->17824K(1377536K)] 1694556K->336981K(4173760K), 0.0331550 secs] [Times: user=0.04 sys=0.00, real=0.03 secs] 
2016-02-16T10:10:24.210+0800: 56820.925: [GC [PSYoungGen: 1377504K->16304K(1378944K)] 1696661K->335801K(4175168K), 0.0291160 secs] [Times: user=0.04 sys=0.00, real=0.03 secs] 
2016-02-16T10:11:30.373+0800: 56887.088: [GC [PSYoungGen: 1375920K->15744K(1378752K)] 1695417K->335646K(4174976K), 0.0292860 secs] [Times: user=0.04 sys=0.00, real=0.03 secs] 
2016-02-16T10:12:32.261+0800: 56948.976: [GC [PSYoungGen: 1375360K->16274K(1379264K)] 1695262K->336664K(4175488K), 0.0331620 secs] [Times: user=0.04 sys=0.00, real=0.03 secs] 
2016-02-16T10:13:32.082+0800: 57008.797: [GC [PSYoungGen: 1376466K->15730K(1379008K)] 1696856K->336508K(4175232K), 0.0296210 secs] [Times: user=0.05 sys=0.00, real=0.03 secs] 
2016-02-16T10:14:34.765+0800: 57071.479: [GC [PSYoungGen: 1375922K->18720K(1377536K)] 1696700K->340178K(4173760K), 0.0370190 secs] [Times: user=0.04 sys=0.01, real=0.04 secs] 
2016-02-16T10:15:35.775+0800: 57132.490: [GC [PSYoungGen: 1377504K->15744K(1378432K)] 1698962K->337523K(4174656K), 0.0279410 secs] [Times: user=0.04 sys=0.00, real=0.03 secs] 
2016-02-16T10:16:38.628+0800: 57195.342: [GC [PSYoungGen: 1374528K->17008K(1378752K)] 1696307K->338940K(4174976K), 0.0339590 secs] [Times: user=0.04 sys=0.00, real=0.04 secs] 
2016-02-16T10:17:42.356+0800: 57259.070: [GC [PSYoungGen: 1376240K->17536K(1378560K)] 1698172K->339887K(4174784K), 0.0331000 secs] [Times: user=0.03 sys=0.01, real=0.03 secs] 
2016-02-16T10:18:41.663+0800: 57318.378: [GC [PSYoungGen: 1376768K->14856K(1378560K)] 1699119K->337352K(4174784K), 0.0286520 secs] [Times: user=0.03 sys=0.01, real=0.04 secs] 
2016-02-16T10:19:41.077+0800: 57377.791: [GC [PSYoungGen: 1374024K->15616K(1378624K)] 1696520K->338738K(4174848K), 0.0293040 secs] [Times: user=0.04 sys=0.00, real=0.03 secs] 
2016-02-16T10:20:43.643+0800: 57440.358: [GC [PSYoungGen: 1374784K->15424K(1378816K)] 1697906K->338763K(4175040K), 0.0285260 secs] [Times: user=0.03 sys=0.00, real=0.03 secs] 
2016-02-16T10:21:41.608+0800: 57498.322: [GC [PSYoungGen: 1374912K->14944K(1378752K)] 1698251K->338468K(4174976K), 0.0341240 secs] [Times: user=0.04 sys=0.00, real=0.04 secs] 
2016-02-16T10:22:39.380+0800: 57556.094: [GC [PSYoungGen: 1374432K->15703K(1379072K)] 1697956K->339399K(4175296K), 0.0314340 secs] [Times: user=0.04 sys=0.00, real=0.03 secs] 
2016-02-16T10:23:39.403+0800: 57616.117: [GC [PSYoungGen: 1375575K->16848K(1378880K)] 1699271K->340784K(4175104K), 0.0312900 secs] [Times: user=0.04 sys=0.00, real=0.04 secs] 
2016-02-16T10:24:42.575+0800: 57679.290: [GC [PSYoungGen: 1376720K->17696K(1378496K)] 1700656K->341864K(4174720K), 0.0329810 secs] [Times: user=0.05 sys=0.00, real=0.04 secs] 
2016-02-16T10:25:42.287+0800: 57739.001: [GC [PSYoungGen: 1377248K->15248K(1378816K)] 1701416K->339633K(4175040K), 0.0284610 secs] [Times: user=0.04 sys=0.00, real=0.03 secs] 
2016-02-16T10:26:45.619+0800: 57802.334: [GC [PSYoungGen: 1374800K->16128K(1379200K)] 1699185K->340657K(4175424K), 0.0287900 secs] [Times: user=0.04 sys=0.00, real=0.03 secs] 
2016-02-16T10:27:50.868+0800: 57867.583: [GC [PSYoungGen: 1376192K->16400K(1378944K)] 1700721K->341020K(4175168K), 0.0332650 secs] [Times: user=0.05 sys=0.00, real=0.03 secs] 
2016-02-16T10:28:55.970+0800: 57932.684: [GC [PSYoungGen: 1376464K->17920K(1378624K)] 1701084K->342853K(4174848K), 0.0338120 secs] [Times: user=0.05 sys=0.00, real=0.03 secs] 
2016-02-16T10:29:53.856+0800: 57990.570: [GC [PSYoungGen: 1377856K->17424K(1377408K)] 1702789K->342512K(4173632K), 0.0330510 secs] [Times: user=0.04 sys=0.01, real=0.03 secs] 
2016-02-16T10:30:54.208+0800: 58050.923: [GC [PSYoungGen: 1377360K->18664K(1377792K)] 1702448K->344092K(4174016K), 0.0331650 secs] [Times: user=0.05 sys=0.00, real=0.03 secs] 
2016-02-16T10:31:53.233+0800: 58109.947: [GC [PSYoungGen: 1377320K->15616K(1378368K)] 1702748K->341396K(4174592K), 0.0296810 secs] [Times: user=0.04 sys=0.00, real=0.02 secs] 
2016-02-16T10:32:50.819+0800: 58167.533: [GC [PSYoungGen: 1374272K->16784K(1378752K)] 1700052K->342885K(4174976K), 0.0311120 secs] [Times: user=0.04 sys=0.01, real=0.04 secs] 
2016-02-16T10:33:43.064+0800: 58219.778: [GC [PSYoungGen: 1375952K->15856K(1378496K)] 1702053K->342201K(4174720K), 0.0287440 secs] [Times: user=0.04 sys=0.00, real=0.03 secs] 
2016-02-16T10:34:39.219+0800: 58275.934: [GC [PSYoungGen: 1375024K->16408K(1379072K)] 1701369K->343065K(4175296K), 0.0330950 secs] [Times: user=0.04 sys=0.00, real=0.04 secs] 
2016-02-16T10:35:35.551+0800: 58332.265: [GC [PSYoungGen: 1376280K->14352K(1378880K)] 1702937K->341267K(4175104K), 0.0277590 secs] [Times: user=0.03 sys=0.01, real=0.02 secs] 
2016-02-16T10:36:38.858+0800: 58395.572: [GC [PSYoungGen: 1374224K->17440K(1378688K)] 1701139K->344536K(4174912K), 0.0313770 secs] [Times: user=0.05 sys=0.00, real=0.03 secs] 
2016-02-16T10:37:42.830+0800: 58459.544: [GC [PSYoungGen: 1376992K->17904K(1377472K)] 1704088K->345323K(4173696K), 0.0325740 secs] [Times: user=0.04 sys=0.00, real=0.04 secs] 
2016-02-16T10:38:43.036+0800: 58519.750: [GC [PSYoungGen: 1377456K->16688K(1378816K)] 1704875K->344444K(4175040K), 0.0307590 secs] [Times: user=0.04 sys=0.01, real=0.02 secs] 
2016-02-16T10:39:47.231+0800: 58583.946: [GC [PSYoungGen: 1375984K->15824K(1378560K)] 1703740K->343796K(4174784K), 0.0281590 secs] [Times: user=0.04 sys=0.00, real=0.03 secs] 
2016-02-16T10:40:47.020+0800: 58643.734: [GC [PSYoungGen: 1375120K->17872K(1378432K)] 1703092K->345976K(4174656K), 0.0320630 secs] [Times: user=0.04 sys=0.00, real=0.03 secs] 
2016-02-16T10:41:52.066+0800: 58708.780: [GC [PSYoungGen: 1377168K->17456K(1378688K)] 1705272K->345912K(4174912K), 0.0315450 secs] [Times: user=0.04 sys=0.00, real=0.03 secs] 
2016-02-16T10:42:48.593+0800: 58765.308: [GC [PSYoungGen: 1376752K->15351K(1378688K)] 1705208K->344035K(4174912K), 0.0287110 secs] [Times: user=0.04 sys=0.00, real=0.02 secs] 
2016-02-16T10:43:55.508+0800: 58832.222: [GC [PSYoungGen: 1374647K->16672K(1378688K)] 1703331K->345497K(4174912K), 0.0306810 secs] [Times: user=0.04 sys=0.00, real=0.04 secs] 
2016-02-16T10:44:51.862+0800: 58888.577: [GC [PSYoungGen: 1375968K->16128K(1379136K)] 1704793K->345445K(4175360K), 0.0297780 secs] [Times: user=0.04 sys=0.00, real=0.03 secs] 
2016-02-16T10:45:49.378+0800: 58946.092: [GC [PSYoungGen: 1376128K->14704K(1378944K)] 1705445K->344243K(4175168K), 0.0281450 secs] [Times: user=0.04 sys=0.00, real=0.03 secs] 
2016-02-16T10:46:52.063+0800: 59008.778: [GC [PSYoungGen: 1374704K->17024K(1379072K)] 1704243K->346823K(4175296K), 0.0304580 secs] [Times: user=0.05 sys=0.00, real=0.03 secs] 
2016-02-16T10:47:50.561+0800: 59067.275: [GC [PSYoungGen: 1377088K->16128K(1379072K)] 1706887K->346203K(4175296K), 0.0313020 secs] [Times: user=0.04 sys=0.00, real=0.04 secs] 
2016-02-16T10:48:46.441+0800: 59123.155: [GC [PSYoungGen: 1376192K->16470K(1379456K)] 1706267K->346758K(4175680K), 0.0335040 secs] [Times: user=0.04 sys=0.00, real=0.03 secs] 
2016-02-16T10:49:45.826+0800: 59182.540: [GC [PSYoungGen: 1377110K->16032K(1379264K)] 1707398K->346457K(4175488K), 0.0313480 secs] [Times: user=0.05 sys=0.00, real=0.04 secs] 
2016-02-16T10:50:48.575+0800: 59245.289: [GC [PSYoungGen: 1376672K->16368K(1379840K)] 1707097K->347069K(4176064K), 0.0340470 secs] [Times: user=0.04 sys=0.00, real=0.03 secs] 
2016-02-16T10:51:50.958+0800: 59307.672: [GC [PSYoungGen: 1377776K->17712K(1379136K)] 1708477K->348542K(4175360K), 0.0388600 secs] [Times: user=0.06 sys=0.00, real=0.04 secs] 
2016-02-16T10:52:51.028+0800: 59367.743: [GC [PSYoungGen: 1379120K->15872K(1379648K)] 1709950K->346946K(4175872K), 0.0299630 secs] [Times: user=0.04 sys=0.00, real=0.03 secs] 
2016-02-16T10:53:54.302+0800: 59431.016: [GC [PSYoungGen: 1376960K->17480K(1378624K)] 1708034K->348699K(4174848K), 0.0318150 secs] [Times: user=0.05 sys=0.00, real=0.03 secs] 
2016-02-16T10:54:46.820+0800: 59483.535: [GC [PSYoungGen: 1378568K->14384K(1379072K)] 1709787K->345835K(4175296K), 0.0295940 secs] [Times: user=0.04 sys=0.00, real=0.03 secs] 
2016-02-16T10:55:45.682+0800: 59542.397: [GC [PSYoungGen: 1374832K->15616K(1379264K)] 1706283K->347341K(4175488K), 0.0280330 secs] [Times: user=0.04 sys=0.00, real=0.03 secs] 
2016-02-16T10:56:46.471+0800: 59603.185: [GC [PSYoungGen: 1376064K->16240K(1379648K)] 1707789K->348169K(4175872K), 0.0327240 secs] [Times: user=0.04 sys=0.00, real=0.03 secs] 
2016-02-16T10:57:41.983+0800: 59658.697: [GC [PSYoungGen: 1377200K->18416K(1379392K)] 1709129K->350689K(4175616K), 0.0343720 secs] [Times: user=0.04 sys=0.00, real=0.04 secs] 
2016-02-16T10:58:36.394+0800: 59713.109: [GC [PSYoungGen: 1379376K->16462K(1379008K)] 1711649K->348867K(4175232K), 0.0309920 secs] [Times: user=0.04 sys=0.00, real=0.03 secs] 
2016-02-16T10:59:39.178+0800: 59775.893: [GC [PSYoungGen: 1376782K->17456K(1377792K)] 1709187K->350050K(4174016K), 0.0315090 secs] [Times: user=0.04 sys=0.00, real=0.04 secs] 
2016-02-16T11:00:35.937+0800: 59832.652: [GC [PSYoungGen: 1377776K->14704K(1378816K)] 1710370K->347530K(4175040K), 0.0260410 secs] [Times: user=0.04 sys=0.00, real=0.02 secs] 
2016-02-16T11:01:35.005+0800: 59891.720: [GC [PSYoungGen: 1374512K->15642K(1378944K)] 1707338K->348892K(4175168K), 0.0333550 secs] [Times: user=0.03 sys=0.01, real=0.03 secs] 
2016-02-16T11:02:33.383+0800: 59950.097: [GC [PSYoungGen: 1375450K->17008K(1379136K)] 1708700K->350449K(4175360K), 0.0306620 secs] [Times: user=0.04 sys=0.00, real=0.03 secs] 
2016-02-16T11:03:32.406+0800: 60009.120: [GC [PSYoungGen: 1377200K->16864K(1379136K)] 1710641K->350430K(4175360K), 0.0303650 secs] [Times: user=0.04 sys=0.00, real=0.03 secs] 
2016-02-16T11:04:27.624+0800: 60064.339: [GC [PSYoungGen: 1377056K->16242K(1379392K)] 1710622K->350073K(4175616K), 0.0304920 secs] [Times: user=0.05 sys=0.00, real=0.03 secs] 
2016-02-16T11:05:29.268+0800: 60125.982: [GC [PSYoungGen: 1376754K->17440K(1379200K)] 1710585K->351673K(4175424K), 0.0308660 secs] [Times: user=0.04 sys=0.00, real=0.04 secs] 
2016-02-16T11:06:26.304+0800: 60183.018: [GC [PSYoungGen: 1377952K->17248K(1379136K)] 1712185K->351917K(4175360K), 0.0291760 secs] [Times: user=0.04 sys=0.00, real=0.04 secs] 
2016-02-16T11:07:21.074+0800: 60237.789: [GC [PSYoungGen: 1377568K->15684K(1379200K)] 1712237K->350518K(4175424K), 0.0299390 secs] [Times: user=0.04 sys=0.00, real=0.03 secs] 
2016-02-16T11:08:13.099+0800: 60289.813: [GC [PSYoungGen: 1376004K->13934K(1378880K)] 1710838K->349188K(4175104K), 0.0294070 secs] [Times: user=0.04 sys=0.00, real=0.03 secs] 
2016-02-16T11:09:08.322+0800: 60345.037: [GC [PSYoungGen: 1373998K->16437K(1379072K)] 1709252K->352026K(4175296K), 0.0334190 secs] [Times: user=0.04 sys=0.00, real=0.04 secs] 
2016-02-16T11:10:02.186+0800: 60398.901: [GC [PSYoungGen: 1376501K->16480K(1379456K)] 1712090K->352730K(4175680K), 0.0311560 secs] [Times: user=0.04 sys=0.00, real=0.03 secs] 
2016-02-16T11:10:55.513+0800: 60452.227: [GC [PSYoungGen: 1377120K->15920K(1379264K)] 1713370K->352394K(4175488K), 0.0294800 secs] [Times: user=0.04 sys=0.00, real=0.03 secs] 
2016-02-16T11:11:57.516+0800: 60514.230: [GC [PSYoungGen: 1376560K->16416K(1379776K)] 1713034K->353019K(4176000K), 0.0288830 secs] [Times: user=0.04 sys=0.01, real=0.03 secs] 
2016-02-16T11:12:57.904+0800: 60574.619: [GC [PSYoungGen: 1377696K->17440K(1378752K)] 1714299K->354300K(4174976K), 0.0335470 secs] [Times: user=0.04 sys=0.00, real=0.03 secs] 
2016-02-16T11:13:52.693+0800: 60629.408: [GC [PSYoungGen: 1378720K->16781K(1379584K)] 1715580K->353798K(4175808K), 0.0356970 secs] [Times: user=0.04 sys=0.00, real=0.04 secs] 
2016-02-16T11:14:53.551+0800: 60690.266: [GC [PSYoungGen: 1377805K->14960K(1379520K)] 1714822K->352611K(4175744K), 0.0309830 secs] [Times: user=0.05 sys=0.00, real=0.04 secs] 
2016-02-16T11:15:45.649+0800: 60742.364: [GC [PSYoungGen: 1375984K->14080K(1379200K)] 1713635K->351847K(4175424K), 0.0268960 secs] [Times: user=0.04 sys=0.00, real=0.02 secs] 
2016-02-16T11:16:41.894+0800: 60798.609: [GC [PSYoungGen: 1374784K->15584K(1379392K)] 1712551K->353555K(4175616K), 0.0331340 secs] [Times: user=0.04 sys=0.01, real=0.04 secs] 
2016-02-16T11:17:33.983+0800: 60850.698: [GC [PSYoungGen: 1376288K->14032K(1379456K)] 1714259K->352143K(4175680K), 0.0273690 secs] [Times: user=0.04 sys=0.00, real=0.02 secs] 
2016-02-16T11:18:35.941+0800: 60912.655: [GC [PSYoungGen: 1374992K->16624K(1377600K)] 1713103K->355045K(4173824K), 0.0308990 secs] [Times: user=0.05 sys=0.00, real=0.03 secs] 
2016-02-16T11:19:28.144+0800: 60964.858: [GC [PSYoungGen: 1377584K->14272K(1379456K)] 1716005K->352905K(4175680K), 0.0305870 secs] [Times: user=0.04 sys=0.00, real=0.02 secs] 
2016-02-16T11:20:23.049+0800: 61019.763: [GC [PSYoungGen: 1375104K->15696K(1379456K)] 1713737K->354609K(4175680K), 0.0321600 secs] [Times: user=0.04 sys=0.00, real=0.04 secs] 
2016-02-16T11:21:16.354+0800: 61073.068: [GC [PSYoungGen: 1376528K->15904K(1379904K)] 1715441K->354973K(4176128K), 0.0283830 secs] [Times: user=0.04 sys=0.00, real=0.03 secs] 
2016-02-16T11:22:12.014+0800: 61128.728: [GC [PSYoungGen: 1377440K->16832K(1379712K)] 1716509K->356086K(4175936K), 0.0321310 secs] [Times: user=0.05 sys=0.01, real=0.04 secs] 
2016-02-16T11:23:11.020+0800: 61187.735: [GC [PSYoungGen: 1378368K->16192K(1379904K)] 1717622K->355630K(4176128K), 0.0352070 secs] [Times: user=0.05 sys=0.00, real=0.03 secs] 
2016-02-16T11:24:09.709+0800: 61246.423: [GC [PSYoungGen: 1377792K->16931K(1378560K)] 1717230K->356710K(4174784K), 0.0306530 secs] [Times: user=0.04 sys=0.00, real=0.03 secs] 
2016-02-16T11:25:07.362+0800: 61304.076: [GC [PSYoungGen: 1378531K->16384K(1379840K)] 1718310K->356423K(4176064K), 0.0305120 secs] [Times: user=0.04 sys=0.00, real=0.04 secs] 
2016-02-16T11:26:04.753+0800: 61361.467: [GC [PSYoungGen: 1377856K->16144K(1379712K)] 1717895K->356399K(4175936K), 0.0318860 secs] [Times: user=0.04 sys=0.00, real=0.03 secs] 
2016-02-16T11:26:59.762+0800: 61416.476: [GC [PSYoungGen: 1377616K->15200K(1380032K)] 1717871K->355702K(4176256K), 0.0288800 secs] [Times: user=0.05 sys=0.00, real=0.03 secs] 
2016-02-16T11:27:58.929+0800: 61475.644: [GC [PSYoungGen: 1377120K->15280K(1379968K)] 1717622K->355919K(4176192K), 0.0271870 secs] [Times: user=0.03 sys=0.00, real=0.03 secs] 
2016-02-16T11:29:03.387+0800: 61540.101: [GC [PSYoungGen: 1377200K->15704K(1380288K)] 1717839K->356592K(4176512K), 0.0281280 secs] [Times: user=0.04 sys=0.00, real=0.03 secs] 
2016-02-16T11:30:06.336+0800: 61603.050: [GC [PSYoungGen: 1378072K->17745K(1380160K)] 1718960K->358854K(4176384K), 0.0344960 secs] [Times: user=0.04 sys=0.00, real=0.03 secs] 
2016-02-16T11:31:07.031+0800: 61663.745: [GC [PSYoungGen: 1380113K->15715K(1379776K)] 1721222K->357165K(4176000K), 0.0291930 secs] [Times: user=0.04 sys=0.00, real=0.04 secs] 
2016-02-16T11:32:14.754+0800: 61731.468: [GC [PSYoungGen: 1377571K->17904K(1379776K)] 1719021K->359708K(4176000K), 0.0346020 secs] [Times: user=0.04 sys=0.00, real=0.04 secs] 
2016-02-16T11:33:13.406+0800: 61790.121: [GC [PSYoungGen: 1379760K->16592K(1379392K)] 1721564K->358661K(4175616K), 0.0321860 secs] [Times: user=0.04 sys=0.00, real=0.03 secs] 
2016-02-16T11:34:15.287+0800: 61852.001: [GC [PSYoungGen: 1377680K->16384K(1379584K)] 1719749K->358761K(4175808K), 0.0290240 secs] [Times: user=0.04 sys=0.00, real=0.03 secs] 
2016-02-16T11:35:13.734+0800: 61910.448: [GC [PSYoungGen: 1377472K->15584K(1379840K)] 1719849K->358349K(4176064K), 0.0295120 secs] [Times: user=0.04 sys=0.01, real=0.03 secs] 
2016-02-16T11:36:13.788+0800: 61970.502: [GC [PSYoungGen: 1377056K->18192K(1379712K)] 1719821K->361153K(4175936K), 0.0347060 secs] [Times: user=0.04 sys=0.00, real=0.04 secs] 
2016-02-16T11:37:13.691+0800: 62030.405: [GC [PSYoungGen: 1379664K->16880K(1378944K)] 1722625K->360122K(4175168K), 0.0308040 secs] [Times: user=0.05 sys=0.00, real=0.03 secs] 
2016-02-16T11:38:21.312+0800: 62098.027: [GC [PSYoungGen: 1377456K->17568K(1378176K)] 1720698K->361108K(4174400K), 0.0334160 secs] [Times: user=0.05 sys=0.00, real=0.03 secs] 
2016-02-16T11:39:13.100+0800: 62149.814: [GC [PSYoungGen: 1378144K->13744K(1378752K)] 1721684K->357757K(4174976K), 0.0272960 secs] [Times: user=0.04 sys=0.00, real=0.02 secs] 
2016-02-16T11:40:09.389+0800: 62206.103: [GC [PSYoungGen: 1373552K->15696K(1378944K)] 1717565K->359886K(4175168K), 0.0304710 secs] [Times: user=0.04 sys=0.00, real=0.03 secs] 
2016-02-16T11:41:05.436+0800: 62262.150: [GC [PSYoungGen: 1375504K->15616K(1379264K)] 1719694K->360091K(4175488K), 0.0308170 secs] [Times: user=0.05 sys=0.00, real=0.03 secs] 
2016-02-16T11:42:03.341+0800: 62320.056: [GC [PSYoungGen: 1375872K->16352K(1379072K)] 1720347K->361039K(4175296K), 0.0297150 secs] [Times: user=0.04 sys=0.00, real=0.03 secs] 
2016-02-16T11:42:54.825+0800: 62371.539: [GC [PSYoungGen: 1376608K->17888K(1378688K)] 1721295K->362691K(4174912K), 0.0345530 secs] [Times: user=0.05 sys=0.00, real=0.04 secs] 
2016-02-16T11:43:49.220+0800: 62425.935: [GC [PSYoungGen: 1377952K->17591K(1377664K)] 1722755K->362535K(4173888K), 0.0335390 secs] [Times: user=0.05 sys=0.00, real=0.04 secs] 
2016-02-16T11:44:35.298+0800: 62472.013: [GC [PSYoungGen: 1377655K->17040K(1378944K)] 1722599K->362367K(4175168K), 0.0370530 secs] [Times: user=0.04 sys=0.00, real=0.04 secs] 
2016-02-16T11:45:13.234+0800: 62509.948: [GC [PSYoungGen: 1376784K->16704K(1378880K)] 1722111K->362204K(4175104K), 0.0328150 secs] [Times: user=0.04 sys=0.00, real=0.03 secs] 
2016-02-16T11:45:51.648+0800: 62548.363: [GC [PSYoungGen: 1376448K->16080K(1379264K)] 1721948K->361905K(4175488K), 0.0325140 secs] [Times: user=0.05 sys=0.00, real=0.03 secs] 
2016-02-16T11:46:35.216+0800: 62591.930: [GC [PSYoungGen: 1376400K->16768K(1379136K)] 1722225K->362866K(4175360K), 0.0306870 secs] [Times: user=0.04 sys=0.00, real=0.03 secs] 
2016-02-16T11:47:21.938+0800: 62638.653: [GC [PSYoungGen: 1377088K->16160K(1379584K)] 1723186K->362462K(4175808K), 0.0312160 secs] [Times: user=0.04 sys=0.00, real=0.03 secs] 
2016-02-16T11:48:13.729+0800: 62690.443: [GC [PSYoungGen: 1377056K->15312K(1379392K)] 1723358K->361697K(4175616K), 0.0319800 secs] [Times: user=0.04 sys=0.00, real=0.03 secs] 
2016-02-16T11:49:03.527+0800: 62740.241: [GC [PSYoungGen: 1376208K->17376K(1379200K)] 1722593K->363858K(4175424K), 0.0323630 secs] [Times: user=0.04 sys=0.00, real=0.03 secs] 
2016-02-16T11:49:58.766+0800: 62795.480: [GC [PSYoungGen: 1378080K->17856K(1378624K)] 1724562K->364803K(4174848K), 0.0320490 secs] [Times: user=0.05 sys=0.00, real=0.03 secs] 
2016-02-16T11:50:49.765+0800: 62846.479: [GC [PSYoungGen: 1378560K->16512K(1379328K)] 1725507K->363708K(4175552K), 0.0355550 secs] [Times: user=0.04 sys=0.00, real=0.04 secs] 
2016-02-16T11:51:46.028+0800: 62902.743: [GC [PSYoungGen: 1376896K->17536K(1379136K)] 1724092K->365087K(4175360K), 0.0354960 secs] [Times: user=0.04 sys=0.00, real=0.04 secs] 
2016-02-16T11:52:44.045+0800: 62960.759: [GC [PSYoungGen: 1377920K->15952K(1379264K)] 1725471K->363735K(4175488K), 0.0326350 secs] [Times: user=0.04 sys=0.00, real=0.03 secs] 
2016-02-16T11:53:38.583+0800: 63015.298: [GC [PSYoungGen: 1376336K->16480K(1379200K)] 1724119K->364576K(4175424K), 0.0318230 secs] [Times: user=0.04 sys=0.00, real=0.03 secs] 
2016-02-16T11:54:27.487+0800: 63064.202: [GC [PSYoungGen: 1376864K->15856K(1379520K)] 1724960K->364072K(4175744K), 0.0308830 secs] [Times: user=0.04 sys=0.00, real=0.03 secs] 
2016-02-16T11:55:22.218+0800: 63118.933: [GC [PSYoungGen: 1376752K->16496K(1379456K)] 1724968K->364928K(4175680K), 0.0365180 secs] [Times: user=0.05 sys=0.00, real=0.04 secs] 
2016-02-16T11:56:19.518+0800: 63176.232: [GC [PSYoungGen: 1377392K->15216K(1379712K)] 1725824K->363880K(4175936K), 0.0329060 secs] [Times: user=0.04 sys=0.00, real=0.03 secs] 
2016-02-16T11:57:16.947+0800: 63233.661: [GC [PSYoungGen: 1376560K->14480K(1375872K)] 1725224K->363372K(4172096K), 0.0269860 secs] [Times: user=0.04 sys=0.00, real=0.03 secs] 
2016-02-16T11:58:18.304+0800: 63295.019: [GC [PSYoungGen: 1375824K->17792K(1378816K)] 1724716K->367029K(4175040K), 0.0312790 secs] [Times: user=0.04 sys=0.00, real=0.03 secs] 
2016-02-16T11:59:20.644+0800: 63357.358: [GC [PSYoungGen: 1378112K->15632K(1379200K)] 1727349K->365089K(4175424K), 0.0302840 secs] [Times: user=0.05 sys=0.00, real=0.03 secs] 
2016-02-16T12:00:20.529+0800: 63417.244: [GC [PSYoungGen: 1375952K->17551K(1378816K)] 1725409K->367256K(4175040K), 0.0347930 secs] [Times: user=0.04 sys=0.00, real=0.04 secs] 
2016-02-16T12:01:29.513+0800: 63486.227: [GC [PSYoungGen: 1377615K->16961K(1379072K)] 1727320K->366914K(4175296K), 0.0321580 secs] [Times: user=0.04 sys=0.00, real=0.03 secs] 
2016-02-16T12:02:30.516+0800: 63547.231: [GC [PSYoungGen: 1377025K->16801K(1379264K)] 1726978K->367061K(4175488K), 0.0377170 secs] [Times: user=0.04 sys=0.01, real=0.04 secs] 
2016-02-16T12:03:27.312+0800: 63604.027: [GC [PSYoungGen: 1377121K->17216K(1379136K)] 1727381K->367966K(4175360K), 0.0314020 secs] [Times: user=0.05 sys=0.00, real=0.03 secs] 
2016-02-16T12:04:25.291+0800: 63662.005: [GC [PSYoungGen: 1377536K->17888K(1378624K)] 1728286K->369047K(4174848K), 0.0314050 secs] [Times: user=0.04 sys=0.00, real=0.03 secs] 
2016-02-16T12:05:21.383+0800: 63718.097: [GC [PSYoungGen: 1377696K->14704K(1374528K)] 1728855K->366031K(4170752K), 0.0322790 secs] [Times: user=0.04 sys=0.00, real=0.04 secs] 
2016-02-16T12:06:27.024+0800: 63783.738: [GC [PSYoungGen: 1374512K->17680K(1378496K)] 1725839K->369228K(4174720K), 0.0319630 secs] [Times: user=0.04 sys=0.01, real=0.03 secs] 
2016-02-16T12:07:31.587+0800: 63848.301: [GC [PSYoungGen: 1376976K->14480K(1373824K)] 1728524K->366276K(4170048K), 0.0288590 secs] [Times: user=0.04 sys=0.00, real=0.03 secs] 
2016-02-16T12:08:41.623+0800: 63918.337: [GC [PSYoungGen: 1373776K->16976K(1378688K)] 1725572K->368960K(4174912K), 0.0340750 secs] [Times: user=0.04 sys=0.00, real=0.03 secs] 
2016-02-16T12:09:42.525+0800: 63979.240: [GC [PSYoungGen: 1376208K->15840K(1378624K)] 1728192K->367977K(4174848K), 0.0305010 secs] [Times: user=0.04 sys=0.00, real=0.03 secs] 
2016-02-16T12:10:43.326+0800: 64040.041: [GC [PSYoungGen: 1375072K->14432K(1378752K)] 1727209K->366788K(4174976K), 0.0275370 secs] [Times: user=0.03 sys=0.00, real=0.03 secs] 
2016-02-16T12:11:52.626+0800: 64109.341: [GC [PSYoungGen: 1373984K->15584K(1378816K)] 1726340K->368100K(4175040K), 0.0295270 secs] [Times: user=0.04 sys=0.00, real=0.03 secs] 
2016-02-16T12:12:52.707+0800: 64169.421: [GC [PSYoungGen: 1375136K->15600K(1379200K)] 1727652K->368241K(4175424K), 0.0277130 secs] [Times: user=0.04 sys=0.00, real=0.02 secs] 
2016-02-16T12:13:54.473+0800: 64231.187: [GC [PSYoungGen: 1375728K->18512K(1378688K)] 1728369K->371449K(4174912K), 0.0391080 secs] [Times: user=0.04 sys=0.00, real=0.04 secs] 
2016-02-16T12:14:51.967+0800: 64288.682: [GC [PSYoungGen: 1378640K->16613K(1378816K)] 1731577K->370043K(4175040K), 0.0324550 secs] [Times: user=0.05 sys=0.00, real=0.04 secs] 
2016-02-16T12:15:46.172+0800: 64342.886: [GC [PSYoungGen: 1376037K->14592K(1378688K)] 1729467K->368227K(4174912K), 0.0287840 secs] [Times: user=0.03 sys=0.00, real=0.02 secs] 
2016-02-16T12:16:55.968+0800: 64412.683: [GC [PSYoungGen: 1374016K->18224K(1377920K)] 1727651K->372023K(4174144K), 0.0348930 secs] [Times: user=0.04 sys=0.01, real=0.03 secs] 
2016-02-16T12:18:00.535+0800: 64477.250: [GC [PSYoungGen: 1376880K->14544K(1378368K)] 1730679K->368635K(4174592K), 0.0293290 secs] [Times: user=0.04 sys=0.00, real=0.04 secs] 
2016-02-16T12:18:58.686+0800: 64535.400: [GC [PSYoungGen: 1373200K->18209K(1377600K)] 1727291K->372652K(4173824K), 0.0358420 secs] [Times: user=0.04 sys=0.00, real=0.04 secs] 
2016-02-16T12:19:56.623+0800: 64593.338: [GC [PSYoungGen: 1376097K->16744K(1377984K)] 1730540K->371547K(4174208K), 0.0312850 secs] [Times: user=0.04 sys=0.00, real=0.03 secs] 
2016-02-16T12:20:48.591+0800: 64645.305: [GC [PSYoungGen: 1374632K->14640K(1378240K)] 1729435K->369808K(4174464K), 0.0274960 secs] [Times: user=0.04 sys=0.00, real=0.03 secs] 
2016-02-16T12:21:46.134+0800: 64702.849: [GC [PSYoungGen: 1373040K->16288K(1378240K)] 1728208K->371695K(4174464K), 0.0298970 secs] [Times: user=0.05 sys=0.00, real=0.03 secs] 
2016-02-16T12:22:49.387+0800: 64766.101: [GC [PSYoungGen: 1374688K->14240K(1378560K)] 1730095K->369864K(4174784K), 0.0266370 secs] [Times: user=0.04 sys=0.00, real=0.03 secs] 
2016-02-16T12:23:53.857+0800: 64830.572: [GC [PSYoungGen: 1373280K->17056K(1378560K)] 1728904K->372844K(4174784K), 0.0342360 secs] [Times: user=0.04 sys=0.00, real=0.03 secs] 
2016-02-16T12:24:51.711+0800: 64888.426: [GC [PSYoungGen: 1376096K->16064K(1378880K)] 1731884K->372025K(4175104K), 0.0320230 secs] [Times: user=0.04 sys=0.00, real=0.03 secs] 
2016-02-16T12:25:49.995+0800: 64946.710: [GC [PSYoungGen: 1375424K->14768K(1378560K)] 1731385K->370977K(4174784K), 0.0279770 secs] [Times: user=0.04 sys=0.00, real=0.03 secs] 
2016-02-16T12:26:46.834+0800: 65003.548: [GC [PSYoungGen: 1374128K->13616K(1378688K)] 1730337K->369965K(4174912K), 0.0270430 secs] [Times: user=0.03 sys=0.00, real=0.02 secs] 
2016-02-16T12:27:44.433+0800: 65061.147: [GC [PSYoungGen: 1373168K->16160K(1378816K)] 1729517K->372693K(4175040K), 0.0322800 secs] [Times: user=0.05 sys=0.00, real=0.03 secs] 
2016-02-16T12:28:39.893+0800: 65116.608: [GC [PSYoungGen: 1375712K->14896K(1379200K)] 1732245K->371781K(4175424K), 0.0322940 secs] [Times: user=0.04 sys=0.00, real=0.04 secs] 
2016-02-16T12:29:37.797+0800: 65174.511: [GC [PSYoungGen: 1375024K->17424K(1377600K)] 1731909K->374778K(4173824K), 0.0324600 secs] [Times: user=0.04 sys=0.00, real=0.03 secs] 
2016-02-16T12:30:26.291+0800: 65223.006: [GC [PSYoungGen: 1377552K->14720K(1379008K)] 1734906K->372298K(4175232K), 0.0278220 secs] [Times: user=0.04 sys=0.00, real=0.02 secs] 
2016-02-16T12:31:19.137+0800: 65275.851: [GC [PSYoungGen: 1374528K->15760K(1378880K)] 1732106K->373614K(4175104K), 0.0307480 secs] [Times: user=0.04 sys=0.00, real=0.03 secs] 
2016-02-16T12:32:14.222+0800: 65330.936: [GC [PSYoungGen: 1375568K->16704K(1379200K)] 1733422K->374814K(4175424K), 0.0306480 secs] [Times: user=0.04 sys=0.00, real=0.03 secs] 
2016-02-16T12:33:09.169+0800: 65385.883: [GC [PSYoungGen: 1377152K->15680K(1379264K)] 1735262K->374250K(4175488K), 0.0286500 secs] [Times: user=0.04 sys=0.00, real=0.02 secs] 
2016-02-16T12:33:58.748+0800: 65435.463: [GC [PSYoungGen: 1376128K->15728K(1379776K)] 1734698K->374422K(4176000K), 0.0282340 secs] [Times: user=0.04 sys=0.00, real=0.03 secs] 
2016-02-16T12:34:53.011+0800: 65489.726: [GC [PSYoungGen: 1376944K->15952K(1379520K)] 1735638K->374859K(4175744K), 0.0324250 secs] [Times: user=0.04 sys=0.00, real=0.04 secs] 
2016-02-16T12:35:43.386+0800: 65540.100: [GC [PSYoungGen: 1377168K->15616K(1380160K)] 1736075K->374843K(4176384K), 0.0288200 secs] [Times: user=0.04 sys=0.00, real=0.03 secs] 
2016-02-16T12:36:36.815+0800: 65593.530: [GC [PSYoungGen: 1377664K->15442K(1379968K)] 1736891K->374778K(4176192K), 0.0287470 secs] [Times: user=0.04 sys=0.00, real=0.04 secs] 
2016-02-16T12:37:30.756+0800: 65647.471: [GC [PSYoungGen: 1377490K->15584K(1380480K)] 1736826K->375104K(4176704K), 0.0283510 secs] [Times: user=0.03 sys=0.01, real=0.03 secs] 
2016-02-16T12:38:28.598+0800: 65705.312: [GC [PSYoungGen: 1378272K->15360K(1380288K)] 1737792K->375207K(4176512K), 0.0310200 secs] [Times: user=0.04 sys=0.00, real=0.04 secs] 
2016-02-16T12:39:23.264+0800: 65759.978: [GC [PSYoungGen: 1378048K->15808K(1380736K)] 1737895K->375823K(4176960K), 0.0342770 secs] [Times: user=0.04 sys=0.00, real=0.04 secs] 
2016-02-16T12:40:19.890+0800: 65816.605: [GC [PSYoungGen: 1379072K->16800K(1380096K)] 1739087K->376996K(4176320K), 0.0333300 secs] [Times: user=0.05 sys=0.00, real=0.04 secs] 
2016-02-16T12:41:11.776+0800: 65868.491: [GC [PSYoungGen: 1380064K->16544K(1380352K)] 1740260K->377100K(4176576K), 0.0299660 secs] [Times: user=0.04 sys=0.01, real=0.03 secs] 
2016-02-16T12:42:10.069+0800: 65926.784: [GC [PSYoungGen: 1379296K->17663K(1380416K)] 1739852K->379960K(4176640K), 0.0345150 secs] [Times: user=0.05 sys=0.00, real=0.04 secs] 
2016-02-16T12:43:11.496+0800: 65988.210: [GC [PSYoungGen: 1380415K->17648K(1377472K)] 1742712K->380165K(4173696K), 0.0360340 secs] [Times: user=0.05 sys=0.00, real=0.03 secs] 
2016-02-16T12:44:09.129+0800: 66045.843: [GC [PSYoungGen: 1377456K->14432K(1374272K)] 1739973K->377157K(4170496K), 0.0284240 secs] [Times: user=0.04 sys=0.00, real=0.03 secs] 
2016-02-16T12:45:07.116+0800: 66103.830: [GC [PSYoungGen: 1374240K->15648K(1379072K)] 1736965K->378681K(4175296K), 0.0331060 secs] [Times: user=0.04 sys=0.00, real=0.03 secs] 
2016-02-16T12:46:06.929+0800: 66163.643: [GC [PSYoungGen: 1375520K->15888K(1378880K)] 1738553K->379077K(4175104K), 0.0296150 secs] [Times: user=0.05 sys=0.00, real=0.02 secs] 
2016-02-16T12:46:56.874+0800: 66213.588: [GC [PSYoungGen: 1375760K->15392K(1379456K)] 1738949K->378829K(4175680K), 0.0306640 secs] [Times: user=0.04 sys=0.00, real=0.03 secs] 
2016-02-16T12:47:54.724+0800: 66271.439: [GC [PSYoungGen: 1376096K->15504K(1379328K)] 1739533K->379062K(4175552K), 0.0309150 secs] [Times: user=0.04 sys=0.01, real=0.03 secs] 
2016-02-16T12:48:43.321+0800: 66320.035: [GC [PSYoungGen: 1376208K->14256K(1379456K)] 1739766K->378091K(4175680K), 0.0272830 secs] [Times: user=0.04 sys=0.00, real=0.03 secs] 
2016-02-16T12:49:33.658+0800: 66370.372: [GC [PSYoungGen: 1375216K->13168K(1374144K)] 1739051K->377187K(4170368K), 0.0265790 secs] [Times: user=0.04 sys=0.00, real=0.02 secs] 
2016-02-16T12:50:25.209+0800: 66421.924: [GC [PSYoungGen: 1374128K->16384K(1379392K)] 1738147K->380579K(4175616K), 0.0301950 secs] [Times: user=0.04 sys=0.00, real=0.03 secs] 
2016-02-16T12:51:29.149+0800: 66485.863: [GC [PSYoungGen: 1377024K->16768K(1377408K)] 1741219K->381231K(4173632K), 0.0317200 secs] [Times: user=0.04 sys=0.01, real=0.03 secs] 
2016-02-16T12:52:32.573+0800: 66549.288: [GC [PSYoungGen: 1377408K->18688K(1377728K)] 1741871K->383300K(4173952K), 0.0339460 secs] [Times: user=0.04 sys=0.00, real=0.04 secs] 
2016-02-16T12:53:33.404+0800: 66610.118: [GC [PSYoungGen: 1377600K->16160K(1378496K)] 1742212K->381184K(4174720K), 0.0300800 secs] [Times: user=0.04 sys=0.01, real=0.03 secs] 
2016-02-16T12:54:37.513+0800: 66674.227: [GC [PSYoungGen: 1375072K->16928K(1378816K)] 1740096K->382229K(4175040K), 0.0350670 secs] [Times: user=0.04 sys=0.00, real=0.04 secs] 
2016-02-16T12:55:31.475+0800: 66728.190: [GC [PSYoungGen: 1376480K->15952K(1378816K)] 1741781K->381481K(4175040K), 0.0305570 secs] [Times: user=0.05 sys=0.00, real=0.04 secs] 
2016-02-16T12:56:34.385+0800: 66791.099: [GC [PSYoungGen: 1375504K->16256K(1379328K)] 1741033K->382117K(4175552K), 0.0317410 secs] [Times: user=0.04 sys=0.00, real=0.03 secs] 
2016-02-16T12:57:29.886+0800: 66846.601: [GC [PSYoungGen: 1376576K->16816K(1379072K)] 1742437K->383006K(4175296K), 0.0338790 secs] [Times: user=0.05 sys=0.00, real=0.04 secs] 
2016-02-16T12:58:23.651+0800: 66900.366: [GC [PSYoungGen: 1377136K->16032K(1379520K)] 1743326K->382475K(4175744K), 0.0312730 secs] [Times: user=0.05 sys=0.00, real=0.03 secs] 
2016-02-16T12:59:18.776+0800: 66955.490: [GC [PSYoungGen: 1376800K->16208K(1379328K)] 1743243K->382944K(4175552K), 0.0296970 secs] [Times: user=0.05 sys=0.00, real=0.03 secs] 
2016-02-16T13:00:18.016+0800: 67014.730: [GC [PSYoungGen: 1376976K->16752K(1379776K)] 1743712K->383662K(4176000K), 0.0313700 secs] [Times: user=0.04 sys=0.00, real=0.02 secs] 
2016-02-16T13:01:15.555+0800: 67072.270: [GC [PSYoungGen: 1378224K->17120K(1378624K)] 1745134K->384306K(4174848K), 0.0306640 secs] [Times: user=0.04 sys=0.00, real=0.03 secs] 
2016-02-16T13:02:10.657+0800: 67127.371: [GC [PSYoungGen: 1378592K->15952K(1379776K)] 1745778K->383495K(4176000K), 0.0308720 secs] [Times: user=0.03 sys=0.00, real=0.04 secs] 
2016-02-16T13:03:12.347+0800: 67189.061: [GC [PSYoungGen: 1377296K->16624K(1379648K)] 1744839K->384463K(4175872K), 0.0322480 secs] [Times: user=0.04 sys=0.01, real=0.03 secs] 
2016-02-16T13:04:11.728+0800: 67248.443: [GC [PSYoungGen: 1377968K->15792K(1379968K)] 1745807K->383832K(4176192K), 0.0311970 secs] [Times: user=0.04 sys=0.00, real=0.04 secs] 
2016-02-16T13:05:09.649+0800: 67306.363: [GC [PSYoungGen: 1377520K->16832K(1379840K)] 1745560K->385197K(4176064K), 0.0315830 secs] [Times: user=0.05 sys=0.00, real=0.03 secs] 
2016-02-16T13:06:05.866+0800: 67362.581: [GC [PSYoungGen: 1378560K->15728K(1380032K)] 1746925K->384457K(4176256K), 0.0286010 secs] [Times: user=0.04 sys=0.00, real=0.02 secs] 
2016-02-16T13:07:06.937+0800: 67423.651: [GC [PSYoungGen: 1377584K->15909K(1379904K)] 1746313K->384843K(4176128K), 0.0304730 secs] [Times: user=0.04 sys=0.00, real=0.03 secs] 
2016-02-16T13:08:05.345+0800: 67482.059: [GC [PSYoungGen: 1377765K->14976K(1380096K)] 1746699K->384158K(4176320K), 0.0294880 secs] [Times: user=0.03 sys=0.00, real=0.03 secs] 
2016-02-16T13:09:06.981+0800: 67543.696: [GC [PSYoungGen: 1377088K->15824K(1380096K)] 1746270K->385179K(4176320K), 0.0286770 secs] [Times: user=0.04 sys=0.00, real=0.03 secs] 
2016-02-16T13:10:13.300+0800: 67610.015: [GC [PSYoungGen: 1377936K->16032K(1380352K)] 1747291K->385547K(4176576K), 0.0314930 secs] [Times: user=0.04 sys=0.00, real=0.03 secs] 
2016-02-16T13:11:13.550+0800: 67670.264: [GC [PSYoungGen: 1378528K->15792K(1380224K)] 1748043K->385491K(4176448K), 0.0315990 secs] [Times: user=0.04 sys=0.00, real=0.03 secs] 
2016-02-16T13:12:12.441+0800: 67729.155: [GC [PSYoungGen: 1378288K->15536K(1380544K)] 1747987K->385400K(4176768K), 0.0298270 secs] [Times: user=0.04 sys=0.00, real=0.02 secs] 
2016-02-16T13:13:10.084+0800: 67786.798: [GC [PSYoungGen: 1378480K->14224K(1377216K)] 1748344K->384468K(4173440K), 0.0256170 secs] [Times: user=0.04 sys=0.00, real=0.03 secs] 
2016-02-16T13:14:12.781+0800: 67849.496: [GC [PSYoungGen: 1377168K->15184K(1380480K)] 1747412K->385621K(4176704K), 0.0306620 secs] [Times: user=0.04 sys=0.00, real=0.03 secs] 
2016-02-16T13:15:09.371+0800: 67906.085: [GC [PSYoungGen: 1378000K->16080K(1380416K)] 1748437K->386693K(4176640K), 0.0316490 secs] [Times: user=0.04 sys=0.00, real=0.04 secs] 
2016-02-16T13:16:14.068+0800: 67970.782: [GC [PSYoungGen: 1378896K->16608K(1380288K)] 1749509K->387557K(4176512K), 0.0302550 secs] [Times: user=0.04 sys=0.00, real=0.04 secs] 
2016-02-16T13:17:17.557+0800: 68034.271: [GC [PSYoungGen: 1379360K->16608K(1379392K)] 1750309K->387994K(4175616K), 0.0340180 secs] [Times: user=0.05 sys=0.00, real=0.03 secs] 
2016-02-16T13:18:17.948+0800: 68094.662: [GC [PSYoungGen: 1379360K->15488K(1380416K)] 1750746K->387046K(4176640K), 0.0280450 secs] [Times: user=0.04 sys=0.00, real=0.03 secs] 
2016-02-16T13:19:15.388+0800: 68152.103: [GC [PSYoungGen: 1378112K->16500K(1380288K)] 1749670K->388299K(4176512K), 0.0300030 secs] [Times: user=0.04 sys=0.01, real=0.03 secs] 
2016-02-16T13:20:14.031+0800: 68210.746: [GC [PSYoungGen: 1379124K->13721K(1379968K)] 1750923K->386086K(4176192K), 0.0274150 secs] [Times: user=0.04 sys=0.00, real=0.03 secs] 
2016-02-16T13:21:17.893+0800: 68274.608: [GC [PSYoungGen: 1375961K->15104K(1380160K)] 1748326K->387592K(4176384K), 0.0267170 secs] [Times: user=0.05 sys=0.00, real=0.03 secs] 
2016-02-16T13:22:23.535+0800: 68340.249: [GC [PSYoungGen: 1377344K->16328K(1380160K)] 1749832K->388960K(4176384K), 0.0317060 secs] [Times: user=0.05 sys=0.00, real=0.03 secs] 
2016-02-16T13:23:29.340+0800: 68406.054: [GC [PSYoungGen: 1378696K->16417K(1378816K)] 1751328K->389237K(4175040K), 0.0290900 secs] [Times: user=0.05 sys=0.00, real=0.04 secs] 
2016-02-16T13:24:35.059+0800: 68471.774: [GC [PSYoungGen: 1378785K->17904K(1378368K)] 1751605K->391694K(4174592K), 0.0343530 secs] [Times: user=0.05 sys=0.00, real=0.03 secs] 
2016-02-16T13:25:30.696+0800: 68527.411: [GC [PSYoungGen: 1378352K->16816K(1379264K)] 1752142K->390854K(4175488K), 0.0396660 secs] [Times: user=0.05 sys=0.01, real=0.04 secs] 
2016-02-16T13:26:38.387+0800: 68595.101: [GC [PSYoungGen: 1377264K->16880K(1379264K)] 1751302K->391205K(4175488K), 0.0309690 secs] [Times: user=0.04 sys=0.00, real=0.04 secs] 
2016-02-16T13:27:44.659+0800: 68661.373: [GC [PSYoungGen: 1377328K->15072K(1379264K)] 1751653K->389746K(4175488K), 0.0286500 secs] [Times: user=0.05 sys=0.00, real=0.03 secs] 
2016-02-16T13:28:50.482+0800: 68727.197: [GC [PSYoungGen: 1375520K->17840K(1378560K)] 1750194K->392742K(4174784K), 0.0342550 secs] [Times: user=0.04 sys=0.00, real=0.03 secs] 
2016-02-16T13:29:59.261+0800: 68795.976: [GC [PSYoungGen: 1377648K->15792K(1378944K)] 1752550K->390979K(4175168K), 0.0304340 secs] [Times: user=0.04 sys=0.00, real=0.03 secs] 
2016-02-16T13:31:02.347+0800: 68859.061: [GC [PSYoungGen: 1375600K->14528K(1379136K)] 1750787K->389959K(4175360K), 0.0277970 secs] [Times: user=0.04 sys=0.00, real=0.03 secs] 
2016-02-16T13:32:03.631+0800: 68920.346: [GC [PSYoungGen: 1374720K->16832K(1379136K)] 1750151K->392491K(4175360K), 0.0300610 secs] [Times: user=0.04 sys=0.00, real=0.03 secs] 
2016-02-16T13:33:09.862+0800: 68986.576: [GC [PSYoungGen: 1377024K->18929K(1376960K)] 1752683K->395526K(4173184K), 0.0393080 secs] [Times: user=0.05 sys=0.00, real=0.04 secs] 
2016-02-16T13:34:16.290+0800: 69053.005: [GC [PSYoungGen: 1376945K->14656K(1378048K)] 1753542K->391517K(4174272K), 0.0281560 secs] [Times: user=0.04 sys=0.00, real=0.02 secs] 
2016-02-16T13:35:13.477+0800: 69110.191: [GC [PSYoungGen: 1372672K->15616K(1378304K)] 1749533K->392806K(4174528K), 0.0304390 secs] [Times: user=0.05 sys=0.00, real=0.03 secs] 
2016-02-16T13:36:08.197+0800: 69164.911: [GC [PSYoungGen: 1373888K->14304K(1378048K)] 1751078K->391866K(4174272K), 0.0318810 secs] [Times: user=0.05 sys=0.00, real=0.03 secs] 
2016-02-16T13:37:12.128+0800: 69228.842: [GC [PSYoungGen: 1372576K->17008K(1378304K)] 1750138K->394759K(4174528K), 0.0299950 secs] [Times: user=0.04 sys=0.00, real=0.03 secs] 
2016-02-16T13:38:14.561+0800: 69291.275: [GC [PSYoungGen: 1375536K->17088K(1378304K)] 1753287K->395023K(4174528K), 0.0315110 secs] [Times: user=0.05 sys=0.00, real=0.03 secs] 
2016-02-16T13:39:09.401+0800: 69346.116: [GC [PSYoungGen: 1375616K->15376K(1378560K)] 1753551K->393576K(4174784K), 0.0308140 secs] [Times: user=0.04 sys=0.00, real=0.03 secs] 
2016-02-16T13:40:08.943+0800: 69405.658: [GC [PSYoungGen: 1374224K->14016K(1378368K)] 1752424K->392444K(4174592K), 0.0281010 secs] [Times: user=0.04 sys=0.00, real=0.03 secs] 
2016-02-16T13:41:08.951+0800: 69465.665: [GC [PSYoungGen: 1372864K->17312K(1378240K)] 1751292K->395944K(4174464K), 0.0322000 secs] [Times: user=0.05 sys=0.00, real=0.03 secs] 
2016-02-16T13:42:13.115+0800: 69529.829: [GC [PSYoungGen: 1375968K->15776K(1378368K)] 1754600K->394532K(4174592K), 0.0306900 secs] [Times: user=0.04 sys=0.00, real=0.03 secs] 
2016-02-16T13:43:08.796+0800: 69585.511: [GC [PSYoungGen: 1374432K->17344K(1378304K)] 1753188K->396228K(4174528K), 0.0335080 secs] [Times: user=0.05 sys=0.00, real=0.03 secs] 
2016-02-16T13:44:09.515+0800: 69646.230: [GC [PSYoungGen: 1376256K->15632K(1378496K)] 1755140K->394836K(4174720K), 0.0296830 secs] [Times: user=0.05 sys=0.00, real=0.03 secs] 
2016-02-16T13:45:11.001+0800: 69707.715: [GC [PSYoungGen: 1374544K->17728K(1378240K)] 1753748K->397348K(4174464K), 0.0322370 secs] [Times: user=0.05 sys=0.00, real=0.03 secs] 
2016-02-16T13:46:21.351+0800: 69778.065: [GC [PSYoungGen: 1376640K->16336K(1378496K)] 1756260K->396313K(4174720K), 0.0322340 secs] [Times: user=0.04 sys=0.00, real=0.03 secs] 
2016-02-16T13:47:24.326+0800: 69841.040: [GC [PSYoungGen: 1375248K->15744K(1379008K)] 1755225K->396170K(4175232K), 0.0337960 secs] [Times: user=0.05 sys=0.00, real=0.03 secs] 
2016-02-16T13:48:25.508+0800: 69902.222: [GC [PSYoungGen: 1375488K->16096K(1378816K)] 1755914K->396734K(4175040K), 0.0302180 secs] [Times: user=0.04 sys=0.00, real=0.04 secs] 
2016-02-16T13:49:25.965+0800: 69962.679: [GC [PSYoungGen: 1375840K->15824K(1379456K)] 1756478K->396570K(4175680K), 0.0293560 secs] [Times: user=0.04 sys=0.00, real=0.03 secs] 
2016-02-16T13:50:23.310+0800: 70020.025: [GC [PSYoungGen: 1376464K->14400K(1379264K)] 1757210K->395350K(4175488K), 0.0260700 secs] [Times: user=0.04 sys=0.00, real=0.02 secs] 
2016-02-16T13:51:26.297+0800: 70083.011: [GC [PSYoungGen: 1375040K->16768K(1379392K)] 1755990K->398083K(4175616K), 0.0313390 secs] [Times: user=0.05 sys=0.00, real=0.03 secs] 
2016-02-16T13:52:22.941+0800: 70139.655: [GC [PSYoungGen: 1377472K->14848K(1379392K)] 1758787K->396536K(4175616K), 0.0299270 secs] [Times: user=0.04 sys=0.00, real=0.02 secs] 
2016-02-16T13:53:16.505+0800: 70193.219: [GC [PSYoungGen: 1375552K->15856K(1379648K)] 1757240K->397719K(4175872K), 0.0350600 secs] [Times: user=0.04 sys=0.00, real=0.04 secs] 
2016-02-16T13:54:02.983+0800: 70239.697: [GC [PSYoungGen: 1376816K->12640K(1373632K)] 1758679K->394880K(4169856K), 0.0276450 secs] [Times: user=0.04 sys=0.00, real=0.03 secs] 
2016-02-16T13:55:05.575+0800: 70302.289: [GC [PSYoungGen: 1373600K->16064K(1379520K)] 1755840K->398496K(4175744K), 0.0301830 secs] [Times: user=0.05 sys=0.00, real=0.03 secs] 
2016-02-16T13:56:06.090+0800: 70362.805: [GC [PSYoungGen: 1376832K->18559K(1379328K)] 1759264K->403157K(4175552K), 0.0346000 secs] [Times: user=0.06 sys=0.00, real=0.03 secs] 
2016-02-16T13:56:59.482+0800: 70416.197: [GC [PSYoungGen: 1379327K->14448K(1376640K)] 1763925K->399327K(4172864K), 0.0282440 secs] [Times: user=0.04 sys=0.00, real=0.03 secs] 
2016-02-16T13:58:11.165+0800: 70487.880: [GC [PSYoungGen: 1372336K->16064K(1377984K)] 1757215K->401291K(4174208K), 0.0284800 secs] [Times: user=0.04 sys=0.00, real=0.03 secs] 
2016-02-16T13:59:06.823+0800: 70543.538: [GC [PSYoungGen: 1373952K->14880K(1378560K)] 1759179K->400388K(4174784K), 0.0287730 secs] [Times: user=0.04 sys=0.00, real=0.03 secs] 
2016-02-16T14:00:08.691+0800: 70605.405: [GC [PSYoungGen: 1373728K->15008K(1378368K)] 1759236K->400796K(4174592K), 0.0284030 secs] [Times: user=0.04 sys=0.00, real=0.03 secs] 
2016-02-16T14:01:07.994+0800: 70664.709: [GC [PSYoungGen: 1373856K->16037K(1379008K)] 1759644K->401909K(4175232K), 0.0261910 secs] [Times: user=0.04 sys=0.00, real=0.03 secs] 
2016-02-16T14:02:16.500+0800: 70733.214: [GC [PSYoungGen: 1375717K->18704K(1378432K)] 1761589K->405046K(4174656K), 0.0351030 secs] [Times: user=0.05 sys=0.01, real=0.03 secs] 
2016-02-16T14:03:16.169+0800: 70792.883: [GC [PSYoungGen: 1378384K->14688K(1378432K)] 1764726K->401294K(4174656K), 0.0310310 secs] [Times: user=0.05 sys=0.00, real=0.03 secs] 
2016-02-16T14:04:21.906+0800: 70858.620: [GC [PSYoungGen: 1373472K->16832K(1378432K)] 1760078K->403570K(4174656K), 0.0342830 secs] [Times: user=0.05 sys=0.00, real=0.04 secs] 
2016-02-16T14:05:28.830+0800: 70925.544: [GC [PSYoungGen: 1375616K->18800K(1377152K)] 1762354K->405903K(4173376K), 0.0342010 secs] [Times: user=0.05 sys=0.00, real=0.04 secs] 
2016-02-16T14:06:32.438+0800: 70989.152: [GC [PSYoungGen: 1376304K->16160K(1377792K)] 1763407K->403619K(4174016K), 0.0306410 secs] [Times: user=0.05 sys=0.00, real=0.04 secs] 
2016-02-16T14:07:34.045+0800: 71050.759: [GC [PSYoungGen: 1373664K->16704K(1378368K)] 1761123K->404351K(4174592K), 0.0314960 secs] [Times: user=0.04 sys=0.00, real=0.03 secs] 
2016-02-16T14:08:33.235+0800: 71109.950: [GC [PSYoungGen: 1375168K->15600K(1378176K)] 1762815K->403636K(4174400K), 0.0328820 secs] [Times: user=0.04 sys=0.00, real=0.03 secs] 
2016-02-16T14:09:32.804+0800: 71169.519: [GC [PSYoungGen: 1374064K->15232K(1378688K)] 1762100K->403484K(4174912K), 0.0300560 secs] [Times: user=0.04 sys=0.00, real=0.03 secs] 
2016-02-16T14:10:38.543+0800: 71235.257: [GC [PSYoungGen: 1374400K->17328K(1378560K)] 1762652K->405792K(4174784K), 0.0319120 secs] [Times: user=0.04 sys=0.00, real=0.04 secs] 
2016-02-16T14:11:46.948+0800: 71303.663: [GC [PSYoungGen: 1376496K->16096K(1378880K)] 1764960K->404834K(4175104K), 0.0331380 secs] [Times: user=0.05 sys=0.00, real=0.03 secs] 
2016-02-16T14:12:54.339+0800: 71371.054: [GC [PSYoungGen: 1375520K->16928K(1378624K)] 1764258K->406126K(4174848K), 0.0317350 secs] [Times: user=0.05 sys=0.00, real=0.03 secs] 
2016-02-16T14:13:56.189+0800: 71432.904: [GC [PSYoungGen: 1376352K->19120K(1376256K)] 1765550K->409840K(4172480K), 0.0412530 secs] [Times: user=0.05 sys=0.00, real=0.04 secs] 
2016-02-16T14:15:00.286+0800: 71497.000: [GC [PSYoungGen: 1376240K->17824K(1377600K)] 1766960K->408693K(4173824K), 0.0337450 secs] [Times: user=0.05 sys=0.00, real=0.04 secs] 
2016-02-16T14:15:57.225+0800: 71553.939: [GC [PSYoungGen: 1374944K->15456K(1377728K)] 1765813K->406821K(4173952K), 0.0295740 secs] [Times: user=0.04 sys=0.00, real=0.03 secs] 
2016-02-16T14:16:56.404+0800: 71613.119: [GC [PSYoungGen: 1372704K->16304K(1377600K)] 1764069K->407838K(4173824K), 0.0306540 secs] [Times: user=0.04 sys=0.00, real=0.03 secs] 
2016-02-16T14:18:03.573+0800: 71680.288: [GC [PSYoungGen: 1373552K->16368K(1378304K)] 1765086K->408158K(4174528K), 0.0306580 secs] [Times: user=0.04 sys=0.00, real=0.04 secs] 
2016-02-16T14:19:13.726+0800: 71750.440: [GC [PSYoungGen: 1374576K->19760K(1377984K)] 1766366K->412187K(4174208K), 0.0359550 secs] [Times: user=0.05 sys=0.01, real=0.04 secs] 
2016-02-16T14:20:15.141+0800: 71811.855: [GC [PSYoungGen: 1377968K->15952K(1376832K)] 1770395K->408588K(4173056K), 0.0292880 secs] [Times: user=0.04 sys=0.00, real=0.03 secs] 
2016-02-16T14:21:14.873+0800: 71871.588: [GC [PSYoungGen: 1372688K->17760K(1377408K)] 1765324K->410618K(4173632K), 0.0342560 secs] [Times: user=0.05 sys=0.00, real=0.03 secs] 
2016-02-16T14:22:16.272+0800: 71932.986: [GC [PSYoungGen: 1374496K->15152K(1377536K)] 1767354K->408251K(4173760K), 0.0382850 secs] [Times: user=0.04 sys=0.00, real=0.04 secs] 
2016-02-16T14:23:17.844+0800: 71994.559: [GC [PSYoungGen: 1372080K->17664K(1377472K)] 1765179K->410958K(4173696K), 0.0357860 secs] [Times: user=0.05 sys=0.00, real=0.03 secs] 
2016-02-16T14:24:13.406+0800: 72050.121: [GC [PSYoungGen: 1374592K->15728K(1377728K)] 1767886K->409418K(4173952K), 0.0330940 secs] [Times: user=0.04 sys=0.00, real=0.03 secs] 
2016-02-16T14:25:15.067+0800: 72111.781: [GC [PSYoungGen: 1372976K->16068K(1377600K)] 1766666K->409955K(4173824K), 0.0306590 secs] [Times: user=0.04 sys=0.00, real=0.04 secs] 
2016-02-16T14:26:19.331+0800: 72176.045: [GC [PSYoungGen: 1373316K->15360K(1378048K)] 1767203K->409505K(4174272K), 0.0323870 secs] [Times: user=0.03 sys=0.00, real=0.03 secs] 
2016-02-16T14:27:16.326+0800: 72233.041: [GC [PSYoungGen: 1373312K->16257K(1377984K)] 1767457K->410522K(4174208K), 0.0336270 secs] [Times: user=0.04 sys=0.01, real=0.04 secs] 
2016-02-16T14:28:19.110+0800: 72295.824: [GC [PSYoungGen: 1374209K->17360K(1378368K)] 1768474K->412073K(4174592K), 0.0347580 secs] [Times: user=0.04 sys=0.00, real=0.03 secs] 
2016-02-16T14:29:19.830+0800: 72356.544: [GC [PSYoungGen: 1376016K->15840K(1378368K)] 1770729K->410860K(4174592K), 0.0304420 secs] [Times: user=0.04 sys=0.00, real=0.03 secs] 
2016-02-16T14:30:18.177+0800: 72414.892: [GC [PSYoungGen: 1374496K->16768K(1378752K)] 1769516K->411940K(4174976K), 0.0300810 secs] [Times: user=0.04 sys=0.00, real=0.03 secs] 
2016-02-16T14:31:15.064+0800: 72471.778: [GC [PSYoungGen: 1376000K->15456K(1378560K)] 1771172K->410832K(4174784K), 0.0327710 secs] [Times: user=0.04 sys=0.01, real=0.03 secs] 
2016-02-16T14:32:16.672+0800: 72533.386: [GC [PSYoungGen: 1374688K->18560K(1377792K)] 1770064K->414249K(4174016K), 0.0339700 secs] [Times: user=0.05 sys=0.00, real=0.03 secs] 
2016-02-16T14:33:20.939+0800: 72597.653: [GC [PSYoungGen: 1377088K->19744K(1378304K)] 1772777K->417271K(4174528K), 0.0383740 secs] [Times: user=0.06 sys=0.00, real=0.04 secs] 
2016-02-16T14:34:22.762+0800: 72659.476: [GC [PSYoungGen: 1378272K->15024K(1375360K)] 1775799K->412851K(4171584K), 0.0293570 secs] [Times: user=0.04 sys=0.00, real=0.03 secs] 
2016-02-16T14:35:22.768+0800: 72719.483: [GC [PSYoungGen: 1370608K->15296K(1376832K)] 1768435K->413372K(4173056K), 0.0311570 secs] [Times: user=0.05 sys=0.00, real=0.03 secs] 
2016-02-16T14:36:28.781+0800: 72785.496: [GC [PSYoungGen: 1370880K->19041K(1376128K)] 1768956K->417293K(4172352K), 0.0345630 secs] [Times: user=0.05 sys=0.00, real=0.04 secs] 
2016-02-16T14:37:32.204+0800: 72848.919: [GC [PSYoungGen: 1374113K->16704K(1376576K)] 1772365K->415505K(4172800K), 0.0324860 secs] [Times: user=0.04 sys=0.00, real=0.03 secs] 
2016-02-16T14:38:26.983+0800: 72903.697: [GC [PSYoungGen: 1371776K->14240K(1376960K)] 1770577K->413225K(4173184K), 0.0288940 secs] [Times: user=0.04 sys=0.00, real=0.03 secs] 
2016-02-16T14:39:23.736+0800: 72960.450: [GC [PSYoungGen: 1370080K->17632K(1376960K)] 1769065K->416801K(4173184K), 0.0310960 secs] [Times: user=0.04 sys=0.00, real=0.03 secs] 
2016-02-16T14:40:14.682+0800: 73011.396: [GC [PSYoungGen: 1373472K->17040K(1377344K)] 1772641K->416370K(4173568K), 0.0332790 secs] [Times: user=0.05 sys=0.00, real=0.03 secs] 
2016-02-16T14:41:14.382+0800: 73071.097: [GC [PSYoungGen: 1373328K->16640K(1377024K)] 1772658K->416359K(4173248K), 0.0322800 secs] [Times: user=0.05 sys=0.00, real=0.03 secs] 
2016-02-16T14:42:17.558+0800: 73134.272: [GC [PSYoungGen: 1372928K->17168K(1377920K)] 1772647K->417364K(4174144K), 0.0402380 secs] [Times: user=0.05 sys=0.00, real=0.04 secs] 
2016-02-16T14:43:15.939+0800: 73192.654: [GC [PSYoungGen: 1374736K->17520K(1377728K)] 1774932K->417926K(4173952K), 0.0375850 secs] [Times: user=0.04 sys=0.00, real=0.04 secs] 
2016-02-16T14:44:20.055+0800: 73256.770: [GC [PSYoungGen: 1375088K->17664K(1378048K)] 1775494K->418351K(4174272K), 0.0320970 secs] [Times: user=0.04 sys=0.00, real=0.03 secs] 
2016-02-16T14:45:20.323+0800: 73317.037: [GC [PSYoungGen: 1375616K->15264K(1377984K)] 1776303K->416391K(4174208K), 0.0305090 secs] [Times: user=0.04 sys=0.00, real=0.04 secs] 
2016-02-16T14:46:15.574+0800: 73372.288: [GC [PSYoungGen: 1373216K->13184K(1377408K)] 1774343K->414491K(4173632K), 0.0258090 secs] [Times: user=0.04 sys=0.00, real=0.03 secs] 
2016-02-16T14:47:08.841+0800: 73425.556: [GC [PSYoungGen: 1370560K->14864K(1377728K)] 1771867K->416367K(4173952K), 0.0270360 secs] [Times: user=0.04 sys=0.00, real=0.03 secs] 
2016-02-16T14:48:10.138+0800: 73486.853: [GC [PSYoungGen: 1372240K->17249K(1377920K)] 1773743K->418905K(4174144K), 0.0313800 secs] [Times: user=0.04 sys=0.00, real=0.03 secs] 
2016-02-16T14:49:09.747+0800: 73546.461: [GC [PSYoungGen: 1374945K->17280K(1377856K)] 1776601K->419277K(4174080K), 0.0334800 secs] [Times: user=0.04 sys=0.00, real=0.04 secs] 
2016-02-16T14:50:03.503+0800: 73600.218: [GC [PSYoungGen: 1374976K->15424K(1378112K)] 1776973K->417593K(4174336K), 0.0290110 secs] [Times: user=0.05 sys=0.00, real=0.03 secs] 
2016-02-16T14:50:53.347+0800: 73650.061: [GC [PSYoungGen: 1373376K->15521K(1377920K)] 1775545K->417834K(4174144K), 0.0290220 secs] [Times: user=0.05 sys=0.00, real=0.03 secs] 
2016-02-16T14:51:46.427+0800: 73703.142: [GC [PSYoungGen: 1373473K->14525K(1378368K)] 1775786K->417123K(4174592K), 0.0265680 secs] [Times: user=0.04 sys=0.00, real=0.03 secs] 
2016-02-16T14:52:33.322+0800: 73750.037: [GC [PSYoungGen: 1373181K->13648K(1372352K)] 1775779K->416604K(4168576K), 0.0287450 secs] [Times: user=0.04 sys=0.00, real=0.03 secs] 
2016-02-16T14:53:30.567+0800: 73807.281: [GC [PSYoungGen: 1372304K->16720K(1378368K)] 1775260K->419904K(4174592K), 0.0312740 secs] [Times: user=0.05 sys=0.00, real=0.03 secs] 
2016-02-16T14:54:29.439+0800: 73866.153: [GC [PSYoungGen: 1375312K->16768K(1378304K)] 1778496K->420300K(4174528K), 0.0306410 secs] [Times: user=0.05 sys=0.00, real=0.04 secs] 
2016-02-16T14:55:22.852+0800: 73919.566: [GC [PSYoungGen: 1375360K->14592K(1378560K)] 1778892K->418312K(4174784K), 0.0290210 secs] [Times: user=0.04 sys=0.00, real=0.03 secs] 
2016-02-16T14:56:20.577+0800: 73977.291: [GC [PSYoungGen: 1373504K->17920K(1376896K)] 1777224K->421837K(4173120K), 0.0328930 secs] [Times: user=0.04 sys=0.00, real=0.03 secs] 
2016-02-16T14:57:18.637+0800: 74035.352: [GC [PSYoungGen: 1376832K->17232K(1378048K)] 1780749K->421440K(4174272K), 0.0342040 secs] [Times: user=0.05 sys=0.00, real=0.03 secs] 
2016-02-16T14:58:09.196+0800: 74085.911: [GC [PSYoungGen: 1375376K->15520K(1378112K)] 1779584K->420117K(4174336K), 0.0299710 secs] [Times: user=0.04 sys=0.01, real=0.03 secs] 
2016-02-16T14:59:08.914+0800: 74145.628: [GC [PSYoungGen: 1373664K->17536K(1378112K)] 1778261K->422297K(4174336K), 0.0325850 secs] [Times: user=0.04 sys=0.00, real=0.03 secs] 
2016-02-16T15:00:04.088+0800: 74200.802: [GC [PSYoungGen: 1375936K->16672K(1378240K)] 1780697K->421557K(4174464K), 0.0330970 secs] [Times: user=0.05 sys=0.00, real=0.03 secs] 
2016-02-16T15:00:59.494+0800: 74256.208: [GC [PSYoungGen: 1375072K->15552K(1378624K)] 1779957K->420670K(4174848K), 0.0325420 secs] [Times: user=0.04 sys=0.00, real=0.03 secs] 
2016-02-16T15:02:00.661+0800: 74317.375: [GC [PSYoungGen: 1374528K->15776K(1378432K)] 1779646K->421070K(4174656K), 0.0323750 secs] [Times: user=0.04 sys=0.00, real=0.03 secs] 
2016-02-16T15:03:02.126+0800: 74378.841: [GC [PSYoungGen: 1374752K->16080K(1379136K)] 1780046K->421674K(4175360K), 0.0312550 secs] [Times: user=0.04 sys=0.00, real=0.04 secs] 
2016-02-16T15:03:57.167+0800: 74433.881: [GC [PSYoungGen: 1376016K->14944K(1378880K)] 1781610K->420759K(4175104K), 0.0349040 secs] [Times: user=0.05 sys=0.00, real=0.03 secs] 
2016-02-16T15:04:53.589+0800: 74490.303: [GC [PSYoungGen: 1374880K->15088K(1379328K)] 1780695K->421039K(4175552K), 0.0408590 secs] [Times: user=0.05 sys=0.00, real=0.04 secs] 
2016-02-16T15:05:46.004+0800: 74542.719: [GC [PSYoungGen: 1375536K->14816K(1379200K)] 1781487K->420959K(4175424K), 0.0288450 secs] [Times: user=0.04 sys=0.00, real=0.03 secs] 
2016-02-16T15:06:40.880+0800: 74597.594: [GC [PSYoungGen: 1375264K->17632K(1378624K)] 1781407K->424012K(4174848K), 0.0321800 secs] [Times: user=0.04 sys=0.00, real=0.04 secs] 
2016-02-16T15:07:37.401+0800: 74654.115: [GC [PSYoungGen: 1377568K->14400K(1379008K)] 1783948K->421096K(4175232K), 0.0283570 secs] [Times: user=0.04 sys=0.00, real=0.03 secs] 
2016-02-16T15:08:34.549+0800: 74711.263: [GC [PSYoungGen: 1374336K->17744K(1378304K)] 1781032K->424533K(4174528K), 0.0325750 secs] [Times: user=0.05 sys=0.00, real=0.03 secs] 
2016-02-16T15:09:31.963+0800: 74768.677: [GC [PSYoungGen: 1377040K->18340K(1377664K)] 1783829K->425492K(4173888K), 0.0347470 secs] [Times: user=0.04 sys=0.00, real=0.03 secs] 
2016-02-16T15:10:26.072+0800: 74822.786: [GC [PSYoungGen: 1377636K->15712K(1378432K)] 1784788K->423695K(4174656K), 0.0289040 secs] [Times: user=0.04 sys=0.00, real=0.03 secs] 
2016-02-16T15:11:20.572+0800: 74877.286: [GC [PSYoungGen: 1374240K->18096K(1376640K)] 1782223K->426252K(4172864K), 0.0369380 secs] [Times: user=0.04 sys=0.00, real=0.04 secs] 
2016-02-16T15:12:16.649+0800: 74933.363: [GC [PSYoungGen: 1376624K->16288K(1378432K)] 1784780K->424792K(4174656K), 0.0330530 secs] [Times: user=0.05 sys=0.00, real=0.04 secs] 
2016-02-16T15:13:08.815+0800: 74985.530: [GC [PSYoungGen: 1374688K->16224K(1378048K)] 1783192K->424884K(4174272K), 0.0301700 secs] [Times: user=0.04 sys=0.00, real=0.03 secs] 
2016-02-16T15:14:02.984+0800: 75039.699: [GC [PSYoungGen: 1374624K->16624K(1378880K)] 1783284K->425407K(4175104K), 0.0319060 secs] [Times: user=0.05 sys=0.00, real=0.03 secs] 
2016-02-16T15:14:59.275+0800: 75095.989: [GC [PSYoungGen: 1376112K->14976K(1378688K)] 1784895K->424024K(4174912K), 0.0270400 secs] [Times: user=0.04 sys=0.00, real=0.03 secs] 
2016-02-16T15:15:48.547+0800: 75145.262: [GC [PSYoungGen: 1374464K->17411K(1378688K)] 1783512K->426699K(4174912K), 0.0328130 secs] [Times: user=0.04 sys=0.00, real=0.04 secs] 
2016-02-16T15:16:46.012+0800: 75202.727: [GC [PSYoungGen: 1376963K->17440K(1377024K)] 1786251K->427284K(4173248K), 0.0317190 secs] [Times: user=0.04 sys=0.01, real=0.04 secs] 
2016-02-16T15:17:38.265+0800: 75254.979: [GC [PSYoungGen: 1376992K->15424K(1378816K)] 1786836K->425461K(4175040K), 0.0284530 secs] [Times: user=0.05 sys=0.00, real=0.03 secs] 
2016-02-16T15:18:33.594+0800: 75310.308: [GC [PSYoungGen: 1374848K->16160K(1378688K)] 1784885K->426426K(4174912K), 0.0306920 secs] [Times: user=0.04 sys=0.00, real=0.03 secs] 
2016-02-16T15:19:30.156+0800: 75366.871: [GC [PSYoungGen: 1375584K->18400K(1378048K)] 1785850K->428874K(4174272K), 0.0356380 secs] [Times: user=0.05 sys=0.00, real=0.03 secs] 
2016-02-16T15:20:20.453+0800: 75417.168: [GC [PSYoungGen: 1377440K->16544K(1378560K)] 1787914K->427319K(4174784K), 0.0347820 secs] [Times: user=0.05 sys=0.00, real=0.03 secs] 
2016-02-16T15:21:14.002+0800: 75470.716: [GC [PSYoungGen: 1375584K->16624K(1379072K)] 1786359K->427755K(4175296K), 0.0320110 secs] [Times: user=0.05 sys=0.00, real=0.03 secs] 
2016-02-16T15:22:06.570+0800: 75523.285: [GC [PSYoungGen: 1376432K->16960K(1378816K)] 1787563K->428308K(4175040K), 0.0327770 secs] [Times: user=0.05 sys=0.00, real=0.03 secs] 
2016-02-16T15:23:06.007+0800: 75582.721: [GC [PSYoungGen: 1376768K->16417K(1379392K)] 1788116K->428005K(4175616K), 0.0338220 secs] [Times: user=0.04 sys=0.00, real=0.04 secs] 
2016-02-16T15:24:01.784+0800: 75638.498: [GC [PSYoungGen: 1376929K->16080K(1379200K)] 1788517K->428062K(4175424K), 0.0313500 secs] [Times: user=0.04 sys=0.00, real=0.03 secs] 
2016-02-16T15:25:04.770+0800: 75701.485: [GC [PSYoungGen: 1376592K->17216K(1379392K)] 1788574K->429398K(4175616K), 0.0322290 secs] [Times: user=0.04 sys=0.00, real=0.03 secs] 
2016-02-16T15:26:09.040+0800: 75765.754: [GC [PSYoungGen: 1378048K->17344K(1378240K)] 1790230K->429658K(4174464K), 0.0325210 secs] [Times: user=0.04 sys=0.00, real=0.04 secs] 
2016-02-16T15:27:09.573+0800: 75826.287: [GC [PSYoungGen: 1378176K->17984K(1378752K)] 1790490K->430479K(4174976K), 0.0370200 secs] [Times: user=0.04 sys=0.00, real=0.04 secs] 
2016-02-16T15:28:03.326+0800: 75880.040: [GC [PSYoungGen: 1378048K->15968K(1379072K)] 1790543K->428879K(4175296K), 0.0326150 secs] [Times: user=0.04 sys=0.00, real=0.03 secs] 
2016-02-16T15:28:58.353+0800: 75935.067: [GC [PSYoungGen: 1376032K->16544K(1379328K)] 1788943K->429616K(4175552K), 0.0349050 secs] [Times: user=0.04 sys=0.00, real=0.04 secs] 
2016-02-16T15:29:54.915+0800: 75991.630: [GC [PSYoungGen: 1376928K->18721K(1379136K)] 1790000K->432288K(4175360K), 0.0396460 secs] [Times: user=0.05 sys=0.00, real=0.04 secs] 
2016-02-16T15:30:50.781+0800: 76047.495: [GC [PSYoungGen: 1379105K->17472K(1378240K)] 1792672K->431317K(4174464K), 0.0358070 secs] [Times: user=0.04 sys=0.00, real=0.03 secs] 
2016-02-16T15:31:52.007+0800: 76108.721: [GC [PSYoungGen: 1376768K->16704K(1378688K)] 1790613K->430955K(4174912K), 0.0300210 secs] [Times: user=0.04 sys=0.00, real=0.03 secs] 
2016-02-16T15:32:52.487+0800: 76169.202: [GC [PSYoungGen: 1376000K->16400K(1379008K)] 1790251K->430771K(4175232K), 0.0313870 secs] [Times: user=0.05 sys=0.00, real=0.03 secs] 
2016-02-16T15:33:41.932+0800: 76218.647: [GC [PSYoungGen: 1376208K->17168K(1378880K)] 1790579K->431787K(4175104K), 0.0316680 secs] [Times: user=0.05 sys=0.00, real=0.03 secs] 
2016-02-16T15:34:34.805+0800: 76271.519: [GC [PSYoungGen: 1376976K->16352K(1379200K)] 1791595K->431304K(4175424K), 0.0307050 secs] [Times: user=0.05 sys=0.00, real=0.03 secs] 
2016-02-16T15:35:21.937+0800: 76318.651: [GC [PSYoungGen: 1376608K->15536K(1379136K)] 1791560K->430724K(4175360K), 0.0324090 secs] [Times: user=0.04 sys=0.00, real=0.03 secs] 
2016-02-16T15:36:23.820+0800: 76380.534: [GC [PSYoungGen: 1375792K->17856K(1378688K)] 1790980K->433364K(4174912K), 0.0316730 secs] [Times: user=0.04 sys=0.00, real=0.03 secs] 
2016-02-16T15:37:20.053+0800: 76436.767: [GC [PSYoungGen: 1377664K->17216K(1378944K)] 1793172K->432836K(4175168K), 0.0296750 secs] [Times: user=0.04 sys=0.00, real=0.03 secs] 
2016-02-16T15:38:13.570+0800: 76490.284: [GC [PSYoungGen: 1377024K->15537K(1379072K)] 1792644K->431285K(4175296K), 0.0357790 secs] [Times: user=0.04 sys=0.00, real=0.04 secs] 
2016-02-16T15:39:02.613+0800: 76539.327: [GC [PSYoungGen: 1375601K->15568K(1379072K)] 1791349K->431649K(4175296K), 0.0301470 secs] [Times: user=0.04 sys=0.00, real=0.03 secs] 
2016-02-16T15:39:56.577+0800: 76593.291: [GC [PSYoungGen: 1375632K->15936K(1379200K)] 1791713K->432209K(4175424K), 0.0299620 secs] [Times: user=0.05 sys=0.00, real=0.02 secs] 
2016-02-16T15:40:56.334+0800: 76653.049: [GC [PSYoungGen: 1376128K->16624K(1379072K)] 1792401K->433010K(4175296K), 0.0313330 secs] [Times: user=0.05 sys=0.00, real=0.04 secs] 
2016-02-16T15:41:56.404+0800: 76713.119: [GC [PSYoungGen: 1376816K->16752K(1379520K)] 1793202K->433511K(4175744K), 0.0315530 secs] [Times: user=0.04 sys=0.00, real=0.03 secs] 
2016-02-16T15:42:48.719+0800: 76765.433: [GC [PSYoungGen: 1377584K->17409K(1379392K)] 1794343K->434396K(4175616K), 0.0313540 secs] [Times: user=0.05 sys=0.00, real=0.03 secs] 
2016-02-16T15:43:39.692+0800: 76816.407: [GC [PSYoungGen: 1378241K->17008K(1379520K)] 1795228K->434360K(4175744K), 0.0317070 secs] [Times: user=0.05 sys=0.00, real=0.03 secs] 
2016-02-16T15:44:32.259+0800: 76868.973: [GC [PSYoungGen: 1377840K->16464K(1379392K)] 1795192K->434125K(4175616K), 0.0292750 secs] [Times: user=0.05 sys=0.00, real=0.03 secs] 
2016-02-16T15:45:23.486+0800: 76920.200: [GC [PSYoungGen: 1377296K->15456K(1379520K)] 1794957K->433545K(4175744K), 0.0289910 secs] [Times: user=0.04 sys=0.00, real=0.03 secs] 
2016-02-16T15:46:16.567+0800: 76973.282: [GC [PSYoungGen: 1376544K->15232K(1379584K)] 1794633K->433501K(4175808K), 0.0276510 secs] [Times: user=0.04 sys=0.00, real=0.02 secs] 
2016-02-16T15:47:11.875+0800: 77028.590: [GC [PSYoungGen: 1376320K->18208K(1378688K)] 1794589K->436629K(4174912K), 0.0320610 secs] [Times: user=0.05 sys=0.00, real=0.03 secs] 
2016-02-16T15:48:06.005+0800: 77082.719: [GC [PSYoungGen: 1378400K->16448K(1379136K)] 1796821K->435233K(4175360K), 0.0326160 secs] [Times: user=0.05 sys=0.00, real=0.04 secs] 
2016-02-16T15:49:02.315+0800: 77139.030: [GC [PSYoungGen: 1376640K->17248K(1379200K)] 1795425K->436181K(4175424K), 0.0349280 secs] [Times: user=0.05 sys=0.00, real=0.03 secs] 
2016-02-16T15:50:01.496+0800: 77198.211: [GC [PSYoungGen: 1377696K->15136K(1379264K)] 1796629K->434402K(4175488K), 0.0299470 secs] [Times: user=0.04 sys=0.00, real=0.03 secs] 
2016-02-16T15:50:52.106+0800: 77248.820: [GC [PSYoungGen: 1375584K->14992K(1379136K)] 1794850K->434538K(4175360K), 0.0280980 secs] [Times: user=0.04 sys=0.00, real=0.03 secs] 
2016-02-16T15:51:46.045+0800: 77302.760: [GC [PSYoungGen: 1375312K->16320K(1379200K)] 1794858K->436007K(4175424K), 0.0356000 secs] [Times: user=0.05 sys=0.00, real=0.03 secs] 
2016-02-16T15:52:38.583+0800: 77355.297: [GC [PSYoungGen: 1376640K->17120K(1379328K)] 1796327K->437171K(4175552K), 0.0338450 secs] [Times: user=0.05 sys=0.00, real=0.03 secs] 
2016-02-16T15:53:36.765+0800: 77413.479: [GC [PSYoungGen: 1377824K->17008K(1379392K)] 1797875K->437588K(4175616K), 0.0329260 secs] [Times: user=0.05 sys=0.00, real=0.04 secs] 
2016-02-16T15:54:29.815+0800: 77466.529: [GC [PSYoungGen: 1377712K->17440K(1379136K)] 1798292K->438238K(4175360K), 0.0313530 secs] [Times: user=0.04 sys=0.00, real=0.03 secs] 
2016-02-16T15:55:20.353+0800: 77517.068: [GC [PSYoungGen: 1377888K->16288K(1379264K)] 1798686K->437346K(4175488K), 0.0323270 secs] [Times: user=0.05 sys=0.00, real=0.03 secs] 
2016-02-16T15:56:16.265+0800: 77572.979: [GC [PSYoungGen: 1376736K->17200K(1379328K)] 1797794K->438482K(4175552K), 0.0311970 secs] [Times: user=0.05 sys=0.00, real=0.04 secs] 
2016-02-16T15:57:15.754+0800: 77632.468: [GC [PSYoungGen: 1377904K->17408K(1378176K)] 1799186K->439067K(4174400K), 0.0351060 secs] [Times: user=0.05 sys=0.00, real=0.03 secs] 
2016-02-16T15:58:13.487+0800: 77690.201: [GC [PSYoungGen: 1378112K->18736K(1377792K)] 1799771K->440879K(4174016K), 0.0323310 secs] [Times: user=0.05 sys=0.00, real=0.03 secs] 
2016-02-16T15:59:07.749+0800: 77744.464: [GC [PSYoungGen: 1377776K->16896K(1378560K)] 1799919K->439335K(4174784K), 0.0328260 secs] [Times: user=0.04 sys=0.00, real=0.03 secs] 
2016-02-16T15:59:55.955+0800: 77792.669: [GC [PSYoungGen: 1375936K->15552K(1378816K)] 1798375K->438264K(4175040K), 0.0299920 secs] [Times: user=0.04 sys=0.00, real=0.03 secs] 
2016-02-16T16:00:40.358+0800: 77837.072: [GC [PSYoungGen: 1375104K->12800K(1372416K)] 1797816K->435715K(4168640K), 0.0267650 secs] [Times: user=0.04 sys=0.00, real=0.03 secs] 
2016-02-16T16:01:32.768+0800: 77889.482: [GC [PSYoungGen: 1372352K->15040K(1378496K)] 1795267K->438148K(4174720K), 0.0302770 secs] [Times: user=0.04 sys=0.00, real=0.03 secs] 
2016-02-16T16:02:31.024+0800: 77947.738: [GC [PSYoungGen: 1373824K->16464K(1378368K)] 1796932K->439656K(4174592K), 0.0297990 secs] [Times: user=0.05 sys=0.00, real=0.04 secs] 
2016-02-16T16:03:24.111+0800: 78000.825: [GC [PSYoungGen: 1375248K->16112K(1379008K)] 1798440K->439432K(4175232K), 0.0303220 secs] [Times: user=0.04 sys=0.00, real=0.03 secs] 
2016-02-16T16:04:21.432+0800: 78058.146: [GC [PSYoungGen: 1375792K->19056K(1378752K)] 1799112K->442755K(4174976K), 0.0388150 secs] [Times: user=0.08 sys=0.00, real=0.04 secs] 
2016-02-16T16:05:20.432+0800: 78117.146: [GC [PSYoungGen: 1378736K->18304K(1376832K)] 1802435K->442342K(4173056K), 0.0333140 secs] [Times: user=0.04 sys=0.00, real=0.03 secs] 
2016-02-16T16:06:16.369+0800: 78173.083: [GC [PSYoungGen: 1375808K->17607K(1377792K)] 1799846K->441793K(4174016K), 0.0328620 secs] [Times: user=0.04 sys=0.00, real=0.03 secs] 
2016-02-16T16:07:10.871+0800: 78227.586: [GC [PSYoungGen: 1375111K->16640K(1378176K)] 1799297K->441031K(4174400K), 0.0296530 secs] [Times: user=0.04 sys=0.01, real=0.03 secs] 
2016-02-16T16:08:06.627+0800: 78283.342: [GC [PSYoungGen: 1374592K->17056K(1377856K)] 1798983K->441728K(4174080K), 0.0313500 secs] [Times: user=0.05 sys=0.00, real=0.03 secs] 
2016-02-16T16:09:00.993+0800: 78337.707: [GC [PSYoungGen: 1375008K->17296K(1378496K)] 1799680K->442287K(4174720K), 0.0350340 secs] [Times: user=0.04 sys=0.00, real=0.04 secs] 
2016-02-16T16:09:55.708+0800: 78392.422: [GC [PSYoungGen: 1376080K->15072K(1378368K)] 1801071K->440395K(4174592K), 0.0287550 secs] [Times: user=0.04 sys=0.00, real=0.03 secs] 
2016-02-16T16:10:52.830+0800: 78449.545: [GC [PSYoungGen: 1373856K->16528K(1378688K)] 1799179K->442052K(4174912K), 0.0301430 secs] [Times: user=0.05 sys=0.00, real=0.04 secs] 
2016-02-16T16:11:49.713+0800: 78506.427: [GC [PSYoungGen: 1375568K->19376K(1378432K)] 1801092K->445461K(4174656K), 0.0358580 secs] [Times: user=0.05 sys=0.00, real=0.04 secs] 
2016-02-16T16:12:49.968+0800: 78566.682: [GC [PSYoungGen: 1378416K->18529K(1376640K)] 1804501K->444942K(4172864K), 0.0369620 secs] [Times: user=0.04 sys=0.00, real=0.04 secs] 
2016-02-16T16:13:44.476+0800: 78621.190: [GC [PSYoungGen: 1375521K->15024K(1372032K)] 1801934K->441970K(4168256K), 0.0334160 secs] [Times: user=0.05 sys=0.00, real=0.03 secs] 
2016-02-16T16:14:41.135+0800: 78677.850: [GC [PSYoungGen: 1372016K->18704K(1376960K)] 1798962K->445955K(4173184K), 0.0362820 secs] [Times: user=0.05 sys=0.00, real=0.04 secs] 
2016-02-16T16:15:36.319+0800: 78733.033: [GC [PSYoungGen: 1375056K->17872K(1377216K)] 1802307K->445260K(4173440K), 0.0341420 secs] [Times: user=0.05 sys=0.00, real=0.03 secs] 
2016-02-16T16:16:25.437+0800: 78782.152: [GC [PSYoungGen: 1374224K->17045K(1377664K)] 1801612K->444814K(4173888K), 0.0321210 secs] [Times: user=0.04 sys=0.00, real=0.03 secs] 
2016-02-16T16:17:10.585+0800: 78827.299: [GC [PSYoungGen: 1373909K->15280K(1377280K)] 1801678K->443558K(4173504K), 0.0280700 secs] [Times: user=0.04 sys=0.00, real=0.03 secs] 
2016-02-16T16:17:58.700+0800: 78875.414: [GC [PSYoungGen: 1372144K->15392K(1377728K)] 1800422K->443770K(4173952K), 0.0297750 secs] [Times: user=0.05 sys=0.00, real=0.03 secs] 
2016-02-16T16:18:57.581+0800: 78934.295: [GC [PSYoungGen: 1372704K->17344K(1377664K)] 1801082K->445884K(4173888K), 0.0340780 secs] [Times: user=0.05 sys=0.00, real=0.03 secs] 
2016-02-16T16:19:54.477+0800: 78991.192: [GC [PSYoungGen: 1374656K->17232K(1378048K)] 1803196K->445985K(4174272K), 0.0349950 secs] [Times: user=0.04 sys=0.01, real=0.04 secs] 
2016-02-16T16:20:41.656+0800: 79038.370: [GC [PSYoungGen: 1375056K->14288K(1377856K)] 1803809K->443346K(4174080K), 0.0276610 secs] [Times: user=0.03 sys=0.00, real=0.03 secs] 
2016-02-16T16:21:29.216+0800: 79085.930: [GC [PSYoungGen: 1372112K->17008K(1378112K)] 1801170K->446370K(4174336K), 0.0340360 secs] [Times: user=0.05 sys=0.00, real=0.03 secs] 
2016-02-16T16:22:26.335+0800: 79143.050: [GC [PSYoungGen: 1374960K->17456K(1377920K)] 1804322K->447243K(4174144K), 0.0314380 secs] [Times: user=0.04 sys=0.00, real=0.03 secs] 
2016-02-16T16:23:18.906+0800: 79195.620: [GC [PSYoungGen: 1375408K->16192K(1378368K)] 1805195K->446172K(4174592K), 0.0316010 secs] [Times: user=0.05 sys=0.00, real=0.03 secs] 
2016-02-16T16:24:09.342+0800: 79246.057: [GC [PSYoungGen: 1374656K->15472K(1378176K)] 1804636K->445676K(4174400K), 0.0294660 secs] [Times: user=0.05 sys=0.00, real=0.04 secs] 
2016-02-16T16:24:58.767+0800: 79295.482: [GC [PSYoungGen: 1373936K->16464K(1378752K)] 1804140K->446832K(4174976K), 0.0314500 secs] [Times: user=0.05 sys=0.00, real=0.03 secs] 
2016-02-16T16:25:54.630+0800: 79351.344: [GC [PSYoungGen: 1375632K->16288K(1378496K)] 1806000K->446944K(4174720K), 0.0300880 secs] [Times: user=0.04 sys=0.00, real=0.03 secs] 
2016-02-16T16:26:49.443+0800: 79406.157: [GC [PSYoungGen: 1375456K->18048K(1378368K)] 1806112K->448869K(4174592K), 0.0332980 secs] [Times: user=0.05 sys=0.00, real=0.04 secs] 
2016-02-16T16:27:40.817+0800: 79457.531: [GC [PSYoungGen: 1377344K->16416K(1378688K)] 1808165K->447501K(4174912K), 0.0340910 secs] [Times: user=0.04 sys=0.00, real=0.04 secs] 
2016-02-16T16:28:47.539+0800: 79524.253: [GC [PSYoungGen: 1375712K->19185K(1376960K)] 1806797K->450998K(4173184K), 0.0396460 secs] [Times: user=0.06 sys=0.00, real=0.04 secs] 
2016-02-16T16:29:45.103+0800: 79581.818: [GC [PSYoungGen: 1376945K->15376K(1377920K)] 1808758K->447742K(4174144K), 0.0314080 secs] [Times: user=0.04 sys=0.00, real=0.03 secs] 
2016-02-16T16:30:37.156+0800: 79633.870: [GC [PSYoungGen: 1373136K->16080K(1378176K)] 1805502K->448571K(4174400K), 0.0286430 secs] [Times: user=0.04 sys=0.01, real=0.03 secs] 
2016-02-16T16:31:24.136+0800: 79680.850: [GC [PSYoungGen: 1374160K->15104K(1377984K)] 1806651K->447884K(4174208K), 0.0302370 secs] [Times: user=0.05 sys=0.00, real=0.04 secs] 
2016-02-16T16:32:19.813+0800: 79736.527: [GC [PSYoungGen: 1373184K->17104K(1378368K)] 1805964K->450112K(4174592K), 0.0317850 secs] [Times: user=0.05 sys=0.00, real=0.03 secs] 
2016-02-16T16:33:18.355+0800: 79795.069: [GC [PSYoungGen: 1375568K->16512K(1378176K)] 1808576K->449932K(4174400K), 0.0313830 secs] [Times: user=0.04 sys=0.00, real=0.03 secs] 
2016-02-16T16:34:19.590+0800: 79856.305: [GC [PSYoungGen: 1374976K->18144K(1378112K)] 1808396K->451792K(4174336K), 0.0350930 secs] [Times: user=0.04 sys=0.01, real=0.04 secs] 
2016-02-16T16:35:13.624+0800: 79910.339: [GC [PSYoungGen: 1376800K->17504K(1378368K)] 1810448K->451285K(4174592K), 0.0323180 secs] [Times: user=0.05 sys=0.00, real=0.03 secs] 
2016-02-16T16:36:08.151+0800: 79964.866: [GC [PSYoungGen: 1376160K->15808K(1378496K)] 1809941K->449957K(4174720K), 0.0291240 secs] [Times: user=0.05 sys=0.00, real=0.03 secs] 
2016-02-16T16:37:06.587+0800: 80023.301: [GC [PSYoungGen: 1374592K->16737K(1378368K)] 1808741K->451094K(4174592K), 0.0331930 secs] [Times: user=0.05 sys=0.00, real=0.03 secs] 
2016-02-16T16:38:01.609+0800: 80078.324: [GC [PSYoungGen: 1375521K->15888K(1378880K)] 1809878K->450674K(4175104K), 0.0444330 secs] [Times: user=0.06 sys=0.00, real=0.05 secs] 
2016-02-16T16:39:00.155+0800: 80136.869: [GC [PSYoungGen: 1375440K->16992K(1378752K)] 1810226K->451963K(4174976K), 0.0293330 secs] [Times: user=0.05 sys=0.00, real=0.03 secs] 
2016-02-16T16:39:53.555+0800: 80190.269: [GC [PSYoungGen: 1376544K->16416K(1379200K)] 1811515K->451667K(4175424K), 0.0296680 secs] [Times: user=0.04 sys=0.00, real=0.03 secs] 
2016-02-16T16:40:48.845+0800: 80245.560: [GC [PSYoungGen: 1376544K->18240K(1378432K)] 1811795K->453696K(4174656K), 0.0382010 secs] [Times: user=0.05 sys=0.00, real=0.04 secs] 
2016-02-16T16:41:36.825+0800: 80293.539: [GC [PSYoungGen: 1378368K->16704K(1379008K)] 1813824K->452268K(4175232K), 0.0306560 secs] [Times: user=0.04 sys=0.00, real=0.03 secs] 
2016-02-16T16:42:31.687+0800: 80348.401: [GC [PSYoungGen: 1376448K->15792K(1378816K)] 1812012K->451528K(4175040K), 0.0302350 secs] [Times: user=0.04 sys=0.00, real=0.03 secs] 
2016-02-16T16:43:28.475+0800: 80405.189: [GC [PSYoungGen: 1375536K->15360K(1379072K)] 1811272K->451428K(4175296K), 0.0278640 secs] [Times: user=0.05 sys=0.00, real=0.03 secs] 
2016-02-16T16:44:19.411+0800: 80456.126: [GC [PSYoungGen: 1375424K->15920K(1379072K)] 1811492K->452101K(4175296K), 0.0322810 secs] [Times: user=0.04 sys=0.00, real=0.03 secs] 
2016-02-16T16:45:09.475+0800: 80506.189: [GC [PSYoungGen: 1375984K->16128K(1379392K)] 1812165K->452573K(4175616K), 0.0324500 secs] [Times: user=0.04 sys=0.00, real=0.03 secs] 
2016-02-16T16:45:56.422+0800: 80553.137: [GC [PSYoungGen: 1376640K->15840K(1379200K)] 1813085K->452682K(4175424K), 0.0325460 secs] [Times: user=0.04 sys=0.00, real=0.03 secs] 
2016-02-16T16:46:43.253+0800: 80599.967: [GC [PSYoungGen: 1376352K->15200K(1379520K)] 1813194K->452386K(4175744K), 0.0295460 secs] [Times: user=0.04 sys=0.00, real=0.03 secs] 
2016-02-16T16:47:33.032+0800: 80649.746: [GC [PSYoungGen: 1376160K->16304K(1379520K)] 1813346K->453680K(4175744K), 0.0345120 secs] [Times: user=0.05 sys=0.00, real=0.04 secs] 
2016-02-16T16:48:22.366+0800: 80699.081: [GC [PSYoungGen: 1377264K->15568K(1379776K)] 1814640K->453460K(4176000K), 0.0318900 secs] [Times: user=0.04 sys=0.00, real=0.03 secs] 
2016-02-16T16:49:12.861+0800: 80749.576: [GC [PSYoungGen: 1376976K->18272K(1379712K)] 1814868K->457053K(4175936K), 0.0342890 secs] [Times: user=0.04 sys=0.00, real=0.03 secs] 
2016-02-16T16:50:02.371+0800: 80799.086: [GC [PSYoungGen: 1379680K->15040K(1378176K)] 1818461K->454173K(4174400K), 0.0288360 secs] [Times: user=0.05 sys=0.00, real=0.03 secs] 
2016-02-16T16:50:51.411+0800: 80848.126: [GC [PSYoungGen: 1374848K->16192K(1378944K)] 1813981K->455645K(4175168K), 0.0319650 secs] [Times: user=0.05 sys=0.00, real=0.04 secs] 
2016-02-16T16:51:46.981+0800: 80903.696: [GC [PSYoungGen: 1376000K->15248K(1379264K)] 1815453K->455078K(4175488K), 0.0280700 secs] [Times: user=0.04 sys=0.00, real=0.03 secs] 
2016-02-16T16:52:43.700+0800: 80960.415: [GC [PSYoungGen: 1375632K->16624K(1379200K)] 1815462K->456766K(4175424K), 0.0319990 secs] [Times: user=0.04 sys=0.00, real=0.03 secs] 
2016-02-16T16:53:39.046+0800: 81015.761: [GC [PSYoungGen: 1377008K->16528K(1379520K)] 1817150K->456854K(4175744K), 0.0313420 secs] [Times: user=0.05 sys=0.00, real=0.03 secs] 
2016-02-16T16:54:30.331+0800: 81067.046: [GC [PSYoungGen: 1377296K->13168K(1373952K)] 1817622K->453894K(4170176K), 0.0271810 secs] [Times: user=0.03 sys=0.01, real=0.02 secs] 
2016-02-16T16:55:17.427+0800: 81114.142: [GC [PSYoungGen: 1373936K->14896K(1379264K)] 1814662K->455822K(4175488K), 0.0283490 secs] [Times: user=0.04 sys=0.00, real=0.02 secs] 
2016-02-16T16:56:08.646+0800: 81165.360: [GC [PSYoungGen: 1375280K->14944K(1379200K)] 1816206K->455990K(4175424K), 0.0294660 secs] [Times: user=0.04 sys=0.00, real=0.03 secs] 
2016-02-16T16:56:55.543+0800: 81212.257: [GC [PSYoungGen: 1375328K->15808K(1379712K)] 1816374K->457027K(4175936K), 0.0283610 secs] [Times: user=0.04 sys=0.00, real=0.03 secs] 
2016-02-16T16:57:50.243+0800: 81266.957: [GC [PSYoungGen: 1376832K->14880K(1379392K)] 1818051K->456394K(4175616K), 0.0291830 secs] [Times: user=0.04 sys=0.00, real=0.03 secs] 
2016-02-16T16:58:42.781+0800: 81319.496: [GC [PSYoungGen: 1375904K->16992K(1379392K)] 1817418K->458723K(4175616K), 0.0342900 secs] [Times: user=0.05 sys=0.00, real=0.04 secs] 
2016-02-16T16:59:35.714+0800: 81372.428: [GC [PSYoungGen: 1378080K->14896K(1379584K)] 1819811K->456983K(4175808K), 0.0313020 secs] [Times: user=0.04 sys=0.00, real=0.03 secs] 
2016-02-16T17:00:29.842+0800: 81426.556: [GC [PSYoungGen: 1375984K->14784K(1379776K)] 1818071K->457023K(4176000K), 0.0323760 secs] [Times: user=0.04 sys=0.00, real=0.03 secs] 
2016-02-16T17:01:24.711+0800: 81481.425: [GC [PSYoungGen: 1376192K->17936K(1379392K)] 1818431K->460383K(4175616K), 0.0344890 secs] [Times: user=0.04 sys=0.00, real=0.04 secs] 
2016-02-16T17:02:17.456+0800: 81534.170: [GC [PSYoungGen: 1379344K->18624K(1377600K)] 1821791K->461223K(4173824K), 0.0364490 secs] [Times: user=0.04 sys=0.00, real=0.04 secs] 
2016-02-16T17:03:07.822+0800: 81584.536: [GC [PSYoungGen: 1377536K->14912K(1378496K)] 1820135K->457836K(4174720K), 0.0315840 secs] [Times: user=0.04 sys=0.00, real=0.03 secs] 
2016-02-16T17:03:58.767+0800: 81635.481: [GC [PSYoungGen: 1373824K->13955K(1378624K)] 1816748K->457287K(4174848K), 0.0281790 secs] [Times: user=0.04 sys=0.00, real=0.03 secs] 
2016-02-16T17:04:46.117+0800: 81682.831: [GC [PSYoungGen: 1373123K->14288K(1378624K)] 1816455K->458033K(4174848K), 0.0270980 secs] [Times: user=0.04 sys=0.01, real=0.03 secs] 
2016-02-16T17:05:38.195+0800: 81734.909: [GC [PSYoungGen: 1373456K->15136K(1379008K)] 1817201K->459226K(4175232K), 0.0300740 secs] [Times: user=0.04 sys=0.00, real=0.03 secs] 
2016-02-16T17:06:33.027+0800: 81789.742: [GC [PSYoungGen: 1374752K->15088K(1378688K)] 1818842K->459598K(4174912K), 0.0287600 secs] [Times: user=0.05 sys=0.00, real=0.03 secs] 
2016-02-16T17:07:27.437+0800: 81844.152: [GC [PSYoungGen: 1374704K->16064K(1379392K)] 1819214K->460810K(4175616K), 0.0309050 secs] [Times: user=0.04 sys=0.00, real=0.04 secs] 
2016-02-16T17:08:20.933+0800: 81897.647: [GC [PSYoungGen: 1376640K->14576K(1379264K)] 1821386K->459591K(4175488K), 0.0278970 secs] [Times: user=0.03 sys=0.00, real=0.03 secs] 
2016-02-16T17:09:17.057+0800: 81953.772: [GC [PSYoungGen: 1375152K->17568K(1378624K)] 1820167K->462744K(4174848K), 0.0369720 secs] [Times: user=0.05 sys=0.00, real=0.04 secs] 
2016-02-16T17:10:04.521+0800: 82001.235: [GC [PSYoungGen: 1377632K->13824K(1379072K)] 1822808K->459361K(4175296K), 0.0284800 secs] [Times: user=0.05 sys=0.00, real=0.03 secs] 
2016-02-16T17:10:50.770+0800: 82047.485: [GC [PSYoungGen: 1373888K->13376K(1378944K)] 1819425K->459117K(4175168K), 0.0282780 secs] [Times: user=0.04 sys=0.00, real=0.03 secs] 
2016-02-16T17:11:47.094+0800: 82103.809: [GC [PSYoungGen: 1373312K->16416K(1379008K)] 1819053K->462401K(4175232K), 0.0331260 secs] [Times: user=0.04 sys=0.00, real=0.03 secs] 
2016-02-16T17:12:38.678+0800: 82155.393: [GC [PSYoungGen: 1376352K->15472K(1379328K)] 1822337K->461829K(4175552K), 0.0380130 secs] [Times: user=0.05 sys=0.00, real=0.04 secs] 
2016-02-16T17:13:35.711+0800: 82212.426: [GC [PSYoungGen: 1375728K->18304K(1378624K)] 1822085K->464834K(4174848K), 0.0332670 secs] [Times: user=0.04 sys=0.00, real=0.03 secs] 
2016-02-16T17:14:24.444+0800: 82261.159: [GC [PSYoungGen: 1378560K->15712K(1379008K)] 1825090K->462642K(4175232K), 0.0298370 secs] [Times: user=0.04 sys=0.01, real=0.03 secs] 
2016-02-16T17:15:11.891+0800: 82308.605: [GC [PSYoungGen: 1375264K->17424K(1378624K)] 1822194K->464518K(4174848K), 0.0345240 secs] [Times: user=0.05 sys=0.00, real=0.04 secs] 
2016-02-16T17:16:01.505+0800: 82358.219: [GC [PSYoungGen: 1376976K->17584K(1378048K)] 1824070K->464919K(4174272K), 0.0377900 secs] [Times: user=0.05 sys=0.00, real=0.04 secs] 
2016-02-16T17:16:54.157+0800: 82410.871: [GC [PSYoungGen: 1376240K->15712K(1378368K)] 1823575K->463612K(4174592K), 0.0303500 secs] [Times: user=0.05 sys=0.00, real=0.03 secs] 
2016-02-16T17:17:57.946+0800: 82474.660: [GC [PSYoungGen: 1374368K->18576K(1377536K)] 1822268K->466661K(4173760K), 0.0361280 secs] [Times: user=0.05 sys=0.00, real=0.04 secs] 
2016-02-16T17:18:58.891+0800: 82535.606: [GC [PSYoungGen: 1376720K->17587K(1375744K)] 1824805K->465865K(4171968K), 0.0321780 secs] [Times: user=0.05 sys=0.00, real=0.03 secs] 
2016-02-16T17:19:56.598+0800: 82593.312: [GC [PSYoungGen: 1375731K->15427K(1378176K)] 1824009K->463901K(4174400K), 0.0294820 secs] [Times: user=0.04 sys=0.00, real=0.03 secs] 
2016-02-16T17:20:50.291+0800: 82647.006: [GC [PSYoungGen: 1373507K->15520K(1377984K)] 1821981K->464428K(4174208K), 0.0282410 secs] [Times: user=0.04 sys=0.00, real=0.02 secs] 
2016-02-16T17:21:49.778+0800: 82706.493: [GC [PSYoungGen: 1373600K->17120K(1378432K)] 1822508K->466220K(4174656K), 0.0339950 secs] [Times: user=0.05 sys=0.00, real=0.03 secs] 
2016-02-16T17:22:51.575+0800: 82768.289: [GC [PSYoungGen: 1375840K->16256K(1378368K)] 1824940K->465524K(4174592K), 0.0313650 secs] [Times: user=0.05 sys=0.00, real=0.03 secs] 
2016-02-16T17:23:51.283+0800: 82827.997: [GC [PSYoungGen: 1374976K->16561K(1378944K)] 1824244K->466070K(4175168K), 0.0319300 secs] [Times: user=0.04 sys=0.00, real=0.03 secs] 
2016-02-16T17:24:43.039+0800: 82879.753: [GC [PSYoungGen: 1376177K->14144K(1378752K)] 1825686K->464070K(4174976K), 0.0298980 secs] [Times: user=0.04 sys=0.00, real=0.03 secs] 
2016-02-16T17:25:34.521+0800: 82931.236: [GC [PSYoungGen: 1373760K->15472K(1379072K)] 1823686K->465739K(4175296K), 0.0327910 secs] [Times: user=0.04 sys=0.00, real=0.03 secs] 
2016-02-16T17:26:30.499+0800: 82987.213: [GC [PSYoungGen: 1375280K->17776K(1377600K)] 1825547K->468211K(4173824K), 0.0326200 secs] [Times: user=0.04 sys=0.00, real=0.04 secs] 
2016-02-16T17:27:25.966+0800: 83042.681: [GC [PSYoungGen: 1377584K->14544K(1378752K)] 1828019K->465347K(4174976K), 0.0291610 secs] [Times: user=0.04 sys=0.00, real=0.02 secs] 
2016-02-16T17:28:18.843+0800: 83095.558: [GC [PSYoungGen: 1373904K->14576K(1378688K)] 1824707K->465736K(4174912K), 0.0266760 secs] [Times: user=0.04 sys=0.00, real=0.02 secs] 
2016-02-16T17:29:11.925+0800: 83148.640: [GC [PSYoungGen: 1373936K->14544K(1378880K)] 1825096K->465932K(4175104K), 0.0321760 secs] [Times: user=0.04 sys=0.00, real=0.03 secs] 
2016-02-16T17:30:08.149+0800: 83204.863: [GC [PSYoungGen: 1374160K->15744K(1378816K)] 1825548K->467373K(4175040K), 0.0297760 secs] [Times: user=0.04 sys=0.01, real=0.03 secs] 
2016-02-16T17:30:59.948+0800: 83256.662: [GC [PSYoungGen: 1375360K->15072K(1379392K)] 1826989K->467089K(4175616K), 0.0286120 secs] [Times: user=0.04 sys=0.00, real=0.03 secs] 
2016-02-16T17:32:02.356+0800: 83319.071: [GC [PSYoungGen: 1375648K->15712K(1379264K)] 1827665K->468101K(4175488K), 0.0311130 secs] [Times: user=0.04 sys=0.01, real=0.02 secs] 
2016-02-16T17:33:09.478+0800: 83386.193: [GC [PSYoungGen: 1376288K->16112K(1379840K)] 1828677K->468718K(4176064K), 0.0336130 secs] [Times: user=0.05 sys=0.00, real=0.04 secs] 
2016-02-16T17:34:13.249+0800: 83449.963: [GC [PSYoungGen: 1377584K->18209K(1379712K)] 1830190K->472353K(4175936K), 0.0360720 secs] [Times: user=0.05 sys=0.00, real=0.03 secs] 
2016-02-16T17:35:10.897+0800: 83507.612: [GC [PSYoungGen: 1379681K->15520K(1377920K)] 1833825K->470068K(4174144K), 0.0330320 secs] [Times: user=0.04 sys=0.01, real=0.03 secs] 
2016-02-16T17:36:09.845+0800: 83566.560: [GC [PSYoungGen: 1375072K->14576K(1378816K)] 1829620K->469321K(4175040K), 0.0287740 secs] [Times: user=0.04 sys=0.00, real=0.03 secs] 
2016-02-16T17:37:08.222+0800: 83624.936: [GC [PSYoungGen: 1374128K->19177K(1372864K)] 1828873K->479725K(4169088K), 0.0409370 secs] [Times: user=0.06 sys=0.01, real=0.04 secs] 
2016-02-16T17:37:58.846+0800: 83675.560: [GC [PSYoungGen: 1372841K->13792K(1375872K)] 1833389K->474529K(4172096K), 0.0274950 secs] [Times: user=0.04 sys=0.00, real=0.02 secs] 
2016-02-16T17:39:00.543+0800: 83737.258: [GC [PSYoungGen: 1367456K->16000K(1376320K)] 1828193K->477034K(4172544K), 0.0280750 secs] [Times: user=0.05 sys=0.00, real=0.02 secs] 
2016-02-16T17:39:54.361+0800: 83791.076: [GC [PSYoungGen: 1370112K->15216K(1375872K)] 1831146K->476402K(4172096K), 0.0341200 secs] [Times: user=0.05 sys=0.00, real=0.03 secs] 
2016-02-16T17:40:50.561+0800: 83847.276: [GC [PSYoungGen: 1369328K->14528K(1376832K)] 1830514K->475870K(4173056K), 0.0304850 secs] [Times: user=0.04 sys=0.00, real=0.03 secs] 
2016-02-16T17:41:51.992+0800: 83908.707: [GC [PSYoungGen: 1369920K->15920K(1376640K)] 1831262K->477440K(4172864K), 0.0334460 secs] [Times: user=0.04 sys=0.00, real=0.03 secs] 
2016-02-16T17:42:56.646+0800: 83973.360: [GC [PSYoungGen: 1371312K->17008K(1377472K)] 1832832K->478728K(4173696K), 0.0331030 secs] [Times: user=0.04 sys=0.01, real=0.04 secs] 
2016-02-16T17:43:57.791+0800: 84034.505: [GC [PSYoungGen: 1373680K->17520K(1377280K)] 1835400K->479477K(4173504K), 0.0339570 secs] [Times: user=0.05 sys=0.00, real=0.04 secs] 
2016-02-16T17:45:01.703+0800: 84098.417: [GC [PSYoungGen: 1374192K->16992K(1377600K)] 1836149K->479222K(4173824K), 0.0321670 secs] [Times: user=0.05 sys=0.00, real=0.03 secs] 
2016-02-16T17:45:57.841+0800: 84154.555: [GC [PSYoungGen: 1373920K->15088K(1377408K)] 1836150K->477562K(4173632K), 0.0309020 secs] [Times: user=0.04 sys=0.00, real=0.03 secs] 
2016-02-16T17:46:47.651+0800: 84204.365: [GC [PSYoungGen: 1372016K->14528K(1377856K)] 1834490K->477391K(4174080K), 0.0274680 secs] [Times: user=0.05 sys=0.00, real=0.03 secs] 
2016-02-16T17:47:51.810+0800: 84268.525: [GC [PSYoungGen: 1372096K->16688K(1377792K)] 1834959K->479955K(4174016K), 0.0304070 secs] [Times: user=0.04 sys=0.00, real=0.03 secs] 
2016-02-16T17:48:52.912+0800: 84329.626: [GC [PSYoungGen: 1374256K->15808K(1378368K)] 1837523K->479264K(4174592K), 0.0302910 secs] [Times: user=0.05 sys=0.00, real=0.03 secs] 
2016-02-16T17:49:51.880+0800: 84388.594: [GC [PSYoungGen: 1374144K->15680K(1378048K)] 1837600K->479397K(4174272K), 0.0287800 secs] [Times: user=0.04 sys=0.00, real=0.02 secs] 
2016-02-16T17:50:40.795+0800: 84437.509: [GC [PSYoungGen: 1374016K->13568K(1378432K)] 1837733K->477464K(4174656K), 0.0292290 secs] [Times: user=0.04 sys=0.00, real=0.03 secs] 
2016-02-16T17:51:38.856+0800: 84495.570: [GC [PSYoungGen: 1372608K->15104K(1378560K)] 1836504K->479181K(4174784K), 0.0289790 secs] [Times: user=0.04 sys=0.00, real=0.03 secs] 
2016-02-16T17:52:34.358+0800: 84551.073: [GC [PSYoungGen: 1374144K->15680K(1379136K)] 1838221K->480117K(4175360K), 0.0312170 secs] [Times: user=0.05 sys=0.00, real=0.03 secs] 
2016-02-16T17:53:32.732+0800: 84609.446: [GC [PSYoungGen: 1375552K->15024K(1378816K)] 1839989K->479857K(4175040K), 0.0326670 secs] [Times: user=0.03 sys=0.00, real=0.03 secs] 
2016-02-16T17:54:25.230+0800: 84661.945: [GC [PSYoungGen: 1374896K->13248K(1379072K)] 1839729K->478310K(4175296K), 0.0294530 secs] [Times: user=0.03 sys=0.00, real=0.03 secs] 
2016-02-16T17:55:15.539+0800: 84712.253: [GC [PSYoungGen: 1373568K->13680K(1379200K)] 1838630K->478982K(4175424K), 0.0275740 secs] [Times: user=0.04 sys=0.00, real=0.03 secs] 
2016-02-16T17:56:14.915+0800: 84771.629: [GC [PSYoungGen: 1374000K->15601K(1379456K)] 1839302K->481451K(4175680K), 0.0319740 secs] [Times: user=0.06 sys=0.00, real=0.03 secs] 
2016-02-16T17:57:13.297+0800: 84830.012: [GC [PSYoungGen: 1376241K->15456K(1379264K)] 1842091K->481879K(4175488K), 0.0301440 secs] [Times: user=0.04 sys=0.00, real=0.03 secs] 
2016-02-16T17:58:16.732+0800: 84893.446: [GC [PSYoungGen: 1376096K->16265K(1379648K)] 1842519K->482876K(4175872K), 0.0300790 secs] [Times: user=0.04 sys=0.00, real=0.03 secs] 
2016-02-16T17:59:16.156+0800: 84952.870: [GC [PSYoungGen: 1377609K->13840K(1379712K)] 1844220K->480863K(4175936K), 0.0294150 secs] [Times: user=0.04 sys=0.00, real=0.04 secs] 
2016-02-16T18:00:15.817+0800: 85012.531: [GC [PSYoungGen: 1375184K->15664K(1379904K)] 1842207K->482779K(4176128K), 0.0291290 secs] [Times: user=0.04 sys=0.00, real=0.03 secs] 
2016-02-16T18:01:18.927+0800: 85075.642: [GC [PSYoungGen: 1377200K->15664K(1379712K)] 1844315K->482979K(4175936K), 0.0358300 secs] [Times: user=0.04 sys=0.00, real=0.04 secs] 
2016-02-16T18:02:26.633+0800: 85143.347: [GC [PSYoungGen: 1377200K->17200K(1379136K)] 1844515K->484644K(4175360K), 0.0325750 secs] [Times: user=0.04 sys=0.01, real=0.03 secs] 
2016-02-16T18:03:30.863+0800: 85207.577: [GC [PSYoungGen: 1378288K->14576K(1379584K)] 1845732K->482389K(4175808K), 0.0305160 secs] [Times: user=0.04 sys=0.00, real=0.03 secs] 
2016-02-16T18:04:37.540+0800: 85274.255: [GC [PSYoungGen: 1375664K->14720K(1379904K)] 1843477K->482801K(4176128K), 0.0292740 secs] [Times: user=0.03 sys=0.01, real=0.03 secs] 
2016-02-16T18:05:39.807+0800: 85336.522: [GC [PSYoungGen: 1376256K->15056K(1379712K)] 1844337K->483309K(4175936K), 0.0287930 secs] [Times: user=0.05 sys=0.00, real=0.03 secs] 
2016-02-16T18:06:39.081+0800: 85395.795: [GC [PSYoungGen: 1376592K->14000K(1380160K)] 1844845K->482674K(4176384K), 0.0262370 secs] [Times: user=0.04 sys=0.00, real=0.02 secs] 
2016-02-16T18:07:42.160+0800: 85458.874: [GC [PSYoungGen: 1376240K->15520K(1380160K)] 1844914K->484459K(4176384K), 0.0327040 secs] [Times: user=0.05 sys=0.00, real=0.04 secs] 
2016-02-16T18:08:43.519+0800: 85520.234: [GC [PSYoungGen: 1377760K->15232K(1380544K)] 1846699K->484475K(4176768K), 0.0293180 secs] [Times: user=0.04 sys=0.00, real=0.04 secs] 
2016-02-16T18:09:45.805+0800: 85582.520: [GC [PSYoungGen: 1377984K->13712K(1380288K)] 1847227K->483163K(4176512K), 0.0276080 secs] [Times: user=0.04 sys=0.00, real=0.03 secs] 
2016-02-16T18:10:45.656+0800: 85642.370: [GC [PSYoungGen: 1376464K->15232K(1380736K)] 1845915K->484792K(4176960K), 0.0313400 secs] [Times: user=0.05 sys=0.00, real=0.03 secs] 
2016-02-16T18:11:45.452+0800: 85702.167: [GC [PSYoungGen: 1378432K->15360K(1380544K)] 1847992K->485068K(4176768K), 0.0306350 secs] [Times: user=0.04 sys=0.00, real=0.03 secs] 
2016-02-16T18:12:48.124+0800: 85764.838: [GC [PSYoungGen: 1378560K->15328K(1380992K)] 1848268K->485192K(4177216K), 0.0297420 secs] [Times: user=0.04 sys=0.00, real=0.02 secs] 
2016-02-16T18:13:54.423+0800: 85831.138: [GC [PSYoungGen: 1379104K->16352K(1380160K)] 1848968K->486424K(4176384K), 0.0314580 secs] [Times: user=0.05 sys=0.00, real=0.03 secs] 
2016-02-16T18:14:55.497+0800: 85892.212: [GC [PSYoungGen: 1380128K->13968K(1380736K)] 1850200K->484188K(4176960K), 0.0258870 secs] [Times: user=0.04 sys=0.00, real=0.02 secs] 
2016-02-16T18:16:04.750+0800: 85961.464: [GC [PSYoungGen: 1377360K->15456K(1380736K)] 1847580K->485928K(4176960K), 0.0307350 secs] [Times: user=0.04 sys=0.00, real=0.03 secs] 
2016-02-16T18:17:10.866+0800: 86027.581: [GC [PSYoungGen: 1378848K->15872K(1380672K)] 1849320K->486453K(4176896K), 0.0315220 secs] [Times: user=0.04 sys=0.00, real=0.03 secs] 
2016-02-16T18:18:18.288+0800: 86095.002: [GC [PSYoungGen: 1379264K->13632K(1377088K)] 1849845K->484309K(4173312K), 0.0271010 secs] [Times: user=0.04 sys=0.00, real=0.02 secs] 
2016-02-16T18:19:19.018+0800: 86155.733: [GC [PSYoungGen: 1377024K->13248K(1380544K)] 1847701K->484161K(4176768K), 0.0273130 secs] [Times: user=0.04 sys=0.00, real=0.03 secs] 
2016-02-16T18:20:17.486+0800: 86214.200: [GC [PSYoungGen: 1376384K->15487K(1380608K)] 1847297K->486573K(4176832K), 0.0288950 secs] [Times: user=0.04 sys=0.00, real=0.03 secs] 
2016-02-16T18:21:28.711+0800: 86285.425: [GC [PSYoungGen: 1378623K->15856K(1380480K)] 1849709K->487155K(4176704K), 0.0344780 secs] [Times: user=0.04 sys=0.00, real=0.04 secs] 
2016-02-16T18:22:30.590+0800: 86347.304: [GC [PSYoungGen: 1378864K->14240K(1380544K)] 1850163K->485904K(4176768K), 0.0306590 secs] [Times: user=0.04 sys=0.00, real=0.03 secs] 
2016-02-16T18:23:29.193+0800: 86405.907: [GC [PSYoungGen: 1377248K->14704K(1380864K)] 1848912K->486591K(4177088K), 0.0287970 secs] [Times: user=0.04 sys=0.00, real=0.03 secs] 
2016-02-16T18:24:28.551+0800: 86465.265: [GC [PSYoungGen: 1378160K->13952K(1380672K)] 1850047K->486076K(4176896K), 0.0288900 secs] [Times: user=0.04 sys=0.00, real=0.03 secs] 
2016-02-16T18:25:22.485+0800: 86519.199: [GC [PSYoungGen: 1377408K->13600K(1380928K)] 1849532K->485854K(4177152K), 0.0296860 secs] [Times: user=0.04 sys=0.00, real=0.03 secs] 
2016-02-16T18:26:23.668+0800: 86580.382: [GC [PSYoungGen: 1377376K->13872K(1380928K)] 1849630K->486386K(4177152K), 0.0291680 secs] [Times: user=0.03 sys=0.00, real=0.03 secs] 
2016-02-16T18:27:28.457+0800: 86645.172: [GC [PSYoungGen: 1377648K->16688K(1379904K)] 1850162K->489495K(4176128K), 0.0312110 secs] [Times: user=0.05 sys=0.00, real=0.04 secs] 
2016-02-16T18:28:33.351+0800: 86710.065: [GC [PSYoungGen: 1379568K->15408K(1380480K)] 1852375K->488795K(4176704K), 0.0304550 secs] [Times: user=0.04 sys=0.00, real=0.03 secs] 
2016-02-16T18:29:45.661+0800: 86782.376: [GC [PSYoungGen: 1378288K->15600K(1380544K)] 1851675K->489216K(4176768K), 0.0289460 secs] [Times: user=0.04 sys=0.00, real=0.02 secs] 
2016-02-16T18:30:53.146+0800: 86849.861: [GC [PSYoungGen: 1378608K->15232K(1380544K)] 1852224K->489077K(4176768K), 0.0317370 secs] [Times: user=0.04 sys=0.00, real=0.04 secs] 
2016-02-16T18:31:55.155+0800: 86911.869: [GC [PSYoungGen: 1378240K->14800K(1380928K)] 1852085K->488837K(4177152K), 0.0285410 secs] [Times: user=0.04 sys=0.00, real=0.02 secs] 
2016-02-16T18:32:58.277+0800: 86974.991: [GC [PSYoungGen: 1378384K->14752K(1380736K)] 1852421K->489229K(4176960K), 0.0307810 secs] [Times: user=0.04 sys=0.00, real=0.04 secs] 
2016-02-16T18:34:02.105+0800: 87038.819: [GC [PSYoungGen: 1378336K->15248K(1381184K)] 1852813K->489925K(4177408K), 0.0304640 secs] [Times: user=0.04 sys=0.01, real=0.02 secs] 
2016-02-16T18:35:06.442+0800: 87103.157: [GC [PSYoungGen: 1379472K->15312K(1381120K)] 1854149K->490394K(4177344K), 0.0307690 secs] [Times: user=0.04 sys=0.00, real=0.03 secs] 
2016-02-16T18:36:03.437+0800: 87160.152: [GC [PSYoungGen: 1379536K->13456K(1381120K)] 1854618K->488742K(4177344K), 0.0262610 secs] [Times: user=0.03 sys=0.00, real=0.02 secs] 
2016-02-16T18:36:59.505+0800: 87216.219: [GC [PSYoungGen: 1377744K->13280K(1377600K)] 1853030K->488822K(4173824K), 0.0258470 secs] [Times: user=0.03 sys=0.00, real=0.02 secs] 
2016-02-16T18:37:58.946+0800: 87275.661: [GC [PSYoungGen: 1377568K->15200K(1381120K)] 1853110K->490890K(4177344K), 0.0307890 secs] [Times: user=0.04 sys=0.00, real=0.03 secs] 
2016-02-16T18:39:02.995+0800: 87339.709: [GC [PSYoungGen: 1379360K->14016K(1381120K)] 1855050K->489891K(4177344K), 0.0289470 secs] [Times: user=0.04 sys=0.00, real=0.03 secs] 
2016-02-16T18:40:08.276+0800: 87404.991: [GC [PSYoungGen: 1378176K->14656K(1381440K)] 1854051K->490855K(4177664K), 0.0318710 secs] [Times: user=0.04 sys=0.00, real=0.03 secs] 
2016-02-16T18:41:17.538+0800: 87474.253: [GC [PSYoungGen: 1379264K->15072K(1381248K)] 1855463K->491484K(4177472K), 0.0299290 secs] [Times: user=0.04 sys=0.00, real=0.03 secs] 
2016-02-16T18:42:20.344+0800: 87537.058: [GC [PSYoungGen: 1379680K->16048K(1380864K)] 1856092K->492660K(4177088K), 0.0311300 secs] [Times: user=0.04 sys=0.00, real=0.03 secs] 
2016-02-16T18:43:24.146+0800: 87600.861: [GC [PSYoungGen: 1380336K->14496K(1381184K)] 1856948K->491372K(4177408K), 0.0283310 secs] [Times: user=0.04 sys=0.00, real=0.03 secs] 
2016-02-16T18:44:26.572+0800: 87663.287: [GC [PSYoungGen: 1378784K->14752K(1381504K)] 1855660K->491736K(4177728K), 0.0297840 secs] [Times: user=0.04 sys=0.00, real=0.03 secs] 
2016-02-16T18:45:29.507+0800: 87726.222: [GC [PSYoungGen: 1379488K->14512K(1381312K)] 1856472K->491620K(4177536K), 0.0301530 secs] [Times: user=0.04 sys=0.00, real=0.03 secs] 
2016-02-16T18:46:25.311+0800: 87782.025: [GC [PSYoungGen: 1379248K->14448K(1381760K)] 1856356K->491852K(4177984K), 0.0290910 secs] [Times: user=0.04 sys=0.00, real=0.03 secs] 
2016-02-16T18:47:31.903+0800: 87848.617: [GC [PSYoungGen: 1379760K->16320K(1381632K)] 1857164K->494134K(4177856K), 0.0340890 secs] [Times: user=0.04 sys=0.00, real=0.04 secs] 
2016-02-16T18:48:34.810+0800: 87911.525: [GC [PSYoungGen: 1381632K->15040K(1380992K)] 1859446K->493010K(4177216K), 0.0287510 secs] [Times: user=0.04 sys=0.01, real=0.03 secs] 
2016-02-16T18:49:40.012+0800: 87976.727: [GC [PSYoungGen: 1379584K->14672K(1381312K)] 1857554K->492738K(4177536K), 0.0309100 secs] [Times: user=0.04 sys=0.00, real=0.03 secs] 
2016-02-16T18:50:39.676+0800: 88036.390: [GC [PSYoungGen: 1379216K->15248K(1381504K)] 1857282K->493615K(4177728K), 0.0302780 secs] [Times: user=0.04 sys=0.00, real=0.03 secs] 
2016-02-16T18:51:38.825+0800: 88095.539: [GC [PSYoungGen: 1380112K->15808K(1380736K)] 1858479K->494519K(4176960K), 0.0330970 secs] [Times: user=0.05 sys=0.00, real=0.03 secs] 
2016-02-16T18:52:40.265+0800: 88156.979: [GC [PSYoungGen: 1380672K->16752K(1379648K)] 1859383K->496609K(4175872K), 0.0365660 secs] [Times: user=0.04 sys=0.00, real=0.03 secs] 
2016-02-16T18:53:40.069+0800: 88216.783: [GC [PSYoungGen: 1379632K->14992K(1380480K)] 1859489K->495049K(4176704K), 0.0285940 secs] [Times: user=0.05 sys=0.00, real=0.03 secs] 
2016-02-16T18:54:44.040+0800: 88280.755: [GC [PSYoungGen: 1377872K->16016K(1380480K)] 1857929K->496277K(4176704K), 0.0299350 secs] [Times: user=0.04 sys=0.00, real=0.03 secs] 
2016-02-16T18:55:41.982+0800: 88338.696: [GC [PSYoungGen: 1379024K->14128K(1380544K)] 1859285K->494613K(4176768K), 0.0283000 secs] [Times: user=0.04 sys=0.00, real=0.03 secs] 
2016-02-16T18:56:44.345+0800: 88401.059: [GC [PSYoungGen: 1377136K->16144K(1380416K)] 1857621K->496973K(4176640K), 0.0317840 secs] [Times: user=0.05 sys=0.00, real=0.03 secs] 
2016-02-16T18:57:43.383+0800: 88460.097: [GC [PSYoungGen: 1379024K->17583K(1380480K)] 1859853K->498897K(4176704K), 0.0313190 secs] [Times: user=0.04 sys=0.01, real=0.03 secs] 
2016-02-16T18:58:45.239+0800: 88521.953: [GC [PSYoungGen: 1380463K->15840K(1379200K)] 1861777K->497294K(4175424K), 0.0316010 secs] [Times: user=0.04 sys=0.01, real=0.03 secs] 
2016-02-16T18:59:50.399+0800: 88587.114: [GC [PSYoungGen: 1377440K->15232K(1379840K)] 1858894K->496910K(4176064K), 0.0297620 secs] [Times: user=0.05 sys=0.00, real=0.04 secs] 
2016-02-16T19:00:53.303+0800: 88650.017: [GC [PSYoungGen: 1376832K->17313K(1379264K)] 1858510K->499215K(4175488K), 0.0355690 secs] [Times: user=0.05 sys=0.00, real=0.04 secs] 
2016-02-16T19:01:48.836+0800: 88705.550: [GC [PSYoungGen: 1378529K->13760K(1375040K)] 1860431K->496016K(4171264K), 0.0277980 secs] [Times: user=0.04 sys=0.01, real=0.03 secs] 
2016-02-16T19:02:52.139+0800: 88768.853: [GC [PSYoungGen: 1374976K->15934K(1379712K)] 1857232K->498318K(4175936K), 0.0310580 secs] [Times: user=0.04 sys=0.00, real=0.03 secs] 
2016-02-16T19:03:52.358+0800: 88829.072: [GC [PSYoungGen: 1377150K->16528K(1379584K)] 1859534K->499116K(4175808K), 0.0323920 secs] [Times: user=0.04 sys=0.00, real=0.03 secs] 
2016-02-16T19:04:58.859+0800: 88895.574: [GC [PSYoungGen: 1377744K->18403K(1377984K)] 1860332K->501263K(4174208K), 0.0360760 secs] [Times: user=0.05 sys=0.00, real=0.04 secs] 
2016-02-16T19:05:52.175+0800: 88948.889: [GC [PSYoungGen: 1377955K->16656K(1378816K)] 1860815K->500013K(4175040K), 0.0294810 secs] [Times: user=0.04 sys=0.00, real=0.04 secs] 
2016-02-16T19:06:54.300+0800: 89011.014: [GC [PSYoungGen: 1376208K->16336K(1379136K)] 1859565K->500041K(4175360K), 0.0315000 secs] [Times: user=0.04 sys=0.00, real=0.02 secs] 
2016-02-16T19:07:52.522+0800: 89069.237: [GC [PSYoungGen: 1376272K->15392K(1378880K)] 1859977K->499285K(4175104K), 0.0307350 secs] [Times: user=0.04 sys=0.00, real=0.03 secs] 
2016-02-16T19:08:48.528+0800: 89125.242: [GC [PSYoungGen: 1375328K->15648K(1379456K)] 1859221K->499717K(4175680K), 0.0300240 secs] [Times: user=0.04 sys=0.00, real=0.03 secs] 
2016-02-16T19:09:50.757+0800: 89187.472: [GC [PSYoungGen: 1376288K->17040K(1379264K)] 1860357K->501466K(4175488K), 0.0353470 secs] [Times: user=0.04 sys=0.00, real=0.04 secs] 
2016-02-16T19:10:41.882+0800: 89238.597: [GC [PSYoungGen: 1377680K->14546K(1379328K)] 1862106K->499376K(4175552K), 0.0270420 secs] [Times: user=0.04 sys=0.00, real=0.03 secs] 
2016-02-16T19:11:42.544+0800: 89299.258: [GC [PSYoungGen: 1375122K->15824K(1379328K)] 1859952K->500929K(4175552K), 0.0307070 secs] [Times: user=0.04 sys=0.00, real=0.04 secs] 
2016-02-16T19:12:42.507+0800: 89359.222: [GC [PSYoungGen: 1376400K->15584K(1379776K)] 1861505K->500882K(4176000K), 0.0294380 secs] [Times: user=0.05 sys=0.00, real=0.03 secs] 
2016-02-16T19:13:35.500+0800: 89412.215: [GC [PSYoungGen: 1376864K->15008K(1379584K)] 1862162K->500562K(4175808K), 0.0273750 secs] [Times: user=0.04 sys=0.00, real=0.03 secs] 
2016-02-16T19:14:35.508+0800: 89472.223: [GC [PSYoungGen: 1376288K->17152K(1379392K)] 1861842K->502874K(4175616K), 0.0345170 secs] [Times: user=0.04 sys=0.00, real=0.03 secs] 
2016-02-16T19:15:30.647+0800: 89527.362: [GC [PSYoungGen: 1378368K->16704K(1377984K)] 1864090K->502563K(4174208K), 0.0323510 secs] [Times: user=0.04 sys=0.00, real=0.03 secs] 
2016-02-16T19:16:27.136+0800: 89583.851: [GC [PSYoungGen: 1377920K->17200K(1379200K)] 1863779K->503348K(4175424K), 0.0354570 secs] [Times: user=0.05 sys=0.00, real=0.03 secs] 
2016-02-16T19:17:26.427+0800: 89643.142: [GC [PSYoungGen: 1377904K->15552K(1379392K)] 1864052K->502016K(4175616K), 0.0291940 secs] [Times: user=0.04 sys=0.00, real=0.03 secs] 
2016-02-16T19:18:33.813+0800: 89710.528: [GC [PSYoungGen: 1376256K->16480K(1379648K)] 1862720K->503124K(4175872K), 0.0332360 secs] [Times: user=0.04 sys=0.00, real=0.03 secs] 
2016-02-16T19:19:32.843+0800: 89769.558: [GC [PSYoungGen: 1377568K->17584K(1378688K)] 1864212K->504545K(4174912K), 0.0351340 secs] [Times: user=0.05 sys=0.00, real=0.04 secs] 
2016-02-16T19:20:23.378+0800: 89820.093: [GC [PSYoungGen: 1378672K->14320K(1379200K)] 1865633K->501505K(4175424K), 0.0295610 secs] [Times: user=0.05 sys=0.00, real=0.03 secs] 
2016-02-16T19:21:13.653+0800: 89870.367: [GC [PSYoungGen: 1374768K->14528K(1379264K)] 1861953K->501821K(4175488K), 0.0287410 secs] [Times: user=0.04 sys=0.00, real=0.03 secs] 
2016-02-16T19:22:05.507+0800: 89922.221: [GC [PSYoungGen: 1374976K->15793K(1379520K)] 1862269K->503390K(4175744K), 0.0312920 secs] [Times: user=0.04 sys=0.00, real=0.03 secs] 
2016-02-16T19:23:02.059+0800: 89978.774: [GC [PSYoungGen: 1376497K->15824K(1379264K)] 1864094K->503759K(4175488K), 0.0298450 secs] [Times: user=0.05 sys=0.00, real=0.03 secs] 
2016-02-16T19:23:56.495+0800: 90033.210: [GC [PSYoungGen: 1376528K->14496K(1379776K)] 1864463K->502762K(4176000K), 0.0300030 secs] [Times: user=0.04 sys=0.00, real=0.03 secs] 
2016-02-16T19:24:50.946+0800: 90087.660: [GC [PSYoungGen: 1375968K->15632K(1379776K)] 1864234K->504315K(4176000K), 0.0291140 secs] [Times: user=0.04 sys=0.00, real=0.02 secs] 
2016-02-16T19:25:40.294+0800: 90137.009: [GC [PSYoungGen: 1377104K->14416K(1380032K)] 1865787K->503451K(4176256K), 0.0290540 secs] [Times: user=0.04 sys=0.00, real=0.03 secs] 
2016-02-16T19:26:35.178+0800: 90191.892: [GC [PSYoungGen: 1376400K->15505K(1380032K)] 1865435K->504752K(4176256K), 0.0286760 secs] [Times: user=0.05 sys=0.00, real=0.02 secs] 
2016-02-16T19:27:23.629+0800: 90240.344: [GC [PSYoungGen: 1377489K->15982K(1380288K)] 1866736K->505663K(4176512K), 0.0300200 secs] [Times: user=0.04 sys=0.00, real=0.03 secs] 
2016-02-16T19:28:18.607+0800: 90295.321: [GC [PSYoungGen: 1378414K->15584K(1380224K)] 1868095K->506000K(4176448K), 0.0315150 secs] [Times: user=0.05 sys=0.00, real=0.03 secs] 
2016-02-16T19:29:17.392+0800: 90354.107: [GC [PSYoungGen: 1378016K->15952K(1380608K)] 1868432K->506496K(4176832K), 0.0313100 secs] [Times: user=0.05 sys=0.00, real=0.03 secs] 
2016-02-16T19:30:15.588+0800: 90412.303: [GC [PSYoungGen: 1379024K->16880K(1379968K)] 1869568K->507625K(4176192K), 0.0309200 secs] [Times: user=0.04 sys=0.01, real=0.03 secs] 
2016-02-16T19:31:13.397+0800: 90470.111: [GC [PSYoungGen: 1379952K->16368K(1380288K)] 1870697K->507445K(4176512K), 0.0306730 secs] [Times: user=0.04 sys=0.00, real=0.03 secs] 
2016-02-16T19:32:07.514+0800: 90524.229: [GC [PSYoungGen: 1378864K->17774K(1380288K)] 1869941K->509232K(4176512K), 0.0341120 secs] [Times: user=0.06 sys=0.00, real=0.04 secs] 
2016-02-16T19:33:08.878+0800: 90585.592: [GC [PSYoungGen: 1380270K->17572K(1378368K)] 1871728K->509794K(4174592K), 0.0340270 secs] [Times: user=0.05 sys=0.00, real=0.04 secs] 
2016-02-16T19:34:00.617+0800: 90637.331: [GC [PSYoungGen: 1378148K->15936K(1379328K)] 1870370K->508567K(4175552K), 0.0290590 secs] [Times: user=0.04 sys=0.00, real=0.03 secs] 
2016-02-16T19:34:53.695+0800: 90690.409: [GC [PSYoungGen: 1376512K->16656K(1379584K)] 1869143K->509584K(4175808K), 0.0343450 secs] [Times: user=0.04 sys=0.00, real=0.04 secs] 
2016-02-16T19:35:44.185+0800: 90740.899: [GC [PSYoungGen: 1377680K->14048K(1375104K)] 1870608K->507208K(4171328K), 0.0276970 secs] [Times: user=0.04 sys=0.00, real=0.03 secs] 
2016-02-16T19:36:36.822+0800: 90793.537: [GC [PSYoungGen: 1375072K->16464K(1379520K)] 1868232K->509956K(4175744K), 0.0367000 secs] [Times: user=0.05 sys=0.00, real=0.03 secs] 
2016-02-16T19:37:31.571+0800: 90848.286: [GC [PSYoungGen: 1377360K->17184K(1378112K)] 1870852K->510893K(4174336K), 0.0385590 secs] [Times: user=0.05 sys=0.00, real=0.04 secs] 
2016-02-16T19:38:17.854+0800: 90894.568: [GC [PSYoungGen: 1378080K->15920K(1379584K)] 1871789K->510041K(4175808K), 0.0299990 secs] [Times: user=0.04 sys=0.01, real=0.04 secs] 
2016-02-16T19:39:06.687+0800: 90943.401: [GC [PSYoungGen: 1376752K->14336K(1379328K)] 1870873K->508741K(4175552K), 0.0269940 secs] [Times: user=0.04 sys=0.00, real=0.03 secs] 
2016-02-16T19:40:01.785+0800: 90998.499: [GC [PSYoungGen: 1375168K->15952K(1379712K)] 1869573K->510583K(4175936K), 0.0447770 secs] [Times: user=0.06 sys=0.00, real=0.05 secs] 
2016-02-16T19:40:51.242+0800: 91047.956: [GC [PSYoungGen: 1377040K->15760K(1379456K)] 1871671K->510672K(4175680K), 0.0296740 secs] [Times: user=0.04 sys=0.00, real=0.03 secs] 
2016-02-16T19:41:38.979+0800: 91095.693: [GC [PSYoungGen: 1376848K->14896K(1379968K)] 1871760K->510072K(4176192K), 0.0298700 secs] [Times: user=0.04 sys=0.00, real=0.03 secs] 
2016-02-16T19:42:38.187+0800: 91154.902: [GC [PSYoungGen: 1376752K->18080K(1379968K)] 1871928K->513640K(4176192K), 0.0338380 secs] [Times: user=0.05 sys=0.00, real=0.04 secs] 
2016-02-16T19:43:30.309+0800: 91207.024: [GC [PSYoungGen: 1379936K->15904K(1378944K)] 1875496K->511804K(4175168K), 0.0287920 secs] [Times: user=0.05 sys=0.00, real=0.03 secs] 
2016-02-16T19:44:28.002+0800: 91264.716: [GC [PSYoungGen: 1376736K->16912K(1377792K)] 1872636K->513160K(4174016K), 0.0333980 secs] [Times: user=0.04 sys=0.00, real=0.03 secs] 
2016-02-16T19:45:24.265+0800: 91320.979: [GC [PSYoungGen: 1377744K->17248K(1379136K)] 1873992K->513589K(4175360K), 0.0342590 secs] [Times: user=0.05 sys=0.00, real=0.04 secs] 
2016-02-16T19:46:18.822+0800: 91375.536: [GC [PSYoungGen: 1377696K->18224K(1378688K)] 1874037K->514777K(4174912K), 0.0377450 secs] [Times: user=0.05 sys=0.00, real=0.04 secs] 
2016-02-16T19:47:07.828+0800: 91424.542: [GC [PSYoungGen: 1378672K->18152K(1378048K)] 1875225K->515046K(4174272K), 0.0288540 secs] [Times: user=0.06 sys=0.00, real=0.03 secs] 
2016-02-16T19:48:02.932+0800: 91479.646: [GC [PSYoungGen: 1376936K->16384K(1378432K)] 1873830K->513462K(4174656K), 0.0318180 secs] [Times: user=0.03 sys=0.00, real=0.03 secs] 
2016-02-16T19:48:51.975+0800: 91528.689: [GC [PSYoungGen: 1375168K->14528K(1378560K)] 1872246K->511958K(4174784K), 0.0328360 secs] [Times: user=0.04 sys=0.00, real=0.04 secs] 
2016-02-16T19:49:39.820+0800: 91576.534: [GC [PSYoungGen: 1373696K->13392K(1372608K)] 1871126K->511146K(4168832K), 0.0262420 secs] [Times: user=0.04 sys=0.00, real=0.02 secs] 
2016-02-16T19:50:25.582+0800: 91622.297: [GC [PSYoungGen: 1372560K->15008K(1378560K)] 1870314K->512942K(4174784K), 0.0274900 secs] [Times: user=0.05 sys=0.00, real=0.03 secs] 
2016-02-16T19:51:14.090+0800: 91670.804: [GC [PSYoungGen: 1373920K->15360K(1378432K)] 1871854K->513490K(4174656K), 0.0296370 secs] [Times: user=0.04 sys=0.00, real=0.03 secs] 
2016-02-16T19:52:03.568+0800: 91720.282: [GC [PSYoungGen: 1374272K->15344K(1379072K)] 1872402K->513830K(4175296K), 0.0294940 secs] [Times: user=0.04 sys=0.00, real=0.03 secs] 
2016-02-16T19:52:48.492+0800: 91765.207: [GC [PSYoungGen: 1375152K->15520K(1378816K)] 1873638K->514314K(4175040K), 0.0352400 secs] [Times: user=0.04 sys=0.00, real=0.03 secs] 
2016-02-16T19:53:30.005+0800: 91806.719: [GC [PSYoungGen: 1375328K->16720K(1379200K)] 1874122K->515764K(4175424K), 0.0338210 secs] [Times: user=0.04 sys=0.00, real=0.04 secs] 
2016-02-16T19:54:19.036+0800: 91855.750: [GC [PSYoungGen: 1377168K->15132K(1379264K)] 1876212K->514321K(4175488K), 0.0288990 secs] [Times: user=0.05 sys=0.00, real=0.03 secs] 
2016-02-16T19:55:04.022+0800: 91900.737: [GC [PSYoungGen: 1375580K->14576K(1379456K)] 1874769K->514999K(4175680K), 0.0327940 secs] [Times: user=0.04 sys=0.00, real=0.03 secs] 
2016-02-16T19:55:50.660+0800: 91947.374: [GC [PSYoungGen: 1375344K->13904K(1379392K)] 1875767K->514627K(4175616K), 0.0271690 secs] [Times: user=0.04 sys=0.00, real=0.02 secs] 
2016-02-16T19:56:38.727+0800: 91995.441: [GC [PSYoungGen: 1374672K->14448K(1379584K)] 1875395K->515432K(4175808K), 0.0286520 secs] [Times: user=0.05 sys=0.00, real=0.02 secs] 
2016-02-16T19:57:31.733+0800: 92048.448: [GC [PSYoungGen: 1375408K->16640K(1379456K)] 1876392K->517852K(4175680K), 0.0329900 secs] [Times: user=0.05 sys=0.00, real=0.03 secs] 
2016-02-16T19:58:16.651+0800: 92093.366: [GC [PSYoungGen: 1377600K->14944K(1379648K)] 1878812K->516284K(4175872K), 0.0302770 secs] [Times: user=0.05 sys=0.00, real=0.03 secs] 
2016-02-16T19:59:03.993+0800: 92140.708: [GC [PSYoungGen: 1375968K->16400K(1379456K)] 1877308K->517964K(4175680K), 0.0315300 secs] [Times: user=0.05 sys=0.00, real=0.03 secs] 
2016-02-16T19:59:51.438+0800: 92188.152: [GC [PSYoungGen: 1377424K->15296K(1379840K)] 1878988K->517068K(4176064K), 0.0290930 secs] [Times: user=0.04 sys=0.00, real=0.03 secs] 
2016-02-16T20:00:42.003+0800: 92238.717: [GC [PSYoungGen: 1376640K->15216K(1379584K)] 1878412K->517166K(4175808K), 0.0320700 secs] [Times: user=0.05 sys=0.00, real=0.03 secs] 
2016-02-16T20:01:27.999+0800: 92284.714: [GC [PSYoungGen: 1376560K->14928K(1380160K)] 1878510K->517198K(4176384K), 0.0270940 secs] [Times: user=0.05 sys=0.00, real=0.02 secs] 
2016-02-16T20:02:20.971+0800: 92337.685: [GC [PSYoungGen: 1377040K->17900K(1380032K)] 1879310K->521893K(4176256K), 0.0340890 secs] [Times: user=0.05 sys=0.00, real=0.04 secs] 
2016-02-16T20:03:11.268+0800: 92387.982: [GC [PSYoungGen: 1380012K->16224K(1378112K)] 1884005K->520489K(4174336K), 0.0322830 secs] [Times: user=0.05 sys=0.00, real=0.04 secs] 
2016-02-16T20:04:05.415+0800: 92442.130: [GC [PSYoungGen: 1376288K->18976K(1379072K)] 1880553K->524137K(4175296K), 0.0354110 secs] [Times: user=0.05 sys=0.00, real=0.04 secs] 
2016-02-16T20:05:00.399+0800: 92497.113: [GC [PSYoungGen: 1379040K->17728K(1376512K)] 1884201K->523178K(4172736K), 0.0363670 secs] [Times: user=0.05 sys=0.00, real=0.04 secs] 
2016-02-16T20:05:45.941+0800: 92542.655: [GC [PSYoungGen: 1375232K->13072K(1370624K)] 1880682K->518842K(4166848K), 0.0252880 secs] [Times: user=0.03 sys=0.00, real=0.02 secs] 
2016-02-16T20:06:35.250+0800: 92591.965: [GC [PSYoungGen: 1370576K->16671K(1377792K)] 1876346K->522686K(4174016K), 0.0309080 secs] [Times: user=0.05 sys=0.00, real=0.03 secs] 
2016-02-16T20:07:22.821+0800: 92639.536: [GC [PSYoungGen: 1373983K->15152K(1377600K)] 1879998K->521558K(4173824K), 0.0366180 secs] [Times: user=0.06 sys=0.00, real=0.04 secs] 
2016-02-16T20:08:08.552+0800: 92685.266: [GC [PSYoungGen: 1372464K->16608K(1378240K)] 1878870K->523122K(4174464K), 0.0328560 secs] [Times: user=0.04 sys=0.01, real=0.03 secs] 
2016-02-16T20:08:52.065+0800: 92728.779: [GC [PSYoungGen: 1374816K->16064K(1378048K)] 1881330K->522753K(4174272K), 0.0319960 secs] [Times: user=0.04 sys=0.00, real=0.03 secs] 
2016-02-16T20:09:43.274+0800: 92779.988: [GC [PSYoungGen: 1374272K->17235K(1378368K)] 1880961K->524121K(4174592K), 0.0369780 secs] [Times: user=0.05 sys=0.00, real=0.04 secs] 
2016-02-16T20:10:28.984+0800: 92825.698: [GC [PSYoungGen: 1376147K->14816K(1378496K)] 1883033K->522151K(4174720K), 0.0327240 secs] [Times: user=0.04 sys=0.00, real=0.03 secs] 
2016-02-16T20:11:27.476+0800: 92884.191: [GC [PSYoungGen: 1373728K->18128K(1377728K)] 1881063K->525715K(4173952K), 0.0417620 secs] [Times: user=0.05 sys=0.00, real=0.04 secs] 
2016-02-16T20:12:13.466+0800: 92930.181: [GC [PSYoungGen: 1376400K->15600K(1378176K)] 1883987K->523468K(4174400K), 0.0307990 secs] [Times: user=0.05 sys=0.00, real=0.04 secs] 
2016-02-16T20:13:04.959+0800: 92981.674: [GC [PSYoungGen: 1373872K->16704K(1378560K)] 1881740K->524959K(4174784K), 0.0321010 secs] [Times: user=0.04 sys=0.00, real=0.03 secs] 
2016-02-16T20:13:53.829+0800: 93030.544: [GC [PSYoungGen: 1375616K->16976K(1378432K)] 1883871K->525363K(4174656K), 0.0334250 secs] [Times: user=0.04 sys=0.00, real=0.04 secs] 
2016-02-16T20:14:35.964+0800: 93072.678: [GC [PSYoungGen: 1375888K->14992K(1378752K)] 1884275K->523636K(4174976K), 0.0283750 secs] [Times: user=0.04 sys=0.00, real=0.03 secs] 
2016-02-16T20:15:18.326+0800: 93115.041: [GC [PSYoungGen: 1374288K->15505K(1378624K)] 1882932K->524281K(4174848K), 0.0317720 secs] [Times: user=0.04 sys=0.00, real=0.03 secs] 
2016-02-16T20:16:05.167+0800: 93161.882: [GC [PSYoungGen: 1374801K->17408K(1378560K)] 1883577K->526738K(4174784K), 0.0329040 secs] [Times: user=0.06 sys=0.00, real=0.03 secs] 
2016-02-16T20:16:55.502+0800: 93212.216: [GC [PSYoungGen: 1376832K->16560K(1378752K)] 1886162K->526050K(4174976K), 0.0315860 secs] [Times: user=0.05 sys=0.00, real=0.03 secs] 
2016-02-16T20:17:48.027+0800: 93264.742: [GC [PSYoungGen: 1375984K->17312K(1378688K)] 1885474K->527013K(4174912K), 0.0345280 secs] [Times: user=0.05 sys=0.00, real=0.03 secs] 
2016-02-16T20:18:37.946+0800: 93314.660: [GC [PSYoungGen: 1376864K->18544K(1378112K)] 1886565K->528498K(4174336K), 0.0371140 secs] [Times: user=0.06 sys=0.00, real=0.03 secs] 
2016-02-16T20:19:25.886+0800: 93362.600: [GC [PSYoungGen: 1378096K->15440K(1378432K)] 1888050K->525638K(4174656K), 0.0351810 secs] [Times: user=0.05 sys=0.01, real=0.04 secs] 
2016-02-16T20:20:15.360+0800: 93412.074: [GC [PSYoungGen: 1374096K->17952K(1376640K)] 1884294K->528375K(4172864K), 0.0341750 secs] [Times: user=0.05 sys=0.00, real=0.03 secs] 
2016-02-16T20:21:06.016+0800: 93462.731: [GC [PSYoungGen: 1376608K->17137K(1378368K)] 1887031K->527904K(4174592K), 0.0360950 secs] [Times: user=0.05 sys=0.00, real=0.04 secs] 
2016-02-16T20:21:50.310+0800: 93507.024: [GC [PSYoungGen: 1375665K->15200K(1378240K)] 1886432K->526440K(4174464K), 0.0311790 secs] [Times: user=0.04 sys=0.00, real=0.04 secs] 
2016-02-16T20:22:32.392+0800: 93549.107: [GC [PSYoungGen: 1373728K->15921K(1378624K)] 1884968K->527306K(4174848K), 0.0304270 secs] [Times: user=0.04 sys=0.00, real=0.03 secs] 
2016-02-16T20:23:21.478+0800: 93598.192: [GC [PSYoungGen: 1374833K->17424K(1378368K)] 1886218K->529190K(4174592K), 0.0319260 secs] [Times: user=0.05 sys=0.00, real=0.03 secs] 
2016-02-16T20:24:07.158+0800: 93643.873: [GC [PSYoungGen: 1376336K->15808K(1378688K)] 1888102K->527774K(4174912K), 0.0304030 secs] [Times: user=0.04 sys=0.00, real=0.03 secs] 
2016-02-16T20:24:53.727+0800: 93690.441: [GC [PSYoungGen: 1374976K->16096K(1378560K)] 1886942K->528142K(4174784K), 0.0329250 secs] [Times: user=0.05 sys=0.00, real=0.04 secs] 
2016-02-16T20:25:36.019+0800: 93732.733: [GC [PSYoungGen: 1375264K->15008K(1378944K)] 1887310K->527266K(4175168K), 0.0292140 secs] [Times: user=0.05 sys=0.00, real=0.03 secs] 
2016-02-16T20:26:20.365+0800: 93777.079: [GC [PSYoungGen: 1374816K->17392K(1377216K)] 1887074K->530027K(4173440K), 0.0323170 secs] [Times: user=0.04 sys=0.00, real=0.03 secs] 
2016-02-16T20:27:02.047+0800: 93818.761: [GC [PSYoungGen: 1377200K->14992K(1378880K)] 1889835K->527863K(4175104K), 0.0315980 secs] [Times: user=0.04 sys=0.01, real=0.03 secs] 
2016-02-16T20:27:49.362+0800: 93866.076: [GC [PSYoungGen: 1374608K->16705K(1378816K)] 1887479K->529836K(4175040K), 0.0326330 secs] [Times: user=0.05 sys=0.01, real=0.03 secs] 
2016-02-16T20:28:35.452+0800: 93912.166: [GC [PSYoungGen: 1376321K->17776K(1378496K)] 1889452K->531285K(4174720K), 0.0362010 secs] [Times: user=0.05 sys=0.00, real=0.04 secs] 
2016-02-16T20:29:21.971+0800: 93958.686: [GC [PSYoungGen: 1377200K->19242K(1378688K)] 1890709K->532979K(4174912K), 0.0305480 secs] [Times: user=0.04 sys=0.00, real=0.03 secs] 
2016-02-16T20:30:08.757+0800: 94005.471: [GC [PSYoungGen: 1378666K->17840K(1377152K)] 1892403K->531890K(4173376K), 0.0400100 secs] [Times: user=0.04 sys=0.01, real=0.04 secs] 
2016-02-16T20:30:54.168+0800: 94050.882: [GC [PSYoungGen: 1375600K->17009K(1377920K)] 1889650K->531371K(4174144K), 0.0318510 secs] [Times: user=0.04 sys=0.00, real=0.03 secs] 
2016-02-16T20:31:40.118+0800: 94096.832: [GC [PSYoungGen: 1374769K->17088K(1378432K)] 1889131K->531903K(4174656K), 0.0303020 secs] [Times: user=0.05 sys=0.00, real=0.03 secs] 
2016-02-16T20:32:26.747+0800: 94143.462: [GC [PSYoungGen: 1375616K->16416K(1378176K)] 1890431K->531551K(4174400K), 0.0330600 secs] [Times: user=0.05 sys=0.00, real=0.04 secs] 
2016-02-16T20:33:08.752+0800: 94185.466: [GC [PSYoungGen: 1374944K->15648K(1378624K)] 1890079K->531148K(4174848K), 0.0378480 secs] [Times: user=0.05 sys=0.00, real=0.04 secs] 
2016-02-16T20:33:51.611+0800: 94228.325: [GC [PSYoungGen: 1374816K->16560K(1378624K)] 1890316K->532277K(4174848K), 0.0354770 secs] [Times: user=0.04 sys=0.00, real=0.04 secs] 
2016-02-16T20:34:35.428+0800: 94272.142: [GC [PSYoungGen: 1375728K->17392K(1378880K)] 1891445K->533530K(4175104K), 0.0319910 secs] [Times: user=0.04 sys=0.00, real=0.03 secs] 
2016-02-16T20:35:16.036+0800: 94312.751: [GC [PSYoungGen: 1377072K->14192K(1373888K)] 1893210K->530710K(4170112K), 0.0300350 secs] [Times: user=0.04 sys=0.00, real=0.03 secs] 
2016-02-16T20:35:58.253+0800: 94354.968: [GC [PSYoungGen: 1373872K->15329K(1378752K)] 1890390K->531975K(4174976K), 0.0344290 secs] [Times: user=0.05 sys=0.00, real=0.04 secs] 
2016-02-16T20:36:46.293+0800: 94403.008: [GC [PSYoungGen: 1374689K->16928K(1378688K)] 1891335K->534043K(4174912K), 0.0312480 secs] [Times: user=0.05 sys=0.00, real=0.04 secs] 
2016-02-16T20:37:33.420+0800: 94450.134: [GC [PSYoungGen: 1376288K->16448K(1379136K)] 1893403K->533727K(4175360K), 0.0308520 secs] [Times: user=0.04 sys=0.00, real=0.02 secs] 
2016-02-16T20:38:13.990+0800: 94490.705: [GC [PSYoungGen: 1376384K->14080K(1378880K)] 1893663K->531587K(4175104K), 0.0266250 secs] [Times: user=0.04 sys=0.00, real=0.02 secs] 
2016-02-16T20:38:58.698+0800: 94535.413: [GC [PSYoungGen: 1374016K->16400K(1379200K)] 1891523K->534068K(4175424K), 0.0301760 secs] [Times: user=0.05 sys=0.00, real=0.03 secs] 
2016-02-16T20:39:50.793+0800: 94587.507: [GC [PSYoungGen: 1376528K->17984K(1378176K)] 1894196K->535845K(4174400K), 0.0325250 secs] [Times: user=0.04 sys=0.00, real=0.03 secs] 
2016-02-16T20:40:32.518+0800: 94629.233: [GC [PSYoungGen: 1378112K->16160K(1379072K)] 1895973K->534305K(4175296K), 0.0330080 secs] [Times: user=0.05 sys=0.00, real=0.03 secs] 
2016-02-16T20:41:21.767+0800: 94678.482: [GC [PSYoungGen: 1375968K->18150K(1377984K)] 1894113K->536676K(4174208K), 0.0346520 secs] [Times: user=0.05 sys=0.00, real=0.04 secs] 
2016-02-16T20:42:08.558+0800: 94725.272: [GC [PSYoungGen: 1377958K->17072K(1378752K)] 1896484K->535821K(4174976K), 0.0340070 secs] [Times: user=0.05 sys=0.00, real=0.03 secs] 
2016-02-16T20:42:52.663+0800: 94769.378: [GC [PSYoungGen: 1376368K->17584K(1378624K)] 1895117K->536649K(4174848K), 0.0360350 secs] [Times: user=0.05 sys=0.00, real=0.03 secs] 
2016-02-16T20:43:35.722+0800: 94812.436: [GC [PSYoungGen: 1376880K->15536K(1378752K)] 1895945K->535038K(4174976K), 0.0339770 secs] [Times: user=0.05 sys=0.00, real=0.03 secs] 
2016-02-16T20:44:17.201+0800: 94853.915: [GC [PSYoungGen: 1374896K->15440K(1378688K)] 1894398K->535331K(4174912K), 0.0313210 secs] [Times: user=0.04 sys=0.00, real=0.03 secs] 
2016-02-16T20:44:59.510+0800: 94896.224: [GC [PSYoungGen: 1374800K->15968K(1379008K)] 1894691K->536204K(4175232K), 0.0300480 secs] [Times: user=0.04 sys=0.00, real=0.03 secs] 
2016-02-16T20:45:40.660+0800: 94937.374: [GC [PSYoungGen: 1375712K->14992K(1378816K)] 1895948K->535536K(4175040K), 0.0286530 secs] [Times: user=0.04 sys=0.00, real=0.02 secs] 
2016-02-16T20:46:18.946+0800: 94975.660: [GC [PSYoungGen: 1374736K->17181K(1378880K)] 1895280K->538062K(4175104K), 0.0301700 secs] [Times: user=0.05 sys=0.00, real=0.03 secs] 
2016-02-16T20:47:01.306+0800: 95018.020: [GC [PSYoungGen: 1376989K->17520K(1377344K)] 1897870K->538702K(4173568K), 0.0368880 secs] [Times: user=0.05 sys=0.00, real=0.04 secs] 
2016-02-16T20:47:46.167+0800: 95062.881: [GC [PSYoungGen: 1377328K->17441K(1378688K)] 1898510K->538851K(4174912K), 0.0343590 secs] [Times: user=0.06 sys=0.00, real=0.03 secs] 
2016-02-16T20:48:30.614+0800: 95107.328: [GC [PSYoungGen: 1376865K->16912K(1378752K)] 1898275K->538632K(4174976K), 0.0323930 secs] [Times: user=0.04 sys=0.00, real=0.03 secs] 
2016-02-16T20:49:09.721+0800: 95146.436: [GC [PSYoungGen: 1376336K->16105K(1379072K)] 1898056K->537974K(4175296K), 0.0317100 secs] [Times: user=0.05 sys=0.00, real=0.03 secs] 
2016-02-16T20:49:51.896+0800: 95188.610: [GC [PSYoungGen: 1375977K->15472K(1378880K)] 1897846K->537548K(4175104K), 0.0293040 secs] [Times: user=0.04 sys=0.01, real=0.03 secs] 
2016-02-16T20:50:31.287+0800: 95228.002: [GC [PSYoungGen: 1375344K->14080K(1378752K)] 1897420K->536368K(4174976K), 0.0272790 secs] [Times: user=0.04 sys=0.01, real=0.03 secs] 
2016-02-16T20:51:19.072+0800: 95275.787: [GC [PSYoungGen: 1373888K->17360K(1377216K)] 1896176K->539913K(4173440K), 0.0331540 secs] [Times: user=0.05 sys=0.00, real=0.03 secs] 
2016-02-16T20:51:59.830+0800: 95316.544: [GC [PSYoungGen: 1377168K->13760K(1378560K)] 1899721K->536505K(4174784K), 0.0292390 secs] [Times: user=0.04 sys=0.00, real=0.03 secs] 
2016-02-16T20:52:41.301+0800: 95358.016: [GC [PSYoungGen: 1373056K->14384K(1378688K)] 1895801K->537490K(4174912K), 0.0278110 secs] [Times: user=0.04 sys=0.00, real=0.03 secs] 
2016-02-16T20:53:19.556+0800: 95396.270: [GC [PSYoungGen: 1373680K->13040K(1378432K)] 1896786K->536354K(4174656K), 0.0292360 secs] [Times: user=0.04 sys=0.00, real=0.03 secs] 
2016-02-16T20:54:00.021+0800: 95436.736: [GC [PSYoungGen: 1372080K->16208K(1378560K)] 1895394K->539786K(4174784K), 0.0324260 secs] [Times: user=0.04 sys=0.00, real=0.03 secs] 
2016-02-16T20:54:38.982+0800: 95475.696: [GC [PSYoungGen: 1375248K->15440K(1379072K)] 1898826K->539326K(4175296K), 0.0330190 secs] [Times: user=0.05 sys=0.00, real=0.03 secs] 
2016-02-16T20:55:18.238+0800: 95514.953: [GC [PSYoungGen: 1375184K->16064K(1378752K)] 1899070K->540047K(4174976K), 0.0343790 secs] [Times: user=0.05 sys=0.00, real=0.03 secs] 
2016-02-16T20:56:00.296+0800: 95557.010: [GC [PSYoungGen: 1375808K->18416K(1377856K)] 1899791K->542711K(4174080K), 0.0386340 secs] [Times: user=0.05 sys=0.01, real=0.04 secs] 
2016-02-16T20:56:42.105+0800: 95598.819: [GC [PSYoungGen: 1377456K->16928K(1378560K)] 1901751K->541415K(4174784K), 0.0319160 secs] [Times: user=0.04 sys=0.00, real=0.03 secs] 
2016-02-16T20:57:21.638+0800: 95638.352: [GC [PSYoungGen: 1375968K->18519K(1377408K)] 1900455K->543295K(4173632K), 0.0316660 secs] [Times: user=0.05 sys=0.00, real=0.03 secs] 
2016-02-16T20:58:01.431+0800: 95678.146: [GC [PSYoungGen: 1376407K->15968K(1377984K)] 1901183K->541080K(4174208K), 0.0362720 secs] [Times: user=0.05 sys=0.00, real=0.04 secs] 
2016-02-16T20:58:41.834+0800: 95718.548: [GC [PSYoungGen: 1373856K->15232K(1378496K)] 1898968K->540544K(4174720K), 0.0296480 secs] [Times: user=0.04 sys=0.00, real=0.02 secs] 
2016-02-16T20:59:22.246+0800: 95758.960: [GC [PSYoungGen: 1373952K->15552K(1378304K)] 1899264K->541085K(4174528K), 0.0299090 secs] [Times: user=0.04 sys=0.00, real=0.03 secs] 
2016-02-16T21:00:01.043+0800: 95797.758: [GC [PSYoungGen: 1374272K->15040K(1378816K)] 1899805K->540833K(4175040K), 0.0284210 secs] [Times: user=0.04 sys=0.00, real=0.03 secs] 
2016-02-16T21:00:39.236+0800: 95835.950: [GC [PSYoungGen: 1374464K->18584K(1378048K)] 1900257K->544594K(4174272K), 0.0337990 secs] [Times: user=0.05 sys=0.00, real=0.03 secs] 
2016-02-16T21:01:17.593+0800: 95874.307: [GC [PSYoungGen: 1378008K->14688K(1378304K)] 1904018K->540894K(4174528K), 0.0300080 secs] [Times: user=0.04 sys=0.00, real=0.02 secs] 
2016-02-16T21:01:42.559+0800: 95899.273: [GC [PSYoungGen: 1373152K->10608K(1369088K)] 1899358K->536955K(4165312K), 0.0257720 secs] [Times: user=0.03 sys=0.00, real=0.03 secs] 
2016-02-16T21:02:07.625+0800: 95924.339: [GC [PSYoungGen: 1369072K->12272K(1377600K)] 1895419K->538899K(4173824K), 0.0258690 secs] [Times: user=0.04 sys=0.00, real=0.03 secs] 
2016-02-16T21:02:38.058+0800: 95954.773: [GC [PSYoungGen: 1369520K->13840K(1377664K)] 1896147K->540875K(4173888K), 0.0275100 secs] [Times: user=0.04 sys=0.00, real=0.02 secs] 
2016-02-16T21:03:11.402+0800: 95988.116: [GC [PSYoungGen: 1371088K->12844K(1378048K)] 1898123K->540090K(4174272K), 0.0264330 secs] [Times: user=0.04 sys=0.01, real=0.03 secs] 
2016-02-16T21:03:46.398+0800: 96023.112: [GC [PSYoungGen: 1370732K->15405K(1377920K)] 1897978K->542904K(4174144K), 0.0279950 secs] [Times: user=0.04 sys=0.00, real=0.03 secs] 
2016-02-16T21:04:18.829+0800: 96055.543: [GC [PSYoungGen: 1373293K->12743K(1378496K)] 1900792K->540515K(4174720K), 0.0268730 secs] [Times: user=0.04 sys=0.00, real=0.03 secs] 
2016-02-16T21:04:51.569+0800: 96088.284: [GC [PSYoungGen: 1371527K->15280K(1378368K)] 1899299K->543180K(4174592K), 0.0296070 secs] [Times: user=0.04 sys=0.00, real=0.02 secs] 
2016-02-16T21:05:24.996+0800: 96121.710: [GC [PSYoungGen: 1374064K->15299K(1379008K)] 1901964K->543292K(4175232K), 0.0295350 secs] [Times: user=0.04 sys=0.00, real=0.03 secs] 
2016-02-16T21:05:57.763+0800: 96154.477: [GC [PSYoungGen: 1374979K->16246K(1378752K)] 1902972K->544382K(4174976K), 0.0292850 secs] [Times: user=0.05 sys=0.00, real=0.03 secs] 
2016-02-16T21:06:33.351+0800: 96190.065: [GC [PSYoungGen: 1375926K->16576K(1378496K)] 1904062K->544980K(4174720K), 0.0314760 secs] [Times: user=0.05 sys=0.00, real=0.03 secs] 
2016-02-16T21:07:03.418+0800: 96220.132: [GC [PSYoungGen: 1375872K->14545K(1378688K)] 1904276K->543093K(4174912K), 0.0297910 secs] [Times: user=0.04 sys=0.01, real=0.03 secs] 
2016-02-16T21:07:31.372+0800: 96248.087: [GC [PSYoungGen: 1373841K->14422K(1379328K)] 1902389K->543444K(4175552K), 0.0270770 secs] [Times: user=0.04 sys=0.00, real=0.02 secs] 
2016-02-16T21:07:59.994+0800: 96276.709: [GC [PSYoungGen: 1374678K->15840K(1379008K)] 1903700K->545202K(4175232K), 0.0289790 secs] [Times: user=0.04 sys=0.00, real=0.03 secs] 
2016-02-16T21:08:22.162+0800: 96298.877: [GC [PSYoungGen: 1376096K->15904K(1379456K)] 1905458K->545565K(4175680K), 0.0301800 secs] [Times: user=0.04 sys=0.00, real=0.03 secs] 
2016-02-16T21:08:46.749+0800: 96323.464: [GC [PSYoungGen: 1376672K->18128K(1378944K)] 1906333K->547982K(4175168K), 0.0344200 secs] [Times: user=0.05 sys=0.01, real=0.04 secs] 
2016-02-16T21:09:14.420+0800: 96351.134: [GC [PSYoungGen: 1378896K->18336K(1377024K)] 1908750K->548575K(4173248K), 0.0388830 secs] [Times: user=0.05 sys=0.00, real=0.04 secs] 
2016-02-16T21:09:43.172+0800: 96379.887: [GC [PSYoungGen: 1376224K->16554K(1377984K)] 1906463K->547029K(4174208K), 0.0334590 secs] [Times: user=0.05 sys=0.00, real=0.03 secs] 
2016-02-16T21:10:12.483+0800: 96409.198: [GC [PSYoungGen: 1374442K->16192K(1378432K)] 1904917K->546960K(4174656K), 0.0330910 secs] [Times: user=0.04 sys=0.00, real=0.03 secs] 
2016-02-16T21:10:41.557+0800: 96438.271: [GC [PSYoungGen: 1374656K->16192K(1378112K)] 1905424K->547257K(4174336K), 0.0328860 secs] [Times: user=0.05 sys=0.00, real=0.03 secs] 
2016-02-16T21:11:11.489+0800: 96468.203: [GC [PSYoungGen: 1374656K->15287K(1378944K)] 1905721K->546476K(4175168K), 0.0301840 secs] [Times: user=0.05 sys=0.00, real=0.03 secs] 
2016-02-16T21:11:43.408+0800: 96500.122: [GC [PSYoungGen: 1374839K->15040K(1378688K)] 1906028K->546519K(4174912K), 0.0318270 secs] [Times: user=0.04 sys=0.00, real=0.03 secs] 
2016-02-16T21:12:13.330+0800: 96530.045: [GC [PSYoungGen: 1374592K->14080K(1379136K)] 1906071K->545691K(4175360K), 0.0286230 secs] [Times: user=0.04 sys=0.00, real=0.03 secs] 
2016-02-16T21:12:41.401+0800: 96558.116: [GC [PSYoungGen: 1374272K->16246K(1379136K)] 1905883K->548001K(4175360K), 0.0331150 secs] [Times: user=0.05 sys=0.00, real=0.03 secs] 
2016-02-16T21:13:12.645+0800: 96589.360: [GC [PSYoungGen: 1376438K->16128K(1379392K)] 1908193K->548134K(4175616K), 0.0351150 secs] [Times: user=0.05 sys=0.00, real=0.04 secs] 
2016-02-16T21:13:40.784+0800: 96617.498: [GC [PSYoungGen: 1376640K->15296K(1379200K)] 1908646K->547907K(4175424K), 0.0367780 secs] [Times: user=0.04 sys=0.01, real=0.04 secs] 
2016-02-16T21:14:13.411+0800: 96650.125: [GC [PSYoungGen: 1375808K->16368K(1379648K)] 1908419K->549067K(4175872K), 0.0314250 secs] [Times: user=0.04 sys=0.00, real=0.03 secs] 
2016-02-16T21:14:44.420+0800: 96681.135: [GC [PSYoungGen: 1377520K->16262K(1379584K)] 1910219K->549182K(4175808K), 0.0309820 secs] [Times: user=0.03 sys=0.01, real=0.03 secs] 
2016-02-16T21:15:17.429+0800: 96714.144: [GC [PSYoungGen: 1377414K->17232K(1379072K)] 1910334K->550428K(4175296K), 0.0337200 secs] [Times: user=0.05 sys=0.00, real=0.04 secs] 
2016-02-16T21:15:52.231+0800: 96748.946: [GC [PSYoungGen: 1377936K->16208K(1379392K)] 1911132K->549661K(4175616K), 0.0323740 secs] [Times: user=0.04 sys=0.00, real=0.03 secs] 
2016-02-16T21:16:29.284+0800: 96785.998: [GC [PSYoungGen: 1376912K->16000K(1379840K)] 1910365K->549813K(4176064K), 0.0330080 secs] [Times: user=0.04 sys=0.00, real=0.04 secs] 
2016-02-16T21:17:03.274+0800: 96819.988: [GC [PSYoungGen: 1377344K->16272K(1379584K)] 1911157K->550354K(4175808K), 0.0309700 secs] [Times: user=0.04 sys=0.00, real=0.03 secs] 
2016-02-16T21:17:39.100+0800: 96855.815: [GC [PSYoungGen: 1377616K->16352K(1380032K)] 1911698K->550649K(4176256K), 0.0312290 secs] [Times: user=0.05 sys=0.00, real=0.03 secs] 
2016-02-16T21:18:12.553+0800: 96889.267: [GC [PSYoungGen: 1378208K->17184K(1379072K)] 1912505K->551645K(4175296K), 0.0341160 secs] [Times: user=0.05 sys=0.00, real=0.03 secs] 
2016-02-16T21:18:47.078+0800: 96923.793: [GC [PSYoungGen: 1379040K->16432K(1379904K)] 1913501K->551082K(4176128K), 0.0322890 secs] [Times: user=0.04 sys=0.00, real=0.03 secs] 
2016-02-16T21:19:18.892+0800: 96955.606: [GC [PSYoungGen: 1378032K->16160K(1379776K)] 1912682K->551175K(4176000K), 0.0370150 secs] [Times: user=0.04 sys=0.01, real=0.04 secs] 
2016-02-16T21:19:51.638+0800: 96988.352: [GC [PSYoungGen: 1377760K->16400K(1380160K)] 1912775K->551810K(4176384K), 0.0351920 secs] [Times: user=0.05 sys=0.00, real=0.04 secs] 
2016-02-16T21:20:20.807+0800: 97017.522: [GC [PSYoungGen: 1378576K->14688K(1380096K)] 1913986K->550279K(4176320K), 0.0302840 secs] [Times: user=0.04 sys=0.00, real=0.03 secs] 
2016-02-16T21:20:49.433+0800: 97046.148: [GC [PSYoungGen: 1376864K->15376K(1380160K)] 1912455K->551243K(4176384K), 0.0346190 secs] [Times: user=0.05 sys=0.00, real=0.04 secs] 
2016-02-16T21:21:24.079+0800: 97080.794: [GC [PSYoungGen: 1377552K->17888K(1380096K)] 1913419K->554556K(4176320K), 0.0353560 secs] [Times: user=0.05 sys=0.00, real=0.03 secs] 
2016-02-16T21:22:00.010+0800: 97116.724: [GC [PSYoungGen: 1380064K->16912K(1378560K)] 1916732K->553925K(4174784K), 0.0311220 secs] [Times: user=0.05 sys=0.00, real=0.03 secs] 
2016-02-16T21:22:32.510+0800: 97149.225: [GC [PSYoungGen: 1377488K->14246K(1374848K)] 1914501K->551459K(4171072K), 0.0277960 secs] [Times: user=0.05 sys=0.00, real=0.03 secs] 
2016-02-16T21:23:07.113+0800: 97183.827: [GC [PSYoungGen: 1374822K->15500K(1379392K)] 1912035K->552978K(4175616K), 0.0312060 secs] [Times: user=0.04 sys=0.01, real=0.03 secs] 
2016-02-16T21:23:41.818+0800: 97218.533: [GC [PSYoungGen: 1376076K->17440K(1378048K)] 1913554K->555259K(4174272K), 0.0342850 secs] [Times: user=0.05 sys=0.01, real=0.04 secs] 
2016-02-16T21:24:15.067+0800: 97251.781: [GC [PSYoungGen: 1378016K->16224K(1379392K)] 1915835K->554252K(4175616K), 0.0372460 secs] [Times: user=0.05 sys=0.00, real=0.04 secs] 
2016-02-16T21:24:46.686+0800: 97283.401: [GC [PSYoungGen: 1376672K->16016K(1379136K)] 1914700K->554216K(4175360K), 0.0303140 secs] [Times: user=0.05 sys=0.00, real=0.03 secs] 
2016-02-16T21:25:19.064+0800: 97315.779: [GC [PSYoungGen: 1376464K->16208K(1379840K)] 1914664K->554768K(4176064K), 0.0323700 secs] [Times: user=0.05 sys=0.00, real=0.03 secs] 
2016-02-16T21:25:54.071+0800: 97350.785: [GC [PSYoungGen: 1377616K->16784K(1379648K)] 1916176K->555480K(4175872K), 0.0347790 secs] [Times: user=0.04 sys=0.01, real=0.04 secs] 
2016-02-16T21:26:34.145+0800: 97390.859: [GC [PSYoungGen: 1378192K->17889K(1378944K)] 1916888K->556685K(4175168K), 0.0345480 secs] [Times: user=0.05 sys=0.00, real=0.03 secs] 
2016-02-16T21:27:09.188+0800: 97425.903: [GC [PSYoungGen: 1378593K->15552K(1379392K)] 1917389K->554830K(4175616K), 0.0318800 secs] [Times: user=0.04 sys=0.00, real=0.03 secs] 
2016-02-16T21:27:41.796+0800: 97458.510: [GC [PSYoungGen: 1376256K->14768K(1379456K)] 1915534K->554178K(4175680K), 0.0323370 secs] [Times: user=0.04 sys=0.00, real=0.03 secs] 
2016-02-16T21:28:12.629+0800: 97489.343: [GC [PSYoungGen: 1375600K->14672K(1379456K)] 1915010K->554166K(4175680K), 0.0341810 secs] [Times: user=0.05 sys=0.00, real=0.04 secs] 
2016-02-16T21:28:46.584+0800: 97523.298: [GC [PSYoungGen: 1375504K->17392K(1378944K)] 1914998K->557122K(4175168K), 0.0340140 secs] [Times: user=0.05 sys=0.00, real=0.03 secs] 
2016-02-16T21:29:18.967+0800: 97555.682: [GC [PSYoungGen: 1377712K->15008K(1379200K)] 1917442K->555214K(4175424K), 0.0305840 secs] [Times: user=0.05 sys=0.00, real=0.04 secs] 
2016-02-16T21:29:51.739+0800: 97588.453: [GC [PSYoungGen: 1375328K->14918K(1379328K)] 1915534K->555249K(4175552K), 0.0288750 secs] [Times: user=0.04 sys=0.00, real=0.03 secs] 
2016-02-16T21:30:22.461+0800: 97619.175: [GC [PSYoungGen: 1375430K->16144K(1379264K)] 1915761K->556755K(4175488K), 0.0326630 secs] [Times: user=0.05 sys=0.00, real=0.04 secs] 
2016-02-16T21:30:55.309+0800: 97652.023: [GC [PSYoungGen: 1376656K->15776K(1379776K)] 1917267K->556650K(4176000K), 0.0318510 secs] [Times: user=0.04 sys=0.00, real=0.04 secs] 
2016-02-16T21:31:31.386+0800: 97688.101: [GC [PSYoungGen: 1376992K->16784K(1379520K)] 1917866K->557831K(4175744K), 0.0339170 secs] [Times: user=0.04 sys=0.00, real=0.04 secs] 
2016-02-16T21:32:08.183+0800: 97724.897: [GC [PSYoungGen: 1378000K->16336K(1379776K)] 1919047K->557712K(4176000K), 0.0324980 secs] [Times: user=0.05 sys=0.00, real=0.03 secs] 
2016-02-16T21:32:43.235+0800: 97759.950: [GC [PSYoungGen: 1377744K->15936K(1379712K)] 1919120K->557477K(4175936K), 0.0312000 secs] [Times: user=0.05 sys=0.00, real=0.04 secs] 
2016-02-16T21:33:16.213+0800: 97792.928: [GC [PSYoungGen: 1377344K->14752K(1379904K)] 1918885K->556653K(4176128K), 0.0297440 secs] [Times: user=0.04 sys=0.00, real=0.02 secs] 
2016-02-16T21:33:46.636+0800: 97823.350: [GC [PSYoungGen: 1376608K->14390K(1379968K)] 1918509K->556691K(4176192K), 0.0280790 secs] [Times: user=0.04 sys=0.00, real=0.03 secs] 
2016-02-16T21:34:14.706+0800: 97851.420: [GC [PSYoungGen: 1376246K->14669K(1379968K)] 1918547K->557078K(4176192K), 0.0274850 secs] [Times: user=0.04 sys=0.01, real=0.03 secs] 
2016-02-16T21:34:48.995+0800: 97885.709: [GC [PSYoungGen: 1376525K->16752K(1378624K)] 1918934K->559574K(4174848K), 0.0335570 secs] [Times: user=0.05 sys=0.00, real=0.04 secs] 
2016-02-16T21:35:20.916+0800: 97917.630: [GC [PSYoungGen: 1378608K->15143K(1379968K)] 1921430K->558254K(4176192K), 0.0315830 secs] [Times: user=0.04 sys=0.00, real=0.03 secs] 
2016-02-16T21:35:56.015+0800: 97952.729: [GC [PSYoungGen: 1376871K->16800K(1378560K)] 1919982K->560383K(4174784K), 0.0352300 secs] [Times: user=0.04 sys=0.00, real=0.03 secs] 
2016-02-16T21:36:30.030+0800: 97986.745: [GC [PSYoungGen: 1378528K->18288K(1377600K)] 1922111K->563060K(4173824K), 0.0321890 secs] [Times: user=0.05 sys=0.00, real=0.04 secs] 
2016-02-16T21:37:01.426+0800: 98018.141: [GC [PSYoungGen: 1377584K->14288K(1378688K)] 1922356K->559216K(4174912K), 0.0300980 secs] [Times: user=0.04 sys=0.00, real=0.03 secs] 
2016-02-16T21:37:36.087+0800: 98052.801: [GC [PSYoungGen: 1373584K->17152K(1378432K)] 1918512K->562240K(4174656K), 0.0302330 secs] [Times: user=0.04 sys=0.00, real=0.04 secs] 
2016-02-16T21:38:12.170+0800: 98088.884: [GC [PSYoungGen: 1376192K->15552K(1378560K)] 1921280K->560961K(4174784K), 0.0335710 secs] [Times: user=0.04 sys=0.01, real=0.03 secs] 
2016-02-16T21:38:46.446+0800: 98123.161: [GC [PSYoungGen: 1374592K->15440K(1379072K)] 1920001K->561021K(4175296K), 0.0300050 secs] [Times: user=0.04 sys=0.00, real=0.03 secs] 
2016-02-16T21:39:24.128+0800: 98160.842: [GC [PSYoungGen: 1375248K->17009K(1378816K)] 1920829K->562834K(4175040K), 0.0423560 secs] [Times: user=0.05 sys=0.00, real=0.05 secs] 
2016-02-16T21:39:57.575+0800: 98194.289: [GC [PSYoungGen: 1376817K->17168K(1378816K)] 1922642K->563310K(4175040K), 0.0343570 secs] [Times: user=0.04 sys=0.00, real=0.04 secs] 
2016-02-16T21:40:26.116+0800: 98222.830: [GC [PSYoungGen: 1376848K->13104K(1372800K)] 1922990K->559610K(4169024K), 0.0258840 secs] [Times: user=0.04 sys=0.01, real=0.02 secs] 
2016-02-16T21:40:55.860+0800: 98252.574: [GC [PSYoungGen: 1372784K->14784K(1378816K)] 1919290K->561511K(4175040K), 0.0303960 secs] [Times: user=0.04 sys=0.00, real=0.03 secs] 
2016-02-16T21:41:29.070+0800: 98285.785: [GC [PSYoungGen: 1374144K->15254K(1378624K)] 1920871K->562189K(4174848K), 0.0284500 secs] [Times: user=0.04 sys=0.01, real=0.03 secs] 
2016-02-16T21:42:00.188+0800: 98316.902: [GC [PSYoungGen: 1374614K->15168K(1379264K)] 1921549K->562327K(4175488K), 0.0304040 secs] [Times: user=0.05 sys=0.00, real=0.03 secs] 
2016-02-16T21:42:33.183+0800: 98349.898: [GC [PSYoungGen: 1375424K->15328K(1379072K)] 1922583K->562695K(4175296K), 0.0367690 secs] [Times: user=0.06 sys=0.00, real=0.04 secs] 
2016-02-16T21:43:08.296+0800: 98385.010: [GC [PSYoungGen: 1375584K->16018K(1379712K)] 1922951K->563618K(4175936K), 0.0326790 secs] [Times: user=0.05 sys=0.00, real=0.03 secs] 
2016-02-16T21:43:41.157+0800: 98417.871: [GC [PSYoungGen: 1377170K->15280K(1379520K)] 1924770K->563274K(4175744K), 0.0368820 secs] [Times: user=0.05 sys=0.00, real=0.04 secs] 
2016-02-16T21:44:15.938+0800: 98452.652: [GC [PSYoungGen: 1376432K->16096K(1379968K)] 1924426K->564475K(4176192K), 0.0305830 secs] [Times: user=0.05 sys=0.00, real=0.03 secs] 
2016-02-16T21:44:50.433+0800: 98487.148: [GC [PSYoungGen: 1377888K->14976K(1379904K)] 1926267K->563475K(4176128K), 0.0349530 secs] [Times: user=0.04 sys=0.00, real=0.04 secs] 
2016-02-16T21:45:22.427+0800: 98519.142: [GC [PSYoungGen: 1376768K->14896K(1380224K)] 1925267K->563587K(4176448K), 0.0304420 secs] [Times: user=0.05 sys=0.00, real=0.04 secs] 
2016-02-16T21:45:57.586+0800: 98554.301: [GC [PSYoungGen: 1377136K->17248K(1379520K)] 1925827K->566119K(4175744K), 0.0321860 secs] [Times: user=0.04 sys=0.00, real=0.03 secs] 
2016-02-16T21:46:28.528+0800: 98585.243: [GC [PSYoungGen: 1379488K->14752K(1379904K)] 1928359K->563880K(4176128K), 0.0294170 secs] [Times: user=0.05 sys=0.00, real=0.03 secs] 
2016-02-16T21:47:03.416+0800: 98620.131: [GC [PSYoungGen: 1376352K->14896K(1379776K)] 1925480K->564468K(4176000K), 0.0326690 secs] [Times: user=0.04 sys=0.00, real=0.03 secs] 
2016-02-16T21:47:34.520+0800: 98651.234: [GC [PSYoungGen: 1376496K->14800K(1380160K)] 1926068K->564508K(4176384K), 0.0301520 secs] [Times: user=0.04 sys=0.00, real=0.04 secs] 
2016-02-16T21:48:10.335+0800: 98687.049: [GC [PSYoungGen: 1376912K->17696K(1379840K)] 1926620K->567601K(4176064K), 0.0337040 secs] [Times: user=0.05 sys=0.00, real=0.04 secs] 
2016-02-16T21:48:43.098+0800: 98719.812: [GC [PSYoungGen: 1379808K->16304K(1379456K)] 1929713K->566598K(4175680K), 0.0331380 secs] [Times: user=0.05 sys=0.00, real=0.03 secs] 
2016-02-16T21:49:19.732+0800: 98756.447: [GC [PSYoungGen: 1377520K->16624K(1377856K)] 1927814K->567114K(4174080K), 0.0323060 secs] [Times: user=0.04 sys=0.00, real=0.03 secs] 
2016-02-16T21:49:56.243+0800: 98792.957: [GC [PSYoungGen: 1377840K->16342K(1379648K)] 1928330K->567120K(4175872K), 0.0350490 secs] [Times: user=0.05 sys=0.00, real=0.03 secs] 
2016-02-16T21:50:26.652+0800: 98823.366: [GC [PSYoungGen: 1377494K->14960K(1379584K)] 1928272K->565931K(4175808K), 0.0302080 secs] [Times: user=0.05 sys=0.00, real=0.03 secs] 
2016-02-16T21:50:58.072+0800: 98854.786: [GC [PSYoungGen: 1376112K->13712K(1379584K)] 1927083K->564938K(4175808K), 0.0320490 secs] [Times: user=0.04 sys=0.00, real=0.03 secs] 
2016-02-16T21:51:31.741+0800: 98888.455: [GC [PSYoungGen: 1374928K->16544K(1377792K)] 1926154K->568079K(4174016K), 0.0306360 secs] [Times: user=0.04 sys=0.01, real=0.03 secs] 
2016-02-16T21:52:06.937+0800: 98923.651: [GC [PSYoungGen: 1377760K->14048K(1379584K)] 1929295K->565730K(4175808K), 0.0279630 secs] [Times: user=0.04 sys=0.00, real=0.03 secs] 
2016-02-16T21:52:39.524+0800: 98956.238: [GC [PSYoungGen: 1375136K->14496K(1379584K)] 1926818K->566315K(4175808K), 0.0287400 secs] [Times: user=0.05 sys=0.00, real=0.03 secs] 
2016-02-16T21:53:14.209+0800: 98990.923: [GC [PSYoungGen: 1375584K->16262K(1379584K)] 1927403K->568533K(4175808K), 0.0304430 secs] [Times: user=0.04 sys=0.00, real=0.02 secs] 
2016-02-16T21:53:50.986+0800: 99027.701: [GC [PSYoungGen: 1377478K->15776K(1379648K)] 1929749K->568383K(4175872K), 0.0285320 secs] [Times: user=0.04 sys=0.00, real=0.02 secs] 
2016-02-16T21:54:24.343+0800: 99061.058: [GC [PSYoungGen: 1376992K->16496K(1379712K)] 1929599K->569308K(4175936K), 0.0299450 secs] [Times: user=0.05 sys=0.00, real=0.04 secs] 
2016-02-16T21:55:04.577+0800: 99101.291: [GC [PSYoungGen: 1377968K->16464K(1377984K)] 1930780K->569516K(4174208K), 0.0334650 secs] [Times: user=0.04 sys=0.00, real=0.03 secs] 
2016-02-16T21:55:39.074+0800: 99135.788: [GC [PSYoungGen: 1377936K->16080K(1379840K)] 1930988K->569433K(4176064K), 0.0311600 secs] [Times: user=0.04 sys=0.01, real=0.03 secs] 
2016-02-16T21:56:16.489+0800: 99173.204: [GC [PSYoungGen: 1377552K->17137K(1378624K)] 1930905K->570714K(4174848K), 0.0354520 secs] [Times: user=0.05 sys=0.00, real=0.03 secs] 
2016-02-16T21:56:53.548+0800: 99210.262: [GC [PSYoungGen: 1378609K->16880K(1379328K)] 1932186K->570838K(4175552K), 0.0326560 secs] [Times: user=0.04 sys=0.00, real=0.03 secs] 
2016-02-16T21:57:28.467+0800: 99245.181: [GC [PSYoungGen: 1377712K->15152K(1379456K)] 1931670K->569414K(4175680K), 0.0337090 secs] [Times: user=0.05 sys=0.00, real=0.03 secs] 
2016-02-16T21:58:03.497+0800: 99280.211: [GC [PSYoungGen: 1375984K->17072K(1379200K)] 1930246K->571483K(4175424K), 0.0331050 secs] [Times: user=0.05 sys=0.00, real=0.04 secs] 
2016-02-16T21:58:39.692+0800: 99316.407: [GC [PSYoungGen: 1377776K->17072K(1377792K)] 1932187K->571855K(4174016K), 0.0321010 secs] [Times: user=0.04 sys=0.00, real=0.03 secs] 
2016-02-16T21:59:15.063+0800: 99351.777: [GC [PSYoungGen: 1377776K->16208K(1379520K)] 1932559K->571312K(4175744K), 0.0304330 secs] [Times: user=0.05 sys=0.01, real=0.03 secs] 
2016-02-16T21:59:47.973+0800: 99384.687: [GC [PSYoungGen: 1376912K->15760K(1379264K)] 1932016K->571144K(4175488K), 0.0301890 secs] [Times: user=0.05 sys=0.00, real=0.02 secs] 
2016-02-16T22:00:24.625+0800: 99421.339: [GC [PSYoungGen: 1376464K->15760K(1379840K)] 1931848K->571309K(4176064K), 0.0347630 secs] [Times: user=0.04 sys=0.01, real=0.04 secs] 
2016-02-16T22:00:56.354+0800: 99453.068: [GC [PSYoungGen: 1377232K->14096K(1379712K)] 1932781K->569925K(4175936K), 0.0289180 secs] [Times: user=0.05 sys=0.00, real=0.03 secs] 
2016-02-16T22:01:32.478+0800: 99489.192: [GC [PSYoungGen: 1375568K->15824K(1379968K)] 1931397K->572085K(4176192K), 0.0301760 secs] [Times: user=0.04 sys=0.00, real=0.03 secs] 
2016-02-16T22:02:07.384+0800: 99524.098: [GC [PSYoungGen: 1377424K->15680K(1379712K)] 1933685K->572078K(4175936K), 0.0319290 secs] [Times: user=0.04 sys=0.00, real=0.03 secs] 
2016-02-16T22:02:45.198+0800: 99561.913: [GC [PSYoungGen: 1377280K->15808K(1380352K)] 1933678K->572398K(4176576K), 0.0356030 secs] [Times: user=0.04 sys=0.00, real=0.04 secs] 
2016-02-16T22:03:22.979+0800: 99599.693: [GC [PSYoungGen: 1378240K->15120K(1380160K)] 1934830K->571870K(4176384K), 0.0341580 secs] [Times: user=0.04 sys=0.00, real=0.04 secs] 
2016-02-16T22:03:56.615+0800: 99633.330: [GC [PSYoungGen: 1377552K->14736K(1380416K)] 1934302K->571598K(4176640K), 0.0289980 secs] [Times: user=0.05 sys=0.00, real=0.03 secs] 
2016-02-16T22:04:32.328+0800: 99669.042: [GC [PSYoungGen: 1377488K->17473K(1380288K)] 1934350K->574555K(4176512K), 0.0310510 secs] [Times: user=0.05 sys=0.00, real=0.03 secs] 
2016-02-16T22:05:05.956+0800: 99702.670: [GC [PSYoungGen: 1380225K->14544K(1379648K)] 1937307K->572152K(4175872K), 0.0300760 secs] [Times: user=0.05 sys=0.01, real=0.03 secs] 
2016-02-16T22:05:35.893+0800: 99732.607: [GC [PSYoungGen: 1376400K->13934K(1375808K)] 1934008K->571747K(4172032K), 0.0292390 secs] [Times: user=0.04 sys=0.00, real=0.03 secs] 
2016-02-16T22:06:10.797+0800: 99767.511: [GC [PSYoungGen: 1375790K->15734K(1380096K)] 1933603K->573872K(4176320K), 0.0296720 secs] [Times: user=0.04 sys=0.00, real=0.03 secs] 
2016-02-16T22:06:51.584+0800: 99808.298: [GC [PSYoungGen: 1377654K->17968K(1379904K)] 1935792K->577010K(4176128K), 0.0357900 secs] [Times: user=0.05 sys=0.00, real=0.04 secs] 
2016-02-16T22:07:27.464+0800: 99844.178: [GC [PSYoungGen: 1379888K->14336K(1378368K)] 1938930K->573754K(4174592K), 0.0289260 secs] [Times: user=0.04 sys=0.00, real=0.03 secs] 
2016-02-16T22:08:02.865+0800: 99879.580: [GC [PSYoungGen: 1374528K->15760K(1379136K)] 1933946K->575518K(4175360K), 0.0310970 secs] [Times: user=0.04 sys=0.00, real=0.03 secs] 
2016-02-16T22:08:38.918+0800: 99915.632: [GC [PSYoungGen: 1375952K->15488K(1379712K)] 1935710K->575346K(4175936K), 0.0305610 secs] [Times: user=0.04 sys=0.00, real=0.03 secs] 
2016-02-16T22:09:15.123+0800: 99951.838: [GC [PSYoungGen: 1376576K->15040K(1379456K)] 1936434K->575063K(4175680K), 0.0288690 secs] [Times: user=0.05 sys=0.00, real=0.03 secs] 
2016-02-16T22:09:50.332+0800: 99987.047: [GC [PSYoungGen: 1376128K->15798K(1380032K)] 1936151K->576181K(4176256K), 0.0336630 secs] [Times: user=0.05 sys=0.00, real=0.04 secs] 
2016-02-16T22:10:27.029+0800: 100023.744: [GC [PSYoungGen: 1377590K->16828K(1379840K)] 1937973K->577432K(4176064K), 0.0324450 secs] [Times: user=0.06 sys=0.00, real=0.03 secs] 
2016-02-16T22:11:05.815+0800: 100062.530: [GC [PSYoungGen: 1378620K->17968K(1378688K)] 1939224K->578912K(4174912K), 0.0348920 secs] [Times: user=0.05 sys=0.00, real=0.03 secs] 
2016-02-16T22:11:42.010+0800: 100098.725: [GC [PSYoungGen: 1378416K->15302K(1379264K)] 1939360K->576626K(4175488K), 0.0310030 secs] [Times: user=0.05 sys=0.00, real=0.03 secs] 
2016-02-16T22:12:15.157+0800: 100131.871: [GC [PSYoungGen: 1375750K->13916K(1379328K)] 1937074K->575352K(4175552K), 0.0282270 secs] [Times: user=0.04 sys=0.00, real=0.02 secs] 
2016-02-16T22:12:49.611+0800: 100166.325: [GC [PSYoungGen: 1374620K->15376K(1379392K)] 1936056K->576977K(4175616K), 0.0287230 secs] [Times: user=0.04 sys=0.00, real=0.03 secs] 
2016-02-16T22:13:23.090+0800: 100199.804: [GC [PSYoungGen: 1376080K->13904K(1379584K)] 1937681K->575828K(4175808K), 0.0278240 secs] [Times: user=0.04 sys=0.00, real=0.03 secs] 
2016-02-16T22:13:57.000+0800: 100233.715: [GC [PSYoungGen: 1374992K->13946K(1379584K)] 1936916K->576191K(4175808K), 0.0308870 secs] [Times: user=0.04 sys=0.00, real=0.02 secs] 
2016-02-16T22:14:33.214+0800: 100269.928: [GC [PSYoungGen: 1375034K->15856K(1379712K)] 1937279K->578281K(4175936K), 0.0355580 secs] [Times: user=0.04 sys=0.00, real=0.04 secs] 
2016-02-16T22:15:08.559+0800: 100305.273: [GC [PSYoungGen: 1377072K->17344K(1378624K)] 1939497K->579981K(4174848K), 0.0337650 secs] [Times: user=0.04 sys=0.00, real=0.03 secs] 
2016-02-16T22:15:47.221+0800: 100343.935: [GC [PSYoungGen: 1378560K->13536K(1379200K)] 1941197K->576580K(4175424K), 0.0313020 secs] [Times: user=0.04 sys=0.00, real=0.04 secs] 
2016-02-16T22:16:26.075+0800: 100382.790: [GC [PSYoungGen: 1373984K->14960K(1379264K)] 1937028K->578189K(4175488K), 0.0325970 secs] [Times: user=0.04 sys=0.00, real=0.03 secs] 
2016-02-16T22:17:06.562+0800: 100423.276: [GC [PSYoungGen: 1375408K->14928K(1379776K)] 1938637K->578284K(4176000K), 0.0306760 secs] [Times: user=0.05 sys=0.00, real=0.03 secs] 
2016-02-16T22:17:42.918+0800: 100459.632: [GC [PSYoungGen: 1376144K->17568K(1378816K)] 1939500K->581160K(4175040K), 0.0371060 secs] [Times: user=0.04 sys=0.00, real=0.03 secs] 
2016-02-16T22:18:18.852+0800: 100495.567: [GC [PSYoungGen: 1378784K->14768K(1379456K)] 1942376K->578529K(4175680K), 0.0285060 secs] [Times: user=0.04 sys=0.00, real=0.02 secs] 
2016-02-16T22:18:50.042+0800: 100526.757: [GC [PSYoungGen: 1375408K->13440K(1379264K)] 1939169K->577601K(4175488K), 0.0270500 secs] [Times: user=0.05 sys=0.00, real=0.03 secs] 
2016-02-16T22:19:24.283+0800: 100560.998: [GC [PSYoungGen: 1374080K->16048K(1379456K)] 1938241K->580386K(4175680K), 0.0322810 secs] [Times: user=0.05 sys=0.00, real=0.03 secs] 
2016-02-16T22:19:58.193+0800: 100594.907: [GC [PSYoungGen: 1376816K->18592K(1379392K)] 1941154K->583423K(4175616K), 0.0336880 secs] [Times: user=0.06 sys=0.00, real=0.03 secs] 
2016-02-16T22:20:32.795+0800: 100629.510: [GC [PSYoungGen: 1379360K->14864K(1378240K)] 1944191K->579920K(4174464K), 0.0281940 secs] [Times: user=0.04 sys=0.00, real=0.03 secs] 
2016-02-16T22:21:07.004+0800: 100663.718: [GC [PSYoungGen: 1374416K->14736K(1378816K)] 1939472K->580232K(4175040K), 0.0270510 secs] [Times: user=0.04 sys=0.00, real=0.02 secs] 
2016-02-16T22:21:46.559+0800: 100703.273: [GC [PSYoungGen: 1374288K->15873K(1379264K)] 1939784K->581609K(4175488K), 0.0307960 secs] [Times: user=0.04 sys=0.00, real=0.03 secs] 
2016-02-16T22:22:24.773+0800: 100741.487: [GC [PSYoungGen: 1376065K->15264K(1379008K)] 1941801K->581366K(4175232K), 0.0309730 secs] [Times: user=0.04 sys=0.00, real=0.03 secs] 
2016-02-16T22:22:58.924+0800: 100775.638: [GC [PSYoungGen: 1375456K->18552K(1376704K)] 1941558K->586223K(4172928K), 0.0323460 secs] [Times: user=0.06 sys=0.00, real=0.04 secs] 
2016-02-16T22:23:33.099+0800: 100809.813: [GC [PSYoungGen: 1376696K->15296K(1378112K)] 1944367K->583196K(4174336K), 0.0299290 secs] [Times: user=0.04 sys=0.00, real=0.03 secs] 
2016-02-16T22:24:11.038+0800: 100847.752: [GC [PSYoungGen: 1373440K->15296K(1378688K)] 1941340K->583384K(4174912K), 0.0329780 secs] [Times: user=0.04 sys=0.00, real=0.03 secs] 
2016-02-16T22:24:48.607+0800: 100885.322: [GC [PSYoungGen: 1374336K->17030K(1378432K)] 1942424K->585307K(4174656K), 0.0318110 secs] [Times: user=0.05 sys=0.00, real=0.03 secs] 
2016-02-16T22:25:24.500+0800: 100921.215: [GC [PSYoungGen: 1376070K->14768K(1378752K)] 1944347K->583432K(4174976K), 0.0301250 secs] [Times: user=0.05 sys=0.00, real=0.03 secs] 
2016-02-16T22:26:03.430+0800: 100960.144: [GC [PSYoungGen: 1374000K->16304K(1378560K)] 1942664K->585201K(4174784K), 0.0301390 secs] [Times: user=0.05 sys=0.00, real=0.03 secs] 
2016-02-16T22:26:43.590+0800: 101000.304: [GC [PSYoungGen: 1375536K->16044K(1379200K)] 1944433K->585518K(4175424K), 0.0358710 secs] [Times: user=0.05 sys=0.00, real=0.04 secs] 
2016-02-16T22:27:19.694+0800: 101036.408: [GC [PSYoungGen: 1376108K->16198K(1378944K)] 1945582K->585957K(4175168K), 0.0299160 secs] [Times: user=0.05 sys=0.00, real=0.03 secs] 
2016-02-16T22:27:58.805+0800: 101075.520: [GC [PSYoungGen: 1376262K->15072K(1379520K)] 1946021K->585103K(4175744K), 0.0292840 secs] [Times: user=0.05 sys=0.00, real=0.03 secs] 
2016-02-16T22:28:31.733+0800: 101108.447: [GC [PSYoungGen: 1375904K->14016K(1379392K)] 1945935K->584239K(4175616K), 0.0308120 secs] [Times: user=0.04 sys=0.01, real=0.03 secs] 
2016-02-16T22:29:03.644+0800: 101140.358: [GC [PSYoungGen: 1374848K->15808K(1379712K)] 1945071K->586231K(4175936K), 0.0288670 secs] [Times: user=0.05 sys=0.00, real=0.03 secs] 
2016-02-16T22:29:43.370+0800: 101180.085: [GC [PSYoungGen: 1376896K->16832K(1379456K)] 1947319K->587651K(4175680K), 0.0315740 secs] [Times: user=0.05 sys=0.00, real=0.04 secs] 
2016-02-16T22:30:20.713+0800: 101217.427: [GC [PSYoungGen: 1377920K->17120K(1379136K)] 1948739K->588144K(4175360K), 0.0315930 secs] [Times: user=0.05 sys=0.00, real=0.03 secs] 
2016-02-16T22:30:57.046+0800: 101253.760: [GC [PSYoungGen: 1377696K->15115K(1379328K)] 1948720K->586359K(4175552K), 0.0314390 secs] [Times: user=0.05 sys=0.00, real=0.04 secs] 
2016-02-16T22:31:35.250+0800: 101291.964: [GC [PSYoungGen: 1375691K->16000K(1379648K)] 1946935K->588163K(4175872K), 0.0344090 secs] [Times: user=0.04 sys=0.00, real=0.04 secs] 
2016-02-16T22:32:15.507+0800: 101332.222: [GC [PSYoungGen: 1377024K->15747K(1379456K)] 1949187K->588298K(4175680K), 0.0315530 secs] [Times: user=0.04 sys=0.00, real=0.03 secs] 
2016-02-16T22:32:54.504+0800: 101371.218: [GC [PSYoungGen: 1376771K->14784K(1379968K)] 1949322K->587775K(4176192K), 0.0322560 secs] [Times: user=0.04 sys=0.00, real=0.03 secs] 
2016-02-16T22:33:32.909+0800: 101409.623: [GC [PSYoungGen: 1376576K->15664K(1379904K)] 1949567K->588988K(4176128K), 0.0344460 secs] [Times: user=0.06 sys=0.00, real=0.03 secs] 
2016-02-16T22:34:10.881+0800: 101447.596: [GC [PSYoungGen: 1377456K->13616K(1379904K)] 1950780K->587184K(4176128K), 0.0338820 secs] [Times: user=0.05 sys=0.00, real=0.03 secs] 
2016-02-16T22:34:55.253+0800: 101491.968: [GC [PSYoungGen: 1375600K->17654K(1379648K)] 1949168K->591394K(4175872K), 0.0376440 secs] [Times: user=0.05 sys=0.00, real=0.03 secs] 
2016-02-16T22:35:29.774+0800: 101526.489: [GC [PSYoungGen: 1379638K->13836K(1379264K)] 1953378K->587788K(4175488K), 0.0263320 secs] [Times: user=0.05 sys=0.00, real=0.03 secs] 
2016-02-16T22:36:10.805+0800: 101567.519: [GC [PSYoungGen: 1374668K->16544K(1377408K)] 1948620K->590793K(4173632K), 0.0329490 secs] [Times: user=0.05 sys=0.00, real=0.04 secs] 
2016-02-16T22:36:48.624+0800: 101605.339: [GC [PSYoungGen: 1377376K->15920K(1379584K)] 1951625K->590590K(4175808K), 0.0304070 secs] [Times: user=0.04 sys=0.00, real=0.02 secs] 
2016-02-16T22:37:24.489+0800: 101641.204: [GC [PSYoungGen: 1376816K->15792K(1379392K)] 1951486K->590651K(4175616K), 0.0304330 secs] [Times: user=0.05 sys=0.00, real=0.03 secs] 
2016-02-16T22:38:04.037+0800: 101680.752: [GC [PSYoungGen: 1376688K->14982K(1379968K)] 1951547K->590182K(4176192K), 0.0308140 secs] [Times: user=0.05 sys=0.00, real=0.04 secs] 
2016-02-16T22:38:43.642+0800: 101720.357: [GC [PSYoungGen: 1376710K->14944K(1379840K)] 1951910K->590296K(4176064K), 0.0303420 secs] [Times: user=0.04 sys=0.00, real=0.03 secs] 
2016-02-16T22:39:22.492+0800: 101759.206: [GC [PSYoungGen: 1376672K->14560K(1380160K)] 1952024K->590168K(4176384K), 0.0295920 secs] [Times: user=0.05 sys=0.00, real=0.03 secs] 
2016-02-16T22:40:01.721+0800: 101798.435: [GC [PSYoungGen: 1376736K->13728K(1380096K)] 1952344K->589472K(4176320K), 0.0299000 secs] [Times: user=0.05 sys=0.00, real=0.03 secs] 
2016-02-16T22:40:42.141+0800: 101838.856: [GC [PSYoungGen: 1375904K->15216K(1380352K)] 1951648K->591184K(4176576K), 0.0361870 secs] [Times: user=0.05 sys=0.00, real=0.03 secs] 
2016-02-16T22:41:20.653+0800: 101877.367: [GC [PSYoungGen: 1377584K->14375K(1380096K)] 1953552K->590568K(4176320K), 0.0330510 secs] [Times: user=0.05 sys=0.00, real=0.03 secs] 
2016-02-16T22:42:01.759+0800: 101918.474: [GC [PSYoungGen: 1376743K->14756K(1380608K)] 1952936K->591209K(4176832K), 0.0302700 secs] [Times: user=0.05 sys=0.00, real=0.03 secs] 
2016-02-16T22:42:42.013+0800: 101958.727: [GC [PSYoungGen: 1377764K->13664K(1380480K)] 1954217K->590561K(4176704K), 0.0290150 secs] [Times: user=0.04 sys=0.00, real=0.02 secs] 
2016-02-16T22:43:24.868+0800: 102001.582: [GC [PSYoungGen: 1376672K->14576K(1380800K)] 1953569K->591686K(4177024K), 0.0287040 secs] [Times: user=0.05 sys=0.00, real=0.02 secs] 
2016-02-16T22:44:10.811+0800: 102047.526: [GC [PSYoungGen: 1377904K->14736K(1380608K)] 1955014K->592122K(4176832K), 0.0302800 secs] [Times: user=0.05 sys=0.00, real=0.03 secs] 
2016-02-16T22:44:53.002+0800: 102089.716: [GC [PSYoungGen: 1378064K->15568K(1380864K)] 1955450K->593070K(4177088K), 0.0306910 secs] [Times: user=0.05 sys=0.00, real=0.03 secs] 
2016-02-16T22:45:33.257+0800: 102129.971: [GC [PSYoungGen: 1379344K->16500K(1380288K)] 1956846K->594355K(4176512K), 0.0301550 secs] [Times: user=0.04 sys=0.00, real=0.03 secs] 
2016-02-16T22:46:12.621+0800: 102169.335: [GC [PSYoungGen: 1380276K->15060K(1380800K)] 1958131K->593203K(4177024K), 0.0283980 secs] [Times: user=0.04 sys=0.00, real=0.03 secs] 
2016-02-16T22:46:57.805+0800: 102214.519: [GC [PSYoungGen: 1378388K->17088K(1380480K)] 1956531K->595554K(4176704K), 0.0329120 secs] [Times: user=0.04 sys=0.00, real=0.04 secs] 
2016-02-16T22:47:35.237+0800: 102251.952: [GC [PSYoungGen: 1380416K->14768K(1380480K)] 1958882K->593394K(4176704K), 0.0280610 secs] [Times: user=0.04 sys=0.00, real=0.03 secs] 
2016-02-16T22:48:17.987+0800: 102294.702: [GC [PSYoungGen: 1377648K->15536K(1380480K)] 1956274K->594439K(4176704K), 0.0375140 secs] [Times: user=0.05 sys=0.00, real=0.04 secs] 
2016-02-16T22:48:56.779+0800: 102333.494: [GC [PSYoungGen: 1378416K->15491K(1380736K)] 1957319K->594780K(4176960K), 0.0295780 secs] [Times: user=0.05 sys=0.00, real=0.04 secs] 
2016-02-16T22:49:37.905+0800: 102374.619: [GC [PSYoungGen: 1378755K->15904K(1380608K)] 1958044K->595413K(4176832K), 0.0291930 secs] [Times: user=0.04 sys=0.00, real=0.03 secs] 
2016-02-16T22:50:16.936+0800: 102413.650: [GC [PSYoungGen: 1379168K->15296K(1380928K)] 1958677K->595014K(4177152K), 0.0290120 secs] [Times: user=0.05 sys=0.00, real=0.03 secs] 
2016-02-16T22:50:52.567+0800: 102449.282: [GC [PSYoungGen: 1378880K->14832K(1380736K)] 1958598K->594931K(4176960K), 0.0287790 secs] [Times: user=0.04 sys=0.00, real=0.03 secs] 
2016-02-16T22:51:37.695+0800: 102494.410: [GC [PSYoungGen: 1378416K->17056K(1379328K)] 1958515K->598140K(4175552K), 0.0334900 secs] [Times: user=0.04 sys=0.01, real=0.04 secs] 
2016-02-16T22:52:22.322+0800: 102539.036: [GC [PSYoungGen: 1379296K->17840K(1380096K)] 1960380K->599285K(4176320K), 0.0375200 secs] [Times: user=0.05 sys=0.00, real=0.04 secs] 
2016-02-16T22:53:08.375+0800: 102585.089: [GC [PSYoungGen: 1380080K->16528K(1379072K)] 1961525K->598257K(4175296K), 0.0304580 secs] [Times: user=0.04 sys=0.00, real=0.03 secs] 
2016-02-16T22:53:49.233+0800: 102625.947: [GC [PSYoungGen: 1377616K->15158K(1379584K)] 1959345K->597184K(4175808K), 0.0326310 secs] [Times: user=0.05 sys=0.00, real=0.03 secs] 
2016-02-16T22:54:33.263+0800: 102669.977: [GC [PSYoungGen: 1376246K->15104K(1379840K)] 1958272K->597294K(4176064K), 0.0336970 secs] [Times: user=0.05 sys=0.00, real=0.03 secs] 
2016-02-16T22:55:11.203+0800: 102707.917: [GC [PSYoungGen: 1376576K->14336K(1379712K)] 1958766K->596819K(4175936K), 0.0288710 secs] [Times: user=0.05 sys=0.00, real=0.03 secs] 
2016-02-16T22:55:52.813+0800: 102749.528: [GC [PSYoungGen: 1375808K->13776K(1379712K)] 1958291K->596411K(4175936K), 0.0262830 secs] [Times: user=0.04 sys=0.00, real=0.02 secs] 
2016-02-16T22:56:33.997+0800: 102790.711: [GC [PSYoungGen: 1375248K->15920K(1379776K)] 1957883K->598919K(4176000K), 0.0311870 secs] [Times: user=0.05 sys=0.00, real=0.03 secs] 
2016-02-16T22:57:21.468+0800: 102838.182: [GC [PSYoungGen: 1377392K->15344K(1380160K)] 1960391K->598663K(4176384K), 0.0291440 secs] [Times: user=0.04 sys=0.00, real=0.03 secs] 
2016-02-16T22:58:05.398+0800: 102882.112: [GC [PSYoungGen: 1377328K->14880K(1379904K)] 1960647K->598484K(4176128K), 0.0307930 secs] [Times: user=0.04 sys=0.00, real=0.03 secs] 
2016-02-16T22:58:44.555+0800: 102921.269: [GC [PSYoungGen: 1376864K->13308K(1380032K)] 1960468K->597076K(4176256K), 0.0314630 secs] [Times: user=0.05 sys=0.00, real=0.03 secs] 
2016-02-16T22:59:27.463+0800: 102964.177: [GC [PSYoungGen: 1375548K->15456K(1380160K)] 1959316K->599429K(4176384K), 0.0295430 secs] [Times: user=0.05 sys=0.00, real=0.03 secs] 
2016-02-16T23:00:06.065+0800: 103002.779: [GC [PSYoungGen: 1377696K->16480K(1379840K)] 1961669K->600805K(4176064K), 0.0299690 secs] [Times: user=0.04 sys=0.01, real=0.03 secs] 
2016-02-16T23:00:48.329+0800: 103045.044: [GC [PSYoungGen: 1378592K->17978K(1380096K)] 1962917K->604646K(4176320K), 0.0330900 secs] [Times: user=0.07 sys=0.00, real=0.03 secs] 
2016-02-16T23:01:29.550+0800: 103086.265: [GC [PSYoungGen: 1380090K->13392K(1376896K)] 1966758K->600240K(4173120K), 0.0272720 secs] [Times: user=0.05 sys=0.00, real=0.03 secs] 
2016-02-16T23:02:15.807+0800: 103132.521: [GC [PSYoungGen: 1372304K->14704K(1378496K)] 1959152K->601780K(4174720K), 0.0283770 secs] [Times: user=0.04 sys=0.00, real=0.03 secs] 
2016-02-16T23:02:54.088+0800: 103170.803: [GC [PSYoungGen: 1373616K->12496K(1378496K)] 1960692K->599769K(4174720K), 0.0261900 secs] [Times: user=0.03 sys=0.00, real=0.02 secs] 
2016-02-16T23:03:36.407+0800: 103213.121: [GC [PSYoungGen: 1371664K->15280K(1378624K)] 1958937K->602758K(4174848K), 0.0318160 secs] [Times: user=0.05 sys=0.00, real=0.03 secs] 
2016-02-16T23:04:22.336+0800: 103259.050: [GC [PSYoungGen: 1374448K->15696K(1379200K)] 1961926K->603447K(4175424K), 0.0310270 secs] [Times: user=0.05 sys=0.01, real=0.03 secs] 
2016-02-16T23:05:05.040+0800: 103301.754: [GC [PSYoungGen: 1375824K->15056K(1379008K)] 1963575K->603314K(4175232K), 0.0303760 secs] [Times: user=0.05 sys=0.00, real=0.03 secs] 
2016-02-16T23:05:46.907+0800: 103343.622: [GC [PSYoungGen: 1375184K->16000K(1379584K)] 1963442K->604449K(4175808K), 0.0328270 secs] [Times: user=0.04 sys=0.00, real=0.03 secs] 
2016-02-16T23:06:28.092+0800: 103384.807: [GC [PSYoungGen: 1377024K->14560K(1379520K)] 1965473K->603245K(4175744K), 0.0267660 secs] [Times: user=0.04 sys=0.00, real=0.02 secs] 
2016-02-16T23:07:13.958+0800: 103430.672: [GC [PSYoungGen: 1375584K->16544K(1379392K)] 1964269K->605458K(4175616K), 0.0313790 secs] [Times: user=0.05 sys=0.00, real=0.03 secs] 
2016-02-16T23:08:00.497+0800: 103477.211: [GC [PSYoungGen: 1377632K->16368K(1377472K)] 1966546K->605590K(4173696K), 0.0326620 secs] [Times: user=0.05 sys=0.00, real=0.03 secs] 
2016-02-16T23:08:47.641+0800: 103524.356: [GC [PSYoungGen: 1377456K->14912K(1379712K)] 1966678K->604551K(4175936K), 0.0315620 secs] [Times: user=0.05 sys=0.00, real=0.03 secs] 
2016-02-16T23:09:40.634+0800: 103577.348: [GC [PSYoungGen: 1376064K->14656K(1379520K)] 1965703K->604459K(4175744K), 0.0306270 secs] [Times: user=0.05 sys=0.00, real=0.03 secs] 
2016-02-16T23:10:28.256+0800: 103624.970: [GC [PSYoungGen: 1375808K->13984K(1379968K)] 1965611K->604011K(4176192K), 0.0276020 secs] [Times: user=0.04 sys=0.00, real=0.03 secs] 
2016-02-16T23:11:15.819+0800: 103672.533: [GC [PSYoungGen: 1375776K->16320K(1378176K)] 1965803K->606744K(4174400K), 0.0323650 secs] [Times: user=0.06 sys=0.00, real=0.03 secs] 
2016-02-16T23:12:05.000+0800: 103721.714: [GC [PSYoungGen: 1378112K->15094K(1380096K)] 1968536K->605822K(4176320K), 0.0292910 secs] [Times: user=0.05 sys=0.00, real=0.03 secs] 
2016-02-16T23:12:54.163+0800: 103770.877: [GC [PSYoungGen: 1376950K->14112K(1379840K)] 1967678K->604976K(4176064K), 0.0266330 secs] [Times: user=0.04 sys=0.00, real=0.03 secs] 
2016-02-16T23:13:41.286+0800: 103818.000: [GC [PSYoungGen: 1375968K->15190K(1380416K)] 1966832K->606219K(4176640K), 0.0334980 secs] [Times: user=0.04 sys=0.01, real=0.04 secs] 
2016-02-16T23:14:26.856+0800: 103863.571: [GC [PSYoungGen: 1377686K->14720K(1380160K)] 1968715K->606166K(4176384K), 0.0323870 secs] [Times: user=0.04 sys=0.00, real=0.03 secs] 
2016-02-16T23:15:09.099+0800: 103905.814: [GC [PSYoungGen: 1377216K->16528K(1379968K)] 1968662K->608296K(4176192K), 0.0312780 secs] [Times: user=0.05 sys=0.00, real=0.03 secs] 
2016-02-16T23:15:57.427+0800: 103954.141: [GC [PSYoungGen: 1379024K->14832K(1380288K)] 1970792K->606952K(4176512K), 0.0274940 secs] [Times: user=0.04 sys=0.00, real=0.03 secs] 
2016-02-16T23:16:41.926+0800: 103998.641: [GC [PSYoungGen: 1377328K->16256K(1380224K)] 1969448K->608581K(4176448K), 0.0283260 secs] [Times: user=0.04 sys=0.00, real=0.02 secs] 
2016-02-16T23:17:28.589+0800: 104045.304: [GC [PSYoungGen: 1378880K->14064K(1380352K)] 1971205K->606582K(4176576K), 0.0299260 secs] [Times: user=0.05 sys=0.00, real=0.03 secs] 
2016-02-16T23:18:14.164+0800: 104090.879: [GC [PSYoungGen: 1376688K->15840K(1380352K)] 1969206K->608667K(4176576K), 0.0299380 secs] [Times: user=0.04 sys=0.00, real=0.03 secs] 
2016-02-16T23:19:04.408+0800: 104141.122: [GC [PSYoungGen: 1378464K->15312K(1380352K)] 1971291K->608560K(4176576K), 0.0317660 secs] [Times: user=0.04 sys=0.00, real=0.03 secs] 
2016-02-16T23:19:51.262+0800: 104187.977: [GC [PSYoungGen: 1377936K->12712K(1380096K)] 1971184K->606330K(4176320K), 0.0285880 secs] [Times: user=0.04 sys=0.00, real=0.03 secs] 
2016-02-16T23:20:37.185+0800: 104233.899: [GC [PSYoungGen: 1375336K->14816K(1380352K)] 1968954K->608602K(4176576K), 0.0279330 secs] [Times: user=0.04 sys=0.00, real=0.03 secs] 
2016-02-16T23:21:30.934+0800: 104287.648: [GC [PSYoungGen: 1377440K->16288K(1380096K)] 1971226K->610455K(4176320K), 0.0316390 secs] [Times: user=0.05 sys=0.00, real=0.03 secs] 
2016-02-16T23:22:25.923+0800: 104342.637: [GC [PSYoungGen: 1378912K->16096K(1378752K)] 1973079K->610467K(4174976K), 0.0301930 secs] [Times: user=0.04 sys=0.00, real=0.04 secs] 
2016-02-16T23:23:16.869+0800: 104393.584: [GC [PSYoungGen: 1378720K->16304K(1379904K)] 1973091K->610983K(4176128K), 0.0323630 secs] [Times: user=0.05 sys=0.00, real=0.04 secs] 
2016-02-16T23:24:04.590+0800: 104441.304: [GC [PSYoungGen: 1378416K->14864K(1380096K)] 1973095K->609695K(4176320K), 0.0302100 secs] [Times: user=0.04 sys=0.00, real=0.03 secs] 
2016-02-16T23:24:56.502+0800: 104493.217: [GC [PSYoungGen: 1376976K->13488K(1380160K)] 1971807K->608559K(4176384K), 0.0271450 secs] [Times: user=0.04 sys=0.00, real=0.03 secs] 
2016-02-16T23:25:47.193+0800: 104543.908: [GC [PSYoungGen: 1375856K->14720K(1380224K)] 1970927K->609943K(4176448K), 0.0279460 secs] [Times: user=0.04 sys=0.00, real=0.03 secs] 
2016-02-16T23:26:44.934+0800: 104601.649: [GC [PSYoungGen: 1377088K->16752K(1379776K)] 1972311K->612206K(4176000K), 0.0360450 secs] [Times: user=0.04 sys=0.00, real=0.04 secs] 
2016-02-16T23:27:34.481+0800: 104651.196: [GC [PSYoungGen: 1378864K->14368K(1380096K)] 1974318K->610223K(4176320K), 0.0336070 secs] [Times: user=0.04 sys=0.00, real=0.03 secs] 
2016-02-16T23:28:23.534+0800: 104700.249: [GC [PSYoungGen: 1376480K->14208K(1380288K)] 1972335K->610183K(4176512K), 0.0323200 secs] [Times: user=0.05 sys=0.00, real=0.03 secs] 
2016-02-16T23:29:15.345+0800: 104752.059: [GC [PSYoungGen: 1376640K->17248K(1379712K)] 1972615K->613396K(4175936K), 0.0313230 secs] [Times: user=0.05 sys=0.00, real=0.04 secs] 
2016-02-16T23:29:58.729+0800: 104795.444: [GC [PSYoungGen: 1379680K->13424K(1379776K)] 1975828K->610019K(4176000K), 0.0297660 secs] [Times: user=0.03 sys=0.01, real=0.03 secs] 
2016-02-16T23:30:44.096+0800: 104840.810: [GC [PSYoungGen: 1374896K->13808K(1379776K)] 1971491K->610763K(4176000K), 0.0280650 secs] [Times: user=0.05 sys=0.00, real=0.03 secs] 
2016-02-16T23:31:38.303+0800: 104895.017: [GC [PSYoungGen: 1375280K->14486K(1380096K)] 1972235K->611691K(4176320K), 0.0295360 secs] [Times: user=0.04 sys=0.00, real=0.03 secs] 
2016-02-16T23:32:35.355+0800: 104952.069: [GC [PSYoungGen: 1376342K->16048K(1379840K)] 1973547K->613570K(4176064K), 0.0320800 secs] [Times: user=0.05 sys=0.00, real=0.04 secs] 
2016-02-16T23:33:25.628+0800: 105002.343: [GC [PSYoungGen: 1377904K->14110K(1380160K)] 1975426K->611856K(4176384K), 0.0322670 secs] [Times: user=0.04 sys=0.00, real=0.03 secs] 
2016-02-16T23:34:16.721+0800: 105053.436: [GC [PSYoungGen: 1376158K->13585K(1379968K)] 1973904K->611894K(4176192K), 0.0280680 secs] [Times: user=0.04 sys=0.00, real=0.03 secs] 
2016-02-16T23:35:09.418+0800: 105106.132: [GC [PSYoungGen: 1375633K->14880K(1380480K)] 1973942K->613498K(4176704K), 0.0294640 secs] [Times: user=0.05 sys=0.00, real=0.03 secs] 
2016-02-16T23:35:58.913+0800: 105155.628: [GC [PSYoungGen: 1377504K->12752K(1380224K)] 1976122K->611611K(4176448K), 0.0279190 secs] [Times: user=0.04 sys=0.00, real=0.02 secs] 
2016-02-16T23:36:48.976+0800: 105205.690: [GC [PSYoungGen: 1375376K->14784K(1380608K)] 1974235K->613755K(4176832K), 0.0294870 secs] [Times: user=0.04 sys=0.00, real=0.03 secs] 
2016-02-16T23:37:42.186+0800: 105258.900: [GC [PSYoungGen: 1377728K->15566K(1380416K)] 1976699K->614773K(4176640K), 0.0322110 secs] [Times: user=0.04 sys=0.00, real=0.04 secs] 
2016-02-16T23:38:38.214+0800: 105314.928: [GC [PSYoungGen: 1378510K->14608K(1380800K)] 1977717K->614495K(4177024K), 0.0284130 secs] [Times: user=0.04 sys=0.00, real=0.02 secs] 
2016-02-16T23:39:38.503+0800: 105375.217: [GC [PSYoungGen: 1377872K->14064K(1380544K)] 1977759K->614155K(4176768K), 0.0281000 secs] [Times: user=0.05 sys=0.00, real=0.03 secs] 
2016-02-16T23:40:33.584+0800: 105430.298: [GC [PSYoungGen: 1377328K->15216K(1380992K)] 1977419K->615488K(4177216K), 0.0299380 secs] [Times: user=0.04 sys=0.01, real=0.02 secs] 
2016-02-16T23:41:30.010+0800: 105486.725: [GC [PSYoungGen: 1379120K->13917K(1380992K)] 1979392K->614513K(4177216K), 0.0286170 secs] [Times: user=0.04 sys=0.00, real=0.03 secs] 
2016-02-16T23:42:32.116+0800: 105548.830: [GC [PSYoungGen: 1377821K->15760K(1380736K)] 1978417K->616674K(4176960K), 0.0332950 secs] [Times: user=0.04 sys=0.00, real=0.04 secs] 
2016-02-16T23:43:36.731+0800: 105613.445: [GC [PSYoungGen: 1379536K->15136K(1380928K)] 1980450K->616379K(4177152K), 0.0352120 secs] [Times: user=0.05 sys=0.00, real=0.04 secs] 
2016-02-16T23:44:37.667+0800: 105674.381: [GC [PSYoungGen: 1378912K->14640K(1381184K)] 1980155K->616139K(4177408K), 0.0305030 secs] [Times: user=0.05 sys=0.00, real=0.03 secs] 
2016-02-16T23:45:36.633+0800: 105733.347: [GC [PSYoungGen: 1378736K->13728K(1380992K)] 1980235K->615603K(4177216K), 0.0261920 secs] [Times: user=0.04 sys=0.00, real=0.03 secs] 
2016-02-16T23:46:35.528+0800: 105792.243: [GC [PSYoungGen: 1377824K->14182K(1381376K)] 1979699K->616217K(4177600K), 0.0264710 secs] [Times: user=0.04 sys=0.01, real=0.03 secs] 
2016-02-16T23:47:38.461+0800: 105855.175: [GC [PSYoungGen: 1378726K->13766K(1381248K)] 1980761K->616202K(4177472K), 0.0300380 secs] [Times: user=0.05 sys=0.00, real=0.03 secs] 
2016-02-16T23:48:33.430+0800: 105910.144: [GC [PSYoungGen: 1378310K->13920K(1381568K)] 1980746K->616705K(4177792K), 0.0279010 secs] [Times: user=0.04 sys=0.00, real=0.03 secs] 
2016-02-16T23:49:33.474+0800: 105970.188: [GC [PSYoungGen: 1378848K->15573K(1380544K)] 1981633K->618655K(4176768K), 0.0273790 secs] [Times: user=0.04 sys=0.01, real=0.03 secs] 
2016-02-16T23:50:36.099+0800: 106032.814: [GC [PSYoungGen: 1380501K->11270K(1380672K)] 1983583K->614423K(4176896K), 0.0253210 secs] [Times: user=0.03 sys=0.00, real=0.02 secs] 
2016-02-16T23:51:40.535+0800: 106097.250: [GC [PSYoungGen: 1375174K->16128K(1380096K)] 1978327K->619662K(4176320K), 0.0294270 secs] [Times: user=0.04 sys=0.00, real=0.03 secs] 
2016-02-16T23:52:42.914+0800: 106159.629: [GC [PSYoungGen: 1380032K->13248K(1380672K)] 1983566K->617051K(4176896K), 0.0260440 secs] [Times: user=0.04 sys=0.00, real=0.03 secs] 
2016-02-16T23:53:51.179+0800: 106227.893: [GC [PSYoungGen: 1376384K->14688K(1380544K)] 1980187K->618759K(4176768K), 0.0317790 secs] [Times: user=0.04 sys=0.00, real=0.03 secs] 
2016-02-16T23:54:57.605+0800: 106294.320: [GC [PSYoungGen: 1377824K->12496K(1380736K)] 1981895K->616663K(4176960K), 0.0252510 secs] [Times: user=0.04 sys=0.00, real=0.02 secs] 
2016-02-16T23:55:47.108+0800: 106343.822: [GC [PSYoungGen: 1376016K->11716K(1375296K)] 1980183K->616083K(4171520K), 0.0226040 secs] [Times: user=0.03 sys=0.00, real=0.03 secs] 
2016-02-16T23:56:54.751+0800: 106411.465: [GC [PSYoungGen: 1375236K->16016K(1379904K)] 1979603K->620612K(4176128K), 0.0326250 secs] [Times: user=0.05 sys=0.00, real=0.04 secs] 
2016-02-16T23:58:00.844+0800: 106477.558: [GC [PSYoungGen: 1378512K->15886K(1378432K)] 1983108K->620879K(4174656K), 0.0298780 secs] [Times: user=0.04 sys=0.00, real=0.03 secs] 
2016-02-16T23:59:17.277+0800: 106553.992: [GC [PSYoungGen: 1378382K->14496K(1380288K)] 1983375K->619737K(4176512K), 0.0267730 secs] [Times: user=0.04 sys=0.01, real=0.03 secs] 
2016-02-17T00:00:16.233+0800: 106612.948: [GC [PSYoungGen: 1376672K->11258K(1379968K)] 1981913K->616611K(4176192K), 0.0242190 secs] [Times: user=0.04 sys=0.01, real=0.02 secs] 
2016-02-17T00:01:24.086+0800: 106680.801: [GC [PSYoungGen: 1373434K->13088K(1380352K)] 1978787K->618973K(4176576K), 0.0261370 secs] [Times: user=0.04 sys=0.00, real=0.03 secs] 
2016-02-17T00:02:33.489+0800: 106750.203: [GC [PSYoungGen: 1375456K->13216K(1380096K)] 1981341K->619342K(4176320K), 0.0267780 secs] [Times: user=0.04 sys=0.00, real=0.03 secs] 
2016-02-17T00:03:41.627+0800: 106818.342: [GC [PSYoungGen: 1375584K->13584K(1380928K)] 1981710K->620170K(4177152K), 0.0265390 secs] [Times: user=0.05 sys=0.00, real=0.03 secs] 
2016-02-17T00:04:53.519+0800: 106890.233: [GC [PSYoungGen: 1377040K->14768K(1380608K)] 1983626K->621535K(4176832K), 0.0299160 secs] [Times: user=0.04 sys=0.00, real=0.03 secs] 
2016-02-17T00:06:13.614+0800: 106970.328: [GC [PSYoungGen: 1378224K->14048K(1381184K)] 1984991K->620991K(4177408K), 0.0263310 secs] [Times: user=0.04 sys=0.00, real=0.03 secs] 
2016-02-17T00:07:37.667+0800: 107054.382: [GC [PSYoungGen: 1378080K->15104K(1380928K)] 1985023K->622316K(4177152K), 0.0321880 secs] [Times: user=0.05 sys=0.00, real=0.03 secs] 
2016-02-17T00:08:58.321+0800: 107135.036: [GC [PSYoungGen: 1379136K->13376K(1381248K)] 1986348K->620784K(4177472K), 0.0247740 secs] [Times: user=0.03 sys=0.01, real=0.02 secs] 
2016-02-17T00:10:21.369+0800: 107218.083: [GC [PSYoungGen: 1377600K->13495K(1381056K)] 1985008K->621128K(4177280K), 0.0272280 secs] [Times: user=0.04 sys=0.00, real=0.03 secs] 
2016-02-17T00:11:43.528+0800: 107300.242: [GC [PSYoungGen: 1377719K->15120K(1381056K)] 1985352K->622948K(4177280K), 0.0323790 secs] [Times: user=0.05 sys=0.00, real=0.03 secs] 
2016-02-17T00:13:17.579+0800: 107394.293: [GC [PSYoungGen: 1379536K->14000K(1381248K)] 1987364K->622020K(4177472K), 0.0289250 secs] [Times: user=0.03 sys=0.00, real=0.03 secs] 
2016-02-17T00:14:49.485+0800: 107486.199: [GC [PSYoungGen: 1378416K->15718K(1380736K)] 1986436K->623854K(4176960K), 0.0305460 secs] [Times: user=0.05 sys=0.00, real=0.03 secs] 
2016-02-17T00:16:09.561+0800: 107566.276: [GC [PSYoungGen: 1379878K->13280K(1381120K)] 1988014K->621663K(4177344K), 0.0266450 secs] [Times: user=0.04 sys=0.00, real=0.03 secs] 
2016-02-17T00:17:25.491+0800: 107642.205: [GC [PSYoungGen: 1377440K->14272K(1381440K)] 1985823K->622823K(4177664K), 0.0292610 secs] [Times: user=0.05 sys=0.00, real=0.03 secs] 
2016-02-17T00:18:57.745+0800: 107734.459: [GC [PSYoungGen: 1378880K->12912K(1381248K)] 1987431K->621816K(4177472K), 0.0315550 secs] [Times: user=0.04 sys=0.00, real=0.03 secs] 
2016-02-17T00:20:10.760+0800: 107807.474: [GC [PSYoungGen: 1377520K->11872K(1381248K)] 1986424K->621141K(4177472K), 0.0245370 secs] [Times: user=0.03 sys=0.00, real=0.02 secs] 
2016-02-17T00:21:28.242+0800: 107884.956: [GC [PSYoungGen: 1376544K->12416K(1381376K)] 1985813K->622049K(4177600K), 0.0293470 secs] [Times: user=0.04 sys=0.00, real=0.03 secs] 
2016-02-17T00:23:16.055+0800: 107992.769: [GC [PSYoungGen: 1377088K->14976K(1381056K)] 1986721K->624745K(4177280K), 0.0319080 secs] [Times: user=0.04 sys=0.00, real=0.04 secs] 
2016-02-17T00:25:05.767+0800: 108102.481: [GC [PSYoungGen: 1379392K->16112K(1380544K)] 1989161K->626037K(4176768K), 0.0332680 secs] [Times: user=0.05 sys=0.00, real=0.04 secs] 
2016-02-17T00:26:44.414+0800: 108201.128: [GC [PSYoungGen: 1380528K->13360K(1380928K)] 1990453K->623749K(4177152K), 0.0273700 secs] [Times: user=0.04 sys=0.00, real=0.02 secs] 
2016-02-17T00:28:35.312+0800: 108312.027: [GC [PSYoungGen: 1376880K->14736K(1380672K)] 1987269K->625222K(4176896K), 0.0279970 secs] [Times: user=0.04 sys=0.00, real=0.03 secs] 
2016-02-17T00:30:22.642+0800: 108419.357: [GC [PSYoungGen: 1378256K->14038K(1381248K)] 1988742K->624700K(4177472K), 0.0303680 secs] [Times: user=0.05 sys=0.00, real=0.03 secs] 
2016-02-17T00:32:05.846+0800: 108522.560: [GC [PSYoungGen: 1378134K->12480K(1380928K)] 1988796K->623326K(4177152K), 0.0254990 secs] [Times: user=0.04 sys=0.00, real=0.02 secs] 
2016-02-17T00:33:58.776+0800: 108635.491: [GC [PSYoungGen: 1376576K->14336K(1381376K)] 1987422K->625330K(4177600K), 0.0280560 secs] [Times: user=0.04 sys=0.01, real=0.03 secs] 
2016-02-17T00:35:55.355+0800: 108752.069: [GC [PSYoungGen: 1378880K->13232K(1381248K)] 1989874K->624371K(4177472K), 0.0280170 secs] [Times: user=0.04 sys=0.00, real=0.03 secs] 
2016-02-17T00:38:03.192+0800: 108879.907: [GC [PSYoungGen: 1377776K->15632K(1380672K)] 1988915K->626967K(4176896K), 0.0307380 secs] [Times: user=0.04 sys=0.00, real=0.03 secs] 
2016-02-17T00:40:02.268+0800: 108998.982: [GC [PSYoungGen: 1379792K->14952K(1381120K)] 1991127K->626394K(4177344K), 0.0299480 secs] [Times: user=0.04 sys=0.01, real=0.03 secs] 
2016-02-17T00:41:58.140+0800: 109114.854: [GC [PSYoungGen: 1379112K->11904K(1380864K)] 1990554K->623605K(4177088K), 0.0260990 secs] [Times: user=0.04 sys=0.00, real=0.03 secs] 
2016-02-17T00:44:12.954+0800: 109249.669: [GC [PSYoungGen: 1375808K->14032K(1380992K)] 1987509K->625910K(4177216K), 0.0301010 secs] [Times: user=0.04 sys=0.00, real=0.03 secs] 
2016-02-17T00:46:21.650+0800: 109378.365: [GC [PSYoungGen: 1377936K->12720K(1381376K)] 1989814K->624866K(4177600K), 0.0260660 secs] [Times: user=0.05 sys=0.00, real=0.02 secs] 
2016-02-17T00:48:39.953+0800: 109516.667: [GC [PSYoungGen: 1377264K->16680K(1381248K)] 1989410K->629259K(4177472K), 0.0292880 secs] [Times: user=0.05 sys=0.00, real=0.03 secs] 
2016-02-17T00:50:58.138+0800: 109654.852: [GC [PSYoungGen: 1381224K->13408K(1380096K)] 1993803K->626106K(4176320K), 0.0297870 secs] [Times: user=0.04 sys=0.00, real=0.03 secs] 
2016-02-17T00:53:10.028+0800: 109786.742: [GC [PSYoungGen: 1376672K->13344K(1380672K)] 1989370K->626171K(4176896K), 0.0267550 secs] [Times: user=0.03 sys=0.00, real=0.03 secs] 
2016-02-17T00:55:26.958+0800: 109923.673: [GC [PSYoungGen: 1376608K->14176K(1381120K)] 1989435K->627247K(4177344K), 0.0287680 secs] [Times: user=0.04 sys=0.00, real=0.03 secs] 
2016-02-17T00:57:49.059+0800: 110065.774: [GC [PSYoungGen: 1378080K->12960K(1380864K)] 1991151K->626248K(4177088K), 0.0250480 secs] [Times: user=0.05 sys=0.00, real=0.03 secs] 
2016-02-17T01:00:24.977+0800: 110221.691: [GC [PSYoungGen: 1376864K->12778K(1381312K)] 1990152K->626347K(4177536K), 0.0248330 secs] [Times: user=0.04 sys=0.01, real=0.02 secs] 
2016-02-17T01:03:03.040+0800: 110379.754: [GC [PSYoungGen: 1377258K->12913K(1381248K)] 1990827K->626759K(4177472K), 0.0249390 secs] [Times: user=0.04 sys=0.00, real=0.02 secs] 
2016-02-17T01:05:29.848+0800: 110526.563: [GC [PSYoungGen: 1377393K->10288K(1380928K)] 1991239K->624351K(4177152K), 0.0219020 secs] [Times: user=0.04 sys=0.00, real=0.02 secs] 
2016-02-17T01:08:17.056+0800: 110693.770: [GC [PSYoungGen: 1374576K->15184K(1379520K)] 1988639K->629412K(4175744K), 0.0304220 secs] [Times: user=0.03 sys=0.00, real=0.03 secs] 
2016-02-17T01:10:54.014+0800: 110850.729: [GC [PSYoungGen: 1379472K->15456K(1380096K)] 1993700K->630099K(4176320K), 0.0320160 secs] [Times: user=0.04 sys=0.01, real=0.03 secs] 
2016-02-17T01:13:35.956+0800: 111012.670: [GC [PSYoungGen: 1378336K->13461K(1380480K)] 1992979K->628193K(4176704K), 0.0248950 secs] [Times: user=0.03 sys=0.01, real=0.02 secs] 
2016-02-17T01:16:39.370+0800: 111196.085: [GC [PSYoungGen: 1376341K->14726K(1380736K)] 1991073K->629687K(4176960K), 0.0299020 secs] [Times: user=0.04 sys=0.00, real=0.03 secs] 
2016-02-17T01:20:09.161+0800: 111405.876: [GC [PSYoungGen: 1378246K->15776K(1379328K)] 1993207K->630926K(4175552K), 0.0305650 secs] [Times: user=0.05 sys=0.00, real=0.04 secs] 
2016-02-17T01:23:20.817+0800: 111597.532: [GC [PSYoungGen: 1379296K->13024K(1380608K)] 1994446K->628413K(4176832K), 0.0257650 secs] [Times: user=0.04 sys=0.00, real=0.03 secs] 
2016-02-17T01:26:36.796+0800: 111793.511: [GC [PSYoungGen: 1375968K->13008K(1380416K)] 1991357K->628530K(4176640K), 0.0326610 secs] [Times: user=0.04 sys=0.00, real=0.03 secs] 
2016-02-17T01:30:23.399+0800: 112020.114: [GC [PSYoungGen: 1375952K->13904K(1381120K)] 1991474K->629466K(4177344K), 0.0256700 secs] [Times: user=0.04 sys=0.00, real=0.03 secs] 
2016-02-17T01:34:34.351+0800: 112271.066: [GC [PSYoungGen: 1377744K->16944K(1380800K)] 1993306K->633159K(4177024K), 0.0316860 secs] [Times: user=0.04 sys=0.00, real=0.03 secs] 
2016-02-17T01:38:12.112+0800: 112488.826: [GC [PSYoungGen: 1380784K->13872K(1379904K)] 1996999K->630360K(4176128K), 0.0277180 secs] [Times: user=0.04 sys=0.00, real=0.03 secs] 
2016-02-17T01:42:37.427+0800: 112754.141: [GC [PSYoungGen: 1376496K->14816K(1380352K)] 1992984K->631496K(4176576K), 0.0309090 secs] [Times: user=0.05 sys=0.00, real=0.04 secs] 
2016-02-17T01:47:24.786+0800: 113041.500: [GC [PSYoungGen: 1377440K->15984K(1379840K)] 1994120K->632889K(4176064K), 0.0350020 secs] [Times: user=0.05 sys=0.00, real=0.04 secs] 
2016-02-17T01:52:02.474+0800: 113319.189: [GC [PSYoungGen: 1378224K->14304K(1380160K)] 1995129K->631482K(4176384K), 0.0299620 secs] [Times: user=0.04 sys=0.00, real=0.03 secs] 
2016-02-17T01:56:46.466+0800: 113603.181: [GC [PSYoungGen: 1376544K->15008K(1380608K)] 1993722K->632298K(4176832K), 0.0274800 secs] [Times: user=0.05 sys=0.00, real=0.02 secs] 
2016-02-17T02:01:16.347+0800: 113873.061: [GC [PSYoungGen: 1378016K->15840K(1378880K)] 1995306K->633234K(4175104K), 0.0331080 secs] [Times: user=0.06 sys=0.00, real=0.04 secs] 
2016-02-17T02:05:11.133+0800: 114107.848: [GC [PSYoungGen: 1378848K->11150K(1379840K)] 1996242K->630576K(4176064K), 0.0294620 secs] [Times: user=0.05 sys=0.00, real=0.02 secs] 
2016-02-17T02:06:17.529+0800: 114174.243: [GC [PSYoungGen: 1373262K->5176K(1367296K)] 1992688K->624894K(4163520K), 0.0130750 secs] [Times: user=0.03 sys=0.00, real=0.01 secs] 
2016-02-17T02:09:06.576+0800: 114343.290: [GC [PSYoungGen: 1367288K->9072K(1378560K)] 1987006K->628983K(4174784K), 0.0205940 secs] [Times: user=0.03 sys=0.00, real=0.02 secs] 
2016-02-17T02:10:54.153+0800: 114450.867: [GC [PSYoungGen: 1368496K->5775K(1365248K)] 1988407K->625847K(4161472K), 0.0142470 secs] [Times: user=0.03 sys=0.00, real=0.01 secs] 
2016-02-17T02:15:35.111+0800: 114731.825: [GC [PSYoungGen: 1365199K->12505K(1378880K)] 1985271K->632794K(4175104K), 0.0246280 secs] [Times: user=0.04 sys=0.00, real=0.02 secs] 
2016-02-17T02:20:15.949+0800: 115012.663: [GC [PSYoungGen: 1371481K->14885K(1378176K)] 1991770K->636165K(4174400K), 0.0294750 secs] [Times: user=0.05 sys=0.00, real=0.03 secs] 
2016-02-17T02:24:20.314+0800: 115257.028: [GC [PSYoungGen: 1373861K->19490K(1367680K)] 1995141K->650354K(4163904K), 0.0385040 secs] [Times: user=0.06 sys=0.00, real=0.04 secs] 
2016-02-17T02:29:34.768+0800: 115571.482: [GC [PSYoungGen: 1367650K->17094K(1373120K)] 1998514K->648233K(4169344K), 0.0448860 secs] [Times: user=0.06 sys=0.00, real=0.05 secs] 
2016-02-17T02:37:31.208+0800: 116047.923: [GC [PSYoungGen: 1365254K->14144K(1374144K)] 1996393K->645419K(4170368K), 0.0301450 secs] [Times: user=0.04 sys=0.00, real=0.03 secs] 
2016-02-17T02:44:45.389+0800: 116482.104: [GC [PSYoungGen: 1363328K->13984K(1373120K)] 1994603K->645403K(4169344K), 0.0291640 secs] [Times: user=0.04 sys=0.00, real=0.03 secs] 
2016-02-17T02:51:57.268+0800: 116913.983: [GC [PSYoungGen: 1363168K->14016K(1375808K)] 1994587K->645615K(4172032K), 0.0261030 secs] [Times: user=0.04 sys=0.00, real=0.02 secs] 
2016-02-17T03:00:08.813+0800: 117405.527: [GC [PSYoungGen: 1366720K->14224K(1374976K)] 1998319K->645948K(4171200K), 0.0305680 secs] [Times: user=0.04 sys=0.00, real=0.03 secs] 
2016-02-17T03:07:02.773+0800: 117819.487: [GC [PSYoungGen: 1366928K->11056K(1376704K)] 1998652K->643016K(4172928K), 0.0297700 secs] [Times: user=0.05 sys=0.00, real=0.03 secs] 
2016-02-17T03:18:24.513+0800: 118501.228: [GC [PSYoungGen: 1366256K->15328K(1376576K)] 1998216K->647417K(4172800K), 0.0292340 secs] [Times: user=0.04 sys=0.00, real=0.03 secs] 
2016-02-17T03:27:48.616+0800: 119065.330: [GC [PSYoungGen: 1370528K->15808K(1377024K)] 2002617K->648053K(4173248K), 0.0347840 secs] [Times: user=0.04 sys=0.00, real=0.03 secs] 
2016-02-17T03:37:28.678+0800: 119645.392: [GC [PSYoungGen: 1371712K->13376K(1376960K)] 2003957K->645725K(4173184K), 0.0296320 secs] [Times: user=0.05 sys=0.00, real=0.02 secs] 
2016-02-17T03:48:03.333+0800: 120280.047: [GC [PSYoungGen: 1369280K->13117K(1377984K)] 2001629K->645563K(4174208K), 0.0255200 secs] [Times: user=0.04 sys=0.00, real=0.03 secs] 
2016-02-17T04:00:03.384+0800: 121000.098: [GC [PSYoungGen: 1370557K->14144K(1377536K)] 2003003K->647038K(4173760K), 0.0283770 secs] [Times: user=0.05 sys=0.00, real=0.03 secs] 
2016-02-17T04:11:28.187+0800: 121684.901: [GC [PSYoungGen: 1371584K->11744K(1378688K)] 2004478K->644726K(4174912K), 0.0237360 secs] [Times: user=0.04 sys=0.00, real=0.03 secs] 
2016-02-17T04:22:08.211+0800: 122324.926: [GC [PSYoungGen: 1370912K->10304K(1378560K)] 2003894K->643417K(4174784K), 0.0209070 secs] [Times: user=0.04 sys=0.00, real=0.02 secs] 
2016-02-17T04:33:21.591+0800: 122998.306: [GC [PSYoungGen: 1369472K->12147K(1379008K)] 2002585K->645357K(4175232K), 0.0243800 secs] [Times: user=0.04 sys=0.00, real=0.02 secs] 
2016-02-17T04:43:01.193+0800: 123577.907: [GC [PSYoungGen: 1371699K->11152K(1378624K)] 2004909K->644635K(4174848K), 0.0245000 secs] [Times: user=0.04 sys=0.00, real=0.02 secs] 
2016-02-17T04:54:24.150+0800: 124260.864: [GC [PSYoungGen: 1370704K->14688K(1379200K)] 2004187K->648295K(4175424K), 0.0297550 secs] [Times: user=0.04 sys=0.01, real=0.03 secs] 
2016-02-17T05:05:50.933+0800: 124947.647: [GC [PSYoungGen: 1375008K->15040K(1375360K)] 2008615K->648771K(4171584K), 0.0269340 secs] [Times: user=0.04 sys=0.00, real=0.03 secs] 
2016-02-17T05:16:47.276+0800: 125603.991: [GC [PSYoungGen: 1375360K->12800K(1379520K)] 2009091K->646627K(4175744K), 0.0258530 secs] [Times: user=0.04 sys=0.00, real=0.02 secs] 
2016-02-17T05:28:45.421+0800: 126322.135: [GC [PSYoungGen: 1373376K->14432K(1379136K)] 2007203K->648443K(4175360K), 0.0287230 secs] [Times: user=0.04 sys=0.00, real=0.03 secs] 
2016-02-17T05:40:05.218+0800: 127001.932: [GC [PSYoungGen: 1375008K->11600K(1379840K)] 2009019K->645716K(4176064K), 0.0249960 secs] [Times: user=0.04 sys=0.00, real=0.02 secs] 
2016-02-17T05:50:49.348+0800: 127646.062: [GC [PSYoungGen: 1373008K->11521K(1379648K)] 2007124K->645734K(4175872K), 0.0252320 secs] [Times: user=0.03 sys=0.01, real=0.02 secs] 
2016-02-17T06:00:21.024+0800: 128217.739: [GC [PSYoungGen: 1372929K->12704K(1380416K)] 2007142K->647114K(4176640K), 0.0272190 secs] [Times: user=0.04 sys=0.00, real=0.02 secs] 
2016-02-17T06:08:18.555+0800: 128695.270: [GC [PSYoungGen: 1375072K->11376K(1380032K)] 2009482K->645937K(4176256K), 0.0256420 secs] [Times: user=0.03 sys=0.00, real=0.03 secs] 
2016-02-17T06:16:37.683+0800: 129194.397: [GC [PSYoungGen: 1373744K->12032K(1380864K)] 2008305K->646866K(4177088K), 0.0261450 secs] [Times: user=0.03 sys=0.00, real=0.02 secs] 
2016-02-17T06:24:35.767+0800: 129672.481: [GC [PSYoungGen: 1375424K->12928K(1380608K)] 2010258K->647826K(4176832K), 0.0265150 secs] [Times: user=0.04 sys=0.00, real=0.03 secs] 
2016-02-17T06:31:48.309+0800: 130105.023: [GC [PSYoungGen: 1376320K->16176K(1379648K)] 2011218K->651210K(4175872K), 0.0361900 secs] [Times: user=0.04 sys=0.00, real=0.04 secs] 
2016-02-17T06:38:41.313+0800: 130518.027: [GC [PSYoungGen: 1379056K->13168K(1380480K)] 2014090K->648346K(4176704K), 0.0270730 secs] [Times: user=0.04 sys=0.01, real=0.03 secs] 
2016-02-17T06:44:26.378+0800: 130863.092: [GC [PSYoungGen: 1376048K->12480K(1381184K)] 2011226K->647746K(4177408K), 0.0239480 secs] [Times: user=0.04 sys=0.00, real=0.02 secs] 
2016-02-17T06:49:54.378+0800: 131191.092: [GC [PSYoungGen: 1376448K->14320K(1380864K)] 2011714K->649754K(4177088K), 0.0324210 secs] [Times: user=0.04 sys=0.00, real=0.03 secs] 
2016-02-17T06:55:06.765+0800: 131503.480: [GC [PSYoungGen: 1378288K->12672K(1381376K)] 2013722K->648338K(4177600K), 0.0260240 secs] [Times: user=0.04 sys=0.00, real=0.02 secs] 
2016-02-17T07:00:14.647+0800: 131811.362: [GC [PSYoungGen: 1377088K->12288K(1381120K)] 2012754K->648041K(4177344K), 0.0288150 secs] [Times: user=0.04 sys=0.00, real=0.04 secs] 
2016-02-17T07:05:02.307+0800: 132099.021: [GC [PSYoungGen: 1376704K->12944K(1381888K)] 2012457K->648792K(4178112K), 0.0298350 secs] [Times: user=0.04 sys=0.00, real=0.03 secs] 
2016-02-17T07:09:31.130+0800: 132367.844: [GC [PSYoungGen: 1378320K->14128K(1381568K)] 2014168K->650201K(4177792K), 0.0272630 secs] [Times: user=0.04 sys=0.00, real=0.03 secs] 
2016-02-17T07:13:32.452+0800: 132609.166: [GC [PSYoungGen: 1379504K->13840K(1381888K)] 2015577K->650194K(4178112K), 0.0272910 secs] [Times: user=0.04 sys=0.00, real=0.03 secs] 
2016-02-17T07:17:34.054+0800: 132850.768: [GC [PSYoungGen: 1379472K->14544K(1380224K)] 2015826K->651066K(4176448K), 0.0324120 secs] [Times: user=0.04 sys=0.00, real=0.03 secs] 
2016-02-17T07:21:02.836+0800: 133059.551: [GC [PSYoungGen: 1380176K->14742K(1381312K)] 2016698K->651505K(4177536K), 0.0278320 secs] [Times: user=0.04 sys=0.00, real=0.03 secs] 
2016-02-17T07:24:33.451+0800: 133270.166: [GC [PSYoungGen: 1379670K->13584K(1381504K)] 2016433K->650555K(4177728K), 0.0295870 secs] [Times: user=0.04 sys=0.00, real=0.03 secs] 
2016-02-17T07:28:16.309+0800: 133493.023: [GC [PSYoungGen: 1378512K->13622K(1382016K)] 2015483K->650770K(4178240K), 0.0284080 secs] [Times: user=0.04 sys=0.00, real=0.03 secs] 
2016-02-17T07:31:38.170+0800: 133694.884: [GC [PSYoungGen: 1379318K->15952K(1381696K)] 2016466K->653277K(4177920K), 0.0334170 secs] [Times: user=0.04 sys=0.00, real=0.03 secs] 
2016-02-17T07:34:47.137+0800: 133883.852: [GC [PSYoungGen: 1381648K->13584K(1381568K)] 2018973K->651109K(4177792K), 0.0266100 secs] [Times: user=0.04 sys=0.00, real=0.02 secs] 
2016-02-17T07:38:10.892+0800: 134087.606: [GC [PSYoungGen: 1378768K->14672K(1379904K)] 2016293K->652297K(4176128K), 0.0287260 secs] [Times: user=0.05 sys=0.00, real=0.03 secs] 
2016-02-17T07:41:04.706+0800: 134261.421: [GC [PSYoungGen: 1379856K->14784K(1381312K)] 2017481K->652549K(4177536K), 0.0280850 secs] [Times: user=0.04 sys=0.00, real=0.03 secs] 
2016-02-17T07:43:58.647+0800: 134435.362: [GC [PSYoungGen: 1379584K->13536K(1381440K)] 2017349K->651417K(4177664K), 0.0283460 secs] [Times: user=0.05 sys=0.00, real=0.03 secs] 
2016-02-17T07:46:51.859+0800: 134608.573: [GC [PSYoungGen: 1378336K->14832K(1381504K)] 2016217K->652825K(4177728K), 0.0291150 secs] [Times: user=0.05 sys=0.00, real=0.03 secs] 
2016-02-17T07:49:37.878+0800: 134774.593: [GC [PSYoungGen: 1379888K->13760K(1381568K)] 2017881K->651925K(4177792K), 0.0284870 secs] [Times: user=0.05 sys=0.00, real=0.03 secs] 
2016-02-17T07:52:05.781+0800: 134922.495: [GC [PSYoungGen: 1378816K->11904K(1381504K)] 2016981K->650177K(4177728K), 0.0280020 secs] [Times: user=0.03 sys=0.00, real=0.03 secs] 
2016-02-17T07:54:33.928+0800: 135070.643: [GC [PSYoungGen: 1377088K->13248K(1381632K)] 2015361K->651698K(4177856K), 0.0273900 secs] [Times: user=0.04 sys=0.00, real=0.03 secs] 
2016-02-17T07:57:07.888+0800: 135224.602: [GC [PSYoungGen: 1378432K->13088K(1381952K)] 2016882K->651686K(4178176K), 0.0273560 secs] [Times: user=0.05 sys=0.00, real=0.03 secs] 
2016-02-17T07:59:51.242+0800: 135387.956: [GC [PSYoungGen: 1378784K->15472K(1381184K)] 2017382K->654271K(4177408K), 0.0307130 secs] [Times: user=0.04 sys=0.00, real=0.04 secs] 
2016-02-17T08:02:16.991+0800: 135533.706: [GC [PSYoungGen: 1381168K->13664K(1381760K)] 2019967K->652643K(4177984K), 0.0294870 secs] [Times: user=0.04 sys=0.00, real=0.03 secs] 
2016-02-17T08:04:36.631+0800: 135673.345: [GC [PSYoungGen: 1378912K->14608K(1381568K)] 2017891K->653779K(4177792K), 0.0278410 secs] [Times: user=0.05 sys=0.00, real=0.03 secs] 
2016-02-17T08:06:58.374+0800: 135815.089: [GC [PSYoungGen: 1379856K->14481K(1381760K)] 2019027K->653816K(4177984K), 0.0273430 secs] [Times: user=0.04 sys=0.00, real=0.03 secs] 
2016-02-17T08:09:25.564+0800: 135962.278: [GC [PSYoungGen: 1379921K->16096K(1381568K)] 2019256K->655833K(4177792K), 0.0331520 secs] [Times: user=0.04 sys=0.00, real=0.04 secs] 
2016-02-17T08:11:39.962+0800: 136096.676: [GC [PSYoungGen: 1381536K->13888K(1381312K)] 2021273K->653817K(4177536K), 0.0248090 secs] [Times: user=0.04 sys=0.00, real=0.02 secs] 
2016-02-17T08:13:54.616+0800: 136231.330: [GC [PSYoungGen: 1378688K->14720K(1381440K)] 2018617K->654781K(4177664K), 0.0306000 secs] [Times: user=0.04 sys=0.00, real=0.03 secs] 
2016-02-17T08:16:05.167+0800: 136361.881: [GC [PSYoungGen: 1379520K->14480K(1381568K)] 2019581K->654681K(4177792K), 0.0301950 secs] [Times: user=0.04 sys=0.00, real=0.03 secs] 
2016-02-17T08:18:20.093+0800: 136496.808: [GC [PSYoungGen: 1379408K->14384K(1381440K)] 2019609K->654713K(4177664K), 0.0268560 secs] [Times: user=0.04 sys=0.00, real=0.02 secs] 
2016-02-17T08:20:12.033+0800: 136608.747: [GC [PSYoungGen: 1379312K->15216K(1381376K)] 2019641K->655662K(4177600K), 0.0290900 secs] [Times: user=0.05 sys=0.00, real=0.03 secs] 
2016-02-17T08:22:13.283+0800: 136729.997: [GC [PSYoungGen: 1380272K->13776K(1381568K)] 2020718K->654522K(4177792K), 0.0272580 secs] [Times: user=0.05 sys=0.00, real=0.03 secs] 
2016-02-17T08:24:32.218+0800: 136868.932: [GC [PSYoungGen: 1378832K->16097K(1380800K)] 2019578K->656964K(4177024K), 0.0343980 secs] [Times: user=0.05 sys=0.00, real=0.04 secs] 
2016-02-17T08:26:40.647+0800: 136997.362: [GC [PSYoungGen: 1380513K->14528K(1381248K)] 2021380K->655655K(4177472K), 0.0293450 secs] [Times: user=0.04 sys=0.01, real=0.03 secs] 
2016-02-17T08:28:43.960+0800: 137120.674: [GC [PSYoungGen: 1378944K->16624K(1379648K)] 2020071K->658561K(4175872K), 0.0368810 secs] [Times: user=0.05 sys=0.00, real=0.04 secs] 
2016-02-17T08:30:41.008+0800: 137237.722: [GC [PSYoungGen: 1379632K->16400K(1379456K)] 2021569K->658653K(4175680K), 0.0330260 secs] [Times: user=0.05 sys=0.01, real=0.04 secs] 
2016-02-17T08:32:33.517+0800: 137350.232: [GC [PSYoungGen: 1379408K->15360K(1380352K)] 2021661K->657909K(4176576K), 0.0318240 secs] [Times: user=0.04 sys=0.00, real=0.03 secs] 
2016-02-17T08:34:34.156+0800: 137470.870: [GC [PSYoungGen: 1377856K->15488K(1380224K)] 2020405K->658193K(4176448K), 0.0331780 secs] [Times: user=0.04 sys=0.00, real=0.03 secs] 
2016-02-17T08:36:29.699+0800: 137586.414: [GC [PSYoungGen: 1377984K->15232K(1380608K)] 2020689K->658093K(4176832K), 0.0324190 secs] [Times: user=0.04 sys=0.00, real=0.03 secs] 
2016-02-17T08:38:19.526+0800: 137696.241: [GC [PSYoungGen: 1378176K->16288K(1380416K)] 2021037K->659289K(4176640K), 0.0310140 secs] [Times: user=0.04 sys=0.00, real=0.03 secs] 
2016-02-17T08:40:10.055+0800: 137806.769: [GC [PSYoungGen: 1379232K->16336K(1380032K)] 2022233K->659570K(4176256K), 0.0322610 secs] [Times: user=0.05 sys=0.00, real=0.03 secs] 
2016-02-17T08:41:58.259+0800: 137914.973: [GC [PSYoungGen: 1378704K->15360K(1380224K)] 2021938K->658917K(4176448K), 0.0307440 secs] [Times: user=0.05 sys=0.00, real=0.03 secs] 
2016-02-17T08:43:54.129+0800: 138030.843: [GC [PSYoungGen: 1377728K->17552K(1379264K)] 2021285K->661465K(4175488K), 0.0338750 secs] [Times: user=0.05 sys=0.00, real=0.03 secs] 
2016-02-17T08:46:01.086+0800: 138157.800: [GC [PSYoungGen: 1379152K->15984K(1379840K)] 2023065K->660113K(4176064K), 0.0325090 secs] [Times: user=0.05 sys=0.00, real=0.03 secs] 
2016-02-17T08:47:49.305+0800: 138266.020: [GC [PSYoungGen: 1377584K->15296K(1380160K)] 2021713K->659545K(4176384K), 0.0322490 secs] [Times: user=0.05 sys=0.00, real=0.03 secs] 
2016-02-17T08:49:33.617+0800: 138370.332: [GC [PSYoungGen: 1377344K->16224K(1379968K)] 2021593K->660665K(4176192K), 0.0312320 secs] [Times: user=0.05 sys=0.00, real=0.03 secs] 
2016-02-17T08:51:24.867+0800: 138481.582: [GC [PSYoungGen: 1378272K->16336K(1380032K)] 2022713K->660978K(4176256K), 0.0330960 secs] [Times: user=0.05 sys=0.00, real=0.04 secs] 
2016-02-17T08:53:07.102+0800: 138583.816: [GC [PSYoungGen: 1378448K->16936K(1379072K)] 2023090K->661783K(4175296K), 0.0358420 secs] [Times: user=0.05 sys=0.00, real=0.04 secs] 
2016-02-17T08:54:40.725+0800: 138677.440: [GC [PSYoungGen: 1379048K->15920K(1380032K)] 2023895K->661169K(4176256K), 0.0321080 secs] [Times: user=0.05 sys=0.00, real=0.04 secs] 
2016-02-17T08:56:16.626+0800: 138773.340: [GC [PSYoungGen: 1377712K->15248K(1379840K)] 2022961K->660614K(4176064K), 0.0304970 secs] [Times: user=0.04 sys=0.00, real=0.03 secs] 
2016-02-17T08:58:00.994+0800: 138877.709: [GC [PSYoungGen: 1377040K->17568K(1379264K)] 2022406K->663178K(4175488K), 0.0361310 secs] [Times: user=0.06 sys=0.00, real=0.04 secs] 
2016-02-17T08:59:32.551+0800: 138969.265: [GC [PSYoungGen: 1378912K->18224K(1379584K)] 2024522K->664098K(4175808K), 0.0340340 secs] [Times: user=0.05 sys=0.00, real=0.03 secs] 
2016-02-17T09:01:00.467+0800: 139057.182: [GC [PSYoungGen: 1379568K->15536K(1378944K)] 2025442K->661650K(4175168K), 0.0353850 secs] [Times: user=0.05 sys=0.00, real=0.03 secs] 
2016-02-17T09:02:40.111+0800: 139156.825: [GC [PSYoungGen: 1375984K->16436K(1379264K)] 2022098K->662723K(4175488K), 0.0323320 secs] [Times: user=0.05 sys=0.00, real=0.03 secs] 
2016-02-17T09:04:06.237+0800: 139242.951: [GC [PSYoungGen: 1376884K->15280K(1379520K)] 2023171K->662003K(4175744K), 0.0307400 secs] [Times: user=0.05 sys=0.00, real=0.03 secs] 
2016-02-17T09:05:32.181+0800: 139328.895: [GC [PSYoungGen: 1376112K->13264K(1374144K)] 2022835K->660135K(4170368K), 0.0271980 secs] [Times: user=0.05 sys=0.00, real=0.03 secs] 
2016-02-17T09:07:10.066+0800: 139426.781: [GC [PSYoungGen: 1374096K->16880K(1379072K)] 2020967K->663988K(4175296K), 0.0315710 secs] [Times: user=0.05 sys=0.00, real=0.03 secs] 
2016-02-17T09:08:49.332+0800: 139526.047: [GC [PSYoungGen: 1377200K->18352K(1378688K)] 2024308K->665641K(4174912K), 0.0338730 secs] [Times: user=0.05 sys=0.00, real=0.04 secs] 
2016-02-17T09:10:21.155+0800: 139617.869: [GC [PSYoungGen: 1378672K->18832K(1377152K)] 2025961K->666398K(4173376K), 0.0347730 secs] [Times: user=0.05 sys=0.00, real=0.04 secs] 
2016-02-17T09:11:49.081+0800: 139705.795: [GC [PSYoungGen: 1376592K->17168K(1377920K)] 2024158K->664906K(4174144K), 0.0324630 secs] [Times: user=0.05 sys=0.00, real=0.04 secs] 
2016-02-17T09:13:19.582+0800: 139796.296: [GC [PSYoungGen: 1374928K->16656K(1378304K)] 2022666K->664667K(4174528K), 0.0331110 secs] [Times: user=0.05 sys=0.00, real=0.03 secs] 
2016-02-17T09:14:33.667+0800: 139870.381: [GC [PSYoungGen: 1374864K->16160K(1377984K)] 2022875K->664416K(4174208K), 0.0309990 secs] [Times: user=0.05 sys=0.01, real=0.03 secs] 
2016-02-17T09:15:54.871+0800: 139951.586: [GC [PSYoungGen: 1374368K->13824K(1378304K)] 2022624K->662465K(4174528K), 0.0284160 secs] [Times: user=0.04 sys=0.00, real=0.03 secs] 
2016-02-17T09:17:18.980+0800: 140035.695: [GC [PSYoungGen: 1372608K->17008K(1378432K)] 2021249K->665874K(4174656K), 0.0322400 secs] [Times: user=0.05 sys=0.00, real=0.04 secs] 
2016-02-17T09:18:40.674+0800: 140117.388: [GC [PSYoungGen: 1375792K->16096K(1378752K)] 2024658K->665326K(4174976K), 0.0313740 secs] [Times: user=0.05 sys=0.00, real=0.03 secs] 
2016-02-17T09:19:56.277+0800: 140192.991: [GC [PSYoungGen: 1375200K->15248K(1378432K)] 2024430K->664863K(4174656K), 0.0303590 secs] [Times: user=0.04 sys=0.01, real=0.03 secs] 
2016-02-17T09:21:17.195+0800: 140273.909: [GC [PSYoungGen: 1374352K->15553K(1379072K)] 2023967K->665468K(4175296K), 0.0317690 secs] [Times: user=0.06 sys=0.00, real=0.03 secs] 
2016-02-17T09:22:33.809+0800: 140350.523: [GC [PSYoungGen: 1375425K->17216K(1378880K)] 2025340K->667410K(4175104K), 0.0325610 secs] [Times: user=0.05 sys=0.00, real=0.03 secs] 
2016-02-17T09:23:49.780+0800: 140426.494: [GC [PSYoungGen: 1377088K->15936K(1379200K)] 2027282K->666366K(4175424K), 0.0324750 secs] [Times: user=0.04 sys=0.00, real=0.03 secs] 
2016-02-17T09:25:01.639+0800: 140498.354: [GC [PSYoungGen: 1376000K->15696K(1378944K)] 2026430K->666265K(4175168K), 0.0346510 secs] [Times: user=0.04 sys=0.00, real=0.04 secs] 
2016-02-17T09:26:08.879+0800: 140565.593: [GC [PSYoungGen: 1375760K->14328K(1379264K)] 2026329K->665074K(4175488K), 0.0267660 secs] [Times: user=0.04 sys=0.00, real=0.03 secs] 
2016-02-17T09:27:31.276+0800: 140647.990: [GC [PSYoungGen: 1374904K->16416K(1379328K)] 2025650K->667470K(4175552K), 0.0317020 secs] [Times: user=0.04 sys=0.01, real=0.04 secs] 
2016-02-17T09:28:50.363+0800: 140727.077: [GC [PSYoungGen: 1376992K->16438K(1379520K)] 2028046K->667616K(4175744K), 0.0311530 secs] [Times: user=0.05 sys=0.00, real=0.03 secs] 
2016-02-17T09:29:59.611+0800: 140796.326: [GC [PSYoungGen: 1377334K->16512K(1379456K)] 2028512K->667986K(4175680K), 0.0325770 secs] [Times: user=0.05 sys=0.00, real=0.04 secs] 
2016-02-17T09:31:02.169+0800: 140858.883: [GC [PSYoungGen: 1377408K->15232K(1379712K)] 2028882K->666895K(4175936K), 0.0297780 secs] [Times: user=0.04 sys=0.00, real=0.03 secs] 
2016-02-17T09:32:24.415+0800: 140941.130: [GC [PSYoungGen: 1376448K->18358K(1379584K)] 2028111K->670982K(4175808K), 0.0357390 secs] [Times: user=0.06 sys=0.00, real=0.04 secs] 
2016-02-17T09:33:37.685+0800: 141014.399: [GC [PSYoungGen: 1379574K->16800K(1378048K)] 2032198K->669661K(4174272K), 0.0336430 secs] [Times: user=0.05 sys=0.00, real=0.03 secs] 
2016-02-17T09:34:50.575+0800: 141087.289: [GC [PSYoungGen: 1376352K->16784K(1378816K)] 2029213K->669847K(4175040K), 0.0389680 secs] [Times: user=0.05 sys=0.00, real=0.04 secs] 
2016-02-17T09:36:02.035+0800: 141158.749: [GC [PSYoungGen: 1376336K->15296K(1379072K)] 2029399K->668467K(4175296K), 0.0315850 secs] [Times: user=0.05 sys=0.00, real=0.03 secs] 
2016-02-17T09:37:24.472+0800: 141241.187: [GC [PSYoungGen: 1375232K->18992K(1378944K)] 2028403K->672623K(4175168K), 0.0417550 secs] [Times: user=0.07 sys=0.00, real=0.04 secs] 
2016-02-17T09:38:39.586+0800: 141316.300: [GC [PSYoungGen: 1378928K->15152K(1377536K)] 2032559K->669227K(4173760K), 0.0301480 secs] [Times: user=0.04 sys=0.00, real=0.03 secs] 
2016-02-17T09:39:50.477+0800: 141387.191: [GC [PSYoungGen: 1373552K->17728K(1376192K)] 2027627K->671975K(4172416K), 0.0356760 secs] [Times: user=0.05 sys=0.00, real=0.04 secs] 
2016-02-17T09:41:12.845+0800: 141469.560: [GC [PSYoungGen: 1376128K->18256K(1377472K)] 2030375K->672623K(4173696K), 0.0341680 secs] [Times: user=0.05 sys=0.00, real=0.03 secs] 
2016-02-17T09:42:22.321+0800: 141539.036: [GC [PSYoungGen: 1375760K->18432K(1376000K)] 2030127K->673167K(4172224K), 0.0331710 secs] [Times: user=0.05 sys=0.00, real=0.03 secs] 
2016-02-17T09:43:37.251+0800: 141613.965: [GC [PSYoungGen: 1375936K->16800K(1377856K)] 2030671K->671867K(4174080K), 0.0315860 secs] [Times: user=0.05 sys=0.00, real=0.03 secs] 
2016-02-17T09:44:48.464+0800: 141685.178: [GC [PSYoungGen: 1374112K->17792K(1377536K)] 2029179K->672955K(4173760K), 0.0359560 secs] [Times: user=0.05 sys=0.00, real=0.03 secs] 
2016-02-17T09:45:59.179+0800: 141755.894: [GC [PSYoungGen: 1375104K->16208K(1378048K)] 2030267K->671471K(4174272K), 0.0294690 secs] [Times: user=0.05 sys=0.00, real=0.03 secs] 
2016-02-17T09:47:12.574+0800: 141829.288: [GC [PSYoungGen: 1374032K->16272K(1377856K)] 2029295K->671780K(4174080K), 0.0368130 secs] [Times: user=0.05 sys=0.00, real=0.03 secs] 
2016-02-17T09:48:19.945+0800: 141896.659: [GC [PSYoungGen: 1374096K->16000K(1378432K)] 2029604K->671740K(4174656K), 0.0313490 secs] [Times: user=0.04 sys=0.00, real=0.04 secs] 
2016-02-17T09:49:32.388+0800: 141969.103: [GC [PSYoungGen: 1374592K->18992K(1377600K)] 2030332K->674996K(4173824K), 0.0378190 secs] [Times: user=0.05 sys=0.00, real=0.04 secs] 
2016-02-17T09:50:40.846+0800: 142037.561: [GC [PSYoungGen: 1377584K->14592K(1377728K)] 2033588K->670749K(4173952K), 0.0284430 secs] [Times: user=0.04 sys=0.00, real=0.03 secs] 
2016-02-17T09:51:50.125+0800: 142106.840: [GC [PSYoungGen: 1372096K->16336K(1377792K)] 2028253K->672657K(4174016K), 0.0340550 secs] [Times: user=0.04 sys=0.00, real=0.03 secs] 
2016-02-17T09:53:05.930+0800: 142182.645: [GC [PSYoungGen: 1373840K->19569K(1376640K)] 2030161K->676030K(4172864K), 0.0354960 secs] [Times: user=0.05 sys=0.01, real=0.03 secs] 
2016-02-17T09:54:22.049+0800: 142258.764: [GC [PSYoungGen: 1376177K->17088K(1377344K)] 2032638K->674457K(4173568K), 0.0378300 secs] [Times: user=0.06 sys=0.00, real=0.04 secs] 
2016-02-17T09:55:29.345+0800: 142326.059: [GC [PSYoungGen: 1373696K->14720K(1377536K)] 2031065K->672334K(4173760K), 0.0302460 secs] [Times: user=0.04 sys=0.01, real=0.03 secs] 
2016-02-17T09:56:36.306+0800: 142393.021: [GC [PSYoungGen: 1371840K->16128K(1377600K)] 2029454K->674038K(4173824K), 0.0313160 secs] [Times: user=0.05 sys=0.00, real=0.03 secs] 
2016-02-17T09:57:49.821+0800: 142466.536: [GC [PSYoungGen: 1373248K->18812K(1377088K)] 2031158K->676919K(4173312K), 0.0367070 secs] [Times: user=0.05 sys=0.00, real=0.03 secs] 
2016-02-17T09:59:02.771+0800: 142539.485: [GC [PSYoungGen: 1375676K->17968K(1374848K)] 2033783K->676346K(4171072K), 0.0328260 secs] [Times: user=0.05 sys=0.00, real=0.03 secs] 
2016-02-17T10:00:08.629+0800: 142605.343: [GC [PSYoungGen: 1374832K->16022K(1377600K)] 2033210K->674665K(4173824K), 0.0345370 secs] [Times: user=0.06 sys=0.00, real=0.03 secs] 
2016-02-17T10:01:12.347+0800: 142669.061: [GC [PSYoungGen: 1372950K->16736K(1377408K)] 2031593K->675615K(4173632K), 0.0316420 secs] [Times: user=0.05 sys=0.00, real=0.03 secs] 
2016-02-17T10:02:18.536+0800: 142735.250: [GC [PSYoungGen: 1373664K->15952K(1378112K)] 2032543K->675223K(4174336K), 0.0313930 secs] [Times: user=0.05 sys=0.00, real=0.03 secs] 
2016-02-17T10:03:30.854+0800: 142807.568: [GC [PSYoungGen: 1373904K->17264K(1377920K)] 2033175K->676828K(4174144K), 0.0339110 secs] [Times: user=0.05 sys=0.00, real=0.03 secs] 
2016-02-17T10:04:32.159+0800: 142868.874: [GC [PSYoungGen: 1375216K->16896K(1378496K)] 2034780K->676613K(4174720K), 0.0332520 secs] [Times: user=0.05 sys=0.00, real=0.03 secs] 
2016-02-17T10:05:36.911+0800: 142933.626: [GC [PSYoungGen: 1375552K->16480K(1378240K)] 2035269K->676450K(4174464K), 0.0306170 secs] [Times: user=0.05 sys=0.00, real=0.04 secs] 
2016-02-17T10:06:51.954+0800: 143008.668: [GC [PSYoungGen: 1375136K->17264K(1378816K)] 2035106K->677402K(4175040K), 0.0343750 secs] [Times: user=0.05 sys=0.00, real=0.04 secs] 
2016-02-17T10:07:57.833+0800: 143074.548: [GC [PSYoungGen: 1376688K->15744K(1378688K)] 2036826K->676155K(4174912K), 0.0318260 secs] [Times: user=0.05 sys=0.00, real=0.03 secs] 
2016-02-17T10:09:01.913+0800: 143138.627: [GC [PSYoungGen: 1375168K->15600K(1378880K)] 2035579K->676304K(4175104K), 0.0333130 secs] [Times: user=0.05 sys=0.00, real=0.03 secs] 
2016-02-17T10:10:14.558+0800: 143211.273: [GC [PSYoungGen: 1375280K->15824K(1378880K)] 2035984K->676680K(4175104K), 0.0342480 secs] [Times: user=0.05 sys=0.00, real=0.03 secs] 
2016-02-17T10:11:27.550+0800: 143284.265: [GC [PSYoungGen: 1375504K->16848K(1379136K)] 2036360K->677925K(4175360K), 0.0320760 secs] [Times: user=0.05 sys=0.00, real=0.03 secs] 
2016-02-17T10:12:31.464+0800: 143348.178: [GC [PSYoungGen: 1376912K->17216K(1379008K)] 2037989K->678550K(4175232K), 0.0321200 secs] [Times: user=0.05 sys=0.00, real=0.03 secs] 
2016-02-17T10:13:38.183+0800: 143414.897: [GC [PSYoungGen: 1377280K->17030K(1379264K)] 2038614K->678633K(4175488K), 0.0331510 secs] [Times: user=0.04 sys=0.01, real=0.03 secs] 
2016-02-17T10:14:44.492+0800: 143481.206: [GC [PSYoungGen: 1377350K->17168K(1379136K)] 2038953K->678878K(4175360K), 0.0344710 secs] [Times: user=0.04 sys=0.00, real=0.03 secs] 
2016-02-17T10:15:47.550+0800: 143544.265: [GC [PSYoungGen: 1377488K->17568K(1379008K)] 2039198K->679382K(4175232K), 0.0328270 secs] [Times: user=0.05 sys=0.00, real=0.03 secs] 
2016-02-17T10:16:41.925+0800: 143598.639: [GC [PSYoungGen: 1377760K->15936K(1379136K)] 2039574K->678043K(4175360K), 0.0376820 secs] [Times: user=0.04 sys=0.00, real=0.04 secs] 
2016-02-17T10:17:51.506+0800: 143668.220: [GC [PSYoungGen: 1376128K->18608K(1378304K)] 2038235K->680811K(4174528K), 0.0339750 secs] [Times: user=0.06 sys=0.00, real=0.03 secs] 
2016-02-17T10:18:59.067+0800: 143735.782: [GC [PSYoungGen: 1378032K->15520K(1378752K)] 2040235K->678107K(4174976K), 0.0328840 secs] [Times: user=0.05 sys=0.00, real=0.04 secs] 
2016-02-17T10:20:03.555+0800: 143800.270: [GC [PSYoungGen: 1374944K->17792K(1378496K)] 2037531K->680647K(4174720K), 0.0336030 secs] [Times: user=0.05 sys=0.00, real=0.04 secs] 
2016-02-17T10:21:07.909+0800: 143864.624: [GC [PSYoungGen: 1376960K->16928K(1378624K)] 2039815K->679955K(4174848K), 0.0339910 secs] [Times: user=0.05 sys=0.00, real=0.03 secs] 
2016-02-17T10:22:11.881+0800: 143928.596: [GC [PSYoungGen: 1376096K->19173K(1376832K)] 2039123K->683306K(4173056K), 0.0362100 secs] [Times: user=0.06 sys=0.00, real=0.03 secs] 
2016-02-17T10:23:09.241+0800: 143985.956: [GC [PSYoungGen: 1376805K->15856K(1377856K)] 2040938K->680261K(4174080K), 0.0315910 secs] [Times: user=0.05 sys=0.00, real=0.03 secs] 
2016-02-17T10:24:13.133+0800: 144049.848: [GC [PSYoungGen: 1373488K->17520K(1378048K)] 2037893K->682313K(4174272K), 0.0375160 secs] [Times: user=0.05 sys=0.00, real=0.03 secs] 
2016-02-17T10:25:14.253+0800: 144110.968: [GC [PSYoungGen: 1375408K->15424K(1377920K)] 2040201K->680398K(4174144K), 0.0301570 secs] [Times: user=0.04 sys=0.00, real=0.03 secs] 
2016-02-17T10:26:18.595+0800: 144175.309: [GC [PSYoungGen: 1373312K->15936K(1378176K)] 2038286K->681058K(4174400K), 0.0323840 secs] [Times: user=0.05 sys=0.00, real=0.03 secs] 
2016-02-17T10:27:17.403+0800: 144234.118: [GC [PSYoungGen: 1374080K->15632K(1378048K)] 2039202K->680962K(4174272K), 0.0301400 secs] [Times: user=0.04 sys=0.00, real=0.03 secs] 
2016-02-17T10:28:18.862+0800: 144295.577: [GC [PSYoungGen: 1373776K->16912K(1378496K)] 2039106K->682515K(4174720K), 0.0347530 secs] [Times: user=0.05 sys=0.00, real=0.04 secs] 
2016-02-17T10:29:27.024+0800: 144363.738: [GC [PSYoungGen: 1375568K->16592K(1378240K)] 2041171K->682530K(4174464K), 0.0309430 secs] [Times: user=0.04 sys=0.00, real=0.04 secs] 
2016-02-17T10:30:29.016+0800: 144425.730: [GC [PSYoungGen: 1375248K->17504K(1378752K)] 2041186K->683668K(4174976K), 0.0325840 secs] [Times: user=0.04 sys=0.00, real=0.04 secs] 
2016-02-17T10:31:29.807+0800: 144486.521: [GC [PSYoungGen: 1376928K->16336K(1378752K)] 2043092K->682752K(4174976K), 0.0325030 secs] [Times: user=0.05 sys=0.00, real=0.03 secs] 
2016-02-17T10:32:34.365+0800: 144551.079: [GC [PSYoungGen: 1375760K->17712K(1378752K)] 2042176K->684392K(4174976K), 0.0329640 secs] [Times: user=0.05 sys=0.00, real=0.03 secs] 
2016-02-17T10:33:34.262+0800: 144610.977: [GC [PSYoungGen: 1377264K->15956K(1378816K)] 2043944K->682805K(4175040K), 0.0327660 secs] [Times: user=0.05 sys=0.00, real=0.03 secs] 
2016-02-17T10:34:35.396+0800: 144672.110: [GC [PSYoungGen: 1375508K->16368K(1379072K)] 2042357K->683475K(4175296K), 0.0308390 secs] [Times: user=0.04 sys=0.00, real=0.03 secs] 
2016-02-17T10:35:39.715+0800: 144736.429: [GC [PSYoungGen: 1376240K->16704K(1378880K)] 2043347K->684132K(4175104K), 0.0321870 secs] [Times: user=0.06 sys=0.00, real=0.03 secs] 
2016-02-17T10:36:43.779+0800: 144800.493: [GC [PSYoungGen: 1376576K->16688K(1379456K)] 2044004K->684304K(4175680K), 0.0316000 secs] [Times: user=0.05 sys=0.00, real=0.03 secs] 
2016-02-17T10:37:39.691+0800: 144856.405: [GC [PSYoungGen: 1377328K->16720K(1379264K)] 2044944K->684604K(4175488K), 0.0315460 secs] [Times: user=0.05 sys=0.00, real=0.04 secs] 
2016-02-17T10:38:36.005+0800: 144912.719: [GC [PSYoungGen: 1377360K->14112K(1379136K)] 2045244K->682268K(4175360K), 0.0287890 secs] [Times: user=0.04 sys=0.00, real=0.03 secs] 
2016-02-17T10:39:37.492+0800: 144974.207: [GC [PSYoungGen: 1374816K->17680K(1378432K)] 2042972K->685965K(4174656K), 0.0328950 secs] [Times: user=0.05 sys=0.00, real=0.04 secs] 
2016-02-17T10:40:32.199+0800: 145028.914: [GC [PSYoungGen: 1378384K->18928K(1377600K)] 2046669K->687669K(4173824K), 0.0358880 secs] [Times: user=0.06 sys=0.00, real=0.04 secs] 
2016-02-17T10:41:30.666+0800: 145087.380: [GC [PSYoungGen: 1377584K->16384K(1378368K)] 2046325K->685253K(4174592K), 0.0351280 secs] [Times: user=0.05 sys=0.00, real=0.04 secs] 
2016-02-17T10:42:27.758+0800: 145144.472: [GC [PSYoungGen: 1375040K->14592K(1378304K)] 2043909K->683754K(4174528K), 0.0292660 secs] [Times: user=0.05 sys=0.00, real=0.03 secs] 
2016-02-17T10:43:26.780+0800: 145203.494: [GC [PSYoungGen: 1373376K->17382K(1378432K)] 2042538K->686841K(4174656K), 0.0331600 secs] [Times: user=0.05 sys=0.00, real=0.03 secs] 
2016-02-17T10:44:15.689+0800: 145252.404: [GC [PSYoungGen: 1376166K->14432K(1378304K)] 2045625K->684215K(4174528K), 0.0320840 secs] [Times: user=0.04 sys=0.00, real=0.03 secs] 
2016-02-17T10:45:17.063+0800: 145313.778: [GC [PSYoungGen: 1373088K->16944K(1378368K)] 2042871K->686899K(4174592K), 0.0320850 secs] [Times: user=0.05 sys=0.00, real=0.04 secs] 
2016-02-17T10:46:15.350+0800: 145372.065: [GC [PSYoungGen: 1375600K->18544K(1377600K)] 2045555K->688812K(4173824K), 0.0344800 secs] [Times: user=0.05 sys=0.00, real=0.03 secs] 
2016-02-17T10:47:16.124+0800: 145432.838: [GC [PSYoungGen: 1376560K->17024K(1378048K)] 2046828K->687548K(4174272K), 0.0340290 secs] [Times: user=0.04 sys=0.01, real=0.03 secs] 
2016-02-17T10:48:10.132+0800: 145486.847: [GC [PSYoungGen: 1375040K->15056K(1378304K)] 2045564K->685707K(4174528K), 0.0295130 secs] [Times: user=0.05 sys=0.00, real=0.02 secs] 
2016-02-17T10:49:12.619+0800: 145549.334: [GC [PSYoungGen: 1373520K->17616K(1378240K)] 2044171K->688476K(4174464K), 0.0338830 secs] [Times: user=0.05 sys=0.00, real=0.04 secs] 
2016-02-17T10:50:16.524+0800: 145613.239: [GC [PSYoungGen: 1376080K->16944K(1378432K)] 2046940K->688105K(4174656K), 0.0351300 secs] [Times: user=0.05 sys=0.00, real=0.03 secs] 
2016-02-17T10:51:18.822+0800: 145675.537: [GC [PSYoungGen: 1375536K->17424K(1378240K)] 2046697K->688846K(4174464K), 0.0346520 secs] [Times: user=0.05 sys=0.00, real=0.03 secs] 
2016-02-17T10:52:26.647+0800: 145743.362: [GC [PSYoungGen: 1376016K->16032K(1378624K)] 2047438K->687798K(4174848K), 0.0298590 secs] [Times: user=0.05 sys=0.00, real=0.03 secs] 
2016-02-17T10:53:26.799+0800: 145803.513: [GC [PSYoungGen: 1375008K->16234K(1378432K)] 2046774K->688173K(4174656K), 0.0334880 secs] [Times: user=0.05 sys=0.00, real=0.04 secs] 
2016-02-17T10:54:31.840+0800: 145868.554: [GC [PSYoungGen: 1375210K->16950K(1378944K)] 2047149K->689086K(4175168K), 0.0335440 secs] [Times: user=0.05 sys=0.00, real=0.04 secs] 
2016-02-17T10:55:28.104+0800: 145924.818: [GC [PSYoungGen: 1376630K->14928K(1378816K)] 2048766K->687398K(4175040K), 0.0318980 secs] [Times: user=0.04 sys=0.00, real=0.03 secs] 
2016-02-17T10:56:22.833+0800: 145979.547: [GC [PSYoungGen: 1374608K->16753K(1379072K)] 2047078K->689435K(4175296K), 0.0333920 secs] [Times: user=0.05 sys=0.00, real=0.03 secs] 
2016-02-17T10:57:19.795+0800: 146036.509: [GC [PSYoungGen: 1376625K->15456K(1378880K)] 2049307K->688496K(4175104K), 0.0297670 secs] [Times: user=0.04 sys=0.00, real=0.03 secs] 
2016-02-17T10:58:19.248+0800: 146095.962: [GC [PSYoungGen: 1375328K->18640K(1377984K)] 2048368K->691989K(4174208K), 0.0337980 secs] [Times: user=0.05 sys=0.00, real=0.03 secs] 
2016-02-17T10:59:20.236+0800: 146156.951: [GC [PSYoungGen: 1377680K->18928K(1377984K)] 2051029K->692466K(4174208K), 0.0383330 secs] [Times: user=0.05 sys=0.00, real=0.04 secs] 
2016-02-17T11:00:19.611+0800: 146216.325: [GC [PSYoungGen: 1377968K->15536K(1378112K)] 2051506K->689264K(4174336K), 0.0312100 secs] [Times: user=0.05 sys=0.00, real=0.03 secs] 
2016-02-17T11:01:19.625+0800: 146276.339: [GC [PSYoungGen: 1373552K->17488K(1377984K)] 2047280K->691316K(4174208K), 0.0327800 secs] [Times: user=0.04 sys=0.01, real=0.03 secs] 
2016-02-17T11:02:14.565+0800: 146331.279: [GC [PSYoungGen: 1375504K->18672K(1377344K)] 2049332K->692912K(4173568K), 0.0349910 secs] [Times: user=0.06 sys=0.00, real=0.04 secs] 
2016-02-17T11:03:09.439+0800: 146386.153: [GC [PSYoungGen: 1376048K->17520K(1377728K)] 2050288K->692100K(4173952K), 0.0340480 secs] [Times: user=0.05 sys=0.00, real=0.03 secs] 
2016-02-17T11:04:09.227+0800: 146445.942: [GC [PSYoungGen: 1374896K->15744K(1377984K)] 2049476K->690668K(4174208K), 0.0302120 secs] [Times: user=0.05 sys=0.00, real=0.03 secs] 
2016-02-17T11:05:07.043+0800: 146503.757: [GC [PSYoungGen: 1373568K->16496K(1377920K)] 2048492K->691532K(4174144K), 0.0329910 secs] [Times: user=0.05 sys=0.00, real=0.03 secs] 
2016-02-17T11:06:03.674+0800: 146560.388: [GC [PSYoungGen: 1374320K->18992K(1377216K)] 2049356K->694257K(4173440K), 0.0357990 secs] [Times: user=0.05 sys=0.00, real=0.04 secs] 
2016-02-17T11:07:07.277+0800: 146623.991: [GC [PSYoungGen: 1376368K->16160K(1377728K)] 2051633K->691869K(4173952K), 0.0323710 secs] [Times: user=0.05 sys=0.01, real=0.03 secs] 
2016-02-17T11:08:05.252+0800: 146681.967: [GC [PSYoungGen: 1373536K->16224K(1378112K)] 2049245K->692117K(4174336K), 0.0312410 secs] [Times: user=0.05 sys=0.00, real=0.03 secs] 
2016-02-17T11:09:11.753+0800: 146748.467: [GC [PSYoungGen: 1374176K->19520K(1377536K)] 2050069K->695546K(4173760K), 0.0369160 secs] [Times: user=0.05 sys=0.00, real=0.03 secs] 
2016-02-17T11:10:11.559+0800: 146808.274: [GC [PSYoungGen: 1377472K->16320K(1377600K)] 2053498K->692634K(4173824K), 0.0320810 secs] [Times: user=0.04 sys=0.00, real=0.04 secs] 
2016-02-17T11:11:06.644+0800: 146863.358: [GC [PSYoungGen: 1373376K->15488K(1377536K)] 2049690K->691930K(4173760K), 0.0300040 secs] [Times: user=0.05 sys=0.00, real=0.03 secs] 
2016-02-17T11:12:05.389+0800: 146922.103: [GC [PSYoungGen: 1372544K->16208K(1377920K)] 2048986K->692875K(4174144K), 0.0332070 secs] [Times: user=0.04 sys=0.00, real=0.03 secs] 
2016-02-17T11:12:59.396+0800: 146976.110: [GC [PSYoungGen: 1373712K->14498K(1377664K)] 2050379K->691407K(4173888K), 0.0350180 secs] [Times: user=0.05 sys=0.00, real=0.04 secs] 
2016-02-17T11:13:51.809+0800: 147028.523: [GC [PSYoungGen: 1372002K->15440K(1377984K)] 2048911K->692637K(4174208K), 0.0312260 secs] [Times: user=0.05 sys=0.00, real=0.03 secs] 
2016-02-17T11:14:50.282+0800: 147086.996: [GC [PSYoungGen: 1373200K->17392K(1377856K)] 2050397K->694794K(4174080K), 0.0332730 secs] [Times: user=0.05 sys=0.00, real=0.04 secs] 
2016-02-17T11:15:48.764+0800: 147145.478: [GC [PSYoungGen: 1375152K->16752K(1378304K)] 2052554K->694434K(4174528K), 0.0318580 secs] [Times: user=0.05 sys=0.00, real=0.03 secs] 
2016-02-17T11:16:39.242+0800: 147195.956: [GC [PSYoungGen: 1374960K->14240K(1377984K)] 2052642K->692122K(4174208K), 0.0305170 secs] [Times: user=0.05 sys=0.00, real=0.03 secs] 
2016-02-17T11:17:39.516+0800: 147256.231: [GC [PSYoungGen: 1372448K->19817K(1374016K)] 2050330K->700885K(4170240K), 0.0435590 secs] [Times: user=0.07 sys=0.00, real=0.05 secs] 
2016-02-17T11:18:36.849+0800: 147313.563: [GC [PSYoungGen: 1373993K->15889K(1376128K)] 2055061K->697205K(4172352K), 0.0322570 secs] [Times: user=0.05 sys=0.00, real=0.03 secs] 
2016-02-17T11:19:38.281+0800: 147374.995: [GC [PSYoungGen: 1370065K->17408K(1376704K)] 2051381K->699160K(4172928K), 0.0345640 secs] [Times: user=0.05 sys=0.00, real=0.03 secs] 
2016-02-17T11:20:29.883+0800: 147426.597: [GC [PSYoungGen: 1372416K->13824K(1376384K)] 2054168K->696048K(4172608K), 0.0268230 secs] [Times: user=0.04 sys=0.01, real=0.02 secs] 
2016-02-17T11:21:22.644+0800: 147479.359: [GC [PSYoungGen: 1368832K->16871K(1377024K)] 2051056K->699381K(4173248K), 0.0332540 secs] [Times: user=0.04 sys=0.00, real=0.04 secs] 
2016-02-17T11:22:24.373+0800: 147541.087: [GC [PSYoungGen: 1372391K->17360K(1376576K)] 2054901K->700074K(4172800K), 0.0329720 secs] [Times: user=0.04 sys=0.01, real=0.03 secs] 
2016-02-17T11:23:27.840+0800: 147604.555: [GC [PSYoungGen: 1372880K->16752K(1377600K)] 2055594K->699694K(4173824K), 0.0328420 secs] [Times: user=0.05 sys=0.00, real=0.03 secs] 
2016-02-17T11:24:27.713+0800: 147664.428: [GC [PSYoungGen: 1373424K->19360K(1376064K)] 2056366K->702698K(4172288K), 0.0365450 secs] [Times: user=0.05 sys=0.00, real=0.04 secs] 
2016-02-17T11:25:27.135+0800: 147723.849: [GC [PSYoungGen: 1376032K->15296K(1377088K)] 2059370K->698883K(4173312K), 0.0323960 secs] [Times: user=0.05 sys=0.00, real=0.03 secs] 
2016-02-17T11:26:27.365+0800: 147784.080: [GC [PSYoungGen: 1371328K->18384K(1374464K)] 2054915K->702219K(4170688K), 0.0364350 secs] [Times: user=0.05 sys=0.00, real=0.04 secs] 
2016-02-17T11:27:24.821+0800: 147841.535: [GC [PSYoungGen: 1374416K->15504K(1377088K)] 2058251K->699499K(4173312K), 0.0321800 secs] [Times: user=0.04 sys=0.00, real=0.03 secs] 
2016-02-17T11:28:30.939+0800: 147907.653: [GC [PSYoungGen: 1371472K->19200K(1375232K)] 2055467K->703423K(4171456K), 0.0362200 secs] [Times: user=0.05 sys=0.00, real=0.04 secs] 
2016-02-17T11:29:36.868+0800: 147973.583: [GC [PSYoungGen: 1375168K->18242K(1376640K)] 2059391K->702718K(4172864K), 0.0326890 secs] [Times: user=0.05 sys=0.00, real=0.03 secs] 
2016-02-17T11:30:38.568+0800: 148035.283: [GC [PSYoungGen: 1373442K->16848K(1376640K)] 2057918K->701576K(4172864K), 0.0342620 secs] [Times: user=0.05 sys=0.00, real=0.03 secs] 
2016-02-17T11:31:44.777+0800: 148101.491: [GC [PSYoungGen: 1372048K->17952K(1377088K)] 2056776K->702937K(4173312K), 0.0366030 secs] [Times: user=0.05 sys=0.00, real=0.04 secs] 
2016-02-17T11:32:43.571+0800: 148160.285: [GC [PSYoungGen: 1373984K->18624K(1374656K)] 2058969K->703868K(4170880K), 0.0358610 secs] [Times: user=0.05 sys=0.00, real=0.04 secs] 
2016-02-17T11:33:36.277+0800: 148212.992: [GC [PSYoungGen: 1374656K->17280K(1377344K)] 2059900K->702685K(4173568K), 0.0325710 secs] [Times: user=0.04 sys=0.01, real=0.03 secs] 
2016-02-17T11:34:35.844+0800: 148272.558: [GC [PSYoungGen: 1373504K->17472K(1376960K)] 2058909K->702981K(4173184K), 0.0334260 secs] [Times: user=0.04 sys=0.00, real=0.04 secs] 
2016-02-17T11:35:39.938+0800: 148336.652: [GC [PSYoungGen: 1373696K->16385K(1377728K)] 2059205K->702161K(4173952K), 0.0308990 secs] [Times: user=0.04 sys=0.00, real=0.03 secs] 
2016-02-17T11:36:43.393+0800: 148400.107: [GC [PSYoungGen: 1373633K->15718K(1377600K)] 2059409K->701844K(4173824K), 0.0354560 secs] [Times: user=0.04 sys=0.00, real=0.04 secs] 
2016-02-17T11:37:49.101+0800: 148465.815: [GC [PSYoungGen: 1372966K->16052K(1377920K)] 2059092K->702583K(4174144K), 0.0308420 secs] [Times: user=0.04 sys=0.00, real=0.03 secs] 
2016-02-17T11:38:42.903+0800: 148519.618: [GC [PSYoungGen: 1373684K->17168K(1377792K)] 2060215K->703958K(4174016K), 0.0366940 secs] [Times: user=0.06 sys=0.00, real=0.04 secs] 
2016-02-17T11:39:42.860+0800: 148579.575: [GC [PSYoungGen: 1374800K->15824K(1378240K)] 2061590K->702986K(4174464K), 0.0331320 secs] [Times: user=0.05 sys=0.00, real=0.03 secs] 
2016-02-17T11:40:41.070+0800: 148637.785: [GC [PSYoungGen: 1374160K->14288K(1372672K)] 2061322K->701655K(4168896K), 0.0296410 secs] [Times: user=0.04 sys=0.00, real=0.03 secs] 
2016-02-17T11:41:42.183+0800: 148698.897: [GC [PSYoungGen: 1372624K->17504K(1378112K)] 2059991K->705091K(4174336K), 0.0350660 secs] [Times: user=0.05 sys=0.00, real=0.03 secs] 
2016-02-17T11:42:40.229+0800: 148756.944: [GC [PSYoungGen: 1375648K->16560K(1378112K)] 2063235K->704255K(4174336K), 0.0322000 secs] [Times: user=0.05 sys=0.00, real=0.03 secs] 
2016-02-17T11:43:32.404+0800: 148809.119: [GC [PSYoungGen: 1374704K->14864K(1378368K)] 2062399K->702691K(4174592K), 0.0323290 secs] [Times: user=0.05 sys=0.00, real=0.03 secs] 
2016-02-17T11:44:32.047+0800: 148868.761: [GC [PSYoungGen: 1373520K->16000K(1378368K)] 2061347K->704172K(4174592K), 0.0323960 secs] [Times: user=0.04 sys=0.00, real=0.03 secs] 
2016-02-17T11:45:28.155+0800: 148924.869: [GC [PSYoungGen: 1374656K->16256K(1378880K)] 2062828K->704596K(4175104K), 0.0300830 secs] [Times: user=0.05 sys=0.00, real=0.03 secs] 
2016-02-17T11:46:23.245+0800: 148979.959: [GC [PSYoungGen: 1375680K->14848K(1378624K)] 2064020K->703425K(4174848K), 0.0322270 secs] [Times: user=0.06 sys=0.00, real=0.03 secs] 
2016-02-17T11:47:14.214+0800: 149030.928: [GC [PSYoungGen: 1374272K->15424K(1379008K)] 2062849K->704161K(4175232K), 0.0319880 secs] [Times: user=0.04 sys=0.00, real=0.03 secs] 
2016-02-17T11:48:08.451+0800: 149085.166: [GC [PSYoungGen: 1375232K->16336K(1378880K)] 2063969K->705186K(4175104K), 0.0316090 secs] [Times: user=0.05 sys=0.00, real=0.03 secs] 
2016-02-17T11:49:05.565+0800: 149142.279: [GC [PSYoungGen: 1376144K->17280K(1379008K)] 2064994K->706282K(4175232K), 0.0367620 secs] [Times: user=0.05 sys=0.00, real=0.03 secs] 
2016-02-17T11:50:02.378+0800: 149199.092: [GC [PSYoungGen: 1377472K->15472K(1379136K)] 2066474K->704886K(4175360K), 0.0289430 secs] [Times: user=0.05 sys=0.00, real=0.03 secs] 
2016-02-17T11:50:59.309+0800: 149256.024: [GC [PSYoungGen: 1375664K->16202K(1379456K)] 2065078K->705816K(4175680K), 0.0337290 secs] [Times: user=0.05 sys=0.00, real=0.03 secs] 
2016-02-17T11:51:55.577+0800: 149312.291: [GC [PSYoungGen: 1376778K->18030K(1378624K)] 2066392K->708615K(4174848K), 0.0360650 secs] [Times: user=0.06 sys=0.00, real=0.04 secs] 
2016-02-17T11:52:43.898+0800: 149360.612: [GC [PSYoungGen: 1378606K->17357K(1378816K)] 2069191K->708412K(4175040K), 0.0346700 secs] [Times: user=0.06 sys=0.00, real=0.04 secs] 
2016-02-17T11:53:27.197+0800: 149403.912: [GC [PSYoungGen: 1377165K->19120K(1378944K)] 2068220K->711458K(4175168K), 0.0387900 secs] [Times: user=0.05 sys=0.00, real=0.04 secs] 
2016-02-17T11:54:21.082+0800: 149457.797: [GC [PSYoungGen: 1378928K->17792K(1376640K)] 2071266K->710274K(4172864K), 0.0339640 secs] [Times: user=0.06 sys=0.00, real=0.04 secs] 
2016-02-17T11:55:14.601+0800: 149511.315: [GC [PSYoungGen: 1375296K->19200K(1376768K)] 2067778K->711930K(4172992K), 0.0338280 secs] [Times: user=0.05 sys=0.00, real=0.03 secs] 
2016-02-17T11:56:03.302+0800: 149560.017: [GC [PSYoungGen: 1376704K->14704K(1377152K)] 2069434K->707571K(4173376K), 0.0301780 secs] [Times: user=0.05 sys=0.00, real=0.03 secs] 
2016-02-17T11:56:57.836+0800: 149614.551: [GC [PSYoungGen: 1371056K->16029K(1377216K)] 2063923K->709040K(4173440K), 0.0339890 secs] [Times: user=0.05 sys=0.00, real=0.03 secs] 
2016-02-17T11:57:52.542+0800: 149669.256: [GC [PSYoungGen: 1372381K->19056K(1376576K)] 2065392K->712364K(4172800K), 0.0377020 secs] [Times: user=0.06 sys=0.00, real=0.03 secs] 
2016-02-17T11:58:42.802+0800: 149719.516: [GC [PSYoungGen: 1375024K->16256K(1377024K)] 2068332K->709849K(4173248K), 0.0337700 secs] [Times: user=0.04 sys=0.01, real=0.03 secs] 
2016-02-17T11:59:36.161+0800: 149772.875: [GC [PSYoungGen: 1372224K->16368K(1377536K)] 2065817K->710177K(4173760K), 0.0370930 secs] [Times: user=0.04 sys=0.00, real=0.04 secs] 
2016-02-17T12:00:25.812+0800: 149822.526: [GC [PSYoungGen: 1373104K->14784K(1377280K)] 2066913K->708918K(4173504K), 0.0296900 secs] [Times: user=0.05 sys=0.00, real=0.04 secs] 
2016-02-17T12:01:14.135+0800: 149870.850: [GC [PSYoungGen: 1371520K->14800K(1377600K)] 2065654K->709237K(4173824K), 0.0300160 secs] [Times: user=0.05 sys=0.00, real=0.03 secs] 
2016-02-17T12:02:08.910+0800: 149925.624: [GC [PSYoungGen: 1371856K->14624K(1377536K)] 2066293K->709153K(4173760K), 0.0324540 secs] [Times: user=0.05 sys=0.00, real=0.03 secs] 
2016-02-17T12:03:07.083+0800: 149983.797: [GC [PSYoungGen: 1371680K->16224K(1378048K)] 2066209K->711041K(4174272K), 0.0318140 secs] [Times: user=0.04 sys=0.00, real=0.03 secs] 
2016-02-17T12:04:07.021+0800: 150043.736: [GC [PSYoungGen: 1373856K->18080K(1377664K)] 2068673K->713017K(4173888K), 0.0353190 secs] [Times: user=0.05 sys=0.00, real=0.04 secs] 
2016-02-17T12:05:03.273+0800: 150099.988: [GC [PSYoungGen: 1375712K->15888K(1378048K)] 2070649K->711069K(4174272K), 0.0306680 secs] [Times: user=0.05 sys=0.00, real=0.03 secs] 
2016-02-17T12:05:58.830+0800: 150155.545: [GC [PSYoungGen: 1373584K->15648K(1377728K)] 2068765K->710937K(4173952K), 0.0306320 secs] [Times: user=0.05 sys=0.00, real=0.04 secs] 
2016-02-17T12:06:54.528+0800: 150211.242: [GC [PSYoungGen: 1373344K->16240K(1378560K)] 2068633K->711710K(4174784K), 0.0352370 secs] [Times: user=0.05 sys=0.01, real=0.03 secs] 
2016-02-17T12:07:59.484+0800: 150276.199: [GC [PSYoungGen: 1374960K->18704K(1377472K)] 2070430K->714446K(4173696K), 0.0378400 secs] [Times: user=0.06 sys=0.00, real=0.03 secs] 
2016-02-17T12:08:55.377+0800: 150332.091: [GC [PSYoungGen: 1377424K->15808K(1378240K)] 2073166K->711858K(4174464K), 0.0337350 secs] [Times: user=0.05 sys=0.00, real=0.04 secs] 
2016-02-17T12:09:52.351+0800: 150389.065: [GC [PSYoungGen: 1373952K->15424K(1377984K)] 2070002K->711665K(4174208K), 0.0309510 secs] [Times: user=0.05 sys=0.01, real=0.03 secs] 
2016-02-17T12:10:52.549+0800: 150449.264: [GC [PSYoungGen: 1373568K->17680K(1378112K)] 2069809K->714166K(4174336K), 0.0322180 secs] [Times: user=0.05 sys=0.00, real=0.04 secs] 
2016-02-17T12:11:57.069+0800: 150513.784: [GC [PSYoungGen: 1376080K->16560K(1378240K)] 2072566K->713330K(4174464K), 0.0324010 secs] [Times: user=0.06 sys=0.00, real=0.03 secs] 
2016-02-17T12:12:55.312+0800: 150572.027: [GC [PSYoungGen: 1374960K->16576K(1378816K)] 2071730K->713521K(4175040K), 0.0328060 secs] [Times: user=0.04 sys=0.00, real=0.04 secs] 
2016-02-17T12:13:52.216+0800: 150628.930: [GC [PSYoungGen: 1375872K->15056K(1378560K)] 2072817K->712198K(4174784K), 0.0338970 secs] [Times: user=0.04 sys=0.00, real=0.03 secs] 
2016-02-17T12:14:50.503+0800: 150687.217: [GC [PSYoungGen: 1374352K->16592K(1379072K)] 2071494K->714224K(4175296K), 0.0325880 secs] [Times: user=0.05 sys=0.00, real=0.03 secs] 
2016-02-17T12:15:48.123+0800: 150744.837: [GC [PSYoungGen: 1376400K->14656K(1378816K)] 2074032K->712437K(4175040K), 0.0325980 secs] [Times: user=0.04 sys=0.00, real=0.04 secs] 
2016-02-17T12:16:47.802+0800: 150804.516: [GC [PSYoungGen: 1374464K->16400K(1379200K)] 2072245K->714446K(4175424K), 0.0338240 secs] [Times: user=0.05 sys=0.00, real=0.03 secs] 
2016-02-17T12:17:41.933+0800: 150858.647: [GC [PSYoungGen: 1376528K->16704K(1379008K)] 2074574K->715134K(4175232K), 0.0364380 secs] [Times: user=0.05 sys=0.00, real=0.04 secs] 
2016-02-17T12:18:43.098+0800: 150919.813: [GC [PSYoungGen: 1376832K->15760K(1379456K)] 2075262K->714335K(4175680K), 0.0309420 secs] [Times: user=0.05 sys=0.00, real=0.03 secs] 
2016-02-17T12:19:53.914+0800: 150990.629: [GC [PSYoungGen: 1376464K->18592K(1379328K)] 2075039K->717503K(4175552K), 0.0388650 secs] [Times: user=0.05 sys=0.00, real=0.04 secs] 
2016-02-17T12:20:54.298+0800: 151051.012: [GC [PSYoungGen: 1379296K->15232K(1378176K)] 2078207K->714436K(4174400K), 0.0342090 secs] [Times: user=0.04 sys=0.01, real=0.03 secs] 
2016-02-17T12:21:51.785+0800: 151108.499: [GC [PSYoungGen: 1374656K->16656K(1378752K)] 2073860K->716028K(4174976K), 0.0331220 secs] [Times: user=0.05 sys=0.00, real=0.03 secs] 
2016-02-17T12:22:47.905+0800: 151164.619: [GC [PSYoungGen: 1376080K->15120K(1379008K)] 2075452K->714743K(4175232K), 0.0292960 secs] [Times: user=0.04 sys=0.01, real=0.03 secs] 
2016-02-17T12:23:49.349+0800: 151226.063: [GC [PSYoungGen: 1374992K->15568K(1378944K)] 2074615K->715416K(4175168K), 0.0297900 secs] [Times: user=0.04 sys=0.00, real=0.03 secs] 
2016-02-17T12:24:47.524+0800: 151284.239: [GC [PSYoungGen: 1375440K->15024K(1379200K)] 2075288K->715272K(4175424K), 0.0327950 secs] [Times: user=0.04 sys=0.00, real=0.03 secs] 
2016-02-17T12:25:47.275+0800: 151343.990: [GC [PSYoungGen: 1375280K->16416K(1379136K)] 2075528K->716785K(4175360K), 0.0320290 secs] [Times: user=0.04 sys=0.00, real=0.04 secs] 
2016-02-17T12:26:45.169+0800: 151401.883: [GC [PSYoungGen: 1376672K->16464K(1379520K)] 2077041K->717289K(4175744K), 0.0336060 secs] [Times: user=0.04 sys=0.01, real=0.03 secs] 
2016-02-17T12:27:43.419+0800: 151460.133: [GC [PSYoungGen: 1377296K->16320K(1379392K)] 2078121K->717430K(4175616K), 0.0326270 secs] [Times: user=0.05 sys=0.00, real=0.04 secs] 
2016-02-17T12:28:43.584+0800: 151520.298: [GC [PSYoungGen: 1377152K->14896K(1379712K)] 2078262K->716259K(4175936K), 0.0333070 secs] [Times: user=0.04 sys=0.00, real=0.04 secs] 
2016-02-17T12:29:42.651+0800: 151579.365: [GC [PSYoungGen: 1376240K->15936K(1379712K)] 2077603K->717539K(4175936K), 0.0313500 secs] [Times: user=0.05 sys=0.00, real=0.04 secs] 
2016-02-17T12:30:33.329+0800: 151630.043: [GC [PSYoungGen: 1377280K->14816K(1379904K)] 2078883K->716567K(4176128K), 0.0304100 secs] [Times: user=0.04 sys=0.00, real=0.02 secs] 
2016-02-17T12:31:27.529+0800: 151684.244: [GC [PSYoungGen: 1376544K->16458K(1379904K)] 2078295K->718313K(4176128K), 0.0310810 secs] [Times: user=0.04 sys=0.00, real=0.03 secs] 
2016-02-17T12:32:21.278+0800: 151737.992: [GC [PSYoungGen: 1378186K->15760K(1380096K)] 2080041K->717848K(4176320K), 0.0340970 secs] [Times: user=0.05 sys=0.00, real=0.04 secs] 
2016-02-17T12:33:13.781+0800: 151790.495: [GC [PSYoungGen: 1377680K->16608K(1379904K)] 2079768K->719201K(4176128K), 0.0329720 secs] [Times: user=0.05 sys=0.00, real=0.03 secs] 
2016-02-17T12:34:09.577+0800: 151846.291: [GC [PSYoungGen: 1378528K->17408K(1379392K)] 2081121K->720349K(4175616K), 0.0368080 secs] [Times: user=0.05 sys=0.00, real=0.03 secs] 
2016-02-17T12:35:08.613+0800: 151905.328: [GC [PSYoungGen: 1378752K->17312K(1378688K)] 2081693K->720458K(4174912K), 0.0362370 secs] [Times: user=0.06 sys=0.00, real=0.03 secs] 
2016-02-17T12:36:04.153+0800: 151960.867: [GC [PSYoungGen: 1378656K->17680K(1379008K)] 2081802K->720966K(4175232K), 0.0374150 secs] [Times: user=0.05 sys=0.00, real=0.04 secs] 
2016-02-17T12:37:00.867+0800: 152017.581: [GC [PSYoungGen: 1378128K->16032K(1379264K)] 2081414K->719722K(4175488K), 0.0385170 secs] [Times: user=0.05 sys=0.00, real=0.04 secs] 
2016-02-17T12:38:03.983+0800: 152080.697: [GC [PSYoungGen: 1376480K->16592K(1379584K)] 2080170K->720507K(4175808K), 0.0337590 secs] [Times: user=0.05 sys=0.00, real=0.03 secs] 
2016-02-17T12:39:05.323+0800: 152142.038: [GC [PSYoungGen: 1377488K->17232K(1379392K)] 2081403K->721487K(4175616K), 0.0339420 secs] [Times: user=0.05 sys=0.00, real=0.04 secs] 
2016-02-17T12:39:57.987+0800: 152194.701: [GC [PSYoungGen: 1378128K->15856K(1379584K)] 2082383K->720452K(4175808K), 0.0321750 secs] [Times: user=0.05 sys=0.00, real=0.03 secs] 
2016-02-17T12:40:49.670+0800: 152246.384: [GC [PSYoungGen: 1376816K->14496K(1379456K)] 2081412K->719353K(4175680K), 0.0291530 secs] [Times: user=0.05 sys=0.00, real=0.02 secs] 
2016-02-17T12:41:45.544+0800: 152302.258: [GC [PSYoungGen: 1375456K->16320K(1379648K)] 2080313K->721522K(4175872K), 0.0321030 secs] [Times: user=0.04 sys=0.00, real=0.04 secs] 
2016-02-17T12:42:47.960+0800: 152364.674: [GC [PSYoungGen: 1377344K->17984K(1379072K)] 2082546K->723294K(4175296K), 0.0348350 secs] [Times: user=0.04 sys=0.01, real=0.04 secs] 
2016-02-17T12:43:42.635+0800: 152419.350: [GC [PSYoungGen: 1379008K->18128K(1378432K)] 2084318K->723831K(4174656K), 0.0348860 secs] [Times: user=0.04 sys=0.00, real=0.04 secs] 
2016-02-17T12:44:41.832+0800: 152478.547: [GC [PSYoungGen: 1377680K->14704K(1374272K)] 2083383K->720703K(4170496K), 0.0316460 secs] [Times: user=0.04 sys=0.00, real=0.04 secs] 
2016-02-17T12:45:39.247+0800: 152535.961: [GC [PSYoungGen: 1374256K->16800K(1378880K)] 2080255K->722935K(4175104K), 0.0341420 secs] [Times: user=0.05 sys=0.00, real=0.04 secs] 
2016-02-17T12:46:40.933+0800: 152597.647: [GC [PSYoungGen: 1376352K->16208K(1378752K)] 2082487K->722483K(4174976K), 0.0338810 secs] [Times: user=0.06 sys=0.00, real=0.03 secs] 
2016-02-17T12:47:39.682+0800: 152656.397: [GC [PSYoungGen: 1375760K->17088K(1379136K)] 2082035K->723531K(4175360K), 0.0356230 secs] [Times: user=0.05 sys=0.00, real=0.04 secs] 
2016-02-17T12:48:36.965+0800: 152713.680: [GC [PSYoungGen: 1377280K->14752K(1374976K)] 2083723K->721431K(4171200K), 0.0289750 secs] [Times: user=0.04 sys=0.00, real=0.03 secs] 
2016-02-17T12:49:35.180+0800: 152771.895: [GC [PSYoungGen: 1374944K->17344K(1378816K)] 2081623K->724304K(4175040K), 0.0355860 secs] [Times: user=0.04 sys=0.00, real=0.04 secs] 
2016-02-17T12:50:32.138+0800: 152828.853: [GC [PSYoungGen: 1377152K->15808K(1378944K)] 2084112K->723020K(4175168K), 0.0360810 secs] [Times: user=0.05 sys=0.00, real=0.04 secs] 
2016-02-17T12:51:25.720+0800: 152882.434: [GC [PSYoungGen: 1375616K->17040K(1379136K)] 2082828K->724494K(4175360K), 0.0367970 secs] [Times: user=0.04 sys=0.01, real=0.04 secs] 
2016-02-17T12:52:24.446+0800: 152941.160: [GC [PSYoungGen: 1377232K->16720K(1379136K)] 2084686K->724598K(4175360K), 0.0335450 secs] [Times: user=0.06 sys=0.00, real=0.04 secs] 
2016-02-17T12:53:25.717+0800: 153002.432: [GC [PSYoungGen: 1376912K->15536K(1379328K)] 2084790K->723590K(4175552K), 0.0357210 secs] [Times: user=0.05 sys=0.00, real=0.04 secs] 
2016-02-17T12:54:36.025+0800: 153072.739: [GC [PSYoungGen: 1376048K->18624K(1379200K)] 2084102K->726859K(4175424K), 0.0381450 secs] [Times: user=0.06 sys=0.00, real=0.04 secs] 
2016-02-17T12:55:30.960+0800: 153127.675: [GC [PSYoungGen: 1379136K->18865K(1375744K)] 2087371K->729018K(4171968K), 0.0339370 secs] [Times: user=0.06 sys=0.00, real=0.03 secs] 
2016-02-17T12:56:38.249+0800: 153194.964: [GC [PSYoungGen: 1375729K->18240K(1375168K)] 2085882K->728825K(4171392K), 0.0354650 secs] [Times: user=0.05 sys=0.00, real=0.04 secs] 
2016-02-17T12:57:43.532+0800: 153260.246: [GC [PSYoungGen: 1375104K->16960K(1377664K)] 2085689K->727765K(4173888K), 0.0335250 secs] [Times: user=0.04 sys=0.00, real=0.03 secs] 
2016-02-17T12:58:46.179+0800: 153322.894: [GC [PSYoungGen: 1373888K->14848K(1377344K)] 2084693K->725833K(4173568K), 0.0315460 secs] [Times: user=0.05 sys=0.00, real=0.03 secs] 
2016-02-17T12:59:44.381+0800: 153381.095: [GC [PSYoungGen: 1371776K->15632K(1377792K)] 2082761K->726738K(4174016K), 0.0313650 secs] [Times: user=0.05 sys=0.00, real=0.03 secs] 
2016-02-17T13:00:35.003+0800: 153431.717: [GC [PSYoungGen: 1372944K->15632K(1377600K)] 2084050K->726925K(4173824K), 0.0323120 secs] [Times: user=0.05 sys=0.00, real=0.03 secs] 
2016-02-17T13:01:38.539+0800: 153495.253: [GC [PSYoungGen: 1372944K->15584K(1378112K)] 2084237K->727126K(4174336K), 0.0320090 secs] [Times: user=0.04 sys=0.00, real=0.03 secs] 
2016-02-17T13:02:34.127+0800: 153550.841: [GC [PSYoungGen: 1373536K->15760K(1377920K)] 2085078K->727518K(4174144K), 0.0319080 secs] [Times: user=0.04 sys=0.00, real=0.03 secs] 
2016-02-17T13:03:35.450+0800: 153612.165: [GC [PSYoungGen: 1373712K->15808K(1378496K)] 2085470K->727691K(4174720K), 0.0336000 secs] [Times: user=0.04 sys=0.00, real=0.04 secs] 
2016-02-17T13:04:32.163+0800: 153668.878: [GC [PSYoungGen: 1374528K->16544K(1378304K)] 2086411K->728752K(4174528K), 0.0337220 secs] [Times: user=0.05 sys=0.01, real=0.03 secs] 
2016-02-17T13:05:30.466+0800: 153727.181: [GC [PSYoungGen: 1375264K->16272K(1379072K)] 2087472K->728800K(4175296K), 0.0423790 secs] [Times: user=0.06 sys=0.00, real=0.05 secs] 
2016-02-17T13:06:28.897+0800: 153785.612: [GC [PSYoungGen: 1376016K->14080K(1378752K)] 2088544K->726813K(4174976K), 0.0274410 secs] [Times: user=0.04 sys=0.00, real=0.03 secs] 
2016-02-17T13:07:26.427+0800: 153843.141: [GC [PSYoungGen: 1373824K->16192K(1379200K)] 2086557K->729041K(4175424K), 0.0347110 secs] [Times: user=0.05 sys=0.00, real=0.04 secs] 
2016-02-17T13:08:22.455+0800: 153899.169: [GC [PSYoungGen: 1376192K->14976K(1378880K)] 2089041K->728106K(4175104K), 0.0295590 secs] [Times: user=0.05 sys=0.00, real=0.03 secs] 
2016-02-17T13:09:19.722+0800: 153956.436: [GC [PSYoungGen: 1374976K->16864K(1379264K)] 2088106K->730150K(4175488K), 0.0326860 secs] [Times: user=0.05 sys=0.00, real=0.04 secs] 
2016-02-17T13:10:17.568+0800: 154014.282: [GC [PSYoungGen: 1377312K->16688K(1379264K)] 2090598K->730339K(4175488K), 0.0336430 secs] [Times: user=0.04 sys=0.01, real=0.03 secs] 
2016-02-17T13:11:19.448+0800: 154076.163: [GC [PSYoungGen: 1377136K->16272K(1379520K)] 2090787K->730179K(4175744K), 0.0336050 secs] [Times: user=0.05 sys=0.00, real=0.03 secs] 
2016-02-17T13:12:24.877+0800: 154141.591: [GC [PSYoungGen: 1377040K->17520K(1378304K)] 2090947K->731599K(4174528K), 0.0340380 secs] [Times: user=0.05 sys=0.00, real=0.03 secs] 
2016-02-17T13:13:26.970+0800: 154203.684: [GC [PSYoungGen: 1378288K->15824K(1379456K)] 2092367K->730175K(4175680K), 0.0320760 secs] [Times: user=0.05 sys=0.00, real=0.03 secs] 
2016-02-17T13:14:21.049+0800: 154257.763: [GC [PSYoungGen: 1376464K->14880K(1379264K)] 2090815K->729435K(4175488K), 0.0329880 secs] [Times: user=0.04 sys=0.00, real=0.03 secs] 
2016-02-17T13:15:20.627+0800: 154317.341: [GC [PSYoungGen: 1375520K->14080K(1379264K)] 2090075K->729015K(4175488K), 0.0279160 secs] [Times: user=0.05 sys=0.00, real=0.03 secs] 
2016-02-17T13:16:17.972+0800: 154374.686: [GC [PSYoungGen: 1374656K->16112K(1379328K)] 2089591K->731348K(4175552K), 0.0323310 secs] [Times: user=0.05 sys=0.00, real=0.03 secs] 
2016-02-17T13:17:12.180+0800: 154428.894: [GC [PSYoungGen: 1376688K->16048K(1379776K)] 2091924K->731516K(4176000K), 0.0320090 secs] [Times: user=0.04 sys=0.00, real=0.03 secs] 
2016-02-17T13:18:05.840+0800: 154482.554: [GC [PSYoungGen: 1377264K->16992K(1379520K)] 2092732K->732657K(4175744K), 0.0348680 secs] [Times: user=0.06 sys=0.00, real=0.04 secs] 
2016-02-17T13:19:03.847+0800: 154540.561: [GC [PSYoungGen: 1378208K->14800K(1379648K)] 2093873K->730768K(4175872K), 0.0287730 secs] [Times: user=0.04 sys=0.00, real=0.04 secs] 
2016-02-17T13:20:04.206+0800: 154600.921: [GC [PSYoungGen: 1375952K->16848K(1378048K)] 2091920K->733021K(4174272K), 0.0357300 secs] [Times: user=0.05 sys=0.00, real=0.03 secs] 
2016-02-17T13:21:00.429+0800: 154657.143: [GC [PSYoungGen: 1378000K->15728K(1379712K)] 2094173K->732005K(4175936K), 0.0363590 secs] [Times: user=0.05 sys=0.01, real=0.03 secs] 
2016-02-17T13:22:01.009+0800: 154717.723: [GC [PSYoungGen: 1376880K->16432K(1379520K)] 2093157K->732989K(4175744K), 0.0384800 secs] [Times: user=0.05 sys=0.00, real=0.04 secs] 
2016-02-17T13:23:00.016+0800: 154776.731: [GC [PSYoungGen: 1377584K->14144K(1379648K)] 2094141K->731001K(4175872K), 0.0306070 secs] [Times: user=0.05 sys=0.00, real=0.03 secs] 
2016-02-17T13:24:02.541+0800: 154839.255: [GC [PSYoungGen: 1375488K->16464K(1379712K)] 2092345K->733485K(4175936K), 0.0345870 secs] [Times: user=0.05 sys=0.00, real=0.03 secs] 
2016-02-17T13:25:02.733+0800: 154899.448: [GC [PSYoungGen: 1377808K->16112K(1379904K)] 2094829K->733549K(4176128K), 0.0306110 secs] [Times: user=0.05 sys=0.00, real=0.03 secs] 
2016-02-17T13:26:03.464+0800: 154960.179: [GC [PSYoungGen: 1377648K->15456K(1379712K)] 2095085K->733269K(4175936K), 0.0347180 secs] [Times: user=0.05 sys=0.01, real=0.03 secs] 
2016-02-17T13:27:02.463+0800: 155019.177: [GC [PSYoungGen: 1376992K->15968K(1380224K)] 2094805K->733917K(4176448K), 0.0312290 secs] [Times: user=0.04 sys=0.00, real=0.03 secs] 
2016-02-17T13:28:08.618+0800: 155085.332: [GC [PSYoungGen: 1378144K->16640K(1380032K)] 2096093K->734729K(4176256K), 0.0315760 secs] [Times: user=0.04 sys=0.00, real=0.03 secs] 
2016-02-17T13:29:16.507+0800: 155153.222: [GC [PSYoungGen: 1378816K->17904K(1378624K)] 2096905K->736604K(4174848K), 0.0351500 secs] [Times: user=0.05 sys=0.00, real=0.04 secs] 
2016-02-17T13:30:13.414+0800: 155210.129: [GC [PSYoungGen: 1378608K->15472K(1379392K)] 2097308K->734552K(4175616K), 0.0322030 secs] [Times: user=0.05 sys=0.00, real=0.04 secs] 
2016-02-17T13:31:16.582+0800: 155273.297: [GC [PSYoungGen: 1376176K->17936K(1378624K)] 2095256K->737312K(4174848K), 0.0339500 secs] [Times: user=0.06 sys=0.00, real=0.03 secs] 
2016-02-17T13:32:13.987+0800: 155330.702: [GC [PSYoungGen: 1378000K->15504K(1379072K)] 2097376K->735132K(4175296K), 0.0321500 secs] [Times: user=0.05 sys=0.00, real=0.04 secs] 
2016-02-17T13:33:16.711+0800: 155393.425: [GC [PSYoungGen: 1375568K->16944K(1379200K)] 2095196K->736836K(4175424K), 0.0329350 secs] [Times: user=0.05 sys=0.00, real=0.04 secs] 
2016-02-17T13:34:18.214+0800: 155454.928: [GC [PSYoungGen: 1377264K->15648K(1379200K)] 2097156K->735828K(4175424K), 0.0299480 secs] [Times: user=0.05 sys=0.00, real=0.03 secs] 
2016-02-17T13:35:23.847+0800: 155520.562: [GC [PSYoungGen: 1375968K->16880K(1379328K)] 2096148K->737181K(4175552K), 0.0315670 secs] [Times: user=0.05 sys=0.00, real=0.03 secs] 
2016-02-17T13:36:27.213+0800: 155583.927: [GC [PSYoungGen: 1377456K->17568K(1378176K)] 2097757K->738330K(4174400K), 0.0347610 secs] [Times: user=0.05 sys=0.00, real=0.03 secs] 
2016-02-17T13:37:28.750+0800: 155645.465: [GC [PSYoungGen: 1378144K->15680K(1379264K)] 2098906K->736751K(4175488K), 0.0314550 secs] [Times: user=0.05 sys=0.00, real=0.03 secs] 
2016-02-17T13:38:37.075+0800: 155713.789: [GC [PSYoungGen: 1376000K->16192K(1379136K)] 2097071K->737703K(4175360K), 0.0321180 secs] [Times: user=0.06 sys=0.00, real=0.03 secs] 
2016-02-17T13:39:48.721+0800: 155785.435: [GC [PSYoungGen: 1376512K->16352K(1379712K)] 2098023K->737947K(4175936K), 0.0352410 secs] [Times: user=0.05 sys=0.00, real=0.03 secs] 
2016-02-17T13:40:48.375+0800: 155845.089: [GC [PSYoungGen: 1377440K->14496K(1379456K)] 2099035K->736339K(4175680K), 0.0304260 secs] [Times: user=0.05 sys=0.00, real=0.04 secs] 
2016-02-17T13:41:48.054+0800: 155904.769: [GC [PSYoungGen: 1375584K->14752K(1379584K)] 2097427K->736756K(4175808K), 0.0376150 secs] [Times: user=0.05 sys=0.00, real=0.04 secs] 
2016-02-17T13:42:48.293+0800: 155965.007: [GC [PSYoungGen: 1375840K->13888K(1374976K)] 2097844K->736068K(4171200K), 0.0287240 secs] [Times: user=0.04 sys=0.01, real=0.03 secs] 
2016-02-17T13:43:55.126+0800: 156031.841: [GC [PSYoungGen: 1374976K->15504K(1379648K)] 2097156K->737852K(4175872K), 0.0291920 secs] [Times: user=0.04 sys=0.00, real=0.03 secs] 
2016-02-17T13:44:55.587+0800: 156092.302: [GC [PSYoungGen: 1376528K->15328K(1379456K)] 2098876K->738053K(4175680K), 0.0292860 secs] [Times: user=0.05 sys=0.00, real=0.03 secs] 
2016-02-17T13:45:55.287+0800: 156152.001: [GC [PSYoungGen: 1376352K->13712K(1379712K)] 2099077K->736550K(4175936K), 0.0286940 secs] [Times: user=0.04 sys=0.00, real=0.03 secs] 
2016-02-17T13:46:53.450+0800: 156210.164: [GC [PSYoungGen: 1375184K->13856K(1379776K)] 2098022K->736978K(4176000K), 0.0274360 secs] [Times: user=0.05 sys=0.00, real=0.03 secs] 
2016-02-17T13:47:54.567+0800: 156271.281: [GC [PSYoungGen: 1375328K->13328K(1379648K)] 2098450K->736643K(4175872K), 0.0317990 secs] [Times: user=0.04 sys=0.00, real=0.04 secs] 
2016-02-17T13:48:57.976+0800: 156334.691: [GC [PSYoungGen: 1374672K->16224K(1377600K)] 2097987K->739767K(4173824K), 0.0350640 secs] [Times: user=0.04 sys=0.00, real=0.03 secs] 
2016-02-17T13:49:47.207+0800: 156383.921: [GC [PSYoungGen: 1377568K->18241K(1377984K)] 2101111K->742136K(4174208K), 0.0294250 secs] [Times: user=0.06 sys=0.00, real=0.03 secs] 
2016-02-17T13:50:42.992+0800: 156439.706: [GC [PSYoungGen: 1377793K->15056K(1378816K)] 2101688K->739196K(4175040K), 0.0304450 secs] [Times: user=0.04 sys=0.00, real=0.03 secs] 
2016-02-17T13:51:43.092+0800: 156499.807: [GC [PSYoungGen: 1374608K->15808K(1379328K)] 2098748K->740140K(4175552K), 0.0362880 secs] [Times: user=0.05 sys=0.00, real=0.03 secs] 
2016-02-17T13:52:50.517+0800: 156567.232: [GC [PSYoungGen: 1376192K->15824K(1379136K)] 2100524K->740352K(4175360K), 0.0334340 secs] [Times: user=0.05 sys=0.00, real=0.04 secs] 
2016-02-17T13:53:48.817+0800: 156625.531: [GC [PSYoungGen: 1376208K->16448K(1379456K)] 2100736K->741388K(4175680K), 0.0319170 secs] [Times: user=0.05 sys=0.00, real=0.03 secs] 
2016-02-17T13:54:55.961+0800: 156692.675: [GC [PSYoungGen: 1377408K->15920K(1379520K)] 2102348K->741005K(4175744K), 0.0303400 secs] [Times: user=0.05 sys=0.00, real=0.02 secs] 
2016-02-17T13:55:56.694+0800: 156753.409: [GC [PSYoungGen: 1375701K->18364K(1375232K)] 2100786K->747586K(4171456K), 0.0447550 secs] [Times: user=0.07 sys=0.00, real=0.05 secs] 
2016-02-17T13:56:58.517+0800: 156815.231: [GC [PSYoungGen: 1375228K->15184K(1377472K)] 2104450K->744703K(4173696K), 0.0295540 secs] [Times: user=0.04 sys=0.00, real=0.03 secs] 
2016-02-17T13:57:58.967+0800: 156875.681: [GC [PSYoungGen: 1372048K->15488K(1377984K)] 2101567K->745472K(4174208K), 0.0299060 secs] [Times: user=0.04 sys=0.00, real=0.03 secs] 
2016-02-17T13:59:06.411+0800: 156943.125: [GC [PSYoungGen: 1373056K->18304K(1375936K)] 2103040K->748561K(4172160K), 0.0342040 secs] [Times: user=0.06 sys=0.00, real=0.03 secs] 
2016-02-17T14:00:03.169+0800: 156999.884: [GC [PSYoungGen: 1375872K->14176K(1377600K)] 2106129K->744757K(4173824K), 0.0292530 secs] [Times: user=0.06 sys=0.00, real=0.03 secs] 
2016-02-17T14:00:54.871+0800: 157051.586: [GC [PSYoungGen: 1371232K->13152K(1377536K)] 2101813K->743998K(4173760K), 0.0262670 secs] [Times: user=0.05 sys=0.00, real=0.02 secs] 
2016-02-17T14:01:43.931+0800: 157100.646: [GC [PSYoungGen: 1370208K->13636K(1377600K)] 2101054K->744898K(4173824K), 0.0254390 secs] [Times: user=0.05 sys=0.00, real=0.03 secs] 
2016-02-17T14:02:35.315+0800: 157152.029: [GC [PSYoungGen: 1370692K->13031K(1377536K)] 2101954K->744421K(4173760K), 0.0266950 secs] [Times: user=0.04 sys=0.00, real=0.02 secs] 
2016-02-17T14:03:33.156+0800: 157209.871: [GC [PSYoungGen: 1370087K->15024K(1378112K)] 2101477K->746815K(4174336K), 0.0304680 secs] [Times: user=0.04 sys=0.00, real=0.03 secs] 
2016-02-17T14:04:33.068+0800: 157269.782: [GC [PSYoungGen: 1372720K->13376K(1377664K)] 2104511K->745528K(4173888K), 0.0267850 secs] [Times: user=0.04 sys=0.00, real=0.02 secs] 
2016-02-17T14:05:28.570+0800: 157325.285: [GC [PSYoungGen: 1371072K->15264K(1378624K)] 2103224K->747648K(4174848K), 0.0294510 secs] [Times: user=0.05 sys=0.00, real=0.03 secs] 
2016-02-17T14:06:26.479+0800: 157383.193: [GC [PSYoungGen: 1374048K->15936K(1378240K)] 2106432K->748500K(4174464K), 0.0299840 secs] [Times: user=0.04 sys=0.00, real=0.04 secs] 
2016-02-17T14:07:30.629+0800: 157447.343: [GC [PSYoungGen: 1374720K->16992K(1378368K)] 2107284K->749758K(4174592K), 0.0340450 secs] [Times: user=0.05 sys=0.00, real=0.03 secs] 
2016-02-17T14:08:27.306+0800: 157504.020: [GC [PSYoungGen: 1376032K->14912K(1378560K)] 2108798K->748102K(4174784K), 0.0301000 secs] [Times: user=0.04 sys=0.00, real=0.03 secs] 
2016-02-17T14:09:27.907+0800: 157564.622: [GC [PSYoungGen: 1373952K->15519K(1379200K)] 2107142K->748853K(4175424K), 0.0327500 secs] [Times: user=0.05 sys=0.00, real=0.04 secs] 
2016-02-17T14:10:18.093+0800: 157614.808: [GC [PSYoungGen: 1375519K->16081K(1378880K)] 2108853K->749607K(4175104K), 0.0324580 secs] [Times: user=0.06 sys=0.00, real=0.04 secs] 
2016-02-17T14:11:17.283+0800: 157673.997: [GC [PSYoungGen: 1376081K->17616K(1378368K)] 2109607K->751359K(4174592K), 0.0335970 secs] [Times: user=0.05 sys=0.00, real=0.03 secs] 
2016-02-17T14:12:16.008+0800: 157732.723: [GC [PSYoungGen: 1377168K->17856K(1377472K)] 2110911K->752032K(4173696K), 0.0348460 secs] [Times: user=0.05 sys=0.00, real=0.03 secs] 
2016-02-17T14:13:15.179+0800: 157791.893: [GC [PSYoungGen: 1377408K->15536K(1378688K)] 2111584K->749989K(4174912K), 0.0303530 secs] [Times: user=0.05 sys=0.00, real=0.03 secs] 
2016-02-17T14:14:15.168+0800: 157851.882: [GC [PSYoungGen: 1374512K->15872K(1378368K)] 2108965K->750445K(4174592K), 0.0314940 secs] [Times: user=0.05 sys=0.00, real=0.03 secs] 
2016-02-17T14:15:19.741+0800: 157916.455: [GC [PSYoungGen: 1374848K->15792K(1379328K)] 2109421K->750562K(4175552K), 0.0332150 secs] [Times: user=0.05 sys=0.00, real=0.03 secs] 
2016-02-17T14:16:16.909+0800: 157973.624: [GC [PSYoungGen: 1376048K->15472K(1379008K)] 2110818K->750582K(4175232K), 0.0311980 secs] [Times: user=0.04 sys=0.00, real=0.04 secs] 
2016-02-17T14:17:05.297+0800: 158022.011: [GC [PSYoungGen: 1375728K->16320K(1379648K)] 2110838K->751575K(4175872K), 0.0356160 secs] [Times: user=0.05 sys=0.00, real=0.04 secs] 
2016-02-17T14:18:08.088+0800: 158084.802: [GC [PSYoungGen: 1377408K->16752K(1379520K)] 2112663K->752395K(4175744K), 0.0373400 secs] [Times: user=0.05 sys=0.00, real=0.04 secs] 
2016-02-17T14:19:07.298+0800: 158144.013: [GC [PSYoungGen: 1377840K->16624K(1379584K)] 2113483K->752544K(4175808K), 0.0348980 secs] [Times: user=0.05 sys=0.00, real=0.04 secs] 
2016-02-17T14:20:11.118+0800: 158207.833: [GC [PSYoungGen: 1377712K->16336K(1379584K)] 2113632K->752393K(4175808K), 0.0316100 secs] [Times: user=0.05 sys=0.00, real=0.03 secs] 
2016-02-17T14:21:13.232+0800: 158269.946: [GC [PSYoungGen: 1377424K->15440K(1379840K)] 2113481K->751959K(4176064K), 0.0316740 secs] [Times: user=0.05 sys=0.00, real=0.03 secs] 
2016-02-17T14:22:12.022+0800: 158328.737: [GC [PSYoungGen: 1376912K->17696K(1379200K)] 2113431K->754420K(4175424K), 0.0337140 secs] [Times: user=0.05 sys=0.00, real=0.03 secs] 
2016-02-17T14:23:15.751+0800: 158392.466: [GC [PSYoungGen: 1379168K->15968K(1379648K)] 2115892K->752885K(4175872K), 0.0307890 secs] [Times: user=0.05 sys=0.00, real=0.03 secs] 
2016-02-17T14:24:17.191+0800: 158453.905: [GC [PSYoungGen: 1376928K->16448K(1379392K)] 2113845K->753654K(4175616K), 0.0337350 secs] [Times: user=0.05 sys=0.00, real=0.04 secs] 
2016-02-17T14:25:14.402+0800: 158511.116: [GC [PSYoungGen: 1377408K->16864K(1379712K)] 2114614K->754191K(4175936K), 0.0392890 secs] [Times: user=0.05 sys=0.00, real=0.04 secs] 
2016-02-17T14:26:17.039+0800: 158573.754: [GC [PSYoungGen: 1378208K->16256K(1379712K)] 2115535K->753999K(4175936K), 0.0359210 secs] [Times: user=0.05 sys=0.00, real=0.03 secs] 
2016-02-17T14:27:17.021+0800: 158633.736: [GC [PSYoungGen: 1377600K->15616K(1379968K)] 2115343K->753523K(4176192K), 0.0323710 secs] [Times: user=0.04 sys=0.00, real=0.03 secs] 
2016-02-17T14:28:15.479+0800: 158692.194: [GC [PSYoungGen: 1377408K->15536K(1379904K)] 2115315K->753654K(4176128K), 0.0301360 secs] [Times: user=0.04 sys=0.00, real=0.03 secs] 
2016-02-17T14:29:14.285+0800: 158751.000: [GC [PSYoungGen: 1377328K->16544K(1380096K)] 2115446K->754843K(4176320K), 0.0336180 secs] [Times: user=0.05 sys=0.00, real=0.03 secs] 
2016-02-17T14:30:12.057+0800: 158808.771: [GC [PSYoungGen: 1378592K->15360K(1380032K)] 2116891K->753988K(4176256K), 0.0333130 secs] [Times: user=0.05 sys=0.00, real=0.04 secs] 
2016-02-17T14:31:06.865+0800: 158863.580: [GC [PSYoungGen: 1377408K->14816K(1380032K)] 2116036K->753848K(4176256K), 0.0335570 secs] [Times: user=0.06 sys=0.00, real=0.03 secs] 
2016-02-17T14:32:05.390+0800: 158922.104: [GC [PSYoungGen: 1376928K->13920K(1376064K)] 2115960K->753107K(4172288K), 0.0303500 secs] [Times: user=0.04 sys=0.00, real=0.03 secs] 
2016-02-17T14:33:10.669+0800: 158987.384: [GC [PSYoungGen: 1376032K->17328K(1379200K)] 2115219K->756676K(4175424K), 0.0327390 secs] [Times: user=0.05 sys=0.00, real=0.03 secs] 
2016-02-17T14:34:12.438+0800: 159049.153: [GC [PSYoungGen: 1378416K->16752K(1377856K)] 2117764K->756381K(4174080K), 0.0319340 secs] [Times: user=0.05 sys=0.00, real=0.03 secs] 
2016-02-17T14:35:12.960+0800: 159109.674: [GC [PSYoungGen: 1377840K->16080K(1379776K)] 2117469K->756062K(4176000K), 0.0330150 secs] [Times: user=0.05 sys=0.00, real=0.03 secs] 
2016-02-17T14:36:11.115+0800: 159167.830: [GC [PSYoungGen: 1377296K->15536K(1379520K)] 2117278K->755943K(4175744K), 0.0316590 secs] [Times: user=0.04 sys=0.00, real=0.03 secs] 
2016-02-17T14:37:08.362+0800: 159225.076: [GC [PSYoungGen: 1376752K->15840K(1380096K)] 2117159K->756524K(4176320K), 0.0346470 secs] [Times: user=0.05 sys=0.00, real=0.04 secs] 
2016-02-17T14:37:58.209+0800: 159274.924: [GC [PSYoungGen: 1377760K->14576K(1379904K)] 2118444K->755452K(4176128K), 0.0291820 secs] [Times: user=0.05 sys=0.00, real=0.03 secs] 
2016-02-17T14:38:56.178+0800: 159332.892: [GC [PSYoungGen: 1376496K->16528K(1379968K)] 2117372K->757752K(4176192K), 0.0326790 secs] [Times: user=0.05 sys=0.00, real=0.03 secs] 
2016-02-17T14:39:53.810+0800: 159390.524: [GC [PSYoungGen: 1378512K->15120K(1380032K)] 2119736K->756628K(4176256K), 0.0309780 secs] [Times: user=0.04 sys=0.00, real=0.03 secs] 
2016-02-17T14:40:46.471+0800: 159443.186: [GC [PSYoungGen: 1377104K->12736K(1379456K)] 2118612K->754369K(4175680K), 0.0267260 secs] [Times: user=0.04 sys=0.00, real=0.02 secs] 
2016-02-17T14:41:54.581+0800: 159511.295: [GC [PSYoungGen: 1374208K->17424K(1378944K)] 2115841K->759450K(4175168K), 0.0384610 secs] [Times: user=0.06 sys=0.00, real=0.04 secs] 
2016-02-17T14:42:52.308+0800: 159569.022: [GC [PSYoungGen: 1378896K->17680K(1378496K)] 2120922K->760034K(4174720K), 0.0411410 secs] [Times: user=0.05 sys=0.01, real=0.04 secs] 
2016-02-17T14:43:49.689+0800: 159626.403: [GC [PSYoungGen: 1377488K->17008K(1376832K)] 2119842K->759698K(4173056K), 0.0338380 secs] [Times: user=0.05 sys=0.00, real=0.03 secs] 
2016-02-17T14:44:54.350+0800: 159691.064: [GC [PSYoungGen: 1376816K->16512K(1378944K)] 2119506K->759558K(4175168K), 0.0357630 secs] [Times: user=0.06 sys=0.00, real=0.04 secs] 
2016-02-17T14:45:49.539+0800: 159746.253: [GC [PSYoungGen: 1376192K->18160K(1377856K)] 2119238K->761334K(4174080K), 0.0371420 secs] [Times: user=0.06 sys=0.00, real=0.04 secs] 
2016-02-17T14:46:44.414+0800: 159801.128: [GC [PSYoungGen: 1377840K->15609K(1378688K)] 2121014K->759036K(4174912K), 0.0307030 secs] [Times: user=0.05 sys=0.00, real=0.03 secs] 
2016-02-17T14:47:49.256+0800: 159865.970: [GC [PSYoungGen: 1374713K->16624K(1378496K)] 2118140K->760275K(4174720K), 0.0358220 secs] [Times: user=0.05 sys=0.00, real=0.04 secs] 
2016-02-17T14:48:51.155+0800: 159927.870: [GC [PSYoungGen: 1375728K->17296K(1378624K)] 2119379K->761083K(4174848K), 0.0339800 secs] [Times: user=0.06 sys=0.00, real=0.04 secs] 
2016-02-17T14:49:44.576+0800: 159981.290: [GC [PSYoungGen: 1376720K->14880K(1378752K)] 2120507K->758883K(4174976K), 0.0301470 secs] [Times: user=0.04 sys=0.00, real=0.03 secs] 
2016-02-17T14:50:46.727+0800: 160043.441: [GC [PSYoungGen: 1374304K->18096K(1378048K)] 2118307K->762227K(4174272K), 0.0360130 secs] [Times: user=0.06 sys=0.00, real=0.03 secs] 
2016-02-17T14:51:42.756+0800: 160099.470: [GC [PSYoungGen: 1376880K->15872K(1378432K)] 2121011K->760256K(4174656K), 0.0330000 secs] [Times: user=0.05 sys=0.00, real=0.04 secs] 
2016-02-17T14:52:32.145+0800: 160148.859: [GC [PSYoungGen: 1374656K->15136K(1378752K)] 2119040K->759908K(4174976K), 0.0315540 secs] [Times: user=0.05 sys=0.00, real=0.03 secs] 
2016-02-17T14:53:31.391+0800: 160208.106: [GC [PSYoungGen: 1374432K->16896K(1378624K)] 2119204K->761984K(4174848K), 0.0324860 secs] [Times: user=0.05 sys=0.00, real=0.04 secs] 
2016-02-17T14:54:30.626+0800: 160267.341: [GC [PSYoungGen: 1376192K->16240K(1379072K)] 2121280K->761521K(4175296K), 0.0318390 secs] [Times: user=0.06 sys=0.00, real=0.03 secs] 
2016-02-17T14:55:28.343+0800: 160325.058: [GC [PSYoungGen: 1376048K->17632K(1378816K)] 2121329K->763245K(4175040K), 0.0335660 secs] [Times: user=0.05 sys=0.00, real=0.04 secs] 
2016-02-17T14:56:24.923+0800: 160381.638: [GC [PSYoungGen: 1377440K->16384K(1379136K)] 2123053K->762326K(4175360K), 0.0330160 secs] [Times: user=0.05 sys=0.00, real=0.03 secs] 
2016-02-17T14:57:21.779+0800: 160438.493: [GC [PSYoungGen: 1376320K->16992K(1378880K)] 2122262K->763122K(4175104K), 0.0318690 secs] [Times: user=0.06 sys=0.00, real=0.03 secs] 
2016-02-17T14:58:27.049+0800: 160503.763: [GC [PSYoungGen: 1376928K->17050K(1379200K)] 2123058K->763390K(4175424K), 0.0346630 secs] [Times: user=0.05 sys=0.01, real=0.03 secs] 
2016-02-17T14:59:27.693+0800: 160564.407: [GC [PSYoungGen: 1377370K->17504K(1377856K)] 2123710K->764508K(4174080K), 0.0365650 secs] [Times: user=0.05 sys=0.00, real=0.04 secs] 
2016-02-17T15:00:15.097+0800: 160611.811: [GC [PSYoungGen: 1377824K->13968K(1378688K)] 2124828K->761304K(4174912K), 0.0298980 secs] [Times: user=0.05 sys=0.00, real=0.02 secs] 
2016-02-17T15:01:21.955+0800: 160678.670: [GC [PSYoungGen: 1373648K->17312K(1377024K)] 2120984K->764867K(4173248K), 0.0320210 secs] [Times: user=0.05 sys=0.00, real=0.03 secs] 
2016-02-17T15:02:21.652+0800: 160738.366: [GC [PSYoungGen: 1376992K->16656K(1379008K)] 2124547K->764356K(4175232K), 0.0329270 secs] [Times: user=0.05 sys=0.00, real=0.03 secs] 
2016-02-17T15:03:14.537+0800: 160791.251: [GC [PSYoungGen: 1376336K->15488K(1378752K)] 2124036K->763528K(4174976K), 0.0346450 secs] [Times: user=0.05 sys=0.01, real=0.03 secs] 
2016-02-17T15:04:12.698+0800: 160849.413: [GC [PSYoungGen: 1375168K->18986K(1375616K)] 2123208K->769885K(4171840K), 0.0563190 secs] [Times: user=0.08 sys=0.01, real=0.06 secs] 
2016-02-17T15:05:03.192+0800: 160899.906: [GC [PSYoungGen: 1375594K->15024K(1377344K)] 2126493K->766275K(4173568K), 0.0319360 secs] [Times: user=0.05 sys=0.00, real=0.03 secs] 
2016-02-17T15:05:57.570+0800: 160954.284: [GC [PSYoungGen: 1371632K->16512K(1377728K)] 2122883K->767859K(4173952K), 0.0310960 secs] [Times: user=0.05 sys=0.00, real=0.03 secs] 
2016-02-17T15:06:55.673+0800: 161012.387: [GC [PSYoungGen: 1373504K->18256K(1377344K)] 2124851K->769752K(4173568K), 0.0382340 secs] [Times: user=0.05 sys=0.00, real=0.03 secs] 
2016-02-17T15:07:50.452+0800: 161067.166: [GC [PSYoungGen: 1375248K->16176K(1377792K)] 2126744K->767872K(4174016K), 0.0321570 secs] [Times: user=0.05 sys=0.00, real=0.03 secs] 
2016-02-17T15:08:42.514+0800: 161119.229: [GC [PSYoungGen: 1373424K->17952K(1377536K)] 2125120K->769965K(4173760K), 0.0386170 secs] [Times: user=0.05 sys=0.00, real=0.04 secs] 
2016-02-17T15:09:37.301+0800: 161174.016: [GC [PSYoungGen: 1375200K->16032K(1377856K)] 2127213K->768409K(4174080K), 0.0326810 secs] [Times: user=0.04 sys=0.00, real=0.03 secs] 
2016-02-17T15:10:34.871+0800: 161231.586: [GC [PSYoungGen: 1373472K->17760K(1377664K)] 2125849K->770417K(4173888K), 0.0339310 secs] [Times: user=0.06 sys=0.00, real=0.03 secs] 
2016-02-17T15:11:32.805+0800: 161289.520: [GC [PSYoungGen: 1375200K->16352K(1378112K)] 2127857K->769433K(4174336K), 0.0333530 secs] [Times: user=0.06 sys=0.00, real=0.03 secs] 
2016-02-17T15:12:31.000+0800: 161347.714: [GC [PSYoungGen: 1374240K->15584K(1377856K)] 2127321K->768765K(4174080K), 0.0292300 secs] [Times: user=0.05 sys=0.00, real=0.03 secs] 
2016-02-17T15:13:33.187+0800: 161409.902: [GC [PSYoungGen: 1373472K->15712K(1378304K)] 2126653K->769118K(4174528K), 0.0296650 secs] [Times: user=0.04 sys=0.00, real=0.04 secs] 
2016-02-17T15:14:31.669+0800: 161468.383: [GC [PSYoungGen: 1374112K->16576K(1378176K)] 2127518K->770267K(4174400K), 0.0344040 secs] [Times: user=0.06 sys=0.00, real=0.03 secs] 
2016-02-17T15:15:25.742+0800: 161522.456: [GC [PSYoungGen: 1374976K->17136K(1378752K)] 2128667K->771068K(4174976K), 0.0358150 secs] [Times: user=0.05 sys=0.00, real=0.03 secs] 
2016-02-17T15:16:22.444+0800: 161579.159: [GC [PSYoungGen: 1376432K->16640K(1378624K)] 2130364K->770980K(4174848K), 0.0370750 secs] [Times: user=0.05 sys=0.00, real=0.04 secs] 
2016-02-17T15:17:19.239+0800: 161635.953: [GC [PSYoungGen: 1375936K->15840K(1379072K)] 2130276K->770600K(4175296K), 0.0332110 secs] [Times: user=0.05 sys=0.00, real=0.04 secs] 
2016-02-17T15:18:24.508+0800: 161701.223: [GC [PSYoungGen: 1375840K->16928K(1379008K)] 2130600K->771841K(4175232K), 0.0345110 secs] [Times: user=0.05 sys=0.00, real=0.03 secs] 
2016-02-17T15:19:27.345+0800: 161764.060: [GC [PSYoungGen: 1376928K->18848K(1377664K)] 2131841K->774241K(4173888K), 0.0369160 secs] [Times: user=0.05 sys=0.00, real=0.03 secs] 
2016-02-17T15:20:28.783+0800: 161825.497: [GC [PSYoungGen: 1377632K->16128K(1378432K)] 2133025K->771741K(4174656K), 0.0347520 secs] [Times: user=0.05 sys=0.00, real=0.03 secs] 
2016-02-17T15:21:24.351+0800: 161881.065: [GC [PSYoungGen: 1374912K->15440K(1378560K)] 2130525K->771177K(4174784K), 0.0302290 secs] [Times: user=0.05 sys=0.00, real=0.03 secs] 
2016-02-17T15:22:15.062+0800: 161931.776: [GC [PSYoungGen: 1374480K->15504K(1378560K)] 2130217K->771437K(4174784K), 0.0307090 secs] [Times: user=0.05 sys=0.00, real=0.03 secs] 
2016-02-17T15:23:11.937+0800: 161988.652: [GC [PSYoungGen: 1374544K->16672K(1378880K)] 2130477K->772750K(4175104K), 0.0371780 secs] [Times: user=0.06 sys=0.00, real=0.04 secs] 
2016-02-17T15:24:07.733+0800: 162044.448: [GC [PSYoungGen: 1376160K->15472K(1378688K)] 2132238K->771643K(4174912K), 0.0301030 secs] [Times: user=0.05 sys=0.00, real=0.03 secs] 
2016-02-17T15:25:07.033+0800: 162103.748: [GC [PSYoungGen: 1374960K->16016K(1379136K)] 2131131K->772539K(4175360K), 0.0317760 secs] [Times: user=0.05 sys=0.00, real=0.03 secs] 
2016-02-17T15:26:07.957+0800: 162164.672: [GC [PSYoungGen: 1376080K->17232K(1379008K)] 2132603K->773899K(4175232K), 0.0329000 secs] [Times: user=0.05 sys=0.00, real=0.04 secs] 
2016-02-17T15:27:07.941+0800: 162224.656: [GC [PSYoungGen: 1377296K->17216K(1379008K)] 2133963K->774040K(4175232K), 0.0369750 secs] [Times: user=0.06 sys=0.00, real=0.04 secs] 
2016-02-17T15:28:06.256+0800: 162282.970: [GC [PSYoungGen: 1377280K->17408K(1377536K)] 2134104K->774645K(4173760K), 0.0334970 secs] [Times: user=0.05 sys=0.00, real=0.03 secs] 
2016-02-17T15:28:55.980+0800: 162332.695: [GC [PSYoungGen: 1377472K->14880K(1378880K)] 2134709K->772512K(4175104K), 0.0299420 secs] [Times: user=0.05 sys=0.00, real=0.03 secs] 
2016-02-17T15:29:53.395+0800: 162390.109: [GC [PSYoungGen: 1374688K->16864K(1378944K)] 2132320K->774653K(4175168K), 0.0370640 secs] [Times: user=0.05 sys=0.00, real=0.04 secs] 
2016-02-17T15:30:44.360+0800: 162441.074: [GC [PSYoungGen: 1376672K->16752K(1379200K)] 2134461K->774769K(4175424K), 0.0335090 secs] [Times: user=0.05 sys=0.00, real=0.04 secs] 
2016-02-17T15:31:46.648+0800: 162503.363: [GC [PSYoungGen: 1376944K->17712K(1377920K)] 2134961K->776085K(4174144K), 0.0337160 secs] [Times: user=0.05 sys=0.00, real=0.03 secs] 
2016-02-17T15:32:45.373+0800: 162562.087: [GC [PSYoungGen: 1377904K->15680K(1379072K)] 2136277K->774241K(4175296K), 0.0322340 secs] [Times: user=0.04 sys=0.00, real=0.04 secs] 
2016-02-17T15:33:37.897+0800: 162614.612: [GC [PSYoungGen: 1375680K->16992K(1379008K)] 2134241K->775673K(4175232K), 0.0343550 secs] [Times: user=0.05 sys=0.00, real=0.04 secs] 
2016-02-17T15:34:27.286+0800: 162664.000: [GC [PSYoungGen: 1376992K->15344K(1379200K)] 2135673K->774189K(4175424K), 0.0317310 secs] [Times: user=0.05 sys=0.00, real=0.03 secs] 
2016-02-17T15:35:19.851+0800: 162716.565: [GC [PSYoungGen: 1375664K->16208K(1379200K)] 2134509K->775277K(4175424K), 0.0372690 secs] [Times: user=0.05 sys=0.00, real=0.04 secs] 
2016-02-17T15:36:18.599+0800: 162775.313: [GC [PSYoungGen: 1376528K->15344K(1379392K)] 2135597K->774649K(4175616K), 0.0315900 secs] [Times: user=0.05 sys=0.00, real=0.03 secs] 
2016-02-17T15:37:21.924+0800: 162838.638: [GC [PSYoungGen: 1376048K->17729K(1378496K)] 2135353K->777187K(4174720K), 0.0337070 secs] [Times: user=0.05 sys=0.00, real=0.04 secs] 
2016-02-17T15:38:15.172+0800: 162891.886: [GC [PSYoungGen: 1378433K->16672K(1379328K)] 2137891K->776627K(4175552K), 0.0355670 secs] [Times: user=0.05 sys=0.00, real=0.04 secs] 
2016-02-17T15:39:13.498+0800: 162950.212: [GC [PSYoungGen: 1377056K->17888K(1378304K)] 2137011K->778052K(4174528K), 0.0390510 secs] [Times: user=0.05 sys=0.00, real=0.04 secs] 
2016-02-17T15:40:07.342+0800: 163004.056: [GC [PSYoungGen: 1378272K->14768K(1378880K)] 2138436K->775264K(4175104K), 0.0294230 secs] [Times: user=0.05 sys=0.00, real=0.03 secs] 
2016-02-17T15:41:07.725+0800: 163064.440: [GC [PSYoungGen: 1374576K->17552K(1377408K)] 2135072K->778228K(4173632K), 0.0363790 secs] [Times: user=0.05 sys=0.00, real=0.03 secs] 
2016-02-17T15:42:00.892+0800: 163117.606: [GC [PSYoungGen: 1377360K->15040K(1378816K)] 2138036K->776036K(4175040K), 0.0327070 secs] [Times: user=0.05 sys=0.00, real=0.03 secs] 
2016-02-17T15:42:57.865+0800: 163174.579: [GC [PSYoungGen: 1374592K->18656K(1378240K)] 2135588K->779833K(4174464K), 0.0364700 secs] [Times: user=0.04 sys=0.01, real=0.04 secs] 
2016-02-17T15:44:03.826+0800: 163240.541: [GC [PSYoungGen: 1378208K->16256K(1378496K)] 2139385K->777793K(4174720K), 0.0315980 secs] [Times: user=0.05 sys=0.00, real=0.03 secs] 
2016-02-17T15:45:03.680+0800: 163300.394: [GC [PSYoungGen: 1374912K->16528K(1378240K)] 2136449K->778369K(4174464K), 0.0347400 secs] [Times: user=0.04 sys=0.00, real=0.03 secs] 
2016-02-17T15:46:06.912+0800: 163363.626: [GC [PSYoungGen: 1375184K->16896K(1378944K)] 2137025K->778845K(4175168K), 0.0338330 secs] [Times: user=0.06 sys=0.00, real=0.04 secs] 
2016-02-17T15:47:01.679+0800: 163418.393: [GC [PSYoungGen: 1376576K->16864K(1378816K)] 2138525K->779118K(4175040K), 0.0332920 secs] [Times: user=0.05 sys=0.00, real=0.04 secs] 
2016-02-17T15:48:02.374+0800: 163479.088: [GC [PSYoungGen: 1376544K->18000K(1378560K)] 2138798K->780535K(4174784K), 0.0345890 secs] [Times: user=0.05 sys=0.00, real=0.04 secs] 
2016-02-17T15:48:54.796+0800: 163531.511: [GC [PSYoungGen: 1377077K->17319K(1378816K)] 2139612K->780159K(4175040K), 0.0303440 secs] [Times: user=0.04 sys=0.00, real=0.03 secs] 
2016-02-17T15:50:01.399+0800: 163598.113: [GC [PSYoungGen: 1376871K->19168K(1377344K)] 2139711K->782401K(4173568K), 0.0374280 secs] [Times: user=0.06 sys=0.00, real=0.04 secs] 
2016-02-17T15:50:49.625+0800: 163646.340: [GC [PSYoungGen: 1377312K->14816K(1372992K)] 2140545K->778390K(4169216K), 0.0293640 secs] [Times: user=0.05 sys=0.00, real=0.03 secs] 
2016-02-17T15:51:49.847+0800: 163706.561: [GC [PSYoungGen: 1372960K->16000K(1378176K)] 2136534K->780182K(4174400K), 0.0312080 secs] [Times: user=0.05 sys=0.00, real=0.03 secs] 
2016-02-17T15:52:45.205+0800: 163761.920: [GC [PSYoungGen: 1374080K->16080K(1377984K)] 2138262K->780363K(4174208K), 0.0333070 secs] [Times: user=0.06 sys=0.00, real=0.03 secs] 
2016-02-17T15:53:40.696+0800: 163817.410: [GC [PSYoungGen: 1374160K->16016K(1378560K)] 2138443K->780603K(4174784K), 0.0351990 secs] [Times: user=0.04 sys=0.01, real=0.04 secs] 
2016-02-17T15:54:31.546+0800: 163868.260: [GC [PSYoungGen: 1374864K->14112K(1378368K)] 2139451K->778831K(4174592K), 0.0276860 secs] [Times: user=0.04 sys=0.00, real=0.03 secs] 
2016-02-17T15:55:25.384+0800: 163922.099: [GC [PSYoungGen: 1372960K->15392K(1378560K)] 2137679K->780368K(4174784K), 0.0303340 secs] [Times: user=0.04 sys=0.01, real=0.03 secs] 
2016-02-17T15:56:20.519+0800: 163977.234: [GC [PSYoungGen: 1374240K->15760K(1378368K)] 2139216K->780924K(4174592K), 0.0303990 secs] [Times: user=0.05 sys=0.00, real=0.03 secs] 
2016-02-17T15:57:15.082+0800: 164031.796: [GC [PSYoungGen: 1374608K->17696K(1378368K)] 2139772K->783009K(4174592K), 0.0372620 secs] [Times: user=0.05 sys=0.00, real=0.04 secs] 
2016-02-17T15:58:07.249+0800: 164083.963: [GC [PSYoungGen: 1376736K->16480K(1378560K)] 2142049K->782253K(4174784K), 0.0316870 secs] [Times: user=0.05 sys=0.00, real=0.03 secs] 
2016-02-17T15:58:56.484+0800: 164133.198: [GC [PSYoungGen: 1375520K->13920K(1378560K)] 2141293K->779820K(4174784K), 0.0293630 secs] [Times: user=0.05 sys=0.00, real=0.03 secs] 
2016-02-17T15:59:49.953+0800: 164186.667: [GC [PSYoungGen: 1373216K->15904K(1378688K)] 2139116K->782062K(4174912K), 0.0337740 secs] [Times: user=0.04 sys=0.00, real=0.03 secs] 
2016-02-17T16:00:50.470+0800: 164247.184: [GC [PSYoungGen: 1375200K->16897K(1378944K)] 2141358K->783291K(4175168K), 0.0352770 secs] [Times: user=0.05 sys=0.00, real=0.03 secs] 
2016-02-17T16:01:52.861+0800: 164309.575: [GC [PSYoungGen: 1376705K->16896K(1378944K)] 2143099K->783816K(4175168K), 0.0365380 secs] [Times: user=0.05 sys=0.00, real=0.04 secs] 
2016-02-17T16:02:47.684+0800: 164364.399: [GC [PSYoungGen: 1376704K->16832K(1379072K)] 2143624K->783925K(4175296K), 0.0339600 secs] [Times: user=0.05 sys=0.00, real=0.03 secs] 
2016-02-17T16:03:44.434+0800: 164421.149: [GC [PSYoungGen: 1376832K->16880K(1379008K)] 2143925K->784098K(4175232K), 0.0452930 secs] [Times: user=0.06 sys=0.00, real=0.04 secs] 
2016-02-17T16:04:40.390+0800: 164477.104: [GC [PSYoungGen: 1376880K->16960K(1379200K)] 2144098K->784499K(4175424K), 0.0344350 secs] [Times: user=0.05 sys=0.00, real=0.04 secs] 
2016-02-17T16:05:31.023+0800: 164527.738: [GC [PSYoungGen: 1377216K->15280K(1379136K)] 2144755K->783222K(4175360K), 0.0307750 secs] [Times: user=0.05 sys=0.00, real=0.03 secs] 
2016-02-17T16:06:22.812+0800: 164579.526: [GC [PSYoungGen: 1375536K->14496K(1379072K)] 2143478K->782614K(4175296K), 0.0300440 secs] [Times: user=0.05 sys=0.00, real=0.03 secs] 
2016-02-17T16:07:28.178+0800: 164644.893: [GC [PSYoungGen: 1374688K->17344K(1377600K)] 2142806K->785691K(4173824K), 0.0379420 secs] [Times: user=0.04 sys=0.00, real=0.04 secs] 
2016-02-17T16:08:19.671+0800: 164696.386: [GC [PSYoungGen: 1377536K->15663K(1379136K)] 2145883K->784338K(4175360K), 0.0312560 secs] [Times: user=0.05 sys=0.00, real=0.04 secs] 
2016-02-17T16:09:19.236+0800: 164755.950: [GC [PSYoungGen: 1375727K->17680K(1377792K)] 2144402K->786753K(4174016K), 0.0340730 secs] [Times: user=0.05 sys=0.00, real=0.04 secs] 
2016-02-17T16:10:16.140+0800: 164812.854: [GC [PSYoungGen: 1377744K->17376K(1378752K)] 2146817K->786850K(4174976K), 0.0352870 secs] [Times: user=0.04 sys=0.00, real=0.03 secs] 
2016-02-17T16:11:12.852+0800: 164869.566: [GC [PSYoungGen: 1376928K->15488K(1378816K)] 2146402K->785259K(4175040K), 0.0294520 secs] [Times: user=0.05 sys=0.00, real=0.03 secs] 
2016-02-17T16:12:04.769+0800: 164921.483: [GC [PSYoungGen: 1375040K->18000K(1378240K)] 2144811K->788051K(4174464K), 0.0343130 secs] [Times: user=0.06 sys=0.00, real=0.03 secs] 
2016-02-17T16:13:06.987+0800: 164983.702: [GC [PSYoungGen: 1377040K->18080K(1377152K)] 2147091K->788456K(4173376K), 0.0334360 secs] [Times: user=0.06 sys=0.00, real=0.03 secs] 
2016-02-17T16:13:57.103+0800: 165033.817: [GC [PSYoungGen: 1377120K->15808K(1378432K)] 2147496K->786428K(4174656K), 0.0373300 secs] [Times: user=0.04 sys=0.00, real=0.04 secs] 
2016-02-17T16:14:49.940+0800: 165086.655: [GC [PSYoungGen: 1374464K->16928K(1378304K)] 2145084K->787761K(4174528K), 0.0358160 secs] [Times: user=0.05 sys=0.00, real=0.04 secs] 
2016-02-17T16:15:50.538+0800: 165147.252: [GC [PSYoungGen: 1375584K->16640K(1378880K)] 2146417K->787685K(4175104K), 0.0345100 secs] [Times: user=0.05 sys=0.00, real=0.04 secs] 
2016-02-17T16:16:46.471+0800: 165203.186: [GC [PSYoungGen: 1376064K->16832K(1378624K)] 2147109K->787997K(4174848K), 0.0350800 secs] [Times: user=0.05 sys=0.00, real=0.03 secs] 
2016-02-17T16:17:40.837+0800: 165257.552: [GC [PSYoungGen: 1376256K->16704K(1379264K)] 2147421K->788226K(4175488K), 0.0330980 secs] [Times: user=0.05 sys=0.00, real=0.03 secs] 
2016-02-17T16:18:31.895+0800: 165308.610: [GC [PSYoungGen: 1376960K->15920K(1379072K)] 2148482K->787699K(4175296K), 0.0312900 secs] [Times: user=0.05 sys=0.00, real=0.03 secs] 
2016-02-17T16:19:24.297+0800: 165361.011: [GC [PSYoungGen: 1376176K->16416K(1379584K)] 2147955K->788568K(4175808K), 0.0327370 secs] [Times: user=0.04 sys=0.01, real=0.04 secs] 
2016-02-17T16:20:11.471+0800: 165408.185: [GC [PSYoungGen: 1377312K->13520K(1374464K)] 2149464K->786012K(4170688K), 0.0295010 secs] [Times: user=0.03 sys=0.00, real=0.03 secs] 
2016-02-17T16:21:05.332+0800: 165462.046: [GC [PSYoungGen: 1374416K->15424K(1379328K)] 2146908K->788204K(4175552K), 0.0305210 secs] [Times: user=0.05 sys=0.00, real=0.03 secs] 
2016-02-17T16:21:55.244+0800: 165511.958: [GC [PSYoungGen: 1375936K->15488K(1379264K)] 2148716K->788421K(4175488K), 0.0338980 secs] [Times: user=0.05 sys=0.01, real=0.03 secs] 
2016-02-17T16:22:51.598+0800: 165568.312: [GC [PSYoungGen: 1376000K->16336K(1379648K)] 2148933K->789453K(4175872K), 0.0309190 secs] [Times: user=0.04 sys=0.00, real=0.03 secs] 
2016-02-17T16:23:51.241+0800: 165627.956: [GC [PSYoungGen: 1377360K->17584K(1378624K)] 2150477K->790861K(4174848K), 0.0344730 secs] [Times: user=0.05 sys=0.00, real=0.04 secs] 
2016-02-17T16:24:40.181+0800: 165676.896: [GC [PSYoungGen: 1378608K->16992K(1379328K)] 2151885K->790570K(4175552K), 0.0383930 secs] [Times: user=0.05 sys=0.00, real=0.04 secs] 
2016-02-17T16:25:33.731+0800: 165730.446: [GC [PSYoungGen: 1377568K->14848K(1375424K)] 2151146K->788821K(4171648K), 0.0306760 secs] [Times: user=0.05 sys=0.00, real=0.03 secs] 
2016-02-17T16:26:30.849+0800: 165787.563: [GC [PSYoungGen: 1375424K->17382K(1379008K)] 2149397K->791480K(4175232K), 0.0363820 secs] [Times: user=0.05 sys=0.00, real=0.04 secs] 
2016-02-17T16:27:30.444+0800: 165847.159: [GC [PSYoungGen: 1377574K->16576K(1379136K)] 2151672K->790954K(4175360K), 0.0352510 secs] [Times: user=0.05 sys=0.00, real=0.03 secs] 
2016-02-17T16:28:24.665+0800: 165901.379: [GC [PSYoungGen: 1376462K->18785K(1374400K)] 2150840K->797909K(4170624K), 0.0764320 secs] [Times: user=0.10 sys=0.00, real=0.08 secs] 
2016-02-17T16:29:13.294+0800: 165950.008: [GC [PSYoungGen: 1374369K->14816K(1376832K)] 2153493K->794144K(4173056K), 0.0297790 secs] [Times: user=0.05 sys=0.00, real=0.02 secs] 
2016-02-17T16:30:03.388+0800: 166000.103: [GC [PSYoungGen: 1370400K->16768K(1377280K)] 2149728K->796425K(4173504K), 0.0344980 secs] [Times: user=0.04 sys=0.01, real=0.03 secs] 
2016-02-17T16:30:57.993+0800: 166054.707: [GC [PSYoungGen: 1372864K->17232K(1376896K)] 2152521K->797241K(4173120K), 0.0367820 secs] [Times: user=0.06 sys=0.00, real=0.04 secs] 
2016-02-17T16:31:55.051+0800: 166111.766: [GC [PSYoungGen: 1373328K->18112K(1377408K)] 2153337K->798405K(4173632K), 0.0331780 secs] [Times: user=0.06 sys=0.00, real=0.04 secs] 
2016-02-17T16:32:59.662+0800: 166176.376: [GC [PSYoungGen: 1374976K->19360K(1376256K)] 2155269K->799854K(4172480K), 0.0395190 secs] [Times: user=0.06 sys=0.00, real=0.04 secs] 
2016-02-17T16:33:50.405+0800: 166227.119: [GC [PSYoungGen: 1376224K->16432K(1377216K)] 2156718K->797138K(4173440K), 0.0329880 secs] [Times: user=0.05 sys=0.00, real=0.03 secs] 
2016-02-17T16:34:43.357+0800: 166280.071: [GC [PSYoungGen: 1372528K->18016K(1376960K)] 2153234K->799147K(4173184K), 0.0392290 secs] [Times: user=0.05 sys=0.00, real=0.04 secs] 
2016-02-17T16:35:37.120+0800: 166333.834: [GC [PSYoungGen: 1374112K->15072K(1377216K)] 2155243K->796483K(4173440K), 0.0341420 secs] [Times: user=0.05 sys=0.00, real=0.03 secs] 
2016-02-17T16:36:36.510+0800: 166393.224: [GC [PSYoungGen: 1371424K->15280K(1377216K)] 2152835K->797020K(4173440K), 0.0313590 secs] [Times: user=0.04 sys=0.00, real=0.03 secs] 
2016-02-17T16:37:28.493+0800: 166445.207: [GC [PSYoungGen: 1371632K->14400K(1377216K)] 2153372K->796276K(4173440K), 0.0362430 secs] [Times: user=0.05 sys=0.00, real=0.03 secs] 
2016-02-17T16:38:31.203+0800: 166507.917: [GC [PSYoungGen: 1370880K->16656K(1377280K)] 2152756K->798821K(4173504K), 0.0327980 secs] [Times: user=0.05 sys=0.00, real=0.03 secs] 
2016-02-17T16:39:23.430+0800: 166560.145: [GC [PSYoungGen: 1373136K->17648K(1377664K)] 2155301K->800102K(4173888K), 0.0369100 secs] [Times: user=0.05 sys=0.00, real=0.04 secs] 
2016-02-17T16:40:16.230+0800: 166612.945: [GC [PSYoungGen: 1374896K->16416K(1377664K)] 2157350K->799210K(4173888K), 0.0358410 secs] [Times: user=0.05 sys=0.00, real=0.04 secs] 
2016-02-17T16:41:04.613+0800: 166661.327: [GC [PSYoungGen: 1373664K->14608K(1377984K)] 2156458K->797602K(4174208K), 0.0287950 secs] [Times: user=0.04 sys=0.00, real=0.03 secs] 
2016-02-17T16:41:57.833+0800: 166714.548: [GC [PSYoungGen: 1372496K->14896K(1377984K)] 2155490K->798022K(4174208K), 0.0295320 secs] [Times: user=0.05 sys=0.00, real=0.03 secs] 
2016-02-17T16:42:53.721+0800: 166770.435: [GC [PSYoungGen: 1372784K->17348K(1378048K)] 2155910K->800779K(4174272K), 0.0330190 secs] [Times: user=0.06 sys=0.00, real=0.03 secs] 
2016-02-17T16:43:49.367+0800: 166826.081: [GC [PSYoungGen: 1375364K->14448K(1378048K)] 2158795K->798285K(4174272K), 0.0291870 secs] [Times: user=0.05 sys=0.00, real=0.03 secs] 
2016-02-17T16:44:45.082+0800: 166881.796: [GC [PSYoungGen: 1372464K->17312K(1378048K)] 2156301K->801345K(4174272K), 0.0341870 secs] [Times: user=0.05 sys=0.00, real=0.04 secs] 
2016-02-17T16:45:35.313+0800: 166932.028: [GC [PSYoungGen: 1375328K->15392K(1378048K)] 2159361K->799513K(4174272K), 0.0310940 secs] [Times: user=0.05 sys=0.00, real=0.03 secs] 
2016-02-17T16:46:33.578+0800: 166990.292: [GC [PSYoungGen: 1373408K->17296K(1378240K)] 2157529K->801641K(4174464K), 0.0362900 secs] [Times: user=0.05 sys=0.00, real=0.04 secs] 
2016-02-17T16:47:26.984+0800: 167043.698: [GC [PSYoungGen: 1375696K->15809K(1378240K)] 2160041K->800386K(4174464K), 0.0308170 secs] [Times: user=0.04 sys=0.00, real=0.02 secs] 
2016-02-17T16:48:28.010+0800: 167104.724: [GC [PSYoungGen: 1374209K->18000K(1377856K)] 2158786K->802923K(4174080K), 0.0328660 secs] [Times: user=0.05 sys=0.00, real=0.04 secs] 
2016-02-17T16:49:24.666+0800: 167161.380: [GC [PSYoungGen: 1376272K->15450K(1378176K)] 2161195K->800558K(4174400K), 0.0355170 secs] [Times: user=0.06 sys=0.00, real=0.04 secs] 
2016-02-17T16:50:24.813+0800: 167221.527: [GC [PSYoungGen: 1373722K->17056K(1378432K)] 2158830K->802410K(4174656K), 0.0317480 secs] [Times: user=0.05 sys=0.00, real=0.03 secs] 
2016-02-17T16:51:18.852+0800: 167275.566: [GC [PSYoungGen: 1375776K->15200K(1378368K)] 2161130K->800678K(4174592K), 0.0324490 secs] [Times: user=0.04 sys=0.01, real=0.03 secs] 
2016-02-17T16:52:11.335+0800: 167328.050: [GC [PSYoungGen: 1373920K->17408K(1378304K)] 2159398K->803070K(4174528K), 0.0340000 secs] [Times: user=0.06 sys=0.00, real=0.04 secs] 
2016-02-17T16:53:02.545+0800: 167379.259: [GC [PSYoungGen: 1376192K->16736K(1378432K)] 2161854K->802650K(4174656K), 0.0329280 secs] [Times: user=0.05 sys=0.00, real=0.03 secs] 
2016-02-17T16:53:52.205+0800: 167428.919: [GC [PSYoungGen: 1375520K->14560K(1378624K)] 2161434K->800654K(4174848K), 0.0298630 secs] [Times: user=0.05 sys=0.00, real=0.03 secs] 
2016-02-17T16:54:52.664+0800: 167489.379: [GC [PSYoungGen: 1373728K->18400K(1377600K)] 2159822K->804615K(4173824K), 0.0366850 secs] [Times: user=0.06 sys=0.00, real=0.04 secs] 
2016-02-17T16:55:46.600+0800: 167543.314: [GC [PSYoungGen: 1377568K->16288K(1378432K)] 2163783K->802631K(4174656K), 0.0349920 secs] [Times: user=0.05 sys=0.00, real=0.04 secs] 
2016-02-17T16:56:43.305+0800: 167600.020: [GC [PSYoungGen: 1374752K->16832K(1378112K)] 2161095K->803460K(4174336K), 0.0339430 secs] [Times: user=0.05 sys=0.00, real=0.03 secs] 
2016-02-17T16:57:41.147+0800: 167657.861: [GC [PSYoungGen: 1375296K->14848K(1378624K)] 2161924K->801889K(4174848K), 0.0298750 secs] [Times: user=0.05 sys=0.00, real=0.04 secs] 
2016-02-17T16:58:38.984+0800: 167715.698: [GC [PSYoungGen: 1374016K->15216K(1378624K)] 2161057K->802621K(4174848K), 0.0413850 secs] [Times: user=0.05 sys=0.00, real=0.04 secs] 
2016-02-17T16:59:36.008+0800: 167772.723: [GC [PSYoungGen: 1374384K->16672K(1378880K)] 2161789K->804225K(4175104K), 0.0395720 secs] [Times: user=0.05 sys=0.00, real=0.04 secs] 
2016-02-17T17:00:32.976+0800: 167829.690: [GC [PSYoungGen: 1376224K->16384K(1378752K)] 2163777K->804053K(4174976K), 0.0333150 secs] [Times: user=0.04 sys=0.00, real=0.04 secs] 
2016-02-17T17:01:28.442+0800: 167885.156: [GC [PSYoungGen: 1375936K->13632K(1378752K)] 2163605K->801637K(4174976K), 0.0309070 secs] [Times: user=0.05 sys=0.00, real=0.04 secs] 
2016-02-17T17:02:22.134+0800: 167938.848: [GC [PSYoungGen: 1373440K->15696K(1378944K)] 2161445K->803881K(4175168K), 0.0320300 secs] [Times: user=0.05 sys=0.00, real=0.03 secs] 
2016-02-17T17:03:22.342+0800: 167999.057: [GC [PSYoungGen: 1375504K->16288K(1379392K)] 2163689K->804797K(4175616K), 0.0348660 secs] [Times: user=0.06 sys=0.00, real=0.04 secs] 
2016-02-17T17:04:18.018+0800: 168054.733: [GC [PSYoungGen: 1376800K->16326K(1379200K)] 2165309K->805028K(4175424K), 0.0331180 secs] [Times: user=0.05 sys=0.00, real=0.03 secs] 
2016-02-17T17:05:11.561+0800: 168108.276: [GC [PSYoungGen: 1376838K->14672K(1379520K)] 2165540K->803627K(4175744K), 0.0325880 secs] [Times: user=0.04 sys=0.01, real=0.03 secs] 
2016-02-17T17:06:08.186+0800: 168164.900: [GC [PSYoungGen: 1375632K->15200K(1379520K)] 2164587K->804291K(4175744K), 0.0357500 secs] [Times: user=0.04 sys=0.00, real=0.03 secs] 
2016-02-17T17:07:08.322+0800: 168225.036: [GC [PSYoungGen: 1376160K->17116K(1379200K)] 2165251K->806457K(4175424K), 0.0402470 secs] [Times: user=0.05 sys=0.00, real=0.04 secs] 
2016-02-17T17:08:06.418+0800: 168283.132: [GC [PSYoungGen: 1377948K->16640K(1379456K)] 2167289K->806341K(4175680K), 0.0324110 secs] [Times: user=0.05 sys=0.00, real=0.03 secs] 
2016-02-17T17:09:04.375+0800: 168341.090: [GC [PSYoungGen: 1377472K->16832K(1379456K)] 2167173K->806758K(4175680K), 0.0324440 secs] [Times: user=0.05 sys=0.00, real=0.03 secs] 
2016-02-17T17:09:54.354+0800: 168391.068: [GC [PSYoungGen: 1377664K->15776K(1379456K)] 2167590K->806094K(4175680K), 0.0295710 secs] [Times: user=0.05 sys=0.00, real=0.03 secs] 
2016-02-17T17:10:48.591+0800: 168445.305: [GC [PSYoungGen: 1376608K->17088K(1379264K)] 2166926K->807491K(4175488K), 0.0360250 secs] [Times: user=0.05 sys=0.00, real=0.03 secs] 
2016-02-17T17:11:48.548+0800: 168505.263: [GC [PSYoungGen: 1377920K->17712K(1378560K)] 2168323K->808404K(4174784K), 0.0345240 secs] [Times: user=0.06 sys=0.00, real=0.03 secs] 
2016-02-17T17:12:55.409+0800: 168572.124: [GC [PSYoungGen: 1378544K->18256K(1378240K)] 2169236K->809375K(4174464K), 0.0375800 secs] [Times: user=0.05 sys=0.00, real=0.03 secs] 
2016-02-17T17:13:56.152+0800: 168632.867: [GC [PSYoungGen: 1377552K->15904K(1378688K)] 2168671K->807204K(4174912K), 0.0329650 secs] [Times: user=0.05 sys=0.00, real=0.04 secs] 
2016-02-17T17:14:51.308+0800: 168688.023: [GC [PSYoungGen: 1375200K->14560K(1378752K)] 2166500K->806172K(4174976K), 0.0276110 secs] [Times: user=0.05 sys=0.00, real=0.03 secs] 
2016-02-17T17:15:43.593+0800: 168740.307: [GC [PSYoungGen: 1374112K->15456K(1378816K)] 2165724K->807397K(4175040K), 0.0328990 secs] [Times: user=0.06 sys=0.00, real=0.03 secs] 
2016-02-17T17:16:39.199+0800: 168795.913: [GC [PSYoungGen: 1375008K->14928K(1379072K)] 2166949K->807293K(4175296K), 0.0307610 secs] [Times: user=0.05 sys=0.00, real=0.03 secs] 
2016-02-17T17:17:31.402+0800: 168848.116: [GC [PSYoungGen: 1374928K->13408K(1373440K)] 2167293K->805948K(4169664K), 0.0298440 secs] [Times: user=0.05 sys=0.00, real=0.02 secs] 
2016-02-17T17:18:29.229+0800: 168905.944: [GC [PSYoungGen: 1373408K->17111K(1378624K)] 2165948K->809848K(4174848K), 0.0317430 secs] [Times: user=0.05 sys=0.00, real=0.03 secs] 
2016-02-17T17:19:24.321+0800: 168961.035: [GC [PSYoungGen: 1376535K->16944K(1376384K)] 2169272K->810620K(4172608K), 0.0379830 secs] [Times: user=0.05 sys=0.00, real=0.04 secs] 
2016-02-17T17:20:16.513+0800: 169013.228: [GC [PSYoungGen: 1376368K->14208K(1378752K)] 2170044K->808208K(4174976K), 0.0319580 secs] [Times: user=0.05 sys=0.00, real=0.03 secs] 
2016-02-17T17:21:12.548+0800: 169069.263: [GC [PSYoungGen: 1373568K->15104K(1378688K)] 2167568K->809275K(4174912K), 0.0300190 secs] [Times: user=0.05 sys=0.01, real=0.02 secs] 
2016-02-17T17:22:10.844+0800: 169127.559: [GC [PSYoungGen: 1374464K->15472K(1379200K)] 2168635K->809914K(4175424K), 0.0315050 secs] [Times: user=0.05 sys=0.00, real=0.03 secs] 
2016-02-17T17:23:18.736+0800: 169195.450: [GC [PSYoungGen: 1375536K->17440K(1377536K)] 2169978K->812150K(4173760K), 0.0388530 secs] [Times: user=0.05 sys=0.01, real=0.04 secs] 
2016-02-17T17:24:17.142+0800: 169253.857: [GC [PSYoungGen: 1377504K->15680K(1379200K)] 2172214K->810610K(4175424K), 0.0328870 secs] [Times: user=0.05 sys=0.00, real=0.03 secs] 
2016-02-17T17:25:08.457+0800: 169305.172: [GC [PSYoungGen: 1375680K->14736K(1378880K)] 2170610K->809759K(4175104K), 0.0298420 secs] [Times: user=0.05 sys=0.00, real=0.03 secs] 
2016-02-17T17:26:02.560+0800: 169359.274: [GC [PSYoungGen: 1374736K->15232K(1379520K)] 2169759K->810576K(4175744K), 0.0372400 secs] [Times: user=0.05 sys=0.00, real=0.04 secs] 
2016-02-17T17:26:59.550+0800: 169416.264: [GC [PSYoungGen: 1375936K->14624K(1379264K)] 2171280K->810192K(4175488K), 0.0318500 secs] [Times: user=0.05 sys=0.00, real=0.03 secs] 
2016-02-17T17:27:49.636+0800: 169466.350: [GC [PSYoungGen: 1375328K->14928K(1379776K)] 2170896K->810653K(4176000K), 0.0289710 secs] [Times: user=0.05 sys=0.00, real=0.03 secs] 
2016-02-17T17:28:44.359+0800: 169521.073: [GC [PSYoungGen: 1376208K->16672K(1379584K)] 2171933K->812697K(4175808K), 0.0305520 secs] [Times: user=0.05 sys=0.00, real=0.04 secs] 
2016-02-17T17:29:42.979+0800: 169579.694: [GC [PSYoungGen: 1377952K->16320K(1379648K)] 2173977K->812469K(4175872K), 0.0315230 secs] [Times: user=0.05 sys=0.00, real=0.03 secs] 
2016-02-17T17:30:40.953+0800: 169637.668: [GC [PSYoungGen: 1377536K->14368K(1379648K)] 2173685K->810698K(4175872K), 0.0307180 secs] [Times: user=0.04 sys=0.01, real=0.03 secs] 
2016-02-17T17:31:30.527+0800: 169687.242: [GC [PSYoungGen: 1375584K->11680K(1378944K)] 2171914K->808226K(4175168K), 0.0248600 secs] [Times: user=0.05 sys=0.00, real=0.03 secs] 
2016-02-17T17:32:31.996+0800: 169748.710: [GC [PSYoungGen: 1372256K->15936K(1379328K)] 2168802K->812610K(4175552K), 0.0321790 secs] [Times: user=0.05 sys=0.00, real=0.04 secs] 
2016-02-17T17:33:37.179+0800: 169813.894: [GC [PSYoungGen: 1376512K->16880K(1378880K)] 2173186K->813795K(4175104K), 0.0328830 secs] [Times: user=0.06 sys=0.00, real=0.04 secs] 
2016-02-17T17:34:39.088+0800: 169875.802: [GC [PSYoungGen: 1377072K->14656K(1379136K)] 2173987K->811667K(4175360K), 0.0293920 secs] [Times: user=0.04 sys=0.00, real=0.03 secs] 
2016-02-17T17:35:34.760+0800: 169931.475: [GC [PSYoungGen: 1374848K->13408K(1379328K)] 2171859K->810557K(4175552K), 0.0270910 secs] [Times: user=0.04 sys=0.01, real=0.03 secs] 
2016-02-17T17:36:36.058+0800: 169992.772: [GC [PSYoungGen: 1373984K->16608K(1377216K)] 2171133K->814032K(4173440K), 0.0331710 secs] [Times: user=0.05 sys=0.00, real=0.03 secs] 
2016-02-17T17:37:37.890+0800: 170054.604: [GC [PSYoungGen: 1377184K->15584K(1379392K)] 2174608K->813509K(4175616K), 0.0317080 secs] [Times: user=0.05 sys=0.00, real=0.03 secs] 
2016-02-17T17:38:44.233+0800: 170120.947: [GC [PSYoungGen: 1376032K->17344K(1377856K)] 2173957K->815485K(4174080K), 0.0352720 secs] [Times: user=0.05 sys=0.00, real=0.03 secs] 
2016-02-17T17:39:45.387+0800: 170182.101: [GC [PSYoungGen: 1377792K->17190K(1378496K)] 2175933K->815420K(4174720K), 0.0342130 secs] [Times: user=0.05 sys=0.00, real=0.04 secs] 
2016-02-17T17:40:48.854+0800: 170245.568: [GC [PSYoungGen: 1376614K->17096K(1376576K)] 2174844K->815654K(4172800K), 0.0366770 secs] [Times: user=0.05 sys=0.00, real=0.04 secs] 
2016-02-17T17:41:42.210+0800: 170298.924: [GC [PSYoungGen: 1376520K->17186K(1378304K)] 2175078K->816051K(4174528K), 0.0354670 secs] [Times: user=0.06 sys=0.00, real=0.04 secs] 
2016-02-17T17:42:37.531+0800: 170354.245: [GC [PSYoungGen: 1375970K->14528K(1378432K)] 2174835K->813691K(4174656K), 0.0291410 secs] [Times: user=0.05 sys=0.00, real=0.03 secs] 
2016-02-17T17:43:40.994+0800: 170417.708: [GC [PSYoungGen: 1373312K->15936K(1378880K)] 2172475K->815244K(4175104K), 0.0339790 secs] [Times: user=0.05 sys=0.00, real=0.03 secs] 
2016-02-17T17:44:44.698+0800: 170481.413: [GC [PSYoungGen: 1375296K->18230K(1377600K)] 2174604K->817686K(4173824K), 0.0388450 secs] [Times: user=0.04 sys=0.00, real=0.04 secs] 
2016-02-17T17:45:41.957+0800: 170538.671: [GC [PSYoungGen: 1377590K->16064K(1378688K)] 2177046K->815849K(4174912K), 0.0308530 secs] [Times: user=0.05 sys=0.01, real=0.02 secs] 
2016-02-17T17:46:48.160+0800: 170604.875: [GC [PSYoungGen: 1375040K->18657K(1377664K)] 2174825K->818789K(4173888K), 0.0335970 secs] [Times: user=0.05 sys=0.00, real=0.04 secs] 
2016-02-17T17:47:41.212+0800: 170657.927: [GC [PSYoungGen: 1377633K->14336K(1378112K)] 2177765K->814624K(4174336K), 0.0288070 secs] [Times: user=0.04 sys=0.00, real=0.03 secs] 
2016-02-17T17:48:42.559+0800: 170719.273: [GC [PSYoungGen: 1372416K->17696K(1375808K)] 2172704K->818236K(4172032K), 0.0339810 secs] [Times: user=0.04 sys=0.00, real=0.03 secs] 
2016-02-17T17:49:35.835+0800: 170772.550: [GC [PSYoungGen: 1375776K->15936K(1378240K)] 2176316K->816900K(4174464K), 0.0322870 secs] [Times: user=0.05 sys=0.00, real=0.03 secs] 
2016-02-17T17:50:39.216+0800: 170835.930: [GC [PSYoungGen: 1374016K->16112K(1377920K)] 2174980K->817212K(4174144K), 0.0317120 secs] [Times: user=0.05 sys=0.00, real=0.03 secs] 
2016-02-17T17:51:40.973+0800: 170897.687: [GC [PSYoungGen: 1374192K->15664K(1378816K)] 2175292K->816912K(4175040K), 0.0315840 secs] [Times: user=0.05 sys=0.00, real=0.03 secs] 
2016-02-17T17:52:41.125+0800: 170957.840: [GC [PSYoungGen: 1374960K->14816K(1378560K)] 2176208K->816416K(4174784K), 0.0351830 secs] [Times: user=0.05 sys=0.00, real=0.04 secs] 
2016-02-17T17:53:27.782+0800: 171004.497: [GC [PSYoungGen: 1374112K->12080K(1378112K)] 2175712K->814017K(4174336K), 0.0274440 secs] [Times: user=0.03 sys=0.01, real=0.03 secs] 
2016-02-17T17:54:19.017+0800: 171055.732: [GC [PSYoungGen: 1370992K->13696K(1378496K)] 2172929K->815862K(4174720K), 0.0283250 secs] [Times: user=0.05 sys=0.00, real=0.03 secs] 
2016-02-17T17:55:19.669+0800: 171116.383: [GC [PSYoungGen: 1372608K->14576K(1378816K)] 2174774K->816886K(4175040K), 0.0304100 secs] [Times: user=0.04 sys=0.01, real=0.03 secs] 
2016-02-17T17:56:20.460+0800: 171177.174: [GC [PSYoungGen: 1373872K->16352K(1378560K)] 2176182K->818907K(4174784K), 0.0318470 secs] [Times: user=0.06 sys=0.00, real=0.03 secs] 
2016-02-17T17:57:26.854+0800: 171243.568: [GC [PSYoungGen: 1375648K->14919K(1379136K)] 2178203K->817855K(4175360K), 0.0339980 secs] [Times: user=0.04 sys=0.00, real=0.03 secs] 
2016-02-17T17:58:32.800+0800: 171309.515: [GC [PSYoungGen: 1374791K->17680K(1377600K)] 2177727K->820789K(4173824K), 0.0338130 secs] [Times: user=0.05 sys=0.00, real=0.03 secs] 
2016-02-17T17:59:36.482+0800: 171373.196: [GC [PSYoungGen: 1377552K->16672K(1378624K)] 2180661K->820151K(4174848K), 0.0322740 secs] [Times: user=0.05 sys=0.00, real=0.03 secs] 
2016-02-17T18:00:31.779+0800: 171428.494: [GC [PSYoungGen: 1375840K->14496K(1378624K)] 2179319K->818323K(4174848K), 0.0314310 secs] [Times: user=0.05 sys=0.00, real=0.03 secs] 
2016-02-17T18:01:39.073+0800: 171495.787: [GC [PSYoungGen: 1373664K->16125K(1378944K)] 2177491K->820241K(4175168K), 0.0316450 secs] [Times: user=0.05 sys=0.00, real=0.03 secs] 
2016-02-17T18:02:43.874+0800: 171560.589: [GC [PSYoungGen: 1375741K->16640K(1378752K)] 2179857K->821257K(4174976K), 0.0322360 secs] [Times: user=0.05 sys=0.00, real=0.03 secs] 
2016-02-17T18:03:40.799+0800: 171617.513: [GC [PSYoungGen: 1376256K->15435K(1379200K)] 2180873K->820409K(4175424K), 0.0297200 secs] [Times: user=0.04 sys=0.00, real=0.04 secs] 
2016-02-17T18:04:34.813+0800: 171671.527: [GC [PSYoungGen: 1375499K->14272K(1378944K)] 2180473K->819529K(4175168K), 0.0341910 secs] [Times: user=0.05 sys=0.01, real=0.04 secs] 
2016-02-17T18:05:30.229+0800: 171726.944: [GC [PSYoungGen: 1374336K->15360K(1379584K)] 2179593K->820737K(4175808K), 0.0314100 secs] [Times: user=0.05 sys=0.00, real=0.03 secs] 
2016-02-17T18:06:29.608+0800: 171786.322: [GC [PSYoungGen: 1376128K->14336K(1379264K)] 2181505K->819922K(4175488K), 0.0296000 secs] [Times: user=0.05 sys=0.00, real=0.03 secs] 
2016-02-17T18:07:27.956+0800: 171844.670: [GC [PSYoungGen: 1375104K->15232K(1379904K)] 2180690K->821242K(4176128K), 0.0304860 secs] [Times: user=0.04 sys=0.00, real=0.04 secs] 
2016-02-17T18:08:32.196+0800: 171908.910: [GC [PSYoungGen: 1376704K->16416K(1379648K)] 2182714K->822710K(4175872K), 0.0345530 secs] [Times: user=0.05 sys=0.00, real=0.03 secs] 
2016-02-17T18:09:40.951+0800: 171977.665: [GC [PSYoungGen: 1377888K->15234K(1380032K)] 2184182K->821657K(4176256K), 0.0305620 secs] [Times: user=0.04 sys=0.00, real=0.03 secs] 
2016-02-17T18:10:38.211+0800: 172034.925: [GC [PSYoungGen: 1377026K->13664K(1379840K)] 2183449K->820456K(4176064K), 0.0270370 secs] [Times: user=0.04 sys=0.00, real=0.03 secs] 
2016-02-17T18:11:39.096+0800: 172095.811: [GC [PSYoungGen: 1375456K->16880K(1379328K)] 2182248K->824016K(4175552K), 0.0323040 secs] [Times: user=0.05 sys=0.00, real=0.04 secs] 
2016-02-17T18:12:32.926+0800: 172149.641: [GC [PSYoungGen: 1378096K->14944K(1379648K)] 2185232K->822281K(4175872K), 0.0307760 secs] [Times: user=0.05 sys=0.00, real=0.03 secs] 
2016-02-17T18:13:34.184+0800: 172210.899: [GC [PSYoungGen: 1376160K->14784K(1380032K)] 2183497K->822365K(4176256K), 0.0304120 secs] [Times: user=0.05 sys=0.00, real=0.03 secs] 
2016-02-17T18:14:36.803+0800: 172273.517: [GC [PSYoungGen: 1376576K->15392K(1379840K)] 2184157K->823169K(4176064K), 0.0292790 secs] [Times: user=0.06 sys=0.00, real=0.03 secs] 
2016-02-17T18:15:41.009+0800: 172337.723: [GC [PSYoungGen: 1377184K->14208K(1380352K)] 2184961K->822369K(4176576K), 0.0304120 secs] [Times: user=0.05 sys=0.00, real=0.03 secs] 
2016-02-17T18:16:42.470+0800: 172399.184: [GC [PSYoungGen: 1376768K->15168K(1380288K)] 2184929K->823429K(4176512K), 0.0311170 secs] [Times: user=0.05 sys=0.00, real=0.04 secs] 
2016-02-17T18:17:45.567+0800: 172462.282: [GC [PSYoungGen: 1377728K->15104K(1380800K)] 2185989K->823658K(4177024K), 0.0308030 secs] [Times: user=0.04 sys=0.00, real=0.04 secs] 
2016-02-17T18:18:48.364+0800: 172525.079: [GC [PSYoungGen: 1378368K->17008K(1380288K)] 2186922K->825770K(4176512K), 0.0358970 secs] [Times: user=0.06 sys=0.00, real=0.03 secs] 
2016-02-17T18:19:47.053+0800: 172583.768: [GC [PSYoungGen: 1380272K->13216K(1380032K)] 2189034K->822358K(4176256K), 0.0274890 secs] [Times: user=0.05 sys=0.00, real=0.03 secs] 
2016-02-17T18:20:44.455+0800: 172641.169: [GC [PSYoungGen: 1375456K->16080K(1378368K)] 2184598K->825455K(4174592K), 0.0368730 secs] [Times: user=0.05 sys=0.00, real=0.04 secs] 
2016-02-17T18:21:46.703+0800: 172703.418: [GC [PSYoungGen: 1378320K->16112K(1380096K)] 2187695K->825911K(4176320K), 0.0337010 secs] [Times: user=0.05 sys=0.00, real=0.03 secs] 
2016-02-17T18:22:49.402+0800: 172766.116: [GC [PSYoungGen: 1378224K->16048K(1380096K)] 2188023K->825955K(4176320K), 0.0333460 secs] [Times: user=0.05 sys=0.00, real=0.03 secs] 
2016-02-17T18:23:54.004+0800: 172830.719: [GC [PSYoungGen: 1378160K->15184K(1380288K)] 2188067K->825288K(4176512K), 0.0317730 secs] [Times: user=0.04 sys=0.00, real=0.03 secs] 
2016-02-17T18:24:50.872+0800: 172887.586: [GC [PSYoungGen: 1377488K->15941K(1380096K)] 2187592K->826330K(4176320K), 0.0310410 secs] [Times: user=0.05 sys=0.00, real=0.03 secs] 
2016-02-17T18:25:45.606+0800: 172942.320: [GC [PSYoungGen: 1378245K->14720K(1380416K)] 2188634K->825481K(4176640K), 0.0299250 secs] [Times: user=0.05 sys=0.00, real=0.04 secs] 
2016-02-17T18:26:48.763+0800: 173005.478: [GC [PSYoungGen: 1377408K->16768K(1379520K)] 2188169K->827710K(4175744K), 0.0345340 secs] [Times: user=0.05 sys=0.00, real=0.04 secs] 
2016-02-17T18:27:51.608+0800: 173068.323: [GC [PSYoungGen: 1379456K->17888K(1378240K)] 2190398K->829558K(4174464K), 0.0376350 secs] [Times: user=0.05 sys=0.00, real=0.03 secs] 
2016-02-17T18:28:55.620+0800: 173132.335: [GC [PSYoungGen: 1378208K->18096K(1378432K)] 2189878K->830086K(4174656K), 0.0364610 secs] [Times: user=0.06 sys=0.00, real=0.04 secs] 
2016-02-17T18:30:00.415+0800: 173197.130: [GC [PSYoungGen: 1378416K->15216K(1378880K)] 2190406K->827402K(4175104K), 0.0291490 secs] [Times: user=0.05 sys=0.00, real=0.03 secs] 
2016-02-17T18:30:57.128+0800: 173253.842: [GC [PSYoungGen: 1374704K->14048K(1378688K)] 2186890K->826498K(4174912K), 0.0293910 secs] [Times: user=0.04 sys=0.00, real=0.04 secs] 
2016-02-17T18:31:58.270+0800: 173314.984: [GC [PSYoungGen: 1373536K->14432K(1379008K)] 2185986K->827155K(4175232K), 0.0316050 secs] [Times: user=0.04 sys=0.00, real=0.03 secs] 
2016-02-17T18:33:02.315+0800: 173379.030: [GC [PSYoungGen: 1374240K->15344K(1378880K)] 2186963K->828536K(4175104K), 0.0299380 secs] [Times: user=0.06 sys=0.00, real=0.03 secs] 
2016-02-17T18:34:06.679+0800: 173443.393: [GC [PSYoungGen: 1375152K->15229K(1379520K)] 2188344K->828678K(4175744K), 0.0292310 secs] [Times: user=0.04 sys=0.00, real=0.03 secs] 
2016-02-17T18:35:11.886+0800: 173508.600: [GC [PSYoungGen: 1375933K->16672K(1379264K)] 2189382K->830648K(4175488K), 0.0344770 secs] [Times: user=0.05 sys=0.01, real=0.04 secs] 
2016-02-17T18:36:10.313+0800: 173567.028: [GC [PSYoungGen: 1377376K->14976K(1379584K)] 2191352K->829201K(4175808K), 0.0335150 secs] [Times: user=0.05 sys=0.00, real=0.03 secs] 
2016-02-17T18:37:16.176+0800: 173632.891: [GC [PSYoungGen: 1375872K->16976K(1379392K)] 2190097K->831517K(4175616K), 0.0369470 secs] [Times: user=0.06 sys=0.00, real=0.04 secs] 
2016-02-17T18:38:21.440+0800: 173698.154: [GC [PSYoungGen: 1377872K->15184K(1379584K)] 2192413K->830033K(4175808K), 0.0292290 secs] [Times: user=0.05 sys=0.00, real=0.04 secs] 
2016-02-17T18:39:24.472+0800: 173761.187: [GC [PSYoungGen: 1376080K->17536K(1378496K)] 2190929K->832608K(4174720K), 0.0348270 secs] [Times: user=0.05 sys=0.00, real=0.04 secs] 
2016-02-17T18:40:23.182+0800: 173819.896: [GC [PSYoungGen: 1378432K->15328K(1379392K)] 2193504K->830640K(4175616K), 0.0315810 secs] [Times: user=0.04 sys=0.00, real=0.03 secs] 
2016-02-17T18:41:30.990+0800: 173887.705: [GC [PSYoungGen: 1375776K->16080K(1379136K)] 2191088K->831737K(4175360K), 0.0326970 secs] [Times: user=0.05 sys=0.00, real=0.03 secs] 
2016-02-17T18:42:30.858+0800: 173947.573: [GC [PSYoungGen: 1376528K->15184K(1379712K)] 2192185K->831249K(4175936K), 0.0332210 secs] [Times: user=0.05 sys=0.00, real=0.03 secs] 
2016-02-17T18:43:31.191+0800: 174007.906: [GC [PSYoungGen: 1376400K->13088K(1374336K)] 2192465K->829493K(4170560K), 0.0296760 secs] [Times: user=0.05 sys=0.00, real=0.03 secs] 
2016-02-17T18:44:29.763+0800: 174066.478: [GC [PSYoungGen: 1374304K->15408K(1379776K)] 2190709K->832006K(4176000K), 0.0316840 secs] [Times: user=0.05 sys=0.00, real=0.03 secs] 
2016-02-17T18:45:33.848+0800: 174130.563: [GC [PSYoungGen: 1376624K->13520K(1379520K)] 2193222K->830450K(4175744K), 0.0298220 secs] [Times: user=0.04 sys=0.00, real=0.03 secs] 
2016-02-17T18:46:40.973+0800: 174197.687: [GC [PSYoungGen: 1374736K->16032K(1379776K)] 2191666K->833170K(4176000K), 0.0314360 secs] [Times: user=0.05 sys=0.00, real=0.03 secs] 
2016-02-17T18:47:44.315+0800: 174261.029: [GC [PSYoungGen: 1377440K->15360K(1379712K)] 2194578K->832635K(4175936K), 0.0353920 secs] [Times: user=0.05 sys=0.00, real=0.03 secs] 
2016-02-17T18:48:46.414+0800: 174323.128: [GC [PSYoungGen: 1376768K->15984K(1380096K)] 2194043K->833516K(4176320K), 0.0338590 secs] [Times: user=0.05 sys=0.00, real=0.04 secs] 
2016-02-17T18:49:42.812+0800: 174379.526: [GC [PSYoungGen: 1378032K->15088K(1380032K)] 2195564K->832944K(4176256K), 0.0341620 secs] [Times: user=0.05 sys=0.00, real=0.03 secs] 
2016-02-17T18:50:35.816+0800: 174432.531: [GC [PSYoungGen: 1377136K->15216K(1380480K)] 2194992K->833465K(4176704K), 0.0305140 secs] [Times: user=0.05 sys=0.00, real=0.03 secs] 
2016-02-17T18:51:37.075+0800: 174493.789: [GC [PSYoungGen: 1377904K->14704K(1380288K)] 2196153K->833229K(4176512K), 0.0292390 secs] [Times: user=0.04 sys=0.00, real=0.03 secs] 
2016-02-17T18:52:36.293+0800: 174553.008: [GC [PSYoungGen: 1377392K->16320K(1380224K)] 2195917K->834950K(4176448K), 0.0336480 secs] [Times: user=0.04 sys=0.01, real=0.04 secs] 
2016-02-17T18:53:44.338+0800: 174621.052: [GC [PSYoungGen: 1379072K->14536K(1380416K)] 2197702K->833530K(4176640K), 0.0286380 secs] [Times: user=0.05 sys=0.00, real=0.03 secs] 
2016-02-17T18:55:00.772+0800: 174697.487: [GC [PSYoungGen: 1377288K->17008K(1379712K)] 2196282K->836178K(4175936K), 0.0346990 secs] [Times: user=0.05 sys=0.00, real=0.03 secs] 
2016-02-17T18:56:03.491+0800: 174760.205: [GC [PSYoungGen: 1379120K->14736K(1380096K)] 2198290K->834182K(4176320K), 0.0301070 secs] [Times: user=0.04 sys=0.00, real=0.03 secs] 
2016-02-17T18:56:59.109+0800: 174815.824: [GC [PSYoungGen: 1376848K->14480K(1380288K)] 2196294K->834403K(4176512K), 0.0311480 secs] [Times: user=0.04 sys=0.01, real=0.03 secs] 
2016-02-17T18:58:00.221+0800: 174876.935: [GC [PSYoungGen: 1376912K->15360K(1380224K)] 2196835K->835523K(4176448K), 0.0329810 secs] [Times: user=0.06 sys=0.00, real=0.03 secs] 
2016-02-17T18:59:04.058+0800: 174940.772: [GC [PSYoungGen: 1377792K->15952K(1380544K)] 2197955K->836476K(4176768K), 0.0305060 secs] [Times: user=0.05 sys=0.00, real=0.03 secs] 
2016-02-17T19:00:09.808+0800: 175006.522: [GC [PSYoungGen: 1378960K->16560K(1379584K)] 2199484K->837380K(4175808K), 0.0336410 secs] [Times: user=0.05 sys=0.01, real=0.04 secs] 
2016-02-17T19:01:11.878+0800: 175068.592: [GC [PSYoungGen: 1379568K->13552K(1380032K)] 2200388K->834556K(4176256K), 0.0315350 secs] [Times: user=0.05 sys=0.00, real=0.03 secs] 
2016-02-17T19:02:12.024+0800: 175128.739: [GC [PSYoungGen: 1375792K->16880K(1379136K)] 2196796K->838012K(4175360K), 0.0318720 secs] [Times: user=0.06 sys=0.00, real=0.03 secs] 
2016-02-17T19:03:13.394+0800: 175190.108: [GC [PSYoungGen: 1379120K->16592K(1379584K)] 2200252K->837976K(4175808K), 0.0316870 secs] [Times: user=0.05 sys=0.00, real=0.04 secs] 
2016-02-17T19:04:12.353+0800: 175249.067: [GC [PSYoungGen: 1377936K->15238K(1379712K)] 2199320K->836723K(4175936K), 0.0308980 secs] [Times: user=0.05 sys=0.00, real=0.03 secs] 
2016-02-17T19:05:09.329+0800: 175306.043: [GC [PSYoungGen: 1376582K->18087K(1378048K)] 2198067K->840185K(4174272K), 0.0336250 secs] [Times: user=0.05 sys=0.01, real=0.03 secs] 
2016-02-17T19:06:05.853+0800: 175362.567: [GC [PSYoungGen: 1378023K->15371K(1379008K)] 2200121K->837820K(4175232K), 0.0319540 secs] [Times: user=0.05 sys=0.00, real=0.04 secs] 
2016-02-17T19:07:04.266+0800: 175420.980: [GC [PSYoungGen: 1375307K->16320K(1379392K)] 2197756K->839388K(4175616K), 0.0337460 secs] [Times: user=0.05 sys=0.00, real=0.03 secs] 
2016-02-17T19:08:02.936+0800: 175479.650: [GC [PSYoungGen: 1376896K->17056K(1377664K)] 2199964K->840281K(4173888K), 0.0322290 secs] [Times: user=0.05 sys=0.00, real=0.04 secs] 
2016-02-17T19:09:06.231+0800: 175542.945: [GC [PSYoungGen: 1377632K->16768K(1379200K)] 2200857K->840254K(4175424K), 0.0340940 secs] [Times: user=0.05 sys=0.00, real=0.04 secs] 
2016-02-17T19:10:01.593+0800: 175598.307: [GC [PSYoungGen: 1377088K->14736K(1379200K)] 2200574K->838562K(4175424K), 0.0617820 secs] [Times: user=0.13 sys=0.00, real=0.06 secs] 
2016-02-17T19:10:56.842+0800: 175653.556: [GC [PSYoungGen: 1375056K->15456K(1379456K)] 2198882K->839395K(4175680K), 0.0343630 secs] [Times: user=0.04 sys=0.00, real=0.04 secs] 
2016-02-17T19:11:58.869+0800: 175715.584: [GC [PSYoungGen: 1376096K->15616K(1379264K)] 2200035K->839911K(4175488K), 0.0295450 secs] [Times: user=0.05 sys=0.00, real=0.03 secs] 
2016-02-17T19:13:02.881+0800: 175779.595: [GC [PSYoungGen: 1376256K->15936K(1379904K)] 2200551K->840423K(4176128K), 0.0330040 secs] [Times: user=0.05 sys=0.00, real=0.03 secs] 
2016-02-17T19:14:02.032+0800: 175838.746: [GC [PSYoungGen: 1377472K->16544K(1379712K)] 2201959K->841252K(4175936K), 0.0337040 secs] [Times: user=0.05 sys=0.00, real=0.04 secs] 
2016-02-17T19:14:54.395+0800: 175891.109: [GC [PSYoungGen: 1378080K->15104K(1379968K)] 2202788K->840113K(4176192K), 0.0294770 secs] [Times: user=0.05 sys=0.00, real=0.03 secs] 
2016-02-17T19:15:50.418+0800: 175947.132: [GC [PSYoungGen: 1376896K->15296K(1379904K)] 2201905K->840848K(4176128K), 0.0297320 secs] [Times: user=0.05 sys=0.00, real=0.03 secs] 
2016-02-17T19:16:52.894+0800: 176009.608: [GC [PSYoungGen: 1377088K->15744K(1380288K)] 2202640K->841421K(4176512K), 0.0317880 secs] [Times: user=0.06 sys=0.00, real=0.04 secs] 
2016-02-17T19:17:48.750+0800: 176065.465: [GC [PSYoungGen: 1378048K->13632K(1380096K)] 2203725K->839602K(4176320K), 0.0312190 secs] [Times: user=0.04 sys=0.01, real=0.04 secs] 
2016-02-17T19:18:49.504+0800: 176126.218: [GC [PSYoungGen: 1375936K->17057K(1379520K)] 2201906K->843151K(4175744K), 0.0332420 secs] [Times: user=0.06 sys=0.00, real=0.04 secs] 
2016-02-17T19:19:49.564+0800: 176186.278: [GC [PSYoungGen: 1378657K->15472K(1379840K)] 2204751K->841923K(4176064K), 0.0299220 secs] [Times: user=0.05 sys=0.00, real=0.03 secs] 
2016-02-17T19:20:48.665+0800: 176245.380: [GC [PSYoungGen: 1377072K->15952K(1380160K)] 2203523K->842741K(4176384K), 0.0302440 secs] [Times: user=0.05 sys=0.00, real=0.03 secs] 
2016-02-17T19:21:44.441+0800: 176301.156: [GC [PSYoungGen: 1378064K->14064K(1380032K)] 2204853K->841125K(4176256K), 0.0292690 secs] [Times: user=0.04 sys=0.00, real=0.03 secs] 
2016-02-17T19:22:37.821+0800: 176354.535: [GC [PSYoungGen: 1376176K->15024K(1380224K)] 2203237K->842396K(4176448K), 0.0293560 secs] [Times: user=0.04 sys=0.01, real=0.03 secs] 
2016-02-17T19:23:32.278+0800: 176408.993: [GC [PSYoungGen: 1377264K->16464K(1380096K)] 2204636K->843985K(4176320K), 0.0334770 secs] [Times: user=0.05 sys=0.00, real=0.04 secs] 
2016-02-17T19:24:27.288+0800: 176464.003: [GC [PSYoungGen: 1378704K->16400K(1379968K)] 2206225K->844394K(4176192K), 0.0316790 secs] [Times: user=0.04 sys=0.01, real=0.03 secs] 
2016-02-17T19:25:14.889+0800: 176511.603: [GC [PSYoungGen: 1378384K->14736K(1380032K)] 2206378K->842986K(4176256K), 0.0347870 secs] [Times: user=0.04 sys=0.01, real=0.04 secs] 
2016-02-17T19:26:10.604+0800: 176567.319: [GC [PSYoungGen: 1376720K->15280K(1380288K)] 2204970K->843646K(4176512K), 0.0309490 secs] [Times: user=0.05 sys=0.00, real=0.03 secs] 
2016-02-17T19:27:16.250+0800: 176632.964: [GC [PSYoungGen: 1377648K->17760K(1380160K)] 2206014K->846726K(4176384K), 0.0327040 secs] [Times: user=0.06 sys=0.00, real=0.03 secs] 
2016-02-17T19:28:13.486+0800: 176690.201: [GC [PSYoungGen: 1380128K->17056K(1378496K)] 2209094K->846394K(4174720K), 0.0356040 secs] [Times: user=0.05 sys=0.00, real=0.04 secs] 
2016-02-17T19:29:16.349+0800: 176753.063: [GC [PSYoungGen: 1377632K->15744K(1379328K)] 2206970K->845255K(4175552K), 0.0345710 secs] [Times: user=0.05 sys=0.00, real=0.03 secs] 
2016-02-17T19:30:12.173+0800: 176808.887: [GC [PSYoungGen: 1376320K->15600K(1379776K)] 2205831K->845315K(4176000K), 0.0326790 secs] [Times: user=0.05 sys=0.00, real=0.04 secs] 
2016-02-17T19:31:08.294+0800: 176865.009: [GC [PSYoungGen: 1376880K->17616K(1378944K)] 2206595K->847691K(4175168K), 0.0348300 secs] [Times: user=0.05 sys=0.00, real=0.03 secs] 
2016-02-17T19:32:00.592+0800: 176917.306: [GC [PSYoungGen: 1378896K->15824K(1379584K)] 2208971K->846075K(4175808K), 0.0330440 secs] [Times: user=0.05 sys=0.00, real=0.03 secs] 
2016-02-17T19:32:55.676+0800: 176972.390: [GC [PSYoungGen: 1376656K->16166K(1379328K)] 2206907K->846573K(4175552K), 0.0326880 secs] [Times: user=0.04 sys=0.00, real=0.04 secs] 
2016-02-17T19:33:49.164+0800: 177025.879: [GC [PSYoungGen: 1376998K->17552K(1379136K)] 2207405K->848076K(4175360K), 0.0343060 secs] [Times: user=0.04 sys=0.00, real=0.03 secs] 
2016-02-17T19:34:36.065+0800: 177072.779: [GC [PSYoungGen: 1378384K->14592K(1375488K)] 2208908K->845368K(4171712K), 0.0315530 secs] [Times: user=0.04 sys=0.00, real=0.04 secs] 
2016-02-17T19:35:20.737+0800: 177117.452: [GC [PSYoungGen: 1375424K->13328K(1379008K)] 2206200K->844481K(4175232K), 0.0279750 secs] [Times: user=0.05 sys=0.00, real=0.03 secs] 
2016-02-17T19:36:14.672+0800: 177171.387: [GC [PSYoungGen: 1373648K->16000K(1379200K)] 2204801K->847345K(4175424K), 0.0307120 secs] [Times: user=0.04 sys=0.01, real=0.03 secs] 
2016-02-17T19:37:06.417+0800: 177223.132: [GC [PSYoungGen: 1376320K->18609K(1376512K)] 2207665K->851848K(4172736K), 0.0374370 secs] [Times: user=0.06 sys=0.00, real=0.04 secs] 
2016-02-17T19:38:04.697+0800: 177281.411: [GC [PSYoungGen: 1376497K->16336K(1377984K)] 2209736K->849879K(4174208K), 0.0328930 secs] [Times: user=0.04 sys=0.00, real=0.03 secs] 
2016-02-17T19:38:54.914+0800: 177331.629: [GC [PSYoungGen: 1374224K->15904K(1378624K)] 2207767K->849619K(4174848K), 0.0314150 secs] [Times: user=0.05 sys=0.00, real=0.03 secs] 
2016-02-17T19:39:46.115+0800: 177382.829: [GC [PSYoungGen: 1374752K->16048K(1378304K)] 2208467K->849990K(4174528K), 0.0351280 secs] [Times: user=0.05 sys=0.00, real=0.04 secs] 
2016-02-17T19:40:43.716+0800: 177440.431: [GC [PSYoungGen: 1374896K->15072K(1379008K)] 2208838K->849342K(4175232K), 0.0293090 secs] [Times: user=0.05 sys=0.00, real=0.03 secs] 
2016-02-17T19:41:35.992+0800: 177492.706: [GC [PSYoungGen: 1374880K->16416K(1378880K)] 2209150K->850971K(4175104K), 0.0328910 secs] [Times: user=0.04 sys=0.00, real=0.04 secs] 
2016-02-17T19:42:30.005+0800: 177546.719: [GC [PSYoungGen: 1376224K->16816K(1379200K)] 2210779K->851856K(4175424K), 0.0352930 secs] [Times: user=0.05 sys=0.00, real=0.04 secs] 
2016-02-17T19:43:16.399+0800: 177593.113: [GC [PSYoungGen: 1377136K->15943K(1379200K)] 2212176K->851239K(4175424K), 0.0318030 secs] [Times: user=0.05 sys=0.00, real=0.03 secs] 
2016-02-17T19:44:07.345+0800: 177644.059: [GC [PSYoungGen: 1376263K->17232K(1379136K)] 2211559K->852820K(4175360K), 0.0342330 secs] [Times: user=0.05 sys=0.00, real=0.03 secs] 
2016-02-17T19:44:57.612+0800: 177694.326: [GC [PSYoungGen: 1377680K->16752K(1379264K)] 2213268K->852616K(4175488K), 0.0333670 secs] [Times: user=0.05 sys=0.01, real=0.03 secs] 
2016-02-17T19:45:46.462+0800: 177743.176: [GC [PSYoungGen: 1377200K->16368K(1379584K)] 2213064K->852420K(4175808K), 0.0347550 secs] [Times: user=0.05 sys=0.00, real=0.04 secs] 
2016-02-17T19:46:37.696+0800: 177794.410: [GC [PSYoungGen: 1377200K->18441K(1379328K)] 2213252K->854634K(4175552K), 0.0346350 secs] [Times: user=0.04 sys=0.00, real=0.03 secs] 
2016-02-17T19:47:21.591+0800: 177838.306: [GC [PSYoungGen: 1379273K->15969K(1378944K)] 2215466K->852321K(4175168K), 0.0309240 secs] [Times: user=0.04 sys=0.00, real=0.04 secs] 
2016-02-17T19:48:13.932+0800: 177890.647: [GC [PSYoungGen: 1376161K->15968K(1379136K)] 2212513K->852674K(4175360K), 0.0344670 secs] [Times: user=0.05 sys=0.00, real=0.03 secs] 
2016-02-17T19:49:02.670+0800: 177939.384: [GC [PSYoungGen: 1376160K->16864K(1379392K)] 2212866K->853882K(4175616K), 0.0377920 secs] [Times: user=0.06 sys=0.00, real=0.04 secs] 
2016-02-17T19:49:52.299+0800: 177989.014: [GC [PSYoungGen: 1377504K->16048K(1379328K)] 2214522K->853382K(4175552K), 0.0313580 secs] [Times: user=0.05 sys=0.00, real=0.03 secs] 
2016-02-17T19:50:43.554+0800: 178040.268: [GC [PSYoungGen: 1376688K->13952K(1379136K)] 2214022K->851618K(4175360K), 0.0293340 secs] [Times: user=0.05 sys=0.00, real=0.03 secs] 
2016-02-17T19:51:36.240+0800: 178092.955: [GC [PSYoungGen: 1374528K->13200K(1373824K)] 2212194K->851171K(4170048K), 0.0278540 secs] [Times: user=0.04 sys=0.00, real=0.03 secs] 
2016-02-17T19:52:28.877+0800: 178145.592: [GC [PSYoungGen: 1373776K->15360K(1379264K)] 2211747K->853539K(4175488K), 0.0306280 secs] [Times: user=0.05 sys=0.00, real=0.03 secs] 
2016-02-17T19:53:14.990+0800: 178191.704: [GC [PSYoungGen: 1375616K->13168K(1379072K)] 2213795K->851551K(4175296K), 0.0256990 secs] [Times: user=0.05 sys=0.00, real=0.02 secs] 
2016-02-17T19:54:01.781+0800: 178238.496: [GC [PSYoungGen: 1373424K->14112K(1379200K)] 2211807K->852744K(4175424K), 0.0353220 secs] [Times: user=0.05 sys=0.00, real=0.04 secs] 
2016-02-17T19:54:52.554+0800: 178289.269: [GC [PSYoungGen: 1374368K->16816K(1377088K)] 2213000K->855580K(4173312K), 0.0403900 secs] [Times: user=0.05 sys=0.00, real=0.04 secs] 
2016-02-17T19:55:43.595+0800: 178340.309: [GC [PSYoungGen: 1377072K->18256K(1377728K)] 2215836K->857232K(4173952K), 0.0396330 secs] [Times: user=0.06 sys=0.00, real=0.04 secs] 
2016-02-17T19:56:31.606+0800: 178388.320: [GC [PSYoungGen: 1376912K->16160K(1378368K)] 2215888K->855592K(4174592K), 0.0313390 secs] [Times: user=0.05 sys=0.00, real=0.03 secs] 
2016-02-17T19:57:22.707+0800: 178439.421: [GC [PSYoungGen: 1374816K->17328K(1378240K)] 2214248K->856953K(4174464K), 0.0367990 secs] [Times: user=0.05 sys=0.00, real=0.03 secs] 
2016-02-17T19:58:11.756+0800: 178488.470: [GC [PSYoungGen: 1376112K->16960K(1378432K)] 2215737K->856878K(4174656K), 0.0369770 secs] [Times: user=0.06 sys=0.00, real=0.04 secs] 
2016-02-17T19:58:58.458+0800: 178535.172: [GC [PSYoungGen: 1375744K->15312K(1378688K)] 2215662K->855694K(4174912K), 0.0321150 secs] [Times: user=0.05 sys=0.00, real=0.03 secs] 
2016-02-17T19:59:44.857+0800: 178581.571: [GC [PSYoungGen: 1374352K->16640K(1378432K)] 2214734K->857162K(4174656K), 0.0366620 secs] [Times: user=0.06 sys=0.00, real=0.04 secs] 
2016-02-17T20:00:31.502+0800: 178628.216: [GC [PSYoungGen: 1375680K->15840K(1379072K)] 2216202K->856646K(4175296K), 0.0336700 secs] [Times: user=0.06 sys=0.00, real=0.03 secs] 
2016-02-17T20:01:30.473+0800: 178687.188: [GC [PSYoungGen: 1375584K->18993K(1378752K)] 2216390K->860303K(4174976K), 0.0405380 secs] [Times: user=0.06 sys=0.00, real=0.04 secs] 
2016-02-17T20:02:17.832+0800: 178734.546: [GC [PSYoungGen: 1378737K->16032K(1377984K)] 2220047K->857727K(4174208K), 0.0328250 secs] [Times: user=0.05 sys=0.00, real=0.04 secs] 
2016-02-17T20:03:08.573+0800: 178785.287: [GC [PSYoungGen: 1374688K->15185K(1378368K)] 2216383K->857073K(4174592K), 0.0310340 secs] [Times: user=0.05 sys=0.00, real=0.03 secs] 
2016-02-17T20:03:55.260+0800: 178831.974: [GC [PSYoungGen: 1373841K->15216K(1378688K)] 2215729K->857509K(4174912K), 0.0310380 secs] [Times: user=0.05 sys=0.00, real=0.03 secs] 
2016-02-17T20:04:41.588+0800: 178878.303: [GC [PSYoungGen: 1374320K->16848K(1378496K)] 2216613K->859433K(4174720K), 0.0366730 secs] [Times: user=0.05 sys=0.00, real=0.04 secs] 
2016-02-17T20:05:26.248+0800: 178922.963: [GC [PSYoungGen: 1375952K->14944K(1378816K)] 2218537K->858014K(4175040K), 0.0291610 secs] [Times: user=0.05 sys=0.00, real=0.03 secs] 
2016-02-17T20:06:08.966+0800: 178965.681: [GC [PSYoungGen: 1374432K->16208K(1378752K)] 2217502K->859526K(4174976K), 0.0315530 secs] [Times: user=0.05 sys=0.00, real=0.03 secs] 
2016-02-17T20:06:54.826+0800: 179011.540: [GC [PSYoungGen: 1375696K->15072K(1379200K)] 2219014K->858579K(4175424K), 0.0308930 secs] [Times: user=0.05 sys=0.00, real=0.04 secs] 
2016-02-17T20:07:41.228+0800: 179057.943: [GC [PSYoungGen: 1375264K->14688K(1379072K)] 2218771K->858539K(4175296K), 0.0310830 secs] [Times: user=0.05 sys=0.00, real=0.03 secs] 
2016-02-17T20:08:29.345+0800: 179106.060: [GC [PSYoungGen: 1374880K->15904K(1379520K)] 2218731K->860056K(4175744K), 0.0319140 secs] [Times: user=0.05 sys=0.00, real=0.03 secs] 
2016-02-17T20:09:21.508+0800: 179158.223: [GC [PSYoungGen: 1376608K->15552K(1379264K)] 2220760K->860037K(4175488K), 0.0352340 secs] [Times: user=0.05 sys=0.00, real=0.03 secs] 
2016-02-17T20:10:11.899+0800: 179208.613: [GC [PSYoungGen: 1376256K->16524K(1379648K)] 2220741K->861386K(4175872K), 0.0318080 secs] [Times: user=0.05 sys=0.00, real=0.03 secs] 
2016-02-17T20:10:57.287+0800: 179254.001: [GC [PSYoungGen: 1377868K->16384K(1379712K)] 2222730K->861418K(4175936K), 0.0336690 secs] [Times: user=0.06 sys=0.00, real=0.04 secs] 
2016-02-17T20:11:42.566+0800: 179299.280: [GC [PSYoungGen: 1377728K->18289K(1378368K)] 2222762K->863643K(4174592K), 0.0350630 secs] [Times: user=0.05 sys=0.00, real=0.04 secs] 
2016-02-17T20:12:28.513+0800: 179345.227: [GC [PSYoungGen: 1378353K->16064K(1379072K)] 2223707K->861947K(4175296K), 0.0352810 secs] [Times: user=0.04 sys=0.01, real=0.04 secs] 
2016-02-17T20:13:14.261+0800: 179390.975: [GC [PSYoungGen: 1376128K->15520K(1379456K)] 2222011K->861571K(4175680K), 0.0321270 secs] [Times: user=0.05 sys=0.00, real=0.04 secs] 
2016-02-17T20:13:58.422+0800: 179435.137: [GC [PSYoungGen: 1376224K->16064K(1379328K)] 2222275K->862360K(4175552K), 0.0303600 secs] [Times: user=0.05 sys=0.00, real=0.03 secs] 
2016-02-17T20:14:47.421+0800: 179484.136: [GC [PSYoungGen: 1376768K->17888K(1378880K)] 2223064K->864512K(4175104K), 0.0326150 secs] [Times: user=0.05 sys=0.00, real=0.03 secs] 
2016-02-17T20:15:34.671+0800: 179531.385: [GC [PSYoungGen: 1378336K->16032K(1379264K)] 2224960K->862996K(4175488K), 0.0324430 secs] [Times: user=0.05 sys=0.00, real=0.03 secs] 
2016-02-17T20:16:27.130+0800: 179583.844: [GC [PSYoungGen: 1376480K->16352K(1379648K)] 2223444K->863448K(4175872K), 0.0312120 secs] [Times: user=0.06 sys=0.00, real=0.04 secs] 
2016-02-17T20:17:12.195+0800: 179628.909: [GC [PSYoungGen: 1377376K->16336K(1379456K)] 2224472K->863776K(4175680K), 0.0312110 secs] [Times: user=0.05 sys=0.00, real=0.03 secs] 
2016-02-17T20:17:58.684+0800: 179675.399: [GC [PSYoungGen: 1377360K->17056K(1379712K)] 2224800K->864684K(4175936K), 0.0371350 secs] [Times: user=0.05 sys=0.01, real=0.03 secs] 
2016-02-17T20:18:44.667+0800: 179721.381: [GC [PSYoungGen: 1378528K->16464K(1379776K)] 2226156K->864405K(4176000K), 0.0342650 secs] [Times: user=0.05 sys=0.00, real=0.03 secs] 
2016-02-17T20:19:33.278+0800: 179769.993: [GC [PSYoungGen: 1377936K->16774K(1379968K)] 2225877K->865100K(4176192K), 0.0335080 secs] [Times: user=0.06 sys=0.00, real=0.04 secs] 
2016-02-17T20:20:19.034+0800: 179815.748: [GC [PSYoungGen: 1378566K->16848K(1379904K)] 2226892K->865558K(4176128K), 0.0335980 secs] [Times: user=0.05 sys=0.00, real=0.03 secs] 
2016-02-17T20:21:06.244+0800: 179862.958: [GC [PSYoungGen: 1378640K->14176K(1379456K)] 2227350K->863023K(4175680K), 0.0282780 secs] [Times: user=0.05 sys=0.00, real=0.03 secs] 
2016-02-17T20:21:56.882+0800: 179913.597: [GC [PSYoungGen: 1375520K->16704K(1379712K)] 2224367K->865763K(4175936K), 0.0325390 secs] [Times: user=0.05 sys=0.00, real=0.03 secs] 
2016-02-17T20:22:40.815+0800: 179957.530: [GC [PSYoungGen: 1378048K->17374K(1379392K)] 2227107K->866646K(4175616K), 0.0327420 secs] [Times: user=0.05 sys=0.00, real=0.04 secs] 
2016-02-17T20:23:25.521+0800: 180002.235: [GC [PSYoungGen: 1378462K->15040K(1376192K)] 2227734K->864878K(4172416K), 0.0319750 secs] [Times: user=0.05 sys=0.00, real=0.03 secs] 
2016-02-17T20:24:08.733+0800: 180045.447: [GC [PSYoungGen: 1376128K->15968K(1379712K)] 2225966K->866046K(4175936K), 0.0309890 secs] [Times: user=0.05 sys=0.00, real=0.03 secs] 
2016-02-17T20:24:49.855+0800: 180086.570: [GC [PSYoungGen: 1377120K->16512K(1379520K)] 2227198K->866955K(4175744K), 0.0319930 secs] [Times: user=0.05 sys=0.00, real=0.03 secs] 
2016-02-17T20:25:33.329+0800: 180130.044: [GC [PSYoungGen: 1377664K->16608K(1379904K)] 2228107K->867252K(4176128K), 0.0357610 secs] [Times: user=0.05 sys=0.00, real=0.03 secs] 
2016-02-17T20:26:11.111+0800: 180167.825: [GC [PSYoungGen: 1378272K->14480K(1376192K)] 2228916K->865400K(4172416K), 0.0308080 secs] [Times: user=0.05 sys=0.00, real=0.03 secs] 
2016-02-17T20:26:55.090+0800: 180211.805: [GC [PSYoungGen: 1376144K->16800K(1379648K)] 2227064K->868036K(4175872K), 0.0343550 secs] [Times: user=0.05 sys=0.00, real=0.04 secs] 
2016-02-17T20:27:39.869+0800: 180256.584: [GC [PSYoungGen: 1378144K->14464K(1375808K)] 2229380K->866112K(4172032K), 0.0288080 secs] [Times: user=0.06 sys=0.00, real=0.02 secs] 
2016-02-17T20:28:28.590+0800: 180305.305: [GC [PSYoungGen: 1375808K->15728K(1379840K)] 2227456K->867540K(4176064K), 0.0334060 secs] [Times: user=0.04 sys=0.00, real=0.03 secs] 
2016-02-17T20:29:15.682+0800: 180352.397: [GC [PSYoungGen: 1377136K->16272K(1379648K)] 2228948K->868352K(4175872K), 0.0325740 secs] [Times: user=0.04 sys=0.00, real=0.04 secs] 
2016-02-17T20:30:00.594+0800: 180397.309: [GC [PSYoungGen: 1377680K->14608K(1379840K)] 2229760K->867060K(4176064K), 0.0293800 secs] [Times: user=0.05 sys=0.00, real=0.03 secs] 
2016-02-17T20:30:45.772+0800: 180442.486: [GC [PSYoungGen: 1376336K->16112K(1379904K)] 2228788K->868864K(4176128K), 0.0326680 secs] [Times: user=0.05 sys=0.00, real=0.03 secs] 
2016-02-17T20:31:33.187+0800: 180489.901: [GC [PSYoungGen: 1377840K->16576K(1380032K)] 2230592K->869421K(4176256K), 0.0333130 secs] [Times: user=0.06 sys=0.00, real=0.03 secs] 
2016-02-17T20:32:20.864+0800: 180537.578: [GC [PSYoungGen: 1378560K->16240K(1380032K)] 2231405K->869449K(4176256K), 0.0348690 secs] [Times: user=0.05 sys=0.00, real=0.03 secs] 
2016-02-17T20:33:05.383+0800: 180582.098: [GC [PSYoungGen: 1378224K->17952K(1378560K)] 2231433K->871810K(4174784K), 0.0333470 secs] [Times: user=0.06 sys=0.00, real=0.03 secs] 
2016-02-17T20:33:47.922+0800: 180624.637: [GC [PSYoungGen: 1378528K->14176K(1374784K)] 2232386K->868283K(4171008K), 0.0286230 secs] [Times: user=0.05 sys=0.00, real=0.03 secs] 
2016-02-17T20:34:32.011+0800: 180668.725: [GC [PSYoungGen: 1374752K->15456K(1379392K)] 2228859K->869731K(4175616K), 0.0305390 secs] [Times: user=0.05 sys=0.00, real=0.03 secs] 
2016-02-17T20:35:15.161+0800: 180711.876: [GC [PSYoungGen: 1376032K->15744K(1379264K)] 2230307K->870200K(4175488K), 0.0313010 secs] [Times: user=0.05 sys=0.00, real=0.03 secs] 
2016-02-17T20:35:56.057+0800: 180752.771: [GC [PSYoungGen: 1376320K->14982K(1379712K)] 2230776K->869694K(4175936K), 0.0346480 secs] [Times: user=0.05 sys=0.00, real=0.03 secs] 
2016-02-17T20:36:41.932+0800: 180798.646: [GC [PSYoungGen: 1376262K->17392K(1378688K)] 2230974K->872542K(4174912K), 0.0338220 secs] [Times: user=0.05 sys=0.00, real=0.04 secs] 
2016-02-17T20:37:25.316+0800: 180842.031: [GC [PSYoungGen: 1378672K->15760K(1379648K)] 2233822K->871107K(4175872K), 0.0329220 secs] [Times: user=0.05 sys=0.00, real=0.03 secs] 
2016-02-17T20:38:04.688+0800: 180881.403: [GC [PSYoungGen: 1376720K->15872K(1379392K)] 2232067K->871448K(4175616K), 0.0305850 secs] [Times: user=0.05 sys=0.00, real=0.02 secs] 
2016-02-17T20:38:45.552+0800: 180922.267: [GC [PSYoungGen: 1376832K->15728K(1380032K)] 2232408K->871745K(4176256K), 0.0327130 secs] [Times: user=0.05 sys=0.00, real=0.03 secs] 
2016-02-17T20:39:30.106+0800: 180966.821: [GC [PSYoungGen: 1377520K->16576K(1379840K)] 2233537K->872882K(4176064K), 0.0424130 secs] [Times: user=0.06 sys=0.00, real=0.04 secs] 
2016-02-17T20:40:17.018+0800: 181013.732: [GC [PSYoungGen: 1378368K->17872K(1379008K)] 2234674K->874582K(4175232K), 0.0347600 secs] [Times: user=0.05 sys=0.00, real=0.04 secs] 
2016-02-17T20:40:59.693+0800: 181056.408: [GC [PSYoungGen: 1378832K->14336K(1375360K)] 2235542K->871423K(4171584K), 0.0294170 secs] [Times: user=0.04 sys=0.00, real=0.03 secs] 
2016-02-17T20:41:42.949+0800: 181099.663: [GC [PSYoungGen: 1375296K->17009K(1379200K)] 2232383K->874208K(4175424K), 0.0345220 secs] [Times: user=0.05 sys=0.00, real=0.03 secs] 
2016-02-17T20:42:27.895+0800: 181144.610: [GC [PSYoungGen: 1377585K->16448K(1379328K)] 2234784K->874121K(4175552K), 0.0346170 secs] [Times: user=0.05 sys=0.01, real=0.03 secs] 
2016-02-17T20:43:07.257+0800: 181183.972: [GC [PSYoungGen: 1377024K->14016K(1379200K)] 2234697K->871986K(4175424K), 0.0272920 secs] [Times: user=0.04 sys=0.01, real=0.03 secs] 
2016-02-17T20:43:48.590+0800: 181225.305: [GC [PSYoungGen: 1374592K->18730K(1379328K)] 2232562K->877702K(4175552K), 0.0424200 secs] [Times: user=0.09 sys=0.00, real=0.04 secs] 
2016-02-17T20:44:34.690+0800: 181271.404: [GC [PSYoungGen: 1379306K->16769K(1377408K)] 2238278K->875928K(4173632K), 0.0326230 secs] [Times: user=0.06 sys=0.00, real=0.03 secs] 
2016-02-17T20:45:17.437+0800: 181314.152: [GC [PSYoungGen: 1375425K->17616K(1376320K)] 2234584K->877189K(4172544K), 0.0389400 secs] [Times: user=0.06 sys=0.00, real=0.04 secs] 
2016-02-17T20:46:01.115+0800: 181357.830: [GC [PSYoungGen: 1376272K->15152K(1378368K)] 2235845K->875113K(4174592K), 0.0313250 secs] [Times: user=0.05 sys=0.00, real=0.03 secs] 
2016-02-17T20:46:44.769+0800: 181401.483: [GC [PSYoungGen: 1373680K->17984K(1376576K)] 2233641K->878174K(4172800K), 0.0341020 secs] [Times: user=0.05 sys=0.00, real=0.03 secs] 
2016-02-17T20:47:29.225+0800: 181445.939: [GC [PSYoungGen: 1376512K->16432K(1378432K)] 2236702K->876871K(4174656K), 0.0323210 secs] [Times: user=0.05 sys=0.00, real=0.03 secs] 
2016-02-17T20:48:10.360+0800: 181487.075: [GC [PSYoungGen: 1374896K->15526K(1378112K)] 2235335K->876358K(4174336K), 0.0311920 secs] [Times: user=0.05 sys=0.00, real=0.03 secs] 
2016-02-17T20:48:54.032+0800: 181530.747: [GC [PSYoungGen: 1373990K->15392K(1378688K)] 2234822K->876371K(4174912K), 0.0317260 secs] [Times: user=0.05 sys=0.01, real=0.03 secs] 
2016-02-17T20:49:38.611+0800: 181575.325: [GC [PSYoungGen: 1374560K->16016K(1378560K)] 2235539K->877143K(4174784K), 0.0330970 secs] [Times: user=0.05 sys=0.00, real=0.03 secs] 
2016-02-17T20:50:15.766+0800: 181612.480: [GC [PSYoungGen: 1375184K->15472K(1379072K)] 2236311K->876744K(4175296K), 0.0334360 secs] [Times: user=0.06 sys=0.00, real=0.03 secs] 
2016-02-17T20:50:56.963+0800: 181653.678: [GC [PSYoungGen: 1375408K->17328K(1378944K)] 2236680K->879021K(4175168K), 0.0317900 secs] [Times: user=0.05 sys=0.00, real=0.03 secs] 
2016-02-17T20:51:37.531+0800: 181694.245: [GC [PSYoungGen: 1377264K->14128K(1378816K)] 2238957K->876285K(4175040K), 0.0321760 secs] [Times: user=0.04 sys=0.00, real=0.03 secs] 
2016-02-17T20:52:22.061+0800: 181738.775: [GC [PSYoungGen: 1373808K->14528K(1378880K)] 2235965K->876809K(4175104K), 0.0336240 secs] [Times: user=0.05 sys=0.00, real=0.03 secs] 
2016-02-17T20:53:08.800+0800: 181785.515: [GC [PSYoungGen: 1374208K->16320K(1379072K)] 2236489K->878697K(4175296K), 0.0319470 secs] [Times: user=0.06 sys=0.00, real=0.04 secs] 
2016-02-17T20:53:55.675+0800: 181832.389: [GC [PSYoungGen: 1376192K->16448K(1378880K)] 2238569K->879054K(4175104K), 0.0336970 secs] [Times: user=0.05 sys=0.01, real=0.03 secs] 
2016-02-17T20:54:40.410+0800: 181877.124: [GC [PSYoungGen: 1376320K->15024K(1379328K)] 2238926K->877866K(4175552K), 0.0317020 secs] [Times: user=0.05 sys=0.00, real=0.03 secs] 
2016-02-17T20:55:19.932+0800: 181916.646: [GC [PSYoungGen: 1375472K->15280K(1379200K)] 2238314K->878271K(4175424K), 0.0308640 secs] [Times: user=0.05 sys=0.00, real=0.03 secs] 
2016-02-17T20:56:02.558+0800: 181959.272: [GC [PSYoungGen: 1375728K->17184K(1379008K)] 2238719K->880567K(4175232K), 0.0369830 secs] [Times: user=0.05 sys=0.00, real=0.04 secs] 
2016-02-17T20:56:42.042+0800: 181998.756: [GC [PSYoungGen: 1377632K->13728K(1374208K)] 2241015K->877319K(4170432K), 0.0271410 secs] [Times: user=0.05 sys=0.00, real=0.02 secs] 
2016-02-17T20:57:25.721+0800: 182042.435: [GC [PSYoungGen: 1374176K->15270K(1379392K)] 2237767K->879042K(4175616K), 0.0292100 secs] [Times: user=0.05 sys=0.01, real=0.03 secs] 
2016-02-17T20:58:07.249+0800: 182083.963: [GC [PSYoungGen: 1375718K->16560K(1379136K)] 2239490K->880500K(4175360K), 0.0345890 secs] [Times: user=0.05 sys=0.00, real=0.03 secs] 
2016-02-17T20:58:46.203+0800: 182122.918: [GC [PSYoungGen: 1377008K->16608K(1379392K)] 2240948K->880777K(4175616K), 0.0338540 secs] [Times: user=0.06 sys=0.00, real=0.04 secs] 
2016-02-17T20:59:29.078+0800: 182165.793: [GC [PSYoungGen: 1377312K->17600K(1378368K)] 2241481K->882262K(4174592K), 0.0361130 secs] [Times: user=0.05 sys=0.00, real=0.04 secs] 
2016-02-17T21:00:09.533+0800: 182206.247: [GC [PSYoungGen: 1378304K->14272K(1379008K)] 2242966K->879105K(4175232K), 0.0293640 secs] [Times: user=0.05 sys=0.00, real=0.03 secs] 
2016-02-17T21:00:48.680+0800: 182245.394: [GC [PSYoungGen: 1374208K->15472K(1379008K)] 2239041K->880562K(4175232K), 0.0330230 secs] [Times: user=0.06 sys=0.00, real=0.03 secs] 
2016-02-17T21:01:19.221+0800: 182275.935: [GC [PSYoungGen: 1375408K->11328K(1378240K)] 2240498K->876797K(4174464K), 0.0256670 secs] [Times: user=0.04 sys=0.01, real=0.03 secs] 
2016-02-17T21:01:49.863+0800: 182306.577: [GC [PSYoungGen: 1370752K->11936K(1371392K)] 2236221K->877729K(4167616K), 0.0270640 secs] [Times: user=0.05 sys=0.00, real=0.02 secs] 
2016-02-17T21:02:26.321+0800: 182343.036: [GC [PSYoungGen: 1371360K->13488K(1378752K)] 2237153K->879421K(4174976K), 0.0290390 secs] [Times: user=0.05 sys=0.00, real=0.03 secs] 
2016-02-17T21:03:01.033+0800: 182377.747: [GC [PSYoungGen: 1372720K->14704K(1378560K)] 2238653K->880830K(4174784K), 0.0333320 secs] [Times: user=0.05 sys=0.00, real=0.03 secs] 
2016-02-17T21:03:38.328+0800: 182415.042: [GC [PSYoungGen: 1373936K->15984K(1379072K)] 2240062K->882274K(4175296K), 0.0336380 secs] [Times: user=0.05 sys=0.00, real=0.03 secs] 
2016-02-17T21:04:17.333+0800: 182454.048: [GC [PSYoungGen: 1376176K->16096K(1379136K)] 2242466K->882634K(4175360K), 0.0304020 secs] [Times: user=0.05 sys=0.00, real=0.03 secs] 
2016-02-17T21:04:54.414+0800: 182491.128: [GC [PSYoungGen: 1376288K->15950K(1379200K)] 2242826K->882949K(4175424K), 0.0334550 secs] [Times: user=0.05 sys=0.00, real=0.03 secs] 
2016-02-17T21:05:26.067+0800: 182522.781: [GC [PSYoungGen: 1376206K->16048K(1379136K)] 2243205K->883231K(4175360K), 0.0320810 secs] [Times: user=0.06 sys=0.00, real=0.04 secs] 
2016-02-17T21:05:55.493+0800: 182552.207: [GC [PSYoungGen: 1376304K->16128K(1379264K)] 2243487K->883615K(4175488K), 0.0378600 secs] [Times: user=0.05 sys=0.00, real=0.04 secs] 
2016-02-17T21:06:20.029+0800: 182576.743: [GC [PSYoungGen: 1376576K->17568K(1378048K)] 2244063K->885255K(4174272K), 0.0352400 secs] [Times: user=0.05 sys=0.00, real=0.04 secs] 
2016-02-17T21:06:48.650+0800: 182605.364: [GC [PSYoungGen: 1378016K->17696K(1377920K)] 2245703K->885532K(4174144K), 0.0344000 secs] [Times: user=0.06 sys=0.00, real=0.04 secs] 
2016-02-17T21:07:21.334+0800: 182638.049: [GC [PSYoungGen: 1376352K->16032K(1378368K)] 2244188K->884217K(4174592K), 0.0328870 secs] [Times: user=0.05 sys=0.00, real=0.03 secs] 
2016-02-17T21:07:55.468+0800: 182672.182: [GC [PSYoungGen: 1374688K->17312K(1378304K)] 2242873K->885790K(4174528K), 0.0373900 secs] [Times: user=0.06 sys=0.00, real=0.03 secs] 
2016-02-17T21:08:30.624+0800: 182707.339: [GC [PSYoungGen: 1376224K->16176K(1378496K)] 2244702K->884942K(4174720K), 0.0320810 secs] [Times: user=0.06 sys=0.00, real=0.03 secs] 
2016-02-17T21:09:02.512+0800: 182739.226: [GC [PSYoungGen: 1375088K->15152K(1378944K)] 2243854K->884283K(4175168K), 0.0305610 secs] [Times: user=0.05 sys=0.00, real=0.03 secs] 
2016-02-17T21:09:35.765+0800: 182772.480: [GC [PSYoungGen: 1374768K->15232K(1378752K)] 2243899K->884767K(4174976K), 0.0306740 secs] [Times: user=0.05 sys=0.00, real=0.03 secs] 
2016-02-17T21:10:08.331+0800: 182805.045: [GC [PSYoungGen: 1374848K->14848K(1379264K)] 2244383K->884572K(4175488K), 0.0359910 secs] [Times: user=0.05 sys=0.01, real=0.03 secs] 
2016-02-17T21:10:45.015+0800: 182841.730: [GC [PSYoungGen: 1375168K->16304K(1379136K)] 2244892K->886216K(4175360K), 0.0354670 secs] [Times: user=0.06 sys=0.00, real=0.04 secs] 
2016-02-17T21:11:20.117+0800: 182876.831: [GC [PSYoungGen: 1376624K->16832K(1379136K)] 2246536K->887125K(4175360K), 0.0332510 secs] [Times: user=0.05 sys=0.00, real=0.03 secs] 
2016-02-17T21:11:56.855+0800: 182913.569: [GC [PSYoungGen: 1377280K->17584K(1378048K)] 2247573K->888017K(4174272K), 0.0336150 secs] [Times: user=0.06 sys=0.00, real=0.03 secs] 
2016-02-17T21:12:35.616+0800: 182952.330: [GC [PSYoungGen: 1378032K->15952K(1379264K)] 2248465K->886549K(4175488K), 0.0354560 secs] [Times: user=0.05 sys=0.00, real=0.03 secs] 
2016-02-17T21:13:13.745+0800: 182990.459: [GC [PSYoungGen: 1376080K->17520K(1378944K)] 2246677K->888273K(4175168K), 0.0383820 secs] [Times: user=0.06 sys=0.00, real=0.04 secs] 
2016-02-17T21:13:50.936+0800: 183027.650: [GC [PSYoungGen: 1377648K->17296K(1378816K)] 2248401K->888302K(4175040K), 0.0337680 secs] [Times: user=0.05 sys=0.00, real=0.04 secs] 
2016-02-17T21:14:28.997+0800: 183065.711: [GC [PSYoungGen: 1376976K->17728K(1377472K)] 2247982K->888958K(4173696K), 0.0348910 secs] [Times: user=0.05 sys=0.00, real=0.04 secs] 
2016-02-17T21:15:05.827+0800: 183102.541: [GC [PSYoungGen: 1377408K->14880K(1378624K)] 2248638K->886446K(4174848K), 0.0319030 secs] [Times: user=0.05 sys=0.00, real=0.03 secs] 
2016-02-17T21:15:43.422+0800: 183140.137: [GC [PSYoungGen: 1374048K->15152K(1378624K)] 2245614K->886890K(4174848K), 0.0297220 secs] [Times: user=0.04 sys=0.00, real=0.03 secs] 
2016-02-17T21:16:21.006+0800: 183177.721: [GC [PSYoungGen: 1374320K->19311K(1374144K)] 2246058K->895074K(4170368K), 0.0393770 secs] [Times: user=0.07 sys=0.00, real=0.04 secs] 
2016-02-17T21:17:02.407+0800: 183219.122: [GC [PSYoungGen: 1374127K->16256K(1376448K)] 2249890K->892380K(4172672K), 0.0331180 secs] [Times: user=0.06 sys=0.00, real=0.03 secs] 
2016-02-17T21:17:36.870+0800: 183253.584: [GC [PSYoungGen: 1371072K->16768K(1377216K)] 2247196K->893131K(4173440K), 0.0360490 secs] [Times: user=0.06 sys=0.00, real=0.04 secs] 
2016-02-17T21:18:11.982+0800: 183288.696: [GC [PSYoungGen: 1372672K->15424K(1376768K)] 2249035K->891932K(4172992K), 0.0328010 secs] [Times: user=0.05 sys=0.00, real=0.03 secs] 
2016-02-17T21:18:50.623+0800: 183327.337: [GC [PSYoungGen: 1371328K->18496K(1376768K)] 2247836K->895144K(4172992K), 0.0412660 secs] [Times: user=0.05 sys=0.00, real=0.04 secs] 
2016-02-17T21:19:29.025+0800: 183365.739: [GC [PSYoungGen: 1374592K->16976K(1377088K)] 2251240K->893920K(4173312K), 0.0342800 secs] [Times: user=0.06 sys=0.00, real=0.03 secs] 
2016-02-17T21:20:06.792+0800: 183403.507: [GC [PSYoungGen: 1373072K->16192K(1377728K)] 2250016K->893425K(4173952K), 0.0314060 secs] [Times: user=0.05 sys=0.00, real=0.02 secs] 
2016-02-17T21:20:41.607+0800: 183438.322: [GC [PSYoungGen: 1373312K->15504K(1377472K)] 2250545K->893189K(4173696K), 0.0315620 secs] [Times: user=0.05 sys=0.00, real=0.03 secs] 
2016-02-17T21:21:14.652+0800: 183471.367: [GC [PSYoungGen: 1372016K->17831K(1377728K)] 2249702K->895780K(4173952K), 0.0322090 secs] [Times: user=0.05 sys=0.00, real=0.03 secs] 
2016-02-17T21:21:47.028+0800: 183503.742: [GC [PSYoungGen: 1375335K->14720K(1377792K)] 2253284K->893041K(4174016K), 0.0285350 secs] [Times: user=0.05 sys=0.00, real=0.03 secs] 
2016-02-17T21:22:18.751+0800: 183535.466: [GC [PSYoungGen: 1372224K->13590K(1377536K)] 2250545K->891999K(4173760K), 0.0287860 secs] [Times: user=0.04 sys=0.01, real=0.03 secs] 
2016-02-17T21:22:56.241+0800: 183572.955: [GC [PSYoungGen: 1370838K->17056K(1377664K)] 2249247K->895670K(4173888K), 0.0382410 secs] [Times: user=0.06 sys=0.00, real=0.03 secs] 
2016-02-17T21:23:32.797+0800: 183609.511: [GC [PSYoungGen: 1374304K->15808K(1378048K)] 2252918K->894738K(4174272K), 0.0345700 secs] [Times: user=0.05 sys=0.00, real=0.04 secs] 
2016-02-17T21:24:07.646+0800: 183644.361: [GC [PSYoungGen: 1373568K->16224K(1377792K)] 2252498K->895478K(4174016K), 0.0302230 secs] [Times: user=0.05 sys=0.01, real=0.04 secs] 
2016-02-17T21:24:43.735+0800: 183680.449: [GC [PSYoungGen: 1373984K->15961K(1378688K)] 2253238K->895725K(4174912K), 0.0306070 secs] [Times: user=0.05 sys=0.00, real=0.04 secs] 
2016-02-17T21:25:20.397+0800: 183717.112: [GC [PSYoungGen: 1375001K->15600K(1378432K)] 2254765K->895491K(4174656K), 0.0343470 secs] [Times: user=0.04 sys=0.01, real=0.04 secs] 
2016-02-17T21:25:54.662+0800: 183751.377: [GC [PSYoungGen: 1374640K->14832K(1378944K)] 2254531K->895078K(4175168K), 0.0306370 secs] [Times: user=0.06 sys=0.00, real=0.03 secs] 
2016-02-17T21:26:31.857+0800: 183788.571: [GC [PSYoungGen: 1374576K->17184K(1376960K)] 2254822K->897523K(4173184K), 0.0343930 secs] [Times: user=0.05 sys=0.00, real=0.04 secs] 
2016-02-17T21:27:07.023+0800: 183823.738: [GC [PSYoungGen: 1376928K->15664K(1379072K)] 2257267K->896272K(4175296K), 0.0312160 secs] [Times: user=0.04 sys=0.00, real=0.03 secs] 
2016-02-17T21:27:40.172+0800: 183856.887: [GC [PSYoungGen: 1375472K->14448K(1378816K)] 2256080K->895576K(4175040K), 0.0294240 secs] [Times: user=0.04 sys=0.00, real=0.02 secs] 
2016-02-17T21:28:17.790+0800: 183894.505: [GC [PSYoungGen: 1374256K->16432K(1379200K)] 2255384K->897713K(4175424K), 0.0331880 secs] [Times: user=0.04 sys=0.00, real=0.04 secs] 
2016-02-17T21:28:50.687+0800: 183927.401: [GC [PSYoungGen: 1376624K->18368K(1378624K)] 2257905K->899817K(4174848K), 0.0378240 secs] [Times: user=0.05 sys=0.00, real=0.04 secs] 
2016-02-17T21:29:32.440+0800: 183969.154: [GC [PSYoungGen: 1378560K->18080K(1377856K)] 2260009K->899846K(4174080K), 0.0367840 secs] [Times: user=0.06 sys=0.00, real=0.04 secs] 
2016-02-17T21:30:09.834+0800: 184006.549: [GC [PSYoungGen: 1376480K->14624K(1378240K)] 2258246K->896779K(4174464K), 0.0306420 secs] [Times: user=0.05 sys=0.00, real=0.04 secs] 
2016-02-17T21:30:44.122+0800: 184040.836: [GC [PSYoungGen: 1373024K->14272K(1378304K)] 2255179K->896671K(4174528K), 0.0316320 secs] [Times: user=0.05 sys=0.00, real=0.04 secs] 
2016-02-17T21:31:18.829+0800: 184075.543: [GC [PSYoungGen: 1372736K->15313K(1378240K)] 2255135K->898085K(4174464K), 0.0302750 secs] [Times: user=0.05 sys=0.00, real=0.03 secs] 
2016-02-17T21:31:53.154+0800: 184109.869: [GC [PSYoungGen: 1373777K->16272K(1378752K)] 2256549K->899827K(4174976K), 0.0330430 secs] [Times: user=0.05 sys=0.01, real=0.03 secs] 
2016-02-17T21:32:25.952+0800: 184142.667: [GC [PSYoungGen: 1375504K->14480K(1378560K)] 2259059K->898451K(4174784K), 0.0366900 secs] [Times: user=0.06 sys=0.00, real=0.04 secs] 
2016-02-17T21:33:04.961+0800: 184181.676: [GC [PSYoungGen: 1373712K->15600K(1379136K)] 2257683K->899868K(4175360K), 0.0322700 secs] [Times: user=0.05 sys=0.00, real=0.04 secs] 
2016-02-17T21:33:38.963+0800: 184215.677: [GC [PSYoungGen: 1375472K->15120K(1378816K)] 2259740K->899633K(4175040K), 0.0311390 secs] [Times: user=0.05 sys=0.00, real=0.03 secs] 
2016-02-17T21:34:13.898+0800: 184250.612: [GC [PSYoungGen: 1374992K->15952K(1379520K)] 2259505K->900713K(4175744K), 0.0357250 secs] [Times: user=0.05 sys=0.00, real=0.04 secs] 
2016-02-17T21:34:50.599+0800: 184287.314: [GC [PSYoungGen: 1376720K->17568K(1378368K)] 2261481K->902570K(4174592K), 0.0344190 secs] [Times: user=0.05 sys=0.00, real=0.03 secs] 
2016-02-17T21:35:23.152+0800: 184319.866: [GC [PSYoungGen: 1378336K->15904K(1379456K)] 2263338K->901292K(4175680K), 0.0352160 secs] [Times: user=0.05 sys=0.00, real=0.04 secs] 
2016-02-17T21:35:59.837+0800: 184356.551: [GC [PSYoungGen: 1376416K->18448K(1379008K)] 2261804K->903929K(4175232K), 0.0437010 secs] [Times: user=0.05 sys=0.00, real=0.04 secs] 
2016-02-17T21:36:37.643+0800: 184394.357: [GC [PSYoungGen: 1378960K->18592K(1377344K)] 2264441K->904278K(4173568K), 0.0356430 secs] [Times: user=0.06 sys=0.00, real=0.03 secs] 
2016-02-17T21:37:12.983+0800: 184429.697: [GC [PSYoungGen: 1376864K->15936K(1378176K)] 2262550K->902010K(4174400K), 0.0335530 secs] [Times: user=0.05 sys=0.00, real=0.03 secs] 
2016-02-17T21:37:49.939+0800: 184466.653: [GC [PSYoungGen: 1374208K->15024K(1378560K)] 2260282K->901206K(4174784K), 0.0318580 secs] [Times: user=0.05 sys=0.00, real=0.03 secs] 
2016-02-17T21:38:22.215+0800: 184498.929: [GC [PSYoungGen: 1373936K->14741K(1378432K)] 2260118K->901136K(4174656K), 0.0275070 secs] [Times: user=0.05 sys=0.00, real=0.02 secs] 
2016-02-17T21:38:55.009+0800: 184531.723: [GC [PSYoungGen: 1373653K->15062K(1378752K)] 2260048K->901781K(4174976K), 0.0291480 secs] [Times: user=0.05 sys=0.00, real=0.03 secs] 
2016-02-17T21:39:30.401+0800: 184567.115: [GC [PSYoungGen: 1374358K->14432K(1378624K)] 2261077K->901316K(4174848K), 0.0299440 secs] [Times: user=0.06 sys=0.00, real=0.03 secs] 
2016-02-17T21:40:04.428+0800: 184601.143: [GC [PSYoungGen: 1373728K->16720K(1378816K)] 2260612K->903793K(4175040K), 0.0358140 secs] [Times: user=0.05 sys=0.00, real=0.03 secs] 
2016-02-17T21:40:40.891+0800: 184637.605: [GC [PSYoungGen: 1376272K->16128K(1378816K)] 2263345K->903566K(4175040K), 0.0330010 secs] [Times: user=0.05 sys=0.00, real=0.04 secs] 
2016-02-17T21:41:12.970+0800: 184669.684: [GC [PSYoungGen: 1375680K->14950K(1379200K)] 2263118K->902853K(4175424K), 0.0343810 secs] [Times: user=0.04 sys=0.00, real=0.04 secs] 
2016-02-17T21:41:47.380+0800: 184704.094: [GC [PSYoungGen: 1375142K->16208K(1379072K)] 2263045K->904311K(4175296K), 0.0326970 secs] [Times: user=0.05 sys=0.01, real=0.03 secs] 
2016-02-17T21:42:25.089+0800: 184741.804: [GC [PSYoungGen: 1376400K->15664K(1379648K)] 2264503K->903932K(4175872K), 0.0310480 secs] [Times: user=0.06 sys=0.00, real=0.03 secs] 
2016-02-17T21:43:04.220+0800: 184780.934: [GC [PSYoungGen: 1376624K->17440K(1378432K)] 2264892K->905984K(4174656K), 0.0380250 secs] [Times: user=0.04 sys=0.01, real=0.04 secs] 
2016-02-17T21:43:39.847+0800: 184816.561: [GC [PSYoungGen: 1378400K->13936K(1379072K)] 2266944K->902736K(4175296K), 0.0295380 secs] [Times: user=0.04 sys=0.00, real=0.03 secs] 
2016-02-17T21:44:18.683+0800: 184855.397: [GC [PSYoungGen: 1374256K->18310K(1378688K)] 2263056K->907531K(4174912K), 0.0345320 secs] [Times: user=0.05 sys=0.00, real=0.03 secs] 
2016-02-17T21:44:56.092+0800: 184892.806: [GC [PSYoungGen: 1378630K->16448K(1378816K)] 2267851K->905785K(4175040K), 0.0327340 secs] [Times: user=0.04 sys=0.00, real=0.03 secs] 
2016-02-17T21:45:26.359+0800: 184923.073: [GC [PSYoungGen: 1375609K->15855K(1378688K)] 2264946K->905565K(4174912K), 0.0325580 secs] [Times: user=0.05 sys=0.00, real=0.03 secs] 
2016-02-17T21:46:01.350+0800: 184958.064: [GC [PSYoungGen: 1375279K->16064K(1379328K)] 2264989K->906002K(4175552K), 0.0330720 secs] [Times: user=0.05 sys=0.01, real=0.03 secs] 
2016-02-17T21:46:38.450+0800: 184995.164: [GC [PSYoungGen: 1376384K->17424K(1379072K)] 2266322K->907538K(4175296K), 0.0353680 secs] [Times: user=0.06 sys=0.00, real=0.04 secs] 
2016-02-17T21:47:12.780+0800: 185029.495: [GC [PSYoungGen: 1377744K->16224K(1379392K)] 2267858K->906591K(4175616K), 0.0421660 secs] [Times: user=0.06 sys=0.00, real=0.04 secs] 
2016-02-17T21:47:44.802+0800: 185061.517: [GC [PSYoungGen: 1376672K->15328K(1379136K)] 2267039K->906063K(4175360K), 0.0328070 secs] [Times: user=0.05 sys=0.00, real=0.03 secs] 
2016-02-17T21:48:18.774+0800: 185095.488: [GC [PSYoungGen: 1375776K->16544K(1379584K)] 2266511K->907547K(4175808K), 0.0405270 secs] [Times: user=0.06 sys=0.00, real=0.04 secs] 
2016-02-17T21:48:53.776+0800: 185130.490: [GC [PSYoungGen: 1377504K->15936K(1379456K)] 2268507K->907211K(4175680K), 0.0313680 secs] [Times: user=0.05 sys=0.00, real=0.03 secs] 
2016-02-17T21:49:32.618+0800: 185169.332: [GC [PSYoungGen: 1376896K->15904K(1379904K)] 2268171K->907387K(4176128K), 0.0327000 secs] [Times: user=0.05 sys=0.00, real=0.03 secs] 
2016-02-17T21:50:05.952+0800: 185202.667: [GC [PSYoungGen: 1377504K->14416K(1379776K)] 2268987K->906052K(4176000K), 0.0285410 secs] [Times: user=0.05 sys=0.00, real=0.03 secs] 
2016-02-17T21:50:39.082+0800: 185235.797: [GC [PSYoungGen: 1376016K->16320K(1379904K)] 2267652K->908244K(4176128K), 0.0340020 secs] [Times: user=0.05 sys=0.00, real=0.04 secs] 
2016-02-17T21:51:12.824+0800: 185269.539: [GC [PSYoungGen: 1377984K->15936K(1379840K)] 2269908K->908325K(4176064K), 0.0415300 secs] [Times: user=0.05 sys=0.00, real=0.04 secs] 
2016-02-17T21:51:48.785+0800: 185305.499: [GC [PSYoungGen: 1377600K->15392K(1380224K)] 2269989K->907949K(4176448K), 0.0314350 secs] [Times: user=0.05 sys=0.00, real=0.03 secs] 
2016-02-17T21:52:20.759+0800: 185337.474: [GC [PSYoungGen: 1377696K->14592K(1380160K)] 2270253K->907626K(4176384K), 0.0326530 secs] [Times: user=0.06 sys=0.00, real=0.04 secs] 
2016-02-17T21:52:55.458+0800: 185372.172: [GC [PSYoungGen: 1376896K->16960K(1379712K)] 2269930K->910175K(4175936K), 0.0332700 secs] [Times: user=0.05 sys=0.00, real=0.04 secs] 
2016-02-17T21:53:26.926+0800: 185403.640: [GC [PSYoungGen: 1378816K->15664K(1379968K)] 2272031K->909234K(4176192K), 0.0321200 secs] [Times: user=0.06 sys=0.00, real=0.04 secs] 
2016-02-17T21:54:00.289+0800: 185437.004: [GC [PSYoungGen: 1377520K->17040K(1379648K)] 2271090K->910768K(4175872K), 0.0356320 secs] [Times: user=0.05 sys=0.00, real=0.04 secs] 
2016-02-17T21:54:31.857+0800: 185468.572: [GC [PSYoungGen: 1378768K->13648K(1375424K)] 2272496K->907740K(4171648K), 0.0296840 secs] [Times: user=0.04 sys=0.01, real=0.03 secs] 
2016-02-17T21:55:07.244+0800: 185503.959: [GC [PSYoungGen: 1375376K->17184K(1379200K)] 2269468K->911468K(4175424K), 0.0326450 secs] [Times: user=0.06 sys=0.00, real=0.03 secs] 
2016-02-17T21:55:40.316+0800: 185537.030: [GC [PSYoungGen: 1378016K->15600K(1379456K)] 2272300K->910181K(4175680K), 0.0351800 secs] [Times: user=0.04 sys=0.00, real=0.04 secs] 
2016-02-17T21:56:14.561+0800: 185571.275: [GC [PSYoungGen: 1376432K->15648K(1379904K)] 2271013K->910469K(4176128K), 0.0322700 secs] [Times: user=0.05 sys=0.00, real=0.03 secs] 
2016-02-17T21:56:52.835+0800: 185609.550: [GC [PSYoungGen: 1377120K->15680K(1379648K)] 2271941K->910677K(4175872K), 0.0384740 secs] [Times: user=0.06 sys=0.00, real=0.04 secs] 
2016-02-17T21:57:27.957+0800: 185644.671: [GC [PSYoungGen: 1377152K->15792K(1380288K)] 2272149K->911021K(4176512K), 0.0361540 secs] [Times: user=0.05 sys=0.00, real=0.04 secs] 
2016-02-17T21:58:08.633+0800: 185685.348: [GC [PSYoungGen: 1378096K->17773K(1380096K)] 2273325K->917219K(4176320K), 0.0420880 secs] [Times: user=0.07 sys=0.00, real=0.04 secs] 
2016-02-17T21:58:47.756+0800: 185724.470: [GC [PSYoungGen: 1380077K->17296K(1376384K)] 2279523K->917109K(4172608K), 0.0365720 secs] [Times: user=0.06 sys=0.00, real=0.04 secs] 
2016-02-17T21:59:25.655+0800: 185762.370: [GC [PSYoungGen: 1375696K->15088K(1378240K)] 2275509K->915142K(4174464K), 0.0309540 secs] [Times: user=0.04 sys=0.01, real=0.04 secs] 
2016-02-17T22:00:03.135+0800: 185799.849: [GC [PSYoungGen: 1373488K->15632K(1378496K)] 2273542K->915955K(4174720K), 0.0306070 secs] [Times: user=0.05 sys=0.00, real=0.03 secs] 
2016-02-17T22:00:36.416+0800: 185833.131: [GC [PSYoungGen: 1374352K->14752K(1378304K)] 2274675K->915339K(4174528K), 0.0310640 secs] [Times: user=0.04 sys=0.00, real=0.03 secs] 
2016-02-17T22:01:10.241+0800: 185866.955: [GC [PSYoungGen: 1373471K->15840K(1378880K)] 2274058K->916700K(4175104K), 0.0317640 secs] [Times: user=0.06 sys=0.00, real=0.03 secs] 
2016-02-17T22:01:45.456+0800: 185902.170: [GC [PSYoungGen: 1375200K->16448K(1378560K)] 2276060K->917648K(4174784K), 0.0340170 secs] [Times: user=0.04 sys=0.00, real=0.03 secs] 
2016-02-17T22:02:22.950+0800: 185939.664: [GC [PSYoungGen: 1375808K->15040K(1379136K)] 2277008K->916584K(4175360K), 0.0328890 secs] [Times: user=0.05 sys=0.00, real=0.03 secs] 
2016-02-17T22:03:02.572+0800: 185979.286: [GC [PSYoungGen: 1375168K->17008K(1379072K)] 2276712K->918836K(4175296K), 0.0385210 secs] [Times: user=0.06 sys=0.00, real=0.04 secs] 
2016-02-17T22:03:42.581+0800: 186019.295: [GC [PSYoungGen: 1377136K->18992K(1377024K)] 2278964K->921461K(4173248K), 0.0366780 secs] [Times: user=0.05 sys=0.00, real=0.03 secs] 
2016-02-17T22:04:20.985+0800: 186057.700: [GC [PSYoungGen: 1377008K->15968K(1378048K)] 2279477K->918669K(4174272K), 0.0352710 secs] [Times: user=0.04 sys=0.00, real=0.04 secs] 
2016-02-17T22:05:00.228+0800: 186096.943: [GC [PSYoungGen: 1373984K->16544K(1378624K)] 2276685K->919649K(4174848K), 0.0325470 secs] [Times: user=0.05 sys=0.00, real=0.03 secs] 
2016-02-17T22:05:35.297+0800: 186132.012: [GC [PSYoungGen: 1375392K->17280K(1378304K)] 2278497K->920466K(4174528K), 0.0375700 secs] [Times: user=0.05 sys=0.00, real=0.04 secs] 
2016-02-17T22:06:16.111+0800: 186172.825: [GC [PSYoungGen: 1376128K->17328K(1378624K)] 2279314K->920950K(4174848K), 0.0385140 secs] [Times: user=0.06 sys=0.00, real=0.04 secs] 
2016-02-17T22:06:51.810+0800: 186208.524: [GC [PSYoungGen: 1376496K->18304K(1377536K)] 2280118K->922278K(4173760K), 0.0378590 secs] [Times: user=0.06 sys=0.00, real=0.04 secs] 
2016-02-17T22:07:32.106+0800: 186248.820: [GC [PSYoungGen: 1377472K->19827K(1375936K)] 2281446K->924766K(4172160K), 0.0363550 secs] [Times: user=0.06 sys=0.00, real=0.03 secs] 
2016-02-17T22:08:07.686+0800: 186284.401: [GC [PSYoungGen: 1375923K->14464K(1370624K)] 2280862K->919796K(4166848K), 0.0300200 secs] [Times: user=0.05 sys=0.00, real=0.03 secs] 
2016-02-17T22:08:49.267+0800: 186325.981: [GC [PSYoungGen: 1370560K->18112K(1376960K)] 2275892K->923792K(4173184K), 0.0356580 secs] [Times: user=0.05 sys=0.00, real=0.04 secs] 
2016-02-17T22:09:23.064+0800: 186359.778: [GC [PSYoungGen: 1373952K->16144K(1376960K)] 2279632K->922013K(4173184K), 0.0374740 secs] [Times: user=0.04 sys=0.01, real=0.04 secs] 
2016-02-17T22:09:58.350+0800: 186395.064: [GC [PSYoungGen: 1371984K->17360K(1377472K)] 2277853K->923509K(4173696K), 0.0362570 secs] [Times: user=0.06 sys=0.00, real=0.04 secs] 
2016-02-17T22:10:36.453+0800: 186433.168: [GC [PSYoungGen: 1373968K->16560K(1377216K)] 2280117K->923061K(4173440K), 0.0368620 secs] [Times: user=0.05 sys=0.00, real=0.03 secs] 
2016-02-17T22:11:11.182+0800: 186467.896: [GC [PSYoungGen: 1373168K->14992K(1377728K)] 2279669K->921778K(4173952K), 0.0317560 secs] [Times: user=0.04 sys=0.00, real=0.03 secs] 
2016-02-17T22:11:48.420+0800: 186505.134: [GC [PSYoungGen: 1372368K->14416K(1377728K)] 2279154K->921358K(4173952K), 0.0307320 secs] [Times: user=0.05 sys=0.00, real=0.04 secs] 
2016-02-17T22:12:26.731+0800: 186543.445: [GC [PSYoungGen: 1371792K->16416K(1378048K)] 2278734K->923534K(4174272K), 0.0338010 secs] [Times: user=0.06 sys=0.00, real=0.04 secs] 
2016-02-17T22:13:05.422+0800: 186582.137: [GC [PSYoungGen: 1374112K->16448K(1377728K)] 2281230K->923674K(4173952K), 0.0323420 secs] [Times: user=0.06 sys=0.00, real=0.04 secs] 
2016-02-17T22:13:44.575+0800: 186621.290: [GC [PSYoungGen: 1374144K->15920K(1378624K)] 2281370K->923462K(4174848K), 0.0326230 secs] [Times: user=0.04 sys=0.00, real=0.03 secs] 
2016-02-17T22:14:20.371+0800: 186657.086: [GC [PSYoungGen: 1374896K->14448K(1378432K)] 2282438K->922303K(4174656K), 0.0321780 secs] [Times: user=0.04 sys=0.00, real=0.03 secs] 
2016-02-17T22:14:56.649+0800: 186693.364: [GC [PSYoungGen: 1373424K->15152K(1378752K)] 2281279K->923281K(4174976K), 0.0311780 secs] [Times: user=0.05 sys=0.00, real=0.03 secs] 
2016-02-17T22:15:29.588+0800: 186726.302: [GC [PSYoungGen: 1374384K->15360K(1378560K)] 2282513K->923772K(4174784K), 0.0325650 secs] [Times: user=0.05 sys=0.01, real=0.03 secs] 
2016-02-17T22:16:11.129+0800: 186767.843: [GC [PSYoungGen: 1374592K->15008K(1379008K)] 2283004K->923868K(4175232K), 0.0325890 secs] [Times: user=0.05 sys=0.00, real=0.04 secs] 
2016-02-17T22:16:50.430+0800: 186807.145: [GC [PSYoungGen: 1374816K->14288K(1378880K)] 2283676K->923284K(4175104K), 0.0299180 secs] [Times: user=0.05 sys=0.00, real=0.03 secs] 
2016-02-17T22:17:31.395+0800: 186848.110: [GC [PSYoungGen: 1374096K->17057K(1378816K)] 2283092K->926270K(4175040K), 0.0340330 secs] [Times: user=0.05 sys=0.00, real=0.04 secs] 
2016-02-17T22:18:13.366+0800: 186890.081: [GC [PSYoungGen: 1376865K->15600K(1378944K)] 2286078K->925178K(4175168K), 0.0335770 secs] [Times: user=0.05 sys=0.00, real=0.03 secs] 
2016-02-17T22:18:51.812+0800: 186928.527: [GC [PSYoungGen: 1375408K->16960K(1378944K)] 2284986K->926746K(4175168K), 0.0343970 secs] [Times: user=0.06 sys=0.00, real=0.03 secs] 
2016-02-17T22:19:29.835+0800: 186966.549: [GC [PSYoungGen: 1377024K->16803K(1379072K)] 2286810K->926763K(4175296K), 0.0353060 secs] [Times: user=0.05 sys=0.00, real=0.04 secs] 
2016-02-17T22:20:12.068+0800: 187008.783: [GC [PSYoungGen: 1376867K->14944K(1379200K)] 2286827K->925343K(4175424K), 0.0313610 secs] [Times: user=0.05 sys=0.00, real=0.03 secs] 
2016-02-17T22:20:48.490+0800: 187045.204: [GC [PSYoungGen: 1375136K->15388K(1379072K)] 2285535K->926229K(4175296K), 0.0310750 secs] [Times: user=0.06 sys=0.00, real=0.03 secs] 
2016-02-17T22:21:22.670+0800: 187079.384: [GC [PSYoungGen: 1375580K->14129K(1379264K)] 2286421K->925174K(4175488K), 0.0320850 secs] [Times: user=0.05 sys=0.00, real=0.03 secs] 
2016-02-17T22:22:01.478+0800: 187118.193: [GC [PSYoungGen: 1374705K->16118K(1379328K)] 2285750K->927436K(4175552K), 0.0518820 secs] [Times: user=0.08 sys=0.00, real=0.05 secs] 
2016-02-17T22:22:38.450+0800: 187155.164: [GC [PSYoungGen: 1376694K->16835K(1379264K)] 2288012K->928462K(4175488K), 0.0357640 secs] [Times: user=0.05 sys=0.00, real=0.03 secs] 
2016-02-17T22:23:15.636+0800: 187192.350: [GC [PSYoungGen: 1377539K->15232K(1379392K)] 2289166K->927114K(4175616K), 0.0331250 secs] [Times: user=0.05 sys=0.01, real=0.04 secs] 
2016-02-17T22:23:53.924+0800: 187230.638: [GC [PSYoungGen: 1375936K->17047K(1379264K)] 2287818K->929114K(4175488K), 0.0362770 secs] [Times: user=0.05 sys=0.00, real=0.03 secs] 
2016-02-17T22:24:30.180+0800: 187266.895: [GC [PSYoungGen: 1377751K->13280K(1374016K)] 2289818K->925743K(4170240K), 0.0323900 secs] [Times: user=0.05 sys=0.00, real=0.03 secs] 
2016-02-17T22:25:09.187+0800: 187305.902: [GC [PSYoungGen: 1373984K->15200K(1379456K)] 2286447K->927824K(4175680K), 0.0333800 secs] [Times: user=0.06 sys=0.00, real=0.04 secs] 
2016-02-17T22:25:46.778+0800: 187343.493: [GC [PSYoungGen: 1375776K->14272K(1379200K)] 2288400K->927416K(4175424K), 0.0314870 secs] [Times: user=0.05 sys=0.00, real=0.03 secs] 
2016-02-17T22:26:30.212+0800: 187386.926: [GC [PSYoungGen: 1374848K->16512K(1379392K)] 2287992K->929873K(4175616K), 0.0352610 secs] [Times: user=0.06 sys=0.00, real=0.03 secs] 
2016-02-17T22:27:08.197+0800: 187424.911: [GC [PSYoungGen: 1377344K->15744K(1379456K)] 2290705K->929485K(4175680K), 0.0337350 secs] [Times: user=0.06 sys=0.00, real=0.03 secs] 
2016-02-17T22:27:46.758+0800: 187463.473: [GC [PSYoungGen: 1376576K->16816K(1379392K)] 2290317K->930917K(4175616K), 0.0355600 secs] [Times: user=0.05 sys=0.00, real=0.04 secs] 
2016-02-17T22:28:25.970+0800: 187502.685: [GC [PSYoungGen: 1377776K->16704K(1377728K)] 2291877K->930925K(4173952K), 0.0350370 secs] [Times: user=0.04 sys=0.00, real=0.03 secs] 
2016-02-17T22:29:05.779+0800: 187542.494: [GC [PSYoungGen: 1377664K->15536K(1379648K)] 2291885K->929930K(4175872K), 0.0352530 secs] [Times: user=0.04 sys=0.00, real=0.04 secs] 
2016-02-17T22:29:44.390+0800: 187581.105: [GC [PSYoungGen: 1376496K->14624K(1379392K)] 2290890K->929231K(4175616K), 0.0357580 secs] [Times: user=0.05 sys=0.00, real=0.04 secs] 
2016-02-17T22:30:23.834+0800: 187620.549: [GC [PSYoungGen: 1375584K->16464K(1379712K)] 2290191K->931291K(4175936K), 0.0345850 secs] [Times: user=0.04 sys=0.00, real=0.04 secs] 
2016-02-17T22:31:03.509+0800: 187660.224: [GC [PSYoungGen: 1377808K->15616K(1379712K)] 2292635K->930819K(4175936K), 0.0326700 secs] [Times: user=0.05 sys=0.00, real=0.03 secs] 
2016-02-17T22:31:40.154+0800: 187696.868: [GC [PSYoungGen: 1376960K->14735K(1379968K)] 2292163K->930251K(4176192K), 0.0285680 secs] [Times: user=0.05 sys=0.00, real=0.02 secs] 
2016-02-17T22:32:18.450+0800: 187735.165: [GC [PSYoungGen: 1376527K->14739K(1379904K)] 2292043K->930408K(4176128K), 0.0293540 secs] [Times: user=0.04 sys=0.01, real=0.03 secs] 
2016-02-17T22:32:54.917+0800: 187771.631: [GC [PSYoungGen: 1376531K->15024K(1380224K)] 2292200K->931068K(4176448K), 0.0324430 secs] [Times: user=0.05 sys=0.00, real=0.04 secs] 
2016-02-17T22:33:33.429+0800: 187810.143: [GC [PSYoungGen: 1377264K->14480K(1380096K)] 2293308K->930869K(4176320K), 0.0304630 secs] [Times: user=0.05 sys=0.00, real=0.03 secs] 
2016-02-17T22:34:15.331+0800: 187852.046: [GC [PSYoungGen: 1376720K->17536K(1379136K)] 2293109K->934202K(4175360K), 0.0365840 secs] [Times: user=0.06 sys=0.00, real=0.04 secs] 
2016-02-17T22:34:50.148+0800: 187886.862: [GC [PSYoungGen: 1378880K->13904K(1379712K)] 2295546K->930871K(4175936K), 0.0291690 secs] [Times: user=0.04 sys=0.01, real=0.03 secs] 
2016-02-17T22:35:31.719+0800: 187928.434: [GC [PSYoungGen: 1375248K->17376K(1378816K)] 2292215K->934720K(4175040K), 0.0368370 secs] [Times: user=0.07 sys=0.00, real=0.04 secs] 
2016-02-17T22:36:07.405+0800: 187964.120: [GC [PSYoungGen: 1377824K->14400K(1379264K)] 2295168K->931988K(4175488K), 0.0307280 secs] [Times: user=0.05 sys=0.00, real=0.04 secs] 
2016-02-17T22:36:49.367+0800: 188006.081: [GC [PSYoungGen: 1374848K->16742K(1379136K)] 2292436K->934400K(4175360K), 0.0337590 secs] [Times: user=0.06 sys=0.00, real=0.03 secs] 
2016-02-17T22:37:31.540+0800: 188048.254: [GC [PSYoungGen: 1377190K->16544K(1377024K)] 2294848K->934482K(4173248K), 0.0334900 secs] [Times: user=0.04 sys=0.00, real=0.04 secs] 
2016-02-17T22:38:07.958+0800: 188084.673: [GC [PSYoungGen: 1376992K->17424K(1378560K)] 2294930K->935559K(4174784K), 0.0331970 secs] [Times: user=0.06 sys=0.00, real=0.04 secs] 
2016-02-17T22:38:48.918+0800: 188125.632: [GC [PSYoungGen: 1377104K->15136K(1378880K)] 2295239K->933732K(4175104K), 0.0318500 secs] [Times: user=0.04 sys=0.00, real=0.03 secs] 
2016-02-17T22:39:34.148+0800: 188170.862: [GC [PSYoungGen: 1374816K->17326K(1378624K)] 2293412K->936163K(4174848K), 0.0314030 secs] [Times: user=0.06 sys=0.00, real=0.03 secs] 
2016-02-17T22:40:13.432+0800: 188210.147: [GC [PSYoungGen: 1377006K->13552K(1373248K)] 2295843K->932644K(4169472K), 0.0301240 secs] [Times: user=0.05 sys=0.00, real=0.03 secs] 
2016-02-17T22:40:55.337+0800: 188252.051: [GC [PSYoungGen: 1373232K->14192K(1378880K)] 2292324K->933465K(4175104K), 0.0310090 secs] [Times: user=0.04 sys=0.00, real=0.04 secs] 
2016-02-17T22:41:36.368+0800: 188293.082: [GC [PSYoungGen: 1373744K->16592K(1378752K)] 2293017K->936307K(4174976K), 0.0335190 secs] [Times: user=0.04 sys=0.01, real=0.03 secs] 
2016-02-17T22:42:24.027+0800: 188340.741: [GC [PSYoungGen: 1376144K->16316K(1378944K)] 2295859K->936379K(4175168K), 0.0325690 secs] [Times: user=0.06 sys=0.00, real=0.03 secs] 
2016-02-17T22:43:05.240+0800: 188381.955: [GC [PSYoungGen: 1376060K->14112K(1378880K)] 2296123K->934452K(4175104K), 0.0286530 secs] [Times: user=0.05 sys=0.00, real=0.02 secs] 
2016-02-17T22:43:47.078+0800: 188423.793: [GC [PSYoungGen: 1373856K->14422K(1379200K)] 2294196K->934894K(4175424K), 0.0313100 secs] [Times: user=0.04 sys=0.00, real=0.04 secs] 
2016-02-17T22:44:24.929+0800: 188461.643: [GC [PSYoungGen: 1374550K->14176K(1379008K)] 2295022K->935119K(4175232K), 0.0297190 secs] [Times: user=0.05 sys=0.00, real=0.03 secs] 
2016-02-17T22:45:02.965+0800: 188499.679: [GC [PSYoungGen: 1374304K->15318K(1379648K)] 2295247K->936381K(4175872K), 0.0310540 secs] [Times: user=0.05 sys=0.00, real=0.03 secs] 
2016-02-17T22:45:44.345+0800: 188541.059: [GC [PSYoungGen: 1376150K->15056K(1379264K)] 2297213K->936344K(4175488K), 0.0320760 secs] [Times: user=0.05 sys=0.00, real=0.03 secs] 
2016-02-17T22:46:24.162+0800: 188580.877: [GC [PSYoungGen: 1375888K->16160K(1379776K)] 2297176K->937625K(4176000K), 0.0346690 secs] [Times: user=0.05 sys=0.00, real=0.03 secs] 
2016-02-17T22:47:05.375+0800: 188622.089: [GC [PSYoungGen: 1377760K->15568K(1379840K)] 2299225K->937449K(4176064K), 0.0326070 secs] [Times: user=0.05 sys=0.00, real=0.03 secs] 
2016-02-17T22:47:46.014+0800: 188662.728: [GC [PSYoungGen: 1377168K->14016K(1380096K)] 2299049K->936090K(4176320K), 0.0284720 secs] [Times: user=0.05 sys=0.00, real=0.02 secs] 
2016-02-17T22:48:27.903+0800: 188704.617: [GC [PSYoungGen: 1376128K->16768K(1378944K)] 2298202K->939155K(4175168K), 0.0321560 secs] [Times: user=0.05 sys=0.00, real=0.03 secs] 
2016-02-17T22:49:11.443+0800: 188748.157: [GC [PSYoungGen: 1378880K->16880K(1379200K)] 2301267K->939588K(4175424K), 0.0341330 secs] [Times: user=0.05 sys=0.00, real=0.03 secs] 
2016-02-17T22:49:56.480+0800: 188793.194: [GC [PSYoungGen: 1377840K->16592K(1377600K)] 2300548K->939548K(4173824K), 0.0348080 secs] [Times: user=0.05 sys=0.00, real=0.03 secs] 
2016-02-17T22:50:32.039+0800: 188828.754: [GC [PSYoungGen: 1377552K->14144K(1379520K)] 2300508K->937364K(4175744K), 0.0304040 secs] [Times: user=0.05 sys=0.00, real=0.03 secs] 
2016-02-17T22:51:10.093+0800: 188866.807: [GC [PSYoungGen: 1375040K->14256K(1379456K)] 2298260K->937652K(4175680K), 0.0330470 secs] [Times: user=0.04 sys=0.00, real=0.03 secs] 
2016-02-17T22:51:51.263+0800: 188907.978: [GC [PSYoungGen: 1375152K->14240K(1379712K)] 2298548K->937772K(4175936K), 0.0311540 secs] [Times: user=0.05 sys=0.00, real=0.03 secs] 
2016-02-17T22:52:35.882+0800: 188952.597: [GC [PSYoungGen: 1375456K->15984K(1379584K)] 2298988K->939817K(4175808K), 0.0325890 secs] [Times: user=0.05 sys=0.00, real=0.03 secs] 
2016-02-17T22:53:18.288+0800: 188995.002: [GC [PSYoungGen: 1377200K->15344K(1380032K)] 2301033K->939381K(4176256K), 0.0300510 secs] [Times: user=0.05 sys=0.00, real=0.03 secs] 
2016-02-17T22:54:02.641+0800: 189039.356: [GC [PSYoungGen: 1377008K->15536K(1379712K)] 2301045K->939810K(4175936K), 0.0324010 secs] [Times: user=0.05 sys=0.01, real=0.03 secs] 
2016-02-17T22:54:45.068+0800: 189081.783: [GC [PSYoungGen: 1377200K->15024K(1380416K)] 2301474K->939630K(4176640K), 0.0305110 secs] [Times: user=0.05 sys=0.00, real=0.03 secs] 
2016-02-17T22:55:22.664+0800: 189119.379: [GC [PSYoungGen: 1377584K->14656K(1380224K)] 2302190K->939486K(4176448K), 0.0323160 secs] [Times: user=0.05 sys=0.00, real=0.03 secs] 
2016-02-17T22:56:07.732+0800: 189164.447: [GC [PSYoungGen: 1377216K->16480K(1380032K)] 2302046K->941595K(4176256K), 0.0335430 secs] [Times: user=0.05 sys=0.00, real=0.03 secs] 
2016-02-17T22:56:55.376+0800: 189212.091: [GC [PSYoungGen: 1378976K->16192K(1378752K)] 2304091K->941555K(4174976K), 0.0348860 secs] [Times: user=0.05 sys=0.00, real=0.04 secs] 
2016-02-17T22:57:41.126+0800: 189257.840: [GC [PSYoungGen: 1378688K->16800K(1379712K)] 2304051K->942432K(4175936K), 0.0345010 secs] [Times: user=0.05 sys=0.00, real=0.04 secs] 
2016-02-17T22:58:21.863+0800: 189298.578: [GC [PSYoungGen: 1378656K->15680K(1379968K)] 2304288K->941548K(4176192K), 0.0312450 secs] [Times: user=0.06 sys=0.00, real=0.04 secs] 
2016-02-17T22:59:08.098+0800: 189344.813: [GC [PSYoungGen: 1377536K->15872K(1380352K)] 2303404K->942136K(4176576K), 0.0338960 secs] [Times: user=0.05 sys=0.00, real=0.04 secs] 
2016-02-17T22:59:57.781+0800: 189394.495: [GC [PSYoungGen: 1378368K->16768K(1379328K)] 2304632K->943172K(4175552K), 0.0405000 secs] [Times: user=0.07 sys=0.00, real=0.04 secs] 
2016-02-17T23:00:45.690+0800: 189442.404: [GC [PSYoungGen: 1379264K->16960K(1379712K)] 2305668K->943573K(4175936K), 0.0360260 secs] [Times: user=0.05 sys=0.00, real=0.04 secs] 
2016-02-17T23:01:26.237+0800: 189482.951: [GC [PSYoungGen: 1378688K->15248K(1379904K)] 2305301K->942206K(4176128K), 0.0367300 secs] [Times: user=0.05 sys=0.00, real=0.04 secs] 
2016-02-17T23:02:10.900+0800: 189527.614: [GC [PSYoungGen: 1376976K->17136K(1379392K)] 2303934K->944375K(4175616K), 0.0347120 secs] [Times: user=0.06 sys=0.00, real=0.03 secs] 
2016-02-17T23:02:58.967+0800: 189575.681: [GC [PSYoungGen: 1378480K->15488K(1379712K)] 2305719K->943103K(4175936K), 0.0312830 secs] [Times: user=0.05 sys=0.00, real=0.04 secs] 
2016-02-17T23:03:40.622+0800: 189617.336: [GC [PSYoungGen: 1376832K->18155K(1377344K)] 2304447K->947616K(4173568K), 0.0339690 secs] [Times: user=0.06 sys=0.00, real=0.04 secs] 
2016-02-17T23:04:22.838+0800: 189659.553: [GC [PSYoungGen: 1377323K->17104K(1378624K)] 2306784K->946938K(4174848K), 0.0349310 secs] [Times: user=0.06 sys=0.00, real=0.04 secs] 
2016-02-17T23:05:06.455+0800: 189703.169: [GC [PSYoungGen: 1376272K->16240K(1378880K)] 2306106K->946410K(4175104K), 0.0324490 secs] [Times: user=0.05 sys=0.00, real=0.03 secs] 
2016-02-17T23:05:46.304+0800: 189743.019: [GC [PSYoungGen: 1375664K->15131K(1378624K)] 2305834K->945647K(4174848K), 0.0408950 secs] [Times: user=0.06 sys=0.00, real=0.04 secs] 
2016-02-17T23:06:29.558+0800: 189786.273: [GC [PSYoungGen: 1374555K->14784K(1379008K)] 2305071K->945598K(4175232K), 0.0333760 secs] [Times: user=0.05 sys=0.00, real=0.03 secs] 
2016-02-17T23:07:12.668+0800: 189829.382: [GC [PSYoungGen: 1374656K->14048K(1378944K)] 2305470K->945142K(4175168K), 0.0331810 secs] [Times: user=0.05 sys=0.00, real=0.04 secs] 
2016-02-17T23:07:54.267+0800: 189870.982: [GC [PSYoungGen: 1373920K->13735K(1378816K)] 2305014K->945290K(4175040K), 0.0283820 secs] [Times: user=0.05 sys=0.00, real=0.03 secs] 
2016-02-17T23:08:41.347+0800: 189918.061: [GC [PSYoungGen: 1373415K->15792K(1378880K)] 2304970K->947588K(4175104K), 0.0378480 secs] [Times: user=0.05 sys=0.00, real=0.04 secs] 
2016-02-17T23:09:25.377+0800: 189962.091: [GC [PSYoungGen: 1375472K->15200K(1379456K)] 2307268K->947132K(4175680K), 0.0314500 secs] [Times: user=0.04 sys=0.01, real=0.03 secs] 
2016-02-17T23:10:10.843+0800: 190007.558: [GC [PSYoungGen: 1375776K->15942K(1379200K)] 2307708K->948259K(4175424K), 0.0346300 secs] [Times: user=0.05 sys=0.00, real=0.03 secs] 
2016-02-17T23:11:01.254+0800: 190057.968: [GC [PSYoungGen: 1376518K->15024K(1379776K)] 2308835K->947691K(4176000K), 0.0366270 secs] [Times: user=0.05 sys=0.01, real=0.04 secs] 
2016-02-17T23:11:43.608+0800: 190100.323: [GC [PSYoungGen: 1376368K->14998K(1379648K)] 2309035K->947810K(4175872K), 0.0335890 secs] [Times: user=0.05 sys=0.00, real=0.03 secs] 
2016-02-17T23:12:24.121+0800: 190140.835: [GC [PSYoungGen: 1376342K->13792K(1379840K)] 2309154K->946828K(4176064K), 0.0284830 secs] [Times: user=0.05 sys=0.00, real=0.02 secs] 
2016-02-17T23:13:16.605+0800: 190193.319: [GC [PSYoungGen: 1375520K->17280K(1379072K)] 2308556K->950509K(4175296K), 0.0356770 secs] [Times: user=0.06 sys=0.00, real=0.04 secs] 
2016-02-17T23:14:08.711+0800: 190245.425: [GC [PSYoungGen: 1379008K->16000K(1379648K)] 2312237K->949580K(4175872K), 0.0317310 secs] [Times: user=0.04 sys=0.00, real=0.03 secs] 
2016-02-17T23:14:58.889+0800: 190295.603: [GC [PSYoungGen: 1377024K->16192K(1379456K)] 2310604K->949881K(4175680K), 0.0306570 secs] [Times: user=0.04 sys=0.00, real=0.03 secs] 
2016-02-17T23:15:46.076+0800: 190342.790: [GC [PSYoungGen: 1377216K->15760K(1379904K)] 2310905K->949894K(4176128K), 0.0342890 secs] [Times: user=0.05 sys=0.00, real=0.04 secs] 
2016-02-17T23:16:37.201+0800: 190393.916: [GC [PSYoungGen: 1377296K->16160K(1379712K)] 2311430K->950694K(4175936K), 0.0327990 secs] [Times: user=0.05 sys=0.00, real=0.03 secs] 
2016-02-17T23:17:28.412+0800: 190445.126: [GC [PSYoungGen: 1377696K->13824K(1379840K)] 2312230K->948519K(4176064K), 0.0276600 secs] [Times: user=0.04 sys=0.00, real=0.02 secs] 
2016-02-17T23:18:20.512+0800: 190497.227: [GC [PSYoungGen: 1375552K->14352K(1379904K)] 2310247K->949200K(4176128K), 0.0299270 secs] [Times: user=0.04 sys=0.00, real=0.03 secs] 
2016-02-17T23:19:07.408+0800: 190544.122: [GC [PSYoungGen: 1376080K->14816K(1380096K)] 2310928K->949920K(4176320K), 0.0290620 secs] [Times: user=0.05 sys=0.00, real=0.03 secs] 
2016-02-17T23:19:57.092+0800: 190593.806: [GC [PSYoungGen: 1376800K->13601K(1379968K)] 2311904K->949001K(4176192K), 0.0303920 secs] [Times: user=0.05 sys=0.00, real=0.03 secs] 
2016-02-17T23:20:45.849+0800: 190642.563: [GC [PSYoungGen: 1375585K->15152K(1380352K)] 2310985K->951017K(4176576K), 0.0324730 secs] [Times: user=0.05 sys=0.00, real=0.03 secs] 
2016-02-17T23:21:31.111+0800: 190687.826: [GC [PSYoungGen: 1377520K->13904K(1380096K)] 2313385K->949950K(4176320K), 0.0296530 secs] [Times: user=0.05 sys=0.00, real=0.03 secs] 
2016-02-17T23:22:28.317+0800: 190745.031: [GC [PSYoungGen: 1376272K->17360K(1379136K)] 2312318K->953731K(4175360K), 0.0399240 secs] [Times: user=0.05 sys=0.00, real=0.04 secs] 
2016-02-17T23:23:19.906+0800: 190796.620: [GC [PSYoungGen: 1378832K->15824K(1379776K)] 2315203K->952420K(4176000K), 0.0310070 secs] [Times: user=0.05 sys=0.00, real=0.03 secs] 
2016-02-17T23:24:10.842+0800: 190847.556: [GC [PSYoungGen: 1377296K->14304K(1379968K)] 2313892K->951232K(4176192K), 0.0287000 secs] [Times: user=0.05 sys=0.00, real=0.03 secs] 
2016-02-17T23:24:58.240+0800: 190894.954: [GC [PSYoungGen: 1376096K->16339K(1378176K)] 2313024K->953559K(4174400K), 0.0309850 secs] [Times: user=0.06 sys=0.00, real=0.03 secs] 
2016-02-17T23:25:47.958+0800: 190944.672: [GC [PSYoungGen: 1378131K->14640K(1380032K)] 2315351K->952073K(4176256K), 0.0293860 secs] [Times: user=0.05 sys=0.00, real=0.03 secs] 
2016-02-17T23:26:38.752+0800: 190995.467: [GC [PSYoungGen: 1376432K->14688K(1379840K)] 2313865K->952353K(4176064K), 0.0299600 secs] [Times: user=0.05 sys=0.00, real=0.03 secs] 
2016-02-17T23:27:34.027+0800: 191050.742: [GC [PSYoungGen: 1376480K->15968K(1380224K)] 2314145K->953958K(4176448K), 0.0322060 secs] [Times: user=0.05 sys=0.00, real=0.03 secs] 
2016-02-17T23:28:26.571+0800: 191103.286: [GC [PSYoungGen: 1378336K->14576K(1380224K)] 2316326K->952674K(4176448K), 0.0297450 secs] [Times: user=0.05 sys=0.00, real=0.04 secs] 
2016-02-17T23:29:20.560+0800: 191157.274: [GC [PSYoungGen: 1376944K->14384K(1380416K)] 2315042K->952682K(4176640K), 0.0302980 secs] [Times: user=0.05 sys=0.00, real=0.03 secs] 
2016-02-17T23:30:09.047+0800: 191205.761: [GC [PSYoungGen: 1377072K->13262K(1380352K)] 2315370K->951797K(4176576K), 0.0286110 secs] [Times: user=0.05 sys=0.00, real=0.02 secs] 
2016-02-17T23:30:59.840+0800: 191256.555: [GC [PSYoungGen: 1375950K->14544K(1380544K)] 2314485K->953383K(4176768K), 0.0338070 secs] [Times: user=0.05 sys=0.00, real=0.03 secs] 
2016-02-17T23:32:05.995+0800: 191322.710: [GC [PSYoungGen: 1377360K->16464K(1379328K)] 2316199K->955415K(4175552K), 0.0325080 secs] [Times: user=0.05 sys=0.00, real=0.04 secs] 
2016-02-17T23:33:02.517+0800: 191379.231: [GC [PSYoungGen: 1379280K->14336K(1380416K)] 2318231K->953407K(4176640K), 0.0289830 secs] [Times: user=0.04 sys=0.00, real=0.03 secs] 
2016-02-17T23:34:02.854+0800: 191439.569: [GC [PSYoungGen: 1376896K->16000K(1380224K)] 2315967K->955451K(4176448K), 0.0334950 secs] [Times: user=0.05 sys=0.00, real=0.04 secs] 
2016-02-17T23:34:59.469+0800: 191496.183: [GC [PSYoungGen: 1378560K->14704K(1380480K)] 2318011K->954400K(4176704K), 0.0309200 secs] [Times: user=0.05 sys=0.00, real=0.03 secs] 
2016-02-17T23:35:52.402+0800: 191549.116: [GC [PSYoungGen: 1377392K->15024K(1380288K)] 2317088K->954957K(4176512K), 0.0309460 secs] [Times: user=0.05 sys=0.00, real=0.04 secs] 
2016-02-17T23:36:45.757+0800: 191602.471: [GC [PSYoungGen: 1377712K->15456K(1380800K)] 2317645K->955630K(4177024K), 0.0317680 secs] [Times: user=0.05 sys=0.00, real=0.04 secs] 
2016-02-17T23:37:42.514+0800: 191659.228: [GC [PSYoungGen: 1378912K->14800K(1380736K)] 2319086K->955335K(4176960K), 0.0304880 secs] [Times: user=0.05 sys=0.00, real=0.03 secs] 
2016-02-17T23:38:39.158+0800: 191715.873: [GC [PSYoungGen: 1378256K->14000K(1380992K)] 2318791K->954839K(4177216K), 0.0284040 secs] [Times: user=0.05 sys=0.00, real=0.03 secs] 
2016-02-17T23:39:44.476+0800: 191781.190: [GC [PSYoungGen: 1377904K->15824K(1379776K)] 2318743K->956844K(4176000K), 0.0341640 secs] [Times: user=0.04 sys=0.00, real=0.04 secs] 
2016-02-17T23:40:37.810+0800: 191834.525: [GC [PSYoungGen: 1379728K->13312K(1380736K)] 2320748K->954600K(4176960K), 0.0286840 secs] [Times: user=0.04 sys=0.00, real=0.03 secs] 
2016-02-17T23:41:35.069+0800: 191891.784: [GC [PSYoungGen: 1376832K->14272K(1380800K)] 2318120K->955920K(4177024K), 0.0325500 secs] [Times: user=0.05 sys=0.00, real=0.04 secs] 
2016-02-17T23:42:31.798+0800: 191948.513: [GC [PSYoungGen: 1377792K->15393K(1380928K)] 2319440K->957317K(4177152K), 0.0304390 secs] [Times: user=0.05 sys=0.00, real=0.04 secs] 
2016-02-17T23:43:29.978+0800: 192006.692: [GC [PSYoungGen: 1379169K->14176K(1380928K)] 2321093K->956506K(4177152K), 0.0278610 secs] [Times: user=0.05 sys=0.00, real=0.03 secs] 
2016-02-17T23:44:28.768+0800: 192065.482: [GC [PSYoungGen: 1377952K->14640K(1381248K)] 2320282K->957149K(4177472K), 0.0294090 secs] [Times: user=0.04 sys=0.01, real=0.03 secs] 
2016-02-17T23:45:35.460+0800: 192132.175: [GC [PSYoungGen: 1378864K->14400K(1381056K)] 2321373K->957141K(4177280K), 0.0302820 secs] [Times: user=0.05 sys=0.01, real=0.03 secs] 
2016-02-17T23:46:33.562+0800: 192190.277: [GC [PSYoungGen: 1378624K->14434K(1381504K)] 2321365K->957288K(4177728K), 0.0294790 secs] [Times: user=0.05 sys=0.00, real=0.03 secs] 
2016-02-17T23:47:43.391+0800: 192260.105: [GC [PSYoungGen: 1379234K->16560K(1381376K)] 2322088K->959942K(4177600K), 0.0334830 secs] [Times: user=0.05 sys=0.00, real=0.03 secs] 
2016-02-17T23:48:48.600+0800: 192325.314: [GC [PSYoungGen: 1381360K->15280K(1380480K)] 2324742K->959062K(4176704K), 0.0360680 secs] [Times: user=0.05 sys=0.00, real=0.04 secs] 
2016-02-17T23:50:05.740+0800: 192402.454: [GC [PSYoungGen: 1379056K->14768K(1380928K)] 2322838K->958731K(4177152K), 0.0297830 secs] [Times: user=0.05 sys=0.00, real=0.04 secs] 
2016-02-17T23:51:13.065+0800: 192469.779: [GC [PSYoungGen: 1378544K->13904K(1381120K)] 2322507K->958124K(4177344K), 0.0318480 secs] [Times: user=0.05 sys=0.00, real=0.03 secs] 
2016-02-17T23:52:14.207+0800: 192530.922: [GC [PSYoungGen: 1378064K->13200K(1377408K)] 2322284K->957737K(4173632K), 0.0317530 secs] [Times: user=0.05 sys=0.00, real=0.03 secs] 
2016-02-17T23:53:18.835+0800: 192595.550: [GC [PSYoungGen: 1377360K->14800K(1381248K)] 2321897K->959693K(4177472K), 0.0303400 secs] [Times: user=0.05 sys=0.00, real=0.03 secs] 
2016-02-17T23:54:31.498+0800: 192668.213: [GC [PSYoungGen: 1379024K->14128K(1381056K)] 2323917K->959276K(4177280K), 0.0287570 secs] [Times: user=0.05 sys=0.00, real=0.03 secs] 
2016-02-17T23:55:45.393+0800: 192742.107: [GC [PSYoungGen: 1378352K->14160K(1381504K)] 2323500K->959461K(4177728K), 0.0322150 secs] [Times: user=0.05 sys=0.00, real=0.03 secs] 
2016-02-17T23:56:55.212+0800: 192811.927: [GC [PSYoungGen: 1378960K->15744K(1380608K)] 2324261K->961441K(4176832K), 0.0328850 secs] [Times: user=0.05 sys=0.00, real=0.04 secs] 
2016-02-17T23:58:10.824+0800: 192887.538: [GC [PSYoungGen: 1380544K->16352K(1380480K)] 2326241K->962407K(4176704K), 0.0377530 secs] [Times: user=0.05 sys=0.00, real=0.04 secs] 
2016-02-17T23:59:19.937+0800: 192956.651: [GC [PSYoungGen: 1380000K->14992K(1380864K)] 2326055K->961236K(4177088K), 0.0312150 secs] [Times: user=0.05 sys=0.00, real=0.03 secs] 
2016-02-18T00:00:17.800+0800: 193014.515: [GC [PSYoungGen: 1378640K->13520K(1380928K)] 2324884K->960105K(4177152K), 0.0277280 secs] [Times: user=0.04 sys=0.00, real=0.02 secs] 
2016-02-18T00:01:17.981+0800: 193074.695: [GC [PSYoungGen: 1377424K->13056K(1380992K)] 2324009K->960219K(4177216K), 0.0280850 secs] [Times: user=0.06 sys=0.00, real=0.03 secs] 
2016-02-18T00:02:35.948+0800: 193152.662: [GC [PSYoungGen: 1376960K->15200K(1380992K)] 2324123K->962827K(4177216K), 0.0342610 secs] [Times: user=0.05 sys=0.00, real=0.03 secs] 
2016-02-18T00:03:56.270+0800: 193232.984: [GC [PSYoungGen: 1379104K->14624K(1380992K)] 2326731K->962488K(4177216K), 0.0292990 secs] [Times: user=0.05 sys=0.00, real=0.03 secs] 
2016-02-18T00:05:10.088+0800: 193306.802: [GC [PSYoungGen: 1378528K->12208K(1380864K)] 2326392K->960417K(4177088K), 0.0292670 secs] [Times: user=0.04 sys=0.00, real=0.03 secs] 
2016-02-18T00:06:04.798+0800: 193361.513: [GC [PSYoungGen: 1376240K->10288K(1374336K)] 2324449K->958797K(4170560K), 0.0231840 secs] [Times: user=0.04 sys=0.00, real=0.03 secs] 
2016-02-18T00:07:02.349+0800: 193419.063: [GC [PSYoungGen: 1374320K->12448K(1380672K)] 2322829K->961229K(4176896K), 0.0263450 secs] [Times: user=0.04 sys=0.00, real=0.02 secs] 
2016-02-18T00:08:11.295+0800: 193488.010: [GC [PSYoungGen: 1375648K->12928K(1380608K)] 2324429K->962038K(4176832K), 0.0305360 secs] [Times: user=0.05 sys=0.00, real=0.03 secs] 
2016-02-18T00:09:23.322+0800: 193560.036: [GC [PSYoungGen: 1376128K->15873K(1379968K)] 2325238K->965379K(4176192K), 0.0297170 secs] [Times: user=0.05 sys=0.01, real=0.03 secs] 
2016-02-18T00:10:31.259+0800: 193627.973: [GC [PSYoungGen: 1378625K->11712K(1380416K)] 2328131K->961736K(4176640K), 0.0264830 secs] [Times: user=0.05 sys=0.00, real=0.03 secs] 
2016-02-18T00:11:47.966+0800: 193704.680: [GC [PSYoungGen: 1374464K->14528K(1380480K)] 2324488K->964765K(4176704K), 0.0294250 secs] [Times: user=0.04 sys=0.00, real=0.03 secs] 
2016-02-18T00:12:59.396+0800: 193776.110: [GC [PSYoungGen: 1377344K->13104K(1380416K)] 2327581K->963582K(4176640K), 0.0300590 secs] [Times: user=0.05 sys=0.00, real=0.03 secs] 
2016-02-18T00:14:20.428+0800: 193857.142: [GC [PSYoungGen: 1375920K->15088K(1380480K)] 2326398K->965692K(4176704K), 0.0320010 secs] [Times: user=0.05 sys=0.00, real=0.03 secs] 
2016-02-18T00:15:26.531+0800: 193923.245: [GC [PSYoungGen: 1378224K->13280K(1380608K)] 2328828K->964028K(4176832K), 0.0279370 secs] [Times: user=0.05 sys=0.00, real=0.03 secs] 
2016-02-18T00:16:46.085+0800: 194002.799: [GC [PSYoungGen: 1376416K->12400K(1380992K)] 2327164K->963589K(4177216K), 0.0302980 secs] [Times: user=0.05 sys=0.00, real=0.03 secs] 
2016-02-18T00:18:07.666+0800: 194084.381: [GC [PSYoungGen: 1376176K->13760K(1380864K)] 2327365K->965053K(4177088K), 0.0297180 secs] [Times: user=0.05 sys=0.00, real=0.03 secs] 
2016-02-18T00:19:18.973+0800: 194155.687: [GC [PSYoungGen: 1377536K->12480K(1381376K)] 2328829K->963917K(4177600K), 0.0294000 secs] [Times: user=0.05 sys=0.00, real=0.03 secs] 
2016-02-18T00:20:37.206+0800: 194233.921: [GC [PSYoungGen: 1377024K->13312K(1381248K)] 2328461K->964986K(4177472K), 0.0273140 secs] [Times: user=0.04 sys=0.00, real=0.02 secs] 
2016-02-18T00:21:56.703+0800: 194313.417: [GC [PSYoungGen: 1377856K->11888K(1381632K)] 2329530K->963746K(4177856K), 0.0268820 secs] [Times: user=0.04 sys=0.01, real=0.02 secs] 
2016-02-18T00:23:19.870+0800: 194396.585: [GC [PSYoungGen: 1377072K->14513K(1379712K)] 2328930K->966642K(4175936K), 0.0315970 secs] [Times: user=0.05 sys=0.00, real=0.03 secs] 
2016-02-18T00:24:44.840+0800: 194481.555: [GC [PSYoungGen: 1379697K->11265K(1381376K)] 2331826K->963684K(4177600K), 0.0235040 secs] [Times: user=0.04 sys=0.01, real=0.02 secs] 
2016-02-18T00:26:07.861+0800: 194564.575: [GC [PSYoungGen: 1376065K->11136K(1381440K)] 2328484K->964000K(4177664K), 0.0319170 secs] [Times: user=0.05 sys=0.01, real=0.03 secs] 
2016-02-18T00:27:27.859+0800: 194644.574: [GC [PSYoungGen: 1375936K->11712K(1381568K)] 2328800K->964760K(4177792K), 0.0247300 secs] [Times: user=0.05 sys=0.00, real=0.03 secs] 
2016-02-18T00:28:58.063+0800: 194734.778: [GC [PSYoungGen: 1376640K->11392K(1381440K)] 2329688K->964576K(4177664K), 0.0249460 secs] [Times: user=0.04 sys=0.00, real=0.03 secs] 
2016-02-18T00:30:25.226+0800: 194821.941: [GC [PSYoungGen: 1376320K->12336K(1381952K)] 2329504K->965644K(4178176K), 0.0261070 secs] [Times: user=0.05 sys=0.00, real=0.03 secs] 
2016-02-18T00:32:14.798+0800: 194931.512: [GC [PSYoungGen: 1377840K->16106K(1381632K)] 2331148K->970284K(4177856K), 0.0339730 secs] [Times: user=0.06 sys=0.00, real=0.04 secs] 
2016-02-18T00:34:09.439+0800: 195046.153: [GC [PSYoungGen: 1381610K->13824K(1380096K)] 2335788K->968394K(4176320K), 0.0308770 secs] [Times: user=0.05 sys=0.00, real=0.03 secs] 
2016-02-18T00:36:02.463+0800: 195159.177: [GC [PSYoungGen: 1377472K->13056K(1380864K)] 2332042K->967826K(4177088K), 0.0270630 secs] [Times: user=0.05 sys=0.01, real=0.03 secs] 
2016-02-18T00:38:06.275+0800: 195282.989: [GC [PSYoungGen: 1376704K->14960K(1380608K)] 2331474K->969898K(4176832K), 0.0286120 secs] [Times: user=0.04 sys=0.01, real=0.03 secs] 
2016-02-18T00:40:10.474+0800: 195407.188: [GC [PSYoungGen: 1378736K->14560K(1378368K)] 2333674K->969638K(4174592K), 0.0309040 secs] [Times: user=0.05 sys=0.00, real=0.03 secs] 
2016-02-18T00:42:11.333+0800: 195528.048: [GC [PSYoungGen: 1378336K->12720K(1381120K)] 2333414K->967923K(4177344K), 0.0276460 secs] [Times: user=0.04 sys=0.00, real=0.03 secs] 
2016-02-18T00:44:07.888+0800: 195644.603: [GC [PSYoungGen: 1376624K->12768K(1380864K)] 2331827K->968259K(4177088K), 0.0259260 secs] [Times: user=0.04 sys=0.00, real=0.02 secs] 
2016-02-18T00:46:30.875+0800: 195787.590: [GC [PSYoungGen: 1376672K->14432K(1381248K)] 2332163K->970063K(4177472K), 0.0328680 secs] [Times: user=0.05 sys=0.00, real=0.04 secs] 
2016-02-18T00:48:59.655+0800: 195936.370: [GC [PSYoungGen: 1378976K->14689K(1379264K)] 2334607K->970545K(4175488K), 0.0308920 secs] [Times: user=0.05 sys=0.00, real=0.03 secs] 
2016-02-18T00:51:18.996+0800: 196075.710: [GC [PSYoungGen: 1379233K->14545K(1381056K)] 2335089K->970639K(4177280K), 0.0290900 secs] [Times: user=0.04 sys=0.00, real=0.03 secs] 
2016-02-18T00:53:55.375+0800: 196232.090: [GC [PSYoungGen: 1378705K->15211K(1379392K)] 2334799K->971746K(4175616K), 0.0311870 secs] [Times: user=0.05 sys=0.00, real=0.03 secs] 
2016-02-18T00:56:39.437+0800: 196396.151: [GC [PSYoungGen: 1379371K->16224K(1379776K)] 2335906K->972855K(4176000K), 0.0362100 secs] [Times: user=0.05 sys=0.01, real=0.04 secs] 
2016-02-18T00:59:16.199+0800: 196552.913: [GC [PSYoungGen: 1378848K->14944K(1380352K)] 2335479K->971799K(4176576K), 0.0312850 secs] [Times: user=0.05 sys=0.00, real=0.03 secs] 
2016-02-18T01:01:44.218+0800: 196700.932: [GC [PSYoungGen: 1377568K->13376K(1380608K)] 2334423K->970415K(4176832K), 0.0340230 secs] [Times: user=0.05 sys=0.00, real=0.04 secs] 
2016-02-18T01:04:04.732+0800: 196841.446: [GC [PSYoungGen: 1376320K->13200K(1380416K)] 2333359K->970636K(4176640K), 0.0291480 secs] [Times: user=0.04 sys=0.00, real=0.02 secs] 
2016-02-18T01:06:37.350+0800: 196994.065: [GC [PSYoungGen: 1376144K->12224K(1380800K)] 2333580K->969885K(4177024K), 0.0267060 secs] [Times: user=0.04 sys=0.00, real=0.03 secs] 
2016-02-18T01:09:34.822+0800: 197171.536: [GC [PSYoungGen: 1375744K->12672K(1380800K)] 2333405K->970510K(4177024K), 0.0253890 secs] [Times: user=0.05 sys=0.00, real=0.02 secs] 
2016-02-18T01:12:29.414+0800: 197346.128: [GC [PSYoungGen: 1376192K->13696K(1381312K)] 2334030K->971762K(4177536K), 0.0323320 secs] [Times: user=0.04 sys=0.00, real=0.03 secs] 
2016-02-18T01:15:25.585+0800: 197522.299: [GC [PSYoungGen: 1377920K->14480K(1380992K)] 2335986K->972686K(4177216K), 0.0330600 secs] [Times: user=0.05 sys=0.00, real=0.03 secs] 
2016-02-18T01:18:42.970+0800: 197719.685: [GC [PSYoungGen: 1378704K->15648K(1380544K)] 2336910K->973978K(4176768K), 0.0300810 secs] [Times: user=0.05 sys=0.00, real=0.03 secs] 
2016-02-18T01:21:56.696+0800: 197913.411: [GC [PSYoungGen: 1379424K->14336K(1380928K)] 2337754K->972891K(4177152K), 0.0304900 secs] [Times: user=0.05 sys=0.00, real=0.03 secs] 
2016-02-18T01:25:12.449+0800: 198109.163: [GC [PSYoungGen: 1378112K->13136K(1381248K)] 2336667K->971961K(4177472K), 0.0278850 secs] [Times: user=0.05 sys=0.00, real=0.03 secs] 
2016-02-18T01:29:08.280+0800: 198344.994: [GC [PSYoungGen: 1377424K->15270K(1379584K)] 2336249K->974300K(4175808K), 0.0403830 secs] [Times: user=0.05 sys=0.00, real=0.04 secs] 
2016-02-18T01:33:06.206+0800: 198582.920: [GC [PSYoungGen: 1379558K->13056K(1381184K)] 2338588K->972270K(4177408K), 0.0292510 secs] [Times: user=0.05 sys=0.00, real=0.03 secs] 
2016-02-18T01:37:31.177+0800: 198847.891: [GC [PSYoungGen: 1377216K->14048K(1381056K)] 2336430K->973431K(4177280K), 0.0280670 secs] [Times: user=0.05 sys=0.00, real=0.02 secs] 
2016-02-18T01:41:36.882+0800: 199093.597: [GC [PSYoungGen: 1378208K->13248K(1381568K)] 2337591K->972799K(4177792K), 0.0270030 secs] [Times: user=0.05 sys=0.00, real=0.02 secs] 
2016-02-18T01:45:38.957+0800: 199335.672: [GC [PSYoungGen: 1378176K->13856K(1381440K)] 2337727K->973491K(4177664K), 0.0313870 secs] [Times: user=0.05 sys=0.00, real=0.03 secs] 
2016-02-18T01:50:26.795+0800: 199623.509: [GC [PSYoungGen: 1378784K->14080K(1381952K)] 2338419K->973964K(4178176K), 0.0287290 secs] [Times: user=0.05 sys=0.00, real=0.03 secs] 
2016-02-18T01:55:40.664+0800: 199937.378: [GC [PSYoungGen: 1379776K->13824K(1381824K)] 2339660K->973860K(4178048K), 0.0284460 secs] [Times: user=0.05 sys=0.00, real=0.03 secs] 
2016-02-18T02:00:09.984+0800: 200206.698: [GC [PSYoungGen: 1374702K->15841K(1380288K)] 2334738K->977007K(4176512K), 0.0303710 secs] [Times: user=0.04 sys=0.01, real=0.04 secs] 
2016-02-18T02:04:05.421+0800: 200442.135: [GC [PSYoungGen: 1380257K->16816K(1381248K)] 2341423K->978568K(4177472K), 0.0393880 secs] [Times: user=0.06 sys=0.00, real=0.04 secs] 
2016-02-18T02:06:11.133+0800: 200567.847: [GC [PSYoungGen: 1379560K->16818K(1360512K)] 2341312K->1002613K(4156736K), 0.0471930 secs] [Times: user=0.10 sys=0.02, real=0.05 secs] 
2016-02-18T02:07:26.359+0800: 200643.074: [GC [PSYoungGen: 1360498K->5216K(1348928K)] 2346293K->992288K(4145152K), 0.0164830 secs] [Times: user=0.03 sys=0.01, real=0.02 secs] 
2016-02-18T02:10:40.838+0800: 200837.552: [GC [PSYoungGen: 1348896K->10566K(1370176K)] 2335968K->998334K(4166400K), 0.0221830 secs] [Times: user=0.04 sys=0.00, real=0.02 secs] 
2016-02-18T02:13:27.574+0800: 201004.288: [GC [PSYoungGen: 1352518K->10078K(1369856K)] 2340286K->998071K(4166080K), 0.0217310 secs] [Times: user=0.05 sys=0.00, real=0.02 secs] 
2016-02-18T02:18:06.361+0800: 201283.076: [GC [PSYoungGen: 1352030K->14510K(1371712K)] 2340023K->1003200K(4167936K), 0.0302650 secs] [Times: user=0.05 sys=0.00, real=0.03 secs] 
2016-02-18T02:22:27.941+0800: 201544.655: [GC [PSYoungGen: 1358638K->12065K(1370496K)] 2347328K->1001092K(4166720K), 0.0309300 secs] [Times: user=0.05 sys=0.00, real=0.03 secs] 
2016-02-18T02:26:48.156+0800: 201804.870: [GC [PSYoungGen: 1356193K->18021K(1372096K)] 2345220K->1007297K(4168320K), 0.0392350 secs] [Times: user=0.05 sys=0.01, real=0.04 secs] 
2016-02-18T02:33:25.886+0800: 202202.600: [GC [PSYoungGen: 1364389K->14976K(1372224K)] 2353665K->1004428K(4168448K), 0.0317010 secs] [Times: user=0.05 sys=0.00, real=0.04 secs] 
2016-02-18T02:41:08.956+0800: 202665.670: [GC [PSYoungGen: 1361344K->14112K(1374144K)] 2350796K->1003728K(4170368K), 0.0283750 secs] [Times: user=0.04 sys=0.00, real=0.03 secs] 
2016-02-18T02:48:16.875+0800: 203093.589: [GC [PSYoungGen: 1363488K->12968K(1373312K)] 2353104K->1002709K(4169536K), 0.0285010 secs] [Times: user=0.05 sys=0.00, real=0.03 secs] 
2016-02-18T02:55:52.482+0800: 203549.196: [GC [PSYoungGen: 1362344K->11552K(1375040K)] 2352085K->1001472K(4171264K), 0.0259170 secs] [Times: user=0.04 sys=0.00, real=0.03 secs] 
2016-02-18T03:04:04.534+0800: 204041.249: [GC [PSYoungGen: 1363232K->13344K(1374720K)] 2353152K->1003433K(4170944K), 0.0263710 secs] [Times: user=0.04 sys=0.00, real=0.02 secs] 
2016-02-18T03:11:18.782+0800: 204475.497: [GC [PSYoungGen: 1365024K->10592K(1375936K)] 2355113K->1000922K(4172160K), 0.0241810 secs] [Times: user=0.04 sys=0.00, real=0.03 secs] 
2016-02-18T03:19:43.949+0800: 204980.663: [GC [PSYoungGen: 1364192K->11264K(1375744K)] 2354522K->1001770K(4171968K), 0.0256530 secs] [Times: user=0.04 sys=0.00, real=0.03 secs] 
2016-02-18T03:28:43.499+0800: 205520.213: [GC [PSYoungGen: 1364864K->12384K(1376896K)] 2355370K->1002962K(4173120K), 0.0284300 secs] [Times: user=0.05 sys=0.00, real=0.03 secs] 
2016-02-18T03:36:33.314+0800: 205990.028: [GC [PSYoungGen: 1367520K->11136K(1376320K)] 2358098K->1001857K(4172544K), 0.0249850 secs] [Times: user=0.04 sys=0.00, real=0.02 secs] 
2016-02-18T03:46:01.231+0800: 206557.946: [GC [PSYoungGen: 1366272K->13056K(1377984K)] 2356993K->1003906K(4174208K), 0.0294620 secs] [Times: user=0.05 sys=0.00, real=0.03 secs] 
2016-02-18T03:55:38.553+0800: 207135.267: [GC [PSYoungGen: 1370240K->12656K(1377280K)] 2361090K->1003658K(4173504K), 0.0261610 secs] [Times: user=0.05 sys=0.00, real=0.02 secs] 
2016-02-18T04:05:33.262+0800: 207729.977: [GC [PSYoungGen: 1369840K->11632K(1378944K)] 2360842K->1002803K(4175168K), 0.0249230 secs] [Times: user=0.04 sys=0.00, real=0.02 secs] 
2016-02-18T04:16:53.982+0800: 208410.696: [GC [PSYoungGen: 1371056K->11840K(1378560K)] 2362227K->1003091K(4174784K), 0.0270940 secs] [Times: user=0.04 sys=0.00, real=0.03 secs] 
2016-02-18T04:26:11.837+0800: 208968.551: [GC [PSYoungGen: 1371264K->11360K(1379648K)] 2362515K->1002823K(4175872K), 0.0235550 secs] [Times: user=0.04 sys=0.00, real=0.02 secs] 
2016-02-18T04:37:57.324+0800: 209674.039: [GC [PSYoungGen: 1372256K->13856K(1379328K)] 2363719K->1005479K(4175552K), 0.0296320 secs] [Times: user=0.04 sys=0.00, real=0.03 secs] 
2016-02-18T04:49:25.738+0800: 210362.452: [GC [PSYoungGen: 1374752K->11712K(1380160K)] 2366375K->1003443K(4176384K), 0.0253770 secs] [Times: user=0.04 sys=0.00, real=0.02 secs] 
2016-02-18T05:01:02.950+0800: 211059.664: [GC [PSYoungGen: 1373632K->13768K(1379840K)] 2365363K->1005580K(4176064K), 0.0279110 secs] [Times: user=0.05 sys=0.00, real=0.03 secs] 
2016-02-18T05:12:13.252+0800: 211729.967: [GC [PSYoungGen: 1375688K->13360K(1380608K)] 2367500K->1005407K(4176832K), 0.0266450 secs] [Times: user=0.04 sys=0.00, real=0.02 secs] 
2016-02-18T05:22:45.112+0800: 212361.827: [GC [PSYoungGen: 1376176K->13440K(1380288K)] 2368223K->1005606K(4176512K), 0.0288870 secs] [Times: user=0.05 sys=0.00, real=0.02 secs] 
2016-02-18T05:35:03.134+0800: 213099.849: [GC [PSYoungGen: 1376256K->13856K(1380928K)] 2368422K->1006163K(4177152K), 0.0295730 secs] [Times: user=0.05 sys=0.00, real=0.03 secs] 
2016-02-18T05:45:08.336+0800: 213705.051: [GC [PSYoungGen: 1377568K->13584K(1380864K)] 2369875K->1006075K(4177088K), 0.0289880 secs] [Times: user=0.05 sys=0.00, real=0.03 secs] 
2016-02-18T05:54:46.838+0800: 214283.552: [GC [PSYoungGen: 1377296K->13936K(1381248K)] 2369787K->1006544K(4177472K), 0.0300210 secs] [Times: user=0.04 sys=0.00, real=0.03 secs] 
2016-02-18T06:03:58.210+0800: 214834.925: [GC [PSYoungGen: 1378224K->14592K(1378880K)] 2370832K->1007473K(4175104K), 0.0298350 secs] [Times: user=0.05 sys=0.00, real=0.03 secs] 
2016-02-18T06:13:05.710+0800: 215382.424: [GC [PSYoungGen: 1378880K->13088K(1381376K)] 2371761K->1006100K(4177600K), 0.0281630 secs] [Times: user=0.05 sys=0.00, real=0.03 secs] 
2016-02-18T06:20:11.329+0800: 215808.044: [GC [PSYoungGen: 1377440K->12784K(1381056K)] 2370452K->1005933K(4177280K), 0.0273740 secs] [Times: user=0.05 sys=0.00, real=0.03 secs] 
2016-02-18T06:27:25.033+0800: 216241.748: [GC [PSYoungGen: 1377136K->12576K(1381824K)] 2370285K->1005901K(4178048K), 0.0291390 secs] [Times: user=0.05 sys=0.00, real=0.03 secs] 
2016-02-18T06:33:58.105+0800: 216634.820: [GC [PSYoungGen: 1377952K->12480K(1381632K)] 2371277K->1005950K(4177856K), 0.0257620 secs] [Times: user=0.04 sys=0.00, real=0.02 secs] 
2016-02-18T06:40:02.603+0800: 216999.317: [GC [PSYoungGen: 1377856K->14592K(1381504K)] 2371326K->1008354K(4177728K), 0.0314620 secs] [Times: user=0.05 sys=0.00, real=0.04 secs] 
2016-02-18T06:45:32.057+0800: 217328.772: [GC [PSYoungGen: 1380032K->11536K(1381760K)] 2373794K->1005487K(4177984K), 0.0283350 secs] [Times: user=0.04 sys=0.00, real=0.03 secs] 
2016-02-18T06:50:43.559+0800: 217640.273: [GC [PSYoungGen: 1376976K->13728K(1381888K)] 2370927K->1007959K(4178112K), 0.0305150 secs] [Times: user=0.05 sys=0.00, real=0.03 secs] 
2016-02-18T06:55:17.998+0800: 217914.712: [GC [PSYoungGen: 1379296K->13072K(1381760K)] 2373527K->1007451K(4177984K), 0.0300260 secs] [Times: user=0.04 sys=0.00, real=0.03 secs] 
2016-02-18T06:59:37.892+0800: 218174.607: [GC [PSYoungGen: 1378640K->12730K(1382336K)] 2373019K->1007270K(4178560K), 0.0259690 secs] [Times: user=0.04 sys=0.00, real=0.02 secs] 
2016-02-18T07:04:21.127+0800: 218457.841: [GC [PSYoungGen: 1379130K->14272K(1382144K)] 2373670K->1008919K(4178368K), 0.0312160 secs] [Times: user=0.05 sys=0.00, real=0.03 secs] 
2016-02-18T07:08:38.939+0800: 218715.654: [GC [PSYoungGen: 1380672K->15871K(1380032K)] 2375319K->1011403K(4176256K), 0.0293220 secs] [Times: user=0.06 sys=0.00, real=0.03 secs] 
2016-02-18T07:12:35.693+0800: 218952.407: [GC [PSYoungGen: 1380031K->13952K(1381120K)] 2375563K->1009596K(4177344K), 0.0313210 secs] [Times: user=0.05 sys=0.00, real=0.03 secs] 
2016-02-18T07:16:13.250+0800: 219169.964: [GC [PSYoungGen: 1378112K->12272K(1381440K)] 2373756K->1008064K(4177664K), 0.0264840 secs] [Times: user=0.05 sys=0.00, real=0.03 secs] 
2016-02-18T07:20:03.369+0800: 219400.084: [GC [PSYoungGen: 1376944K->14401K(1381312K)] 2372736K->1010285K(4177536K), 0.0303950 secs] [Times: user=0.05 sys=0.00, real=0.03 secs] 
2016-02-18T07:23:54.819+0800: 219631.534: [GC [PSYoungGen: 1379073K->12736K(1381568K)] 2374957K->1008903K(4177792K), 0.0279300 secs] [Times: user=0.05 sys=0.00, real=0.02 secs] 
2016-02-18T07:27:23.605+0800: 219840.320: [GC [PSYoungGen: 1377600K->12352K(1381376K)] 2373767K->1008695K(4177600K), 0.0317470 secs] [Times: user=0.05 sys=0.00, real=0.03 secs] 
2016-02-18T07:30:39.152+0800: 220035.866: [GC [PSYoungGen: 1377216K->14065K(1381696K)] 2373559K->1010824K(4177920K), 0.0294870 secs] [Times: user=0.05 sys=0.00, real=0.03 secs] 
2016-02-18T07:34:02.097+0800: 220238.811: [GC [PSYoungGen: 1379313K->13712K(1381632K)] 2376072K->1010748K(4177856K), 0.0295350 secs] [Times: user=0.05 sys=0.00, real=0.03 secs] 
2016-02-18T07:37:00.177+0800: 220416.891: [GC [PSYoungGen: 1378960K->13361K(1382144K)] 2375996K->1010678K(4178368K), 0.0296390 secs] [Times: user=0.05 sys=0.00, real=0.03 secs] 
2016-02-18T07:40:18.815+0800: 220615.530: [GC [PSYoungGen: 1379313K->13984K(1381888K)] 2376630K->1011534K(4178112K), 0.0301400 secs] [Times: user=0.05 sys=0.00, real=0.03 secs] 
2016-02-18T07:43:26.482+0800: 220803.196: [GC [PSYoungGen: 1379936K->14784K(1381696K)] 2377486K->1012667K(4177920K), 0.0313410 secs] [Times: user=0.06 sys=0.00, real=0.03 secs] 
2016-02-18T07:46:19.587+0800: 220976.302: [GC [PSYoungGen: 1380608K->13200K(1381952K)] 2378491K->1011328K(4178176K), 0.0280830 secs] [Times: user=0.05 sys=0.00, real=0.03 secs] 
2016-02-18T07:49:20.190+0800: 221156.905: [GC [PSYoungGen: 1379024K->14297K(1382016K)] 2377152K->1012614K(4178240K), 0.0316940 secs] [Times: user=0.05 sys=0.00, real=0.03 secs] 
2016-02-18T07:51:58.617+0800: 221315.331: [GC [PSYoungGen: 1380377K->13024K(1382080K)] 2378694K->1011524K(4178304K), 0.0293620 secs] [Times: user=0.05 sys=0.00, real=0.03 secs] 
2016-02-18T07:54:44.789+0800: 221481.503: [GC [PSYoungGen: 1379104K->15392K(1381312K)] 2377604K->1014045K(4177536K), 0.0344070 secs] [Times: user=0.05 sys=0.00, real=0.03 secs] 
2016-02-18T07:57:13.142+0800: 221629.857: [GC [PSYoungGen: 1380832K->12896K(1381760K)] 2379485K->1011877K(4177984K), 0.0260160 secs] [Times: user=0.04 sys=0.00, real=0.03 secs] 
2016-02-18T07:59:49.402+0800: 221786.117: [GC [PSYoungGen: 1378336K->14960K(1381376K)] 2377317K->1014077K(4177600K), 0.0328870 secs] [Times: user=0.05 sys=0.00, real=0.04 secs] 
2016-02-18T08:02:46.598+0800: 221963.313: [GC [PSYoungGen: 1380144K->14785K(1380032K)] 2379261K->1014071K(4176256K), 0.0315070 secs] [Times: user=0.05 sys=0.00, real=0.03 secs] 
2016-02-18T08:05:06.852+0800: 222103.566: [GC [PSYoungGen: 1379969K->14464K(1381632K)] 2379255K->1014179K(4177856K), 0.0299010 secs] [Times: user=0.05 sys=0.01, real=0.02 secs] 
2016-02-18T08:07:27.641+0800: 222244.355: [GC [PSYoungGen: 1379584K->12256K(1381568K)] 2379299K->1012040K(4177792K), 0.0272500 secs] [Times: user=0.05 sys=0.00, real=0.03 secs] 
2016-02-18T08:10:04.665+0800: 222401.380: [GC [PSYoungGen: 1377376K->14880K(1381312K)] 2377160K->1014884K(4177536K), 0.0324950 secs] [Times: user=0.05 sys=0.00, real=0.03 secs] 
2016-02-18T08:12:37.407+0800: 222554.122: [GC [PSYoungGen: 1379680K->14720K(1379520K)] 2379684K->1015044K(4175744K), 0.0324630 secs] [Times: user=0.06 sys=0.00, real=0.03 secs] 
2016-02-18T08:14:52.476+0800: 222689.190: [GC [PSYoungGen: 1379520K->14368K(1381504K)] 2379844K->1014773K(4177728K), 0.0294080 secs] [Times: user=0.05 sys=0.00, real=0.02 secs] 
2016-02-18T08:17:08.744+0800: 222825.459: [GC [PSYoungGen: 1379168K->14976K(1381376K)] 2379573K->1015577K(4177600K), 0.0345670 secs] [Times: user=0.04 sys=0.00, real=0.03 secs] 
2016-02-18T08:19:20.356+0800: 222957.070: [GC [PSYoungGen: 1379776K->14592K(1381504K)] 2380377K->1015386K(4177728K), 0.0326190 secs] [Times: user=0.04 sys=0.00, real=0.03 secs] 
2016-02-18T08:21:22.591+0800: 223079.305: [GC [PSYoungGen: 1379456K->13014K(1381440K)] 2380250K->1014020K(4177664K), 0.0281640 secs] [Times: user=0.05 sys=0.00, real=0.03 secs] 
2016-02-18T08:23:43.447+0800: 223220.162: [GC [PSYoungGen: 1377878K->15424K(1381056K)] 2378884K->1016672K(4177280K), 0.0321880 secs] [Times: user=0.05 sys=0.00, real=0.03 secs] 
2016-02-18T08:25:37.971+0800: 223334.685: [GC [PSYoungGen: 1379968K->13360K(1381312K)] 2381216K->1014744K(4177536K), 0.0282560 secs] [Times: user=0.06 sys=0.00, real=0.03 secs] 
2016-02-18T08:27:50.852+0800: 223467.567: [GC [PSYoungGen: 1377904K->16000K(1380480K)] 2379288K->1017624K(4176704K), 0.0337410 secs] [Times: user=0.05 sys=0.00, real=0.03 secs] 
2016-02-18T08:29:54.593+0800: 223591.307: [GC [PSYoungGen: 1379776K->15553K(1379392K)] 2381400K->1017410K(4175616K), 0.0313910 secs] [Times: user=0.05 sys=0.00, real=0.03 secs] 
2016-02-18T08:31:48.168+0800: 223704.883: [GC [PSYoungGen: 1379329K->14128K(1380992K)] 2381186K->1016346K(4177216K), 0.0295880 secs] [Times: user=0.05 sys=0.00, real=0.03 secs] 
2016-02-18T08:34:03.604+0800: 223840.318: [GC [PSYoungGen: 1377776K->17086K(1380736K)] 2379994K->1020069K(4176960K), 0.0345680 secs] [Times: user=0.06 sys=0.00, real=0.03 secs] 
2016-02-18T08:35:40.456+0800: 223937.171: [GC [PSYoungGen: 1380734K->13136K(1379328K)] 2383717K->1016331K(4175552K), 0.0336060 secs] [Times: user=0.04 sys=0.01, real=0.04 secs] 
2016-02-18T08:37:44.481+0800: 224061.195: [GC [PSYoungGen: 1375120K->18017K(1380032K)] 2378315K->1022364K(4176256K), 0.0405790 secs] [Times: user=0.06 sys=0.00, real=0.04 secs] 
2016-02-18T08:39:34.561+0800: 224171.275: [GC [PSYoungGen: 1380001K->16864K(1376832K)] 2384348K->1021533K(4173056K), 0.0369220 secs] [Times: user=0.05 sys=0.00, real=0.04 secs] 
2016-02-18T08:41:23.377+0800: 224280.092: [GC [PSYoungGen: 1375648K->15712K(1378432K)] 2380317K->1020696K(4174656K), 0.0417980 secs] [Times: user=0.05 sys=0.00, real=0.04 secs] 
2016-02-18T08:43:00.573+0800: 224377.287: [GC [PSYoungGen: 1374496K->15456K(1379072K)] 2379480K->1020556K(4175296K), 0.0366070 secs] [Times: user=0.05 sys=0.00, real=0.03 secs] 
2016-02-18T08:44:43.896+0800: 224480.610: [GC [PSYoungGen: 1375136K->13408K(1378688K)] 2380236K->1018841K(4174912K), 0.0373120 secs] [Times: user=0.05 sys=0.00, real=0.04 secs] 
2016-02-18T08:46:14.478+0800: 224571.192: [GC [PSYoungGen: 1373088K->13920K(1379264K)] 2378521K->1019969K(4175488K), 0.0323660 secs] [Times: user=0.05 sys=0.00, real=0.04 secs] 
2016-02-18T08:47:50.699+0800: 224667.413: [GC [PSYoungGen: 1374176K->15712K(1379072K)] 2380225K->1022026K(4175296K), 0.0335080 secs] [Times: user=0.06 sys=0.00, real=0.04 secs] 
2016-02-18T08:49:35.265+0800: 224771.979: [GC [PSYoungGen: 1375968K->16013K(1379392K)] 2382282K->1022435K(4175616K), 0.0374810 secs] [Times: user=0.06 sys=0.00, real=0.04 secs] 
2016-02-18T08:50:59.373+0800: 224856.088: [GC [PSYoungGen: 1376717K->14816K(1379392K)] 2383139K->1021587K(4175616K), 0.0301420 secs] [Times: user=0.05 sys=0.00, real=0.03 secs] 
2016-02-18T08:52:42.001+0800: 224958.715: [GC [PSYoungGen: 1375520K->17184K(1378816K)] 2382291K->1024248K(4175040K), 0.0342140 secs] [Times: user=0.06 sys=0.00, real=0.03 secs] 
2016-02-18T08:54:07.163+0800: 225043.877: [GC [PSYoungGen: 1377632K->14336K(1379264K)] 2384696K->1021496K(4175488K), 0.0290320 secs] [Times: user=0.05 sys=0.00, real=0.03 secs] 
2016-02-18T08:55:42.894+0800: 225139.608: [GC [PSYoungGen: 1374784K->15664K(1379584K)] 2381944K->1022944K(4175808K), 0.0336510 secs] [Times: user=0.05 sys=0.00, real=0.03 secs] 
2016-02-18T08:57:16.356+0800: 225233.071: [GC [PSYoungGen: 1376624K->17008K(1377984K)] 2383904K->1024472K(4174208K), 0.0332520 secs] [Times: user=0.04 sys=0.00, real=0.03 secs] 
2016-02-18T08:58:46.625+0800: 225323.339: [GC [PSYoungGen: 1377968K->18803K(1376320K)] 2385432K->1027862K(4172544K), 0.0361090 secs] [Times: user=0.06 sys=0.00, real=0.03 secs] 
2016-02-18T09:00:09.001+0800: 225405.715: [GC [PSYoungGen: 1376307K->14704K(1377792K)] 2385366K->1023955K(4174016K), 0.0300610 secs] [Times: user=0.05 sys=0.00, real=0.03 secs] 
2016-02-18T09:01:28.653+0800: 225485.368: [GC [PSYoungGen: 1372208K->16224K(1378304K)] 2381459K->1025708K(4174528K), 0.0337780 secs] [Times: user=0.05 sys=0.00, real=0.03 secs] 
2016-02-18T09:02:51.500+0800: 225568.214: [GC [PSYoungGen: 1374432K->16704K(1377984K)] 2383916K->1026544K(4174208K), 0.0329370 secs] [Times: user=0.04 sys=0.00, real=0.03 secs] 
2016-02-18T09:04:22.498+0800: 225659.212: [GC [PSYoungGen: 1374912K->15776K(1378688K)] 2384752K->1025981K(4174912K), 0.0307880 secs] [Times: user=0.05 sys=0.00, real=0.03 secs] 
2016-02-18T09:05:47.143+0800: 225743.858: [GC [PSYoungGen: 1374752K->15568K(1378368K)] 2384957K->1026074K(4174592K), 0.0317490 secs] [Times: user=0.06 sys=0.00, real=0.03 secs] 
2016-02-18T09:07:06.754+0800: 225823.469: [GC [PSYoungGen: 1374544K->15152K(1379200K)] 2385050K->1025987K(4175424K), 0.0331180 secs] [Times: user=0.05 sys=0.00, real=0.03 secs] 
2016-02-18T09:08:26.928+0800: 225903.643: [GC [PSYoungGen: 1375280K->15872K(1379008K)] 2386115K->1027011K(4175232K), 0.0331220 secs] [Times: user=0.05 sys=0.00, real=0.03 secs] 
2016-02-18T09:09:55.539+0800: 225992.253: [GC [PSYoungGen: 1376000K->15920K(1379712K)] 2387139K->1027247K(4175936K), 0.0320250 secs] [Times: user=0.05 sys=0.00, real=0.03 secs] 
2016-02-18T09:11:21.450+0800: 226078.165: [GC [PSYoungGen: 1377008K->15264K(1379456K)] 2388335K->1026977K(4175680K), 0.0318990 secs] [Times: user=0.05 sys=0.00, real=0.03 secs] 
2016-02-18T09:12:51.451+0800: 226168.165: [GC [PSYoungGen: 1376352K->16416K(1379840K)] 2388065K->1028513K(4176064K), 0.0351260 secs] [Times: user=0.05 sys=0.00, real=0.03 secs] 
2016-02-18T09:14:08.947+0800: 226245.661: [GC [PSYoungGen: 1378016K->14016K(1375680K)] 2390113K->1026301K(4171904K), 0.0334400 secs] [Times: user=0.05 sys=0.00, real=0.03 secs] 
2016-02-18T09:15:22.738+0800: 226319.452: [GC [PSYoungGen: 1375616K->14528K(1379840K)] 2387901K->1027025K(4176064K), 0.0308310 secs] [Times: user=0.04 sys=0.00, real=0.04 secs] 
2016-02-18T09:16:53.816+0800: 226410.530: [GC [PSYoungGen: 1376064K->17328K(1378880K)] 2388561K->1029997K(4175104K), 0.0373900 secs] [Times: user=0.05 sys=0.00, real=0.03 secs] 
2016-02-18T09:18:23.731+0800: 226500.445: [GC [PSYoungGen: 1378864K->16576K(1379456K)] 2391533K->1029502K(4175680K), 0.0356190 secs] [Times: user=0.05 sys=0.00, real=0.03 secs] 
2016-02-18T09:19:59.781+0800: 226596.495: [GC [PSYoungGen: 1377408K->17728K(1378624K)] 2390334K->1030850K(4174848K), 0.0347510 secs] [Times: user=0.05 sys=0.00, real=0.04 secs] 
2016-02-18T09:21:25.244+0800: 226681.958: [GC [PSYoungGen: 1378560K->15521K(1379200K)] 2391682K->1028828K(4175424K), 0.0296970 secs] [Times: user=0.05 sys=0.00, real=0.03 secs] 
2016-02-18T09:22:43.547+0800: 226760.262: [GC [PSYoungGen: 1375649K->16704K(1379008K)] 2388956K->1030171K(4175232K), 0.0345100 secs] [Times: user=0.06 sys=0.00, real=0.03 secs] 
2016-02-18T09:24:04.197+0800: 226840.912: [GC [PSYoungGen: 1376832K->15888K(1379456K)] 2390299K->1029491K(4175680K), 0.0329460 secs] [Times: user=0.05 sys=0.00, real=0.03 secs] 
2016-02-18T09:25:16.615+0800: 226913.330: [GC [PSYoungGen: 1376464K->15504K(1379200K)] 2390067K->1029415K(4175424K), 0.0307140 secs] [Times: user=0.05 sys=0.00, real=0.03 secs] 
2016-02-18T09:26:34.467+0800: 226991.182: [GC [PSYoungGen: 1376080K->18288K(1378368K)] 2389991K->1032339K(4174592K), 0.0345280 secs] [Times: user=0.06 sys=0.00, real=0.04 secs] 
2016-02-18T09:27:57.036+0800: 227073.751: [GC [PSYoungGen: 1378224K->16912K(1379008K)] 2392275K->1031231K(4175232K), 0.0368210 secs] [Times: user=0.06 sys=0.00, real=0.04 secs] 
2016-02-18T09:29:08.121+0800: 227144.835: [GC [PSYoungGen: 1376848K->16439K(1379264K)] 2391167K->1031019K(4175488K), 0.0350040 secs] [Times: user=0.06 sys=0.00, real=0.03 secs] 
2016-02-18T09:30:18.691+0800: 227215.406: [GC [PSYoungGen: 1376695K->16368K(1379072K)] 2391275K->1031241K(4175296K), 0.0335320 secs] [Times: user=0.06 sys=0.00, real=0.04 secs] 
2016-02-18T09:31:37.343+0800: 227294.057: [GC [PSYoungGen: 1376624K->16944K(1379456K)] 2391497K->1032186K(4175680K), 0.0338900 secs] [Times: user=0.05 sys=0.00, real=0.03 secs] 
2016-02-18T09:32:47.331+0800: 227364.045: [GC [PSYoungGen: 1377776K->15200K(1379456K)] 2393018K->1030786K(4175680K), 0.0328170 secs] [Times: user=0.06 sys=0.00, real=0.04 secs] 
2016-02-18T09:33:55.905+0800: 227432.619: [GC [PSYoungGen: 1376032K->15664K(1379648K)] 2391618K->1031358K(4175872K), 0.0333190 secs] [Times: user=0.05 sys=0.00, real=0.03 secs] 
2016-02-18T09:35:06.627+0800: 227503.341: [GC [PSYoungGen: 1376752K->17008K(1379520K)] 2392446K->1033086K(4175744K), 0.0325830 secs] [Times: user=0.05 sys=0.00, real=0.03 secs] 
2016-02-18T09:36:19.312+0800: 227576.026: [GC [PSYoungGen: 1378096K->17392K(1379136K)] 2394174K->1033803K(4175360K), 0.0363370 secs] [Times: user=0.06 sys=0.00, real=0.04 secs] 
2016-02-18T09:37:35.670+0800: 227652.385: [GC [PSYoungGen: 1377968K->16688K(1379328K)] 2394379K->1033311K(4175552K), 0.0358040 secs] [Times: user=0.05 sys=0.00, real=0.03 secs] 
2016-02-18T09:38:57.177+0800: 227733.891: [GC [PSYoungGen: 1377264K->18608K(1377792K)] 2393887K->1035940K(4174016K), 0.0369070 secs] [Times: user=0.06 sys=0.00, real=0.04 secs] 
2016-02-18T09:40:05.245+0800: 227801.960: [GC [PSYoungGen: 1377776K->15888K(1378624K)] 2395108K->1033507K(4174848K), 0.0329650 secs] [Times: user=0.04 sys=0.00, real=0.04 secs] 
2016-02-18T09:41:14.377+0800: 227871.091: [GC [PSYoungGen: 1375056K->15168K(1378752K)] 2392675K->1033192K(4174976K), 0.0296170 secs] [Times: user=0.05 sys=0.00, real=0.03 secs] 
2016-02-18T09:42:22.493+0800: 227939.208: [GC [PSYoungGen: 1374592K->12896K(1372352K)] 2392616K->1031140K(4168576K), 0.0282450 secs] [Times: user=0.05 sys=0.00, real=0.03 secs] 
2016-02-18T09:43:28.345+0800: 228005.060: [GC [PSYoungGen: 1372320K->13568K(1378304K)] 2390564K->1032024K(4174528K), 0.0285220 secs] [Times: user=0.05 sys=0.00, real=0.02 secs] 
2016-02-18T09:44:43.796+0800: 228080.510: [GC [PSYoungGen: 1372224K->15147K(1378368K)] 2390680K->1033796K(4174592K), 0.0323440 secs] [Times: user=0.05 sys=0.00, real=0.04 secs] 
2016-02-18T09:45:55.063+0800: 228151.778: [GC [PSYoungGen: 1373803K->15382K(1378944K)] 2392452K->1034772K(4175168K), 0.0337630 secs] [Times: user=0.05 sys=0.00, real=0.04 secs] 
2016-02-18T09:47:11.919+0800: 228228.633: [GC [PSYoungGen: 1374870K->17120K(1378624K)] 2394260K->1036743K(4174848K), 0.0321170 secs] [Times: user=0.05 sys=0.00, real=0.03 secs] 
2016-02-18T09:48:34.350+0800: 228311.065: [GC [PSYoungGen: 1376608K->17760K(1377984K)] 2396231K->1037647K(4174208K), 0.0357070 secs] [Times: user=0.05 sys=0.00, real=0.04 secs] 
2016-02-18T09:49:54.588+0800: 228391.303: [GC [PSYoungGen: 1376416K->16416K(1378368K)] 2396303K->1036467K(4174592K), 0.0357450 secs] [Times: user=0.05 sys=0.00, real=0.04 secs] 
2016-02-18T09:50:58.965+0800: 228455.679: [GC [PSYoungGen: 1375072K->15952K(1378944K)] 2395123K->1036212K(4175168K), 0.0341540 secs] [Times: user=0.05 sys=0.00, real=0.04 secs] 
2016-02-18T09:52:07.347+0800: 228524.061: [GC [PSYoungGen: 1375440K->14912K(1378624K)] 2395700K->1035420K(4174848K), 0.0299570 secs] [Times: user=0.06 sys=0.00, real=0.03 secs] 
2016-02-18T09:53:20.130+0800: 228596.844: [GC [PSYoungGen: 1374400K->16016K(1379328K)] 2394908K->1036744K(4175552K), 0.0340290 secs] [Times: user=0.05 sys=0.00, real=0.03 secs] 
2016-02-18T09:54:39.403+0800: 228676.117: [GC [PSYoungGen: 1376272K->17953K(1378240K)] 2397000K->1038821K(4174464K), 0.0359900 secs] [Times: user=0.06 sys=0.00, real=0.04 secs] 
2016-02-18T09:55:48.880+0800: 228745.595: [GC [PSYoungGen: 1378209K->14528K(1378880K)] 2399077K->1035906K(4175104K), 0.0323710 secs] [Times: user=0.05 sys=0.00, real=0.03 secs] 
2016-02-18T09:57:00.546+0800: 228817.260: [GC [PSYoungGen: 1374208K->15008K(1378880K)] 2395586K->1036675K(4175104K), 0.0317890 secs] [Times: user=0.05 sys=0.00, real=0.03 secs] 
2016-02-18T09:58:12.806+0800: 228889.520: [GC [PSYoungGen: 1374688K->17552K(1378496K)] 2396355K->1039532K(4174720K), 0.0343680 secs] [Times: user=0.06 sys=0.00, real=0.04 secs] 
2016-02-18T09:59:22.301+0800: 228959.016: [GC [PSYoungGen: 1376976K->18784K(1378240K)] 2398956K->1040924K(4174464K), 0.0376950 secs] [Times: user=0.05 sys=0.00, real=0.04 secs] 
2016-02-18T10:00:26.148+0800: 229022.862: [GC [PSYoungGen: 1378208K->16624K(1378304K)] 2400348K->1038920K(4174528K), 0.0366540 secs] [Times: user=0.05 sys=0.00, real=0.04 secs] 
2016-02-18T10:01:42.351+0800: 229099.066: [GC [PSYoungGen: 1375088K->16608K(1378240K)] 2397384K->1039100K(4174464K), 0.0375620 secs] [Times: user=0.05 sys=0.01, real=0.04 secs] 
2016-02-18T10:02:51.215+0800: 229167.929: [GC [PSYoungGen: 1375072K->16112K(1378816K)] 2397564K->1038785K(4175040K), 0.0329430 secs] [Times: user=0.05 sys=0.00, real=0.03 secs] 
2016-02-18T10:03:54.597+0800: 229231.311: [GC [PSYoungGen: 1375408K->16128K(1378560K)] 2398081K->1039094K(4174784K), 0.0343520 secs] [Times: user=0.05 sys=0.00, real=0.03 secs] 
2016-02-18T10:05:03.339+0800: 229300.053: [GC [PSYoungGen: 1375424K->17947K(1378432K)] 2398390K->1041246K(4174656K), 0.0401150 secs] [Times: user=0.07 sys=0.00, real=0.04 secs] 
2016-02-18T10:06:07.791+0800: 229364.505: [GC [PSYoungGen: 1377371K->16400K(1378752K)] 2400670K->1039851K(4174976K), 0.0348600 secs] [Times: user=0.05 sys=0.00, real=0.03 secs] 
2016-02-18T10:07:15.415+0800: 229432.129: [GC [PSYoungGen: 1375824K->18160K(1378240K)] 2399275K->1041899K(4174464K), 0.0379240 secs] [Times: user=0.05 sys=0.00, real=0.04 secs] 
2016-02-18T10:08:23.299+0800: 229500.013: [GC [PSYoungGen: 1377328K->17216K(1378624K)] 2401067K->1041164K(4174848K), 0.0398190 secs] [Times: user=0.05 sys=0.00, real=0.04 secs] 
2016-02-18T10:09:24.946+0800: 229561.661: [GC [PSYoungGen: 1376384K->15744K(1378816K)] 2400332K->1040008K(4175040K), 0.0318930 secs] [Times: user=0.05 sys=0.00, real=0.04 secs] 
2016-02-18T10:10:25.991+0800: 229622.706: [GC [PSYoungGen: 1375168K->16816K(1378688K)] 2399432K->1041460K(4174912K), 0.0441590 secs] [Times: user=0.06 sys=0.01, real=0.05 secs] 
2016-02-18T10:11:29.248+0800: 229685.963: [GC [PSYoungGen: 1376240K->15328K(1379008K)] 2400884K->1040236K(4175232K), 0.0315830 secs] [Times: user=0.05 sys=0.00, real=0.03 secs] 
2016-02-18T10:12:35.251+0800: 229751.966: [GC [PSYoungGen: 1375264K->15488K(1379008K)] 2400172K->1040629K(4175232K), 0.0312400 secs] [Times: user=0.05 sys=0.00, real=0.03 secs] 
2016-02-18T10:13:36.805+0800: 229813.520: [GC [PSYoungGen: 1375424K->16960K(1379136K)] 2400565K->1042257K(4175360K), 0.0366030 secs] [Times: user=0.05 sys=0.00, real=0.04 secs] 
2016-02-18T10:14:38.325+0800: 229875.039: [GC [PSYoungGen: 1377088K->16320K(1379072K)] 2402385K->1041846K(4175296K), 0.0328380 secs] [Times: user=0.06 sys=0.00, real=0.04 secs] 
2016-02-18T10:15:38.071+0800: 229934.786: [GC [PSYoungGen: 1376448K->14432K(1379136K)] 2401974K->1040153K(4175360K), 0.0303570 secs] [Times: user=0.05 sys=0.00, real=0.03 secs] 
2016-02-18T10:16:39.978+0800: 229996.692: [GC [PSYoungGen: 1374880K->14464K(1374912K)] 2400601K->1040325K(4171136K), 0.0290370 secs] [Times: user=0.05 sys=0.00, real=0.03 secs] 
2016-02-18T10:17:44.926+0800: 230061.640: [GC [PSYoungGen: 1374912K->15584K(1379392K)] 2400773K->1041625K(4175616K), 0.0306890 secs] [Times: user=0.05 sys=0.00, real=0.04 secs] 
2016-02-18T10:18:46.372+0800: 230123.087: [GC [PSYoungGen: 1376096K->15600K(1379200K)] 2402137K->1041786K(4175424K), 0.0322880 secs] [Times: user=0.05 sys=0.00, real=0.03 secs] 
2016-02-18T10:19:45.754+0800: 230182.469: [GC [PSYoungGen: 1376112K->16391K(1379712K)] 2402298K->1042862K(4175936K), 0.0343590 secs] [Times: user=0.06 sys=0.00, real=0.04 secs] 
2016-02-18T10:20:45.394+0800: 230242.108: [GC [PSYoungGen: 1377607K->15904K(1379584K)] 2404078K->1042550K(4175808K), 0.0330320 secs] [Times: user=0.06 sys=0.00, real=0.04 secs] 
2016-02-18T10:21:46.537+0800: 230303.252: [GC [PSYoungGen: 1377120K->15456K(1380032K)] 2403766K->1042550K(4176256K), 0.0346120 secs] [Times: user=0.05 sys=0.00, real=0.04 secs] 
2016-02-18T10:22:46.076+0800: 230362.790: [GC [PSYoungGen: 1377312K->15856K(1379904K)] 2404406K->1043075K(4176128K), 0.0327800 secs] [Times: user=0.05 sys=0.00, real=0.03 secs] 
2016-02-18T10:23:39.955+0800: 230416.669: [GC [PSYoungGen: 1377712K->16320K(1380288K)] 2404931K->1043911K(4176512K), 0.0353030 secs] [Times: user=0.06 sys=0.00, real=0.03 secs] 
2016-02-18T10:24:35.129+0800: 230471.844: [GC [PSYoungGen: 1378752K->13792K(1376256K)] 2406343K->1041636K(4172480K), 0.0280890 secs] [Times: user=0.05 sys=0.00, real=0.03 secs] 
2016-02-18T10:25:23.478+0800: 230520.192: [GC [PSYoungGen: 1376224K->12640K(1379456K)] 2404068K->1040896K(4175680K), 0.0288490 secs] [Times: user=0.05 sys=0.00, real=0.02 secs] 
2016-02-18T10:26:18.141+0800: 230574.855: [GC [PSYoungGen: 1374112K->16016K(1379776K)] 2402368K->1044373K(4176000K), 0.0337520 secs] [Times: user=0.05 sys=0.00, real=0.03 secs] 
2016-02-18T10:27:19.614+0800: 230636.328: [GC [PSYoungGen: 1377488K->17184K(1379072K)] 2405845K->1045927K(4175296K), 0.0339060 secs] [Times: user=0.05 sys=0.01, real=0.03 secs] 
2016-02-18T10:28:20.228+0800: 230696.942: [GC [PSYoungGen: 1378016K->14880K(1379456K)] 2406759K->1044021K(4175680K), 0.0336690 secs] [Times: user=0.06 sys=0.00, real=0.03 secs] 
2016-02-18T10:29:18.380+0800: 230755.095: [GC [PSYoungGen: 1375712K->16960K(1379136K)] 2404853K->1046190K(4175360K), 0.0345620 secs] [Times: user=0.06 sys=0.00, real=0.04 secs] 
2016-02-18T10:30:16.291+0800: 230813.006: [GC [PSYoungGen: 1377664K->16400K(1379392K)] 2406894K->1045951K(4175616K), 0.0343530 secs] [Times: user=0.06 sys=0.00, real=0.03 secs] 
2016-02-18T10:31:11.634+0800: 230868.348: [GC [PSYoungGen: 1377104K->14816K(1379584K)] 2406655K->1044811K(4175808K), 0.0301740 secs] [Times: user=0.05 sys=0.00, real=0.04 secs] 
2016-02-18T10:31:59.593+0800: 230916.308: [GC [PSYoungGen: 1375776K->14768K(1379456K)] 2405771K->1044915K(4175680K), 0.0313370 secs] [Times: user=0.05 sys=0.00, real=0.03 secs] 
2016-02-18T10:32:51.739+0800: 230968.453: [GC [PSYoungGen: 1375728K->12656K(1379200K)] 2405875K->1042987K(4175424K), 0.0286550 secs] [Times: user=0.05 sys=0.00, real=0.04 secs] 
2016-02-18T10:33:46.859+0800: 231023.574: [GC [PSYoungGen: 1373488K->15952K(1379456K)] 2403819K->1046459K(4175680K), 0.0333920 secs] [Times: user=0.05 sys=0.00, real=0.03 secs] 
2016-02-18T10:34:42.385+0800: 231079.099: [GC [PSYoungGen: 1376784K->15072K(1379840K)] 2407291K->1045846K(4176064K), 0.0370290 secs] [Times: user=0.06 sys=0.00, real=0.03 secs] 
2016-02-18T10:35:29.188+0800: 231125.902: [GC [PSYoungGen: 1376416K->14480K(1379584K)] 2407190K->1045654K(4175808K), 0.0308290 secs] [Times: user=0.05 sys=0.00, real=0.02 secs] 
2016-02-18T10:36:25.673+0800: 231182.387: [GC [PSYoungGen: 1375824K->14944K(1380160K)] 2406998K->1046319K(4176384K), 0.0334470 secs] [Times: user=0.05 sys=0.00, real=0.03 secs] 
2016-02-18T10:37:24.637+0800: 231241.352: [GC [PSYoungGen: 1376992K->15504K(1379968K)] 2408367K->1047047K(4176192K), 0.0388690 secs] [Times: user=0.06 sys=0.00, real=0.04 secs] 
2016-02-18T10:38:18.182+0800: 231294.897: [GC [PSYoungGen: 1377552K->14720K(1380480K)] 2409095K->1046391K(4176704K), 0.0302190 secs] [Times: user=0.05 sys=0.00, real=0.03 secs] 
2016-02-18T10:39:11.483+0800: 231348.197: [GC [PSYoungGen: 1377472K->14625K(1380352K)] 2409143K->1046665K(4176576K), 0.0303220 secs] [Times: user=0.05 sys=0.00, real=0.03 secs] 
2016-02-18T10:40:02.478+0800: 231399.192: [GC [PSYoungGen: 1377377K->14768K(1380800K)] 2409417K->1047162K(4177024K), 0.0305240 secs] [Times: user=0.05 sys=0.00, real=0.03 secs] 
2016-02-18T10:40:55.511+0800: 231452.226: [GC [PSYoungGen: 1378096K->14880K(1380608K)] 2410490K->1047603K(4176832K), 0.0324760 secs] [Times: user=0.06 sys=0.00, real=0.03 secs] 
2016-02-18T10:41:51.706+0800: 231508.420: [GC [PSYoungGen: 1378208K->17072K(1378816K)] 2410931K->1051175K(4175040K), 0.0364570 secs] [Times: user=0.05 sys=0.00, real=0.03 secs] 
2016-02-18T10:42:44.977+0800: 231561.692: [GC [PSYoungGen: 1378800K->17136K(1378880K)] 2412903K->1051504K(4175104K), 0.0372060 secs] [Times: user=0.05 sys=0.00, real=0.04 secs] 
2016-02-18T10:43:39.085+0800: 231615.800: [GC [PSYoungGen: 1378864K->14880K(1379712K)] 2413232K->1049680K(4175936K), 0.0334660 secs] [Times: user=0.05 sys=0.00, real=0.03 secs] 
2016-02-18T10:44:39.653+0800: 231676.368: [GC [PSYoungGen: 1376096K->16752K(1379584K)] 2410896K->1051696K(4175808K), 0.0340700 secs] [Times: user=0.05 sys=0.00, real=0.04 secs] 
2016-02-18T10:45:38.222+0800: 231734.937: [GC [PSYoungGen: 1377968K->15776K(1379776K)] 2412912K->1050844K(4176000K), 0.0315170 secs] [Times: user=0.05 sys=0.00, real=0.03 secs] 
2016-02-18T10:46:30.999+0800: 231787.713: [GC [PSYoungGen: 1377056K->16336K(1379584K)] 2412124K->1051565K(4175808K), 0.0315400 secs] [Times: user=0.06 sys=0.00, real=0.04 secs] 
2016-02-18T10:47:25.415+0800: 231842.129: [GC [PSYoungGen: 1377616K->16560K(1379648K)] 2412845K->1052185K(4175872K), 0.0336310 secs] [Times: user=0.05 sys=0.00, real=0.04 secs] 
2016-02-18T10:48:31.168+0800: 231907.883: [GC [PSYoungGen: 1377904K->17440K(1378816K)] 2413529K->1053522K(4175040K), 0.0340100 secs] [Times: user=0.06 sys=0.00, real=0.04 secs] 
2016-02-18T10:49:33.898+0800: 231970.613: [GC [PSYoungGen: 1378784K->16224K(1379584K)] 2414866K->1052485K(4175808K), 0.0338540 secs] [Times: user=0.06 sys=0.00, real=0.03 secs] 
2016-02-18T10:50:29.122+0800: 232025.837: [GC [PSYoungGen: 1377120K->14400K(1379392K)] 2413381K->1050774K(4175616K), 0.0317550 secs] [Times: user=0.05 sys=0.00, real=0.04 secs] 
2016-02-18T10:51:21.747+0800: 232078.462: [GC [PSYoungGen: 1375296K->14528K(1379584K)] 2411670K->1051274K(4175808K), 0.0303060 secs] [Times: user=0.05 sys=0.00, real=0.03 secs] 
2016-02-18T10:52:21.280+0800: 232137.995: [GC [PSYoungGen: 1375552K->15936K(1379520K)] 2412298K->1052910K(4175744K), 0.0324390 secs] [Times: user=0.05 sys=0.00, real=0.03 secs] 
2016-02-18T10:53:16.284+0800: 232192.999: [GC [PSYoungGen: 1376960K->15024K(1379904K)] 2413934K->1052138K(4176128K), 0.0380890 secs] [Times: user=0.05 sys=0.00, real=0.03 secs] 
2016-02-18T10:54:09.237+0800: 232245.951: [GC [PSYoungGen: 1376624K->14848K(1379776K)] 2413738K->1052290K(4176000K), 0.0348050 secs] [Times: user=0.05 sys=0.00, real=0.04 secs] 
2016-02-18T10:55:04.246+0800: 232300.961: [GC [PSYoungGen: 1376448K->15297K(1380224K)] 2413890K->1053007K(4176448K), 0.0321130 secs] [Times: user=0.06 sys=0.00, real=0.04 secs] 
2016-02-18T10:56:02.989+0800: 232359.704: [GC [PSYoungGen: 1377473K->15616K(1380032K)] 2415183K->1053862K(4176256K), 0.0321180 secs] [Times: user=0.05 sys=0.00, real=0.03 secs] 
2016-02-18T10:57:02.154+0800: 232418.868: [GC [PSYoungGen: 1377792K->16944K(1379776K)] 2416038K->1055402K(4176000K), 0.0353150 secs] [Times: user=0.06 sys=0.00, real=0.04 secs] 
2016-02-18T10:57:55.788+0800: 232472.503: [GC [PSYoungGen: 1379056K->16016K(1380096K)] 2417514K->1054870K(4176320K), 0.0321050 secs] [Times: user=0.06 sys=0.00, real=0.03 secs] 
2016-02-18T10:58:48.750+0800: 232525.465: [GC [PSYoungGen: 1378128K->16432K(1380096K)] 2416982K->1055582K(4176320K), 0.0379620 secs] [Times: user=0.07 sys=0.00, real=0.04 secs] 
2016-02-18T10:59:44.038+0800: 232580.752: [GC [PSYoungGen: 1378672K->16112K(1380160K)] 2417822K->1055650K(4176384K), 0.0318710 secs] [Times: user=0.05 sys=0.00, real=0.04 secs] 
2016-02-18T11:00:36.308+0800: 232633.023: [GC [PSYoungGen: 1378352K->15104K(1380352K)] 2417890K->1054855K(4176576K), 0.0321730 secs] [Times: user=0.05 sys=0.00, real=0.03 secs] 
2016-02-18T11:01:34.132+0800: 232690.846: [GC [PSYoungGen: 1377664K->15808K(1380288K)] 2417415K->1055675K(4176512K), 0.0322940 secs] [Times: user=0.06 sys=0.00, real=0.03 secs] 
2016-02-18T11:02:26.643+0800: 232743.357: [GC [PSYoungGen: 1378368K->14736K(1380544K)] 2418235K->1054880K(4176768K), 0.0328470 secs] [Times: user=0.06 sys=0.00, real=0.03 secs] 
2016-02-18T11:03:25.566+0800: 232802.280: [GC [PSYoungGen: 1377680K->16880K(1379840K)] 2417824K->1057369K(4176064K), 0.0341790 secs] [Times: user=0.05 sys=0.00, real=0.03 secs] 
2016-02-18T11:04:22.001+0800: 232858.716: [GC [PSYoungGen: 1379824K->15136K(1380352K)] 2420313K->1055981K(4176576K), 0.0330850 secs] [Times: user=0.05 sys=0.00, real=0.03 secs] 
2016-02-18T11:05:13.911+0800: 232910.626: [GC [PSYoungGen: 1377632K->16032K(1380224K)] 2418477K->1057241K(4176448K), 0.0336750 secs] [Times: user=0.06 sys=0.00, real=0.03 secs] 
2016-02-18T11:06:12.289+0800: 232969.003: [GC [PSYoungGen: 1378528K->15936K(1380544K)] 2419737K->1057366K(4176768K), 0.0328800 secs] [Times: user=0.04 sys=0.00, real=0.03 secs] 
2016-02-18T11:07:15.795+0800: 233032.509: [GC [PSYoungGen: 1378816K->17184K(1380096K)] 2420246K->1058874K(4176320K), 0.0390420 secs] [Times: user=0.06 sys=0.00, real=0.04 secs] 
2016-02-18T11:08:16.909+0800: 233093.623: [GC [PSYoungGen: 1380064K->15280K(1380288K)] 2421754K->1057383K(4176512K), 0.0380600 secs] [Times: user=0.04 sys=0.01, real=0.03 secs] 
2016-02-18T11:09:10.154+0800: 233146.868: [GC [PSYoungGen: 1377648K->15248K(1380160K)] 2419751K->1057506K(4176384K), 0.0334740 secs] [Times: user=0.05 sys=0.00, real=0.03 secs] 
2016-02-18T11:09:58.173+0800: 233194.888: [GC [PSYoungGen: 1377616K->14080K(1380224K)] 2419874K->1056494K(4176448K), 0.0307290 secs] [Times: user=0.05 sys=0.00, real=0.03 secs] 
2016-02-18T11:10:57.818+0800: 233254.533: [GC [PSYoungGen: 1376576K->15856K(1380288K)] 2418990K->1058426K(4176512K), 0.0331340 secs] [Times: user=0.05 sys=0.00, real=0.03 secs] 
2016-02-18T11:11:56.423+0800: 233313.137: [GC [PSYoungGen: 1378352K->16256K(1380288K)] 2420922K->1059031K(4176512K), 0.0349320 secs] [Times: user=0.05 sys=0.00, real=0.04 secs] 
2016-02-18T11:12:55.995+0800: 233372.709: [GC [PSYoungGen: 1378880K->16288K(1380352K)] 2421655K->1059426K(4176576K), 0.0322060 secs] [Times: user=0.05 sys=0.00, real=0.03 secs] 
2016-02-18T11:13:55.933+0800: 233432.647: [GC [PSYoungGen: 1378912K->15088K(1380416K)] 2422050K->1058378K(4176640K), 0.0385730 secs] [Times: user=0.06 sys=0.00, real=0.04 secs] 
2016-02-18T11:14:51.207+0800: 233487.922: [GC [PSYoungGen: 1377776K->14448K(1380352K)] 2421066K->1057991K(4176576K), 0.0296490 secs] [Times: user=0.06 sys=0.00, real=0.03 secs] 
2016-02-18T11:15:43.287+0800: 233540.002: [GC [PSYoungGen: 1377136K->16288K(1380288K)] 2420679K->1060132K(4176512K), 0.0323790 secs] [Times: user=0.05 sys=0.00, real=0.04 secs] 
2016-02-18T11:16:41.327+0800: 233598.041: [GC [PSYoungGen: 1378912K->16224K(1380352K)] 2422756K->1060541K(4176576K), 0.0335390 secs] [Times: user=0.06 sys=0.00, real=0.03 secs] 
2016-02-18T11:17:39.664+0800: 233656.379: [GC [PSYoungGen: 1378848K->16272K(1380352K)] 2423165K->1060805K(4176576K), 0.0343870 secs] [Times: user=0.05 sys=0.00, real=0.03 secs] 
2016-02-18T11:18:40.474+0800: 233717.188: [GC [PSYoungGen: 1378896K->16874K(1379520K)] 2423429K->1061575K(4175744K), 0.0345470 secs] [Times: user=0.05 sys=0.01, real=0.04 secs] 
2016-02-18T11:19:21.568+0800: 233758.282: [GC [PSYoungGen: 1379498K->12800K(1379456K)] 2424199K->1057798K(4175680K), 0.0298980 secs] [Times: user=0.04 sys=0.00, real=0.03 secs] 
2016-02-18T11:20:20.421+0800: 233817.136: [GC [PSYoungGen: 1374272K->15841K(1379776K)] 2419270K->1061128K(4176000K), 0.0330670 secs] [Times: user=0.06 sys=0.00, real=0.03 secs] 
2016-02-18T11:21:16.326+0800: 233873.041: [GC [PSYoungGen: 1377313K->16736K(1379584K)] 2422600K->1062383K(4175808K), 0.0329120 secs] [Times: user=0.05 sys=0.00, real=0.04 secs] 
2016-02-18T11:22:09.999+0800: 233926.713: [GC [PSYoungGen: 1378208K->13180K(1374656K)] 2423855K->1059119K(4170880K), 0.0268510 secs] [Times: user=0.05 sys=0.00, real=0.03 secs] 
2016-02-18T11:22:57.398+0800: 233974.112: [GC [PSYoungGen: 1374652K->15392K(1379904K)] 2420591K->1061419K(4176128K), 0.0310180 secs] [Times: user=0.05 sys=0.00, real=0.03 secs] 
2016-02-18T11:23:52.027+0800: 234028.742: [GC [PSYoungGen: 1376800K->17137K(1378560K)] 2422827K->1063491K(4174784K), 0.0364990 secs] [Times: user=0.05 sys=0.00, real=0.04 secs] 
2016-02-18T11:24:48.681+0800: 234085.395: [GC [PSYoungGen: 1378545K->16704K(1379392K)] 2424899K->1063387K(4175616K), 0.0359340 secs] [Times: user=0.06 sys=0.00, real=0.04 secs] 
2016-02-18T11:25:38.035+0800: 234134.749: [GC [PSYoungGen: 1377536K->13792K(1374656K)] 2424219K->1060843K(4170880K), 0.0325480 secs] [Times: user=0.06 sys=0.00, real=0.03 secs] 
2016-02-18T11:26:31.488+0800: 234188.203: [GC [PSYoungGen: 1374624K->15840K(1379584K)] 2421675K->1063035K(4175808K), 0.0335680 secs] [Times: user=0.06 sys=0.00, real=0.03 secs] 
2016-02-18T11:27:33.332+0800: 234250.046: [GC [PSYoungGen: 1376736K->17712K(1378624K)] 2423931K->1065039K(4174848K), 0.0345540 secs] [Times: user=0.05 sys=0.00, real=0.04 secs] 
2016-02-18T11:28:34.961+0800: 234311.676: [GC [PSYoungGen: 1378608K->16176K(1379264K)] 2425935K->1063627K(4175488K), 0.0347760 secs] [Times: user=0.05 sys=0.00, real=0.03 secs] 
2016-02-18T11:29:34.575+0800: 234371.289: [GC [PSYoungGen: 1376432K->16544K(1379072K)] 2423883K->1064367K(4175296K), 0.0360390 secs] [Times: user=0.06 sys=0.01, real=0.04 secs] 
2016-02-18T11:30:25.710+0800: 234422.424: [GC [PSYoungGen: 1376800K->14656K(1379392K)] 2424623K->1062684K(4175616K), 0.0370530 secs] [Times: user=0.05 sys=0.00, real=0.04 secs] 
2016-02-18T11:31:22.991+0800: 234479.705: [GC [PSYoungGen: 1375232K->18016K(1378624K)] 2423260K->1066233K(4174848K), 0.0410870 secs] [Times: user=0.07 sys=0.00, real=0.04 secs] 
2016-02-18T11:32:21.476+0800: 234538.190: [GC [PSYoungGen: 1378592K->16368K(1379008K)] 2426809K->1065093K(4175232K), 0.0407460 secs] [Times: user=0.07 sys=0.01, real=0.04 secs] 
2016-02-18T11:33:24.755+0800: 234601.469: [GC [PSYoungGen: 1376112K->17520K(1377280K)] 2424837K->1066633K(4173504K), 0.0336320 secs] [Times: user=0.06 sys=0.00, real=0.03 secs] 
2016-02-18T11:34:29.466+0800: 234666.180: [GC [PSYoungGen: 1377264K->14624K(1378816K)] 2426377K->1063869K(4175040K), 0.0308140 secs] [Times: user=0.05 sys=0.00, real=0.03 secs] 
2016-02-18T11:35:23.815+0800: 234720.529: [GC [PSYoungGen: 1374112K->17217K(1376768K)] 2423357K->1066738K(4172992K), 0.0340750 secs] [Times: user=0.06 sys=0.00, real=0.04 secs] 
2016-02-18T11:36:17.187+0800: 234773.901: [GC [PSYoungGen: 1376705K->14816K(1378752K)] 2426226K->1064830K(4174976K), 0.0319770 secs] [Times: user=0.06 sys=0.00, real=0.03 secs] 
2016-02-18T11:37:07.858+0800: 234824.572: [GC [PSYoungGen: 1374176K->13584K(1378688K)] 2424190K->1063718K(4174912K), 0.0325950 secs] [Times: user=0.05 sys=0.00, real=0.04 secs] 
2016-02-18T11:37:57.921+0800: 234874.635: [GC [PSYoungGen: 1372944K->13488K(1378688K)] 2423078K->1063827K(4174912K), 0.0334620 secs] [Times: user=0.06 sys=0.00, real=0.03 secs] 
2016-02-18T11:38:51.807+0800: 234928.522: [GC [PSYoungGen: 1372784K->14721K(1378688K)] 2423123K->1065408K(4174912K), 0.0386970 secs] [Times: user=0.06 sys=0.00, real=0.04 secs] 
2016-02-18T11:39:39.141+0800: 234975.855: [GC [PSYoungGen: 1374017K->15056K(1379200K)] 2424704K->1066172K(4175424K), 0.0374090 secs] [Times: user=0.05 sys=0.00, real=0.03 secs] 
2016-02-18T11:40:16.773+0800: 235013.487: [GC [PSYoungGen: 1375056K->16000K(1378880K)] 2426172K->1067461K(4175104K), 0.0368300 secs] [Times: user=0.06 sys=0.00, real=0.04 secs] 
2016-02-18T11:40:56.892+0800: 235053.607: [GC [PSYoungGen: 1376000K->17824K(1378304K)] 2427461K->1069413K(4174528K), 0.0349430 secs] [Times: user=0.06 sys=0.00, real=0.04 secs] 
2016-02-18T11:41:46.240+0800: 235102.954: [GC [PSYoungGen: 1377376K->15232K(1378816K)] 2428965K->1067073K(4175040K), 0.0334210 secs] [Times: user=0.05 sys=0.00, real=0.03 secs] 
2016-02-18T11:42:33.374+0800: 235150.089: [GC [PSYoungGen: 1374784K->14800K(1379264K)] 2426625K->1066789K(4175488K), 0.0292350 secs] [Times: user=0.04 sys=0.00, real=0.03 secs] 
2016-02-18T11:43:24.068+0800: 235200.783: [GC [PSYoungGen: 1375056K->15520K(1379072K)] 2427045K->1067686K(4175296K), 0.0328750 secs] [Times: user=0.05 sys=0.00, real=0.03 secs] 
2016-02-18T11:44:08.389+0800: 235245.104: [GC [PSYoungGen: 1375776K->14656K(1379712K)] 2427942K->1067166K(4175936K), 0.0354500 secs] [Times: user=0.05 sys=0.00, real=0.04 secs] 
2016-02-18T11:45:01.288+0800: 235298.002: [GC [PSYoungGen: 1375872K->16912K(1378176K)] 2428382K->1069638K(4174400K), 0.0364050 secs] [Times: user=0.06 sys=0.00, real=0.04 secs] 
2016-02-18T11:45:51.088+0800: 235347.803: [GC [PSYoungGen: 1378128K->13760K(1379456K)] 2430854K->1066871K(4175680K), 0.0361110 secs] [Times: user=0.05 sys=0.00, real=0.04 secs] 
2016-02-18T11:46:47.485+0800: 235404.200: [GC [PSYoungGen: 1374592K->16865K(1377728K)] 2427703K->1070140K(4173952K), 0.0324010 secs] [Times: user=0.05 sys=0.00, real=0.03 secs] 
2016-02-18T11:47:39.162+0800: 235455.877: [GC [PSYoungGen: 1377697K->16160K(1379328K)] 2430972K->1069673K(4175552K), 0.0307690 secs] [Times: user=0.05 sys=0.00, real=0.03 secs] 
2016-02-18T11:48:31.932+0800: 235508.647: [GC [PSYoungGen: 1376608K->17937K(1378432K)] 2430121K->1071658K(4174656K), 0.0383200 secs] [Times: user=0.06 sys=0.00, real=0.04 secs] 
2016-02-18T11:49:24.729+0800: 235561.444: [GC [PSYoungGen: 1378385K->14304K(1378880K)] 2432106K->1068554K(4175104K), 0.0315410 secs] [Times: user=0.05 sys=0.00, real=0.03 secs] 
2016-02-18T11:50:15.070+0800: 235611.784: [GC [PSYoungGen: 1373920K->14736K(1378816K)] 2428170K->1069202K(4175040K), 0.0309910 secs] [Times: user=0.05 sys=0.00, real=0.03 secs] 
2016-02-18T11:51:12.390+0800: 235669.104: [GC [PSYoungGen: 1374352K->16688K(1378944K)] 2428818K->1071535K(4175168K), 0.0347600 secs] [Times: user=0.06 sys=0.00, real=0.04 secs] 
2016-02-18T11:52:08.440+0800: 235725.154: [GC [PSYoungGen: 1376624K->14928K(1379008K)] 2431471K->1070043K(4175232K), 0.0304050 secs] [Times: user=0.05 sys=0.00, real=0.03 secs] 
2016-02-18T11:53:09.154+0800: 235785.868: [GC [PSYoungGen: 1374864K->14416K(1379328K)] 2429979K->1069651K(4175552K), 0.0315700 secs] [Times: user=0.05 sys=0.00, real=0.03 secs] 
2016-02-18T11:54:03.112+0800: 235839.826: [GC [PSYoungGen: 1374864K->14976K(1379200K)] 2430099K->1070308K(4175424K), 0.0311590 secs] [Times: user=0.05 sys=0.01, real=0.03 secs] 
2016-02-18T11:54:56.705+0800: 235893.420: [GC [PSYoungGen: 1375424K->14320K(1379648K)] 2430756K->1070105K(4175872K), 0.0360440 secs] [Times: user=0.05 sys=0.01, real=0.04 secs] 
2016-02-18T11:55:50.728+0800: 235947.443: [GC [PSYoungGen: 1375408K->16896K(1378048K)] 2431193K->1072897K(4174272K), 0.0314950 secs] [Times: user=0.05 sys=0.00, real=0.03 secs] 
2016-02-18T11:56:47.395+0800: 236004.110: [GC [PSYoungGen: 1377984K->15728K(1379584K)] 2433985K->1072041K(4175808K), 0.0321190 secs] [Times: user=0.05 sys=0.00, real=0.04 secs] 
2016-02-18T11:57:47.039+0800: 236063.753: [GC [PSYoungGen: 1376624K->16624K(1379392K)] 2432937K->1073165K(4175616K), 0.0376370 secs] [Times: user=0.05 sys=0.00, real=0.04 secs] 
2016-02-18T11:58:49.229+0800: 236125.944: [GC [PSYoungGen: 1377520K->16910K(1379136K)] 2434061K->1073745K(4175360K), 0.0330310 secs] [Times: user=0.05 sys=0.00, real=0.03 secs] 
2016-02-18T11:59:42.920+0800: 236179.635: [GC [PSYoungGen: 1377486K->15248K(1379328K)] 2434321K->1072414K(4175552K), 0.0351820 secs] [Times: user=0.05 sys=0.00, real=0.04 secs] 
2016-02-18T12:00:44.744+0800: 236241.458: [GC [PSYoungGen: 1375824K->15072K(1379712K)] 2432990K->1072638K(4175936K), 0.0325020 secs] [Times: user=0.05 sys=0.01, real=0.03 secs] 
2016-02-18T12:01:40.398+0800: 236297.112: [GC [PSYoungGen: 1376224K->14400K(1379520K)] 2433790K->1072123K(4175744K), 0.0305480 secs] [Times: user=0.05 sys=0.00, real=0.03 secs] 
2016-02-18T12:02:39.138+0800: 236355.852: [GC [PSYoungGen: 1375552K->15728K(1379968K)] 2433275K->1073574K(4176192K), 0.0322500 secs] [Times: user=0.05 sys=0.00, real=0.03 secs] 
2016-02-18T12:03:31.928+0800: 236408.643: [GC [PSYoungGen: 1377392K->16160K(1379776K)] 2435238K->1074307K(4176000K), 0.0343630 secs] [Times: user=0.05 sys=0.00, real=0.03 secs] 
2016-02-18T12:04:12.591+0800: 236449.305: [GC [PSYoungGen: 1377824K->12144K(1379328K)] 2435971K->1070695K(4175552K), 0.0260460 secs] [Times: user=0.05 sys=0.00, real=0.03 secs] 
2016-02-18T12:04:50.703+0800: 236487.418: [GC [PSYoungGen: 1373360K->10592K(1371840K)] 2431911K->1069343K(4168064K), 0.0228310 secs] [Times: user=0.05 sys=0.00, real=0.03 secs] 
2016-02-18T12:05:47.587+0800: 236544.302: [GC [PSYoungGen: 1371808K->15564K(1379264K)] 2430559K->1074443K(4175488K), 0.0363620 secs] [Times: user=0.05 sys=0.00, real=0.04 secs] 
2016-02-18T12:06:44.697+0800: 236601.411: [GC [PSYoungGen: 1375884K->17312K(1377664K)] 2434763K->1076327K(4173888K), 0.0353190 secs] [Times: user=0.05 sys=0.00, real=0.03 secs] 
2016-02-18T12:07:43.792+0800: 236660.507: [GC [PSYoungGen: 1377632K->16000K(1378880K)] 2436647K->1075380K(4175104K), 0.0332920 secs] [Times: user=0.04 sys=0.00, real=0.03 secs] 
2016-02-18T12:08:48.211+0800: 236724.925: [GC [PSYoungGen: 1375552K->17200K(1376768K)] 2434932K->1076812K(4172992K), 0.0371840 secs] [Times: user=0.05 sys=0.01, real=0.04 secs] 
2016-02-18T12:09:46.582+0800: 236783.296: [GC [PSYoungGen: 1376752K->16064K(1378688K)] 2436364K->1075884K(4174912K), 0.0382420 secs] [Times: user=0.05 sys=0.00, real=0.04 secs] 
2016-02-18T12:10:42.775+0800: 236839.490: [GC [PSYoungGen: 1375168K->14688K(1378496K)] 2434988K->1074665K(4174720K), 0.0288830 secs] [Times: user=0.04 sys=0.01, real=0.03 secs] 
2016-02-18T12:11:39.935+0800: 236896.649: [GC [PSYoungGen: 1373792K->15712K(1379200K)] 2433769K->1076021K(4175424K), 0.0324680 secs] [Times: user=0.05 sys=0.00, real=0.03 secs] 
2016-02-18T12:12:39.044+0800: 236955.758: [GC [PSYoungGen: 1375776K->16084K(1378944K)] 2436085K->1076533K(4175168K), 0.0402240 secs] [Times: user=0.05 sys=0.00, real=0.04 secs] 
2016-02-18T12:13:35.528+0800: 237012.242: [GC [PSYoungGen: 1376148K->14736K(1379520K)] 2436597K->1075371K(4175744K), 0.0303560 secs] [Times: user=0.05 sys=0.00, real=0.03 secs] 
2016-02-18T12:14:37.014+0800: 237073.729: [GC [PSYoungGen: 1375440K->18064K(1378816K)] 2436075K->1079075K(4175040K), 0.0379800 secs] [Times: user=0.06 sys=0.00, real=0.04 secs] 
2016-02-18T12:15:31.263+0800: 237127.978: [GC [PSYoungGen: 1378768K->15488K(1379136K)] 2439779K->1076807K(4175360K), 0.0316480 secs] [Times: user=0.05 sys=0.00, real=0.03 secs] 
2016-02-18T12:16:35.406+0800: 237192.120: [GC [PSYoungGen: 1375360K->15936K(1378816K)] 2436679K->1077643K(4175040K), 0.0326000 secs] [Times: user=0.06 sys=0.00, real=0.03 secs] 
2016-02-18T12:17:39.909+0800: 237256.623: [GC [PSYoungGen: 1375808K->16832K(1379136K)] 2437515K->1078775K(4175360K), 0.0334440 secs] [Times: user=0.06 sys=0.00, real=0.03 secs] 
2016-02-18T12:18:39.753+0800: 237316.467: [GC [PSYoungGen: 1377280K->14400K(1379264K)] 2439223K->1076503K(4175488K), 0.0316340 secs] [Times: user=0.05 sys=0.00, real=0.03 secs] 
2016-02-18T12:19:38.800+0800: 237375.514: [GC [PSYoungGen: 1374848K->16848K(1379072K)] 2436951K->1079064K(4175296K), 0.0348620 secs] [Times: user=0.06 sys=0.00, real=0.04 secs] 
2016-02-18T12:20:35.430+0800: 237432.145: [GC [PSYoungGen: 1377168K->15776K(1379200K)] 2439384K->1078268K(4175424K), 0.0375940 secs] [Times: user=0.06 sys=0.00, real=0.04 secs] 
2016-02-18T12:21:30.801+0800: 237487.515: [GC [PSYoungGen: 1376096K->14736K(1379584K)] 2438588K->1077488K(4175808K), 0.0315030 secs] [Times: user=0.06 sys=0.00, real=0.03 secs] 
2016-02-18T12:22:28.370+0800: 237545.084: [GC [PSYoungGen: 1375696K->17040K(1378048K)] 2438448K->1079948K(4174272K), 0.0347200 secs] [Times: user=0.06 sys=0.00, real=0.03 secs] 
2016-02-18T12:23:29.224+0800: 237605.939: [GC [PSYoungGen: 1378000K->15552K(1379584K)] 2440908K->1078612K(4175808K), 0.0318740 secs] [Times: user=0.05 sys=0.00, real=0.03 secs] 
2016-02-18T12:24:22.729+0800: 237659.443: [GC [PSYoungGen: 1376384K->14896K(1379328K)] 2439444K->1078164K(4175552K), 0.0308900 secs] [Times: user=0.05 sys=0.00, real=0.04 secs] 
2016-02-18T12:25:19.211+0800: 237715.925: [GC [PSYoungGen: 1375728K->15936K(1379904K)] 2438996K->1079353K(4176128K), 0.0326990 secs] [Times: user=0.05 sys=0.00, real=0.03 secs] 
2016-02-18T12:26:21.658+0800: 237778.373: [GC [PSYoungGen: 1377472K->18016K(1379584K)] 2440889K->1081710K(4175808K), 0.0369180 secs] [Times: user=0.06 sys=0.00, real=0.04 secs] 
2016-02-18T12:27:22.208+0800: 237838.922: [GC [PSYoungGen: 1379552K->17952K(1378048K)] 2443246K->1081995K(4174272K), 0.0359430 secs] [Times: user=0.06 sys=0.00, real=0.04 secs] 
2016-02-18T12:28:22.889+0800: 237899.604: [GC [PSYoungGen: 1377504K->14400K(1378816K)] 2441547K->1078792K(4175040K), 0.0350740 secs] [Times: user=0.05 sys=0.00, real=0.03 secs] 
2016-02-18T12:29:16.616+0800: 237953.330: [GC [PSYoungGen: 1373952K->18288K(1377792K)] 2438344K->1082833K(4174016K), 0.0356110 secs] [Times: user=0.05 sys=0.00, real=0.03 secs] 
2016-02-18T12:30:11.696+0800: 238008.411: [GC [PSYoungGen: 1376816K->15024K(1378304K)] 2441361K->1079877K(4174528K), 0.0351970 secs] [Times: user=0.05 sys=0.00, real=0.04 secs] 
2016-02-18T12:31:04.064+0800: 238060.779: [GC [PSYoungGen: 1373552K->14752K(1378560K)] 2438405K->1079889K(4174784K), 0.0330000 secs] [Times: user=0.05 sys=0.00, real=0.04 secs] 
2016-02-18T12:31:58.844+0800: 238115.558: [GC [PSYoungGen: 1373664K->17024K(1378432K)] 2438801K->1082309K(4174656K), 0.0357120 secs] [Times: user=0.05 sys=0.00, real=0.04 secs] 
2016-02-18T12:32:54.946+0800: 238171.661: [GC [PSYoungGen: 1375936K->15936K(1378880K)] 2441221K->1081542K(4175104K), 0.0332690 secs] [Times: user=0.05 sys=0.00, real=0.04 secs] 
2016-02-18T12:33:47.212+0800: 238223.927: [GC [PSYoungGen: 1375296K->15408K(1378560K)] 2440902K->1081358K(4174784K), 0.0305570 secs] [Times: user=0.05 sys=0.01, real=0.03 secs] 
2016-02-18T12:34:40.644+0800: 238277.358: [GC [PSYoungGen: 1374768K->16432K(1379200K)] 2440718K->1082626K(4175424K), 0.0344350 secs] [Times: user=0.06 sys=0.00, real=0.04 secs] 
2016-02-18T12:35:29.730+0800: 238326.444: [GC [PSYoungGen: 1376624K->13728K(1379072K)] 2442818K->1080283K(4175296K), 0.0304800 secs] [Times: user=0.05 sys=0.00, real=0.03 secs] 
2016-02-18T12:36:21.216+0800: 238377.930: [GC [PSYoungGen: 1373920K->14896K(1379264K)] 2440475K->1081611K(4175488K), 0.0306910 secs] [Times: user=0.05 sys=0.00, real=0.02 secs] 
2016-02-18T12:37:18.053+0800: 238434.768: [GC [PSYoungGen: 1375152K->14976K(1379072K)] 2441867K->1081999K(4175296K), 0.0322690 secs] [Times: user=0.05 sys=0.00, real=0.03 secs] 
2016-02-18T12:38:10.487+0800: 238487.201: [GC [PSYoungGen: 1375232K->14944K(1379584K)] 2442255K->1082267K(4175808K), 0.0317160 secs] [Times: user=0.05 sys=0.00, real=0.03 secs] 
2016-02-18T12:39:11.077+0800: 238547.791: [GC [PSYoungGen: 1375904K->17041K(1378048K)] 2443227K->1084749K(4174272K), 0.0359270 secs] [Times: user=0.05 sys=0.00, real=0.03 secs] 
2016-02-18T12:40:02.785+0800: 238599.500: [GC [PSYoungGen: 1378001K->14752K(1379520K)] 2445709K->1082981K(4175744K), 0.0311510 secs] [Times: user=0.05 sys=0.00, real=0.03 secs] 
2016-02-18T12:40:59.199+0800: 238655.913: [GC [PSYoungGen: 1375520K->15488K(1379328K)] 2443749K->1083962K(4175552K), 0.0319280 secs] [Times: user=0.06 sys=0.00, real=0.04 secs] 
2016-02-18T12:41:57.700+0800: 238714.415: [GC [PSYoungGen: 1376256K->15744K(1379968K)] 2444730K->1084582K(4176192K), 0.0328940 secs] [Times: user=0.05 sys=0.00, real=0.03 secs] 
2016-02-18T12:42:54.189+0800: 238770.904: [GC [PSYoungGen: 1377408K->16176K(1379776K)] 2446246K->1085283K(4176000K), 0.0315510 secs] [Times: user=0.06 sys=0.01, real=0.04 secs] 
2016-02-18T12:43:43.165+0800: 238819.879: [GC [PSYoungGen: 1377840K->15616K(1380224K)] 2446947K->1084907K(4176448K), 0.0327250 secs] [Times: user=0.05 sys=0.00, real=0.03 secs] 
2016-02-18T12:44:37.667+0800: 238874.381: [GC [PSYoungGen: 1377792K->15328K(1380032K)] 2447083K->1084907K(4176256K), 0.0309000 secs] [Times: user=0.05 sys=0.00, real=0.03 secs] 
2016-02-18T12:45:29.613+0800: 238926.327: [GC [PSYoungGen: 1377504K->16912K(1379776K)] 2447083K->1086799K(4176000K), 0.0348980 secs] [Times: user=0.06 sys=0.00, real=0.03 secs] 
2016-02-18T12:46:19.463+0800: 238976.178: [GC [PSYoungGen: 1379024K->16256K(1380096K)] 2448911K->1086431K(4176320K), 0.0329020 secs] [Times: user=0.06 sys=0.00, real=0.03 secs] 
2016-02-18T12:47:16.256+0800: 239032.970: [GC [PSYoungGen: 1378368K->15920K(1380352K)] 2448543K->1086512K(4176576K), 0.0320640 secs] [Times: user=0.06 sys=0.00, real=0.03 secs] 
2016-02-18T12:48:05.572+0800: 239082.286: [GC [PSYoungGen: 1378352K->15216K(1380160K)] 2448944K->1086048K(4176384K), 0.0357130 secs] [Times: user=0.05 sys=0.01, real=0.04 secs] 
2016-02-18T12:48:59.526+0800: 239136.241: [GC [PSYoungGen: 1377648K->17632K(1378496K)] 2448480K->1089701K(4174720K), 0.0381890 secs] [Times: user=0.06 sys=0.00, real=0.04 secs] 
2016-02-18T12:49:55.129+0800: 239191.844: [GC [PSYoungGen: 1378464K->15776K(1379456K)] 2450533K->1088094K(4175680K), 0.0308470 secs] [Times: user=0.05 sys=0.00, real=0.03 secs] 
2016-02-18T12:50:49.076+0800: 239245.790: [GC [PSYoungGen: 1376608K->14144K(1379520K)] 2448926K->1086826K(4175744K), 0.0333730 secs] [Times: user=0.05 sys=0.00, real=0.03 secs] 
2016-02-18T12:51:41.979+0800: 239298.694: [GC [PSYoungGen: 1375232K->16272K(1379584K)] 2447914K->1089158K(4175808K), 0.0323300 secs] [Times: user=0.05 sys=0.00, real=0.04 secs] 
2016-02-18T12:52:40.657+0800: 239357.371: [GC [PSYoungGen: 1377360K->17312K(1379136K)] 2450246K->1090459K(4175360K), 0.0411540 secs] [Times: user=0.06 sys=0.00, real=0.04 secs] 
2016-02-18T12:53:38.661+0800: 239415.376: [GC [PSYoungGen: 1378016K->17744K(1378496K)] 2451163K->1091088K(4174720K), 0.0372070 secs] [Times: user=0.06 sys=0.00, real=0.03 secs] 
2016-02-18T12:54:34.810+0800: 239471.525: [GC [PSYoungGen: 1378448K->16672K(1379136K)] 2451792K->1090457K(4175360K), 0.0345930 secs] [Times: user=0.06 sys=0.00, real=0.03 secs] 
2016-02-18T12:55:27.782+0800: 239524.497: [GC [PSYoungGen: 1376736K->15504K(1379008K)] 2450521K->1089714K(4175232K), 0.0321720 secs] [Times: user=0.06 sys=0.00, real=0.03 secs] 
2016-02-18T12:56:26.762+0800: 239583.477: [GC [PSYoungGen: 1375568K->15888K(1379456K)] 2449778K->1090410K(4175680K), 0.0323750 secs] [Times: user=0.04 sys=0.00, real=0.03 secs] 
2016-02-18T12:57:21.233+0800: 239637.948: [GC [PSYoungGen: 1376528K->15008K(1379264K)] 2451050K->1089719K(4175488K), 0.0354660 secs] [Times: user=0.05 sys=0.00, real=0.04 secs] 
2016-02-18T12:58:17.816+0800: 239694.531: [GC [PSYoungGen: 1375648K->17184K(1379136K)] 2450359K->1092308K(4175360K), 0.0348950 secs] [Times: user=0.06 sys=0.00, real=0.03 secs] 
2016-02-18T12:59:14.948+0800: 239751.663: [GC [PSYoungGen: 1377760K->14641K(1379328K)] 2452884K->1089845K(4175552K), 0.0329210 secs] [Times: user=0.05 sys=0.00, real=0.04 secs] 
2016-02-18T13:00:06.872+0800: 239803.586: [GC [PSYoungGen: 1375217K->14864K(1379456K)] 2450421K->1090469K(4175680K), 0.0312720 secs] [Times: user=0.05 sys=0.00, real=0.03 secs] 
2016-02-18T13:00:56.248+0800: 239852.963: [GC [PSYoungGen: 1375568K->15712K(1379328K)] 2451173K->1091617K(4175552K), 0.0302230 secs] [Times: user=0.05 sys=0.00, real=0.03 secs] 
2016-02-18T13:01:51.528+0800: 239908.243: [GC [PSYoungGen: 1376416K->15008K(1379776K)] 2452321K->1091037K(4176000K), 0.0318510 secs] [Times: user=0.05 sys=0.00, real=0.04 secs] 
2016-02-18T13:02:47.345+0800: 239964.059: [GC [PSYoungGen: 1376352K->16224K(1379648K)] 2452381K->1092666K(4175872K), 0.0335630 secs] [Times: user=0.05 sys=0.00, real=0.04 secs] 
2016-02-18T13:03:41.362+0800: 240018.077: [GC [PSYoungGen: 1377568K->14928K(1379968K)] 2454010K->1091666K(4176192K), 0.0341570 secs] [Times: user=0.06 sys=0.00, real=0.04 secs] 
2016-02-18T13:04:37.787+0800: 240074.502: [GC [PSYoungGen: 1376656K->16944K(1378688K)] 2453394K->1093843K(4174912K), 0.0375170 secs] [Times: user=0.06 sys=0.00, real=0.04 secs] 
2016-02-18T13:05:40.794+0800: 240137.509: [GC [PSYoungGen: 1378672K->16961K(1379456K)] 2455571K->1094232K(4175680K), 0.0328890 secs] [Times: user=0.05 sys=0.00, real=0.03 secs] 
2016-02-18T13:06:41.462+0800: 240198.176: [GC [PSYoungGen: 1378049K->13984K(1375104K)] 2455320K->1091709K(4171328K), 0.0312080 secs] [Times: user=0.05 sys=0.00, real=0.04 secs] 
2016-02-18T13:07:39.929+0800: 240256.643: [GC [PSYoungGen: 1375072K->15389K(1379712K)] 2452797K->1093416K(4175936K), 0.0310230 secs] [Times: user=0.05 sys=0.00, real=0.03 secs] 
2016-02-18T13:08:35.457+0800: 240312.171: [GC [PSYoungGen: 1376477K->15328K(1379456K)] 2454504K->1093490K(4175680K), 0.0316750 secs] [Times: user=0.05 sys=0.00, real=0.03 secs] 
2016-02-18T13:09:35.019+0800: 240371.734: [GC [PSYoungGen: 1376416K->16784K(1379520K)] 2454578K->1095146K(4175744K), 0.0345540 secs] [Times: user=0.05 sys=0.00, real=0.04 secs] 
2016-02-18T13:10:31.949+0800: 240428.663: [GC [PSYoungGen: 1378128K->14032K(1379712K)] 2456490K->1092622K(4175936K), 0.0302680 secs] [Times: user=0.05 sys=0.00, real=0.02 secs] 
2016-02-18T13:11:29.543+0800: 240486.257: [GC [PSYoungGen: 1375376K->15792K(1379904K)] 2453966K->1094662K(4176128K), 0.0332510 secs] [Times: user=0.06 sys=0.00, real=0.04 secs] 
2016-02-18T13:12:27.160+0800: 240543.875: [GC [PSYoungGen: 1377328K->15289K(1379712K)] 2456198K->1094352K(4175936K), 0.0339560 secs] [Times: user=0.05 sys=0.00, real=0.03 secs] 
2016-02-18T13:13:19.805+0800: 240596.519: [GC [PSYoungGen: 1376825K->15952K(1380224K)] 2455888K->1095303K(4176448K), 0.0327330 secs] [Times: user=0.05 sys=0.00, real=0.04 secs] 
2016-02-18T13:14:22.594+0800: 240659.308: [GC [PSYoungGen: 1378192K->15376K(1380096K)] 2457543K->1095087K(4176320K), 0.0335280 secs] [Times: user=0.05 sys=0.01, real=0.03 secs] 
2016-02-18T13:15:21.504+0800: 240718.219: [GC [PSYoungGen: 1377616K->14656K(1380416K)] 2457327K->1094572K(4176640K), 0.0311120 secs] [Times: user=0.05 sys=0.00, real=0.03 secs] 
2016-02-18T13:16:17.736+0800: 240774.451: [GC [PSYoungGen: 1377344K->15296K(1380352K)] 2457260K->1095480K(4176576K), 0.0326810 secs] [Times: user=0.06 sys=0.00, real=0.03 secs] 
2016-02-18T13:17:18.809+0800: 240835.523: [GC [PSYoungGen: 1377984K->16240K(1380352K)] 2458168K->1096589K(4176576K), 0.0339550 secs] [Times: user=0.05 sys=0.00, real=0.03 secs] 
2016-02-18T13:18:14.549+0800: 240891.264: [GC [PSYoungGen: 1379120K->15904K(1380480K)] 2459469K->1096412K(4176704K), 0.0318770 secs] [Times: user=0.05 sys=0.01, real=0.03 secs] 
2016-02-18T13:19:21.835+0800: 240958.550: [GC [PSYoungGen: 1378784K->17440K(1378560K)] 2459292K->1099298K(4174784K), 0.0388920 secs] [Times: user=0.06 sys=0.00, real=0.04 secs] 
2016-02-18T13:20:22.398+0800: 241019.113: [GC [PSYoungGen: 1378528K->14368K(1379584K)] 2460386K->1096474K(4175808K), 0.0344920 secs] [Times: user=0.05 sys=0.00, real=0.04 secs] 
2016-02-18T13:21:20.354+0800: 241077.068: [GC [PSYoungGen: 1375456K->14848K(1379712K)] 2457562K->1097146K(4175936K), 0.0364220 secs] [Times: user=0.06 sys=0.00, real=0.04 secs] 
2016-02-18T13:22:17.621+0800: 241134.335: [GC [PSYoungGen: 1376064K->15536K(1379584K)] 2458362K->1097958K(4175808K), 0.0392530 secs] [Times: user=0.05 sys=0.00, real=0.04 secs] 
2016-02-18T13:23:20.420+0800: 241197.134: [GC [PSYoungGen: 1376752K->16528K(1379712K)] 2459174K->1099151K(4175936K), 0.0337230 secs] [Times: user=0.05 sys=0.00, real=0.03 secs] 
2016-02-18T13:24:17.030+0800: 241253.744: [GC [PSYoungGen: 1378128K->15440K(1379840K)] 2460751K->1098391K(4176064K), 0.0308030 secs] [Times: user=0.05 sys=0.00, real=0.03 secs] 
2016-02-18T13:25:24.924+0800: 241321.638: [GC [PSYoungGen: 1377040K->14918K(1380160K)] 2459991K->1098068K(4176384K), 0.0313330 secs] [Times: user=0.06 sys=0.00, real=0.03 secs] 
2016-02-18T13:26:21.461+0800: 241378.175: [GC [PSYoungGen: 1377030K->16016K(1380032K)] 2460180K->1099451K(4176256K), 0.0345090 secs] [Times: user=0.05 sys=0.01, real=0.03 secs] 
2016-02-18T13:27:24.055+0800: 241440.770: [GC [PSYoungGen: 1378128K->14176K(1380096K)] 2461563K->1097950K(4176320K), 0.0315750 secs] [Times: user=0.05 sys=0.00, real=0.04 secs] 
2016-02-18T13:28:31.516+0800: 241508.231: [GC [PSYoungGen: 1376416K->16032K(1380160K)] 2460190K->1099975K(4176384K), 0.0331680 secs] [Times: user=0.05 sys=0.00, real=0.03 secs] 
2016-02-18T13:29:33.192+0800: 241569.906: [GC [PSYoungGen: 1378272K->16224K(1380224K)] 2462215K->1100468K(4176448K), 0.0323970 secs] [Times: user=0.05 sys=0.00, real=0.03 secs] 
2016-02-18T13:30:24.359+0800: 241621.074: [GC [PSYoungGen: 1378592K->14176K(1376576K)] 2462836K->1098773K(4172800K), 0.0312520 secs] [Times: user=0.05 sys=0.00, real=0.03 secs] 
2016-02-18T13:31:21.604+0800: 241678.319: [GC [PSYoungGen: 1376544K->14160K(1380224K)] 2461141K->1099381K(4176448K), 0.0309530 secs] [Times: user=0.06 sys=0.00, real=0.03 secs] 
2016-02-18T13:32:22.079+0800: 241738.793: [GC [PSYoungGen: 1376464K->16640K(1379008K)] 2461685K->1102217K(4175232K), 0.0351520 secs] [Times: user=0.05 sys=0.00, real=0.03 secs] 
2016-02-18T13:33:19.606+0800: 241796.320: [GC [PSYoungGen: 1378944K->16368K(1379840K)] 2464521K->1102293K(4176064K), 0.0323330 secs] [Times: user=0.06 sys=0.00, real=0.03 secs] 
2016-02-18T13:34:15.093+0800: 241851.807: [GC [PSYoungGen: 1378096K->15216K(1379904K)] 2464021K->1101434K(4176128K), 0.0324340 secs] [Times: user=0.06 sys=0.01, real=0.03 secs] 
2016-02-18T13:35:14.318+0800: 241911.033: [GC [PSYoungGen: 1376944K->14672K(1380224K)] 2463162K->1101394K(4176448K), 0.0315850 secs] [Times: user=0.05 sys=0.00, real=0.03 secs] 
2016-02-18T13:36:19.114+0800: 241975.829: [GC [PSYoungGen: 1376912K->17824K(1380096K)] 2463634K->1105058K(4176320K), 0.0346390 secs] [Times: user=0.05 sys=0.00, real=0.03 secs] 
2016-02-18T13:37:21.881+0800: 242038.595: [GC [PSYoungGen: 1380064K->16000K(1379072K)] 2467298K->1103530K(4175296K), 0.0347490 secs] [Times: user=0.05 sys=0.00, real=0.03 secs] 
2016-02-18T13:38:23.556+0800: 242100.271: [GC [PSYoungGen: 1377088K->15840K(1379584K)] 2464618K->1103558K(4175808K), 0.0342820 secs] [Times: user=0.04 sys=0.00, real=0.03 secs] 
2016-02-18T13:39:27.831+0800: 242164.545: [GC [PSYoungGen: 1376928K->17248K(1379200K)] 2464646K->1105163K(4175424K), 0.0367610 secs] [Times: user=0.06 sys=0.00, real=0.03 secs] 
2016-02-18T13:40:27.349+0800: 242224.063: [GC [PSYoungGen: 1378208K->18448K(1379456K)] 2466123K->1106627K(4175680K), 0.0379270 secs] [Times: user=0.07 sys=0.00, real=0.04 secs] 
2016-02-18T13:41:29.700+0800: 242286.415: [GC [PSYoungGen: 1379408K->17600K(1377792K)] 2467587K->1106152K(4174016K), 0.0354010 secs] [Times: user=0.06 sys=0.00, real=0.04 secs] 
2016-02-18T13:42:41.663+0800: 242358.377: [GC [PSYoungGen: 1376768K->17216K(1378624K)] 2465320K->1106024K(4174848K), 0.0351890 secs] [Times: user=0.05 sys=0.01, real=0.04 secs] 
2016-02-18T13:43:41.200+0800: 242417.915: [GC [PSYoungGen: 1376384K->15808K(1378816K)] 2465192K->1104784K(4175040K), 0.0363860 secs] [Times: user=0.05 sys=0.00, real=0.04 secs] 
2016-02-18T13:44:47.506+0800: 242484.221: [GC [PSYoungGen: 1375168K->16416K(1378624K)] 2464144K->1105568K(4174848K), 0.0365160 secs] [Times: user=0.05 sys=0.00, real=0.04 secs] 
2016-02-18T13:45:49.945+0800: 242546.660: [GC [PSYoungGen: 1375776K->16416K(1379328K)] 2464928K->1105733K(4175552K), 0.0398080 secs] [Times: user=0.06 sys=0.00, real=0.04 secs] 
2016-02-18T13:46:51.858+0800: 242608.573: [GC [PSYoungGen: 1376736K->17584K(1379072K)] 2466053K->1107198K(4175296K), 0.0355810 secs] [Times: user=0.06 sys=0.00, real=0.04 secs] 
2016-02-18T13:47:51.393+0800: 242668.107: [GC [PSYoungGen: 1377904K->16768K(1379200K)] 2467518K->1106815K(4175424K), 0.0366160 secs] [Times: user=0.06 sys=0.00, real=0.04 secs] 
2016-02-18T13:48:51.349+0800: 242728.064: [GC [PSYoungGen: 1376960K->15520K(1379072K)] 2467007K->1105767K(4175296K), 0.0336950 secs] [Times: user=0.05 sys=0.00, real=0.03 secs] 
2016-02-18T13:49:59.816+0800: 242796.531: [GC [PSYoungGen: 1375712K->15872K(1379456K)] 2465959K->1106435K(4175680K), 0.0330250 secs] [Times: user=0.06 sys=0.00, real=0.03 secs] 
2016-02-18T13:50:54.272+0800: 242850.987: [GC [PSYoungGen: 1376512K->14416K(1379264K)] 2467075K->1105127K(4175488K), 0.0307500 secs] [Times: user=0.05 sys=0.00, real=0.03 secs] 
2016-02-18T13:51:51.587+0800: 242908.301: [GC [PSYoungGen: 1375056K->15696K(1379520K)] 2465767K->1106643K(4175744K), 0.0346460 secs] [Times: user=0.06 sys=0.00, real=0.03 secs] 
2016-02-18T13:52:51.861+0800: 242968.575: [GC [PSYoungGen: 1376464K->15552K(1379328K)] 2467411K->1106792K(4175552K), 0.0315400 secs] [Times: user=0.05 sys=0.00, real=0.03 secs] 
2016-02-18T13:53:52.907+0800: 243029.621: [GC [PSYoungGen: 1376320K->15808K(1379840K)] 2467560K->1107247K(4176064K), 0.0327910 secs] [Times: user=0.06 sys=0.00, real=0.03 secs] 
2016-02-18T13:54:56.281+0800: 243092.996: [GC [PSYoungGen: 1377216K->15008K(1379648K)] 2468655K->1106568K(4175872K), 0.0300100 secs] [Times: user=0.04 sys=0.00, real=0.02 secs] 
2016-02-18T13:55:58.260+0800: 243154.975: [GC [PSYoungGen: 1376416K->14944K(1379968K)] 2467976K->1106864K(4176192K), 0.0339220 secs] [Times: user=0.06 sys=0.00, real=0.03 secs] 
2016-02-18T13:57:03.326+0800: 243220.040: [GC [PSYoungGen: 1376736K->16033K(1379904K)] 2468656K->1108365K(4176128K), 0.0339420 secs] [Times: user=0.06 sys=0.00, real=0.03 secs] 
2016-02-18T13:58:12.089+0800: 243288.803: [GC [PSYoungGen: 1377825K->15600K(1380288K)] 2470157K->1108434K(4176512K), 0.0316140 secs] [Times: user=0.06 sys=0.00, real=0.03 secs] 
2016-02-18T13:59:19.861+0800: 243356.575: [GC [PSYoungGen: 1377904K->17760K(1380096K)] 2470738K->1111126K(4176320K), 0.0407240 secs] [Times: user=0.06 sys=0.00, real=0.04 secs] 
2016-02-18T14:00:18.894+0800: 243415.608: [GC [PSYoungGen: 1380064K->16112K(1379456K)] 2473430K->1109659K(4175680K), 0.0338480 secs] [Times: user=0.05 sys=0.00, real=0.03 secs] 
2016-02-18T14:01:23.998+0800: 243480.713: [GC [PSYoungGen: 1377584K->17424K(1378944K)] 2471131K->1111362K(4175168K), 0.0332310 secs] [Times: user=0.05 sys=0.00, real=0.03 secs] 
2016-02-18T14:02:22.512+0800: 243539.226: [GC [PSYoungGen: 1378896K->13584K(1379008K)] 2472834K->1107695K(4175232K), 0.0289800 secs] [Times: user=0.04 sys=0.01, real=0.03 secs] 
2016-02-18T14:03:20.832+0800: 243597.546: [GC [PSYoungGen: 1374032K->13664K(1374144K)] 2468143K->1108079K(4170368K), 0.0277540 secs] [Times: user=0.05 sys=0.00, real=0.03 secs] 
2016-02-18T14:04:19.466+0800: 243656.181: [GC [PSYoungGen: 1374112K->14496K(1379264K)] 2468527K->1109084K(4175488K), 0.0328500 secs] [Times: user=0.05 sys=0.00, real=0.04 secs] 
2016-02-18T14:05:25.571+0800: 243722.286: [GC [PSYoungGen: 1374880K->17344K(1377792K)] 2469468K->1112080K(4174016K), 0.0367260 secs] [Times: user=0.06 sys=0.00, real=0.04 secs] 
2016-02-18T14:06:35.392+0800: 243792.106: [GC [PSYoungGen: 1377728K->16880K(1378816K)] 2472464K->1111928K(4175040K), 0.0338500 secs] [Times: user=0.06 sys=0.00, real=0.03 secs] 
2016-02-18T14:07:35.908+0800: 243852.622: [GC [PSYoungGen: 1376560K->16640K(1378880K)] 2471608K->1111956K(4175104K), 0.0344360 secs] [Times: user=0.05 sys=0.00, real=0.03 secs] 
2016-02-18T14:08:37.148+0800: 243913.862: [GC [PSYoungGen: 1376320K->15584K(1379200K)] 2471636K->1111036K(4175424K), 0.0324260 secs] [Times: user=0.05 sys=0.00, real=0.04 secs] 
2016-02-18T14:09:32.317+0800: 243969.031: [GC [PSYoungGen: 1375648K->16304K(1378944K)] 2471100K->1111969K(4175168K), 0.0351860 secs] [Times: user=0.05 sys=0.00, real=0.03 secs] 
2016-02-18T14:10:28.987+0800: 244025.702: [GC [PSYoungGen: 1376368K->16176K(1379520K)] 2472033K->1112128K(4175744K), 0.0343840 secs] [Times: user=0.05 sys=0.00, real=0.03 secs] 
2016-02-18T14:11:28.540+0800: 244085.254: [GC [PSYoungGen: 1376944K->17152K(1379328K)] 2472896K->1113453K(4175552K), 0.0396660 secs] [Times: user=0.05 sys=0.01, real=0.04 secs] 
2016-02-18T14:12:34.525+0800: 244151.240: [GC [PSYoungGen: 1377920K->14816K(1379392K)] 2474221K->1111457K(4175616K), 0.0319420 secs] [Times: user=0.06 sys=0.00, real=0.03 secs] 
2016-02-18T14:13:43.137+0800: 244219.852: [GC [PSYoungGen: 1375456K->14768K(1379328K)] 2472097K->1111581K(4175552K), 0.0369510 secs] [Times: user=0.06 sys=0.00, real=0.04 secs] 
2016-02-18T14:14:41.254+0800: 244277.968: [GC [PSYoungGen: 1375408K->14512K(1379520K)] 2472221K->1111545K(4175744K), 0.0311310 secs] [Times: user=0.06 sys=0.00, real=0.03 secs] 
2016-02-18T14:15:40.570+0800: 244337.284: [GC [PSYoungGen: 1375408K->13824K(1379456K)] 2472441K->1111209K(4175680K), 0.0291570 secs] [Times: user=0.06 sys=0.00, real=0.03 secs] 
2016-02-18T14:16:31.757+0800: 244388.471: [GC [PSYoungGen: 1374720K->13760K(1379456K)] 2472105K->1111386K(4175680K), 0.0307950 secs] [Times: user=0.06 sys=0.00, real=0.03 secs] 
2016-02-18T14:17:24.573+0800: 244441.288: [GC [PSYoungGen: 1374592K->15344K(1379456K)] 2472218K->1113170K(4175680K), 0.0310550 secs] [Times: user=0.06 sys=0.00, real=0.03 secs] 
2016-02-18T14:18:28.679+0800: 244505.393: [GC [PSYoungGen: 1376176K->15808K(1379904K)] 2474002K->1113823K(4176128K), 0.0351640 secs] [Times: user=0.06 sys=0.00, real=0.04 secs] 
2016-02-18T14:19:29.833+0800: 244566.547: [GC [PSYoungGen: 1377408K->16032K(1379776K)] 2475423K->1114384K(4176000K), 0.0328740 secs] [Times: user=0.05 sys=0.00, real=0.03 secs] 
2016-02-18T14:20:25.398+0800: 244622.112: [GC [PSYoungGen: 1377632K->16928K(1379328K)] 2475984K->1115656K(4175552K), 0.0360060 secs] [Times: user=0.06 sys=0.00, real=0.03 secs] 
2016-02-18T14:21:22.426+0800: 244679.140: [GC [PSYoungGen: 1378144K->16960K(1378240K)] 2476872K->1116037K(4174464K), 0.0341780 secs] [Times: user=0.06 sys=0.00, real=0.03 secs] 
2016-02-18T14:22:25.373+0800: 244742.087: [GC [PSYoungGen: 1378176K->17328K(1378816K)] 2477253K->1116722K(4175040K), 0.0336250 secs] [Times: user=0.05 sys=0.00, real=0.03 secs] 
2016-02-18T14:23:27.662+0800: 244804.376: [GC [PSYoungGen: 1377520K->17056K(1377280K)] 2476914K->1116678K(4173504K), 0.0363040 secs] [Times: user=0.06 sys=0.00, real=0.04 secs] 
2016-02-18T14:24:27.970+0800: 244864.685: [GC [PSYoungGen: 1377248K->17328K(1378624K)] 2476870K->1117175K(4174848K), 0.0400670 secs] [Times: user=0.06 sys=0.00, real=0.04 secs] 
2016-02-18T14:25:28.062+0800: 244924.776: [GC [PSYoungGen: 1376880K->14737K(1378816K)] 2476727K->1114768K(4175040K), 0.0320980 secs] [Times: user=0.05 sys=0.00, real=0.03 secs] 
2016-02-18T14:26:29.726+0800: 244986.441: [GC [PSYoungGen: 1374289K->15760K(1379200K)] 2474320K->1116097K(4175424K), 0.0338750 secs] [Times: user=0.05 sys=0.00, real=0.03 secs] 
2016-02-18T14:27:29.087+0800: 245045.802: [GC [PSYoungGen: 1375760K->14624K(1378880K)] 2476097K->1115388K(4175104K), 0.0314440 secs] [Times: user=0.05 sys=0.00, real=0.03 secs] 
2016-02-18T14:28:23.030+0800: 245099.744: [GC [PSYoungGen: 1374624K->15360K(1379456K)] 2475388K->1116296K(4175680K), 0.0365500 secs] [Times: user=0.04 sys=0.00, real=0.03 secs] 
2016-02-18T14:29:24.319+0800: 245161.033: [GC [PSYoungGen: 1375936K->18602K(1379200K)] 2476872K->1122149K(4175424K), 0.0362760 secs] [Times: user=0.07 sys=0.00, real=0.04 secs] 
2016-02-18T14:30:26.552+0800: 245223.266: [GC [PSYoungGen: 1379178K->15344K(1376640K)] 2482725K->1119340K(4172864K), 0.0346110 secs] [Times: user=0.06 sys=0.00, real=0.03 secs] 
2016-02-18T14:31:28.243+0800: 245284.958: [GC [PSYoungGen: 1373104K->17248K(1377920K)] 2477100K->1121498K(4174144K), 0.0387740 secs] [Times: user=0.06 sys=0.00, real=0.04 secs] 
2016-02-18T14:32:25.817+0800: 245342.532: [GC [PSYoungGen: 1375008K->16704K(1378176K)] 2479258K->1121198K(4174400K), 0.0430940 secs] [Times: user=0.06 sys=0.00, real=0.05 secs] 
2016-02-18T14:33:31.148+0800: 245407.862: [GC [PSYoungGen: 1374784K->14784K(1377984K)] 2479278K->1119698K(4174208K), 0.0326600 secs] [Times: user=0.05 sys=0.00, real=0.03 secs] 
2016-02-18T14:34:30.740+0800: 245467.455: [GC [PSYoungGen: 1372864K->15504K(1378496K)] 2477778K->1120654K(4174720K), 0.0315850 secs] [Times: user=0.06 sys=0.00, real=0.04 secs] 
2016-02-18T14:35:22.884+0800: 245519.598: [GC [PSYoungGen: 1374224K->14176K(1378304K)] 2479374K->1119450K(4174528K), 0.0336220 secs] [Times: user=0.05 sys=0.00, real=0.03 secs] 
2016-02-18T14:36:29.042+0800: 245585.756: [GC [PSYoungGen: 1372896K->15616K(1378816K)] 2478170K->1121191K(4175040K), 0.0324710 secs] [Times: user=0.06 sys=0.00, real=0.03 secs] 
2016-02-18T14:37:31.357+0800: 245648.071: [GC [PSYoungGen: 1374848K->15248K(1378496K)] 2480423K->1121139K(4174720K), 0.0317820 secs] [Times: user=0.05 sys=0.00, real=0.03 secs] 
2016-02-18T14:38:25.487+0800: 245702.201: [GC [PSYoungGen: 1374480K->15056K(1379200K)] 2480371K->1121187K(4175424K), 0.0308780 secs] [Times: user=0.05 sys=0.00, real=0.03 secs] 
2016-02-18T14:39:28.381+0800: 245765.096: [GC [PSYoungGen: 1375184K->15312K(1379008K)] 2481315K->1121699K(4175232K), 0.0340030 secs] [Times: user=0.06 sys=0.00, real=0.03 secs] 
2016-02-18T14:40:24.818+0800: 245821.533: [GC [PSYoungGen: 1375440K->13856K(1379328K)] 2481827K->1120406K(4175552K), 0.0293880 secs] [Times: user=0.05 sys=0.01, real=0.03 secs] 
2016-02-18T14:41:18.886+0800: 245875.600: [GC [PSYoungGen: 1374560K->14560K(1379392K)] 2481110K->1121305K(4175616K), 0.0294940 secs] [Times: user=0.05 sys=0.00, real=0.03 secs] 
2016-02-18T14:42:14.418+0800: 245931.133: [GC [PSYoungGen: 1375264K->13504K(1379456K)] 2482009K->1120369K(4175680K), 0.0305480 secs] [Times: user=0.06 sys=0.00, real=0.03 secs] 
2016-02-18T14:43:18.924+0800: 245995.639: [GC [PSYoungGen: 1374464K->16945K(1377920K)] 2481329K->1123950K(4174144K), 0.0374220 secs] [Times: user=0.05 sys=0.00, real=0.04 secs] 
2016-02-18T14:44:23.223+0800: 246059.938: [GC [PSYoungGen: 1377905K->17872K(1378112K)] 2484910K->1125258K(4174336K), 0.0385330 secs] [Times: user=0.06 sys=0.00, real=0.04 secs] 
2016-02-18T14:45:21.731+0800: 246118.445: [GC [PSYoungGen: 1377168K->14848K(1378688K)] 2484554K->1122514K(4174912K), 0.0343800 secs] [Times: user=0.06 sys=0.00, real=0.04 secs] 
2016-02-18T14:46:23.305+0800: 246180.020: [GC [PSYoungGen: 1374144K->16160K(1379072K)] 2481810K->1123950K(4175296K), 0.0332790 secs] [Times: user=0.06 sys=0.00, real=0.03 secs] 
2016-02-18T14:47:20.115+0800: 246236.830: [GC [PSYoungGen: 1376032K->15040K(1378880K)] 2483822K->1123014K(4175104K), 0.0309320 secs] [Times: user=0.05 sys=0.00, real=0.04 secs] 
2016-02-18T14:48:16.276+0800: 246292.990: [GC [PSYoungGen: 1374912K->15808K(1379520K)] 2482886K->1124088K(4175744K), 0.0343970 secs] [Times: user=0.05 sys=0.01, real=0.03 secs] 
2016-02-18T14:49:13.680+0800: 246350.395: [GC [PSYoungGen: 1376512K->13376K(1379264K)] 2484792K->1122112K(4175488K), 0.0291770 secs] [Times: user=0.05 sys=0.00, real=0.03 secs] 
2016-02-18T14:50:11.634+0800: 246408.349: [GC [PSYoungGen: 1374080K->14624K(1379648K)] 2482816K->1123472K(4175872K), 0.0325020 secs] [Times: user=0.05 sys=0.01, real=0.04 secs] 
2016-02-18T14:51:04.356+0800: 246461.071: [GC [PSYoungGen: 1375648K->14576K(1379456K)] 2484496K->1123637K(4175680K), 0.0366970 secs] [Times: user=0.05 sys=0.00, real=0.04 secs] 
2016-02-18T14:52:10.292+0800: 246527.006: [GC [PSYoungGen: 1375600K->14560K(1379968K)] 2484661K->1123897K(4176192K), 0.0313170 secs] [Times: user=0.05 sys=0.00, real=0.03 secs] 
2016-02-18T14:53:14.780+0800: 246591.494: [GC [PSYoungGen: 1376288K->16432K(1379840K)] 2485625K->1125877K(4176064K), 0.0378820 secs] [Times: user=0.06 sys=0.00, real=0.04 secs] 
2016-02-18T14:54:13.630+0800: 246650.345: [GC [PSYoungGen: 1378160K->14592K(1379968K)] 2487605K->1124434K(4176192K), 0.0350160 secs] [Times: user=0.05 sys=0.01, real=0.03 secs] 
2016-02-18T14:55:11.407+0800: 246708.122: [GC [PSYoungGen: 1376320K->14112K(1379840K)] 2486162K->1124118K(4176064K), 0.0343260 secs] [Times: user=0.06 sys=0.00, real=0.03 secs] 
2016-02-18T14:56:11.245+0800: 246767.960: [GC [PSYoungGen: 1375840K->14342K(1380224K)] 2485846K->1124449K(4176448K), 0.0304900 secs] [Times: user=0.05 sys=0.00, real=0.03 secs] 
2016-02-18T14:57:04.664+0800: 246821.379: [GC [PSYoungGen: 1376582K->14992K(1380096K)] 2486689K->1125435K(4176320K), 0.0341860 secs] [Times: user=0.05 sys=0.00, real=0.03 secs] 
2016-02-18T14:58:01.627+0800: 246878.341: [GC [PSYoungGen: 1377232K->16816K(1379712K)] 2487675K->1127407K(4175936K), 0.0440240 secs] [Times: user=0.07 sys=0.00, real=0.04 secs] 
2016-02-18T14:59:04.742+0800: 246941.456: [GC [PSYoungGen: 1378928K->15616K(1380096K)] 2489519K->1126439K(4176320K), 0.0469130 secs] [Times: user=0.07 sys=0.00, real=0.04 secs] 
2016-02-18T15:00:01.180+0800: 246997.894: [GC [PSYoungGen: 1377728K->16352K(1379968K)] 2488551K->1127268K(4176192K), 0.0330400 secs] [Times: user=0.05 sys=0.00, real=0.03 secs] 
2016-02-18T15:00:57.680+0800: 247054.395: [GC [PSYoungGen: 1378464K->17200K(1379328K)] 2489380K->1128248K(4175552K), 0.0398020 secs] [Times: user=0.06 sys=0.00, real=0.04 secs] 
2016-02-18T15:01:59.651+0800: 247116.366: [GC [PSYoungGen: 1379312K->16224K(1379712K)] 2490360K->1127632K(4175936K), 0.0350000 secs] [Times: user=0.06 sys=0.00, real=0.04 secs] 
2016-02-18T15:02:56.632+0800: 247173.347: [GC [PSYoungGen: 1377504K->15264K(1379648K)] 2488912K->1126875K(4175872K), 0.0316990 secs] [Times: user=0.05 sys=0.00, real=0.03 secs] 
2016-02-18T15:03:52.915+0800: 247229.629: [GC [PSYoungGen: 1376544K->14528K(1379968K)] 2488155K->1126275K(4176192K), 0.0299720 secs] [Times: user=0.05 sys=0.00, real=0.03 secs] 
2016-02-18T15:04:38.789+0800: 247275.503: [GC [PSYoungGen: 1376320K->13760K(1379904K)] 2488067K->1125680K(4176128K), 0.0284170 secs] [Times: user=0.05 sys=0.00, real=0.03 secs] 
2016-02-18T15:05:36.126+0800: 247332.841: [GC [PSYoungGen: 1375552K->16272K(1379712K)] 2487472K->1128356K(4175936K), 0.0339690 secs] [Times: user=0.06 sys=0.00, real=0.04 secs] 
2016-02-18T15:06:38.107+0800: 247394.822: [GC [PSYoungGen: 1377872K->16561K(1378176K)] 2489956K->1128901K(4174400K), 0.0320080 secs] [Times: user=0.05 sys=0.00, real=0.03 secs] 
2016-02-18T15:07:30.930+0800: 247447.644: [GC [PSYoungGen: 1378161K->15536K(1379968K)] 2490501K->1128317K(4176192K), 0.0391580 secs] [Times: user=0.05 sys=0.00, real=0.04 secs] 
2016-02-18T15:08:29.381+0800: 247506.095: [GC [PSYoungGen: 1377136K->17200K(1378816K)] 2489917K->1130166K(4175040K), 0.0359460 secs] [Times: user=0.06 sys=0.00, real=0.04 secs] 
2016-02-18T15:09:30.022+0800: 247566.737: [GC [PSYoungGen: 1378800K->18096K(1378368K)] 2491766K->1131423K(4174592K), 0.0338440 secs] [Times: user=0.05 sys=0.00, real=0.04 secs] 
2016-02-18T15:10:27.578+0800: 247624.292: [GC [PSYoungGen: 1378032K->16080K(1379008K)] 2491359K->1129643K(4175232K), 0.0348530 secs] [Times: user=0.05 sys=0.00, real=0.04 secs] 
2016-02-18T15:11:25.083+0800: 247681.797: [GC [PSYoungGen: 1376016K->15456K(1379456K)] 2489579K->1129375K(4175680K), 0.0311790 secs] [Times: user=0.06 sys=0.00, real=0.03 secs] 
2016-02-18T15:12:23.842+0800: 247740.557: [GC [PSYoungGen: 1376096K->14992K(1379264K)] 2490015K->1129051K(4175488K), 0.0319490 secs] [Times: user=0.05 sys=0.00, real=0.03 secs] 
2016-02-18T15:13:16.451+0800: 247793.165: [GC [PSYoungGen: 1375632K->14400K(1379584K)] 2489691K->1128696K(4175808K), 0.0309880 secs] [Times: user=0.05 sys=0.00, real=0.03 secs] 
2016-02-18T15:14:08.419+0800: 247845.134: [GC [PSYoungGen: 1375488K->14512K(1379584K)] 2489784K->1129192K(4175808K), 0.0318250 secs] [Times: user=0.06 sys=0.00, real=0.03 secs] 
2016-02-18T15:15:11.682+0800: 247908.397: [GC [PSYoungGen: 1375600K->17584K(1378688K)] 2490280K->1132668K(4174912K), 0.0359680 secs] [Times: user=0.06 sys=0.00, real=0.03 secs] 
2016-02-18T15:16:02.617+0800: 247959.331: [GC [PSYoungGen: 1377904K->17104K(1377472K)] 2492988K->1132357K(4173696K), 0.0365330 secs] [Times: user=0.05 sys=0.01, real=0.03 secs] 
2016-02-18T15:17:04.541+0800: 248021.255: [GC [PSYoungGen: 1377424K->16992K(1378880K)] 2492677K->1132609K(4175104K), 0.0350610 secs] [Times: user=0.05 sys=0.00, real=0.04 secs] 
2016-02-18T15:17:59.327+0800: 248076.041: [GC [PSYoungGen: 1376800K->15840K(1378944K)] 2492417K->1131729K(4175168K), 0.0351420 secs] [Times: user=0.06 sys=0.00, real=0.04 secs] 
2016-02-18T15:18:55.826+0800: 248132.541: [GC [PSYoungGen: 1375648K->17632K(1378560K)] 2491537K->1133685K(4174784K), 0.0377170 secs] [Times: user=0.06 sys=0.00, real=0.04 secs] 
2016-02-18T15:19:48.297+0800: 248185.011: [GC [PSYoungGen: 1377312K->16896K(1378880K)] 2493365K->1133113K(4175104K), 0.0352970 secs] [Times: user=0.06 sys=0.00, real=0.04 secs] 
2016-02-18T15:20:39.870+0800: 248236.584: [GC [PSYoungGen: 1376576K->15856K(1379136K)] 2492793K->1132338K(4175360K), 0.0345280 secs] [Times: user=0.06 sys=0.00, real=0.04 secs] 
2016-02-18T15:21:33.533+0800: 248290.248: [GC [PSYoungGen: 1375792K->15504K(1378880K)] 2492274K->1132414K(4175104K), 0.0310410 secs] [Times: user=0.06 sys=0.00, real=0.03 secs] 
2016-02-18T15:22:30.634+0800: 248347.348: [GC [PSYoungGen: 1375440K->15552K(1379456K)] 2492350K->1132638K(4175680K), 0.0328290 secs] [Times: user=0.05 sys=0.00, real=0.03 secs] 
2016-02-18T15:23:22.331+0800: 248399.046: [GC [PSYoungGen: 1376256K->14992K(1379328K)] 2493342K->1132361K(4175552K), 0.0334670 secs] [Times: user=0.05 sys=0.00, real=0.04 secs] 
2016-02-18T15:24:18.531+0800: 248455.245: [GC [PSYoungGen: 1375696K->15360K(1379712K)] 2493065K->1132866K(4175936K), 0.0313450 secs] [Times: user=0.06 sys=0.00, real=0.03 secs] 
2016-02-18T15:25:09.690+0800: 248506.405: [GC [PSYoungGen: 1376512K->15409K(1379520K)] 2494018K->1133094K(4175744K), 0.0329830 secs] [Times: user=0.05 sys=0.00, real=0.03 secs] 
2016-02-18T15:26:03.722+0800: 248560.436: [GC [PSYoungGen: 1376561K->16160K(1379968K)] 2494246K->1134283K(4176192K), 0.0341320 secs] [Times: user=0.05 sys=0.00, real=0.03 secs] 
2016-02-18T15:27:01.868+0800: 248618.582: [GC [PSYoungGen: 1377888K->16512K(1379840K)] 2496011K->1134815K(4176064K), 0.0343580 secs] [Times: user=0.05 sys=0.00, real=0.03 secs] 
2016-02-18T15:27:59.281+0800: 248675.996: [GC [PSYoungGen: 1378240K->15617K(1380096K)] 2496543K->1134397K(4176320K), 0.0319630 secs] [Times: user=0.06 sys=0.00, real=0.04 secs] 
2016-02-18T15:28:51.767+0800: 248728.482: [GC [PSYoungGen: 1377601K->15952K(1379968K)] 2496381K->1135025K(4176192K), 0.0318960 secs] [Times: user=0.05 sys=0.00, real=0.03 secs] 
2016-02-18T15:29:41.209+0800: 248777.923: [GC [PSYoungGen: 1377936K->14666K(1380288K)] 2497009K->1133928K(4176512K), 0.0298930 secs] [Times: user=0.06 sys=0.00, real=0.03 secs] 
2016-02-18T15:30:28.880+0800: 248825.595: [GC [PSYoungGen: 1377162K->16048K(1380288K)] 2496424K->1135695K(4176512K), 0.0342720 secs] [Times: user=0.04 sys=0.00, real=0.04 secs] 
2016-02-18T15:31:19.503+0800: 248876.218: [GC [PSYoungGen: 1378544K->15008K(1380416K)] 2498191K->1135047K(4176640K), 0.0378080 secs] [Times: user=0.05 sys=0.00, real=0.04 secs] 
2016-02-18T15:32:09.552+0800: 248926.266: [GC [PSYoungGen: 1377696K->13696K(1376384K)] 2497735K->1134032K(4172608K), 0.0324170 secs] [Times: user=0.04 sys=0.00, real=0.03 secs] 
2016-02-18T15:32:57.573+0800: 248974.288: [GC [PSYoungGen: 1376384K->15328K(1380480K)] 2496720K->1135836K(4176704K), 0.0347590 secs] [Times: user=0.06 sys=0.00, real=0.04 secs] 
2016-02-18T15:33:48.230+0800: 249024.944: [GC [PSYoungGen: 1378016K->14256K(1380288K)] 2498524K->1134969K(4176512K), 0.0325010 secs] [Times: user=0.05 sys=0.00, real=0.04 secs] 
2016-02-18T15:34:39.028+0800: 249075.742: [GC [PSYoungGen: 1376944K->14912K(1380608K)] 2497657K->1135905K(4176832K), 0.0304810 secs] [Times: user=0.05 sys=0.01, real=0.03 secs] 
2016-02-18T15:35:29.620+0800: 249126.335: [GC [PSYoungGen: 1377920K->14960K(1380480K)] 2498913K->1136197K(4176704K), 0.0328240 secs] [Times: user=0.05 sys=0.00, real=0.03 secs] 
2016-02-18T15:36:24.652+0800: 249181.367: [GC [PSYoungGen: 1377968K->14208K(1380736K)] 2499205K->1135765K(4176960K), 0.0311850 secs] [Times: user=0.05 sys=0.00, real=0.03 secs] 
2016-02-18T15:37:23.792+0800: 249240.507: [GC [PSYoungGen: 1377600K->15408K(1380736K)] 2499157K->1137201K(4176960K), 0.0337060 secs] [Times: user=0.05 sys=0.00, real=0.03 secs] 
2016-02-18T15:38:19.987+0800: 249296.701: [GC [PSYoungGen: 1378800K->15184K(1381056K)] 2500593K->1137137K(4177280K), 0.0347830 secs] [Times: user=0.05 sys=0.00, real=0.03 secs] 
2016-02-18T15:39:12.552+0800: 249349.266: [GC [PSYoungGen: 1379024K->14187K(1380864K)] 2500977K->1136340K(4177088K), 0.0318240 secs] [Times: user=0.04 sys=0.00, real=0.03 secs] 
2016-02-18T15:40:14.573+0800: 249411.287: [GC [PSYoungGen: 1378027K->17008K(1378368K)] 2500180K->1141428K(4174592K), 0.0402640 secs] [Times: user=0.06 sys=0.01, real=0.04 secs] 
2016-02-18T15:41:09.582+0800: 249466.297: [GC [PSYoungGen: 1378352K->15520K(1379712K)] 2502772K->1140357K(4175936K), 0.0357960 secs] [Times: user=0.05 sys=0.00, real=0.04 secs] 
2016-02-18T15:42:12.328+0800: 249529.042: [GC [PSYoungGen: 1376864K->16880K(1379520K)] 2501701K->1141837K(4175744K), 0.0327310 secs] [Times: user=0.06 sys=0.00, real=0.04 secs] 
2016-02-18T15:43:15.299+0800: 249592.013: [GC [PSYoungGen: 1378352K->17264K(1378752K)] 2503309K->1142393K(4174976K), 0.0373000 secs] [Times: user=0.06 sys=0.00, real=0.04 secs] 
2016-02-18T15:44:10.902+0800: 249647.617: [GC [PSYoungGen: 1378736K->17024K(1379136K)] 2503865K->1142401K(4175360K), 0.0357440 secs] [Times: user=0.06 sys=0.00, real=0.03 secs] 
2016-02-18T15:45:03.808+0800: 249700.523: [GC [PSYoungGen: 1377472K->18784K(1379264K)] 2502849K->1144814K(4175488K), 0.0381120 secs] [Times: user=0.06 sys=0.00, real=0.03 secs] 
2016-02-18T15:46:04.575+0800: 249761.290: [GC [PSYoungGen: 1379232K->17168K(1377344K)] 2505262K->1143582K(4173568K), 0.0334530 secs] [Times: user=0.05 sys=0.00, real=0.04 secs] 
2016-02-18T15:47:03.560+0800: 249820.275: [GC [PSYoungGen: 1375696K->15488K(1378304K)] 2502110K->1142086K(4174528K), 0.0389460 secs] [Times: user=0.05 sys=0.00, real=0.03 secs] 
2016-02-18T15:47:59.037+0800: 249875.751: [GC [PSYoungGen: 1374016K->16544K(1378688K)] 2500614K->1143406K(4174912K), 0.0375190 secs] [Times: user=0.05 sys=0.00, real=0.03 secs] 
2016-02-18T15:48:53.775+0800: 249930.490: [GC [PSYoungGen: 1375584K->15536K(1378432K)] 2502446K->1142642K(4174656K), 0.0345710 secs] [Times: user=0.06 sys=0.00, real=0.04 secs] 
2016-02-18T15:49:47.521+0800: 249984.235: [GC [PSYoungGen: 1374576K->16288K(1379136K)] 2501682K->1143522K(4175360K), 0.0398600 secs] [Times: user=0.06 sys=0.00, real=0.04 secs] 
2016-02-18T15:50:43.095+0800: 250039.810: [GC [PSYoungGen: 1376224K->15904K(1378880K)] 2503458K->1143314K(4175104K), 0.0325310 secs] [Times: user=0.05 sys=0.00, real=0.04 secs] 
2016-02-18T15:51:35.338+0800: 250092.053: [GC [PSYoungGen: 1375840K->15536K(1379456K)] 2503250K->1143192K(4175680K), 0.0320200 secs] [Times: user=0.05 sys=0.00, real=0.03 secs] 
2016-02-18T15:52:25.576+0800: 250142.291: [GC [PSYoungGen: 1376240K->16144K(1379328K)] 2503896K->1144136K(4175552K), 0.0345310 secs] [Times: user=0.06 sys=0.00, real=0.03 secs] 
2016-02-18T15:53:25.029+0800: 250201.743: [GC [PSYoungGen: 1376848K->16704K(1379712K)] 2504840K->1144860K(4175936K), 0.0349350 secs] [Times: user=0.06 sys=0.00, real=0.03 secs] 
2016-02-18T15:54:19.236+0800: 250255.950: [GC [PSYoungGen: 1378048K->17072K(1378432K)] 2506204K->1145401K(4174656K), 0.0389130 secs] [Times: user=0.06 sys=0.00, real=0.04 secs] 
2016-02-18T15:55:13.623+0800: 250310.337: [GC [PSYoungGen: 1378416K->15856K(1379776K)] 2506745K->1144306K(4176000K), 0.0313910 secs] [Times: user=0.05 sys=0.00, real=0.03 secs] 
2016-02-18T15:56:04.096+0800: 250360.810: [GC [PSYoungGen: 1377200K->14544K(1379648K)] 2505650K->1143506K(4175872K), 0.0334990 secs] [Times: user=0.05 sys=0.00, real=0.03 secs] 
2016-02-18T15:56:57.366+0800: 250414.080: [GC [PSYoungGen: 1375888K->16064K(1379904K)] 2504850K->1145290K(4176128K), 0.0359170 secs] [Times: user=0.06 sys=0.00, real=0.03 secs] 
2016-02-18T15:57:55.085+0800: 250471.799: [GC [PSYoungGen: 1377600K->16880K(1379712K)] 2506826K->1146243K(4175936K), 0.0354800 secs] [Times: user=0.06 sys=0.00, real=0.04 secs] 
2016-02-18T15:58:52.017+0800: 250528.731: [GC [PSYoungGen: 1378416K->16304K(1379968K)] 2507779K->1145943K(4176192K), 0.0364040 secs] [Times: user=0.05 sys=0.00, real=0.03 secs] 
2016-02-18T15:59:44.559+0800: 250581.273: [GC [PSYoungGen: 1378032K->15744K(1379840K)] 2507671K->1145799K(4176064K), 0.0326230 secs] [Times: user=0.05 sys=0.00, real=0.03 secs] 
2016-02-18T16:00:28.384+0800: 250625.098: [GC [PSYoungGen: 1377472K->14112K(1379712K)] 2507527K->1144311K(4175936K), 0.0311300 secs] [Times: user=0.05 sys=0.00, real=0.03 secs] 
2016-02-18T16:01:20.476+0800: 250677.190: [GC [PSYoungGen: 1375840K->17952K(1379712K)] 2506039K->1148496K(4175936K), 0.0420530 secs] [Times: user=0.06 sys=0.00, real=0.05 secs] 
2016-02-18T16:02:14.590+0800: 250731.304: [GC [PSYoungGen: 1379680K->16112K(1379584K)] 2510224K->1146953K(4175808K), 0.0370820 secs] [Times: user=0.06 sys=0.00, real=0.04 secs] 
2016-02-18T16:03:07.595+0800: 250784.310: [GC [PSYoungGen: 1377328K->17024K(1378304K)] 2508169K->1148069K(4174528K), 0.0370540 secs] [Times: user=0.06 sys=0.00, real=0.04 secs] 
2016-02-18T16:04:03.458+0800: 250840.173: [GC [PSYoungGen: 1378240K->16064K(1379776K)] 2509285K->1147487K(4176000K), 0.0387880 secs] [Times: user=0.06 sys=0.00, real=0.04 secs] 
2016-02-18T16:05:04.864+0800: 250901.578: [GC [PSYoungGen: 1377280K->16448K(1379520K)] 2508703K->1147972K(4175744K), 0.0338410 secs] [Times: user=0.06 sys=0.00, real=0.03 secs] 
2016-02-18T16:05:53.665+0800: 250950.379: [GC [PSYoungGen: 1377664K->15456K(1379904K)] 2509188K->1147252K(4176128K), 0.0429930 secs] [Times: user=0.07 sys=0.00, real=0.04 secs] 
2016-02-18T16:06:49.276+0800: 251005.990: [GC [PSYoungGen: 1377120K->18144K(1379840K)] 2508916K->1150885K(4176064K), 0.0374590 secs] [Times: user=0.06 sys=0.00, real=0.04 secs] 
2016-02-18T16:07:46.562+0800: 251063.276: [GC [PSYoungGen: 1379808K->17792K(1377792K)] 2512549K->1151058K(4174016K), 0.0360000 secs] [Times: user=0.06 sys=0.00, real=0.04 secs] 
2016-02-18T16:08:39.536+0800: 251116.250: [GC [PSYoungGen: 1377344K->15280K(1378816K)] 2510610K->1148670K(4175040K), 0.0383150 secs] [Times: user=0.06 sys=0.00, real=0.04 secs] 
2016-02-18T16:09:38.939+0800: 251175.654: [GC [PSYoungGen: 1374832K->15760K(1379008K)] 2508222K->1149406K(4175232K), 0.0349100 secs] [Times: user=0.06 sys=0.00, real=0.03 secs] 
2016-02-18T16:10:29.430+0800: 251226.145: [GC [PSYoungGen: 1375504K->16384K(1378816K)] 2509150K->1150239K(4175040K), 0.0321300 secs] [Times: user=0.05 sys=0.01, real=0.03 secs] 
2016-02-18T16:11:24.067+0800: 251280.781: [GC [PSYoungGen: 1376128K->16304K(1379520K)] 2509983K->1150527K(4175744K), 0.0368500 secs] [Times: user=0.06 sys=0.00, real=0.04 secs] 
2016-02-18T16:12:20.252+0800: 251336.966: [GC [PSYoungGen: 1377008K->17888K(1378624K)] 2511231K->1152319K(4174848K), 0.0376330 secs] [Times: user=0.04 sys=0.01, real=0.04 secs] 
2016-02-18T16:13:21.772+0800: 251398.487: [GC [PSYoungGen: 1378592K->16208K(1379328K)] 2513023K->1150960K(4175552K), 0.0361040 secs] [Times: user=0.06 sys=0.00, real=0.03 secs] 
2016-02-18T16:14:10.692+0800: 251447.407: [GC [PSYoungGen: 1376592K->16864K(1379136K)] 2511344K->1151844K(4175360K), 0.0339920 secs] [Times: user=0.05 sys=0.00, real=0.03 secs] 
2016-02-18T16:15:04.904+0800: 251501.619: [GC [PSYoungGen: 1377248K->15936K(1379520K)] 2512228K->1151214K(4175744K), 0.0331680 secs] [Times: user=0.05 sys=0.01, real=0.04 secs] 
2016-02-18T16:15:52.125+0800: 251548.839: [GC [PSYoungGen: 1376768K->17154K(1379392K)] 2512046K->1152700K(4175616K), 0.0353140 secs] [Times: user=0.06 sys=0.00, real=0.03 secs] 
2016-02-18T16:16:40.875+0800: 251597.590: [GC [PSYoungGen: 1377986K->15616K(1379520K)] 2513532K->1151318K(4175744K), 0.0332550 secs] [Times: user=0.05 sys=0.00, real=0.03 secs] 
2016-02-18T16:17:32.549+0800: 251649.263: [GC [PSYoungGen: 1376512K->16144K(1379456K)] 2512214K->1152139K(4175680K), 0.0351720 secs] [Times: user=0.04 sys=0.00, real=0.03 secs] 
2016-02-18T16:18:22.198+0800: 251698.912: [GC [PSYoungGen: 1377040K->17600K(1379200K)] 2513035K->1154055K(4175424K), 0.0362800 secs] [Times: user=0.06 sys=0.00, real=0.04 secs] 
2016-02-18T16:19:08.926+0800: 251745.640: [GC [PSYoungGen: 1378432K->15840K(1379456K)] 2514887K->1152519K(4175680K), 0.0359460 secs] [Times: user=0.05 sys=0.00, real=0.04 secs] 
2016-02-18T16:19:58.187+0800: 251794.902: [GC [PSYoungGen: 1376672K->16592K(1379712K)] 2513351K->1153491K(4175936K), 0.0339890 secs] [Times: user=0.06 sys=0.00, real=0.04 secs] 
2016-02-18T16:20:49.278+0800: 251845.993: [GC [PSYoungGen: 1377744K->15920K(1379520K)] 2514643K->1152964K(4175744K), 0.0339200 secs] [Times: user=0.06 sys=0.00, real=0.03 secs] 
2016-02-18T16:21:40.131+0800: 251896.845: [GC [PSYoungGen: 1377072K->16208K(1379904K)] 2514116K->1153572K(4176128K), 0.0319870 secs] [Times: user=0.06 sys=0.00, real=0.04 secs] 
2016-02-18T16:22:31.660+0800: 251948.375: [GC [PSYoungGen: 1377808K->17424K(1379072K)] 2515172K->1154965K(4175296K), 0.0363800 secs] [Times: user=0.06 sys=0.00, real=0.03 secs] 
2016-02-18T16:23:17.463+0800: 251994.177: [GC [PSYoungGen: 1379024K->17072K(1379712K)] 2516565K->1154894K(4175936K), 0.0328910 secs] [Times: user=0.06 sys=0.00, real=0.03 secs] 
2016-02-18T16:24:04.063+0800: 252040.778: [GC [PSYoungGen: 1378416K->16256K(1379712K)] 2516238K->1154442K(4175936K), 0.0377380 secs] [Times: user=0.06 sys=0.00, real=0.04 secs] 
2016-02-18T16:24:52.690+0800: 252089.405: [GC [PSYoungGen: 1377600K->18224K(1378560K)] 2515786K->1156899K(4174784K), 0.0377690 secs] [Times: user=0.06 sys=0.00, real=0.04 secs] 
2016-02-18T16:25:35.719+0800: 252132.433: [GC [PSYoungGen: 1378544K->15520K(1379200K)] 2517219K->1154624K(4175424K), 0.0366290 secs] [Times: user=0.06 sys=0.00, real=0.04 secs] 
2016-02-18T16:26:22.168+0800: 252178.883: [GC [PSYoungGen: 1375840K->14672K(1378944K)] 2514944K->1153936K(4175168K), 0.0308640 secs] [Times: user=0.05 sys=0.00, real=0.03 secs] 
2016-02-18T16:27:13.400+0800: 252230.114: [GC [PSYoungGen: 1374736K->15264K(1379072K)] 2514000K->1154644K(4175296K), 0.0356600 secs] [Times: user=0.05 sys=0.00, real=0.03 secs] 
2016-02-18T16:27:58.849+0800: 252275.563: [GC [PSYoungGen: 1375328K->15504K(1379264K)] 2514708K->1155112K(4175488K), 0.0306130 secs] [Times: user=0.05 sys=0.00, real=0.03 secs] 
2016-02-18T16:28:50.776+0800: 252327.490: [GC [PSYoungGen: 1375824K->16848K(1379136K)] 2515432K->1156569K(4175360K), 0.0351360 secs] [Times: user=0.05 sys=0.00, real=0.03 secs] 
2016-02-18T16:29:46.924+0800: 252383.639: [GC [PSYoungGen: 1377168K->18784K(1377600K)] 2516889K->1158925K(4173824K), 0.0382140 secs] [Times: user=0.06 sys=0.00, real=0.04 secs] 
2016-02-18T16:30:35.149+0800: 252431.864: [GC [PSYoungGen: 1377568K->13776K(1372608K)] 2517709K->1154517K(4168832K), 0.0300240 secs] [Times: user=0.05 sys=0.00, real=0.03 secs] 
2016-02-18T16:31:29.357+0800: 252486.071: [GC [PSYoungGen: 1372560K->15328K(1378432K)] 2513301K->1156334K(4174656K), 0.0321800 secs] [Times: user=0.05 sys=0.01, real=0.03 secs] 
2016-02-18T16:32:25.353+0800: 252542.067: [GC [PSYoungGen: 1373984K->16623K(1378304K)] 2514990K->1157829K(4174528K), 0.0367500 secs] [Times: user=0.05 sys=0.00, real=0.03 secs] 
2016-02-18T16:33:21.170+0800: 252597.884: [GC [PSYoungGen: 1375279K->15376K(1378816K)] 2516485K->1156930K(4175040K), 0.0307230 secs] [Times: user=0.05 sys=0.00, real=0.03 secs] 
2016-02-18T16:34:13.357+0800: 252650.072: [GC [PSYoungGen: 1374736K->16256K(1378624K)] 2516290K->1158102K(4174848K), 0.0409660 secs] [Times: user=0.07 sys=0.00, real=0.04 secs] 
2016-02-18T16:35:05.591+0800: 252702.305: [GC [PSYoungGen: 1375616K->15520K(1379264K)] 2517462K->1157609K(4175488K), 0.0313760 secs] [Times: user=0.05 sys=0.00, real=0.04 secs] 
2016-02-18T16:35:56.644+0800: 252753.358: [GC [PSYoungGen: 1375776K->14558K(1379072K)] 2517865K->1156772K(4175296K), 0.0305880 secs] [Times: user=0.06 sys=0.00, real=0.03 secs] 
2016-02-18T16:36:48.979+0800: 252805.694: [GC [PSYoungGen: 1374814K->17264K(1378880K)] 2517028K->1159586K(4175104K), 0.0336520 secs] [Times: user=0.06 sys=0.00, real=0.03 secs] 
2016-02-18T16:37:41.335+0800: 252858.049: [GC [PSYoungGen: 1377328K->15904K(1379072K)] 2519650K->1158558K(4175296K), 0.0389950 secs] [Times: user=0.06 sys=0.00, real=0.04 secs] 
2016-02-18T16:38:35.430+0800: 252912.144: [GC [PSYoungGen: 1375968K->15584K(1379520K)] 2518622K->1158506K(4175744K), 0.0319070 secs] [Times: user=0.05 sys=0.00, real=0.03 secs] 
2016-02-18T16:39:34.787+0800: 252971.501: [GC [PSYoungGen: 1376352K->17536K(1378368K)] 2519274K->1160977K(4174592K), 0.0408700 secs] [Times: user=0.06 sys=0.00, real=0.04 secs] 
2016-02-18T16:40:26.493+0800: 253023.207: [GC [PSYoungGen: 1378304K->14800K(1379200K)] 2521745K->1158549K(4175424K), 0.0314820 secs] [Times: user=0.05 sys=0.00, real=0.03 secs] 
2016-02-18T16:41:13.926+0800: 253070.640: [GC [PSYoungGen: 1375120K->16944K(1379200K)] 2518869K->1160869K(4175424K), 0.0329010 secs] [Times: user=0.06 sys=0.00, real=0.03 secs] 
2016-02-18T16:41:59.515+0800: 253116.229: [GC [PSYoungGen: 1377264K->15152K(1379264K)] 2521189K->1159226K(4175488K), 0.0393630 secs] [Times: user=0.08 sys=0.00, real=0.04 secs] 
2016-02-18T16:42:52.735+0800: 253169.449: [GC [PSYoungGen: 1375536K->14656K(1379200K)] 2519610K->1158914K(4175424K), 0.0308290 secs] [Times: user=0.05 sys=0.00, real=0.03 secs] 
2016-02-18T16:43:43.871+0800: 253220.586: [GC [PSYoungGen: 1375040K->16480K(1379392K)] 2519298K->1160907K(4175616K), 0.0323330 secs] [Times: user=0.05 sys=0.00, real=0.03 secs] 
2016-02-18T16:44:37.231+0800: 253273.946: [GC [PSYoungGen: 1377120K->16545K(1379328K)] 2521547K->1161284K(4175552K), 0.0371980 secs] [Times: user=0.06 sys=0.00, real=0.04 secs] 
2016-02-18T16:45:24.274+0800: 253320.989: [GC [PSYoungGen: 1377185K->13856K(1379200K)] 2521924K->1158933K(4175424K), 0.0304940 secs] [Times: user=0.04 sys=0.01, real=0.03 secs] 
2016-02-18T16:46:20.528+0800: 253377.242: [GC [PSYoungGen: 1374432K->15872K(1379328K)] 2519509K->1161200K(4175552K), 0.0335840 secs] [Times: user=0.05 sys=0.01, real=0.03 secs] 
2016-02-18T16:47:12.753+0800: 253429.467: [GC [PSYoungGen: 1376448K->15056K(1379712K)] 2521776K->1160548K(4175936K), 0.0428190 secs] [Times: user=0.07 sys=0.00, real=0.05 secs] 
2016-02-18T16:48:03.298+0800: 253480.013: [GC [PSYoungGen: 1376272K->16922K(1378176K)] 2521764K->1162731K(4174400K), 0.0368150 secs] [Times: user=0.06 sys=0.00, real=0.04 secs] 
2016-02-18T16:49:02.703+0800: 253539.418: [GC [PSYoungGen: 1378138K->16416K(1379584K)] 2523947K->1162574K(4175808K), 0.0334560 secs] [Times: user=0.06 sys=0.00, real=0.03 secs] 
2016-02-18T16:49:52.744+0800: 253589.459: [GC [PSYoungGen: 1377440K->14496K(1379520K)] 2523598K->1160971K(4175744K), 0.0398430 secs] [Times: user=0.06 sys=0.00, real=0.04 secs] 
2016-02-18T16:50:41.688+0800: 253638.402: [GC [PSYoungGen: 1375520K->14768K(1379712K)] 2521995K->1161463K(4175936K), 0.0367940 secs] [Times: user=0.05 sys=0.00, real=0.04 secs] 
2016-02-18T16:51:38.755+0800: 253695.469: [GC [PSYoungGen: 1376048K->15808K(1379648K)] 2522743K->1162644K(4175872K), 0.0330310 secs] [Times: user=0.06 sys=0.00, real=0.04 secs] 
2016-02-18T16:52:33.079+0800: 253749.794: [GC [PSYoungGen: 1377088K->16176K(1379968K)] 2523924K->1163289K(4176192K), 0.0361010 secs] [Times: user=0.06 sys=0.00, real=0.03 secs] 
2016-02-18T16:53:23.646+0800: 253800.360: [GC [PSYoungGen: 1377968K->15408K(1379904K)] 2525081K->1162874K(4176128K), 0.0345160 secs] [Times: user=0.05 sys=0.00, real=0.03 secs] 
2016-02-18T16:54:16.739+0800: 253853.454: [GC [PSYoungGen: 1377200K->14736K(1380224K)] 2524666K->1162695K(4176448K), 0.0338450 secs] [Times: user=0.05 sys=0.00, real=0.04 secs] 
2016-02-18T16:55:12.289+0800: 253909.003: [GC [PSYoungGen: 1377040K->14672K(1380160K)] 2524999K->1162791K(4176384K), 0.0332660 secs] [Times: user=0.05 sys=0.01, real=0.03 secs] 
2016-02-18T16:56:02.534+0800: 253959.248: [GC [PSYoungGen: 1376976K->17008K(1379648K)] 2525095K->1165375K(4175872K), 0.0320560 secs] [Times: user=0.05 sys=0.00, real=0.03 secs] 
2016-02-18T16:56:53.300+0800: 254010.014: [GC [PSYoungGen: 1378864K->14352K(1379968K)] 2527231K->1162892K(4176192K), 0.0304490 secs] [Times: user=0.04 sys=0.00, real=0.04 secs] 
2016-02-18T16:57:45.431+0800: 254062.145: [GC [PSYoungGen: 1376208K->15104K(1380160K)] 2524748K->1163822K(4176384K), 0.0332620 secs] [Times: user=0.05 sys=0.00, real=0.03 secs] 
2016-02-18T16:58:31.210+0800: 254107.925: [GC [PSYoungGen: 1377152K->13520K(1379968K)] 2525870K->1162630K(4176192K), 0.0296850 secs] [Times: user=0.05 sys=0.00, real=0.03 secs] 
2016-02-18T16:59:19.588+0800: 254156.303: [GC [PSYoungGen: 1375568K->14818K(1380288K)] 2524678K->1164328K(4176512K), 0.0305120 secs] [Times: user=0.05 sys=0.00, real=0.03 secs] 
2016-02-18T17:00:18.029+0800: 254214.743: [GC [PSYoungGen: 1377122K->16336K(1380096K)] 2526632K->1166134K(4176320K), 0.0353250 secs] [Times: user=0.06 sys=0.00, real=0.03 secs] 
2016-02-18T17:01:06.638+0800: 254263.353: [GC [PSYoungGen: 1378640K->14596K(1380224K)] 2528438K->1164559K(4176448K), 0.0393190 secs] [Times: user=0.07 sys=0.00, real=0.04 secs] 
2016-02-18T17:02:02.396+0800: 254319.110: [GC [PSYoungGen: 1376836K->15600K(1380096K)] 2526799K->1166188K(4176320K), 0.0348470 secs] [Times: user=0.05 sys=0.00, real=0.03 secs] 
2016-02-18T17:02:54.138+0800: 254370.852: [GC [PSYoungGen: 1377840K->15504K(1380544K)] 2528428K->1166276K(4176768K), 0.0378520 secs] [Times: user=0.06 sys=0.00, real=0.03 secs] 
2016-02-18T17:03:43.351+0800: 254420.066: [GC [PSYoungGen: 1378320K->13152K(1380352K)] 2529092K->1164441K(4176576K), 0.0285380 secs] [Times: user=0.05 sys=0.00, real=0.03 secs] 
2016-02-18T17:04:35.724+0800: 254472.438: [GC [PSYoungGen: 1375968K->15968K(1380352K)] 2527257K->1167377K(4176576K), 0.0352100 secs] [Times: user=0.05 sys=0.00, real=0.03 secs] 
2016-02-18T17:05:26.784+0800: 254523.499: [GC [PSYoungGen: 1378592K->14087K(1380352K)] 2530001K->1165645K(4176576K), 0.0307260 secs] [Times: user=0.06 sys=0.00, real=0.03 secs] 
2016-02-18T17:06:28.653+0800: 254585.368: [GC [PSYoungGen: 1376711K->16320K(1379904K)] 2528269K->1168130K(4176128K), 0.0334500 secs] [Times: user=0.06 sys=0.00, real=0.03 secs] 
2016-02-18T17:07:22.842+0800: 254639.556: [GC [PSYoungGen: 1378560K->15648K(1380160K)] 2530370K->1167631K(4176384K), 0.0333240 secs] [Times: user=0.05 sys=0.00, real=0.03 secs] 
2016-02-18T17:08:20.897+0800: 254697.611: [GC [PSYoungGen: 1377888K->17760K(1378624K)] 2529871K->1170239K(4174848K), 0.0382890 secs] [Times: user=0.06 sys=0.00, real=0.03 secs] 
2016-02-18T17:09:15.920+0800: 254752.634: [GC [PSYoungGen: 1378592K->15904K(1379456K)] 2531071K->1168612K(4175680K), 0.0345380 secs] [Times: user=0.05 sys=0.01, real=0.04 secs] 
2016-02-18T17:10:07.109+0800: 254803.824: [GC [PSYoungGen: 1376736K->14688K(1379712K)] 2529444K->1167792K(4175936K), 0.0320480 secs] [Times: user=0.06 sys=0.00, real=0.03 secs] 
2016-02-18T17:10:58.652+0800: 254855.366: [GC [PSYoungGen: 1375904K->15872K(1379584K)] 2529008K->1169204K(4175808K), 0.0373920 secs] [Times: user=0.04 sys=0.01, real=0.04 secs] 
2016-02-18T17:11:55.099+0800: 254911.814: [GC [PSYoungGen: 1377088K->15264K(1380096K)] 2530420K->1168688K(4176320K), 0.0321010 secs] [Times: user=0.06 sys=0.00, real=0.03 secs] 
2016-02-18T17:12:49.697+0800: 254966.411: [GC [PSYoungGen: 1377184K->15168K(1379904K)] 2530608K->1168773K(4176128K), 0.0318860 secs] [Times: user=0.05 sys=0.00, real=0.04 secs] 
2016-02-18T17:13:45.641+0800: 255022.356: [GC [PSYoungGen: 1377088K->16352K(1380032K)] 2530693K->1170201K(4176256K), 0.0341840 secs] [Times: user=0.05 sys=0.00, real=0.03 secs] 
2016-02-18T17:14:31.517+0800: 255068.232: [GC [PSYoungGen: 1378592K->15376K(1380160K)] 2532441K->1169333K(4176384K), 0.0352810 secs] [Times: user=0.05 sys=0.00, real=0.04 secs] 
2016-02-18T17:15:25.351+0800: 255122.065: [GC [PSYoungGen: 1377616K->14720K(1380480K)] 2531573K->1168809K(4176704K), 0.0307320 secs] [Times: user=0.05 sys=0.00, real=0.03 secs] 
2016-02-18T17:16:14.860+0800: 255171.574: [GC [PSYoungGen: 1377536K->15152K(1380416K)] 2531625K->1169593K(4176640K), 0.0314600 secs] [Times: user=0.05 sys=0.01, real=0.03 secs] 
2016-02-18T17:17:06.260+0800: 255222.974: [GC [PSYoungGen: 1377968K->13184K(1380224K)] 2532409K->1168033K(4176448K), 0.0299030 secs] [Times: user=0.05 sys=0.00, real=0.03 secs] 
2016-02-18T17:17:58.688+0800: 255275.403: [GC [PSYoungGen: 1375936K->15561K(1380416K)] 2530785K->1170495K(4176640K), 0.0336410 secs] [Times: user=0.05 sys=0.00, real=0.04 secs] 
2016-02-18T17:18:50.731+0800: 255327.446: [GC [PSYoungGen: 1378313K->12608K(1380160K)] 2533247K->1167702K(4176384K), 0.0281410 secs] [Times: user=0.05 sys=0.00, real=0.03 secs] 
2016-02-18T17:19:47.466+0800: 255384.181: [GC [PSYoungGen: 1375232K->15888K(1378560K)] 2530326K->1171390K(4174784K), 0.0348760 secs] [Times: user=0.06 sys=0.00, real=0.03 secs] 
2016-02-18T17:20:38.037+0800: 255434.751: [GC [PSYoungGen: 1378512K->15392K(1380416K)] 2534014K->1171110K(4176640K), 0.0333090 secs] [Times: user=0.05 sys=0.00, real=0.03 secs] 
2016-02-18T17:21:32.002+0800: 255488.717: [GC [PSYoungGen: 1378016K->15760K(1380288K)] 2533734K->1171911K(4176512K), 0.0308740 secs] [Times: user=0.06 sys=0.00, real=0.03 secs] 
2016-02-18T17:22:26.566+0800: 255543.281: [GC [PSYoungGen: 1378384K->15696K(1380480K)] 2534535K->1172132K(4176704K), 0.0313670 secs] [Times: user=0.05 sys=0.01, real=0.03 secs] 
2016-02-18T17:23:20.192+0800: 255596.907: [GC [PSYoungGen: 1378512K->15552K(1380416K)] 2534948K->1172113K(4176640K), 0.0313250 secs] [Times: user=0.05 sys=0.00, real=0.03 secs] 
2016-02-18T17:24:19.543+0800: 255656.257: [GC [PSYoungGen: 1378368K->14720K(1380736K)] 2534929K->1171837K(4176960K), 0.0311530 secs] [Times: user=0.05 sys=0.00, real=0.03 secs] 
2016-02-18T17:25:15.579+0800: 255712.293: [GC [PSYoungGen: 1377984K->14864K(1380608K)] 2535101K->1172265K(4176832K), 0.0312730 secs] [Times: user=0.05 sys=0.00, real=0.03 secs] 
2016-02-18T17:26:10.962+0800: 255767.676: [GC [PSYoungGen: 1378128K->14624K(1380992K)] 2535529K->1172270K(4177216K), 0.0332570 secs] [Times: user=0.06 sys=0.00, real=0.03 secs] 
2016-02-18T17:27:04.281+0800: 255820.996: [GC [PSYoungGen: 1378400K->13904K(1380864K)] 2536046K->1171642K(4177088K), 0.0296910 secs] [Times: user=0.05 sys=0.00, real=0.03 secs] 
2016-02-18T17:28:04.201+0800: 255880.915: [GC [PSYoungGen: 1377680K->13952K(1380992K)] 2535418K->1172043K(4177216K), 0.0335870 secs] [Times: user=0.06 sys=0.00, real=0.04 secs] 
2016-02-18T17:28:57.251+0800: 255933.966: [GC [PSYoungGen: 1377856K->14800K(1380992K)] 2535947K->1173356K(4177216K), 0.0311980 secs] [Times: user=0.05 sys=0.00, real=0.03 secs] 
2016-02-18T17:29:51.462+0800: 255988.177: [GC [PSYoungGen: 1378704K->13936K(1381248K)] 2537260K->1172737K(4177472K), 0.0305270 secs] [Times: user=0.05 sys=0.00, real=0.03 secs] 
2016-02-18T17:30:47.647+0800: 256044.361: [GC [PSYoungGen: 1378288K->16156K(1380544K)] 2537089K->1175394K(4176768K), 0.0317500 secs] [Times: user=0.05 sys=0.00, real=0.03 secs] 
2016-02-18T17:31:36.476+0800: 256093.190: [GC [PSYoungGen: 1380508K->14736K(1381120K)] 2539746K->1174089K(4177344K), 0.0335430 secs] [Times: user=0.05 sys=0.00, real=0.04 secs] 
2016-02-18T17:32:29.256+0800: 256145.970: [GC [PSYoungGen: 1378704K->16956K(1380928K)] 2538057K->1176650K(4177152K), 0.0406170 secs] [Times: user=0.05 sys=0.00, real=0.04 secs] 
2016-02-18T17:33:27.794+0800: 256204.508: [GC [PSYoungGen: 1380924K->13904K(1380032K)] 2540618K->1173846K(4176256K), 0.0309860 secs] [Times: user=0.05 sys=0.00, real=0.03 secs] 
2016-02-18T17:34:31.865+0800: 256268.580: [GC [PSYoungGen: 1376784K->15072K(1380480K)] 2536726K->1175199K(4176704K), 0.0344770 secs] [Times: user=0.05 sys=0.00, real=0.04 secs] 
2016-02-18T17:35:25.743+0800: 256322.458: [GC [PSYoungGen: 1377952K->13408K(1380608K)] 2538079K->1173816K(4176832K), 0.0278850 secs] [Times: user=0.05 sys=0.00, real=0.03 secs] 
2016-02-18T17:36:20.683+0800: 256377.398: [GC [PSYoungGen: 1376672K->15039K(1380672K)] 2537080K->1175687K(4176896K), 0.0316970 secs] [Times: user=0.06 sys=0.00, real=0.03 secs] 
2016-02-18T17:37:23.084+0800: 256439.799: [GC [PSYoungGen: 1378303K->16720K(1379968K)] 2538951K->1177541K(4176192K), 0.0351460 secs] [Times: user=0.06 sys=0.00, real=0.04 secs] 
2016-02-18T17:38:24.092+0800: 256500.806: [GC [PSYoungGen: 1379472K->15504K(1380416K)] 2540293K->1176710K(4176640K), 0.0331410 secs] [Times: user=0.06 sys=0.00, real=0.04 secs] 
2016-02-18T17:39:16.468+0800: 256553.183: [GC [PSYoungGen: 1378256K->13504K(1380480K)] 2539462K->1174838K(4176704K), 0.0319940 secs] [Times: user=0.05 sys=0.00, real=0.04 secs] 
2016-02-18T17:40:14.399+0800: 256611.113: [GC [PSYoungGen: 1376384K->15808K(1378752K)] 2537718K->1177475K(4174976K), 0.0353990 secs] [Times: user=0.05 sys=0.01, real=0.03 secs] 
2016-02-18T17:41:16.085+0800: 256672.800: [GC [PSYoungGen: 1378688K->15392K(1380544K)] 2540355K->1177247K(4176768K), 0.0312840 secs] [Times: user=0.06 sys=0.00, real=0.03 secs] 
2016-02-18T17:42:15.496+0800: 256732.210: [GC [PSYoungGen: 1378272K->14560K(1380416K)] 2540127K->1176907K(4176640K), 0.0291180 secs] [Times: user=0.05 sys=0.00, real=0.03 secs] 
2016-02-18T17:43:17.679+0800: 256794.394: [GC [PSYoungGen: 1377440K->13632K(1380672K)] 2539787K->1176071K(4176896K), 0.0308400 secs] [Times: user=0.06 sys=0.00, real=0.03 secs] 
2016-02-18T17:44:13.693+0800: 256850.408: [GC [PSYoungGen: 1376896K->15632K(1380672K)] 2539335K->1178208K(4176896K), 0.0327360 secs] [Times: user=0.06 sys=0.00, real=0.03 secs] 
2016-02-18T17:45:11.546+0800: 256908.260: [GC [PSYoungGen: 1378896K->15232K(1380800K)] 2541472K->1178096K(4177024K), 0.0332960 secs] [Times: user=0.06 sys=0.00, real=0.03 secs] 
2016-02-18T17:46:02.801+0800: 256959.516: [GC [PSYoungGen: 1378624K->14960K(1380672K)] 2541488K->1178205K(4176896K), 0.0340870 secs] [Times: user=0.05 sys=0.01, real=0.03 secs] 
2016-02-18T17:47:01.512+0800: 257018.227: [GC [PSYoungGen: 1378352K->14688K(1381184K)] 2541597K->1178220K(4177408K), 0.0327180 secs] [Times: user=0.06 sys=0.00, real=0.03 secs] 
2016-02-18T17:48:06.970+0800: 257083.684: [GC [PSYoungGen: 1378848K->16448K(1380672K)] 2542380K->1180085K(4176896K), 0.0398890 secs] [Times: user=0.05 sys=0.00, real=0.04 secs] 
2016-02-18T17:49:03.334+0800: 257140.049: [GC [PSYoungGen: 1380608K->14720K(1380992K)] 2544245K->1178565K(4177216K), 0.0316010 secs] [Times: user=0.06 sys=0.00, real=0.03 secs] 
2016-02-18T17:50:06.160+0800: 257202.874: [GC [PSYoungGen: 1378432K->15632K(1380800K)] 2542277K->1179788K(4177024K), 0.0348530 secs] [Times: user=0.05 sys=0.00, real=0.03 secs] 
2016-02-18T17:51:06.866+0800: 257263.580: [GC [PSYoungGen: 1379344K->15136K(1381120K)] 2543500K->1179705K(4177344K), 0.0305600 secs] [Times: user=0.06 sys=0.00, real=0.03 secs] 
2016-02-18T17:52:06.779+0800: 257323.494: [GC [PSYoungGen: 1379104K->14992K(1380928K)] 2543673K->1179806K(4177152K), 0.0315930 secs] [Times: user=0.06 sys=0.00, real=0.03 secs] 
2016-02-18T17:53:11.163+0800: 257387.877: [GC [PSYoungGen: 1378960K->16272K(1380800K)] 2543774K->1181506K(4177024K), 0.0356350 secs] [Times: user=0.06 sys=0.00, real=0.03 secs] 
2016-02-18T17:54:10.851+0800: 257447.565: [GC [PSYoungGen: 1380304K->14880K(1381056K)] 2545538K->1180378K(4177280K), 0.0318860 secs] [Times: user=0.05 sys=0.00, real=0.03 secs] 
2016-02-18T17:55:07.034+0800: 257503.748: [GC [PSYoungGen: 1378912K->14112K(1381056K)] 2544410K->1179806K(4177280K), 0.0353760 secs] [Times: user=0.07 sys=0.00, real=0.03 secs] 
2016-02-18T17:56:02.108+0800: 257558.823: [GC [PSYoungGen: 1378272K->16957K(1381120K)] 2543966K->1184024K(4177344K), 0.0411930 secs] [Times: user=0.07 sys=0.00, real=0.04 secs] 
2016-02-18T17:57:05.583+0800: 257622.298: [GC [PSYoungGen: 1381117K->15648K(1379456K)] 2548184K->1182863K(4175680K), 0.0332830 secs] [Times: user=0.06 sys=0.00, real=0.04 secs] 
2016-02-18T17:58:14.726+0800: 257691.440: [GC [PSYoungGen: 1378144K->15872K(1380288K)] 2545359K->1183239K(4176512K), 0.0326390 secs] [Times: user=0.06 sys=0.00, real=0.03 secs] 
2016-02-18T17:59:12.956+0800: 257749.671: [GC [PSYoungGen: 1378368K->13680K(1380224K)] 2545735K->1181224K(4176448K), 0.0298720 secs] [Times: user=0.05 sys=0.00, real=0.03 secs] 
2016-02-18T18:00:15.951+0800: 257812.665: [GC [PSYoungGen: 1376176K->15120K(1380288K)] 2543720K->1183026K(4176512K), 0.0316900 secs] [Times: user=0.06 sys=0.00, real=0.04 secs] 
2016-02-18T18:01:14.064+0800: 257870.779: [GC [PSYoungGen: 1377616K->13008K(1380224K)] 2545522K->1181327K(4176448K), 0.0298850 secs] [Times: user=0.06 sys=0.00, real=0.03 secs] 
2016-02-18T18:02:15.518+0800: 257932.232: [GC [PSYoungGen: 1375632K->16032K(1378688K)] 2543951K->1184563K(4174912K), 0.0346070 secs] [Times: user=0.06 sys=0.00, real=0.03 secs] 
2016-02-18T18:03:16.669+0800: 257993.384: [GC [PSYoungGen: 1378656K->12528K(1379840K)] 2547187K->1181203K(4176064K), 0.0292750 secs] [Times: user=0.05 sys=0.00, real=0.03 secs] 
2016-02-18T18:04:26.814+0800: 258063.528: [GC [PSYoungGen: 1374512K->15792K(1380032K)] 2543187K->1184652K(4176256K), 0.0328380 secs] [Times: user=0.05 sys=0.00, real=0.04 secs] 
2016-02-18T18:05:26.682+0800: 258123.396: [GC [PSYoungGen: 1377776K->14400K(1380224K)] 2546636K->1183665K(4176448K), 0.0311650 secs] [Times: user=0.06 sys=0.00, real=0.04 secs] 
2016-02-18T18:06:32.763+0800: 258189.477: [GC [PSYoungGen: 1376576K->14464K(1380032K)] 2545841K->1184061K(4176256K), 0.0312510 secs] [Times: user=0.05 sys=0.00, real=0.03 secs] 
2016-02-18T18:07:32.260+0800: 258248.975: [GC [PSYoungGen: 1376640K->17596K(1377024K)] 2546237K->1189852K(4173248K), 0.0434050 secs] [Times: user=0.08 sys=0.00, real=0.05 secs] 
2016-02-18T18:08:43.173+0800: 258319.888: [GC [PSYoungGen: 1377020K->16112K(1378752K)] 2549276K->1188872K(4174976K), 0.0383510 secs] [Times: user=0.07 sys=0.00, real=0.04 secs] 
2016-02-18T18:09:44.235+0800: 258380.949: [GC [PSYoungGen: 1375536K->13760K(1378944K)] 2548296K->1186677K(4175168K), 0.0294870 secs] [Times: user=0.05 sys=0.00, real=0.03 secs] 
2016-02-18T18:10:40.279+0800: 258436.993: [GC [PSYoungGen: 1373504K->16384K(1378880K)] 2546421K->1189673K(4175104K), 0.0362290 secs] [Times: user=0.05 sys=0.00, real=0.04 secs] 
2016-02-18T18:11:43.829+0800: 258500.543: [GC [PSYoungGen: 1376128K->14800K(1379200K)] 2549417K->1188489K(4175424K), 0.0327460 secs] [Times: user=0.05 sys=0.00, real=0.03 secs] 
2016-02-18T18:12:46.832+0800: 258563.546: [GC [PSYoungGen: 1374864K->16192K(1378944K)] 2548553K->1190257K(4175168K), 0.0376070 secs] [Times: user=0.06 sys=0.00, real=0.04 secs] 
2016-02-18T18:13:48.479+0800: 258625.194: [GC [PSYoungGen: 1376256K->14768K(1379456K)] 2550321K->1188990K(4175680K), 0.0300710 secs] [Times: user=0.05 sys=0.00, real=0.03 secs] 
2016-02-18T18:14:54.441+0800: 258691.155: [GC [PSYoungGen: 1375344K->15648K(1379200K)] 2549566K->1190217K(4175424K), 0.0357550 secs] [Times: user=0.06 sys=0.00, real=0.04 secs] 
2016-02-18T18:15:55.994+0800: 258752.708: [GC [PSYoungGen: 1376224K->16574K(1379392K)] 2550793K->1191263K(4175616K), 0.0407630 secs] [Times: user=0.06 sys=0.00, real=0.04 secs] 
2016-02-18T18:17:06.858+0800: 258823.573: [GC [PSYoungGen: 1377534K->15024K(1379520K)] 2552223K->1189814K(4175744K), 0.0311750 secs] [Times: user=0.06 sys=0.00, real=0.04 secs] 
2016-02-18T18:18:22.026+0800: 258898.741: [GC [PSYoungGen: 1375984K->16657K(1379392K)] 2550774K->1191856K(4175616K), 0.0370780 secs] [Times: user=0.06 sys=0.00, real=0.03 secs] 
2016-02-18T18:19:23.855+0800: 258960.569: [GC [PSYoungGen: 1377745K->14944K(1379584K)] 2552944K->1190363K(4175808K), 0.0317790 secs] [Times: user=0.05 sys=0.00, real=0.03 secs] 
2016-02-18T18:20:24.481+0800: 259021.195: [GC [PSYoungGen: 1376032K->14032K(1379776K)] 2551451K->1189604K(4176000K), 0.0292610 secs] [Times: user=0.05 sys=0.00, real=0.03 secs] 
2016-02-18T18:21:28.652+0800: 259085.367: [GC [PSYoungGen: 1375504K->16368K(1377856K)] 2551076K->1192333K(4174080K), 0.0365520 secs] [Times: user=0.05 sys=0.00, real=0.03 secs] 
2016-02-18T18:22:29.439+0800: 259146.153: [GC [PSYoungGen: 1377840K->13200K(1379456K)] 2553805K->1189318K(4175680K), 0.0273970 secs] [Times: user=0.05 sys=0.00, real=0.03 secs] 
2016-02-18T18:23:28.764+0800: 259205.478: [GC [PSYoungGen: 1374288K->15424K(1379584K)] 2550406K->1191863K(4175808K), 0.0320310 secs] [Times: user=0.06 sys=0.00, real=0.03 secs] 
2016-02-18T18:24:35.229+0800: 259271.943: [GC [PSYoungGen: 1376512K->14592K(1380032K)] 2552951K->1191399K(4176256K), 0.0317880 secs] [Times: user=0.05 sys=0.00, real=0.04 secs] 
2016-02-18T18:25:39.828+0800: 259336.543: [GC [PSYoungGen: 1376384K->14432K(1379840K)] 2553191K->1191468K(4176064K), 0.0305400 secs] [Times: user=0.05 sys=0.00, real=0.03 secs] 
2016-02-18T18:26:44.802+0800: 259401.516: [GC [PSYoungGen: 1376224K->16336K(1379840K)] 2553260K->1193536K(4176064K), 0.0371390 secs] [Times: user=0.06 sys=0.00, real=0.04 secs] 
2016-02-18T18:27:46.840+0800: 259463.554: [GC [PSYoungGen: 1378320K->14752K(1380032K)] 2555520K->1192236K(4176256K), 0.0319430 secs] [Times: user=0.05 sys=0.01, real=0.04 secs] 
2016-02-18T18:28:44.549+0800: 259521.264: [GC [PSYoungGen: 1376736K->14944K(1380416K)] 2554220K->1192624K(4176640K), 0.0315450 secs] [Times: user=0.05 sys=0.00, real=0.03 secs] 
2016-02-18T18:29:46.377+0800: 259583.092: [GC [PSYoungGen: 1377504K->14832K(1380224K)] 2555184K->1192709K(4176448K), 0.0318270 secs] [Times: user=0.05 sys=0.00, real=0.03 secs] 
2016-02-18T18:30:45.195+0800: 259641.909: [GC [PSYoungGen: 1377392K->14688K(1380800K)] 2555269K->1192749K(4177024K), 0.0374860 secs] [Times: user=0.06 sys=0.00, real=0.04 secs] 
2016-02-18T18:31:46.523+0800: 259703.237: [GC [PSYoungGen: 1378016K->14928K(1380608K)] 2556077K->1193238K(4176832K), 0.0315430 secs] [Times: user=0.06 sys=0.00, real=0.04 secs] 
2016-02-18T18:32:38.653+0800: 259755.368: [GC [PSYoungGen: 1378256K->13328K(1380736K)] 2556566K->1191931K(4176960K), 0.0292020 secs] [Times: user=0.05 sys=0.00, real=0.03 secs] 
2016-02-18T18:33:38.032+0800: 259814.746: [GC [PSYoungGen: 1376976K->14512K(1380864K)] 2555579K->1193519K(4177088K), 0.0350600 secs] [Times: user=0.05 sys=0.00, real=0.03 secs] 
2016-02-18T18:34:39.865+0800: 259876.580: [GC [PSYoungGen: 1378160K->15824K(1380672K)] 2557167K->1194988K(4176896K), 0.0290170 secs] [Times: user=0.06 sys=0.00, real=0.03 secs] 
2016-02-18T18:35:45.537+0800: 259942.252: [GC [PSYoungGen: 1379472K->15328K(1380864K)] 2558636K->1194863K(4177088K), 0.0353050 secs] [Times: user=0.06 sys=0.00, real=0.04 secs] 
2016-02-18T18:36:49.140+0800: 260005.855: [GC [PSYoungGen: 1378976K->14624K(1381120K)] 2558511K->1194355K(4177344K), 0.0299680 secs] [Times: user=0.05 sys=0.00, real=0.03 secs] 
2016-02-18T18:37:39.656+0800: 260056.370: [GC [PSYoungGen: 1378656K->14256K(1380992K)] 2558387K->1194148K(4177216K), 0.0389140 secs] [Times: user=0.06 sys=0.00, real=0.04 secs] 
2016-02-18T18:38:50.601+0800: 260127.315: [GC [PSYoungGen: 1378288K->15632K(1381056K)] 2558180K->1195720K(4177280K), 0.0319190 secs] [Times: user=0.05 sys=0.00, real=0.03 secs] 
2016-02-18T18:39:55.128+0800: 260191.842: [GC [PSYoungGen: 1379792K->13936K(1381120K)] 2559880K->1194313K(4177344K), 0.0295420 secs] [Times: user=0.05 sys=0.01, real=0.03 secs] 
2016-02-18T18:40:56.661+0800: 260253.375: [GC [PSYoungGen: 1378096K->15936K(1380736K)] 2558473K->1196502K(4176960K), 0.0352830 secs] [Times: user=0.05 sys=0.00, real=0.03 secs] 
2016-02-18T18:42:02.035+0800: 260318.749: [GC [PSYoungGen: 1379712K->15936K(1379776K)] 2560278K->1196898K(4176000K), 0.0361090 secs] [Times: user=0.05 sys=0.01, real=0.04 secs] 
2016-02-18T18:42:49.843+0800: 260366.558: [GC [PSYoungGen: 1379712K->12928K(1380544K)] 2560674K->1194198K(4176768K), 0.0270340 secs] [Times: user=0.05 sys=0.00, real=0.03 secs] 
2016-02-18T18:43:25.018+0800: 260401.733: [GC [PSYoungGen: 1376169K->11200K(1374464K)] 2557440K->1192614K(4170688K), 0.0295370 secs] [Times: user=0.05 sys=0.00, real=0.04 secs] 
2016-02-18T18:44:03.274+0800: 260439.988: [GC [PSYoungGen: 1374464K->11424K(1379904K)] 2555878K->1193003K(4176128K), 0.0286280 secs] [Times: user=0.06 sys=0.00, real=0.03 secs] 
2016-02-18T18:45:00.030+0800: 260496.744: [GC [PSYoungGen: 1373536K->14256K(1380096K)] 2555115K->1196411K(4176320K), 0.0320630 secs] [Times: user=0.06 sys=0.00, real=0.03 secs] 
2016-02-18T18:46:09.290+0800: 260566.005: [GC [PSYoungGen: 1376368K->13840K(1380736K)] 2558523K->1196144K(4176960K), 0.0317170 secs] [Times: user=0.05 sys=0.00, real=0.03 secs] 
2016-02-18T18:47:18.456+0800: 260635.170: [GC [PSYoungGen: 1376912K->16064K(1379200K)] 2559216K->1198621K(4175424K), 0.0327160 secs] [Times: user=0.05 sys=0.00, real=0.03 secs] 
2016-02-18T18:48:12.191+0800: 260688.905: [GC [PSYoungGen: 1379136K->12816K(1380416K)] 2561693K->1195757K(4176640K), 0.0301880 secs] [Times: user=0.06 sys=0.00, real=0.04 secs] 
2016-02-18T18:49:17.295+0800: 260754.009: [GC [PSYoungGen: 1375504K->16704K(1379456K)] 2558445K->1199849K(4175680K), 0.0346440 secs] [Times: user=0.06 sys=0.00, real=0.04 secs] 
2016-02-18T18:50:14.328+0800: 260811.042: [GC [PSYoungGen: 1379392K->14320K(1380160K)] 2562537K->1197635K(4176384K), 0.0331720 secs] [Times: user=0.07 sys=0.00, real=0.03 secs] 
2016-02-18T18:51:12.697+0800: 260869.412: [GC [PSYoungGen: 1376240K->15872K(1379840K)] 2559555K->1199448K(4176064K), 0.0327650 secs] [Times: user=0.05 sys=0.00, real=0.03 secs] 
2016-02-18T18:52:20.774+0800: 260937.488: [GC [PSYoungGen: 1377792K->14512K(1380352K)] 2561368K->1198461K(4176576K), 0.0376480 secs] [Times: user=0.06 sys=0.00, real=0.04 secs] 
2016-02-18T18:53:28.742+0800: 261005.457: [GC [PSYoungGen: 1376752K->17552K(1379840K)] 2560701K->1201653K(4176064K), 0.0353900 secs] [Times: user=0.06 sys=0.00, real=0.04 secs] 
2016-02-18T18:54:26.223+0800: 261062.937: [GC [PSYoungGen: 1379792K->15280K(1379712K)] 2563893K->1199541K(4175936K), 0.0317000 secs] [Times: user=0.06 sys=0.00, real=0.03 secs] 
2016-02-18T18:55:23.767+0800: 261120.482: [GC [PSYoungGen: 1376752K->14112K(1379776K)] 2561013K->1198590K(4176000K), 0.0288770 secs] [Times: user=0.04 sys=0.00, real=0.03 secs] 
2016-02-18T18:56:24.341+0800: 261181.056: [GC [PSYoungGen: 1375584K->15744K(1379968K)] 2560062K->1200377K(4176192K), 0.0393060 secs] [Times: user=0.08 sys=0.00, real=0.04 secs] 
2016-02-18T18:57:25.756+0800: 261242.470: [GC [PSYoungGen: 1377600K->16288K(1378176K)] 2562233K->1201162K(4174400K), 0.0340370 secs] [Times: user=0.05 sys=0.00, real=0.03 secs] 
2016-02-18T18:58:27.086+0800: 261303.800: [GC [PSYoungGen: 1378144K->15856K(1379776K)] 2563018K->1201015K(4176000K), 0.0359140 secs] [Times: user=0.06 sys=0.00, real=0.03 secs] 
2016-02-18T18:59:29.025+0800: 261365.739: [GC [PSYoungGen: 1377328K->15120K(1379776K)] 2562487K->1200483K(4176000K), 0.0338380 secs] [Times: user=0.05 sys=0.00, real=0.03 secs] 
2016-02-18T19:00:25.152+0800: 261421.867: [GC [PSYoungGen: 1376592K->12496K(1379712K)] 2561955K->1198112K(4175936K), 0.0293880 secs] [Times: user=0.04 sys=0.00, real=0.03 secs] 
2016-02-18T19:01:23.070+0800: 261479.785: [GC [PSYoungGen: 1374224K->13136K(1379904K)] 2559840K->1198981K(4176128K), 0.0297640 secs] [Times: user=0.06 sys=0.00, real=0.03 secs] 
2016-02-18T19:02:23.846+0800: 261540.560: [GC [PSYoungGen: 1374864K->15920K(1379712K)] 2560709K->1202002K(4175936K), 0.0348410 secs] [Times: user=0.05 sys=0.00, real=0.04 secs] 
2016-02-18T19:03:25.386+0800: 261602.101: [GC [PSYoungGen: 1377520K->13824K(1379840K)] 2563602K->1200098K(4176064K), 0.0305220 secs] [Times: user=0.05 sys=0.00, real=0.03 secs] 
2016-02-18T19:04:30.145+0800: 261666.860: [GC [PSYoungGen: 1375424K->15104K(1380224K)] 2561698K->1201542K(4176448K), 0.0314130 secs] [Times: user=0.06 sys=0.00, real=0.03 secs] 
2016-02-18T19:05:22.836+0800: 261719.551: [GC [PSYoungGen: 1377280K->13217K(1380032K)] 2563718K->1199920K(4176256K), 0.0306210 secs] [Times: user=0.06 sys=0.00, real=0.02 secs] 
2016-02-18T19:06:26.680+0800: 261783.395: [GC [PSYoungGen: 1375393K->17824K(1378048K)] 2562096K->1205120K(4174272K), 0.0371520 secs] [Times: user=0.06 sys=0.00, real=0.04 secs] 
2016-02-18T19:07:25.105+0800: 261841.820: [GC [PSYoungGen: 1378016K->15408K(1379136K)] 2565312K->1203040K(4175360K), 0.0315990 secs] [Times: user=0.06 sys=0.00, real=0.03 secs] 
2016-02-18T19:08:15.425+0800: 261892.139: [GC [PSYoungGen: 1375600K->13584K(1379520K)] 2563232K->1201573K(4175744K), 0.0332970 secs] [Times: user=0.05 sys=0.00, real=0.04 secs] 
2016-02-18T19:09:13.696+0800: 261950.410: [GC [PSYoungGen: 1374416K->13920K(1379392K)] 2562405K->1202305K(4175616K), 0.0286030 secs] [Times: user=0.05 sys=0.00, real=0.03 secs] 
2016-02-18T19:10:12.589+0800: 262009.304: [GC [PSYoungGen: 1374752K->14800K(1380032K)] 2563137K->1203478K(4176256K), 0.0338010 secs] [Times: user=0.06 sys=0.01, real=0.03 secs] 
2016-02-18T19:11:22.009+0800: 262078.723: [GC [PSYoungGen: 1376464K->16544K(1379712K)] 2565142K->1205639K(4175936K), 0.0359600 secs] [Times: user=0.06 sys=0.00, real=0.04 secs] 
2016-02-18T19:12:21.664+0800: 262138.378: [GC [PSYoungGen: 1378208K->16960K(1378944K)] 2567303K->1206239K(4175168K), 0.0338640 secs] [Times: user=0.06 sys=0.00, real=0.03 secs] 
2016-02-18T19:13:18.881+0800: 262195.596: [GC [PSYoungGen: 1377536K->16816K(1377408K)] 2566815K->1206336K(4173632K), 0.0327370 secs] [Times: user=0.06 sys=0.00, real=0.03 secs] 
2016-02-18T19:14:16.210+0800: 262252.924: [GC [PSYoungGen: 1377392K->15696K(1379328K)] 2566912K->1205632K(4175552K), 0.0336020 secs] [Times: user=0.06 sys=0.00, real=0.03 secs] 
2016-02-18T19:15:09.326+0800: 262306.041: [GC [PSYoungGen: 1376016K->15136K(1379072K)] 2565952K->1205192K(4175296K), 0.0329510 secs] [Times: user=0.05 sys=0.00, real=0.03 secs] 
2016-02-18T19:16:07.606+0800: 262364.321: [GC [PSYoungGen: 1375456K->17488K(1378688K)] 2565512K->1207723K(4174912K), 0.0394860 secs] [Times: user=0.06 sys=0.00, real=0.04 secs] 
2016-02-18T19:17:06.323+0800: 262423.038: [GC [PSYoungGen: 1377680K->14512K(1379136K)] 2567915K->1204940K(4175360K), 0.0318930 secs] [Times: user=0.05 sys=0.00, real=0.04 secs] 
2016-02-18T19:18:02.135+0800: 262478.850: [GC [PSYoungGen: 1374704K->14496K(1379456K)] 2565132K->1205180K(4175680K), 0.0327320 secs] [Times: user=0.06 sys=0.00, real=0.03 secs] 
2016-02-18T19:19:00.779+0800: 262537.493: [GC [PSYoungGen: 1375136K->14848K(1379264K)] 2565820K->1205717K(4175488K), 0.0392510 secs] [Times: user=0.06 sys=0.00, real=0.04 secs] 
2016-02-18T19:20:01.124+0800: 262597.838: [GC [PSYoungGen: 1375488K->15424K(1379968K)] 2566357K->1206521K(4176192K), 0.0346300 secs] [Times: user=0.06 sys=0.00, real=0.04 secs] 
2016-02-18T19:20:59.583+0800: 262656.297: [GC [PSYoungGen: 1377024K->12816K(1379712K)] 2568121K->1204247K(4175936K), 0.0311570 secs] [Times: user=0.05 sys=0.00, real=0.03 secs] 
2016-02-18T19:21:54.326+0800: 262711.040: [GC [PSYoungGen: 1374416K->15600K(1379904K)] 2565847K->1207364K(4176128K), 0.0311310 secs] [Times: user=0.05 sys=0.00, real=0.03 secs] 
2016-02-18T19:22:53.286+0800: 262770.000: [GC [PSYoungGen: 1377200K->15120K(1379776K)] 2568964K->1207341K(4176000K), 0.0334990 secs] [Times: user=0.06 sys=0.00, real=0.03 secs] 
2016-02-18T19:23:43.292+0800: 262820.006: [GC [PSYoungGen: 1376720K->17170K(1379200K)] 2568941K->1209707K(4175424K), 0.0340290 secs] [Times: user=0.07 sys=0.00, real=0.03 secs] 
2016-02-18T19:24:40.359+0800: 262877.073: [GC [PSYoungGen: 1378514K->14464K(1379712K)] 2571051K->1207341K(4175936K), 0.0308210 secs] [Times: user=0.05 sys=0.00, real=0.03 secs] 
2016-02-18T19:25:32.883+0800: 262929.597: [GC [PSYoungGen: 1375808K->14464K(1380032K)] 2568685K->1207510K(4176256K), 0.0306490 secs] [Times: user=0.06 sys=0.00, real=0.03 secs] 
2016-02-18T19:26:25.178+0800: 262981.892: [GC [PSYoungGen: 1376320K->17920K(1379840K)] 2569366K->1211150K(4176064K), 0.0338530 secs] [Times: user=0.07 sys=0.00, real=0.04 secs] 
2016-02-18T19:27:15.309+0800: 263032.024: [GC [PSYoungGen: 1379776K->16288K(1378816K)] 2573006K->1209940K(4175040K), 0.0332900 secs] [Times: user=0.05 sys=0.00, real=0.03 secs] 
2016-02-18T19:28:10.661+0800: 263087.376: [GC [PSYoungGen: 1376864K->16864K(1377472K)] 2570516K->1211028K(4173696K), 0.0338890 secs] [Times: user=0.05 sys=0.01, real=0.03 secs] 
2016-02-18T19:29:05.736+0800: 263142.450: [GC [PSYoungGen: 1377440K->16144K(1379264K)] 2571604K->1210696K(4175488K), 0.0352720 secs] [Times: user=0.06 sys=0.01, real=0.04 secs] 
2016-02-18T19:29:55.841+0800: 263192.555: [GC [PSYoungGen: 1376464K->16176K(1379136K)] 2571016K->1210929K(4175360K), 0.0421100 secs] [Times: user=0.06 sys=0.00, real=0.04 secs] 
2016-02-18T19:30:43.301+0800: 263240.015: [GC [PSYoungGen: 1376496K->14800K(1379520K)] 2571249K->1209778K(4175744K), 0.0401220 secs] [Times: user=0.04 sys=0.00, real=0.04 secs] 
2016-02-18T19:31:38.998+0800: 263295.713: [GC [PSYoungGen: 1375632K->15744K(1379392K)] 2570610K->1211006K(4175616K), 0.0331610 secs] [Times: user=0.05 sys=0.00, real=0.04 secs] 
2016-02-18T19:32:24.438+0800: 263341.153: [GC [PSYoungGen: 1376576K->12800K(1379392K)] 2571838K->1208247K(4175616K), 0.0310880 secs] [Times: user=0.05 sys=0.00, real=0.03 secs] 
2016-02-18T19:33:17.729+0800: 263394.444: [GC [PSYoungGen: 1373888K->16304K(1377408K)] 2569335K->1211931K(4173632K), 0.0377800 secs] [Times: user=0.05 sys=0.01, real=0.04 secs] 
2016-02-18T19:34:10.722+0800: 263447.436: [GC [PSYoungGen: 1377392K->16225K(1379584K)] 2573019K->1212060K(4175808K), 0.0329260 secs] [Times: user=0.06 sys=0.00, real=0.03 secs] 
2016-02-18T19:35:05.219+0800: 263501.933: [GC [PSYoungGen: 1377249K->14112K(1379520K)] 2573084K->1210553K(4175744K), 0.0302310 secs] [Times: user=0.05 sys=0.00, real=0.03 secs] 
2016-02-18T19:35:56.398+0800: 263553.112: [GC [PSYoungGen: 1375136K->17344K(1378816K)] 2571577K->1213913K(4175040K), 0.0418530 secs] [Times: user=0.08 sys=0.00, real=0.04 secs] 
2016-02-18T19:36:47.960+0800: 263604.674: [GC [PSYoungGen: 1377664K->17088K(1377472K)] 2574233K->1213954K(4173696K), 0.0357540 secs] [Times: user=0.06 sys=0.01, real=0.03 secs] 
2016-02-18T19:37:35.478+0800: 263652.192: [GC [PSYoungGen: 1377408K->12960K(1378688K)] 2574274K->1210162K(4174912K), 0.0288080 secs] [Times: user=0.05 sys=0.00, real=0.02 secs] 
2016-02-18T19:38:20.183+0800: 263696.898: [GC [PSYoungGen: 1372512K->15088K(1378816K)] 2569714K->1212386K(4175040K), 0.0293130 secs] [Times: user=0.06 sys=0.00, real=0.04 secs] 
2016-02-18T19:39:12.729+0800: 263749.444: [GC [PSYoungGen: 1374640K->16432K(1379136K)] 2571938K->1213966K(4175360K), 0.0385520 secs] [Times: user=0.07 sys=0.00, real=0.04 secs] 
2016-02-18T19:39:58.622+0800: 263795.336: [GC [PSYoungGen: 1376624K->16112K(1379136K)] 2574158K->1213906K(4175360K), 0.0334030 secs] [Times: user=0.05 sys=0.00, real=0.03 secs] 
2016-02-18T19:40:41.997+0800: 263838.711: [GC [PSYoungGen: 1376304K->16080K(1379392K)] 2574098K->1214022K(4175616K), 0.0338740 secs] [Times: user=0.06 sys=0.00, real=0.03 secs] 
2016-02-18T19:41:26.458+0800: 263883.173: [GC [PSYoungGen: 1376656K->14912K(1379264K)] 2574598K->1213034K(4175488K), 0.0315230 secs] [Times: user=0.05 sys=0.00, real=0.03 secs] 
2016-02-18T19:42:20.016+0800: 263936.730: [GC [PSYoungGen: 1375488K->16400K(1379456K)] 2573610K->1214762K(4175680K), 0.0342040 secs] [Times: user=0.05 sys=0.00, real=0.04 secs] 
2016-02-18T19:43:08.739+0800: 263985.454: [GC [PSYoungGen: 1377360K->15712K(1379520K)] 2575722K->1214250K(4175744K), 0.0335610 secs] [Times: user=0.06 sys=0.00, real=0.03 secs] 
2016-02-18T19:43:57.697+0800: 264034.411: [GC [PSYoungGen: 1376672K->16832K(1379520K)] 2575210K->1215834K(4175744K), 0.0368000 secs] [Times: user=0.06 sys=0.00, real=0.04 secs] 
2016-02-18T19:44:47.596+0800: 264084.310: [GC [PSYoungGen: 1378048K->15904K(1379648K)] 2577050K->1215166K(4175872K), 0.0351140 secs] [Times: user=0.06 sys=0.00, real=0.04 secs] 
2016-02-18T19:45:34.202+0800: 264130.917: [GC [PSYoungGen: 1377120K->14064K(1379712K)] 2576382K->1213619K(4175936K), 0.0328060 secs] [Times: user=0.06 sys=0.00, real=0.03 secs] 
2016-02-18T19:46:29.414+0800: 264186.128: [GC [PSYoungGen: 1375536K->16256K(1379776K)] 2575091K->1216228K(4176000K), 0.0361540 secs] [Times: user=0.06 sys=0.00, real=0.03 secs] 
2016-02-18T19:47:19.510+0800: 264236.224: [GC [PSYoungGen: 1377728K->14896K(1379968K)] 2577700K->1215136K(4176192K), 0.0309320 secs] [Times: user=0.05 sys=0.00, real=0.04 secs] 
2016-02-18T19:48:09.291+0800: 264286.006: [GC [PSYoungGen: 1376624K->14390K(1379840K)] 2576864K->1214811K(4176064K), 0.0293780 secs] [Times: user=0.05 sys=0.00, real=0.03 secs] 
2016-02-18T19:48:57.002+0800: 264333.717: [GC [PSYoungGen: 1376118K->15520K(1380224K)] 2576539K->1216152K(4176448K), 0.0324660 secs] [Times: user=0.05 sys=0.00, real=0.03 secs] 
2016-02-18T19:49:44.226+0800: 264380.941: [GC [PSYoungGen: 1377632K->13232K(1379968K)] 2578264K->1214196K(4176192K), 0.0312040 secs] [Times: user=0.05 sys=0.00, real=0.03 secs] 
2016-02-18T19:50:27.949+0800: 264424.663: [GC [PSYoungGen: 1375344K->13760K(1380096K)] 2576308K->1214836K(4176320K), 0.0343030 secs] [Times: user=0.06 sys=0.00, real=0.03 secs] 
2016-02-18T19:51:13.385+0800: 264470.099: [GC [PSYoungGen: 1375872K->14336K(1380096K)] 2576948K->1215592K(4176320K), 0.0287030 secs] [Times: user=0.05 sys=0.00, real=0.02 secs] 
2016-02-18T19:51:56.121+0800: 264512.835: [GC [PSYoungGen: 1376448K->14832K(1380480K)] 2577704K->1216268K(4176704K), 0.0347960 secs] [Times: user=0.05 sys=0.00, real=0.04 secs] 
2016-02-18T19:52:41.878+0800: 264558.593: [GC [PSYoungGen: 1377456K->14912K(1380224K)] 2578892K->1216612K(4176448K), 0.0334890 secs] [Times: user=0.06 sys=0.00, real=0.04 secs] 
2016-02-18T19:53:30.844+0800: 264607.559: [GC [PSYoungGen: 1377536K->15056K(1380928K)] 2579236K->1216925K(4177152K), 0.0355020 secs] [Times: user=0.05 sys=0.01, real=0.04 secs] 
2016-02-18T19:54:19.828+0800: 264656.543: [GC [PSYoungGen: 1378640K->15456K(1380736K)] 2580509K->1217874K(4176960K), 0.0357430 secs] [Times: user=0.06 sys=0.00, real=0.04 secs] 
2016-02-18T19:55:08.215+0800: 264704.929: [GC [PSYoungGen: 1379040K->14096K(1381056K)] 2581458K->1216765K(4177280K), 0.0292570 secs] [Times: user=0.05 sys=0.00, real=0.03 secs] 
2016-02-18T19:55:58.206+0800: 264754.921: [GC [PSYoungGen: 1378064K->15488K(1380992K)] 2580733K->1218269K(4177216K), 0.0338020 secs] [Times: user=0.06 sys=0.00, real=0.04 secs] 
2016-02-18T19:56:47.633+0800: 264804.347: [GC [PSYoungGen: 1379456K->14992K(1381248K)] 2582237K->1218094K(4177472K), 0.0424250 secs] [Times: user=0.07 sys=0.00, real=0.04 secs] 
2016-02-18T19:57:39.674+0800: 264856.388: [GC [PSYoungGen: 1379216K->14857K(1381056K)] 2582318K->1218132K(4177280K), 0.0303270 secs] [Times: user=0.06 sys=0.00, real=0.03 secs] 
2016-02-18T19:58:26.817+0800: 264903.532: [GC [PSYoungGen: 1379081K->16672K(1380224K)] 2582356K->1220303K(4176448K), 0.0351740 secs] [Times: user=0.05 sys=0.00, real=0.04 secs] 
2016-02-18T19:59:11.329+0800: 264948.043: [GC [PSYoungGen: 1380192K->13408K(1376960K)] 2583823K->1217384K(4173184K), 0.0289730 secs] [Times: user=0.05 sys=0.00, real=0.03 secs] 
2016-02-18T20:00:00.287+0800: 264997.001: [GC [PSYoungGen: 1376928K->14112K(1380800K)] 2580904K->1218308K(4177024K), 0.0335130 secs] [Times: user=0.05 sys=0.00, real=0.03 secs] 
2016-02-18T20:00:51.724+0800: 265048.439: [GC [PSYoungGen: 1377504K->14784K(1380672K)] 2581700K->1219133K(4176896K), 0.0360920 secs] [Times: user=0.05 sys=0.00, real=0.04 secs] 
2016-02-18T20:01:38.797+0800: 265095.511: [GC [PSYoungGen: 1378176K->16690K(1380096K)] 2582525K->1221312K(4176320K), 0.0349670 secs] [Times: user=0.05 sys=0.00, real=0.03 secs] 
2016-02-18T20:02:25.888+0800: 265142.602: [GC [PSYoungGen: 1379698K->15008K(1380544K)] 2584320K->1219886K(4176768K), 0.0301700 secs] [Times: user=0.05 sys=0.00, real=0.03 secs] 
2016-02-18T20:03:09.527+0800: 265186.242: [GC [PSYoungGen: 1378016K->14320K(1380864K)] 2582894K->1219326K(4177088K), 0.0313010 secs] [Times: user=0.06 sys=0.00, real=0.03 secs] 
2016-02-18T20:04:00.077+0800: 265236.791: [GC [PSYoungGen: 1377904K->17184K(1380800K)] 2582910K->1222407K(4177024K), 0.0349920 secs] [Times: user=0.06 sys=0.00, real=0.03 secs] 
2016-02-18T20:04:44.649+0800: 265281.363: [GC [PSYoungGen: 1380768K->15536K(1380032K)] 2585991K->1220956K(4176256K), 0.0384600 secs] [Times: user=0.06 sys=0.00, real=0.04 secs] 
2016-02-18T20:05:25.229+0800: 265321.944: [GC [PSYoungGen: 1378288K->13264K(1376064K)] 2583708K->1219192K(4172288K), 0.0334330 secs] [Times: user=0.05 sys=0.00, real=0.03 secs] 
2016-02-18T20:06:16.224+0800: 265372.939: [GC [PSYoungGen: 1376016K->16848K(1379520K)] 2581944K->1222924K(4175744K), 0.0370890 secs] [Times: user=0.06 sys=0.00, real=0.04 secs] 
2016-02-18T20:07:02.346+0800: 265419.060: [GC [PSYoungGen: 1378576K->17120K(1378880K)] 2584652K->1223557K(4175104K), 0.0354920 secs] [Times: user=0.05 sys=0.00, real=0.04 secs] 
2016-02-18T20:07:48.084+0800: 265464.798: [GC [PSYoungGen: 1378848K->15344K(1379840K)] 2585285K->1222190K(4176064K), 0.0337250 secs] [Times: user=0.06 sys=0.00, real=0.04 secs] 
2016-02-18T20:08:38.029+0800: 265514.743: [GC [PSYoungGen: 1376624K->17318K(1378624K)] 2583470K->1224444K(4174848K), 0.0413700 secs] [Times: user=0.07 sys=0.00, real=0.04 secs] 
2016-02-18T20:09:30.307+0800: 265567.022: [GC [PSYoungGen: 1378598K->16992K(1379008K)] 2585724K->1224286K(4175232K), 0.0370190 secs] [Times: user=0.06 sys=0.00, real=0.04 secs] 
2016-02-18T20:10:14.972+0800: 265611.686: [GC [PSYoungGen: 1377312K->15478K(1379200K)] 2584606K->1223121K(4175424K), 0.0331720 secs] [Times: user=0.06 sys=0.00, real=0.04 secs] 
2016-02-18T20:10:56.873+0800: 265653.587: [GC [PSYoungGen: 1375798K->14432K(1379520K)] 2583441K->1222295K(4175744K), 0.0319580 secs] [Times: user=0.05 sys=0.00, real=0.03 secs] 
2016-02-18T20:11:39.430+0800: 265696.145: [GC [PSYoungGen: 1374926K->14873K(1379456K)] 2582789K->1223004K(4175680K), 0.0316510 secs] [Times: user=0.06 sys=0.00, real=0.03 secs] 
2016-02-18T20:12:24.429+0800: 265741.143: [GC [PSYoungGen: 1375769K->13856K(1379712K)] 2583900K->1222188K(4175936K), 0.0295870 secs] [Times: user=0.05 sys=0.00, real=0.03 secs] 
2016-02-18T20:13:08.992+0800: 265785.706: [GC [PSYoungGen: 1375200K->17064K(1378432K)] 2583532K->1225628K(4174656K), 0.0386930 secs] [Times: user=0.07 sys=0.00, real=0.04 secs] 
2016-02-18T20:13:58.654+0800: 265835.368: [GC [PSYoungGen: 1378408K->15024K(1379584K)] 2586972K->1223773K(4175808K), 0.0373950 secs] [Times: user=0.06 sys=0.00, real=0.03 secs] 
2016-02-18T20:14:44.753+0800: 265881.468: [GC [PSYoungGen: 1375856K->14352K(1379328K)] 2584605K->1223394K(4175552K), 0.0322670 secs] [Times: user=0.05 sys=0.01, real=0.03 secs] 
2016-02-18T20:15:25.921+0800: 265922.635: [GC [PSYoungGen: 1375184K->14704K(1379904K)] 2584226K->1224122K(4176128K), 0.0319540 secs] [Times: user=0.06 sys=0.00, real=0.03 secs] 
2016-02-18T20:16:08.234+0800: 265964.949: [GC [PSYoungGen: 1376240K->12864K(1379712K)] 2585658K->1222623K(4175936K), 0.0293670 secs] [Times: user=0.05 sys=0.00, real=0.03 secs] 
2016-02-18T20:16:52.101+0800: 266008.816: [GC [PSYoungGen: 1374400K->15296K(1379968K)] 2584159K->1225216K(4176192K), 0.0351900 secs] [Times: user=0.05 sys=0.00, real=0.03 secs] 
2016-02-18T20:17:38.491+0800: 266055.206: [GC [PSYoungGen: 1376960K->17872K(1379584K)] 2586880K->1228112K(4175808K), 0.0353390 secs] [Times: user=0.06 sys=0.00, real=0.03 secs] 
2016-02-18T20:18:20.178+0800: 266096.893: [GC [PSYoungGen: 1379536K->15280K(1379584K)] 2589776K->1225856K(4175808K), 0.0318920 secs] [Times: user=0.05 sys=0.00, real=0.03 secs] 
2016-02-18T20:19:07.461+0800: 266144.176: [GC [PSYoungGen: 1376368K->15552K(1379584K)] 2586944K->1226500K(4175808K), 0.0466170 secs] [Times: user=0.07 sys=0.00, real=0.04 secs] 
2016-02-18T20:19:50.547+0800: 266187.262: [GC [PSYoungGen: 1376640K->16016K(1379840K)] 2587588K->1227232K(4176064K), 0.0366190 secs] [Times: user=0.05 sys=0.00, real=0.04 secs] 
2016-02-18T20:20:35.649+0800: 266232.364: [GC [PSYoungGen: 1377616K->15776K(1379840K)] 2588832K->1227264K(4176064K), 0.0323910 secs] [Times: user=0.06 sys=0.00, real=0.03 secs] 
2016-02-18T20:21:14.436+0800: 266271.150: [GC [PSYoungGen: 1377376K->14352K(1380096K)] 2588864K->1226072K(4176320K), 0.0319850 secs] [Times: user=0.05 sys=0.00, real=0.03 secs] 
2016-02-18T20:21:58.441+0800: 266315.156: [GC [PSYoungGen: 1376400K->16336K(1378432K)] 2588120K->1228320K(4174656K), 0.0384030 secs] [Times: user=0.05 sys=0.01, real=0.04 secs] 
2016-02-18T20:22:47.811+0800: 266364.525: [GC [PSYoungGen: 1378384K->16992K(1379328K)] 2590368K->1229320K(4175552K), 0.0352640 secs] [Times: user=0.05 sys=0.00, real=0.03 secs] 
2016-02-18T20:23:32.919+0800: 266409.633: [GC [PSYoungGen: 1378208K->16400K(1379648K)] 2590536K->1229120K(4175872K), 0.0389320 secs] [Times: user=0.06 sys=0.00, real=0.04 secs] 
2016-02-18T20:24:11.705+0800: 266448.419: [GC [PSYoungGen: 1377616K->14608K(1379776K)] 2590336K->1227617K(4176000K), 0.0297020 secs] [Times: user=0.05 sys=0.00, real=0.03 secs] 
2016-02-18T20:24:50.373+0800: 266487.087: [GC [PSYoungGen: 1375952K->16384K(1379648K)] 2588961K->1229646K(4175872K), 0.0368920 secs] [Times: user=0.06 sys=0.00, real=0.04 secs] 
2016-02-18T20:25:30.015+0800: 266526.729: [GC [PSYoungGen: 1377728K->14896K(1379840K)] 2590990K->1228514K(4176064K), 0.0325210 secs] [Times: user=0.05 sys=0.01, real=0.03 secs] 
2016-02-18T20:26:13.716+0800: 266570.430: [GC [PSYoungGen: 1376368K->15296K(1379712K)] 2589986K->1229275K(4175936K), 0.0360000 secs] [Times: user=0.05 sys=0.00, real=0.04 secs] 
2016-02-18T20:27:00.040+0800: 266616.754: [GC [PSYoungGen: 1376768K->16896K(1379584K)] 2590747K->1231071K(4175808K), 0.0370830 secs] [Times: user=0.05 sys=0.00, real=0.04 secs] 
2016-02-18T20:27:47.324+0800: 266664.038: [GC [PSYoungGen: 1378496K->15824K(1379840K)] 2592671K->1230240K(4176064K), 0.0313590 secs] [Times: user=0.04 sys=0.02, real=0.03 secs] 
2016-02-18T20:28:30.284+0800: 266706.999: [GC [PSYoungGen: 1377424K->16000K(1380160K)] 2591840K->1230781K(4176384K), 0.0331790 secs] [Times: user=0.05 sys=0.00, real=0.03 secs] 
2016-02-18T20:29:14.013+0800: 266750.727: [GC [PSYoungGen: 1378112K->15056K(1380032K)] 2592893K->1230202K(4176256K), 0.0328780 secs] [Times: user=0.06 sys=0.00, real=0.03 secs] 
2016-02-18T20:30:00.177+0800: 266796.891: [GC [PSYoungGen: 1377168K->14672K(1380288K)] 2592314K->1230178K(4176512K), 0.0353650 secs] [Times: user=0.05 sys=0.00, real=0.05 secs] 
2016-02-18T20:30:45.841+0800: 266842.555: [GC [PSYoungGen: 1377104K->15136K(1380224K)] 2592610K->1230991K(4176448K), 0.0370310 secs] [Times: user=0.05 sys=0.00, real=0.04 secs] 
2016-02-18T20:31:30.999+0800: 266887.714: [GC [PSYoungGen: 1377568K->15952K(1380480K)] 2593423K->1232107K(4176704K), 0.0330550 secs] [Times: user=0.06 sys=0.00, real=0.03 secs] 
2016-02-18T20:32:14.893+0800: 266931.607: [GC [PSYoungGen: 1378768K->17024K(1379904K)] 2594923K->1233504K(4176128K), 0.0362230 secs] [Times: user=0.06 sys=0.00, real=0.03 secs] 
2016-02-18T20:32:55.448+0800: 266972.163: [GC [PSYoungGen: 1379840K->16816K(1379776K)] 2596320K->1233544K(4176000K), 0.0439340 secs] [Times: user=0.08 sys=0.00, real=0.04 secs] 
2016-02-18T20:33:35.595+0800: 267012.310: [GC [PSYoungGen: 1378672K->16080K(1379968K)] 2595400K->1233137K(4176192K), 0.0342850 secs] [Times: user=0.06 sys=0.00, real=0.04 secs] 
2016-02-18T20:34:18.383+0800: 267055.098: [GC [PSYoungGen: 1377936K->15856K(1380288K)] 2594993K->1233398K(4176512K), 0.0319780 secs] [Times: user=0.06 sys=0.00, real=0.03 secs] 
2016-02-18T20:34:59.337+0800: 267096.052: [GC [PSYoungGen: 1378160K->16560K(1380096K)] 2595702K->1234395K(4176320K), 0.0354700 secs] [Times: user=0.06 sys=0.00, real=0.04 secs] 
2016-02-18T20:35:43.642+0800: 267140.357: [GC [PSYoungGen: 1378864K->15280K(1380288K)] 2596699K->1233271K(4176512K), 0.0325150 secs] [Times: user=0.05 sys=0.00, real=0.03 secs] 
2016-02-18T20:36:27.373+0800: 267184.088: [GC [PSYoungGen: 1377712K->15856K(1380224K)] 2595703K->1234043K(4176448K), 0.0324690 secs] [Times: user=0.06 sys=0.00, real=0.04 secs] 
2016-02-18T20:37:15.342+0800: 267232.057: [GC [PSYoungGen: 1378288K->15472K(1380608K)] 2596475K->1234144K(4176832K), 0.0330200 secs] [Times: user=0.06 sys=0.00, real=0.04 secs] 
2016-02-18T20:37:58.916+0800: 267275.631: [GC [PSYoungGen: 1378480K->16240K(1380480K)] 2597152K->1235177K(4176704K), 0.0369980 secs] [Times: user=0.05 sys=0.00, real=0.04 secs] 
2016-02-18T20:38:43.249+0800: 267319.964: [GC [PSYoungGen: 1379248K->16544K(1380352K)] 2598185K->1235721K(4176576K), 0.0383680 secs] [Times: user=0.05 sys=0.00, real=0.03 secs] 
2016-02-18T20:39:24.820+0800: 267361.534: [GC [PSYoungGen: 1379424K->15120K(1380480K)] 2598601K->1234521K(4176704K), 0.0318830 secs] [Times: user=0.05 sys=0.00, real=0.03 secs] 
2016-02-18T20:40:08.103+0800: 267404.817: [GC [PSYoungGen: 1378000K->15312K(1380608K)] 2597401K->1235102K(4176832K), 0.0311940 secs] [Times: user=0.05 sys=0.00, real=0.04 secs] 
2016-02-18T20:40:48.966+0800: 267445.680: [GC [PSYoungGen: 1378384K->17440K(1380544K)] 2598174K->1237670K(4176768K), 0.0380260 secs] [Times: user=0.06 sys=0.00, real=0.04 secs] 
2016-02-18T20:41:30.682+0800: 267487.396: [GC [PSYoungGen: 1380512K->16167K(1379776K)] 2600742K->1236658K(4176000K), 0.0368140 secs] [Times: user=0.05 sys=0.00, real=0.04 secs] 
2016-02-18T20:42:15.712+0800: 267532.427: [GC [PSYoungGen: 1378407K->16144K(1380160K)] 2598898K->1236948K(4176384K), 0.0334780 secs] [Times: user=0.06 sys=0.00, real=0.04 secs] 
2016-02-18T20:42:59.544+0800: 267576.259: [GC [PSYoungGen: 1378384K->15952K(1380416K)] 2599188K->1237177K(4176640K), 0.0329170 secs] [Times: user=0.05 sys=0.00, real=0.03 secs] 
2016-02-18T20:43:41.280+0800: 267617.994: [GC [PSYoungGen: 1378576K->15232K(1380288K)] 2599801K->1236597K(4176512K), 0.0314790 secs] [Times: user=0.05 sys=0.00, real=0.04 secs] 
2016-02-18T20:44:28.077+0800: 267664.792: [GC [PSYoungGen: 1377856K->15936K(1380608K)] 2599221K->1237473K(4176832K), 0.0348740 secs] [Times: user=0.06 sys=0.00, real=0.03 secs] 
2016-02-18T20:45:05.606+0800: 267702.321: [GC [PSYoungGen: 1378944K->14288K(1380480K)] 2600481K->1236266K(4176704K), 0.0312950 secs] [Times: user=0.06 sys=0.00, real=0.03 secs] 
2016-02-18T20:45:42.589+0800: 267739.303: [GC [PSYoungGen: 1377296K->14240K(1380352K)] 2599274K->1236462K(4176576K), 0.0304430 secs] [Times: user=0.05 sys=0.00, real=0.03 secs] 
2016-02-18T20:46:19.501+0800: 267776.215: [GC [PSYoungGen: 1376992K->14384K(1380416K)] 2599214K->1236946K(4176640K), 0.0322900 secs] [Times: user=0.05 sys=0.00, real=0.03 secs] 
2016-02-18T20:46:59.532+0800: 267816.247: [GC [PSYoungGen: 1377136K->15568K(1380608K)] 2599698K->1238411K(4176832K), 0.0353390 secs] [Times: user=0.05 sys=0.00, real=0.04 secs] 
2016-02-18T20:47:38.070+0800: 267854.785: [GC [PSYoungGen: 1378512K->15744K(1380416K)] 2601355K->1238699K(4176640K), 0.0341670 secs] [Times: user=0.05 sys=0.00, real=0.04 secs] 
2016-02-18T20:48:17.101+0800: 267893.815: [GC [PSYoungGen: 1378688K->15456K(1380864K)] 2601643K->1238824K(4177088K), 0.0369940 secs] [Times: user=0.06 sys=0.00, real=0.03 secs] 
2016-02-18T20:48:58.308+0800: 267935.022: [GC [PSYoungGen: 1378912K->15456K(1380672K)] 2602280K->1239120K(4176896K), 0.0325980 secs] [Times: user=0.04 sys=0.00, real=0.04 secs] 
2016-02-18T20:49:33.046+0800: 267969.761: [GC [PSYoungGen: 1378912K->15920K(1381056K)] 2602576K->1239748K(4177280K), 0.0334990 secs] [Times: user=0.05 sys=0.00, real=0.04 secs] 
2016-02-18T20:50:13.124+0800: 268009.838: [GC [PSYoungGen: 1379888K->15760K(1380992K)] 2603716K->1239764K(4177216K), 0.0371380 secs] [Times: user=0.06 sys=0.00, real=0.03 secs] 
2016-02-18T20:50:54.123+0800: 268050.837: [GC [PSYoungGen: 1379728K->16512K(1380608K)] 2603732K->1240665K(4176832K), 0.0329870 secs] [Times: user=0.06 sys=0.00, real=0.03 secs] 
2016-02-18T20:51:37.674+0800: 268094.388: [GC [PSYoungGen: 1380160K->15888K(1380864K)] 2604313K->1240325K(4177088K), 0.0325530 secs] [Times: user=0.06 sys=0.00, real=0.03 secs] 
2016-02-18T20:52:16.761+0800: 268133.475: [GC [PSYoungGen: 1379536K->14320K(1380800K)] 2603973K->1239054K(4177024K), 0.0345130 secs] [Times: user=0.06 sys=0.00, real=0.03 secs] 
2016-02-18T20:52:54.455+0800: 268171.170: [GC [PSYoungGen: 1377968K->14672K(1380864K)] 2602702K->1239642K(4177088K), 0.0312350 secs] [Times: user=0.05 sys=0.00, real=0.04 secs] 
2016-02-18T20:53:32.123+0800: 268208.837: [GC [PSYoungGen: 1378320K->14224K(1380864K)] 2603290K->1239302K(4177088K), 0.0303280 secs] [Times: user=0.06 sys=0.00, real=0.03 secs] 
2016-02-18T20:54:12.679+0800: 268249.393: [GC [PSYoungGen: 1377872K->15120K(1380864K)] 2602950K->1240566K(4177088K), 0.0315700 secs] [Times: user=0.06 sys=0.00, real=0.04 secs] 
2016-02-18T20:54:53.498+0800: 268290.212: [GC [PSYoungGen: 1378768K->15072K(1381120K)] 2604214K->1240851K(4177344K), 0.0336470 secs] [Times: user=0.04 sys=0.01, real=0.03 secs] 
2016-02-18T20:55:35.325+0800: 268332.040: [GC [PSYoungGen: 1379104K->15024K(1380992K)] 2604883K->1241107K(4177216K), 0.0358420 secs] [Times: user=0.06 sys=0.00, real=0.03 secs] 
2016-02-18T20:56:12.108+0800: 268368.822: [GC [PSYoungGen: 1379056K->15744K(1381120K)] 2605139K->1242147K(4177344K), 0.0311470 secs] [Times: user=0.05 sys=0.00, real=0.03 secs] 
2016-02-18T20:56:53.412+0800: 268410.126: [GC [PSYoungGen: 1380032K->16864K(1381184K)] 2606435K->1243856K(4177408K), 0.0379540 secs] [Times: user=0.05 sys=0.01, real=0.04 secs] 
2016-02-18T20:57:34.576+0800: 268451.291: [GC [PSYoungGen: 1381152K->14880K(1380160K)] 2608144K->1242328K(4176384K), 0.0366890 secs] [Times: user=0.04 sys=0.00, real=0.03 secs] 
2016-02-18T20:58:11.462+0800: 268488.177: [GC [PSYoungGen: 1378144K->13616K(1376896K)] 2605592K->1241236K(4173120K), 0.0298130 secs] [Times: user=0.06 sys=0.00, real=0.03 secs] 
2016-02-18T20:58:51.347+0800: 268528.061: [GC [PSYoungGen: 1376880K->15088K(1380736K)] 2604500K->1242801K(4176960K), 0.0308890 secs] [Times: user=0.06 sys=0.00, real=0.03 secs] 
2016-02-18T20:59:29.112+0800: 268565.826: [GC [PSYoungGen: 1378288K->14624K(1380544K)] 2606001K->1242642K(4176768K), 0.0316520 secs] [Times: user=0.05 sys=0.00, real=0.03 secs] 
2016-02-18T21:00:06.569+0800: 268603.284: [GC [PSYoungGen: 1377824K->16304K(1380416K)] 2605842K->1244502K(4176640K), 0.0377740 secs] [Times: user=0.06 sys=0.00, real=0.03 secs] 
2016-02-18T21:00:43.116+0800: 268639.830: [GC [PSYoungGen: 1379440K->16080K(1379264K)] 2607638K->1244538K(4175488K), 0.0349170 secs] [Times: user=0.06 sys=0.00, real=0.03 secs] 
2016-02-18T21:01:15.769+0800: 268672.484: [GC [PSYoungGen: 1379216K->15776K(1380608K)] 2607674K->1244459K(4176832K), 0.0343220 secs] [Times: user=0.05 sys=0.01, real=0.03 secs] 
2016-02-18T21:01:34.832+0800: 268691.547: [GC [PSYoungGen: 1378848K->9888K(1372992K)] 2607531K->1238835K(4169216K), 0.0253340 secs] [Times: user=0.04 sys=0.01, real=0.02 secs] 
2016-02-18T21:01:54.065+0800: 268710.779: [GC [PSYoungGen: 1372960K->9488K(1378688K)] 2601907K->1238616K(4174912K), 0.0253620 secs] [Times: user=0.05 sys=0.00, real=0.02 secs] 
2016-02-18T21:02:22.152+0800: 268738.866: [GC [PSYoungGen: 1369936K->14304K(1379264K)] 2599064K->1243552K(4175488K), 0.0321380 secs] [Times: user=0.05 sys=0.01, real=0.03 secs] 
2016-02-18T21:02:54.905+0800: 268771.619: [GC [PSYoungGen: 1374752K->16705K(1378816K)] 2604000K->1246261K(4175040K), 0.0326690 secs] [Times: user=0.05 sys=0.00, real=0.04 secs] 
2016-02-18T21:03:21.774+0800: 268798.488: [GC [PSYoungGen: 1377153K->15168K(1379264K)] 2606709K->1245261K(4175488K), 0.0344900 secs] [Times: user=0.06 sys=0.00, real=0.04 secs] 
2016-02-18T21:03:49.435+0800: 268826.149: [GC [PSYoungGen: 1375616K->14848K(1379776K)] 2605709K->1245077K(4176000K), 0.0353610 secs] [Times: user=0.05 sys=0.00, real=0.03 secs] 
2016-02-18T21:04:21.464+0800: 268858.178: [GC [PSYoungGen: 1376000K->14656K(1379456K)] 2606229K->1245145K(4175680K), 0.0313780 secs] [Times: user=0.05 sys=0.00, real=0.03 secs] 
2016-02-18T21:04:50.180+0800: 268886.894: [GC [PSYoungGen: 1375808K->13825K(1380288K)] 2606297K->1244419K(4176512K), 0.0379910 secs] [Times: user=0.06 sys=0.00, real=0.03 secs] 
2016-02-18T21:05:15.483+0800: 268912.198: [GC [PSYoungGen: 1376129K->15488K(1380096K)] 2606723K->1246459K(4176320K), 0.0326940 secs] [Times: user=0.05 sys=0.00, real=0.04 secs] 
2016-02-18T21:05:40.901+0800: 268937.616: [GC [PSYoungGen: 1377792K->16256K(1379776K)] 2608763K->1247451K(4176000K), 0.0332290 secs] [Times: user=0.06 sys=0.00, real=0.03 secs] 
2016-02-18T21:06:03.889+0800: 268960.603: [GC [PSYoungGen: 1378240K->18016K(1380032K)] 2609435K->1250528K(4176256K), 0.0403960 secs] [Times: user=0.06 sys=0.00, real=0.04 secs] 
2016-02-18T21:06:24.088+0800: 268980.802: [GC [PSYoungGen: 1380000K->18016K(1375808K)] 2612512K->1250873K(4172032K), 0.0362870 secs] [Times: user=0.06 sys=0.00, real=0.04 secs] 
2016-02-18T21:06:46.347+0800: 269003.062: [GC [PSYoungGen: 1375776K->18992K(1376768K)] 2608633K->1252129K(4172992K), 0.0393470 secs] [Times: user=0.06 sys=0.00, real=0.04 secs] 
2016-02-18T21:07:02.615+0800: 269019.329: [GC [PSYoungGen: 1376752K->20976K(1374400K)] 2609889K->1254273K(4170624K), 0.0418370 secs] [Times: user=0.06 sys=0.00, real=0.04 secs] 
2016-02-18T21:07:16.956+0800: 269033.671: [GC [PSYoungGen: 1374384K->21168K(1374592K)] 2607681K->1254593K(4170816K), 0.0401060 secs] [Times: user=0.06 sys=0.00, real=0.04 secs] 
2016-02-18T21:07:34.889+0800: 269051.604: [GC [PSYoungGen: 1374576K->19024K(1374336K)] 2608001K->1252721K(4170560K), 0.0424100 secs] [Times: user=0.07 sys=0.00, real=0.04 secs] 
2016-02-18T21:07:56.428+0800: 269073.142: [GC [PSYoungGen: 1369872K->18992K(1369856K)] 2603569K->1252945K(4166080K), 0.0399430 secs] [Times: user=0.05 sys=0.00, real=0.04 secs] 
2016-02-18T21:08:19.982+0800: 269096.696: [GC [PSYoungGen: 1369840K->18352K(1374656K)] 2603793K->1252570K(4170880K), 0.0397060 secs] [Times: user=0.07 sys=0.00, real=0.04 secs] 
2016-02-18T21:08:45.566+0800: 269122.281: [GC [PSYoungGen: 1369328K->17152K(1374400K)] 2603546K->1251722K(4170624K), 0.0343310 secs] [Times: user=0.05 sys=0.00, real=0.03 secs] 
2016-02-18T21:09:14.756+0800: 269151.470: [GC [PSYoungGen: 1368128K->15952K(1375488K)] 2602698K->1250666K(4171712K), 0.0348580 secs] [Times: user=0.05 sys=0.01, real=0.03 secs] 
2016-02-18T21:09:40.409+0800: 269177.124: [GC [PSYoungGen: 1368592K->18272K(1375232K)] 2603306K->1253083K(4171456K), 0.0377460 secs] [Times: user=0.06 sys=0.00, real=0.04 secs] 
2016-02-18T21:10:07.348+0800: 269204.063: [GC [PSYoungGen: 1370912K->16128K(1375936K)] 2605723K->1251375K(4172160K), 0.0353520 secs] [Times: user=0.05 sys=0.00, real=0.03 secs] 
2016-02-18T21:10:35.240+0800: 269231.954: [GC [PSYoungGen: 1369664K->16736K(1375680K)] 2604911K->1252180K(4171904K), 0.0441490 secs] [Times: user=0.06 sys=0.00, real=0.04 secs] 
2016-02-18T21:11:05.344+0800: 269262.059: [GC [PSYoungGen: 1370272K->18480K(1376256K)] 2605716K->1254064K(4172480K), 0.0361860 secs] [Times: user=0.06 sys=0.00, real=0.04 secs] 
2016-02-18T21:11:33.672+0800: 269290.387: [GC [PSYoungGen: 1373040K->16608K(1376320K)] 2608624K->1252448K(4172544K), 0.0360480 secs] [Times: user=0.05 sys=0.00, real=0.04 secs] 
2016-02-18T21:12:01.779+0800: 269318.493: [GC [PSYoungGen: 1371168K->16672K(1376960K)] 2607008K->1252629K(4173184K), 0.0361260 secs] [Times: user=0.05 sys=0.00, real=0.04 secs] 
2016-02-18T21:12:34.832+0800: 269351.546: [GC [PSYoungGen: 1372192K->18272K(1376640K)] 2608149K->1254373K(4172864K), 0.0375430 secs] [Times: user=0.06 sys=0.00, real=0.04 secs] 
2016-02-18T21:13:05.721+0800: 269382.436: [GC [PSYoungGen: 1373792K->16512K(1377216K)] 2609893K->1252834K(4173440K), 0.0375870 secs] [Times: user=0.06 sys=0.00, real=0.03 secs] 
2016-02-18T21:13:37.230+0800: 269413.945: [GC [PSYoungGen: 1372608K->17040K(1376960K)] 2608930K->1253578K(4173184K), 0.0348700 secs] [Times: user=0.06 sys=0.00, real=0.03 secs] 
2016-02-18T21:14:09.333+0800: 269446.047: [GC [PSYoungGen: 1373136K->17040K(1377856K)] 2609674K->1253819K(4174080K), 0.0345520 secs] [Times: user=0.06 sys=0.00, real=0.04 secs] 
2016-02-18T21:14:42.311+0800: 269479.026: [GC [PSYoungGen: 1374352K->17296K(1377536K)] 2611131K->1254607K(4173760K), 0.0376510 secs] [Times: user=0.06 sys=0.00, real=0.04 secs] 
2016-02-18T21:15:12.913+0800: 269509.627: [GC [PSYoungGen: 1374608K->18400K(1377728K)] 2611919K->1255804K(4173952K), 0.0414700 secs] [Times: user=0.07 sys=0.00, real=0.04 secs] 
2016-02-18T21:15:46.234+0800: 269542.948: [GC [PSYoungGen: 1376160K->17232K(1377920K)] 2613564K->1254940K(4174144K), 0.0373590 secs] [Times: user=0.06 sys=0.00, real=0.04 secs] 
2016-02-18T21:16:18.141+0800: 269574.855: [GC [PSYoungGen: 1374992K->17328K(1378432K)] 2612700K->1255256K(4174656K), 0.0349200 secs] [Times: user=0.05 sys=0.00, real=0.03 secs] 
2016-02-18T21:16:52.471+0800: 269609.185: [GC [PSYoungGen: 1375856K->17856K(1378176K)] 2613784K->1256133K(4174400K), 0.0362540 secs] [Times: user=0.05 sys=0.00, real=0.04 secs] 
2016-02-18T21:17:24.832+0800: 269641.546: [GC [PSYoungGen: 1376384K->16320K(1378496K)] 2614661K->1254685K(4174720K), 0.0421160 secs] [Times: user=0.07 sys=0.00, real=0.05 secs] 
2016-02-18T21:17:56.547+0800: 269673.262: [GC [PSYoungGen: 1375232K->15712K(1378496K)] 2613597K->1254161K(4174720K), 0.0337430 secs] [Times: user=0.05 sys=0.00, real=0.04 secs] 
2016-02-18T21:18:26.846+0800: 269703.560: [GC [PSYoungGen: 1374624K->16208K(1378560K)] 2613073K->1255021K(4174784K), 0.0354760 secs] [Times: user=0.06 sys=0.00, real=0.04 secs] 
2016-02-18T21:18:58.867+0800: 269735.581: [GC [PSYoungGen: 1375184K->16576K(1378496K)] 2613997K->1255497K(4174720K), 0.0368630 secs] [Times: user=0.06 sys=0.00, real=0.04 secs] 
2016-02-18T21:19:33.323+0800: 269770.037: [GC [PSYoungGen: 1375552K->17152K(1378944K)] 2614473K->1256269K(4175168K), 0.0349890 secs] [Times: user=0.06 sys=0.00, real=0.04 secs] 
2016-02-18T21:20:01.912+0800: 269798.626: [GC [PSYoungGen: 1376768K->14256K(1373888K)] 2615885K->1253685K(4170112K), 0.0334000 secs] [Times: user=0.06 sys=0.00, real=0.03 secs] 
2016-02-18T21:20:31.743+0800: 269828.457: [GC [PSYoungGen: 1373872K->14800K(1378560K)] 2613301K->1254333K(4174784K), 0.0303780 secs] [Times: user=0.05 sys=0.00, real=0.03 secs] 
2016-02-18T21:21:03.025+0800: 269859.739: [GC [PSYoungGen: 1373968K->15985K(1378624K)] 2613501K->1255758K(4174848K), 0.0344320 secs] [Times: user=0.05 sys=0.00, real=0.03 secs] 
2016-02-18T21:21:32.226+0800: 269888.940: [GC [PSYoungGen: 1375153K->17440K(1378688K)] 2614926K->1257591K(4174912K), 0.0352670 secs] [Times: user=0.06 sys=0.00, real=0.04 secs] 
2016-02-18T21:22:00.359+0800: 269917.073: [GC [PSYoungGen: 1376864K->15328K(1378752K)] 2617015K->1255824K(4174976K), 0.0341350 secs] [Times: user=0.06 sys=0.00, real=0.03 secs] 
2016-02-18T21:22:31.570+0800: 269948.285: [GC [PSYoungGen: 1374752K->16224K(1379008K)] 2615248K->1257040K(4175232K), 0.0346290 secs] [Times: user=0.06 sys=0.00, real=0.04 secs] 
2016-02-18T21:23:05.828+0800: 269982.542: [GC [PSYoungGen: 1375968K->15808K(1378816K)] 2616784K->1256865K(4175040K), 0.0315570 secs] [Times: user=0.05 sys=0.01, real=0.03 secs] 
2016-02-18T21:23:39.056+0800: 270015.771: [GC [PSYoungGen: 1375552K->15104K(1379200K)] 2616609K->1256433K(4175424K), 0.0385280 secs] [Times: user=0.05 sys=0.00, real=0.04 secs] 
2016-02-18T21:24:13.930+0800: 270050.644: [GC [PSYoungGen: 1375424K->16544K(1379200K)] 2616753K->1258177K(4175424K), 0.0371680 secs] [Times: user=0.06 sys=0.00, real=0.03 secs] 
2016-02-18T21:24:44.831+0800: 270081.546: [GC [PSYoungGen: 1376864K->15104K(1379392K)] 2618497K->1256817K(4175616K), 0.0365200 secs] [Times: user=0.05 sys=0.00, real=0.04 secs] 
2016-02-18T21:25:15.464+0800: 270112.179: [GC [PSYoungGen: 1375808K->15968K(1379392K)] 2617521K->1258037K(4175616K), 0.0332220 secs] [Times: user=0.06 sys=0.00, real=0.03 secs] 
2016-02-18T21:25:45.092+0800: 270141.806: [GC [PSYoungGen: 1376672K->16888K(1379520K)] 2618741K->1259382K(4175744K), 0.0339950 secs] [Times: user=0.06 sys=0.00, real=0.03 secs] 
2016-02-18T21:26:16.452+0800: 270173.167: [GC [PSYoungGen: 1377976K->17008K(1378112K)] 2620470K->1259738K(4174336K), 0.0349970 secs] [Times: user=0.06 sys=0.00, real=0.03 secs] 
2016-02-18T21:26:46.842+0800: 270203.556: [GC [PSYoungGen: 1378096K->15872K(1379648K)] 2620826K->1258823K(4175872K), 0.0337830 secs] [Times: user=0.06 sys=0.00, real=0.03 secs] 
2016-02-18T21:27:15.850+0800: 270232.564: [GC [PSYoungGen: 1376960K->13984K(1379520K)] 2619911K->1257203K(4175744K), 0.0288940 secs] [Times: user=0.05 sys=0.00, real=0.03 secs] 
2016-02-18T21:27:47.772+0800: 270264.487: [GC [PSYoungGen: 1375072K->16407K(1379584K)] 2618291K->1259994K(4175808K), 0.0361840 secs] [Times: user=0.06 sys=0.00, real=0.03 secs] 
2016-02-18T21:28:15.993+0800: 270292.708: [GC [PSYoungGen: 1377210K->16173K(1379520K)] 2620797K->1260057K(4175744K), 0.0330740 secs] [Times: user=0.06 sys=0.00, real=0.03 secs] 
2016-02-18T21:28:46.187+0800: 270322.901: [GC [PSYoungGen: 1377197K->14064K(1379520K)] 2621081K->1258063K(4175744K), 0.0303420 secs] [Times: user=0.06 sys=0.00, real=0.03 secs] 
2016-02-18T21:29:16.730+0800: 270353.445: [GC [PSYoungGen: 1375280K->18080K(1379328K)] 2619279K->1262259K(4175552K), 0.0444050 secs] [Times: user=0.08 sys=0.00, real=0.04 secs] 
2016-02-18T21:29:49.680+0800: 270386.394: [GC [PSYoungGen: 1379296K->16496K(1379200K)] 2623475K->1260988K(4175424K), 0.0373560 secs] [Times: user=0.05 sys=0.00, real=0.04 secs] 
2016-02-18T21:30:18.063+0800: 270414.777: [GC [PSYoungGen: 1376944K->14880K(1379264K)] 2621436K->1259696K(4175488K), 0.0323720 secs] [Times: user=0.05 sys=0.00, real=0.03 secs] 
2016-02-18T21:30:53.306+0800: 270450.021: [GC [PSYoungGen: 1375328K->16608K(1379328K)] 2620144K->1261785K(4175552K), 0.0349490 secs] [Times: user=0.06 sys=0.00, real=0.04 secs] 
2016-02-18T21:31:25.424+0800: 270482.138: [GC [PSYoungGen: 1377184K->16080K(1379328K)] 2622361K->1261437K(4175552K), 0.0344960 secs] [Times: user=0.06 sys=0.00, real=0.03 secs] 
2016-02-18T21:31:59.935+0800: 270516.649: [GC [PSYoungGen: 1376656K->18240K(1378560K)] 2622013K->1263873K(4174784K), 0.0387060 secs] [Times: user=0.06 sys=0.00, real=0.04 secs] 
2016-02-18T21:32:33.397+0800: 270550.112: [GC [PSYoungGen: 1378304K->14368K(1374464K)] 2623937K->1260389K(4170688K), 0.0308650 secs] [Times: user=0.06 sys=0.00, real=0.03 secs] 
2016-02-18T21:33:06.603+0800: 270583.318: [GC [PSYoungGen: 1374432K->14992K(1379072K)] 2620453K->1261278K(4175296K), 0.0310910 secs] [Times: user=0.06 sys=0.00, real=0.04 secs] 
2016-02-18T21:33:42.103+0800: 270618.818: [GC [PSYoungGen: 1374992K->16864K(1379008K)] 2621278K->1263411K(4175232K), 0.0348790 secs] [Times: user=0.06 sys=0.00, real=0.03 secs] 
2016-02-18T21:34:11.361+0800: 270648.075: [GC [PSYoungGen: 1376864K->14240K(1379072K)] 2623411K->1261055K(4175296K), 0.0312800 secs] [Times: user=0.06 sys=0.00, real=0.03 secs] 
2016-02-18T21:34:45.797+0800: 270682.511: [GC [PSYoungGen: 1374304K->16304K(1379072K)] 2621119K->1263332K(4175296K), 0.0344150 secs] [Times: user=0.05 sys=0.00, real=0.03 secs] 
2016-02-18T21:35:17.329+0800: 270714.044: [GC [PSYoungGen: 1376368K->15456K(1379392K)] 2623396K->1262704K(4175616K), 0.0357320 secs] [Times: user=0.06 sys=0.00, real=0.04 secs] 
2016-02-18T21:35:48.543+0800: 270745.258: [GC [PSYoungGen: 1375968K->16080K(1379200K)] 2623216K->1263640K(4175424K), 0.0341620 secs] [Times: user=0.07 sys=0.00, real=0.04 secs] 
2016-02-18T21:36:20.515+0800: 270777.229: [GC [PSYoungGen: 1376592K->14240K(1379520K)] 2624152K->1262176K(4175744K), 0.0304430 secs] [Times: user=0.05 sys=0.00, real=0.03 secs] 
2016-02-18T21:36:58.485+0800: 270815.200: [GC [PSYoungGen: 1375328K->16384K(1379584K)] 2623264K->1264536K(4175808K), 0.0347230 secs] [Times: user=0.05 sys=0.00, real=0.04 secs] 
2016-02-18T21:37:31.896+0800: 270848.610: [GC [PSYoungGen: 1377472K->15745K(1379904K)] 2625624K->1263994K(4176128K), 0.0428000 secs] [Times: user=0.07 sys=0.00, real=0.04 secs] 
2016-02-18T21:38:03.657+0800: 270880.371: [GC [PSYoungGen: 1377217K->15104K(1379648K)] 2625466K->1263706K(4175872K), 0.0347540 secs] [Times: user=0.06 sys=0.00, real=0.03 secs] 
2016-02-18T21:38:34.783+0800: 270911.498: [GC [PSYoungGen: 1376576K->15376K(1380160K)] 2625178K->1264245K(4176384K), 0.0312590 secs] [Times: user=0.05 sys=0.00, real=0.04 secs] 
2016-02-18T21:39:06.121+0800: 270942.835: [GC [PSYoungGen: 1377424K->15648K(1379968K)] 2626293K->1264893K(4176192K), 0.0333790 secs] [Times: user=0.06 sys=0.00, real=0.03 secs] 
2016-02-18T21:39:38.045+0800: 270974.759: [GC [PSYoungGen: 1377696K->15582K(1380544K)] 2626941K->1264924K(4176768K), 0.0368980 secs] [Times: user=0.06 sys=0.00, real=0.04 secs] 
2016-02-18T21:40:12.364+0800: 271009.079: [GC [PSYoungGen: 1378398K->16609K(1380352K)] 2627740K->1266162K(4176576K), 0.0363870 secs] [Times: user=0.06 sys=0.00, real=0.04 secs] 
2016-02-18T21:40:46.268+0800: 271042.982: [GC [PSYoungGen: 1379425K->17216K(1379648K)] 2628978K->1267167K(4175872K), 0.0426390 secs] [Times: user=0.06 sys=0.00, real=0.04 secs] 
2016-02-18T21:41:20.550+0800: 271077.264: [GC [PSYoungGen: 1379200K->14609K(1380032K)] 2629151K->1264976K(4176256K), 0.0356060 secs] [Times: user=0.06 sys=0.00, real=0.04 secs] 
2016-02-18T21:41:53.892+0800: 271110.607: [GC [PSYoungGen: 1376593K->16048K(1380160K)] 2626960K->1266664K(4176384K), 0.0326150 secs] [Times: user=0.06 sys=0.00, real=0.03 secs] 
2016-02-18T21:42:28.375+0800: 271145.089: [GC [PSYoungGen: 1378160K->17917K(1380032K)] 2628776K->1270322K(4176256K), 0.0381520 secs] [Times: user=0.06 sys=0.00, real=0.04 secs] 
2016-02-18T21:43:03.117+0800: 271179.832: [GC [PSYoungGen: 1380029K->18032K(1376704K)] 2632434K->1270978K(4172928K), 0.0369750 secs] [Times: user=0.06 sys=0.00, real=0.03 secs] 
2016-02-18T21:43:37.953+0800: 271214.667: [GC [PSYoungGen: 1376688K->18256K(1376960K)] 2629634K->1271326K(4173184K), 0.0385220 secs] [Times: user=0.05 sys=0.01, real=0.04 secs] 
2016-02-18T21:44:13.856+0800: 271250.570: [GC [PSYoungGen: 1376912K->15936K(1378240K)] 2629982K->1269098K(4174464K), 0.0357400 secs] [Times: user=0.06 sys=0.00, real=0.03 secs] 
2016-02-18T21:44:49.216+0800: 271285.930: [GC [PSYoungGen: 1374080K->16176K(1377984K)] 2627242K->1269582K(4174208K), 0.0347790 secs] [Times: user=0.06 sys=0.00, real=0.04 secs] 
2016-02-18T21:45:20.271+0800: 271316.986: [GC [PSYoungGen: 1374320K->14320K(1378368K)] 2627726K->1267910K(4174592K), 0.0330290 secs] [Times: user=0.06 sys=0.00, real=0.03 secs] 
2016-02-18T21:45:56.378+0800: 271353.093: [GC [PSYoungGen: 1373104K->15232K(1378432K)] 2626694K->1269123K(4174656K), 0.0324700 secs] [Times: user=0.04 sys=0.01, real=0.03 secs] 
2016-02-18T21:46:30.070+0800: 271386.784: [GC [PSYoungGen: 1374016K->17808K(1378048K)] 2627907K->1271871K(4174272K), 0.0366620 secs] [Times: user=0.07 sys=0.00, real=0.04 secs] 
2016-02-18T21:47:05.300+0800: 271422.014: [GC [PSYoungGen: 1376336K->16256K(1378304K)] 2630399K->1270595K(4174528K), 0.0351340 secs] [Times: user=0.06 sys=0.00, real=0.03 secs] 
2016-02-18T21:47:39.009+0800: 271455.723: [GC [PSYoungGen: 1374784K->13952K(1378368K)] 2629123K->1268668K(4174592K), 0.0347490 secs] [Times: user=0.06 sys=0.00, real=0.03 secs] 
2016-02-18T21:48:11.986+0800: 271488.701: [GC [PSYoungGen: 1372864K->15568K(1378496K)] 2627580K->1270485K(4174720K), 0.0322690 secs] [Times: user=0.06 sys=0.00, real=0.04 secs] 
2016-02-18T21:48:46.213+0800: 271522.927: [GC [PSYoungGen: 1374480K->15360K(1379008K)] 2629397K->1270517K(4175232K), 0.0369070 secs] [Times: user=0.06 sys=0.00, real=0.04 secs] 
2016-02-18T21:49:22.546+0800: 271559.260: [GC [PSYoungGen: 1375040K->16448K(1378752K)] 2630197K->1272022K(4174976K), 0.0332940 secs] [Times: user=0.06 sys=0.00, real=0.03 secs] 
2016-02-18T21:49:56.275+0800: 271592.989: [GC [PSYoungGen: 1376128K->15040K(1379264K)] 2631702K->1270847K(4175488K), 0.0317220 secs] [Times: user=0.06 sys=0.00, real=0.03 secs] 
2016-02-18T21:50:27.883+0800: 271624.597: [GC [PSYoungGen: 1375360K->15616K(1379136K)] 2631167K->1271796K(4175360K), 0.0377440 secs] [Times: user=0.05 sys=0.00, real=0.04 secs] 
2016-02-18T21:50:59.947+0800: 271656.662: [GC [PSYoungGen: 1375936K->15664K(1379712K)] 2632116K->1272381K(4175936K), 0.0342870 secs] [Times: user=0.06 sys=0.00, real=0.04 secs] 
2016-02-18T21:51:30.250+0800: 271686.964: [GC [PSYoungGen: 1376752K->15376K(1379456K)] 2633469K->1272326K(4175680K), 0.0333090 secs] [Times: user=0.06 sys=0.00, real=0.03 secs] 
2016-02-18T21:52:03.144+0800: 271719.858: [GC [PSYoungGen: 1376464K->15136K(1379968K)] 2633414K->1272430K(4176192K), 0.0385720 secs] [Times: user=0.05 sys=0.01, real=0.03 secs] 
2016-02-18T21:52:36.209+0800: 271752.924: [GC [PSYoungGen: 1376864K->14640K(1379840K)] 2634158K->1272170K(4176064K), 0.0348520 secs] [Times: user=0.06 sys=0.00, real=0.04 secs] 
2016-02-18T21:53:10.907+0800: 271787.622: [GC [PSYoungGen: 1376368K->14816K(1380096K)] 2633898K->1272567K(4176320K), 0.0317010 secs] [Times: user=0.05 sys=0.00, real=0.03 secs] 
2016-02-18T21:53:43.534+0800: 271820.248: [GC [PSYoungGen: 1376864K->14368K(1380032K)] 2634615K->1272331K(4176256K), 0.0332180 secs] [Times: user=0.06 sys=0.00, real=0.03 secs] 
2016-02-18T21:54:14.651+0800: 271851.366: [GC [PSYoungGen: 1376416K->15472K(1380416K)] 2634379K->1273671K(4176640K), 0.0329720 secs] [Times: user=0.05 sys=0.00, real=0.04 secs] 
2016-02-18T21:54:48.849+0800: 271885.563: [GC [PSYoungGen: 1377968K->15200K(1380160K)] 2636167K->1273800K(4176384K), 0.0335040 secs] [Times: user=0.05 sys=0.00, real=0.03 secs] 
2016-02-18T21:55:17.561+0800: 271914.275: [GC [PSYoungGen: 1377696K->13360K(1380288K)] 2636296K->1272085K(4176512K), 0.0284700 secs] [Times: user=0.05 sys=0.00, real=0.02 secs] 
2016-02-18T21:55:49.801+0800: 271946.515: [GC [PSYoungGen: 1376112K->15440K(1380416K)] 2634837K->1274429K(4176640K), 0.0348400 secs] [Times: user=0.05 sys=0.00, real=0.03 secs] 
2016-02-18T21:56:21.706+0800: 271978.420: [GC [PSYoungGen: 1378192K->16064K(1380352K)] 2637181K->1275309K(4176576K), 0.0414180 secs] [Times: user=0.06 sys=0.00, real=0.04 secs] 
2016-02-18T21:56:56.661+0800: 272013.376: [GC [PSYoungGen: 1378944K->17568K(1380480K)] 2638189K->1277538K(4176704K), 0.0434700 secs] [Times: user=0.06 sys=0.00, real=0.05 secs] 
2016-02-18T21:57:28.492+0800: 272045.206: [GC [PSYoungGen: 1380448K->14832K(1379072K)] 2640418K->1275242K(4175296K), 0.0320910 secs] [Times: user=0.05 sys=0.00, real=0.03 secs] 
2016-02-18T21:58:03.246+0800: 272079.960: [GC [PSYoungGen: 1376304K->16048K(1379776K)] 2636714K->1276747K(4176000K), 0.0333660 secs] [Times: user=0.06 sys=0.01, real=0.03 secs] 
2016-02-18T21:58:35.402+0800: 272112.116: [GC [PSYoungGen: 1377520K->13744K(1379712K)] 2638219K->1274824K(4175936K), 0.0323010 secs] [Times: user=0.05 sys=0.00, real=0.03 secs] 
2016-02-18T21:59:06.814+0800: 272143.528: [GC [PSYoungGen: 1375216K->15824K(1379776K)] 2636296K->1277333K(4176000K), 0.0321130 secs] [Times: user=0.05 sys=0.00, real=0.04 secs] 
2016-02-18T21:59:41.106+0800: 272177.820: [GC [PSYoungGen: 1377296K->17408K(1379008K)] 2638805K->1279133K(4175232K), 0.0377040 secs] [Times: user=0.06 sys=0.00, real=0.04 secs] 
2016-02-18T22:00:15.464+0800: 272212.179: [GC [PSYoungGen: 1378240K->14112K(1379456K)] 2639965K->1276037K(4175680K), 0.0394620 secs] [Times: user=0.06 sys=0.00, real=0.04 secs] 
2016-02-18T22:00:52.793+0800: 272249.507: [GC [PSYoungGen: 1374944K->17760K(1378368K)] 2636869K->1279990K(4174592K), 0.0376580 secs] [Times: user=0.06 sys=0.00, real=0.04 secs] 
2016-02-18T22:01:28.694+0800: 272285.408: [GC [PSYoungGen: 1377568K->16192K(1378944K)] 2639798K->1278679K(4175168K), 0.0351880 secs] [Times: user=0.06 sys=0.00, real=0.04 secs] 
2016-02-18T22:02:00.785+0800: 272317.499: [GC [PSYoungGen: 1376000K->15600K(1379392K)] 2638487K->1278347K(4175616K), 0.0321480 secs] [Times: user=0.06 sys=0.00, real=0.03 secs] 
2016-02-18T22:02:35.130+0800: 272351.844: [GC [PSYoungGen: 1376048K->16160K(1379136K)] 2638795K->1279119K(4175360K), 0.0367260 secs] [Times: user=0.06 sys=0.00, real=0.04 secs] 
2016-02-18T22:03:10.073+0800: 272386.787: [GC [PSYoungGen: 1376608K->16624K(1379456K)] 2639567K->1279744K(4175680K), 0.0355820 secs] [Times: user=0.05 sys=0.00, real=0.03 secs] 
2016-02-18T22:03:47.848+0800: 272424.562: [GC [PSYoungGen: 1377584K->18548K(1379520K)] 2640704K->1285281K(4175744K), 0.0420450 secs] [Times: user=0.06 sys=0.01, real=0.05 secs] 
2016-02-18T22:04:20.476+0800: 272457.190: [GC [PSYoungGen: 1379508K->15472K(1375808K)] 2646241K->1282677K(4172032K), 0.0355150 secs] [Times: user=0.06 sys=0.00, real=0.03 secs] 
2016-02-18T22:04:53.861+0800: 272490.575: [GC [PSYoungGen: 1372720K->14144K(1377664K)] 2639925K->1281732K(4173888K), 0.0346700 secs] [Times: user=0.07 sys=0.00, real=0.03 secs] 
2016-02-18T22:05:26.328+0800: 272523.043: [GC [PSYoungGen: 1371392K->14064K(1377792K)] 2638980K->1281776K(4174016K), 0.0337500 secs] [Times: user=0.04 sys=0.01, real=0.03 secs] 
2016-02-18T22:05:59.274+0800: 272555.989: [GC [PSYoungGen: 1371504K->15456K(1377728K)] 2639216K->1283489K(4173952K), 0.0335110 secs] [Times: user=0.07 sys=0.00, real=0.03 secs] 
2016-02-18T22:06:32.405+0800: 272589.119: [GC [PSYoungGen: 1372896K->15344K(1378432K)] 2640929K->1283637K(4174656K), 0.0337120 secs] [Times: user=0.05 sys=0.01, real=0.03 secs] 
2016-02-18T22:07:06.327+0800: 272623.041: [GC [PSYoungGen: 1373808K->16016K(1378112K)] 2642101K->1284618K(4174336K), 0.0342360 secs] [Times: user=0.06 sys=0.00, real=0.04 secs] 
2016-02-18T22:07:43.886+0800: 272660.600: [GC [PSYoungGen: 1374480K->17088K(1378496K)] 2643082K->1285838K(4174720K), 0.0392290 secs] [Times: user=0.06 sys=0.00, real=0.04 secs] 
2016-02-18T22:08:16.107+0800: 272692.821: [GC [PSYoungGen: 1376256K->16800K(1378624K)] 2645006K->1285903K(4174848K), 0.0344030 secs] [Times: user=0.06 sys=0.00, real=0.04 secs] 
2016-02-18T22:08:49.165+0800: 272725.879: [GC [PSYoungGen: 1375968K->14464K(1378752K)] 2645071K->1283778K(4174976K), 0.0330250 secs] [Times: user=0.06 sys=0.00, real=0.03 secs] 
2016-02-18T22:09:19.675+0800: 272756.389: [GC [PSYoungGen: 1373824K->14189K(1378688K)] 2643138K->1283808K(4174912K), 0.0304570 secs] [Times: user=0.05 sys=0.00, real=0.03 secs] 
2016-02-18T22:09:51.188+0800: 272787.902: [GC [PSYoungGen: 1373537K->14368K(1378880K)] 2643156K->1284218K(4175104K), 0.0351010 secs] [Times: user=0.05 sys=0.01, real=0.03 secs] 
2016-02-18T22:10:25.821+0800: 272822.535: [GC [PSYoungGen: 1373920K->16992K(1378752K)] 2643770K->1287098K(4174976K), 0.0384530 secs] [Times: user=0.07 sys=0.00, real=0.04 secs] 
2016-02-18T22:11:03.196+0800: 272859.910: [GC [PSYoungGen: 1376544K->17504K(1378112K)] 2646650K->1288050K(4174336K), 0.0377720 secs] [Times: user=0.05 sys=0.00, real=0.04 secs] 
2016-02-18T22:11:43.178+0800: 272899.892: [GC [PSYoungGen: 1376288K->17008K(1378432K)] 2646834K->1287842K(4174656K), 0.0335010 secs] [Times: user=0.05 sys=0.00, real=0.04 secs] 
2016-02-18T22:12:16.102+0800: 272932.816: [GC [PSYoungGen: 1375792K->14576K(1378496K)] 2646626K->1285750K(4174720K), 0.0343590 secs] [Times: user=0.05 sys=0.00, real=0.04 secs] 
2016-02-18T22:12:50.302+0800: 272967.017: [GC [PSYoungGen: 1373424K->15616K(1378432K)] 2644598K->1286907K(4174656K), 0.0343310 secs] [Times: user=0.06 sys=0.00, real=0.04 secs] 
2016-02-18T22:13:28.326+0800: 273005.040: [GC [PSYoungGen: 1374464K->15360K(1379072K)] 2645755K->1287035K(4175296K), 0.0329810 secs] [Times: user=0.05 sys=0.00, real=0.03 secs] 
2016-02-18T22:14:05.758+0800: 273042.472: [GC [PSYoungGen: 1375168K->16928K(1378816K)] 2646843K->1288864K(4175040K), 0.0364420 secs] [Times: user=0.05 sys=0.01, real=0.04 secs] 
2016-02-18T22:14:41.945+0800: 273078.659: [GC [PSYoungGen: 1376736K->16336K(1379136K)] 2648672K->1288399K(4175360K), 0.0385870 secs] [Times: user=0.06 sys=0.00, real=0.04 secs] 
2016-02-18T22:15:12.620+0800: 273109.334: [GC [PSYoungGen: 1376400K->14976K(1379008K)] 2648463K->1287396K(4175232K), 0.0326590 secs] [Times: user=0.06 sys=0.00, real=0.03 secs] 
2016-02-18T22:15:47.972+0800: 273144.687: [GC [PSYoungGen: 1375040K->15632K(1379520K)] 2647460K->1288376K(4175744K), 0.0324800 secs] [Times: user=0.06 sys=0.00, real=0.03 secs] 
2016-02-18T22:16:25.918+0800: 273182.632: [GC [PSYoungGen: 1376336K->16320K(1379264K)] 2649080K->1289345K(4175488K), 0.0367420 secs] [Times: user=0.06 sys=0.00, real=0.04 secs] 
2016-02-18T22:17:00.818+0800: 273217.532: [GC [PSYoungGen: 1377024K->15152K(1379776K)] 2650049K->1288577K(4176000K), 0.0332710 secs] [Times: user=0.06 sys=0.00, real=0.04 secs] 
2016-02-18T22:17:35.704+0800: 273252.419: [GC [PSYoungGen: 1376496K->15376K(1379648K)] 2649921K->1289046K(4175872K), 0.0323410 secs] [Times: user=0.06 sys=0.00, real=0.04 secs] 
2016-02-18T22:18:07.079+0800: 273283.793: [GC [PSYoungGen: 1376720K->13184K(1379520K)] 2650390K->1287270K(4175744K), 0.0288790 secs] [Times: user=0.05 sys=0.00, real=0.03 secs] 
2016-02-18T22:18:43.353+0800: 273320.067: [GC [PSYoungGen: 1374528K->15776K(1379712K)] 2648614K->1290035K(4175936K), 0.0394280 secs] [Times: user=0.07 sys=0.00, real=0.04 secs] 
2016-02-18T22:19:20.826+0800: 273357.540: [GC [PSYoungGen: 1377120K->15632K(1380096K)] 2651379K->1290156K(4176320K), 0.0319640 secs] [Times: user=0.05 sys=0.00, real=0.03 secs] 
2016-02-18T22:19:55.619+0800: 273392.333: [GC [PSYoungGen: 1377552K->16160K(1379904K)] 2652076K->1291068K(4176128K), 0.0333780 secs] [Times: user=0.06 sys=0.00, real=0.03 secs] 
2016-02-18T22:20:26.461+0800: 273423.176: [GC [PSYoungGen: 1378080K->12592K(1379520K)] 2652988K->1287724K(4175744K), 0.0329310 secs] [Times: user=0.05 sys=0.00, real=0.03 secs] 
2016-02-18T22:20:58.440+0800: 273455.155: [GC [PSYoungGen: 1374192K->14272K(1379840K)] 2649324K->1289556K(4176064K), 0.0313320 secs] [Times: user=0.05 sys=0.00, real=0.03 secs] 
2016-02-18T22:21:31.185+0800: 273487.899: [GC [PSYoungGen: 1375872K->14464K(1380160K)] 2651156K->1290200K(4176384K), 0.0323480 secs] [Times: user=0.05 sys=0.00, real=0.03 secs] 
2016-02-18T22:22:05.786+0800: 273522.500: [GC [PSYoungGen: 1376512K->17520K(1379584K)] 2652248K->1293444K(4175808K), 0.0393770 secs] [Times: user=0.06 sys=0.00, real=0.04 secs] 
2016-02-18T22:22:36.891+0800: 273553.606: [GC [PSYoungGen: 1379568K->13552K(1379456K)] 2655492K->1289757K(4175680K), 0.0310600 secs] [Times: user=0.05 sys=0.00, real=0.03 secs] 
2016-02-18T22:23:10.405+0800: 273587.120: [GC [PSYoungGen: 1374512K->14673K(1379520K)] 2650717K->1291066K(4175744K), 0.0331720 secs] [Times: user=0.05 sys=0.00, real=0.03 secs] 
2016-02-18T22:23:45.285+0800: 273622.000: [GC [PSYoungGen: 1375633K->14432K(1379968K)] 2652026K->1291174K(4176192K), 0.0349160 secs] [Times: user=0.05 sys=0.00, real=0.03 secs] 
2016-02-18T22:24:21.008+0800: 273657.722: [GC [PSYoungGen: 1376096K->14944K(1379776K)] 2652838K->1292095K(4176000K), 0.0349210 secs] [Times: user=0.05 sys=0.00, real=0.04 secs] 
2016-02-18T22:24:53.470+0800: 273690.184: [GC [PSYoungGen: 1376608K->15888K(1380224K)] 2653759K->1293255K(4176448K), 0.0329590 secs] [Times: user=0.06 sys=0.00, real=0.03 secs] 
2016-02-18T22:25:27.065+0800: 273723.780: [GC [PSYoungGen: 1378256K->14432K(1380224K)] 2655623K->1292267K(4176448K), 0.0340760 secs] [Times: user=0.06 sys=0.00, real=0.04 secs] 
2016-02-18T22:26:01.078+0800: 273757.792: [GC [PSYoungGen: 1376800K->15072K(1380608K)] 2654635K->1293075K(4176832K), 0.0373730 secs] [Times: user=0.06 sys=0.00, real=0.03 secs] 
2016-02-18T22:26:37.483+0800: 273794.198: [GC [PSYoungGen: 1377952K->16548K(1379456K)] 2655955K->1294712K(4175680K), 0.0352550 secs] [Times: user=0.06 sys=0.00, real=0.04 secs] 
2016-02-18T22:27:09.402+0800: 273826.116: [GC [PSYoungGen: 1379428K->13424K(1380288K)] 2657592K->1291821K(4176512K), 0.0310290 secs] [Times: user=0.05 sys=0.01, real=0.03 secs] 
2016-02-18T22:27:43.467+0800: 273860.182: [GC [PSYoungGen: 1375920K->16576K(1379136K)] 2654317K->1295110K(4175360K), 0.0335390 secs] [Times: user=0.05 sys=0.00, real=0.04 secs] 
2016-02-18T22:28:20.647+0800: 273897.362: [GC [PSYoungGen: 1379072K->15504K(1380160K)] 2657606K->1294354K(4176384K), 0.0331310 secs] [Times: user=0.05 sys=0.00, real=0.04 secs] 
2016-02-18T22:28:58.011+0800: 273934.725: [GC [PSYoungGen: 1377552K->15840K(1379968K)] 2656402K->1294982K(4176192K), 0.0352770 secs] [Times: user=0.06 sys=0.00, real=0.04 secs] 
2016-02-18T22:29:32.733+0800: 273969.447: [GC [PSYoungGen: 1377888K->16608K(1379776K)] 2657030K->1295882K(4176000K), 0.0380830 secs] [Times: user=0.05 sys=0.00, real=0.03 secs] 
2016-02-18T22:30:11.190+0800: 274007.904: [GC [PSYoungGen: 1378464K->16864K(1378752K)] 2657738K->1296323K(4174976K), 0.0394980 secs] [Times: user=0.06 sys=0.00, real=0.04 secs] 
2016-02-18T22:30:47.357+0800: 274044.072: [GC [PSYoungGen: 1378720K->16000K(1379776K)] 2658179K->1295795K(4176000K), 0.0351590 secs] [Times: user=0.06 sys=0.00, real=0.03 secs] 
2016-02-18T22:31:24.376+0800: 274081.091: [GC [PSYoungGen: 1377344K->16016K(1379648K)] 2657139K->1296147K(4175872K), 0.0429060 secs] [Times: user=0.07 sys=0.00, real=0.04 secs] 
2016-02-18T22:32:01.588+0800: 274118.302: [GC [PSYoungGen: 1377360K->16176K(1379968K)] 2657491K->1296691K(4176192K), 0.0386860 secs] [Times: user=0.06 sys=0.00, real=0.04 secs] 
2016-02-18T22:32:35.984+0800: 274152.699: [GC [PSYoungGen: 1377968K->14528K(1379904K)] 2658483K->1295256K(4176128K), 0.0412610 secs] [Times: user=0.06 sys=0.00, real=0.04 secs] 
2016-02-18T22:33:11.093+0800: 274187.808: [GC [PSYoungGen: 1376320K->15664K(1380224K)] 2657048K->1296512K(4176448K), 0.0349430 secs] [Times: user=0.06 sys=0.00, real=0.04 secs] 
2016-02-18T22:33:47.539+0800: 274224.254: [GC [PSYoungGen: 1377840K->15920K(1380032K)] 2658688K->1297149K(4176256K), 0.0330750 secs] [Times: user=0.07 sys=0.00, real=0.03 secs] 
2016-02-18T22:34:27.254+0800: 274263.968: [GC [PSYoungGen: 1378096K->16320K(1380224K)] 2659325K->1297921K(4176448K), 0.0330720 secs] [Times: user=0.05 sys=0.00, real=0.03 secs] 
2016-02-18T22:35:03.314+0800: 274300.028: [GC [PSYoungGen: 1378816K->14272K(1376832K)] 2660417K->1296138K(4173056K), 0.0331140 secs] [Times: user=0.05 sys=0.00, real=0.03 secs] 
2016-02-18T22:35:37.547+0800: 274334.261: [GC [PSYoungGen: 1376768K->14736K(1380352K)] 2658634K->1296814K(4176576K), 0.0309920 secs] [Times: user=0.06 sys=0.00, real=0.03 secs] 
2016-02-18T22:36:15.194+0800: 274371.908: [GC [PSYoungGen: 1377232K->15968K(1380224K)] 2659310K->1298315K(4176448K), 0.0359390 secs] [Times: user=0.06 sys=0.00, real=0.04 secs] 
2016-02-18T22:36:51.011+0800: 274407.726: [GC [PSYoungGen: 1378464K->14624K(1380416K)] 2660811K->1297323K(4176640K), 0.0352050 secs] [Times: user=0.05 sys=0.00, real=0.04 secs] 
2016-02-18T22:37:27.966+0800: 274444.681: [GC [PSYoungGen: 1377312K->16212K(1380352K)] 2660011K->1299036K(4176576K), 0.0362840 secs] [Times: user=0.06 sys=0.00, real=0.03 secs] 
2016-02-18T22:38:04.810+0800: 274481.524: [GC [PSYoungGen: 1378900K->14688K(1380416K)] 2661724K->1297821K(4176640K), 0.0304990 secs] [Times: user=0.05 sys=0.00, real=0.03 secs] 
2016-02-18T22:38:42.076+0800: 274518.791: [GC [PSYoungGen: 1377376K->16128K(1380352K)] 2660509K->1299565K(4176576K), 0.0335630 secs] [Times: user=0.06 sys=0.00, real=0.03 secs] 
2016-02-18T22:39:20.077+0800: 274556.792: [GC [PSYoungGen: 1378816K->16224K(1380288K)] 2662253K->1299825K(4176512K), 0.0341930 secs] [Times: user=0.05 sys=0.01, real=0.03 secs] 
2016-02-18T22:39:53.682+0800: 274590.396: [GC [PSYoungGen: 1378848K->16784K(1379456K)] 2662449K->1300649K(4175680K), 0.0335700 secs] [Times: user=0.06 sys=0.00, real=0.04 secs] 
2016-02-18T22:40:28.026+0800: 274624.740: [GC [PSYoungGen: 1379408K->14768K(1380160K)] 2663273K->1299001K(4176384K), 0.0363980 secs] [Times: user=0.06 sys=0.00, real=0.04 secs] 
2016-02-18T22:41:02.172+0800: 274658.887: [GC [PSYoungGen: 1376944K->15264K(1380096K)] 2661177K->1299634K(4176320K), 0.0399470 secs] [Times: user=0.06 sys=0.00, real=0.04 secs] 
2016-02-18T22:41:38.566+0800: 274695.281: [GC [PSYoungGen: 1377440K->15264K(1380480K)] 2661810K->1299927K(4176704K), 0.0344010 secs] [Times: user=0.05 sys=0.00, real=0.04 secs] 
2016-02-18T22:42:15.071+0800: 274731.786: [GC [PSYoungGen: 1378016K->15600K(1380352K)] 2662679K->1300535K(4176576K), 0.0329610 secs] [Times: user=0.06 sys=0.00, real=0.04 secs] 
2016-02-18T22:42:52.380+0800: 274769.095: [GC [PSYoungGen: 1378352K->15665K(1380800K)] 2663287K->1300960K(4177024K), 0.0351260 secs] [Times: user=0.06 sys=0.00, real=0.03 secs] 
2016-02-18T22:43:27.453+0800: 274804.168: [GC [PSYoungGen: 1379057K->13056K(1376448K)] 2664352K->1298785K(4172672K), 0.0302280 secs] [Times: user=0.05 sys=0.00, real=0.03 secs] 
2016-02-18T22:44:04.653+0800: 274841.367: [GC [PSYoungGen: 1376448K->15184K(1380736K)] 2662177K->1301053K(4176960K), 0.0319530 secs] [Times: user=0.06 sys=0.01, real=0.03 secs] 
2016-02-18T22:44:44.918+0800: 274881.633: [GC [PSYoungGen: 1378384K->15184K(1380544K)] 2664253K->1301233K(4176768K), 0.0312170 secs] [Times: user=0.06 sys=0.00, real=0.03 secs] 
2016-02-18T22:45:19.733+0800: 274916.447: [GC [PSYoungGen: 1378384K->16240K(1380672K)] 2664433K->1302610K(4176896K), 0.0397820 secs] [Times: user=0.06 sys=0.00, real=0.04 secs] 
2016-02-18T22:45:54.963+0800: 274951.677: [GC [PSYoungGen: 1379760K->15072K(1380800K)] 2666130K->1301830K(4177024K), 0.0307600 secs] [Times: user=0.05 sys=0.00, real=0.03 secs] 
2016-02-18T22:46:32.640+0800: 274989.354: [GC [PSYoungGen: 1378592K->15680K(1380992K)] 2665350K->1302814K(4177216K), 0.0348600 secs] [Times: user=0.06 sys=0.00, real=0.04 secs] 
2016-02-18T22:47:09.406+0800: 275026.120: [GC [PSYoungGen: 1379520K->15024K(1380928K)] 2666654K->1302387K(4177152K), 0.0346810 secs] [Times: user=0.06 sys=0.00, real=0.03 secs] 
2016-02-18T22:47:47.987+0800: 275064.701: [GC [PSYoungGen: 1378864K->16384K(1380672K)] 2666227K->1304068K(4176896K), 0.0346890 secs] [Times: user=0.06 sys=0.00, real=0.03 secs] 
2016-02-18T22:48:25.642+0800: 275102.356: [GC [PSYoungGen: 1380032K->14976K(1380864K)] 2667716K->1302919K(4177088K), 0.0321030 secs] [Times: user=0.06 sys=0.00, real=0.03 secs] 
2016-02-18T22:49:04.150+0800: 275140.864: [GC [PSYoungGen: 1378624K->16496K(1380544K)] 2666567K->1304740K(4176768K), 0.0335720 secs] [Times: user=0.05 sys=0.00, real=0.03 secs] 
2016-02-18T22:49:40.556+0800: 275177.270: [GC [PSYoungGen: 1379888K->15696K(1380736K)] 2668132K->1304237K(4176960K), 0.0353720 secs] [Times: user=0.05 sys=0.00, real=0.03 secs] 
2016-02-18T22:50:14.651+0800: 275211.365: [GC [PSYoungGen: 1379088K->14368K(1380800K)] 2667629K->1303077K(4177024K), 0.0319280 secs] [Times: user=0.05 sys=0.00, real=0.03 secs] 
2016-02-18T22:50:55.287+0800: 275252.001: [GC [PSYoungGen: 1377888K->15344K(1380800K)] 2666597K->1304425K(4177024K), 0.0327190 secs] [Times: user=0.06 sys=0.00, real=0.04 secs] 
2016-02-18T22:51:35.234+0800: 275291.948: [GC [PSYoungGen: 1378864K->17008K(1380096K)] 2667945K->1306382K(4176320K), 0.0358450 secs] [Times: user=0.06 sys=0.00, real=0.04 secs] 
2016-02-18T22:52:15.345+0800: 275332.059: [GC [PSYoungGen: 1380016K->16511K(1379520K)] 2669390K->1306229K(4175744K), 0.0335590 secs] [Times: user=0.05 sys=0.00, real=0.04 secs] 
2016-02-18T22:52:55.051+0800: 275371.766: [GC [PSYoungGen: 1379519K->14896K(1380480K)] 2669237K->1305221K(4176704K), 0.0330910 secs] [Times: user=0.06 sys=0.00, real=0.04 secs] 
2016-02-18T22:53:37.208+0800: 275413.922: [GC [PSYoungGen: 1377712K->15872K(1380416K)] 2668037K->1306526K(4176640K), 0.0341260 secs] [Times: user=0.06 sys=0.00, real=0.04 secs] 
2016-02-18T22:54:20.720+0800: 275457.435: [GC [PSYoungGen: 1378688K->15392K(1380672K)] 2669342K->1306511K(4176896K), 0.0360960 secs] [Times: user=0.06 sys=0.00, real=0.03 secs] 
2016-02-18T22:54:58.533+0800: 275495.247: [GC [PSYoungGen: 1378528K->16288K(1380544K)] 2669647K->1307590K(4176768K), 0.0366390 secs] [Times: user=0.06 sys=0.00, real=0.04 secs] 
2016-02-18T22:55:36.273+0800: 275532.987: [GC [PSYoungGen: 1379424K->15360K(1380736K)] 2670726K->1306919K(4176960K), 0.0364140 secs] [Times: user=0.07 sys=0.00, real=0.04 secs] 
2016-02-18T22:56:19.104+0800: 275575.818: [GC [PSYoungGen: 1378624K->16928K(1380224K)] 2670183K->1308815K(4176448K), 0.0380010 secs] [Times: user=0.06 sys=0.00, real=0.04 secs] 
2016-02-18T22:57:05.919+0800: 275622.633: [GC [PSYoungGen: 1380192K->17104K(1379776K)] 2672079K->1309331K(4176000K), 0.0356650 secs] [Times: user=0.06 sys=0.00, real=0.04 secs] 
2016-02-18T22:57:51.497+0800: 275668.211: [GC [PSYoungGen: 1379216K->17120K(1379264K)] 2671443K->1309736K(4175488K), 0.0358530 secs] [Times: user=0.06 sys=0.00, real=0.03 secs] 
2016-02-18T22:58:31.284+0800: 275707.998: [GC [PSYoungGen: 1379232K->14556K(1379840K)] 2671848K->1307553K(4176064K), 0.0313320 secs] [Times: user=0.06 sys=0.00, real=0.03 secs] 
2016-02-18T22:59:10.651+0800: 275747.365: [GC [PSYoungGen: 1376156K->15120K(1379840K)] 2669153K->1308458K(4176064K), 0.0413550 secs] [Times: user=0.08 sys=0.00, real=0.05 secs] 
2016-02-18T22:59:51.626+0800: 275788.340: [GC [PSYoungGen: 1376720K->14914K(1380032K)] 2670058K->1308625K(4176256K), 0.0306880 secs] [Times: user=0.05 sys=0.00, real=0.03 secs] 
2016-02-18T23:00:34.025+0800: 275830.739: [GC [PSYoungGen: 1376834K->17757K(1379712K)] 2670545K->1311677K(4175936K), 0.0378710 secs] [Times: user=0.06 sys=0.00, real=0.03 secs] 
2016-02-18T23:01:14.027+0800: 275870.742: [GC [PSYoungGen: 1379677K->14192K(1379200K)] 2673597K->1308428K(4175424K), 0.0317850 secs] [Times: user=0.06 sys=0.00, real=0.03 secs] 
2016-02-18T23:01:55.367+0800: 275912.081: [GC [PSYoungGen: 1375024K->15808K(1379456K)] 2669260K->1310389K(4175680K), 0.0331180 secs] [Times: user=0.06 sys=0.00, real=0.04 secs] 
2016-02-18T23:02:38.709+0800: 275955.424: [GC [PSYoungGen: 1376640K->16384K(1379776K)] 2671221K->1311242K(4176000K), 0.0360600 secs] [Times: user=0.06 sys=0.00, real=0.03 secs] 
2016-02-18T23:03:19.084+0800: 275995.798: [GC [PSYoungGen: 1377792K->15440K(1379712K)] 2672650K->1310634K(4175936K), 0.0339490 secs] [Times: user=0.05 sys=0.00, real=0.03 secs] 
2016-02-18T23:03:57.640+0800: 276034.355: [GC [PSYoungGen: 1376848K->14945K(1380032K)] 2672042K->1310356K(4176256K), 0.0309840 secs] [Times: user=0.05 sys=0.00, real=0.03 secs] 
2016-02-18T23:04:37.350+0800: 276074.064: [GC [PSYoungGen: 1376801K->16878K(1378752K)] 2672212K->1312738K(4174976K), 0.0380770 secs] [Times: user=0.07 sys=0.00, real=0.04 secs] 
2016-02-18T23:05:20.939+0800: 276117.653: [GC [PSYoungGen: 1378734K->15568K(1380032K)] 2674594K->1311733K(4176256K), 0.0315420 secs] [Times: user=0.06 sys=0.00, real=0.03 secs] 
2016-02-18T23:06:05.734+0800: 276162.448: [GC [PSYoungGen: 1377360K->15008K(1379840K)] 2673525K->1311422K(4176064K), 0.0343270 secs] [Times: user=0.05 sys=0.00, real=0.04 secs] 
2016-02-18T23:06:47.554+0800: 276204.269: [GC [PSYoungGen: 1376800K->17485K(1379200K)] 2673214K->1314155K(4175424K), 0.0736780 secs] [Times: user=0.10 sys=0.00, real=0.07 secs] 
2016-02-18T23:07:29.190+0800: 276245.905: [GC [PSYoungGen: 1378701K->15392K(1379648K)] 2675371K->1312426K(4175872K), 0.0361470 secs] [Times: user=0.06 sys=0.00, real=0.03 secs] 
2016-02-18T23:08:15.691+0800: 276292.405: [GC [PSYoungGen: 1376608K->15952K(1380032K)] 2673642K->1313095K(4176256K), 0.0372550 secs] [Times: user=0.06 sys=0.00, real=0.04 secs] 
2016-02-18T23:09:03.285+0800: 276339.999: [GC [PSYoungGen: 1377744K->16368K(1379840K)] 2674887K->1313827K(4176064K), 0.0366060 secs] [Times: user=0.06 sys=0.00, real=0.03 secs] 
2016-02-18T23:09:52.871+0800: 276389.586: [GC [PSYoungGen: 1378160K->16752K(1379904K)] 2675619K->1314620K(4176128K), 0.0376550 secs] [Times: user=0.06 sys=0.00, real=0.04 secs] 
2016-02-18T23:10:30.789+0800: 276427.503: [GC [PSYoungGen: 1378608K->14112K(1376000K)] 2676476K->1312257K(4172224K), 0.0313170 secs] [Times: user=0.06 sys=0.00, real=0.03 secs] 
2016-02-18T23:11:12.644+0800: 276469.358: [GC [PSYoungGen: 1375968K->18224K(1377408K)] 2674113K->1317938K(4173632K), 0.0385260 secs] [Times: user=0.08 sys=0.00, real=0.03 secs] 
2016-02-18T23:11:58.344+0800: 276515.058: [GC [PSYoungGen: 1377392K->14704K(1378624K)] 2677106K->1314726K(4174848K), 0.0329200 secs] [Times: user=0.05 sys=0.00, real=0.03 secs] 
2016-02-18T23:12:43.154+0800: 276559.868: [GC [PSYoungGen: 1373872K->16048K(1379008K)] 2673894K->1316379K(4175232K), 0.0355270 secs] [Times: user=0.06 sys=0.00, real=0.04 secs] 
2016-02-18T23:13:26.708+0800: 276603.423: [GC [PSYoungGen: 1375664K->14720K(1378688K)] 2675995K->1315231K(4174912K), 0.0329310 secs] [Times: user=0.05 sys=0.00, real=0.03 secs] 
2016-02-18T23:14:12.757+0800: 276649.471: [GC [PSYoungGen: 1374336K->15360K(1379264K)] 2674847K->1316211K(4175488K), 0.0347350 secs] [Times: user=0.06 sys=0.00, real=0.03 secs] 
2016-02-18T23:14:57.703+0800: 276694.418: [GC [PSYoungGen: 1375616K->14128K(1379072K)] 2676467K->1315260K(4175296K), 0.0353450 secs] [Times: user=0.06 sys=0.00, real=0.03 secs] 
2016-02-18T23:15:38.788+0800: 276735.503: [GC [PSYoungGen: 1374384K->12931K(1379008K)] 2675516K->1314432K(4175232K), 0.0316170 secs] [Times: user=0.04 sys=0.00, real=0.03 secs] 
2016-02-18T23:16:24.479+0800: 276781.193: [GC [PSYoungGen: 1373123K->16260K(1379136K)] 2674624K->1317924K(4175360K), 0.0341220 secs] [Times: user=0.06 sys=0.00, real=0.03 secs] 
2016-02-18T23:17:14.812+0800: 276831.527: [GC [PSYoungGen: 1376452K->13904K(1379264K)] 2678116K->1315842K(4175488K), 0.0323480 secs] [Times: user=0.05 sys=0.00, real=0.03 secs] 
2016-02-18T23:17:59.523+0800: 276876.238: [GC [PSYoungGen: 1374090K->14493K(1379136K)] 2676028K->1316700K(4175360K), 0.0305040 secs] [Times: user=0.05 sys=0.00, real=0.03 secs] 
2016-02-18T23:18:48.463+0800: 276925.178: [GC [PSYoungGen: 1374813K->13504K(1379456K)] 2677020K->1315830K(4175680K), 0.0281730 secs] [Times: user=0.05 sys=0.00, real=0.03 secs] 
2016-02-18T23:19:31.836+0800: 276968.551: [GC [PSYoungGen: 1374336K->13440K(1379456K)] 2676662K->1315983K(4175680K), 0.0334830 secs] [Times: user=0.06 sys=0.00, real=0.03 secs] 
2016-02-18T23:20:13.534+0800: 277010.248: [GC [PSYoungGen: 1374272K->13408K(1379648K)] 2676815K->1316163K(4175872K), 0.0290970 secs] [Times: user=0.04 sys=0.00, real=0.03 secs] 
2016-02-18T23:21:01.185+0800: 277057.899: [GC [PSYoungGen: 1374496K->13696K(1379520K)] 2677251K->1316603K(4175744K), 0.0324740 secs] [Times: user=0.06 sys=0.00, real=0.03 secs] 
2016-02-18T23:21:54.143+0800: 277110.858: [GC [PSYoungGen: 1374784K->15841K(1379712K)] 2677691K->1318892K(4175936K), 0.0324350 secs] [Times: user=0.06 sys=0.00, real=0.03 secs] 
2016-02-18T23:22:43.474+0800: 277160.189: [GC [PSYoungGen: 1377313K->16016K(1377536K)] 2680364K->1319481K(4173760K), 0.0360950 secs] [Times: user=0.06 sys=0.00, real=0.03 secs] 
2016-02-18T23:23:32.261+0800: 277208.976: [GC [PSYoungGen: 1377488K->15933K(1379520K)] 2680953K->1319698K(4175744K), 0.0354010 secs] [Times: user=0.05 sys=0.00, real=0.03 secs] 
2016-02-18T23:24:18.188+0800: 277254.903: [GC [PSYoungGen: 1377021K->14000K(1379584K)] 2680786K->1318238K(4175808K), 0.0313700 secs] [Times: user=0.06 sys=0.00, real=0.03 secs] 
2016-02-18T23:25:10.149+0800: 277306.863: [GC [PSYoungGen: 1375088K->15122K(1380032K)] 2679326K->1319653K(4176256K), 0.0325620 secs] [Times: user=0.06 sys=0.00, real=0.03 secs] 
2016-02-18T23:25:55.828+0800: 277352.542: [GC [PSYoungGen: 1376850K->13872K(1379776K)] 2681381K->1318685K(4176000K), 0.0306870 secs] [Times: user=0.05 sys=0.00, real=0.03 secs] 
2016-02-18T23:26:44.094+0800: 277400.808: [GC [PSYoungGen: 1375600K->14640K(1380416K)] 2680413K->1319861K(4176640K), 0.0321700 secs] [Times: user=0.05 sys=0.00, real=0.03 secs] 
2016-02-18T23:27:33.411+0800: 277450.125: [GC [PSYoungGen: 1377136K->15904K(1380160K)] 2682357K->1321346K(4176384K), 0.0354650 secs] [Times: user=0.06 sys=0.00, real=0.04 secs] 
2016-02-18T23:28:26.288+0800: 277503.002: [GC [PSYoungGen: 1378400K->14144K(1380480K)] 2683842K->1319966K(4176704K), 0.0306270 secs] [Times: user=0.05 sys=0.00, real=0.03 secs] 
2016-02-18T23:29:17.617+0800: 277554.331: [GC [PSYoungGen: 1376832K->16256K(1379008K)] 2682654K->1322336K(4175232K), 0.0342180 secs] [Times: user=0.05 sys=0.00, real=0.03 secs] 
2016-02-18T23:30:12.790+0800: 277609.504: [GC [PSYoungGen: 1378944K->15456K(1380352K)] 2685024K->1321748K(4176576K), 0.0326980 secs] [Times: user=0.06 sys=0.00, real=0.03 secs] 
2016-02-18T23:31:08.704+0800: 277665.418: [GC [PSYoungGen: 1377952K->14992K(1380224K)] 2684244K->1321496K(4176448K), 0.0337710 secs] [Times: user=0.06 sys=0.00, real=0.03 secs] 
2016-02-18T23:31:58.446+0800: 277715.160: [GC [PSYoungGen: 1377488K->14576K(1380736K)] 2683992K->1321373K(4176960K), 0.0364290 secs] [Times: user=0.06 sys=0.00, real=0.04 secs] 
2016-02-18T23:32:52.678+0800: 277769.392: [GC [PSYoungGen: 1377840K->15712K(1380608K)] 2684637K->1322774K(4176832K), 0.0350860 secs] [Times: user=0.06 sys=0.00, real=0.03 secs] 
2016-02-18T23:33:51.119+0800: 277827.833: [GC [PSYoungGen: 1378976K->14224K(1380800K)] 2686038K->1321443K(4177024K), 0.0300190 secs] [Times: user=0.05 sys=0.00, real=0.03 secs] 
2016-02-18T23:34:48.310+0800: 277885.025: [GC [PSYoungGen: 1377680K->14992K(1380736K)] 2684899K->1322471K(4176960K), 0.0341200 secs] [Times: user=0.06 sys=0.00, real=0.03 secs] 
2016-02-18T23:35:34.090+0800: 277930.805: [GC [PSYoungGen: 1378448K->14288K(1381120K)] 2685927K->1321931K(4177344K), 0.0297640 secs] [Times: user=0.04 sys=0.01, real=0.03 secs] 
2016-02-18T23:36:28.571+0800: 277985.285: [GC [PSYoungGen: 1378320K->14928K(1380992K)] 2685963K->1322967K(4177216K), 0.0304540 secs] [Times: user=0.06 sys=0.00, real=0.04 secs] 
2016-02-18T23:37:19.922+0800: 278036.636: [GC [PSYoungGen: 1378960K->14736K(1381440K)] 2686999K->1323092K(4177664K), 0.0339230 secs] [Times: user=0.05 sys=0.00, real=0.04 secs] 
2016-02-18T23:38:14.560+0800: 278091.275: [GC [PSYoungGen: 1379408K->14096K(1381312K)] 2687764K->1322620K(4177536K), 0.0320660 secs] [Times: user=0.06 sys=0.00, real=0.03 secs] 
2016-02-18T23:39:06.696+0800: 278143.411: [GC [PSYoungGen: 1378768K->14064K(1381568K)] 2687292K->1322825K(4177792K), 0.0307830 secs] [Times: user=0.05 sys=0.00, real=0.03 secs] 
2016-02-18T23:39:57.778+0800: 278194.493: [GC [PSYoungGen: 1379056K->15120K(1381504K)] 2687817K->1324253K(4177728K), 0.0349100 secs] [Times: user=0.06 sys=0.00, real=0.03 secs] 
2016-02-18T23:40:50.021+0800: 278246.735: [GC [PSYoungGen: 1380112K->13664K(1381568K)] 2689245K->1323173K(4177792K), 0.0286740 secs] [Times: user=0.05 sys=0.00, real=0.03 secs] 
2016-02-18T23:41:45.496+0800: 278302.210: [GC [PSYoungGen: 1378720K->14800K(1381568K)] 2688229K->1324450K(4177792K), 0.0303390 secs] [Times: user=0.05 sys=0.01, real=0.03 secs] 
2016-02-18T23:42:37.584+0800: 278354.298: [GC [PSYoungGen: 1379856K->12016K(1381056K)] 2689506K->1321939K(4177280K), 0.0303860 secs] [Times: user=0.05 sys=0.00, real=0.03 secs] 
2016-02-18T23:43:40.291+0800: 278417.005: [GC [PSYoungGen: 1376688K->14208K(1381376K)] 2686611K->1324299K(4177600K), 0.0317420 secs] [Times: user=0.06 sys=0.00, real=0.03 secs] 
2016-02-18T23:44:35.407+0800: 278472.121: [GC [PSYoungGen: 1378880K->14496K(1381760K)] 2688971K->1324923K(4177984K), 0.0322920 secs] [Times: user=0.05 sys=0.00, real=0.03 secs] 
2016-02-18T23:45:24.365+0800: 278521.080: [GC [PSYoungGen: 1379744K->11648K(1376960K)] 2690171K->1322347K(4173184K), 0.0284250 secs] [Times: user=0.05 sys=0.00, real=0.03 secs] 
2016-02-18T23:46:18.580+0800: 278575.294: [GC [PSYoungGen: 1376896K->13104K(1381568K)] 2687595K->1323955K(4177792K), 0.0319440 secs] [Times: user=0.05 sys=0.00, real=0.04 secs] 
2016-02-18T23:47:18.883+0800: 278635.597: [GC [PSYoungGen: 1378096K->15025K(1380032K)] 2688947K->1326114K(4176256K), 0.0312860 secs] [Times: user=0.05 sys=0.01, real=0.03 secs] 
2016-02-18T23:48:18.694+0800: 278695.409: [GC [PSYoungGen: 1380017K->15936K(1380544K)] 2691106K->1327442K(4176768K), 0.0364740 secs] [Times: user=0.06 sys=0.00, real=0.04 secs] 
2016-02-18T23:49:19.615+0800: 278756.330: [GC [PSYoungGen: 1379840K->12576K(1380992K)] 2691346K->1324374K(4177216K), 0.0316420 secs] [Times: user=0.06 sys=0.00, real=0.03 secs] 
2016-02-18T23:50:14.706+0800: 278811.421: [GC [PSYoungGen: 1376480K->12176K(1380864K)] 2688278K->1324078K(4177088K), 0.0295000 secs] [Times: user=0.05 sys=0.00, real=0.03 secs] 
2016-02-18T23:51:12.051+0800: 278868.765: [GC [PSYoungGen: 1375952K->16304K(1380096K)] 2687854K->1328503K(4176320K), 0.0346840 secs] [Times: user=0.06 sys=0.00, real=0.04 secs] 
2016-02-18T23:52:14.124+0800: 278930.838: [GC [PSYoungGen: 1380080K->15281K(1380288K)] 2692279K->1327901K(4176512K), 0.0330310 secs] [Times: user=0.06 sys=0.00, real=0.03 secs] 
2016-02-18T23:53:12.056+0800: 278988.770: [GC [PSYoungGen: 1377905K->15392K(1378048K)] 2690525K->1328253K(4174272K), 0.0317470 secs] [Times: user=0.05 sys=0.01, real=0.03 secs] 
2016-02-18T23:54:17.788+0800: 279054.503: [GC [PSYoungGen: 1378016K->14672K(1380480K)] 2690877K->1327945K(4176704K), 0.0341320 secs] [Times: user=0.06 sys=0.00, real=0.03 secs] 
2016-02-18T23:55:15.533+0800: 279112.247: [GC [PSYoungGen: 1377360K->12640K(1380288K)] 2690633K->1326277K(4176512K), 0.0337880 secs] [Times: user=0.04 sys=0.00, real=0.03 secs] 
2016-02-18T23:56:16.814+0800: 279173.528: [GC [PSYoungGen: 1375328K->15392K(1380352K)] 2688965K->1329133K(4176576K), 0.0379610 secs] [Times: user=0.06 sys=0.00, real=0.04 secs] 
2016-02-18T23:57:21.553+0800: 279238.268: [GC [PSYoungGen: 1378144K->17328K(1380096K)] 2691885K->1331342K(4176320K), 0.0456100 secs] [Times: user=0.06 sys=0.00, real=0.04 secs] 
2016-02-18T23:58:31.868+0800: 279308.583: [GC [PSYoungGen: 1380080K->14928K(1379712K)] 2694094K->1329342K(4175936K), 0.0333020 secs] [Times: user=0.06 sys=0.00, real=0.03 secs] 
2016-02-18T23:59:39.388+0800: 279376.102: [GC [PSYoungGen: 1376656K->15536K(1379904K)] 2691070K->1330310K(4176128K), 0.0324460 secs] [Times: user=0.05 sys=0.01, real=0.03 secs] 
2016-02-19T00:00:43.573+0800: 279440.288: [GC [PSYoungGen: 1377262K->14682K(1380288K)] 2692037K->1329622K(4176512K), 0.0327630 secs] [Times: user=0.05 sys=0.00, real=0.03 secs] 
2016-02-19T00:01:50.347+0800: 279507.061: [GC [PSYoungGen: 1376858K->15008K(1379968K)] 2691798K->1330806K(4176192K), 0.0364960 secs] [Times: user=0.06 sys=0.00, real=0.03 secs] 
2016-02-19T00:03:02.453+0800: 279579.167: [GC [PSYoungGen: 1377184K->14768K(1380736K)] 2692982K->1330730K(4176960K), 0.0355670 secs] [Times: user=0.06 sys=0.00, real=0.03 secs] 
2016-02-19T00:04:11.434+0800: 279648.149: [GC [PSYoungGen: 1377904K->15248K(1380480K)] 2693866K->1331403K(4176704K), 0.0322030 secs] [Times: user=0.06 sys=0.00, real=0.03 secs] 
2016-02-19T00:05:23.385+0800: 279720.099: [GC [PSYoungGen: 1378384K->13888K(1380928K)] 2694539K->1330556K(4177152K), 0.0304000 secs] [Times: user=0.05 sys=0.01, real=0.03 secs] 
2016-02-19T00:06:42.568+0800: 279799.282: [GC [PSYoungGen: 1377536K->14208K(1380800K)] 2694204K->1331031K(4177024K), 0.0299770 secs] [Times: user=0.05 sys=0.00, real=0.04 secs] 
2016-02-19T00:07:54.387+0800: 279871.101: [GC [PSYoungGen: 1377856K->15367K(1381056K)] 2694679K->1332339K(4177280K), 0.0313040 secs] [Times: user=0.06 sys=0.00, real=0.03 secs] 
2016-02-19T00:09:15.486+0800: 279952.200: [GC [PSYoungGen: 1379399K->16336K(1380416K)] 2696371K->1333549K(4176640K), 0.0340170 secs] [Times: user=0.05 sys=0.00, real=0.04 secs] 
2016-02-19T00:10:34.684+0800: 280031.399: [GC [PSYoungGen: 1380368K->13584K(1380672K)] 2697581K->1331078K(4176896K), 0.0296830 secs] [Times: user=0.05 sys=0.00, real=0.03 secs] 
2016-02-19T00:11:49.808+0800: 280106.523: [GC [PSYoungGen: 1376848K->15056K(1380672K)] 2694342K->1332843K(4176896K), 0.0315810 secs] [Times: user=0.06 sys=0.00, real=0.03 secs] 
2016-02-19T00:13:08.430+0800: 280185.144: [GC [PSYoungGen: 1378320K->14112K(1380992K)] 2696107K->1332015K(4177216K), 0.0329670 secs] [Times: user=0.05 sys=0.00, real=0.03 secs] 
2016-02-19T00:14:31.885+0800: 280268.599: [GC [PSYoungGen: 1377888K->14560K(1380864K)] 2695791K->1332547K(4177088K), 0.0335530 secs] [Times: user=0.05 sys=0.00, real=0.03 secs] 
2016-02-19T00:15:58.247+0800: 280354.962: [GC [PSYoungGen: 1378336K->14864K(1381312K)] 2696323K->1333024K(4177536K), 0.0319530 secs] [Times: user=0.06 sys=0.00, real=0.03 secs] 
2016-02-19T00:17:27.790+0800: 280444.505: [GC [PSYoungGen: 1379280K->15488K(1381184K)] 2697440K->1334001K(4177408K), 0.0342340 secs] [Times: user=0.05 sys=0.00, real=0.03 secs] 
2016-02-19T00:18:54.593+0800: 280531.308: [GC [PSYoungGen: 1379904K->13344K(1381120K)] 2698417K->1332191K(4177344K), 0.0275410 secs] [Times: user=0.05 sys=0.00, real=0.03 secs] 
2016-02-19T00:20:14.191+0800: 280610.905: [GC [PSYoungGen: 1377632K->12768K(1377088K)] 2696479K->1331852K(4173312K), 0.0294020 secs] [Times: user=0.05 sys=0.00, real=0.03 secs] 
2016-02-19T00:21:34.550+0800: 280691.264: [GC [PSYoungGen: 1377056K->13938K(1381248K)] 2696140K->1333403K(4177472K), 0.0290190 secs] [Times: user=0.05 sys=0.00, real=0.03 secs] 
2016-02-19T00:22:57.602+0800: 280774.317: [GC [PSYoungGen: 1378226K->15584K(1379904K)] 2697691K->1335434K(4176128K), 0.0323080 secs] [Times: user=0.05 sys=0.00, real=0.03 secs] 
2016-02-19T00:24:22.183+0800: 280858.897: [GC [PSYoungGen: 1379872K->12992K(1381056K)] 2699722K->1333006K(4177280K), 0.0271660 secs] [Times: user=0.05 sys=0.00, real=0.02 secs] 
2016-02-19T00:25:50.447+0800: 280947.161: [GC [PSYoungGen: 1377024K->13312K(1381056K)] 2697038K->1333438K(4177280K), 0.0342480 secs] [Times: user=0.06 sys=0.00, real=0.03 secs] 
2016-02-19T00:27:19.624+0800: 281036.338: [GC [PSYoungGen: 1377344K->15104K(1380992K)] 2697470K->1335374K(4177216K), 0.0327630 secs] [Times: user=0.05 sys=0.00, real=0.03 secs] 
2016-02-19T00:28:54.036+0800: 281130.751: [GC [PSYoungGen: 1379136K->12832K(1381056K)] 2699406K->1333418K(4177280K), 0.0325780 secs] [Times: user=0.05 sys=0.00, real=0.03 secs] 
2016-02-19T00:30:25.800+0800: 281222.514: [GC [PSYoungGen: 1376864K->11424K(1380672K)] 2697450K->1332142K(4176896K), 0.0284330 secs] [Times: user=0.05 sys=0.00, real=0.04 secs] 
2016-02-19T00:32:01.458+0800: 281318.172: [GC [PSYoungGen: 1375072K->11840K(1380864K)] 2695790K->1332683K(4177088K), 0.0309190 secs] [Times: user=0.06 sys=0.00, real=0.03 secs] 
2016-02-19T00:33:51.146+0800: 281427.860: [GC [PSYoungGen: 1375488K->15696K(1380096K)] 2696331K->1336896K(4176320K), 0.0375820 secs] [Times: user=0.05 sys=0.00, real=0.03 secs] 
2016-02-19T00:35:30.243+0800: 281526.957: [GC [PSYoungGen: 1378576K->12896K(1380480K)] 2699776K->1334473K(4176704K), 0.0335840 secs] [Times: user=0.04 sys=0.01, real=0.03 secs] 
2016-02-19T00:37:32.245+0800: 281648.960: [GC [PSYoungGen: 1375776K->16231K(1379520K)] 2697353K->1337928K(4175744K), 0.0303100 secs] [Times: user=0.05 sys=0.00, real=0.03 secs] 
2016-02-19T00:39:27.146+0800: 281763.860: [GC [PSYoungGen: 1378343K->15280K(1377408K)] 2700040K->1337215K(4173632K), 0.0336320 secs] [Times: user=0.05 sys=0.01, real=0.03 secs] 
2016-02-19T00:41:05.891+0800: 281862.605: [GC [PSYoungGen: 1377392K->12368K(1380160K)] 2699327K->1334620K(4176384K), 0.0267630 secs] [Times: user=0.05 sys=0.00, real=0.02 secs] 
2016-02-19T00:43:13.694+0800: 281990.408: [GC [PSYoungGen: 1374480K->14438K(1380032K)] 2696732K->1336951K(4176256K), 0.0346400 secs] [Times: user=0.06 sys=0.00, real=0.03 secs] 
2016-02-19T00:45:16.628+0800: 282113.343: [GC [PSYoungGen: 1376550K->13808K(1380672K)] 2699063K->1336675K(4176896K), 0.0309710 secs] [Times: user=0.05 sys=0.01, real=0.03 secs] 
2016-02-19T00:47:16.054+0800: 282232.769: [GC [PSYoungGen: 1376752K->13840K(1380352K)] 2699619K->1336900K(4176576K), 0.0294870 secs] [Times: user=0.05 sys=0.00, real=0.04 secs] 
2016-02-19T00:49:09.572+0800: 282346.286: [GC [PSYoungGen: 1376784K->12384K(1380992K)] 2699844K->1335628K(4177216K), 0.0293340 secs] [Times: user=0.05 sys=0.00, real=0.03 secs] 
2016-02-19T00:51:07.418+0800: 282464.132: [GC [PSYoungGen: 1376288K->13024K(1380992K)] 2699532K->1336400K(4177216K), 0.0278020 secs] [Times: user=0.05 sys=0.00, real=0.03 secs] 
2016-02-19T00:53:15.418+0800: 282592.132: [GC [PSYoungGen: 1376928K->13751K(1381504K)] 2700304K->1337385K(4177728K), 0.0320920 secs] [Times: user=0.05 sys=0.00, real=0.03 secs] 
2016-02-19T00:55:25.886+0800: 282722.600: [GC [PSYoungGen: 1378359K->13904K(1381184K)] 2701993K->1337821K(4177408K), 0.0354690 secs] [Times: user=0.04 sys=0.01, real=0.03 secs] 
2016-02-19T00:57:55.269+0800: 282871.984: [GC [PSYoungGen: 1378512K->13473K(1381952K)] 2702429K->1337675K(4178176K), 0.0283450 secs] [Times: user=0.05 sys=0.00, real=0.03 secs] 
2016-02-19T00:59:54.420+0800: 282991.135: [GC [PSYoungGen: 1379105K->11968K(1381760K)] 2703307K->1336479K(4177984K), 0.0295270 secs] [Times: user=0.05 sys=0.00, real=0.03 secs] 
2016-02-19T01:02:25.028+0800: 283141.742: [GC [PSYoungGen: 1377600K->13472K(1382144K)] 2702111K->1338103K(4178368K), 0.0292460 secs] [Times: user=0.05 sys=0.00, real=0.03 secs] 
2016-02-19T01:04:39.147+0800: 283275.862: [GC [PSYoungGen: 1379424K->13792K(1381888K)] 2704055K->1338563K(4178112K), 0.0280280 secs] [Times: user=0.05 sys=0.00, real=0.03 secs] 
2016-02-19T01:07:21.989+0800: 283438.703: [GC [PSYoungGen: 1379744K->13936K(1382336K)] 2704515K->1338956K(4178560K), 0.0343830 secs] [Times: user=0.05 sys=0.00, real=0.04 secs] 
2016-02-19T01:09:49.223+0800: 283585.938: [GC [PSYoungGen: 1380464K->14048K(1382272K)] 2705484K->1339260K(4178496K), 0.0293170 secs] [Times: user=0.06 sys=0.00, real=0.03 secs] 
2016-02-19T01:12:26.933+0800: 283743.648: [GC [PSYoungGen: 1380576K->14416K(1382272K)] 2705788K->1339841K(4178496K), 0.0298680 secs] [Times: user=0.05 sys=0.00, real=0.03 secs] 
2016-02-19T01:15:16.872+0800: 283913.586: [GC [PSYoungGen: 1381008K->13200K(1382336K)] 2706433K->1338874K(4178560K), 0.0326150 secs] [Times: user=0.06 sys=0.00, real=0.03 secs] 
2016-02-19T01:18:19.489+0800: 284096.203: [GC [PSYoungGen: 1379792K->13657K(1382592K)] 2705466K->1339480K(4178816K), 0.0326170 secs] [Times: user=0.05 sys=0.00, real=0.03 secs] 
2016-02-19T01:21:14.204+0800: 284270.919: [GC [PSYoungGen: 1380569K->12032K(1382400K)] 2706392K->1338122K(4178624K), 0.0263340 secs] [Times: user=0.05 sys=0.00, real=0.03 secs] 
2016-02-19T01:25:10.450+0800: 284507.164: [GC [PSYoungGen: 1378944K->14256K(1382400K)] 2705034K->1340619K(4178624K), 0.0311880 secs] [Times: user=0.05 sys=0.00, real=0.03 secs] 
2016-02-19T01:29:10.217+0800: 284746.931: [GC [PSYoungGen: 1381104K->13296K(1382464K)] 2707467K->1339920K(4178688K), 0.0330950 secs] [Times: user=0.05 sys=0.01, real=0.04 secs] 
2016-02-19T01:32:01.433+0800: 284918.147: [GC [PSYoungGen: 1380144K->12530K(1382592K)] 2706768K->1339299K(4178816K), 0.0300070 secs] [Times: user=0.05 sys=0.00, real=0.03 secs] 
2016-02-19T01:35:16.873+0800: 285113.587: [GC [PSYoungGen: 1379634K->12256K(1382592K)] 2706403K->1339344K(4178816K), 0.0312630 secs] [Times: user=0.05 sys=0.00, real=0.04 secs] 
2016-02-19T01:39:10.161+0800: 285346.875: [GC [PSYoungGen: 1379360K->12448K(1382656K)] 2706448K->1339660K(4178880K), 0.0283050 secs] [Times: user=0.06 sys=0.00, real=0.02 secs] 
2016-02-19T01:43:07.256+0800: 285583.970: [GC [PSYoungGen: 1379616K->12416K(1382592K)] 2706828K->1339772K(4178816K), 0.0275500 secs] [Times: user=0.06 sys=0.00, real=0.03 secs] 
2016-02-19T01:47:25.287+0800: 285842.002: [GC [PSYoungGen: 1379584K->12464K(1382848K)] 2706940K->1339984K(4179072K), 0.0280110 secs] [Times: user=0.05 sys=0.00, real=0.03 secs] 
2016-02-19T01:51:37.793+0800: 286094.507: [GC [PSYoungGen: 1379952K->13040K(1382720K)] 2707472K->1340764K(4178944K), 0.0302280 secs] [Times: user=0.04 sys=0.01, real=0.03 secs] 
2016-02-19T01:56:08.851+0800: 286365.565: [GC [PSYoungGen: 1380528K->14288K(1382528K)] 2708252K->1342149K(4178752K), 0.0319520 secs] [Times: user=0.05 sys=0.00, real=0.03 secs] 
2016-02-19T02:00:15.688+0800: 286612.403: [GC [PSYoungGen: 1381776K->15264K(1382784K)] 2709637K->1347227K(4179008K), 0.0392460 secs] [Times: user=0.06 sys=0.01, real=0.04 secs] 
2016-02-19T02:04:15.891+0800: 286852.605: [GC [PSYoungGen: 1382752K->13182K(1379072K)] 2714715K->1347238K(4175296K), 0.0335720 secs] [Times: user=0.06 sys=0.00, real=0.03 secs] 
2016-02-19T02:06:15.395+0800: 286972.109: [GC [PSYoungGen: 1376958K->7362K(1371200K)] 2711014K->1341636K(4167424K), 0.0197980 secs] [Times: user=0.05 sys=0.00, real=0.02 secs] 
2016-02-19T02:08:11.588+0800: 287088.303: [GC [PSYoungGen: 1371138K->5555K(1378560K)] 2705412K->1340066K(4174784K), 0.0190260 secs] [Times: user=0.04 sys=0.00, real=0.02 secs] 
2016-02-19T02:10:46.618+0800: 287243.333: [GC [PSYoungGen: 1366259K->8672K(1379392K)] 2700770K->1343484K(4175616K), 0.0204700 secs] [Times: user=0.05 sys=0.00, real=0.02 secs] 
2016-02-19T02:14:28.192+0800: 287464.907: [GC [PSYoungGen: 1369376K->9891K(1379712K)] 2704188K->1344824K(4175936K), 0.0237060 secs] [Times: user=0.04 sys=0.00, real=0.02 secs] 
2016-02-19T02:19:19.760+0800: 287756.474: [GC [PSYoungGen: 1370915K->18360K(1379392K)] 2705848K->1363705K(4175616K), 0.0476580 secs] [Times: user=0.08 sys=0.01, real=0.04 secs] 
2016-02-19T02:23:44.433+0800: 288021.147: [GC [PSYoungGen: 1379384K->12400K(1370432K)] 2724729K->1358098K(4166656K), 0.0288680 secs] [Times: user=0.05 sys=0.00, real=0.02 secs] 
2016-02-19T02:26:45.581+0800: 288202.296: [GC [PSYoungGen: 1364144K->16784K(1368576K)] 2709842K->1362727K(4164800K), 0.0531410 secs] [Times: user=0.07 sys=0.00, real=0.06 secs] 
2016-02-19T02:32:43.539+0800: 288560.254: [GC [PSYoungGen: 1368528K->12288K(1375360K)] 2714471K->1358475K(4171584K), 0.0317350 secs] [Times: user=0.05 sys=0.00, real=0.04 secs] 
2016-02-19T02:39:04.533+0800: 288941.247: [GC [PSYoungGen: 1364224K->14048K(1374656K)] 2710411K->1360387K(4170880K), 0.0319200 secs] [Times: user=0.05 sys=0.01, real=0.03 secs] 
2016-02-19T02:44:56.579+0800: 289293.293: [GC [PSYoungGen: 1365984K->12448K(1376768K)] 2712323K->1359136K(4172992K), 0.0282540 secs] [Times: user=0.06 sys=0.00, real=0.03 secs] 
2016-02-19T02:50:37.189+0800: 289633.904: [GC [PSYoungGen: 1367264K->12480K(1376128K)] 2713952K->1359312K(4172352K), 0.0290980 secs] [Times: user=0.05 sys=0.01, real=0.03 secs] 
2016-02-19T02:57:53.894+0800: 290070.608: [GC [PSYoungGen: 1367296K->14430K(1377664K)] 2714128K->1361350K(4173888K), 0.0330740 secs] [Times: user=0.06 sys=0.00, real=0.04 secs] 
2016-02-19T03:05:12.775+0800: 290509.490: [GC [PSYoungGen: 1371358K->12240K(1377344K)] 2718278K->1359820K(4173568K), 0.0289320 secs] [Times: user=0.06 sys=0.00, real=0.03 secs] 
2016-02-19T03:13:24.053+0800: 291000.768: [GC [PSYoungGen: 1369168K->13712K(1378688K)] 2716748K->1361521K(4174912K), 0.0334910 secs] [Times: user=0.06 sys=0.00, real=0.03 secs] 
2016-02-19T03:20:24.247+0800: 291420.962: [GC [PSYoungGen: 1372496K->10672K(1378176K)] 2720305K->1358661K(4174400K), 0.0244020 secs] [Times: user=0.04 sys=0.00, real=0.02 secs] 
2016-02-19T03:30:00.001+0800: 291996.716: [GC [PSYoungGen: 1369456K->13024K(1379392K)] 2717445K->1361173K(4175616K), 0.0308150 secs] [Times: user=0.06 sys=0.00, real=0.03 secs] 
2016-02-19T03:38:37.800+0800: 292514.514: [GC [PSYoungGen: 1373152K->10848K(1378816K)] 2721301K->1359101K(4175040K), 0.0260220 secs] [Times: user=0.05 sys=0.00, real=0.03 secs] 
2016-02-19T03:48:29.646+0800: 293106.361: [GC [PSYoungGen: 1370976K->11104K(1379840K)] 2719229K->1359405K(4176064K), 0.0260800 secs] [Times: user=0.05 sys=0.00, real=0.02 secs] 
2016-02-19T03:58:39.625+0800: 293716.340: [GC [PSYoungGen: 1372448K->12256K(1379584K)] 2720749K->1360673K(4175808K), 0.0302970 secs] [Times: user=0.05 sys=0.00, real=0.04 secs] 
2016-02-19T04:08:40.046+0800: 294316.761: [GC [PSYoungGen: 1373600K->11728K(1380672K)] 2722017K->1360262K(4176896K), 0.0275840 secs] [Times: user=0.05 sys=0.00, real=0.03 secs] 
2016-02-19T04:21:06.730+0800: 295063.445: [GC [PSYoungGen: 1374608K->15552K(1378496K)] 2723142K->1364365K(4174720K), 0.0294740 secs] [Times: user=0.05 sys=0.00, real=0.03 secs] 
2016-02-19T04:31:55.456+0800: 295712.171: [GC [PSYoungGen: 1378432K->12736K(1380544K)] 2727245K->1361757K(4176768K), 0.0295180 secs] [Times: user=0.05 sys=0.00, real=0.03 secs] 
2016-02-19T04:43:44.091+0800: 296420.805: [GC [PSYoungGen: 1375232K->12592K(1380032K)] 2724253K->1361730K(4176256K), 0.0275100 secs] [Times: user=0.04 sys=0.00, real=0.02 secs] 
2016-02-19T04:55:50.457+0800: 297147.171: [GC [PSYoungGen: 1375088K->13392K(1381184K)] 2724226K->1362763K(4177408K), 0.0327640 secs] [Times: user=0.05 sys=0.01, real=0.03 secs] 
2016-02-19T05:06:25.253+0800: 297781.967: [GC [PSYoungGen: 1377424K->10496K(1380928K)] 2726795K->1360038K(4177152K), 0.0283410 secs] [Times: user=0.06 sys=0.00, real=0.02 secs] 
2016-02-19T05:15:15.787+0800: 298312.502: [GC [PSYoungGen: 1374528K->10992K(1381312K)] 2724070K->1360683K(4177536K), 0.0270310 secs] [Times: user=0.05 sys=0.00, real=0.03 secs] 
2016-02-19T05:25:06.935+0800: 298903.649: [GC [PSYoungGen: 1375408K->11488K(1381184K)] 2725099K->1361379K(4177408K), 0.0266800 secs] [Times: user=0.06 sys=0.00, real=0.02 secs] 
2016-02-19T05:36:35.542+0800: 299592.256: [GC [PSYoungGen: 1375904K->12528K(1381888K)] 2725795K->1362491K(4178112K), 0.0297000 secs] [Times: user=0.04 sys=0.00, real=0.02 secs] 
2016-02-19T05:48:04.285+0800: 300280.999: [GC [PSYoungGen: 1377904K->13408K(1381568K)] 2727867K->1363559K(4177792K), 0.0277610 secs] [Times: user=0.05 sys=0.00, real=0.03 secs] 
2016-02-19T05:57:29.677+0800: 300846.391: [GC [PSYoungGen: 1378784K->12640K(1382208K)] 2728935K->1362907K(4178432K), 0.0386640 secs] [Times: user=0.06 sys=0.00, real=0.04 secs] 
2016-02-19T06:06:07.876+0800: 301364.590: [GC [PSYoungGen: 1378656K->12026K(1381888K)] 2728923K->1362418K(4178112K), 0.0289040 secs] [Times: user=0.04 sys=0.00, real=0.03 secs] 
2016-02-19T06:14:54.773+0800: 301891.488: [GC [PSYoungGen: 1378042K->13632K(1382208K)] 2728434K->1364655K(4178432K), 0.0307080 secs] [Times: user=0.05 sys=0.00, real=0.03 secs] 
2016-02-19T06:23:27.223+0800: 302403.938: [GC [PSYoungGen: 1380224K->14656K(1381312K)] 2731247K->1365816K(4177536K), 0.0334140 secs] [Times: user=0.05 sys=0.00, real=0.04 secs] 
2016-02-19T06:30:05.755+0800: 302802.469: [GC [PSYoungGen: 1381248K->12368K(1382144K)] 2732408K->1363636K(4178368K), 0.0280530 secs] [Times: user=0.05 sys=0.00, real=0.03 secs] 
2016-02-19T06:36:28.421+0800: 303185.136: [GC [PSYoungGen: 1378320K->14448K(1380416K)] 2729588K->1365997K(4176640K), 0.0350180 secs] [Times: user=0.06 sys=0.00, real=0.04 secs] 
2016-02-19T06:42:00.508+0800: 303517.222: [GC [PSYoungGen: 1380400K->12704K(1382144K)] 2731949K->1364410K(4178368K), 0.0336060 secs] [Times: user=0.05 sys=0.00, real=0.03 secs] 
2016-02-19T06:47:48.029+0800: 303864.743: [GC [PSYoungGen: 1378592K->12176K(1381824K)] 2730298K->1364004K(4178048K), 0.0289240 secs] [Times: user=0.05 sys=0.00, real=0.03 secs] 
2016-02-19T06:52:24.865+0800: 304141.580: [GC [PSYoungGen: 1378064K->12208K(1382528K)] 2729892K->1364288K(4178752K), 0.0280410 secs] [Times: user=0.04 sys=0.01, real=0.03 secs] 
2016-02-19T06:57:33.491+0800: 304450.206: [GC [PSYoungGen: 1378992K->14832K(1381632K)] 2731072K->1367125K(4177856K), 0.0307160 secs] [Times: user=0.05 sys=0.00, real=0.03 secs] 
2016-02-19T07:01:50.813+0800: 304707.528: [GC [PSYoungGen: 1381616K->12768K(1382272K)] 2733909K->1365305K(4178496K), 0.0275810 secs] [Times: user=0.05 sys=0.00, real=0.03 secs] 
2016-02-19T07:06:05.750+0800: 304962.464: [GC [PSYoungGen: 1378976K->13106K(1382016K)] 2731513K->1365820K(4178240K), 0.0289150 secs] [Times: user=0.05 sys=0.00, real=0.03 secs] 
2016-02-19T07:10:07.667+0800: 305204.382: [GC [PSYoungGen: 1379314K->13408K(1382592K)] 2732028K->1366302K(4178816K), 0.0321950 secs] [Times: user=0.05 sys=0.00, real=0.04 secs] 
2016-02-19T07:12:32.066+0800: 305348.780: [GC [PSYoungGen: 1380448K->9456K(1376512K)] 2733342K->1362399K(4172736K), 0.0244720 secs] [Times: user=0.04 sys=0.00, real=0.02 secs] 
2016-02-19T07:16:05.502+0800: 305562.216: [GC [PSYoungGen: 1376496K->13168K(1382336K)] 2729439K->1366467K(4178560K), 0.0295810 secs] [Times: user=0.05 sys=0.00, real=0.03 secs] 
2016-02-19T07:19:30.425+0800: 305767.139: [GC [PSYoungGen: 1379696K->15736K(1382272K)] 2732995K->1369532K(4178496K), 0.0343180 secs] [Times: user=0.06 sys=0.00, real=0.03 secs] 
2016-02-19T07:22:23.311+0800: 305940.026: [GC [PSYoungGen: 1382264K->12832K(1381120K)] 2736060K->1366886K(4177344K), 0.0290440 secs] [Times: user=0.06 sys=0.00, real=0.03 secs] 
2016-02-19T07:25:18.362+0800: 306115.077: [GC [PSYoungGen: 1378144K->13936K(1381696K)] 2732198K->1368123K(4177920K), 0.0312150 secs] [Times: user=0.05 sys=0.00, real=0.04 secs] 
2016-02-19T07:28:30.397+0800: 306307.112: [GC [PSYoungGen: 1379248K->14208K(1381568K)] 2733435K->1368703K(4177792K), 0.0312090 secs] [Times: user=0.05 sys=0.01, real=0.03 secs] 
2016-02-19T07:31:28.605+0800: 306485.320: [GC [PSYoungGen: 1379392K->13600K(1381632K)] 2733887K->1368223K(4177856K), 0.0312910 secs] [Times: user=0.05 sys=0.01, real=0.03 secs] 
2016-02-19T07:34:35.402+0800: 306672.117: [GC [PSYoungGen: 1378784K->14832K(1381184K)] 2733407K->1369624K(4177408K), 0.0344200 secs] [Times: user=0.06 sys=0.00, real=0.04 secs] 
2016-02-19T07:37:24.465+0800: 306841.180: [GC [PSYoungGen: 1379760K->13248K(1381504K)] 2734552K->1368252K(4177728K), 0.0314610 secs] [Times: user=0.05 sys=0.00, real=0.04 secs] 
2016-02-19T07:40:08.996+0800: 307005.710: [GC [PSYoungGen: 1378176K->15104K(1381056K)] 2733180K->1370225K(4177280K), 0.0320710 secs] [Times: user=0.04 sys=0.00, real=0.03 secs] 
2016-02-19T07:42:58.726+0800: 307175.441: [GC [PSYoungGen: 1379904K->14128K(1381440K)] 2735025K->1369557K(4177664K), 0.0302650 secs] [Times: user=0.05 sys=0.01, real=0.04 secs] 
2016-02-19T07:45:45.822+0800: 307342.536: [GC [PSYoungGen: 1378928K->13376K(1381824K)] 2734357K->1368945K(4178048K), 0.0302080 secs] [Times: user=0.05 sys=0.00, real=0.03 secs] 
2016-02-19T07:49:03.298+0800: 307540.013: [GC [PSYoungGen: 1378688K->14992K(1381568K)] 2734257K->1370693K(4177792K), 0.0329210 secs] [Times: user=0.06 sys=0.00, real=0.03 secs] 
2016-02-19T07:51:51.015+0800: 307707.729: [GC [PSYoungGen: 1380304K->14720K(1381312K)] 2736005K->1370609K(4177536K), 0.0317660 secs] [Times: user=0.06 sys=0.00, real=0.03 secs] 
2016-02-19T07:54:31.135+0800: 307867.849: [GC [PSYoungGen: 1379520K->13040K(1381440K)] 2735409K->1369102K(4177664K), 0.0316670 secs] [Times: user=0.05 sys=0.00, real=0.03 secs] 
2016-02-19T07:56:56.934+0800: 308013.648: [GC [PSYoungGen: 1377840K->13104K(1381760K)] 2733902K->1369499K(4177984K), 0.0306810 secs] [Times: user=0.06 sys=0.00, real=0.04 secs] 
2016-02-19T07:59:18.562+0800: 308155.276: [GC [PSYoungGen: 1378352K->12608K(1381568K)] 2734747K->1369252K(4177792K), 0.0308600 secs] [Times: user=0.06 sys=0.00, real=0.03 secs] 
2016-02-19T08:02:00.987+0800: 308317.702: [GC [PSYoungGen: 1377856K->13808K(1382016K)] 2734500K->1370837K(4178240K), 0.0304640 secs] [Times: user=0.06 sys=0.00, real=0.03 secs] 
2016-02-19T08:04:31.325+0800: 308468.040: [GC [PSYoungGen: 1379568K->13344K(1381824K)] 2736597K->1370626K(4178048K), 0.0347000 secs] [Times: user=0.06 sys=0.00, real=0.03 secs] 
2016-02-19T08:06:49.803+0800: 308606.517: [GC [PSYoungGen: 1379104K->12849K(1382336K)] 2736386K->1370259K(4178560K), 0.0298600 secs] [Times: user=0.05 sys=0.00, real=0.03 secs] 
2016-02-19T08:09:09.356+0800: 308746.071: [GC [PSYoungGen: 1379313K->14144K(1382208K)] 2736723K->1372000K(4178432K), 0.0324060 secs] [Times: user=0.05 sys=0.00, real=0.04 secs] 
2016-02-19T08:11:30.285+0800: 308887.000: [GC [PSYoungGen: 1380608K->14672K(1381888K)] 2738464K->1372664K(4178112K), 0.0336110 secs] [Times: user=0.05 sys=0.00, real=0.03 secs] 
2016-02-19T08:13:41.233+0800: 309017.947: [GC [PSYoungGen: 1380752K->14368K(1382080K)] 2738744K->1372476K(4178304K), 0.0332860 secs] [Times: user=0.06 sys=0.00, real=0.03 secs] 
2016-02-19T08:15:54.134+0800: 309150.849: [GC [PSYoungGen: 1380448K->13360K(1382208K)] 2738556K->1371760K(4178432K), 0.0315130 secs] [Times: user=0.06 sys=0.00, real=0.03 secs] 
2016-02-19T08:17:57.317+0800: 309274.032: [GC [PSYoungGen: 1379568K->13840K(1382080K)] 2737968K->1372649K(4178304K), 0.0309440 secs] [Times: user=0.05 sys=0.00, real=0.03 secs] 
2016-02-19T08:19:54.595+0800: 309391.309: [GC [PSYoungGen: 1380048K->14976K(1381888K)] 2738857K->1374090K(4178112K), 0.0324970 secs] [Times: user=0.06 sys=0.00, real=0.03 secs] 
2016-02-19T08:21:56.218+0800: 309512.932: [GC [PSYoungGen: 1381184K->15104K(1381376K)] 2740298K->1374523K(4177600K), 0.0351380 secs] [Times: user=0.05 sys=0.00, real=0.04 secs] 
2016-02-19T08:24:10.415+0800: 309647.130: [GC [PSYoungGen: 1381312K->14944K(1381632K)] 2740731K->1374799K(4177856K), 0.0324880 secs] [Times: user=0.06 sys=0.00, real=0.03 secs] 
2016-02-19T08:26:13.940+0800: 309770.654: [GC [PSYoungGen: 1380384K->14672K(1381760K)] 2740239K->1374668K(4177984K), 0.0307030 secs] [Times: user=0.06 sys=0.00, real=0.03 secs] 
2016-02-19T08:28:01.463+0800: 309878.177: [GC [PSYoungGen: 1380112K->14560K(1381824K)] 2740108K->1374813K(4178048K), 0.0330390 secs] [Times: user=0.06 sys=0.00, real=0.04 secs] 
2016-02-19T08:29:53.352+0800: 309990.067: [GC [PSYoungGen: 1380064K->14352K(1381760K)] 2740317K->1374866K(4177984K), 0.0351910 secs] [Times: user=0.05 sys=0.01, real=0.03 secs] 
2016-02-19T08:31:34.212+0800: 310090.926: [GC [PSYoungGen: 1379856K->16096K(1380672K)] 2740370K->1376991K(4176896K), 0.0386800 secs] [Times: user=0.06 sys=0.00, real=0.04 secs] 
2016-02-19T08:33:21.052+0800: 310197.767: [GC [PSYoungGen: 1380640K->16048K(1380608K)] 2741535K->1377207K(4176832K), 0.0333410 secs] [Times: user=0.06 sys=0.00, real=0.03 secs] 
2016-02-19T08:35:07.471+0800: 310304.186: [GC [PSYoungGen: 1380592K->17072K(1379520K)] 2741751K->1378403K(4175744K), 0.0334650 secs] [Times: user=0.05 sys=0.00, real=0.04 secs] 
2016-02-19T08:36:46.586+0800: 310403.300: [GC [PSYoungGen: 1379440K->15056K(1380224K)] 2740771K->1376624K(4176448K), 0.0370090 secs] [Times: user=0.06 sys=0.01, real=0.03 secs] 
2016-02-19T08:38:31.830+0800: 310508.544: [GC [PSYoungGen: 1377424K->17104K(1379328K)] 2738992K->1378789K(4175552K), 0.0384240 secs] [Times: user=0.07 sys=0.00, real=0.04 secs] 
2016-02-19T08:40:23.301+0800: 310620.015: [GC [PSYoungGen: 1378832K->15456K(1379904K)] 2740517K->1377377K(4176128K), 0.0370390 secs] [Times: user=0.06 sys=0.00, real=0.03 secs] 
2016-02-19T08:42:06.083+0800: 310722.797: [GC [PSYoungGen: 1377184K->15680K(1380160K)] 2739105K->1377797K(4176384K), 0.0335140 secs] [Times: user=0.05 sys=0.01, real=0.04 secs] 
2016-02-19T08:43:47.565+0800: 310824.280: [GC [PSYoungGen: 1377856K->15418K(1380096K)] 2739973K->1377648K(4176320K), 0.0397460 secs] [Times: user=0.08 sys=0.00, real=0.04 secs] 
2016-02-19T08:45:24.336+0800: 310921.050: [GC [PSYoungGen: 1377594K->14464K(1380480K)] 2739824K->1377067K(4176704K), 0.0296110 secs] [Times: user=0.05 sys=0.00, real=0.03 secs] 
2016-02-19T08:47:04.683+0800: 311021.397: [GC [PSYoungGen: 1377216K->17532K(1380288K)] 2739819K->1380347K(4176512K), 0.0337970 secs] [Times: user=0.06 sys=0.00, real=0.04 secs] 
2016-02-19T08:48:43.029+0800: 311119.743: [GC [PSYoungGen: 1380284K->16033K(1379392K)] 2743099K->1379108K(4175616K), 0.0374560 secs] [Times: user=0.06 sys=0.00, real=0.03 secs] 
2016-02-19T08:50:25.374+0800: 311222.089: [GC [PSYoungGen: 1377633K->16304K(1379840K)] 2740708K->1379677K(4176064K), 0.0333700 secs] [Times: user=0.06 sys=0.00, real=0.03 secs] 
2016-02-19T08:52:00.276+0800: 311316.990: [GC [PSYoungGen: 1377904K->16544K(1379584K)] 2741277K->1380370K(4175808K), 0.0355550 secs] [Times: user=0.05 sys=0.00, real=0.03 secs] 
2016-02-19T08:53:38.711+0800: 311415.425: [GC [PSYoungGen: 1377888K->15872K(1379712K)] 2741714K->1379890K(4175936K), 0.0321830 secs] [Times: user=0.05 sys=0.00, real=0.04 secs] 
2016-02-19T08:55:15.575+0800: 311512.290: [GC [PSYoungGen: 1377216K->15504K(1380096K)] 2741234K->1379631K(4176320K), 0.0334890 secs] [Times: user=0.06 sys=0.00, real=0.04 secs] 
2016-02-19T08:56:41.907+0800: 311598.621: [GC [PSYoungGen: 1377424K->15776K(1379904K)] 2741551K->1380171K(4176128K), 0.0354090 secs] [Times: user=0.06 sys=0.00, real=0.04 secs] 
2016-02-19T08:58:14.762+0800: 311691.476: [GC [PSYoungGen: 1377696K->16416K(1380160K)] 2742091K->1380963K(4176384K), 0.0368580 secs] [Times: user=0.05 sys=0.00, real=0.04 secs] 
2016-02-19T08:59:39.585+0800: 311776.299: [GC [PSYoungGen: 1378784K->17824K(1380224K)] 2743331K->1383056K(4176448K), 0.0386850 secs] [Times: user=0.07 sys=0.00, real=0.04 secs] 
2016-02-19T09:01:02.466+0800: 311859.181: [GC [PSYoungGen: 1380192K->14780K(1378688K)] 2745424K->1380305K(4174912K), 0.0337640 secs] [Times: user=0.05 sys=0.00, real=0.03 secs] 
2016-02-19T09:02:24.516+0800: 311941.230: [GC [PSYoungGen: 1375612K->16384K(1379456K)] 2741137K->1382130K(4175680K), 0.0331050 secs] [Times: user=0.06 sys=0.00, real=0.04 secs] 
2016-02-19T09:04:00.408+0800: 312037.123: [GC [PSYoungGen: 1377216K->16400K(1379648K)] 2742962K->1382298K(4175872K), 0.0374540 secs] [Times: user=0.06 sys=0.00, real=0.04 secs] 
2016-02-19T09:05:26.603+0800: 312123.317: [GC [PSYoungGen: 1377488K->14720K(1379520K)] 2743386K->1380782K(4175744K), 0.0346500 secs] [Times: user=0.07 sys=0.00, real=0.04 secs] 
2016-02-19T09:06:55.584+0800: 312212.299: [GC [PSYoungGen: 1375808K->16000K(1379840K)] 2741870K->1382207K(4176064K), 0.0380680 secs] [Times: user=0.06 sys=0.00, real=0.04 secs] 
2016-02-19T09:08:14.634+0800: 312291.348: [GC [PSYoungGen: 1377408K->17840K(1379264K)] 2743615K->1384415K(4175488K), 0.0405580 secs] [Times: user=0.07 sys=0.00, real=0.04 secs] 
2016-02-19T09:09:38.444+0800: 312375.158: [GC [PSYoungGen: 1379248K->17792K(1378688K)] 2745823K->1384651K(4174912K), 0.0396400 secs] [Times: user=0.06 sys=0.00, real=0.04 secs] 
2016-02-19T09:11:00.258+0800: 312456.973: [GC [PSYoungGen: 1377728K->15984K(1379008K)] 2744587K->1383092K(4175232K), 0.0336560 secs] [Times: user=0.06 sys=0.00, real=0.03 secs] 
2016-02-19T09:12:29.080+0800: 312545.795: [GC [PSYoungGen: 1375920K->16960K(1379200K)] 2743028K->1384292K(4175424K), 0.0376310 secs] [Times: user=0.06 sys=0.00, real=0.03 secs] 
2016-02-19T09:13:54.798+0800: 312631.512: [GC [PSYoungGen: 1377280K->16144K(1379200K)] 2744612K->1383616K(4175424K), 0.0333200 secs] [Times: user=0.06 sys=0.00, real=0.03 secs] 
2016-02-19T09:15:21.263+0800: 312717.977: [GC [PSYoungGen: 1376464K->16096K(1379648K)] 2743936K->1383861K(4175872K), 0.0338990 secs] [Times: user=0.06 sys=0.00, real=0.03 secs] 
2016-02-19T09:16:49.645+0800: 312806.359: [GC [PSYoungGen: 1377120K->18416K(1379456K)] 2744885K->1387784K(4175680K), 0.0395460 secs] [Times: user=0.07 sys=0.00, real=0.04 secs] 
2016-02-19T09:18:19.597+0800: 312896.311: [GC [PSYoungGen: 1379440K->18592K(1376640K)] 2748808K->1388440K(4172864K), 0.0383200 secs] [Times: user=0.07 sys=0.00, real=0.04 secs] 
2016-02-19T09:19:37.674+0800: 312974.389: [GC [PSYoungGen: 1376608K->16512K(1378048K)] 2746456K->1386597K(4174272K), 0.0346550 secs] [Times: user=0.06 sys=0.00, real=0.04 secs] 
2016-02-19T09:20:45.175+0800: 313041.889: [GC [PSYoungGen: 1374528K->16032K(1378432K)] 2744613K->1386309K(4174656K), 0.0342460 secs] [Times: user=0.06 sys=0.00, real=0.04 secs] 
2016-02-19T09:22:07.587+0800: 313124.302: [GC [PSYoungGen: 1374688K->15632K(1378304K)] 2744965K->1386205K(4174528K), 0.0354760 secs] [Times: user=0.06 sys=0.00, real=0.03 secs] 
2016-02-19T09:23:24.204+0800: 313200.918: [GC [PSYoungGen: 1374288K->16961K(1378752K)] 2744861K->1387590K(4174976K), 0.0373810 secs] [Times: user=0.06 sys=0.01, real=0.04 secs] 
2016-02-19T09:24:38.269+0800: 313274.984: [GC [PSYoungGen: 1376193K->16688K(1378560K)] 2746822K->1387798K(4174784K), 0.0378980 secs] [Times: user=0.06 sys=0.00, real=0.04 secs] 
2016-02-19T09:25:39.803+0800: 313336.517: [GC [PSYoungGen: 1375920K->15152K(1378944K)] 2747030K->1386466K(4175168K), 0.0319240 secs] [Times: user=0.06 sys=0.00, real=0.03 secs] 
2016-02-19T09:26:52.898+0800: 313409.612: [GC [PSYoungGen: 1374960K->17472K(1377280K)] 2746274K->1389086K(4173504K), 0.0372340 secs] [Times: user=0.06 sys=0.00, real=0.03 secs] 
2016-02-19T09:28:07.279+0800: 313483.994: [GC [PSYoungGen: 1377280K->14304K(1378624K)] 2748894K->1386118K(4174848K), 0.0296540 secs] [Times: user=0.05 sys=0.00, real=0.03 secs] 
2016-02-19T09:29:27.142+0800: 313563.856: [GC [PSYoungGen: 1373728K->19325K(1378752K)] 2745542K->1391600K(4174976K), 0.0392180 secs] [Times: user=0.06 sys=0.00, real=0.04 secs] 
2016-02-19T09:30:44.024+0800: 313640.739: [GC [PSYoungGen: 1378749K->14880K(1376832K)] 2751024K->1387919K(4173056K), 0.0373140 secs] [Times: user=0.06 sys=0.00, real=0.03 secs] 
2016-02-19T09:32:10.219+0800: 313726.934: [GC [PSYoungGen: 1372384K->17216K(1377792K)] 2745423K->1390548K(4174016K), 0.0357260 secs] [Times: user=0.05 sys=0.00, real=0.03 secs] 
2016-02-19T09:33:31.868+0800: 313808.583: [GC [PSYoungGen: 1374720K->16224K(1378240K)] 2748052K->1389768K(4174464K), 0.0329370 secs] [Times: user=0.06 sys=0.00, real=0.04 secs] 
2016-02-19T09:34:50.469+0800: 313887.184: [GC [PSYoungGen: 1374304K->17024K(1377920K)] 2747848K->1390848K(4174144K), 0.0368750 secs] [Times: user=0.06 sys=0.00, real=0.03 secs] 
2016-02-19T09:36:12.797+0800: 313969.511: [GC [PSYoungGen: 1375104K->16000K(1378560K)] 2748928K->1390040K(4174784K), 0.0345620 secs] [Times: user=0.06 sys=0.00, real=0.03 secs] 
2016-02-19T09:37:20.689+0800: 314037.403: [GC [PSYoungGen: 1374848K->15614K(1378368K)] 2748888K->1389775K(4174592K), 0.0333550 secs] [Times: user=0.06 sys=0.01, real=0.03 secs] 
2016-02-19T09:38:39.006+0800: 314115.720: [GC [PSYoungGen: 1374462K->16688K(1378880K)] 2748623K->1391057K(4175104K), 0.0340840 secs] [Times: user=0.06 sys=0.00, real=0.03 secs] 
2016-02-19T09:39:56.218+0800: 314192.932: [GC [PSYoungGen: 1376176K->17216K(1378688K)] 2750545K->1391989K(4174912K), 0.0384080 secs] [Times: user=0.06 sys=0.00, real=0.04 secs] 
2016-02-19T09:41:10.558+0800: 314267.272: [GC [PSYoungGen: 1376704K->14912K(1378880K)] 2751477K->1389956K(4175104K), 0.0322090 secs] [Times: user=0.06 sys=0.00, real=0.03 secs] 
2016-02-19T09:42:24.338+0800: 314341.052: [GC [PSYoungGen: 1374592K->14512K(1374208K)] 2749636K->1389816K(4170432K), 0.0363780 secs] [Times: user=0.06 sys=0.00, real=0.04 secs] 
2016-02-19T09:43:38.924+0800: 314415.639: [GC [PSYoungGen: 1374192K->16704K(1378944K)] 2749496K->1392132K(4175168K), 0.0386870 secs] [Times: user=0.06 sys=0.00, real=0.03 secs] 
2016-02-19T09:44:51.436+0800: 314488.151: [GC [PSYoungGen: 1376384K->16752K(1378816K)] 2751812K->1392441K(4175040K), 0.0346070 secs] [Times: user=0.06 sys=0.00, real=0.04 secs] 
2016-02-19T09:46:02.109+0800: 314558.823: [GC [PSYoungGen: 1376432K->15248K(1379136K)] 2752121K->1391162K(4175360K), 0.0337300 secs] [Times: user=0.05 sys=0.01, real=0.03 secs] 
2016-02-19T09:47:06.409+0800: 314623.124: [GC [PSYoungGen: 1375376K->14608K(1379072K)] 2751290K->1390763K(4175296K), 0.0322370 secs] [Times: user=0.06 sys=0.00, real=0.04 secs] 
2016-02-19T09:48:21.431+0800: 314698.145: [GC [PSYoungGen: 1374736K->18384K(1377984K)] 2750891K->1394856K(4174208K), 0.0396120 secs] [Times: user=0.06 sys=0.00, real=0.04 secs] 
2016-02-19T09:49:33.238+0800: 314769.953: [GC [PSYoungGen: 1377424K->15232K(1378560K)] 2753896K->1392012K(4174784K), 0.0339690 secs] [Times: user=0.05 sys=0.00, real=0.04 secs] 
2016-02-19T09:50:37.642+0800: 314834.356: [GC [PSYoungGen: 1374272K->15664K(1378944K)] 2751052K->1392596K(4175168K), 0.0375360 secs] [Times: user=0.06 sys=0.00, real=0.04 secs] 
2016-02-19T09:51:50.907+0800: 314907.621: [GC [PSYoungGen: 1375216K->17168K(1378688K)] 2752148K->1394301K(4174912K), 0.0345380 secs] [Times: user=0.06 sys=0.00, real=0.03 secs] 
2016-02-19T09:53:02.857+0800: 314979.571: [GC [PSYoungGen: 1376720K->19168K(1377088K)] 2753853K->1396545K(4173312K), 0.0415950 secs] [Times: user=0.07 sys=0.00, real=0.04 secs] 
2016-02-19T09:54:11.489+0800: 315048.204: [GC [PSYoungGen: 1377056K->16336K(1377984K)] 2754433K->1394214K(4174208K), 0.0392410 secs] [Times: user=0.06 sys=0.00, real=0.04 secs] 
2016-02-19T09:55:13.585+0800: 315110.299: [GC [PSYoungGen: 1374224K->16320K(1378560K)] 2752102K->1394402K(4174784K), 0.0391690 secs] [Times: user=0.06 sys=0.00, real=0.04 secs] 
2016-02-19T09:56:17.829+0800: 315174.544: [GC [PSYoungGen: 1375104K->17168K(1378304K)] 2753186K->1395370K(4174528K), 0.0349020 secs] [Times: user=0.06 sys=0.00, real=0.03 secs] 
2016-02-19T09:57:29.100+0800: 315245.815: [GC [PSYoungGen: 1375952K->16784K(1378816K)] 2754154K->1395211K(4175040K), 0.0370950 secs] [Times: user=0.06 sys=0.00, real=0.04 secs] 
2016-02-19T09:58:37.202+0800: 315313.917: [GC [PSYoungGen: 1376144K->16128K(1378624K)] 2754571K->1394912K(4174848K), 0.0394020 secs] [Times: user=0.06 sys=0.00, real=0.04 secs] 
2016-02-19T09:59:50.255+0800: 315386.970: [GC [PSYoungGen: 1375488K->17728K(1378624K)] 2754272K->1396608K(4174848K), 0.0386360 secs] [Times: user=0.06 sys=0.00, real=0.04 secs] 
2016-02-19T10:01:05.929+0800: 315462.644: [GC [PSYoungGen: 1377280K->18864K(1378432K)] 2756160K->1398016K(4174656K), 0.0447510 secs] [Times: user=0.07 sys=0.00, real=0.04 secs] 
2016-02-19T10:02:11.977+0800: 315528.691: [GC [PSYoungGen: 1378416K->16048K(1378432K)] 2757568K->1395405K(4174656K), 0.0394040 secs] [Times: user=0.06 sys=0.00, real=0.04 secs] 
2016-02-19T10:03:21.030+0800: 315597.745: [GC [PSYoungGen: 1374832K->16896K(1378432K)] 2754189K->1396561K(4174656K), 0.0365100 secs] [Times: user=0.05 sys=0.00, real=0.04 secs] 
2016-02-19T10:04:25.975+0800: 315662.690: [GC [PSYoungGen: 1375680K->16560K(1378880K)] 2755345K->1396537K(4175104K), 0.0375900 secs] [Times: user=0.06 sys=0.00, real=0.04 secs] 
2016-02-19T10:05:24.707+0800: 315721.422: [GC [PSYoungGen: 1376048K->14528K(1378688K)] 2756025K->1394758K(4174912K), 0.0302270 secs] [Times: user=0.06 sys=0.00, real=0.03 secs] 
2016-02-19T10:06:28.376+0800: 315785.090: [GC [PSYoungGen: 1374016K->14993K(1378752K)] 2754246K->1395427K(4174976K), 0.0303800 secs] [Times: user=0.05 sys=0.00, real=0.03 secs] 
2016-02-19T10:07:32.431+0800: 315849.145: [GC [PSYoungGen: 1374417K->17696K(1377152K)] 2754851K->1398439K(4173376K), 0.0358070 secs] [Times: user=0.05 sys=0.01, real=0.04 secs] 
2016-02-19T10:08:44.323+0800: 315921.037: [GC [PSYoungGen: 1377120K->19489K(1375488K)] 2757863K->1402202K(4171712K), 0.0429110 secs] [Times: user=0.07 sys=0.00, real=0.04 secs] 
2016-02-19T10:09:41.116+0800: 315977.830: [GC [PSYoungGen: 1375457K->16272K(1377024K)] 2758170K->1399381K(4173248K), 0.0379750 secs] [Times: user=0.05 sys=0.00, real=0.04 secs] 
2016-02-19T10:10:36.560+0800: 316033.275: [GC [PSYoungGen: 1372240K->14336K(1377152K)] 2755349K->1397966K(4173376K), 0.0405550 secs] [Times: user=0.07 sys=0.00, real=0.04 secs] 
2016-02-19T10:11:40.175+0800: 316096.889: [GC [PSYoungGen: 1370688K->16048K(1377216K)] 2754318K->1399873K(4173440K), 0.0338030 secs] [Times: user=0.06 sys=0.00, real=0.04 secs] 
2016-02-19T10:12:47.218+0800: 316163.932: [GC [PSYoungGen: 1372400K->16784K(1377856K)] 2756225K->1400786K(4174080K), 0.0390740 secs] [Times: user=0.07 sys=0.00, real=0.04 secs] 
2016-02-19T10:13:53.774+0800: 316230.488: [GC [PSYoungGen: 1374096K->17545K(1377536K)] 2758098K->1401804K(4173760K), 0.0412740 secs] [Times: user=0.07 sys=0.00, real=0.04 secs] 
2016-02-19T10:14:56.240+0800: 316292.955: [GC [PSYoungGen: 1374857K->16480K(1378176K)] 2759116K->1400986K(4174400K), 0.0450360 secs] [Times: user=0.06 sys=0.00, real=0.04 secs] 
2016-02-19T10:16:04.403+0800: 316361.117: [GC [PSYoungGen: 1374432K->16320K(1377856K)] 2758938K->1401212K(4174080K), 0.0363770 secs] [Times: user=0.06 sys=0.00, real=0.04 secs] 
2016-02-19T10:17:06.010+0800: 316422.725: [GC [PSYoungGen: 1374272K->17696K(1378304K)] 2759164K->1402833K(4174528K), 0.0364460 secs] [Times: user=0.06 sys=0.00, real=0.03 secs] 
2016-02-19T10:18:05.942+0800: 316482.656: [GC [PSYoungGen: 1376352K->17232K(1378368K)] 2761489K->1402858K(4174592K), 0.0396280 secs] [Times: user=0.07 sys=0.00, real=0.04 secs] 
2016-02-19T10:19:08.870+0800: 316545.585: [GC [PSYoungGen: 1375888K->16736K(1378752K)] 2761514K->1402766K(4174976K), 0.0391910 secs] [Times: user=0.06 sys=0.00, real=0.04 secs] 
2016-02-19T10:20:05.827+0800: 316602.541: [GC [PSYoungGen: 1375904K->13056K(1372224K)] 2761934K->1399254K(4168448K), 0.0323010 secs] [Times: user=0.05 sys=0.00, real=0.04 secs] 
2016-02-19T10:21:05.306+0800: 316662.020: [GC [PSYoungGen: 1372224K->16400K(1378688K)] 2758422K->1402746K(4174912K), 0.0372860 secs] [Times: user=0.06 sys=0.00, real=0.03 secs] 
2016-02-19T10:21:58.057+0800: 316714.772: [GC [PSYoungGen: 1375376K->15552K(1378368K)] 2761722K->1402027K(4174592K), 0.0372740 secs] [Times: user=0.06 sys=0.00, real=0.04 secs] 
2016-02-19T10:23:00.641+0800: 316777.355: [GC [PSYoungGen: 1374528K->16560K(1379008K)] 2761003K->1403343K(4175232K), 0.0391550 secs] [Times: user=0.07 sys=0.00, real=0.04 secs] 
2016-02-19T10:23:59.269+0800: 316835.983: [GC [PSYoungGen: 1376304K->15904K(1378816K)] 2763087K->1403115K(4175040K), 0.0339260 secs] [Times: user=0.06 sys=0.00, real=0.03 secs] 
2016-02-19T10:25:01.872+0800: 316898.586: [GC [PSYoungGen: 1375648K->14864K(1379200K)] 2762859K->1402187K(4175424K), 0.0415430 secs] [Times: user=0.08 sys=0.01, real=0.04 secs] 
2016-02-19T10:26:04.644+0800: 316961.359: [GC [PSYoungGen: 1375184K->16176K(1379200K)] 2762507K->1403736K(4175424K), 0.0372440 secs] [Times: user=0.06 sys=0.01, real=0.03 secs] 
2016-02-19T10:27:01.390+0800: 317018.104: [GC [PSYoungGen: 1376496K->16240K(1379712K)] 2764056K->1404113K(4175936K), 0.0776660 secs] [Times: user=0.15 sys=0.00, real=0.08 secs] 
2016-02-19T10:28:06.256+0800: 317082.971: [GC [PSYoungGen: 1377328K->17648K(1378752K)] 2765201K->1405689K(4174976K), 0.0392170 secs] [Times: user=0.07 sys=0.00, real=0.04 secs] 
2016-02-19T10:29:07.353+0800: 317144.067: [GC [PSYoungGen: 1378736K->16032K(1379584K)] 2766777K->1404301K(4175808K), 0.0352640 secs] [Times: user=0.07 sys=0.00, real=0.03 secs] 
2016-02-19T10:30:06.393+0800: 317203.108: [GC [PSYoungGen: 1376928K->16080K(1379392K)] 2765197K->1404710K(4175616K), 0.0362680 secs] [Times: user=0.06 sys=0.00, real=0.04 secs] 
2016-02-19T10:30:58.962+0800: 317255.677: [GC [PSYoungGen: 1376976K->13696K(1379328K)] 2765606K->1402458K(4175552K), 0.0313160 secs] [Times: user=0.05 sys=0.00, real=0.03 secs] 
2016-02-19T10:31:50.738+0800: 317307.452: [GC [PSYoungGen: 1374656K->17056K(1378048K)] 2763418K->1406014K(4174272K), 0.0392380 secs] [Times: user=0.06 sys=0.00, real=0.04 secs] 
2016-02-19T10:32:44.774+0800: 317361.489: [GC [PSYoungGen: 1378016K->17984K(1378496K)] 2766974K->1407134K(4174720K), 0.0396540 secs] [Times: user=0.06 sys=0.00, real=0.04 secs] 
2016-02-19T10:33:41.326+0800: 317418.040: [GC [PSYoungGen: 1377792K->16640K(1378944K)] 2766942K->1405890K(4175168K), 0.0363120 secs] [Times: user=0.07 sys=0.00, real=0.04 secs] 
2016-02-19T10:34:35.042+0800: 317471.756: [GC [PSYoungGen: 1376448K->15344K(1379200K)] 2765698K->1404911K(4175424K), 0.0373040 secs] [Times: user=0.06 sys=0.00, real=0.04 secs] 
2016-02-19T10:35:36.239+0800: 317532.954: [GC [PSYoungGen: 1375536K->16352K(1379072K)] 2765103K->1406211K(4175296K), 0.0366920 secs] [Times: user=0.06 sys=0.00, real=0.04 secs] 
2016-02-19T10:36:34.860+0800: 317591.575: [GC [PSYoungGen: 1376544K->17552K(1378880K)] 2766403K->1407539K(4175104K), 0.0404790 secs] [Times: user=0.06 sys=0.00, real=0.04 secs] 
2016-02-19T10:37:32.804+0800: 317649.518: [GC [PSYoungGen: 1377744K->17648K(1377856K)] 2767731K->1407856K(4174080K), 0.0364430 secs] [Times: user=0.06 sys=0.00, real=0.04 secs] 
2016-02-19T10:38:26.053+0800: 317702.768: [GC [PSYoungGen: 1377840K->15792K(1379072K)] 2768048K->1406336K(4175296K), 0.0399380 secs] [Times: user=0.07 sys=0.00, real=0.04 secs] 
2016-02-19T10:39:25.353+0800: 317762.067: [GC [PSYoungGen: 1375728K->17104K(1378944K)] 2766272K->1407984K(4175168K), 0.0364670 secs] [Times: user=0.06 sys=0.00, real=0.04 secs] 
2016-02-19T10:40:26.866+0800: 317823.581: [GC [PSYoungGen: 1377040K->14688K(1378944K)] 2767920K->1405812K(4175168K), 0.0369880 secs] [Times: user=0.06 sys=0.00, real=0.04 secs] 
2016-02-19T10:41:17.759+0800: 317874.473: [GC [PSYoungGen: 1374624K->14947K(1379008K)] 2765748K->1406280K(4175232K), 0.0320770 secs] [Times: user=0.06 sys=0.01, real=0.03 secs] 
2016-02-19T10:42:15.600+0800: 317932.315: [GC [PSYoungGen: 1374883K->15856K(1379264K)] 2766216K->1407542K(4175488K), 0.0353880 secs] [Times: user=0.06 sys=0.01, real=0.04 secs] 
2016-02-19T10:43:17.934+0800: 317994.649: [GC [PSYoungGen: 1376112K->15360K(1379072K)] 2767798K->1407222K(4175296K), 0.0391880 secs] [Times: user=0.06 sys=0.00, real=0.04 secs] 
2016-02-19T10:44:20.945+0800: 318057.660: [GC [PSYoungGen: 1375616K->16352K(1379584K)] 2767478K->1408370K(4175808K), 0.0391090 secs] [Times: user=0.06 sys=0.00, real=0.04 secs] 
2016-02-19T10:45:20.717+0800: 318117.432: [GC [PSYoungGen: 1377248K->15776K(1379392K)] 2769266K->1408134K(4175616K), 0.0388600 secs] [Times: user=0.05 sys=0.00, real=0.04 secs] 
2016-02-19T10:46:17.137+0800: 318173.851: [GC [PSYoungGen: 1376672K->15024K(1379776K)] 2769030K->1407542K(4176000K), 0.0320330 secs] [Times: user=0.06 sys=0.00, real=0.04 secs] 
2016-02-19T10:47:13.394+0800: 318230.108: [GC [PSYoungGen: 1376496K->16768K(1378304K)] 2769014K->1409510K(4174528K), 0.0376700 secs] [Times: user=0.07 sys=0.00, real=0.04 secs] 
2016-02-19T10:48:03.824+0800: 318280.538: [GC [PSYoungGen: 1378240K->15152K(1379776K)] 2770982K->1408050K(4176000K), 0.0365010 secs] [Times: user=0.06 sys=0.00, real=0.03 secs] 
2016-02-19T10:49:04.069+0800: 318340.784: [GC [PSYoungGen: 1376560K->17712K(1379136K)] 2769458K->1410839K(4175360K), 0.0371630 secs] [Times: user=0.06 sys=0.00, real=0.03 secs] 
2016-02-19T10:49:58.968+0800: 318395.683: [GC [PSYoungGen: 1379120K->17712K(1378752K)] 2772247K->1411311K(4174976K), 0.0386050 secs] [Times: user=0.07 sys=0.00, real=0.04 secs] 
2016-02-19T10:50:47.174+0800: 318443.888: [GC [PSYoungGen: 1377776K->16000K(1379072K)] 2771375K->1409955K(4175296K), 0.0344060 secs] [Times: user=0.05 sys=0.00, real=0.03 secs] 
2016-02-19T10:51:36.714+0800: 318493.429: [GC [PSYoungGen: 1376064K->14720K(1379264K)] 2770019K->1408819K(4175488K), 0.0307480 secs] [Times: user=0.06 sys=0.00, real=0.03 secs] 
2016-02-19T10:52:30.430+0800: 318547.145: [GC [PSYoungGen: 1375168K->15744K(1379264K)] 2769267K->1410051K(4175488K), 0.0354690 secs] [Times: user=0.06 sys=0.00, real=0.04 secs] 
2016-02-19T10:53:24.046+0800: 318600.761: [GC [PSYoungGen: 1376192K->15648K(1379648K)] 2770499K->1410156K(4175872K), 0.0322210 secs] [Times: user=0.06 sys=0.00, real=0.03 secs] 
2016-02-19T10:54:19.665+0800: 318656.379: [GC [PSYoungGen: 1376672K->15296K(1379456K)] 2771180K->1410100K(4175680K), 0.0332410 secs] [Times: user=0.05 sys=0.00, real=0.03 secs] 
2016-02-19T10:55:15.394+0800: 318712.108: [GC [PSYoungGen: 1376320K->16128K(1379904K)] 2771124K->1411136K(4176128K), 0.0378830 secs] [Times: user=0.07 sys=0.00, real=0.04 secs] 
2016-02-19T10:56:13.331+0800: 318770.045: [GC [PSYoungGen: 1377728K->17968K(1379584K)] 2772736K->1413240K(4175808K), 0.0384450 secs] [Times: user=0.07 sys=0.00, real=0.04 secs] 
2016-02-19T10:57:11.875+0800: 318828.590: [GC [PSYoungGen: 1379568K->18464K(1377536K)] 2774840K->1414448K(4173760K), 0.0392770 secs] [Times: user=0.06 sys=0.00, real=0.04 secs] 
2016-02-19T10:58:05.329+0800: 318882.043: [GC [PSYoungGen: 1377504K->17072K(1378560K)] 2773488K->1413280K(4174784K), 0.0370240 secs] [Times: user=0.07 sys=0.00, real=0.04 secs] 
2016-02-19T10:58:44.260+0800: 318920.974: [GC [PSYoungGen: 1376112K->11904K(1377600K)] 2772320K->1408428K(4173824K), 0.0326870 secs] [Times: user=0.05 sys=0.00, real=0.04 secs] 
2016-02-19T10:59:36.848+0800: 318973.563: [GC [PSYoungGen: 1370048K->15120K(1378112K)] 2766572K->1411813K(4174336K), 0.0319650 secs] [Times: user=0.05 sys=0.00, real=0.03 secs] 
2016-02-19T11:00:29.835+0800: 319026.549: [GC [PSYoungGen: 1373264K->14576K(1378496K)] 2769957K->1411465K(4174720K), 0.0347960 secs] [Times: user=0.06 sys=0.00, real=0.04 secs] 
2016-02-19T11:01:24.168+0800: 319080.882: [GC [PSYoungGen: 1373360K->15872K(1378368K)] 2770249K->1413077K(4174592K), 0.0350830 secs] [Times: user=0.06 sys=0.00, real=0.03 secs] 
2016-02-19T11:02:19.278+0800: 319135.992: [GC [PSYoungGen: 1374656K->19248K(1376896K)] 2771861K->1416641K(4173120K), 0.0371460 secs] [Times: user=0.06 sys=0.00, real=0.04 secs] 
2016-02-19T11:03:15.044+0800: 319191.758: [GC [PSYoungGen: 1376880K->16336K(1377856K)] 2774273K->1413922K(4174080K), 0.0335200 secs] [Times: user=0.05 sys=0.00, real=0.04 secs] 
2016-02-19T11:04:11.289+0800: 319248.003: [GC [PSYoungGen: 1373968K->16464K(1378496K)] 2771554K->1414319K(4174720K), 0.0363430 secs] [Times: user=0.06 sys=0.00, real=0.04 secs] 
2016-02-19T11:05:04.201+0800: 319300.915: [GC [PSYoungGen: 1375056K->15264K(1378176K)] 2772911K->1413310K(4174400K), 0.0419010 secs] [Times: user=0.07 sys=0.00, real=0.04 secs] 
2016-02-19T11:05:56.945+0800: 319353.660: [GC [PSYoungGen: 1373856K->18784K(1377344K)] 2771902K->1417198K(4173568K), 0.0362220 secs] [Times: user=0.08 sys=0.00, real=0.03 secs] 
2016-02-19T11:06:47.073+0800: 319403.787: [GC [PSYoungGen: 1376672K->15536K(1377984K)] 2775086K->1414231K(4174208K), 0.0332910 secs] [Times: user=0.05 sys=0.00, real=0.03 secs] 
2016-02-19T11:07:40.410+0800: 319457.124: [GC [PSYoungGen: 1373424K->15696K(1378432K)] 2772119K->1414659K(4174656K), 0.0398720 secs] [Times: user=0.06 sys=0.00, real=0.04 secs] 
2016-02-19T11:08:36.697+0800: 319513.412: [GC [PSYoungGen: 1374224K->16528K(1378176K)] 2773187K->1415634K(4174400K), 0.0374710 secs] [Times: user=0.06 sys=0.00, real=0.03 secs] 
2016-02-19T11:09:31.042+0800: 319567.756: [GC [PSYoungGen: 1375056K->15232K(1378816K)] 2774162K->1414491K(4175040K), 0.0340800 secs] [Times: user=0.05 sys=0.00, real=0.03 secs] 
2016-02-19T11:10:21.257+0800: 319617.971: [GC [PSYoungGen: 1374656K->15152K(1378688K)] 2773915K->1414607K(4174912K), 0.0348740 secs] [Times: user=0.06 sys=0.00, real=0.04 secs] 
2016-02-19T11:11:13.442+0800: 319670.156: [GC [PSYoungGen: 1374576K->16448K(1379136K)] 2774031K->1416135K(4175360K), 0.0357910 secs] [Times: user=0.06 sys=0.00, real=0.04 secs] 
2016-02-19T11:12:03.930+0800: 319720.645: [GC [PSYoungGen: 1376448K->15904K(1378944K)] 2776135K->1415944K(4175168K), 0.0321950 secs] [Times: user=0.05 sys=0.00, real=0.03 secs] 
2016-02-19T11:12:57.631+0800: 319774.345: [GC [PSYoungGen: 1375904K->14208K(1379328K)] 2775944K->1414620K(4175552K), 0.0305700 secs] [Times: user=0.06 sys=0.00, real=0.03 secs] 
2016-02-19T11:13:46.020+0800: 319822.735: [GC [PSYoungGen: 1374784K->13776K(1374400K)] 2775196K->1414469K(4170624K), 0.0324410 secs] [Times: user=0.04 sys=0.01, real=0.03 secs] 
2016-02-19T11:14:35.989+0800: 319872.704: [GC [PSYoungGen: 1374352K->16064K(1379392K)] 2775045K->1417009K(4175616K), 0.0367820 secs] [Times: user=0.06 sys=0.00, real=0.04 secs] 
2016-02-19T11:15:21.735+0800: 319918.449: [GC [PSYoungGen: 1376576K->15440K(1379200K)] 2777521K->1416581K(4175424K), 0.0348940 secs] [Times: user=0.06 sys=0.00, real=0.03 secs] 
2016-02-19T11:16:13.581+0800: 319970.295: [GC [PSYoungGen: 1375952K->15120K(1379840K)] 2777093K->1416585K(4176064K), 0.0336520 secs] [Times: user=0.06 sys=0.00, real=0.03 secs] 
2016-02-19T11:17:08.229+0800: 320024.944: [GC [PSYoungGen: 1376528K->15360K(1379648K)] 2777993K->1417113K(4175872K), 0.0342750 secs] [Times: user=0.06 sys=0.00, real=0.03 secs] 
2016-02-19T11:18:00.505+0800: 320077.219: [GC [PSYoungGen: 1376768K->15872K(1380160K)] 2778521K->1417721K(4176384K), 0.0342830 secs] [Times: user=0.06 sys=0.00, real=0.03 secs] 
2016-02-19T11:18:48.980+0800: 320125.694: [GC [PSYoungGen: 1377984K->13600K(1380032K)] 2779833K->1415622K(4176256K), 0.0403370 secs] [Times: user=0.07 sys=0.00, real=0.04 secs] 
2016-02-19T11:19:49.514+0800: 320186.228: [GC [PSYoungGen: 1375712K->16576K(1379776K)] 2777734K->1418814K(4176000K), 0.0383820 secs] [Times: user=0.05 sys=0.00, real=0.04 secs] 
2016-02-19T11:20:45.457+0800: 320242.171: [GC [PSYoungGen: 1378304K->17424K(1379200K)] 2780542K->1420071K(4175424K), 0.0431840 secs] [Times: user=0.07 sys=0.00, real=0.05 secs] 
2016-02-19T11:21:36.827+0800: 320293.541: [GC [PSYoungGen: 1379152K->15616K(1379712K)] 2781799K->1418579K(4175936K), 0.0402320 secs] [Times: user=0.05 sys=0.01, real=0.04 secs] 
2016-02-19T11:22:31.780+0800: 320348.495: [GC [PSYoungGen: 1376704K->15840K(1379456K)] 2779667K->1418975K(4175680K), 0.0359420 secs] [Times: user=0.06 sys=0.00, real=0.04 secs] 
2016-02-19T11:23:22.197+0800: 320398.912: [GC [PSYoungGen: 1376928K->15472K(1380096K)] 2780063K->1418827K(4176320K), 0.0401530 secs] [Times: user=0.05 sys=0.00, real=0.04 secs] 
2016-02-19T11:24:19.997+0800: 320456.711: [GC [PSYoungGen: 1377392K->17424K(1379392K)] 2780747K->1420995K(4175616K), 0.0367670 secs] [Times: user=0.07 sys=0.00, real=0.03 secs] 
2016-02-19T11:25:16.557+0800: 320513.271: [GC [PSYoungGen: 1379344K->15584K(1379904K)] 2782915K->1419531K(4176128K), 0.0355510 secs] [Times: user=0.07 sys=0.00, real=0.04 secs] 
2016-02-19T11:26:04.442+0800: 320561.156: [GC [PSYoungGen: 1377120K->15296K(1379712K)] 2781067K->1419643K(4175936K), 0.0319220 secs] [Times: user=0.05 sys=0.00, real=0.03 secs] 
2016-02-19T11:27:03.898+0800: 320620.613: [GC [PSYoungGen: 1376832K->16208K(1380096K)] 2781179K->1420715K(4176320K), 0.0418320 secs] [Times: user=0.08 sys=0.00, real=0.04 secs] 
2016-02-19T11:27:59.815+0800: 320676.529: [GC [PSYoungGen: 1378256K->17072K(1379136K)] 2782763K->1421968K(4175360K), 0.0375550 secs] [Times: user=0.06 sys=0.00, real=0.04 secs] 
2016-02-19T11:28:51.168+0800: 320727.882: [GC [PSYoungGen: 1379120K->16032K(1380032K)] 2784016K->1421181K(4176256K), 0.0388150 secs] [Times: user=0.07 sys=0.00, real=0.04 secs] 
2016-02-19T11:29:46.482+0800: 320783.197: [GC [PSYoungGen: 1377824K->15616K(1379840K)] 2782973K->1421196K(4176064K), 0.0339340 secs] [Times: user=0.06 sys=0.00, real=0.04 secs] 
2016-02-19T11:30:39.243+0800: 320835.958: [GC [PSYoungGen: 1377408K->16144K(1380288K)] 2782988K->1421884K(4176512K), 0.0357230 secs] [Times: user=0.06 sys=0.00, real=0.04 secs] 
2016-02-19T11:31:34.838+0800: 320891.552: [GC [PSYoungGen: 1378576K->17057K(1379520K)] 2784316K->1423142K(4175744K), 0.0379400 secs] [Times: user=0.06 sys=0.00, real=0.04 secs] 
2016-02-19T11:32:30.948+0800: 320947.663: [GC [PSYoungGen: 1379489K->17957K(1378560K)] 2785574K->1424695K(4174784K), 0.0397150 secs] [Times: user=0.07 sys=0.00, real=0.04 secs] 
2016-02-19T11:33:24.508+0800: 321001.223: [GC [PSYoungGen: 1378533K->14625K(1375232K)] 2785271K->1421647K(4171456K), 0.0346590 secs] [Times: user=0.05 sys=0.00, real=0.03 secs] 
2016-02-19T11:34:19.244+0800: 321055.958: [GC [PSYoungGen: 1375201K->16832K(1379264K)] 2782223K->1424155K(4175488K), 0.0358310 secs] [Times: user=0.06 sys=0.00, real=0.03 secs] 
2016-02-19T11:35:11.030+0800: 321107.745: [GC [PSYoungGen: 1377280K->14336K(1374848K)] 2784603K->1421924K(4171072K), 0.0332850 secs] [Times: user=0.07 sys=0.00, real=0.03 secs] 
2016-02-19T11:36:02.376+0800: 321159.090: [GC [PSYoungGen: 1374784K->14656K(1379264K)] 2782372K->1422480K(4175488K), 0.0346330 secs] [Times: user=0.06 sys=0.00, real=0.03 secs] 
2016-02-19T11:37:01.955+0800: 321218.669: [GC [PSYoungGen: 1375040K->16160K(1379200K)] 2782864K->1424208K(4175424K), 0.0385840 secs] [Times: user=0.07 sys=0.00, real=0.04 secs] 
2016-02-19T11:38:00.404+0800: 321277.118: [GC [PSYoungGen: 1376544K->15008K(1379584K)] 2784592K->1423236K(4175808K), 0.0385830 secs] [Times: user=0.07 sys=0.00, real=0.04 secs] 
2016-02-19T11:38:55.749+0800: 321332.463: [GC [PSYoungGen: 1375968K->15872K(1379456K)] 2784196K->1424276K(4175680K), 0.0379270 secs] [Times: user=0.06 sys=0.00, real=0.04 secs] 
2016-02-19T11:39:55.558+0800: 321392.273: [GC [PSYoungGen: 1376832K->17248K(1379200K)] 2785236K->1425992K(4175424K), 0.0385020 secs] [Times: user=0.07 sys=0.00, real=0.04 secs] 
2016-02-19T11:40:45.087+0800: 321441.802: [GC [PSYoungGen: 1378208K->12784K(1373760K)] 2786952K->1421877K(4169984K), 0.0307350 secs] [Times: user=0.06 sys=0.01, real=0.03 secs] 
2016-02-19T11:41:40.052+0800: 321496.766: [GC [PSYoungGen: 1373744K->15728K(1379520K)] 2782837K->1425173K(4175744K), 0.0342960 secs] [Times: user=0.06 sys=0.00, real=0.04 secs] 
2016-02-19T11:42:23.091+0800: 321539.805: [GC [PSYoungGen: 1376432K->13392K(1379264K)] 2785877K->1423033K(4175488K), 0.0314560 secs] [Times: user=0.05 sys=0.00, real=0.03 secs] 
2016-02-19T11:43:11.566+0800: 321588.280: [GC [PSYoungGen: 1374096K->15968K(1379584K)] 2783737K->1425902K(4175808K), 0.0353280 secs] [Times: user=0.06 sys=0.00, real=0.03 secs] 
2016-02-19T11:43:58.717+0800: 321635.431: [GC [PSYoungGen: 1376928K->13440K(1379456K)] 2786862K->1423774K(4175680K), 0.0289000 secs] [Times: user=0.05 sys=0.01, real=0.03 secs] 
2016-02-19T11:44:45.197+0800: 321681.911: [GC [PSYoungGen: 1374400K->15632K(1379712K)] 2784734K->1426219K(4175936K), 0.0321220 secs] [Times: user=0.06 sys=0.00, real=0.04 secs] 
2016-02-19T11:45:27.642+0800: 321724.356: [GC [PSYoungGen: 1376784K->14582K(1379520K)] 2787371K->1425482K(4175744K), 0.0323840 secs] [Times: user=0.06 sys=0.00, real=0.03 secs] 
2016-02-19T11:46:07.779+0800: 321764.493: [GC [PSYoungGen: 1375734K->15648K(1380032K)] 2786634K->1426727K(4176256K), 0.0322240 secs] [Times: user=0.05 sys=0.00, real=0.03 secs] 
2016-02-19T11:46:40.409+0800: 321797.124: [GC [PSYoungGen: 1377504K->17584K(1379456K)] 2788583K->1428967K(4175680K), 0.0383250 secs] [Times: user=0.06 sys=0.00, real=0.04 secs] 
2016-02-19T11:47:11.982+0800: 321828.696: [GC [PSYoungGen: 1379440K->18592K(1377408K)] 2790823K->1430480K(4173632K), 0.0404640 secs] [Times: user=0.06 sys=0.00, real=0.04 secs] 
2016-02-19T11:47:55.678+0800: 321872.392: [GC [PSYoungGen: 1377376K->15728K(1378432K)] 2789264K->1427748K(4174656K), 0.0379580 secs] [Times: user=0.05 sys=0.00, real=0.03 secs] 
2016-02-19T11:48:35.069+0800: 321911.784: [GC [PSYoungGen: 1374512K->16109K(1379008K)] 2786532K->1428344K(4175232K), 0.0338050 secs] [Times: user=0.06 sys=0.00, real=0.03 secs] 
2016-02-19T11:49:19.275+0800: 321955.989: [GC [PSYoungGen: 1375789K->14880K(1378752K)] 2788024K->1427540K(4174976K), 0.0309310 secs] [Times: user=0.06 sys=0.00, real=0.03 secs] 
2016-02-19T11:50:03.320+0800: 322000.034: [GC [PSYoungGen: 1374560K->16224K(1379328K)] 2787220K->1429020K(4175552K), 0.0341210 secs] [Times: user=0.06 sys=0.00, real=0.04 secs] 
2016-02-19T11:50:45.473+0800: 322042.187: [GC [PSYoungGen: 1376672K->13248K(1379200K)] 2789468K->1426297K(4175424K), 0.0305280 secs] [Times: user=0.05 sys=0.00, real=0.03 secs] 
2016-02-19T11:51:33.283+0800: 322089.997: [GC [PSYoungGen: 1373696K->16176K(1379264K)] 2786745K->1429354K(4175488K), 0.0325340 secs] [Times: user=0.06 sys=0.00, real=0.03 secs] 
2016-02-19T11:52:26.636+0800: 322143.350: [GC [PSYoungGen: 1376560K->16544K(1379200K)] 2789738K->1430047K(4175424K), 0.0384710 secs] [Times: user=0.06 sys=0.00, real=0.04 secs] 
2016-02-19T11:53:13.305+0800: 322190.019: [GC [PSYoungGen: 1376928K->16688K(1379136K)] 2790431K->1430427K(4175360K), 0.0356530 secs] [Times: user=0.06 sys=0.00, real=0.04 secs] 
2016-02-19T11:53:57.427+0800: 322234.142: [GC [PSYoungGen: 1377008K->15072K(1379200K)] 2790747K->1428903K(4175424K), 0.0346920 secs] [Times: user=0.06 sys=0.00, real=0.03 secs] 
2016-02-19T11:54:39.184+0800: 322275.898: [GC [PSYoungGen: 1375392K->15216K(1379584K)] 2789223K->1429411K(4175808K), 0.0326430 secs] [Times: user=0.05 sys=0.00, real=0.03 secs] 
2016-02-19T11:55:26.487+0800: 322323.202: [GC [PSYoungGen: 1376112K->14944K(1379392K)] 2790307K->1429264K(4175616K), 0.0309150 secs] [Times: user=0.05 sys=0.00, real=0.03 secs] 
2016-02-19T11:56:15.635+0800: 322372.350: [GC [PSYoungGen: 1375840K->15872K(1379904K)] 2790160K->1430484K(4176128K), 0.0348690 secs] [Times: user=0.06 sys=0.00, real=0.04 secs] 
2016-02-19T11:57:11.459+0800: 322428.174: [GC [PSYoungGen: 1377408K->15392K(1379712K)] 2792020K->1430356K(4175936K), 0.0411540 secs] [Times: user=0.06 sys=0.00, real=0.04 secs] 
2016-02-19T11:58:04.835+0800: 322481.550: [GC [PSYoungGen: 1376928K->14528K(1380160K)] 2791892K->1429821K(4176384K), 0.0327700 secs] [Times: user=0.05 sys=0.00, real=0.04 secs] 
2016-02-19T11:58:57.641+0800: 322534.356: [GC [PSYoungGen: 1376704K->15744K(1380096K)] 2791997K->1431313K(4176320K), 0.0326440 secs] [Times: user=0.06 sys=0.00, real=0.03 secs] 
2016-02-19T11:59:50.478+0800: 322587.193: [GC [PSYoungGen: 1377920K->15984K(1380352K)] 2793489K->1431941K(4176576K), 0.0388330 secs] [Times: user=0.07 sys=0.00, real=0.04 secs] 
2016-02-19T12:00:39.041+0800: 322635.755: [GC [PSYoungGen: 1378544K->14928K(1380288K)] 2794501K->1431101K(4176512K), 0.0318790 secs] [Times: user=0.06 sys=0.00, real=0.03 secs] 
2016-02-19T12:01:33.405+0800: 322690.119: [GC [PSYoungGen: 1377488K->16001K(1380480K)] 2793661K->1432278K(4176704K), 0.0358640 secs] [Times: user=0.06 sys=0.00, real=0.04 secs] 
2016-02-19T12:02:29.913+0800: 322746.627: [GC [PSYoungGen: 1378881K->14400K(1380480K)] 2795158K->1431086K(4176704K), 0.0362930 secs] [Times: user=0.06 sys=0.00, real=0.03 secs] 
2016-02-19T12:03:24.982+0800: 322801.696: [GC [PSYoungGen: 1377280K->13264K(1380224K)] 2793966K->1430152K(4176448K), 0.0295780 secs] [Times: user=0.05 sys=0.01, real=0.03 secs] 
2016-02-19T12:04:19.469+0800: 322856.183: [GC [PSYoungGen: 1375888K->15392K(1380352K)] 2792776K->1433041K(4176576K), 0.0345420 secs] [Times: user=0.06 sys=0.00, real=0.03 secs] 
2016-02-19T12:05:08.598+0800: 322905.313: [GC [PSYoungGen: 1378016K->15488K(1380672K)] 2795665K->1433289K(4176896K), 0.0342080 secs] [Times: user=0.05 sys=0.00, real=0.04 secs] 
2016-02-19T12:06:02.705+0800: 322959.420: [GC [PSYoungGen: 1378624K->16640K(1379840K)] 2796425K->1434753K(4176064K), 0.0369840 secs] [Times: user=0.05 sys=0.01, real=0.04 secs] 
2016-02-19T12:07:03.952+0800: 323020.666: [GC [PSYoungGen: 1379776K->17376K(1379328K)] 2797889K->1435638K(4175552K), 0.0368920 secs] [Times: user=0.06 sys=0.00, real=0.04 secs] 
2016-02-19T12:07:53.073+0800: 323069.787: [GC [PSYoungGen: 1378976K->14080K(1379840K)] 2797238K->1432842K(4176064K), 0.0330750 secs] [Times: user=0.06 sys=0.00, real=0.03 secs] 
2016-02-19T12:08:55.877+0800: 323132.591: [GC [PSYoungGen: 1375680K->17968K(1378560K)] 2794442K->1436894K(4174784K), 0.0450470 secs] [Times: user=0.07 sys=0.00, real=0.05 secs] 
2016-02-19T12:09:56.840+0800: 323193.555: [GC [PSYoungGen: 1378288K->17664K(1378048K)] 2797214K->1436746K(4174272K), 0.0396910 secs] [Times: user=0.07 sys=0.00, real=0.04 secs] 
2016-02-19T12:10:47.524+0800: 323244.239: [GC [PSYoungGen: 1377984K->13440K(1378560K)] 2797066K->1432670K(4174784K), 0.0317600 secs] [Times: user=0.06 sys=0.00, real=0.03 secs] 
2016-02-19T12:11:38.669+0800: 323295.384: [GC [PSYoungGen: 1372736K->15216K(1378688K)] 2791966K->1434762K(4174912K), 0.0387530 secs] [Times: user=0.06 sys=0.00, real=0.04 secs] 
2016-02-19T12:12:35.040+0800: 323351.755: [GC [PSYoungGen: 1374512K->15712K(1379328K)] 2794058K->1435411K(4175552K), 0.0346010 secs] [Times: user=0.06 sys=0.00, real=0.03 secs] 
2016-02-19T12:13:31.166+0800: 323407.881: [GC [PSYoungGen: 1375968K->16080K(1379008K)] 2795667K->1436115K(4175232K), 0.0369020 secs] [Times: user=0.06 sys=0.00, real=0.04 secs] 
2016-02-19T12:14:21.706+0800: 323458.420: [GC [PSYoungGen: 1376336K->13120K(1379200K)] 2796371K->1433563K(4175424K), 0.0311320 secs] [Times: user=0.06 sys=0.00, real=0.03 secs] 
2016-02-19T12:15:13.746+0800: 323510.460: [GC [PSYoungGen: 1373696K->15472K(1379328K)] 2794139K->1436064K(4175552K), 0.0340110 secs] [Times: user=0.06 sys=0.00, real=0.03 secs] 
2016-02-19T12:16:10.665+0800: 323567.379: [GC [PSYoungGen: 1376048K->17232K(1378880K)] 2796640K->1438008K(4175104K), 0.0394860 secs] [Times: user=0.07 sys=0.00, real=0.04 secs] 
2016-02-19T12:16:55.359+0800: 323612.073: [GC [PSYoungGen: 1377680K->14960K(1379264K)] 2798456K->1436281K(4175488K), 0.0322990 secs] [Times: user=0.06 sys=0.00, real=0.04 secs] 
2016-02-19T12:17:48.304+0800: 323665.018: [GC [PSYoungGen: 1375408K->15664K(1379712K)] 2796729K->1437249K(4175936K), 0.0348880 secs] [Times: user=0.06 sys=0.00, real=0.03 secs] 
2016-02-19T12:18:39.307+0800: 323716.022: [GC [PSYoungGen: 1376752K->15056K(1379456K)] 2798337K->1436990K(4175680K), 0.0336230 secs] [Times: user=0.06 sys=0.00, real=0.03 secs] 
2016-02-19T12:19:30.247+0800: 323766.961: [GC [PSYoungGen: 1376144K->13488K(1379776K)] 2798078K->1435590K(4176000K), 0.0341010 secs] [Times: user=0.07 sys=0.00, real=0.04 secs] 
2016-02-19T12:20:19.845+0800: 323816.559: [GC [PSYoungGen: 1375088K->15232K(1379840K)] 2797190K->1437554K(4176064K), 0.0417850 secs] [Times: user=0.08 sys=0.00, real=0.04 secs] 
2016-02-19T12:21:22.945+0800: 323879.659: [GC [PSYoungGen: 1376832K->16864K(1379456K)] 2799154K->1439603K(4175680K), 0.0433730 secs] [Times: user=0.06 sys=0.00, real=0.04 secs] 
2016-02-19T12:22:14.007+0800: 323930.721: [GC [PSYoungGen: 1378336K->14288K(1379776K)] 2801075K->1437308K(4176000K), 0.0346670 secs] [Times: user=0.06 sys=0.00, real=0.04 secs] 
2016-02-19T12:23:09.743+0800: 323986.457: [GC [PSYoungGen: 1375760K->14736K(1380032K)] 2798780K->1437952K(4176256K), 0.0350490 secs] [Times: user=0.05 sys=0.00, real=0.04 secs] 
2016-02-19T12:23:58.305+0800: 324035.019: [GC [PSYoungGen: 1376592K->14656K(1379904K)] 2799808K->1438040K(4176128K), 0.0320590 secs] [Times: user=0.06 sys=0.00, real=0.03 secs] 
2016-02-19T12:24:47.874+0800: 324084.588: [GC [PSYoungGen: 1376512K->15024K(1380480K)] 2799896K->1438736K(4176704K), 0.0334510 secs] [Times: user=0.05 sys=0.00, real=0.03 secs] 
2016-02-19T12:25:31.781+0800: 324128.495: [GC [PSYoungGen: 1377648K->13440K(1380224K)] 2801360K->1437304K(4176448K), 0.0323110 secs] [Times: user=0.05 sys=0.01, real=0.03 secs] 
2016-02-19T12:26:34.282+0800: 324190.996: [GC [PSYoungGen: 1376064K->16432K(1379904K)] 2799928K->1440464K(4176128K), 0.0586480 secs] [Times: user=0.08 sys=0.02, real=0.06 secs] 
2016-02-19T12:27:28.514+0800: 324245.229: [GC [PSYoungGen: 1378672K->16304K(1378560K)] 2802704K->1440469K(4174784K), 0.0365350 secs] [Times: user=0.05 sys=0.00, real=0.04 secs] 
2016-02-19T12:28:21.589+0800: 324298.303: [GC [PSYoungGen: 1378544K->15824K(1380096K)] 2802709K->1440301K(4176320K), 0.0347820 secs] [Times: user=0.06 sys=0.00, real=0.03 secs] 
2016-02-19T12:29:13.037+0800: 324349.752: [GC [PSYoungGen: 1377808K->16064K(1379968K)] 2802285K->1440713K(4176192K), 0.0376260 secs] [Times: user=0.06 sys=0.00, real=0.04 secs] 
2016-02-19T12:30:02.660+0800: 324399.375: [GC [PSYoungGen: 1378048K->14352K(1380160K)] 2802697K->1439214K(4176384K), 0.0300000 secs] [Times: user=0.06 sys=0.00, real=0.03 secs] 
2016-02-19T12:30:55.756+0800: 324452.470: [GC [PSYoungGen: 1376464K->15776K(1380032K)] 2801326K->1440886K(4176256K), 0.0341030 secs] [Times: user=0.07 sys=0.00, real=0.04 secs] 
2016-02-19T12:31:40.003+0800: 324496.717: [GC [PSYoungGen: 1377888K->14208K(1380288K)] 2802998K->1439566K(4176512K), 0.0354470 secs] [Times: user=0.06 sys=0.00, real=0.04 secs] 
2016-02-19T12:32:30.726+0800: 324547.440: [GC [PSYoungGen: 1376640K->14048K(1380224K)] 2801998K->1439602K(4176448K), 0.0351430 secs] [Times: user=0.06 sys=0.00, real=0.04 secs] 
2016-02-19T12:33:24.598+0800: 324601.313: [GC [PSYoungGen: 1376480K->14816K(1380544K)] 2802034K->1440527K(4176768K), 0.0328060 secs] [Times: user=0.05 sys=0.00, real=0.03 secs] 
2016-02-19T12:34:15.524+0800: 324652.239: [GC [PSYoungGen: 1377632K->14112K(1380352K)] 2803343K->1440127K(4176576K), 0.0420600 secs] [Times: user=0.08 sys=0.00, real=0.04 secs] 
2016-02-19T12:35:07.931+0800: 324704.645: [GC [PSYoungGen: 1376928K->14384K(1380736K)] 2802943K->1440583K(4176960K), 0.0340650 secs] [Times: user=0.06 sys=0.00, real=0.04 secs] 
2016-02-19T12:35:48.092+0800: 324744.806: [GC [PSYoungGen: 1377648K->12480K(1380608K)] 2803847K->1438859K(4176832K), 0.0323080 secs] [Times: user=0.06 sys=0.00, real=0.03 secs] 
2016-02-19T12:36:32.381+0800: 324789.095: [GC [PSYoungGen: 1375744K->13360K(1380608K)] 2802123K->1439931K(4176832K), 0.0324810 secs] [Times: user=0.06 sys=0.00, real=0.03 secs] 
2016-02-19T12:37:22.185+0800: 324838.899: [GC [PSYoungGen: 1376496K->15728K(1378880K)] 2803067K->1442599K(4175104K), 0.0338020 secs] [Times: user=0.06 sys=0.00, real=0.03 secs] 
2016-02-19T12:38:16.572+0800: 324893.286: [GC [PSYoungGen: 1378864K->16256K(1379840K)] 2805735K->1443235K(4176064K), 0.0346600 secs] [Times: user=0.06 sys=0.00, real=0.03 secs] 
2016-02-19T12:39:07.358+0800: 324944.072: [GC [PSYoungGen: 1378496K->15136K(1380160K)] 2805475K->1442392K(4176384K), 0.0325670 secs] [Times: user=0.06 sys=0.00, real=0.03 secs] 
2016-02-19T12:39:56.597+0800: 324993.312: [GC [PSYoungGen: 1377376K->16704K(1379584K)] 2804632K->1444341K(4175808K), 0.0318970 secs] [Times: user=0.05 sys=0.00, real=0.03 secs] 
2016-02-19T12:40:45.130+0800: 325041.844: [GC [PSYoungGen: 1378560K->15488K(1379968K)] 2806197K->1443402K(4176192K), 0.0333090 secs] [Times: user=0.05 sys=0.00, real=0.03 secs] 
2016-02-19T12:41:31.053+0800: 325087.767: [GC [PSYoungGen: 1377344K->14752K(1380352K)] 2805258K->1443054K(4176576K), 0.0330230 secs] [Times: user=0.06 sys=0.00, real=0.03 secs] 
2016-02-19T12:42:18.244+0800: 325134.958: [GC [PSYoungGen: 1377120K->14752K(1380096K)] 2805422K->1443190K(4176320K), 0.0361300 secs] [Times: user=0.06 sys=0.00, real=0.03 secs] 
2016-02-19T12:43:04.156+0800: 325180.870: [GC [PSYoungGen: 1377120K->16944K(1379648K)] 2805558K->1445497K(4175872K), 0.0321110 secs] [Times: user=0.06 sys=0.00, real=0.03 secs] 
2016-02-19T12:43:54.284+0800: 325230.998: [GC [PSYoungGen: 1379056K->16545K(1378688K)] 2807609K->1445319K(4174912K), 0.0366200 secs] [Times: user=0.06 sys=0.01, real=0.04 secs] 
2016-02-19T12:44:47.543+0800: 325284.258: [GC [PSYoungGen: 1378657K->17345K(1378880K)] 2807431K->1446424K(4175104K), 0.0379170 secs] [Times: user=0.05 sys=0.01, real=0.04 secs] 
2016-02-19T12:45:32.088+0800: 325328.802: [GC [PSYoungGen: 1378049K->12944K(1373696K)] 2807128K->1442364K(4169920K), 0.0297640 secs] [Times: user=0.05 sys=0.00, real=0.03 secs] 
2016-02-19T12:46:31.100+0800: 325387.815: [GC [PSYoungGen: 1373648K->18048K(1377984K)] 2803068K->1447612K(4174208K), 0.0393170 secs] [Times: user=0.06 sys=0.00, real=0.03 secs] 
2016-02-19T12:47:20.572+0800: 325437.286: [GC [PSYoungGen: 1377216K->15664K(1378624K)] 2806780K->1445501K(4174848K), 0.0352290 secs] [Times: user=0.04 sys=0.00, real=0.04 secs] 
2016-02-19T12:48:16.008+0800: 325492.722: [GC [PSYoungGen: 1374832K->15712K(1379264K)] 2804669K->1445829K(4175488K), 0.0327150 secs] [Times: user=0.06 sys=0.00, real=0.04 secs] 
2016-02-19T12:49:08.463+0800: 325545.177: [GC [PSYoungGen: 1375840K->15008K(1378944K)] 2805957K->1445602K(4175168K), 0.0351900 secs] [Times: user=0.06 sys=0.00, real=0.03 secs] 
2016-02-19T12:49:56.455+0800: 325593.170: [GC [PSYoungGen: 1375136K->14784K(1379648K)] 2805730K->1445486K(4175872K), 0.0318940 secs] [Times: user=0.05 sys=0.00, real=0.04 secs] 
2016-02-19T12:50:52.306+0800: 325649.021: [GC [PSYoungGen: 1375808K->16640K(1379456K)] 2806510K->1447426K(4175680K), 0.0379160 secs] [Times: user=0.06 sys=0.00, real=0.04 secs] 
2016-02-19T12:51:45.508+0800: 325702.223: [GC [PSYoungGen: 1377664K->16219K(1379584K)] 2808450K->1447265K(4175808K), 0.0327650 secs] [Times: user=0.06 sys=0.01, real=0.03 secs] 
2016-02-19T12:52:39.076+0800: 325755.791: [GC [PSYoungGen: 1377243K->15056K(1379520K)] 2808289K->1446398K(4175744K), 0.0372090 secs] [Times: user=0.07 sys=0.00, real=0.03 secs] 
2016-02-19T12:53:26.641+0800: 325803.356: [GC [PSYoungGen: 1376080K->14816K(1379904K)] 2807422K->1446346K(4176128K), 0.0323370 secs] [Times: user=0.05 sys=0.01, real=0.04 secs] 
2016-02-19T12:54:18.512+0800: 325855.227: [GC [PSYoungGen: 1376416K->15520K(1379776K)] 2807946K->1447223K(4176000K), 0.0343600 secs] [Times: user=0.06 sys=0.00, real=0.03 secs] 
2016-02-19T12:55:06.517+0800: 325903.231: [GC [PSYoungGen: 1377120K->15472K(1380416K)] 2808823K->1447444K(4176640K), 0.0340060 secs] [Times: user=0.06 sys=0.00, real=0.03 secs] 
2016-02-19T12:55:48.145+0800: 325944.860: [GC [PSYoungGen: 1377968K->14096K(1380160K)] 2809940K->1446256K(4176384K), 0.0341370 secs] [Times: user=0.06 sys=0.00, real=0.03 secs] 
2016-02-19T12:56:31.420+0800: 325988.134: [GC [PSYoungGen: 1376592K->15024K(1380544K)] 2808752K->1447473K(4176768K), 0.0331710 secs] [Times: user=0.06 sys=0.01, real=0.04 secs] 
2016-02-19T12:57:15.611+0800: 326032.326: [GC [PSYoungGen: 1377840K->16160K(1380352K)] 2810289K->1448761K(4176576K), 0.0333410 secs] [Times: user=0.06 sys=0.00, real=0.03 secs] 
2016-02-19T12:58:09.189+0800: 326085.903: [GC [PSYoungGen: 1378976K->15216K(1380608K)] 2811577K->1448006K(4176832K), 0.0369460 secs] [Times: user=0.07 sys=0.00, real=0.04 secs] 
2016-02-19T12:59:01.862+0800: 326138.577: [GC [PSYoungGen: 1378224K->15760K(1380480K)] 2811014K->1448862K(4176704K), 0.0448640 secs] [Times: user=0.08 sys=0.00, real=0.04 secs] 
2016-02-19T12:59:52.142+0800: 326188.857: [GC [PSYoungGen: 1378768K->15808K(1380736K)] 2811870K->1449143K(4176960K), 0.0363910 secs] [Times: user=0.06 sys=0.00, real=0.03 secs] 
2016-02-19T13:00:38.981+0800: 326235.695: [GC [PSYoungGen: 1379136K->14128K(1380672K)] 2812471K->1447779K(4176896K), 0.0412940 secs] [Times: user=0.08 sys=0.00, real=0.04 secs] 
2016-02-19T13:01:32.268+0800: 326288.982: [GC [PSYoungGen: 1377456K->13984K(1380608K)] 2811107K->1448030K(4176832K), 0.0334790 secs] [Times: user=0.05 sys=0.00, real=0.04 secs] 
2016-02-19T13:02:28.010+0800: 326344.724: [GC [PSYoungGen: 1377248K->17389K(1380672K)] 2811294K->1452353K(4176896K), 0.0390450 secs] [Times: user=0.07 sys=0.00, real=0.04 secs] 
2016-02-19T13:03:21.120+0800: 326397.834: [GC [PSYoungGen: 1380653K->14544K(1379008K)] 2815617K->1450024K(4175232K), 0.0320020 secs] [Times: user=0.06 sys=0.00, real=0.03 secs] 
2016-02-19T13:04:23.316+0800: 326460.030: [GC [PSYoungGen: 1376144K->15936K(1379840K)] 2811624K->1451584K(4176064K), 0.0354270 secs] [Times: user=0.05 sys=0.00, real=0.03 secs] 
2016-02-19T13:05:20.774+0800: 326517.488: [GC [PSYoungGen: 1377536K->15968K(1380032K)] 2813184K->1451896K(4176256K), 0.0350070 secs] [Times: user=0.06 sys=0.00, real=0.04 secs] 
2016-02-19T13:06:12.310+0800: 326569.025: [GC [PSYoungGen: 1377888K->15952K(1379968K)] 2813816K->1452065K(4176192K), 0.0339430 secs] [Times: user=0.06 sys=0.00, real=0.04 secs] 
2016-02-19T13:07:10.853+0800: 326627.567: [GC [PSYoungGen: 1377872K->15120K(1380288K)] 2813985K->1451429K(4176512K), 0.0385630 secs] [Times: user=0.05 sys=0.00, real=0.03 secs] 
2016-02-19T13:08:08.872+0800: 326685.587: [GC [PSYoungGen: 1377424K->16144K(1380096K)] 2813733K->1452777K(4176320K), 0.0403910 secs] [Times: user=0.06 sys=0.00, real=0.04 secs] 
2016-02-19T13:09:01.281+0800: 326737.995: [GC [PSYoungGen: 1378448K->14160K(1380160K)] 2815081K->1451286K(4176384K), 0.0456920 secs] [Times: user=0.08 sys=0.00, real=0.05 secs] 
2016-02-19T13:09:57.959+0800: 326794.673: [GC [PSYoungGen: 1376528K->17856K(1380224K)] 2813654K->1455819K(4176448K), 0.0411330 secs] [Times: user=0.07 sys=0.00, real=0.05 secs] 
2016-02-19T13:10:52.139+0800: 326848.854: [GC [PSYoungGen: 1380224K->14880K(1378688K)] 2818187K->1453027K(4174912K), 0.0357550 secs] [Times: user=0.06 sys=0.00, real=0.03 secs] 
2016-02-19T13:11:43.995+0800: 326900.709: [GC [PSYoungGen: 1375712K->16848K(1377728K)] 2813859K->1455168K(4173952K), 0.0374740 secs] [Times: user=0.06 sys=0.00, real=0.04 secs] 
2016-02-19T13:12:37.943+0800: 326954.658: [GC [PSYoungGen: 1377680K->15920K(1379520K)] 2816000K->1454625K(4175744K), 0.0356040 secs] [Times: user=0.07 sys=0.00, real=0.03 secs] 
2016-02-19T13:13:29.846+0800: 327006.560: [GC [PSYoungGen: 1376624K->14464K(1379264K)] 2815329K->1453283K(4175488K), 0.0325400 secs] [Times: user=0.05 sys=0.00, real=0.04 secs] 
2016-02-19T13:14:22.552+0800: 327059.267: [GC [PSYoungGen: 1375168K->15408K(1379840K)] 2813987K->1454387K(4176064K), 0.0378480 secs] [Times: user=0.06 sys=0.00, real=0.03 secs] 
2016-02-19T13:15:16.012+0800: 327112.726: [GC [PSYoungGen: 1376752K->15376K(1379584K)] 2815731K->1454590K(4175808K), 0.0353730 secs] [Times: user=0.05 sys=0.00, real=0.04 secs] 
2016-02-19T13:16:14.708+0800: 327171.423: [GC [PSYoungGen: 1376720K->17152K(1379392K)] 2815934K->1456538K(4175616K), 0.0369640 secs] [Times: user=0.06 sys=0.00, real=0.03 secs] 
2016-02-19T13:17:06.953+0800: 327223.668: [GC [PSYoungGen: 1378496K->15280K(1379712K)] 2817882K->1455094K(4175936K), 0.0346400 secs] [Times: user=0.06 sys=0.00, real=0.03 secs] 
2016-02-19T13:17:56.955+0800: 327273.669: [GC [PSYoungGen: 1376624K->15392K(1380096K)] 2816438K->1455347K(4176320K), 0.0349600 secs] [Times: user=0.05 sys=0.00, real=0.03 secs] 
2016-02-19T13:18:46.798+0800: 327323.512: [GC [PSYoungGen: 1377312K->15472K(1379904K)] 2817267K->1455575K(4176128K), 0.0322160 secs] [Times: user=0.06 sys=0.00, real=0.03 secs] 
2016-02-19T13:19:36.146+0800: 327372.860: [GC [PSYoungGen: 1377392K->15696K(1380480K)] 2817495K->1456059K(4176704K), 0.0322490 secs] [Times: user=0.05 sys=0.00, real=0.03 secs] 
2016-02-19T13:20:36.110+0800: 327432.825: [GC [PSYoungGen: 1378384K->14952K(1380288K)] 2818747K->1455704K(4176512K), 0.0351930 secs] [Times: user=0.06 sys=0.00, real=0.04 secs] 
2016-02-19T13:21:27.383+0800: 327484.097: [GC [PSYoungGen: 1377640K->15760K(1380672K)] 2818392K->1456820K(4176896K), 0.0340550 secs] [Times: user=0.06 sys=0.00, real=0.04 secs] 
2016-02-19T13:22:20.630+0800: 327537.344: [GC [PSYoungGen: 1378896K->16256K(1380544K)] 2819956K->1457717K(4176768K), 0.0345450 secs] [Times: user=0.06 sys=0.00, real=0.04 secs] 
2016-02-19T13:23:15.265+0800: 327591.980: [GC [PSYoungGen: 1379392K->16304K(1380480K)] 2820853K->1458129K(4176704K), 0.0361290 secs] [Times: user=0.05 sys=0.00, real=0.04 secs] 
2016-02-19T13:24:19.457+0800: 327656.172: [GC [PSYoungGen: 1379312K->16944K(1379968K)] 2821137K->1458909K(4176192K), 0.0361820 secs] [Times: user=0.06 sys=0.00, real=0.03 secs] 
2016-02-19T13:25:09.464+0800: 327706.178: [GC [PSYoungGen: 1379952K->15088K(1380352K)] 2821917K->1457354K(4176576K), 0.0345320 secs] [Times: user=0.06 sys=0.00, real=0.03 secs] 
2016-02-19T13:26:06.540+0800: 327763.254: [GC [PSYoungGen: 1377648K->15536K(1380288K)] 2819914K->1458203K(4176512K), 0.0368520 secs] [Times: user=0.05 sys=0.00, real=0.03 secs] 
2016-02-19T13:27:05.880+0800: 327822.595: [GC [PSYoungGen: 1378096K->16513K(1380352K)] 2820763K->1459479K(4176576K), 0.0368430 secs] [Times: user=0.06 sys=0.00, real=0.04 secs] 
2016-02-19T13:27:58.456+0800: 327875.171: [GC [PSYoungGen: 1379265K->15312K(1380416K)] 2822231K->1458772K(4176640K), 0.0307740 secs] [Times: user=0.06 sys=0.00, real=0.03 secs] 
2016-02-19T13:28:50.779+0800: 327927.493: [GC [PSYoungGen: 1378064K->16016K(1380544K)] 2821524K->1459629K(4176768K), 0.0327910 secs] [Times: user=0.06 sys=0.00, real=0.04 secs] 
2016-02-19T13:29:42.959+0800: 327979.673: [GC [PSYoungGen: 1378960K->14160K(1380480K)] 2822573K->1458038K(4176704K), 0.0312340 secs] [Times: user=0.06 sys=0.00, real=0.03 secs] 
2016-02-19T13:30:41.548+0800: 328038.263: [GC [PSYoungGen: 1377104K->14160K(1380352K)] 2820982K->1458310K(4176576K), 0.0319430 secs] [Times: user=0.06 sys=0.00, real=0.03 secs] 
2016-02-19T13:31:38.561+0800: 328095.276: [GC [PSYoungGen: 1376912K->16928K(1379712K)] 2821062K->1461238K(4175936K), 0.0384150 secs] [Times: user=0.06 sys=0.00, real=0.04 secs] 
2016-02-19T13:32:30.656+0800: 328147.370: [GC [PSYoungGen: 1379680K->15616K(1380288K)] 2823990K->1460078K(4176512K), 0.0361980 secs] [Times: user=0.06 sys=0.00, real=0.03 secs] 
2016-02-19T13:33:32.098+0800: 328208.812: [GC [PSYoungGen: 1377920K->16256K(1380096K)] 2822382K->1461094K(4176320K), 0.0356790 secs] [Times: user=0.06 sys=0.00, real=0.04 secs] 
2016-02-19T13:34:29.426+0800: 328266.140: [GC [PSYoungGen: 1378560K->14960K(1380352K)] 2823398K->1459971K(4176576K), 0.0319070 secs] [Times: user=0.06 sys=0.00, real=0.03 secs] 
2016-02-19T13:35:22.485+0800: 328319.199: [GC [PSYoungGen: 1377520K->14176K(1380288K)] 2822531K->1459568K(4176512K), 0.0324900 secs] [Times: user=0.06 sys=0.00, real=0.03 secs] 
2016-02-19T13:36:25.638+0800: 328382.352: [GC [PSYoungGen: 1376736K->17024K(1379584K)] 2822128K->1462876K(4175808K), 0.0392690 secs] [Times: user=0.06 sys=0.00, real=0.04 secs] 
2016-02-19T13:37:27.348+0800: 328444.063: [GC [PSYoungGen: 1378880K->14720K(1379968K)] 2824732K->1460780K(4176192K), 0.0338500 secs] [Times: user=0.05 sys=0.00, real=0.03 secs] 
2016-02-19T13:38:31.394+0800: 328508.108: [GC [PSYoungGen: 1376576K->17312K(1379200K)] 2822636K->1463528K(4175424K), 0.0392020 secs] [Times: user=0.06 sys=0.00, real=0.04 secs] 
2016-02-19T13:39:36.306+0800: 328573.021: [GC [PSYoungGen: 1378528K->16992K(1378240K)] 2824744K->1463508K(4174464K), 0.0350780 secs] [Times: user=0.06 sys=0.00, real=0.04 secs] 
2016-02-19T13:40:28.914+0800: 328625.628: [GC [PSYoungGen: 1378208K->18003K(1378432K)] 2824724K->1464856K(4174656K), 0.0339440 secs] [Times: user=0.06 sys=0.00, real=0.04 secs] 
2016-02-19T13:41:24.199+0800: 328680.913: [GC [PSYoungGen: 1377811K->13952K(1373824K)] 2824664K->1461213K(4170048K), 0.0324590 secs] [Times: user=0.06 sys=0.00, real=0.03 secs] 
2016-02-19T13:42:22.756+0800: 328739.471: [GC [PSYoungGen: 1373760K->15216K(1379136K)] 2821021K->1462573K(4175360K), 0.0396230 secs] [Times: user=0.07 sys=0.00, real=0.04 secs] 
2016-02-19T13:43:20.905+0800: 328797.619: [GC [PSYoungGen: 1375152K->14848K(1378880K)] 2822509K->1462542K(4175104K), 0.0321260 secs] [Times: user=0.06 sys=0.00, real=0.03 secs] 
2016-02-19T13:44:20.630+0800: 328857.345: [GC [PSYoungGen: 1374764K->18796K(1375040K)] 2822458K->1469854K(4171264K), 0.0457470 secs] [Times: user=0.07 sys=0.01, real=0.05 secs] 
2016-02-19T13:45:16.391+0800: 328913.105: [GC [PSYoungGen: 1375020K->14880K(1377152K)] 2826078K->1466230K(4173376K), 0.0365300 secs] [Times: user=0.06 sys=0.00, real=0.03 secs] 
2016-02-19T13:46:13.467+0800: 328970.181: [GC [PSYoungGen: 1371104K->14528K(1377536K)] 2822454K->1466327K(4173760K), 0.0337800 secs] [Times: user=0.06 sys=0.00, real=0.03 secs] 
2016-02-19T13:47:10.207+0800: 329026.921: [GC [PSYoungGen: 1371392K->16368K(1377408K)] 2823191K->1468439K(4173632K), 0.0348380 secs] [Times: user=0.06 sys=0.00, real=0.04 secs] 
2016-02-19T13:48:01.985+0800: 329078.699: [GC [PSYoungGen: 1373232K->15680K(1378240K)] 2825303K->1467959K(4174464K), 0.0409260 secs] [Times: user=0.07 sys=0.00, real=0.04 secs] 
2016-02-19T13:49:01.956+0800: 329138.671: [GC [PSYoungGen: 1373696K->15920K(1377856K)] 2825975K->1468567K(4174080K), 0.0381730 secs] [Times: user=0.06 sys=0.00, real=0.04 secs] 
2016-02-19T13:50:10.170+0800: 329206.885: [GC [PSYoungGen: 1373936K->16447K(1378752K)] 2826583K->1469298K(4174976K), 0.0362190 secs] [Times: user=0.06 sys=0.01, real=0.03 secs] 
2016-02-19T13:51:08.710+0800: 329265.425: [GC [PSYoungGen: 1375679K->16288K(1378560K)] 2828530K->1469819K(4174784K), 0.0390000 secs] [Times: user=0.07 sys=0.00, real=0.04 secs] 
2016-02-19T13:52:09.706+0800: 329326.420: [GC [PSYoungGen: 1375520K->16960K(1378880K)] 2829051K->1470728K(4175104K), 0.0418360 secs] [Times: user=0.07 sys=0.00, real=0.04 secs] 
2016-02-19T13:53:02.400+0800: 329379.115: [GC [PSYoungGen: 1376768K->14512K(1378944K)] 2830536K->1468701K(4175168K), 0.0373450 secs] [Times: user=0.05 sys=0.00, real=0.03 secs] 
2016-02-19T13:54:04.105+0800: 329440.819: [GC [PSYoungGen: 1374320K->16144K(1379264K)] 2828509K->1470801K(4175488K), 0.0351050 secs] [Times: user=0.05 sys=0.00, real=0.03 secs] 
2016-02-19T13:55:07.300+0800: 329504.015: [GC [PSYoungGen: 1376336K->16752K(1379008K)] 2830993K->1471517K(4175232K), 0.0363080 secs] [Times: user=0.06 sys=0.00, real=0.03 secs] 
2016-02-19T13:56:05.471+0800: 329562.185: [GC [PSYoungGen: 1376944K->14112K(1379136K)] 2831709K->1469169K(4175360K), 0.0328170 secs] [Times: user=0.05 sys=0.00, real=0.03 secs] 
2016-02-19T13:57:04.135+0800: 329620.849: [GC [PSYoungGen: 1374432K->15024K(1379200K)] 2829489K->1470442K(4175424K), 0.0336840 secs] [Times: user=0.05 sys=0.00, real=0.03 secs] 
2016-02-19T13:58:06.942+0800: 329683.656: [GC [PSYoungGen: 1375344K->15952K(1379584K)] 2830762K->1471553K(4175808K), 0.0349350 secs] [Times: user=0.06 sys=0.00, real=0.03 secs] 
2016-02-19T13:59:02.287+0800: 329739.001: [GC [PSYoungGen: 1376784K->13792K(1379328K)] 2832385K->1469578K(4175552K), 0.0327270 secs] [Times: user=0.05 sys=0.00, real=0.04 secs] 
2016-02-19T14:00:06.187+0800: 329802.901: [GC [PSYoungGen: 1374624K->16576K(1379456K)] 2830410K->1472731K(4175680K), 0.0369190 secs] [Times: user=0.07 sys=0.00, real=0.04 secs] 
2016-02-19T14:01:04.967+0800: 329861.681: [GC [PSYoungGen: 1377408K->15296K(1379456K)] 2833563K->1471794K(4175680K), 0.0333840 secs] [Times: user=0.06 sys=0.00, real=0.04 secs] 
2016-02-19T14:02:01.494+0800: 329918.209: [GC [PSYoungGen: 1376128K->14160K(1379648K)] 2832626K->1470911K(4175872K), 0.0329730 secs] [Times: user=0.05 sys=0.01, real=0.04 secs] 
2016-02-19T14:02:59.942+0800: 329976.656: [GC [PSYoungGen: 1375376K->16464K(1377728K)] 2832127K->1473415K(4173952K), 0.0320580 secs] [Times: user=0.06 sys=0.00, real=0.03 secs] 
2016-02-19T14:03:57.090+0800: 330033.804: [GC [PSYoungGen: 1377680K->15632K(1379904K)] 2834631K->1472868K(4176128K), 0.0361940 secs] [Times: user=0.06 sys=0.00, real=0.03 secs] 
2016-02-19T14:04:57.072+0800: 330093.786: [GC [PSYoungGen: 1377040K->15008K(1379584K)] 2834276K->1472544K(4175808K), 0.0336760 secs] [Times: user=0.06 sys=0.00, real=0.04 secs] 
2016-02-19T14:05:56.562+0800: 330153.277: [GC [PSYoungGen: 1376416K->13760K(1379904K)] 2833952K->1471636K(4176128K), 0.0334030 secs] [Times: user=0.06 sys=0.00, real=0.03 secs] 
2016-02-19T14:06:58.759+0800: 330215.474: [GC [PSYoungGen: 1375616K->13472K(1375360K)] 2833492K->1471544K(4171584K), 0.0305800 secs] [Times: user=0.06 sys=0.00, real=0.03 secs] 
2016-02-19T14:08:00.422+0800: 330277.136: [GC [PSYoungGen: 1375328K->16416K(1379648K)] 2833400K->1474604K(4175872K), 0.0353570 secs] [Times: user=0.06 sys=0.01, real=0.04 secs] 
2016-02-19T14:09:01.795+0800: 330338.510: [GC [PSYoungGen: 1377888K->14816K(1379776K)] 2836076K->1473188K(4176000K), 0.0359660 secs] [Times: user=0.06 sys=0.00, real=0.04 secs] 
2016-02-19T14:09:57.135+0800: 330393.849: [GC [PSYoungGen: 1376288K->14576K(1380160K)] 2834660K->1473133K(4176384K), 0.0319010 secs] [Times: user=0.06 sys=0.00, real=0.04 secs] 
2016-02-19T14:10:50.588+0800: 330447.302: [GC [PSYoungGen: 1376624K->15936K(1379968K)] 2835181K->1474605K(4176192K), 0.0360250 secs] [Times: user=0.06 sys=0.00, real=0.04 secs] 
2016-02-19T14:11:52.702+0800: 330509.416: [GC [PSYoungGen: 1377984K->15456K(1380352K)] 2836653K->1474350K(4176576K), 0.0377400 secs] [Times: user=0.06 sys=0.00, real=0.03 secs] 
2016-02-19T14:12:47.480+0800: 330564.194: [GC [PSYoungGen: 1377888K->11136K(1373632K)] 2836782K->1470394K(4169856K), 0.0255980 secs] [Times: user=0.05 sys=0.00, real=0.03 secs] 
2016-02-19T14:13:46.312+0800: 330623.026: [GC [PSYoungGen: 1373568K->15024K(1380160K)] 2832826K->1474510K(4176384K), 0.0370720 secs] [Times: user=0.06 sys=0.00, real=0.04 secs] 
2016-02-19T14:14:56.258+0800: 330692.972: [GC [PSYoungGen: 1376944K->16224K(1379840K)] 2836430K->1476003K(4176064K), 0.0370830 secs] [Times: user=0.05 sys=0.01, real=0.03 secs] 
2016-02-19T14:15:54.066+0800: 330750.781: [GC [PSYoungGen: 1378144K->14352K(1380160K)] 2837923K->1474419K(4176384K), 0.0301690 secs] [Times: user=0.06 sys=0.00, real=0.03 secs] 
2016-02-19T14:16:54.425+0800: 330811.139: [GC [PSYoungGen: 1376400K->14800K(1379968K)] 2836467K->1475175K(4176192K), 0.0347160 secs] [Times: user=0.06 sys=0.00, real=0.03 secs] 
2016-02-19T14:17:52.518+0800: 330869.233: [GC [PSYoungGen: 1376848K->15024K(1380672K)] 2837223K->1475531K(4176896K), 0.0313910 secs] [Times: user=0.06 sys=0.00, real=0.03 secs] 
2016-02-19T14:18:55.318+0800: 330932.032: [GC [PSYoungGen: 1378032K->15952K(1380416K)] 2838539K->1476707K(4176640K), 0.0342900 secs] [Times: user=0.06 sys=0.00, real=0.04 secs] 
2016-02-19T14:19:56.574+0800: 330993.289: [GC [PSYoungGen: 1378960K->17216K(1379392K)] 2839715K->1478239K(4175616K), 0.0371350 secs] [Times: user=0.07 sys=0.00, real=0.04 secs] 
2016-02-19T14:20:50.093+0800: 331046.808: [GC [PSYoungGen: 1379072K->14752K(1379968K)] 2840095K->1476224K(4176192K), 0.0336560 secs] [Times: user=0.06 sys=0.00, real=0.04 secs] 
2016-02-19T14:21:43.235+0800: 331099.950: [GC [PSYoungGen: 1376608K->13792K(1380160K)] 2838080K->1475436K(4176384K), 0.0344890 secs] [Times: user=0.06 sys=0.00, real=0.03 secs] 
2016-02-19T14:22:40.909+0800: 331157.623: [GC [PSYoungGen: 1376032K->14880K(1380160K)] 2837676K->1476781K(4176384K), 0.0352040 secs] [Times: user=0.06 sys=0.00, real=0.03 secs] 
2016-02-19T14:23:40.950+0800: 331217.665: [GC [PSYoungGen: 1377120K->17632K(1378496K)] 2839021K->1480229K(4174720K), 0.0379070 secs] [Times: user=0.06 sys=0.00, real=0.04 secs] 
2016-02-19T14:24:40.353+0800: 331277.068: [GC [PSYoungGen: 1378464K->16432K(1377280K)] 2841061K->1479389K(4173504K), 0.0356050 secs] [Times: user=0.06 sys=0.00, real=0.03 secs] 
2016-02-19T14:25:34.249+0800: 331330.963: [GC [PSYoungGen: 1377264K->14512K(1379584K)] 2840221K->1477678K(4175808K), 0.0367690 secs] [Times: user=0.06 sys=0.00, real=0.03 secs] 
2016-02-19T14:26:36.407+0800: 331393.122: [GC [PSYoungGen: 1375408K->17696K(1378624K)] 2838574K->1481190K(4174848K), 0.0367020 secs] [Times: user=0.06 sys=0.00, real=0.04 secs] 
2016-02-19T14:27:36.795+0800: 331453.510: [GC [PSYoungGen: 1378592K->17664K(1378240K)] 2842086K->1481451K(4174464K), 0.0381660 secs] [Times: user=0.06 sys=0.00, real=0.04 secs] 
2016-02-19T14:28:38.126+0800: 331514.841: [GC [PSYoungGen: 1376832K->17808K(1377024K)] 2840619K->1482072K(4173248K), 0.0384760 secs] [Times: user=0.06 sys=0.00, real=0.04 secs] 
2016-02-19T14:29:35.875+0800: 331572.590: [GC [PSYoungGen: 1376976K->17232K(1378112K)] 2841240K->1481864K(4174336K), 0.0360160 secs] [Times: user=0.07 sys=0.00, real=0.03 secs] 
2016-02-19T14:30:39.371+0800: 331636.085: [GC [PSYoungGen: 1375504K->18554K(1376832K)] 2840136K->1483334K(4173056K), 0.0408150 secs] [Times: user=0.07 sys=0.00, real=0.04 secs] 
2016-02-19T14:31:46.788+0800: 331703.503: [GC [PSYoungGen: 1376826K->18448K(1376896K)] 2841606K->1483437K(4173120K), 0.0392330 secs] [Times: user=0.06 sys=0.00, real=0.04 secs] 
2016-02-19T14:32:52.010+0800: 331768.724: [GC [PSYoungGen: 1374928K->16768K(1377280K)] 2839917K->1482154K(4173504K), 0.0348730 secs] [Times: user=0.06 sys=0.00, real=0.03 secs] 
2016-02-19T14:33:52.106+0800: 331828.820: [GC [PSYoungGen: 1373248K->16487K(1377984K)] 2838634K->1482085K(4174208K), 0.0354120 secs] [Times: user=0.07 sys=0.00, real=0.03 secs] 
2016-02-19T14:34:53.083+0800: 331889.797: [GC [PSYoungGen: 1373991K->17851K(1377600K)] 2839589K->1483750K(4173824K), 0.0390270 secs] [Times: user=0.07 sys=0.00, real=0.04 secs] 
2016-02-19T14:35:46.907+0800: 331943.622: [GC [PSYoungGen: 1375355K->14400K(1377728K)] 2841254K->1480539K(4173952K), 0.0356690 secs] [Times: user=0.05 sys=0.00, real=0.04 secs] 
2016-02-19T14:36:40.094+0800: 331996.808: [GC [PSYoungGen: 1371904K->17088K(1377792K)] 2838043K->1483491K(4174016K), 0.0380810 secs] [Times: user=0.06 sys=0.00, real=0.04 secs] 
2016-02-19T14:37:34.347+0800: 332051.062: [GC [PSYoungGen: 1374592K->15440K(1378112K)] 2840995K->1482059K(4174336K), 0.0359930 secs] [Times: user=0.06 sys=0.00, real=0.04 secs] 
2016-02-19T14:38:33.746+0800: 332110.461: [GC [PSYoungGen: 1373456K->18897K(1376960K)] 2840075K->1485700K(4173184K), 0.0384020 secs] [Times: user=0.06 sys=0.00, real=0.04 secs] 
2016-02-19T14:39:38.261+0800: 332174.976: [GC [PSYoungGen: 1376913K->16345K(1377920K)] 2843716K->1483554K(4174144K), 0.0349050 secs] [Times: user=0.06 sys=0.00, real=0.04 secs] 
2016-02-19T14:40:40.574+0800: 332237.288: [GC [PSYoungGen: 1373785K->16288K(1377600K)] 2840994K->1483786K(4173824K), 0.0382740 secs] [Times: user=0.06 sys=0.00, real=0.04 secs] 
2016-02-19T14:41:41.703+0800: 332298.418: [GC [PSYoungGen: 1373728K->18896K(1377152K)] 2841226K->1486614K(4173376K), 0.0417770 secs] [Times: user=0.07 sys=0.00, real=0.04 secs] 
2016-02-19T14:42:40.034+0800: 332356.749: [GC [PSYoungGen: 1376144K->16128K(1377664K)] 2843862K->1484006K(4173888K), 0.0363810 secs] [Times: user=0.07 sys=0.00, real=0.03 secs] 
2016-02-19T14:43:40.792+0800: 332417.506: [GC [PSYoungGen: 1373376K->15792K(1378048K)] 2841254K->1483827K(4174272K), 0.0354650 secs] [Times: user=0.06 sys=0.00, real=0.03 secs] 
2016-02-19T14:44:38.477+0800: 332475.191: [GC [PSYoungGen: 1373680K->18240K(1376128K)] 2841715K->1486549K(4172352K), 0.0367570 secs] [Times: user=0.06 sys=0.00, real=0.03 secs] 
2016-02-19T14:45:43.814+0800: 332540.529: [GC [PSYoungGen: 1376128K->16656K(1378112K)] 2844437K->1485162K(4174336K), 0.0378870 secs] [Times: user=0.06 sys=0.00, real=0.04 secs] 
2016-02-19T14:46:43.268+0800: 332599.982: [GC [PSYoungGen: 1374480K->15280K(1377792K)] 2842986K->1484002K(4174016K), 0.0364240 secs] [Times: user=0.06 sys=0.00, real=0.03 secs] 
2016-02-19T14:47:40.752+0800: 332657.466: [GC [PSYoungGen: 1373104K->16384K(1378432K)] 2841826K->1485271K(4174656K), 0.0380520 secs] [Times: user=0.05 sys=0.00, real=0.03 secs] 
2016-02-19T14:48:39.484+0800: 332716.198: [GC [PSYoungGen: 1374912K->16928K(1378176K)] 2843799K->1486122K(4174400K), 0.0380500 secs] [Times: user=0.06 sys=0.00, real=0.04 secs] 
2016-02-19T14:49:36.322+0800: 332773.036: [GC [PSYoungGen: 1375456K->15888K(1378816K)] 2844650K->1485282K(4175040K), 0.0334020 secs] [Times: user=0.06 sys=0.01, real=0.03 secs] 
2016-02-19T14:50:27.167+0800: 332823.881: [GC [PSYoungGen: 1375248K->15648K(1378624K)] 2844642K->1485410K(4174848K), 0.0337000 secs] [Times: user=0.06 sys=0.00, real=0.03 secs] 
2016-02-19T14:51:27.026+0800: 332883.740: [GC [PSYoungGen: 1375008K->16635K(1379136K)] 2844770K->1486529K(4175360K), 0.0361620 secs] [Times: user=0.06 sys=0.00, real=0.04 secs] 
2016-02-19T14:52:25.538+0800: 332942.253: [GC [PSYoungGen: 1376571K->17984K(1377984K)] 2846465K->1488178K(4174208K), 0.0366490 secs] [Times: user=0.07 sys=0.00, real=0.03 secs] 
2016-02-19T14:53:22.175+0800: 332998.889: [GC [PSYoungGen: 1377920K->16704K(1379072K)] 2848114K->1487196K(4175296K), 0.0382800 secs] [Times: user=0.06 sys=0.00, real=0.04 secs] 
2016-02-19T14:54:17.089+0800: 333053.804: [GC [PSYoungGen: 1376512K->14400K(1378816K)] 2847004K->1485196K(4175040K), 0.0328390 secs] [Times: user=0.06 sys=0.00, real=0.03 secs] 
2016-02-19T14:55:15.617+0800: 333112.332: [GC [PSYoungGen: 1374208K->16128K(1379136K)] 2845004K->1487287K(4175360K), 0.0339320 secs] [Times: user=0.06 sys=0.00, real=0.03 secs] 
2016-02-19T14:56:16.438+0800: 333173.153: [GC [PSYoungGen: 1376064K->17264K(1378880K)] 2847223K->1488560K(4175104K), 0.0465690 secs] [Times: user=0.07 sys=0.00, real=0.05 secs] 
2016-02-19T14:57:18.939+0800: 333235.654: [GC [PSYoungGen: 1377200K->18976K(1376384K)] 2848496K->1491945K(4172608K), 0.0436670 secs] [Times: user=0.07 sys=0.00, real=0.04 secs] 
2016-02-19T14:58:16.277+0800: 333292.991: [GC [PSYoungGen: 1376352K->14352K(1371776K)] 2849321K->1487845K(4168000K), 0.0339670 secs] [Times: user=0.06 sys=0.00, real=0.03 secs] 
2016-02-19T14:59:17.052+0800: 333353.767: [GC [PSYoungGen: 1371728K->15232K(1377792K)] 2845221K->1488877K(4174016K), 0.0341510 secs] [Times: user=0.06 sys=0.00, real=0.03 secs] 
2016-02-19T15:00:15.410+0800: 333412.124: [GC [PSYoungGen: 1372608K->16880K(1377664K)] 2846253K->1490641K(4173888K), 0.0354080 secs] [Times: user=0.06 sys=0.00, real=0.03 secs] 
2016-02-19T15:01:19.003+0800: 333475.717: [GC [PSYoungGen: 1374256K->17168K(1378176K)] 2848017K->1491362K(4174400K), 0.0362760 secs] [Times: user=0.06 sys=0.00, real=0.04 secs] 
2016-02-19T15:02:15.935+0800: 333532.649: [GC [PSYoungGen: 1375312K->15680K(1378048K)] 2849506K->1489994K(4174272K), 0.0335020 secs] [Times: user=0.06 sys=0.00, real=0.04 secs] 
2016-02-19T15:03:13.029+0800: 333589.743: [GC [PSYoungGen: 1373824K->15616K(1378496K)] 2848138K->1490054K(4174720K), 0.0332910 secs] [Times: user=0.05 sys=0.01, real=0.03 secs] 
2016-02-19T15:04:03.504+0800: 333640.218: [GC [PSYoungGen: 1374336K->16000K(1378304K)] 2848774K->1490662K(4174528K), 0.0347700 secs] [Times: user=0.06 sys=0.00, real=0.03 secs] 
2016-02-19T15:04:58.960+0800: 333695.674: [GC [PSYoungGen: 1374720K->17440K(1378496K)] 2849382K->1492215K(4174720K), 0.0357850 secs] [Times: user=0.06 sys=0.00, real=0.04 secs] 
2016-02-19T15:05:48.553+0800: 333745.267: [GC [PSYoungGen: 1376608K->15536K(1378624K)] 2851383K->1490724K(4174848K), 0.0379270 secs] [Times: user=0.06 sys=0.00, real=0.04 secs] 
2016-02-19T15:06:38.887+0800: 333795.601: [GC [PSYoungGen: 1374704K->14272K(1378624K)] 2849892K->1489772K(4174848K), 0.0342200 secs] [Times: user=0.06 sys=0.00, real=0.03 secs] 
2016-02-19T15:07:33.369+0800: 333850.083: [GC [PSYoungGen: 1373568K->17056K(1378688K)] 2849068K->1492796K(4174912K), 0.0341940 secs] [Times: user=0.06 sys=0.00, real=0.03 secs] 
2016-02-19T15:08:32.326+0800: 333909.041: [GC [PSYoungGen: 1376352K->17584K(1378304K)] 2852092K->1493680K(4174528K), 0.0374210 secs] [Times: user=0.05 sys=0.01, real=0.04 secs] 
2016-02-19T15:09:35.017+0800: 333971.731: [GC [PSYoungGen: 1376496K->17152K(1378496K)] 2852592K->1493740K(4174720K), 0.0361120 secs] [Times: user=0.07 sys=0.00, real=0.04 secs] 
2016-02-19T15:10:23.616+0800: 334020.330: [GC [PSYoungGen: 1376064K->13168K(1378048K)] 2852652K->1489880K(4174272K), 0.0342750 secs] [Times: user=0.05 sys=0.00, real=0.04 secs] 
2016-02-19T15:11:18.023+0800: 334074.738: [GC [PSYoungGen: 1371696K->15904K(1378304K)] 2848408K->1492808K(4174528K), 0.0358310 secs] [Times: user=0.06 sys=0.00, real=0.04 secs] 
2016-02-19T15:12:10.165+0800: 334126.880: [GC [PSYoungGen: 1374432K->17952K(1377856K)] 2851336K->1495009K(4174080K), 0.0491650 secs] [Times: user=0.07 sys=0.00, real=0.05 secs] 
2016-02-19T15:13:07.114+0800: 334183.829: [GC [PSYoungGen: 1376352K->17184K(1378240K)] 2853409K->1494461K(4174464K), 0.0370390 secs] [Times: user=0.07 sys=0.00, real=0.04 secs] 
2016-02-19T15:13:54.522+0800: 334231.237: [GC [PSYoungGen: 1375584K->16192K(1378560K)] 2852861K->1493826K(4174784K), 0.0361030 secs] [Times: user=0.05 sys=0.01, real=0.04 secs] 
2016-02-19T15:14:51.670+0800: 334288.384: [GC [PSYoungGen: 1374976K->17679K(1378304K)] 2852610K->1495674K(4174528K), 0.0425000 secs] [Times: user=0.08 sys=0.00, real=0.05 secs] 
2016-02-19T15:15:43.097+0800: 334339.812: [GC [PSYoungGen: 1376463K->14720K(1378432K)] 2854458K->1493128K(4174656K), 0.0322540 secs] [Times: user=0.06 sys=0.00, real=0.04 secs] 
2016-02-19T15:16:47.441+0800: 334404.156: [GC [PSYoungGen: 1373504K->15936K(1378432K)] 2851912K->1494537K(4174656K), 0.0339210 secs] [Times: user=0.06 sys=0.00, real=0.03 secs] 
2016-02-19T15:17:46.718+0800: 334463.432: [GC [PSYoungGen: 1374720K->16016K(1378944K)] 2853321K->1494957K(4175168K), 0.0361330 secs] [Times: user=0.05 sys=0.00, real=0.04 secs] 
2016-02-19T15:18:44.989+0800: 334521.704: [GC [PSYoungGen: 1375568K->17776K(1378688K)] 2854509K->1496937K(4174912K), 0.0379820 secs] [Times: user=0.06 sys=0.00, real=0.03 secs] 
2016-02-19T15:19:40.432+0800: 334577.147: [GC [PSYoungGen: 1377328K->16832K(1378816K)] 2856489K->1496208K(4175040K), 0.0381320 secs] [Times: user=0.06 sys=0.00, real=0.03 secs] 
2016-02-19T15:20:29.734+0800: 334626.449: [GC [PSYoungGen: 1376256K->16672K(1378688K)] 2855632K->1496252K(4174912K), 0.0373720 secs] [Times: user=0.06 sys=0.00, real=0.04 secs] 
2016-02-19T15:21:16.645+0800: 334673.359: [GC [PSYoungGen: 1376096K->17152K(1379008K)] 2855676K->1496974K(4175232K), 0.0467170 secs] [Times: user=0.07 sys=0.00, real=0.05 secs] 
2016-02-19T15:22:10.757+0800: 334727.471: [GC [PSYoungGen: 1377088K->17984K(1377984K)] 2856910K->1498074K(4174208K), 0.0416980 secs] [Times: user=0.06 sys=0.00, real=0.04 secs] 
2016-02-19T15:23:04.038+0800: 334780.753: [GC [PSYoungGen: 1377920K->16560K(1378944K)] 2858010K->1496918K(4175168K), 0.0349120 secs] [Times: user=0.06 sys=0.00, real=0.04 secs] 
2016-02-19T15:23:52.822+0800: 334829.537: [GC [PSYoungGen: 1376176K->17136K(1378752K)] 2856534K->1497881K(4174976K), 0.0383990 secs] [Times: user=0.06 sys=0.00, real=0.04 secs] 
2016-02-19T15:24:45.211+0800: 334881.926: [GC [PSYoungGen: 1376752K->15991K(1379136K)] 2857497K->1496961K(4175360K), 0.0346180 secs] [Times: user=0.07 sys=0.00, real=0.04 secs] 
2016-02-19T15:25:42.194+0800: 334938.908: [GC [PSYoungGen: 1376119K->15904K(1379072K)] 2857089K->1497126K(4175296K), 0.0367850 secs] [Times: user=0.07 sys=0.00, real=0.03 secs] 
2016-02-19T15:26:35.882+0800: 334992.596: [GC [PSYoungGen: 1376032K->15600K(1379328K)] 2857254K->1496970K(4175552K), 0.0334340 secs] [Times: user=0.06 sys=0.00, real=0.03 secs] 
2016-02-19T15:27:40.627+0800: 335057.342: [GC [PSYoungGen: 1376112K->18720K(1379264K)] 2857482K->1501067K(4175488K), 0.0410620 secs] [Times: user=0.07 sys=0.00, real=0.04 secs] 
2016-02-19T15:28:35.493+0800: 335112.207: [GC [PSYoungGen: 1379232K->15296K(1377472K)] 2861579K->1497947K(4173696K), 0.0409240 secs] [Times: user=0.06 sys=0.00, real=0.04 secs] 
2016-02-19T15:29:22.947+0800: 335159.661: [GC [PSYoungGen: 1373952K->15632K(1378368K)] 2856603K->1498463K(4174592K), 0.0349950 secs] [Times: user=0.07 sys=0.00, real=0.04 secs] 
2016-02-19T15:30:11.095+0800: 335207.810: [GC [PSYoungGen: 1374288K->15344K(1378624K)] 2857119K->1498267K(4174848K), 0.0343300 secs] [Times: user=0.06 sys=0.00, real=0.04 secs] 
2016-02-19T15:31:01.217+0800: 335257.932: [GC [PSYoungGen: 1374384K->16400K(1378496K)] 2857307K->1499610K(4174720K), 0.0572290 secs] [Times: user=0.10 sys=0.00, real=0.06 secs] 
2016-02-19T15:32:00.522+0800: 335317.237: [GC [PSYoungGen: 1375440K->19054K(1377472K)] 2858650K->1502572K(4173696K), 0.0384360 secs] [Times: user=0.07 sys=0.00, real=0.04 secs] 
2016-02-19T15:32:51.453+0800: 335368.167: [GC [PSYoungGen: 1377326K->15408K(1378176K)] 2860844K->1499110K(4174400K), 0.0385060 secs] [Times: user=0.06 sys=0.00, real=0.04 secs] 
2016-02-19T15:33:39.936+0800: 335416.650: [GC [PSYoungGen: 1373680K->15040K(1378368K)] 2857382K->1498915K(4174592K), 0.0343530 secs] [Times: user=0.07 sys=0.00, real=0.03 secs] 
2016-02-19T15:34:37.688+0800: 335474.403: [GC [PSYoungGen: 1373632K->17648K(1376256K)] 2857507K->1501867K(4172480K), 0.0385300 secs] [Times: user=0.06 sys=0.00, real=0.03 secs] 
2016-02-19T15:35:35.914+0800: 335532.628: [GC [PSYoungGen: 1376240K->15424K(1378368K)] 2860459K->1499715K(4174592K), 0.0331730 secs] [Times: user=0.05 sys=0.01, real=0.04 secs] 
2016-02-19T15:36:39.542+0800: 335596.257: [GC [PSYoungGen: 1373952K->16512K(1378240K)] 2858243K->1501139K(4174464K), 0.0397150 secs] [Times: user=0.06 sys=0.00, real=0.04 secs] 
2016-02-19T15:37:33.785+0800: 335650.499: [GC [PSYoungGen: 1375040K->16080K(1378880K)] 2859667K->1500843K(4175104K), 0.0341570 secs] [Times: user=0.06 sys=0.00, real=0.04 secs] 
2016-02-19T15:38:32.946+0800: 335709.660: [GC [PSYoungGen: 1375568K->15472K(1378688K)] 2860331K->1500463K(4174912K), 0.0335120 secs] [Times: user=0.06 sys=0.00, real=0.03 secs] 
2016-02-19T15:39:30.360+0800: 335767.074: [GC [PSYoungGen: 1374960K->17536K(1378624K)] 2859951K->1502775K(4174848K), 0.0361740 secs] [Times: user=0.06 sys=0.00, real=0.04 secs] 
2016-02-19T15:40:20.786+0800: 335817.500: [GC [PSYoungGen: 1377088K->16384K(1378816K)] 2862327K->1501992K(4175040K), 0.0348330 secs] [Times: user=0.06 sys=0.01, real=0.04 secs] 
2016-02-19T15:41:09.205+0800: 335865.919: [GC [PSYoungGen: 1375936K->14624K(1379072K)] 2861544K->1500564K(4175296K), 0.0322550 secs] [Times: user=0.06 sys=0.00, real=0.03 secs] 
2016-02-19T15:42:06.063+0800: 335922.777: [GC [PSYoungGen: 1374688K->15616K(1379072K)] 2860628K->1501852K(4175296K), 0.0350040 secs] [Times: user=0.06 sys=0.01, real=0.03 secs] 
2016-02-19T15:43:08.047+0800: 335984.762: [GC [PSYoungGen: 1375680K->16816K(1379264K)] 2861916K->1503172K(4175488K), 0.0372920 secs] [Times: user=0.06 sys=0.00, real=0.04 secs] 
2016-02-19T15:44:02.191+0800: 336038.906: [GC [PSYoungGen: 1377200K->16848K(1379200K)] 2863556K->1503613K(4175424K), 0.0381930 secs] [Times: user=0.06 sys=0.00, real=0.04 secs] 
2016-02-19T15:45:02.347+0800: 336099.062: [GC [PSYoungGen: 1377232K->17200K(1379136K)] 2863997K->1504177K(4175360K), 0.0351410 secs] [Times: user=0.06 sys=0.00, real=0.04 secs] 
2016-02-19T15:45:57.971+0800: 336154.685: [GC [PSYoungGen: 1377520K->15088K(1379200K)] 2864497K->1502213K(4175424K), 0.0338080 secs] [Times: user=0.06 sys=0.00, real=0.04 secs] 
2016-02-19T15:46:58.447+0800: 336215.162: [GC [PSYoungGen: 1375408K->18875K(1372928K)] 2862533K->1512632K(4169152K), 0.0452300 secs] [Times: user=0.08 sys=0.00, real=0.05 secs] 
2016-02-19T15:47:46.543+0800: 336263.257: [GC [PSYoungGen: 1372923K->16624K(1376064K)] 2866680K->1510967K(4172288K), 0.0389280 secs] [Times: user=0.07 sys=0.00, real=0.04 secs] 
2016-02-19T15:48:41.286+0800: 336318.000: [GC [PSYoungGen: 1370672K->17632K(1376704K)] 2865015K->1512164K(4172928K), 0.0385290 secs] [Times: user=0.07 sys=0.00, real=0.04 secs] 
2016-02-19T15:49:31.816+0800: 336368.530: [GC [PSYoungGen: 1372704K->13376K(1376448K)] 2867236K->1508519K(4172672K), 0.0337840 secs] [Times: user=0.07 sys=0.00, real=0.03 secs] 
2016-02-19T15:50:20.336+0800: 336417.051: [GC [PSYoungGen: 1368448K->16576K(1376896K)] 2863591K->1511919K(4173120K), 0.0372740 secs] [Times: user=0.06 sys=0.00, real=0.04 secs] 
2016-02-19T15:51:08.980+0800: 336465.694: [GC [PSYoungGen: 1371840K->15088K(1376448K)] 2867183K->1510588K(4172672K), 0.0334820 secs] [Times: user=0.06 sys=0.00, real=0.03 secs] 
2016-02-19T15:51:54.236+0800: 336510.950: [GC [PSYoungGen: 1370352K->16752K(1377472K)] 2865852K->1512545K(4173696K), 0.0347050 secs] [Times: user=0.06 sys=0.00, real=0.03 secs] 
2016-02-19T15:52:40.781+0800: 336557.496: [GC [PSYoungGen: 1373232K->16096K(1377088K)] 2869025K->1512385K(4173312K), 0.0363660 secs] [Times: user=0.06 sys=0.00, real=0.03 secs] 
2016-02-19T15:53:35.401+0800: 336612.115: [GC [PSYoungGen: 1372576K->16880K(1377984K)] 2868865K->1513350K(4174208K), 0.0344290 secs] [Times: user=0.06 sys=0.00, real=0.03 secs] 
2016-02-19T15:54:28.503+0800: 336665.217: [GC [PSYoungGen: 1374512K->15952K(1377728K)] 2870982K->1512606K(4173952K), 0.0361820 secs] [Times: user=0.06 sys=0.00, real=0.04 secs] 
2016-02-19T15:55:20.372+0800: 336717.087: [GC [PSYoungGen: 1373584K->15904K(1378432K)] 2870238K->1512738K(4174656K), 0.0344450 secs] [Times: user=0.06 sys=0.00, real=0.03 secs] 
2016-02-19T15:56:16.553+0800: 336773.267: [GC [PSYoungGen: 1374496K->18384K(1377024K)] 2871330K->1515463K(4173248K), 0.0440810 secs] [Times: user=0.06 sys=0.00, real=0.05 secs] 
2016-02-19T15:57:05.028+0800: 336821.742: [GC [PSYoungGen: 1376976K->14864K(1378112K)] 2874055K->1512383K(4174336K), 0.0341340 secs] [Times: user=0.06 sys=0.00, real=0.03 secs] 
2016-02-19T15:57:54.919+0800: 336871.634: [GC [PSYoungGen: 1372944K->16871K(1378048K)] 2870463K->1514651K(4174272K), 0.0361080 secs] [Times: user=0.06 sys=0.00, real=0.04 secs] 
2016-02-19T15:58:40.403+0800: 336917.117: [GC [PSYoungGen: 1374951K->15200K(1378368K)] 2872731K->1513152K(4174592K), 0.0331970 secs] [Times: user=0.06 sys=0.00, real=0.04 secs] 
2016-02-19T15:59:34.389+0800: 336971.104: [GC [PSYoungGen: 1373792K->17840K(1376448K)] 2871744K->1516084K(4172672K), 0.0397310 secs] [Times: user=0.07 sys=0.00, real=0.04 secs] 
2016-02-19T16:00:23.632+0800: 337020.346: [GC [PSYoungGen: 1376432K->16592K(1378496K)] 2874676K->1515093K(4174720K), 0.0354290 secs] [Times: user=0.06 sys=0.00, real=0.04 secs] 
2016-02-19T16:01:16.805+0800: 337073.519: [GC [PSYoungGen: 1375184K->16176K(1378176K)] 2873685K->1515045K(4174400K), 0.0336810 secs] [Times: user=0.06 sys=0.01, real=0.04 secs] 
2016-02-19T16:02:01.654+0800: 337118.368: [GC [PSYoungGen: 1374768K->14768K(1378752K)] 2873637K->1513902K(4174976K), 0.0332430 secs] [Times: user=0.06 sys=0.00, real=0.04 secs] 
2016-02-19T16:02:50.970+0800: 337167.685: [GC [PSYoungGen: 1374192K->15312K(1378752K)] 2873326K->1514682K(4174976K), 0.0336410 secs] [Times: user=0.06 sys=0.00, real=0.04 secs] 
2016-02-19T16:03:39.525+0800: 337216.239: [GC [PSYoungGen: 1374736K->16608K(1379008K)] 2874106K->1516370K(4175232K), 0.0366590 secs] [Times: user=0.06 sys=0.00, real=0.04 secs] 
2016-02-19T16:04:32.398+0800: 337269.113: [GC [PSYoungGen: 1376352K->15888K(1378816K)] 2876114K->1516003K(4175040K), 0.0359330 secs] [Times: user=0.07 sys=0.00, real=0.03 secs] 
2016-02-19T16:05:23.878+0800: 337320.593: [GC [PSYoungGen: 1375632K->17024K(1379200K)] 2875747K->1517275K(4175424K), 0.0391290 secs] [Times: user=0.07 sys=0.00, real=0.04 secs] 
2016-02-19T16:06:10.806+0800: 337367.520: [GC [PSYoungGen: 1377344K->15248K(1379200K)] 2877595K->1515722K(4175424K), 0.0363470 secs] [Times: user=0.07 sys=0.01, real=0.04 secs] 
2016-02-19T16:06:56.311+0800: 337413.025: [GC [PSYoungGen: 1375568K->14144K(1379008K)] 2876042K->1514811K(4175232K), 0.0303800 secs] [Times: user=0.06 sys=0.00, real=0.03 secs] 
2016-02-19T16:07:43.901+0800: 337460.615: [GC [PSYoungGen: 1374336K->15344K(1379136K)] 2875003K->1516319K(4175360K), 0.0359460 secs] [Times: user=0.07 sys=0.00, real=0.04 secs] 
2016-02-19T16:08:30.638+0800: 337507.352: [GC [PSYoungGen: 1375536K->14384K(1379328K)] 2876511K->1515631K(4175552K), 0.0352410 secs] [Times: user=0.07 sys=0.00, real=0.04 secs] 
2016-02-19T16:09:25.299+0800: 337562.014: [GC [PSYoungGen: 1374960K->17808K(1378432K)] 2876207K->1519435K(4174656K), 0.0355470 secs] [Times: user=0.06 sys=0.00, real=0.03 secs] 
2016-02-19T16:10:19.302+0800: 337616.016: [GC [PSYoungGen: 1378384K->16368K(1379072K)] 2880011K->1518336K(4175296K), 0.0345400 secs] [Times: user=0.06 sys=0.00, real=0.04 secs] 
2016-02-19T16:11:15.571+0800: 337672.286: [GC [PSYoungGen: 1376240K->17792K(1377728K)] 2878208K->1519924K(4173952K), 0.0369040 secs] [Times: user=0.07 sys=0.00, real=0.04 secs] 
2016-02-19T16:12:05.467+0800: 337722.181: [GC [PSYoungGen: 1377664K->15360K(1378880K)] 2879796K->1517760K(4175104K), 0.0334980 secs] [Times: user=0.06 sys=0.00, real=0.04 secs] 
2016-02-19T16:12:57.628+0800: 337774.342: [GC [PSYoungGen: 1374848K->16112K(1378688K)] 2877248K->1518620K(4174912K), 0.0394440 secs] [Times: user=0.06 sys=0.00, real=0.04 secs] 
2016-02-19T16:13:53.624+0800: 337830.339: [GC [PSYoungGen: 1375600K->16352K(1379392K)] 2878108K->1519111K(4175616K), 0.0368250 secs] [Times: user=0.06 sys=0.00, real=0.04 secs] 
2016-02-19T16:14:42.443+0800: 337879.157: [GC [PSYoungGen: 1376864K->15152K(1379200K)] 2879623K->1518132K(4175424K), 0.0403280 secs] [Times: user=0.08 sys=0.00, real=0.04 secs] 
2016-02-19T16:15:36.481+0800: 337933.196: [GC [PSYoungGen: 1375664K->17153K(1379200K)] 2878644K->1520321K(4175424K), 0.0383170 secs] [Times: user=0.06 sys=0.00, real=0.04 secs] 
2016-02-19T16:16:26.694+0800: 337983.408: [GC [PSYoungGen: 1377729K->15856K(1379328K)] 2880897K->1519386K(4175552K), 0.0355870 secs] [Times: user=0.06 sys=0.00, real=0.03 secs] 
2016-02-19T16:17:17.501+0800: 338034.215: [GC [PSYoungGen: 1376432K->17344K(1379136K)] 2879962K->1521034K(4175360K), 0.0377280 secs] [Times: user=0.06 sys=0.01, real=0.04 secs] 
2016-02-19T16:18:05.682+0800: 338082.396: [GC [PSYoungGen: 1377920K->14960K(1379328K)] 2881610K->1518866K(4175552K), 0.0351000 secs] [Times: user=0.06 sys=0.00, real=0.04 secs] 
2016-02-19T16:18:51.442+0800: 338128.157: [GC [PSYoungGen: 1375536K->15936K(1379584K)] 2879442K->1519927K(4175808K), 0.0371680 secs] [Times: user=0.06 sys=0.00, real=0.03 secs] 
2016-02-19T16:19:40.177+0800: 338176.892: [GC [PSYoungGen: 1376768K->18192K(1379072K)] 2880759K->1522332K(4175296K), 0.0450200 secs] [Times: user=0.07 sys=0.00, real=0.05 secs] 
2016-02-19T16:20:35.703+0800: 338232.418: [GC [PSYoungGen: 1379024K->17904K(1378304K)] 2883164K->1522437K(4174528K), 0.0367600 secs] [Times: user=0.07 sys=0.00, real=0.04 secs] 
2016-02-19T16:21:30.997+0800: 338287.711: [GC [PSYoungGen: 1377200K->16448K(1378688K)] 2881733K->1521414K(4174912K), 0.0429180 secs] [Times: user=0.08 sys=0.00, real=0.04 secs] 
2016-02-19T16:22:17.292+0800: 338334.006: [GC [PSYoungGen: 1375744K->15617K(1379136K)] 2880710K->1520743K(4175360K), 0.0365200 secs] [Times: user=0.05 sys=0.00, real=0.04 secs] 
2016-02-19T16:23:05.637+0800: 338382.352: [GC [PSYoungGen: 1375681K->14832K(1379008K)] 2880807K->1520279K(4175232K), 0.0338250 secs] [Times: user=0.06 sys=0.00, real=0.03 secs] 
2016-02-19T16:23:52.879+0800: 338429.594: [GC [PSYoungGen: 1374896K->16112K(1379328K)] 2880343K->1521972K(4175552K), 0.0336330 secs] [Times: user=0.07 sys=0.00, real=0.04 secs] 
2016-02-19T16:24:40.409+0800: 338477.123: [GC [PSYoungGen: 1376432K->16624K(1379072K)] 2882292K->1522768K(4175296K), 0.0361310 secs] [Times: user=0.06 sys=0.00, real=0.04 secs] 
2016-02-19T16:25:32.540+0800: 338529.254: [GC [PSYoungGen: 1376944K->14737K(1379456K)] 2883088K->1521248K(4175680K), 0.0338940 secs] [Times: user=0.06 sys=0.01, real=0.03 secs] 
2016-02-19T16:26:22.413+0800: 338579.128: [GC [PSYoungGen: 1375569K->15056K(1379456K)] 2882080K->1522061K(4175680K), 0.0356840 secs] [Times: user=0.06 sys=0.00, real=0.03 secs] 
2016-02-19T16:27:17.998+0800: 338634.713: [GC [PSYoungGen: 1375888K->17056K(1379264K)] 2882893K->1524275K(4175488K), 0.0350000 secs] [Times: user=0.06 sys=0.00, real=0.04 secs] 
2016-02-19T16:28:11.887+0800: 338688.602: [GC [PSYoungGen: 1377760K->16240K(1379392K)] 2884979K->1523839K(4175616K), 0.0359620 secs] [Times: user=0.07 sys=0.00, real=0.04 secs] 
2016-02-19T16:29:07.133+0800: 338743.847: [GC [PSYoungGen: 1376944K->17360K(1379072K)] 2884543K->1525139K(4175296K), 0.0382520 secs] [Times: user=0.06 sys=0.00, real=0.03 secs] 
2016-02-19T16:29:50.705+0800: 338787.419: [GC [PSYoungGen: 1377936K->14544K(1379328K)] 2885715K->1522711K(4175552K), 0.0334130 secs] [Times: user=0.06 sys=0.00, real=0.03 secs] 
2016-02-19T16:30:41.180+0800: 338837.894: [GC [PSYoungGen: 1375120K->15440K(1379456K)] 2883287K->1523759K(4175680K), 0.0347370 secs] [Times: user=0.06 sys=0.00, real=0.03 secs] 
2016-02-19T16:31:34.640+0800: 338891.354: [GC [PSYoungGen: 1376144K->15632K(1379328K)] 2884463K->1524324K(4175552K), 0.0321310 secs] [Times: user=0.06 sys=0.00, real=0.03 secs] 
2016-02-19T16:32:24.086+0800: 338940.800: [GC [PSYoungGen: 1376336K->17536K(1379008K)] 2885028K->1526488K(4175232K), 0.0413260 secs] [Times: user=0.07 sys=0.00, real=0.04 secs] 
2016-02-19T16:33:11.497+0800: 338988.211: [GC [PSYoungGen: 1378112K->14944K(1379328K)] 2887064K->1524237K(4175552K), 0.0324330 secs] [Times: user=0.07 sys=0.00, real=0.04 secs] 
2016-02-19T16:33:53.665+0800: 339030.379: [GC [PSYoungGen: 1375520K->16448K(1379456K)] 2884813K->1526157K(4175680K), 0.0350620 secs] [Times: user=0.06 sys=0.01, real=0.03 secs] 
2016-02-19T16:34:35.893+0800: 339072.607: [GC [PSYoungGen: 1377216K->16192K(1379392K)] 2886925K->1526105K(4175616K), 0.0346860 secs] [Times: user=0.06 sys=0.00, real=0.03 secs] 
2016-02-19T16:35:23.478+0800: 339120.193: [GC [PSYoungGen: 1376960K->15472K(1379840K)] 2886873K->1525541K(4176064K), 0.0337080 secs] [Times: user=0.06 sys=0.00, real=0.04 secs] 
2016-02-19T16:36:12.267+0800: 339168.982: [GC [PSYoungGen: 1376944K->17504K(1379008K)] 2887013K->1527905K(4175232K), 0.0359150 secs] [Times: user=0.07 sys=0.00, real=0.04 secs] 
2016-02-19T16:37:07.043+0800: 339223.758: [GC [PSYoungGen: 1378976K->16912K(1379456K)] 2889377K->1527526K(4175680K), 0.0375850 secs] [Times: user=0.06 sys=0.00, real=0.04 secs] 
2016-02-19T16:38:00.863+0800: 339277.578: [GC [PSYoungGen: 1377744K->15936K(1379456K)] 2888358K->1526743K(4175680K), 0.0374240 secs] [Times: user=0.07 sys=0.00, real=0.04 secs] 
2016-02-19T16:38:48.908+0800: 339325.623: [GC [PSYoungGen: 1376768K->16752K(1379648K)] 2887575K->1527791K(4175872K), 0.0358010 secs] [Times: user=0.06 sys=0.00, real=0.03 secs] 
2016-02-19T16:39:38.691+0800: 339375.405: [GC [PSYoungGen: 1377968K->18096K(1379328K)] 2889007K->1529395K(4175552K), 0.0395400 secs] [Times: user=0.06 sys=0.00, real=0.04 secs] 
2016-02-19T16:40:31.222+0800: 339427.936: [GC [PSYoungGen: 1379312K->15312K(1379200K)] 2890611K->1526968K(4175424K), 0.0347980 secs] [Times: user=0.07 sys=0.00, real=0.03 secs] 
2016-02-19T16:41:22.641+0800: 339479.355: [GC [PSYoungGen: 1375760K->17184K(1377664K)] 2887416K->1529207K(4173888K), 0.0400680 secs] [Times: user=0.08 sys=0.00, real=0.04 secs] 
2016-02-19T16:42:16.906+0800: 339533.621: [GC [PSYoungGen: 1377632K->16528K(1379392K)] 2889655K->1528760K(4175616K), 0.0373480 secs] [Times: user=0.06 sys=0.00, real=0.03 secs] 
2016-02-19T16:43:04.601+0800: 339581.316: [GC [PSYoungGen: 1376976K->15552K(1379136K)] 2889208K->1528080K(4175360K), 0.0339510 secs] [Times: user=0.06 sys=0.00, real=0.03 secs] 
2016-02-19T16:43:56.935+0800: 339633.650: [GC [PSYoungGen: 1376000K->17712K(1378816K)] 2888528K->1530533K(4175040K), 0.0448240 secs] [Times: user=0.07 sys=0.00, real=0.05 secs] 
2016-02-19T16:44:44.697+0800: 339681.412: [GC [PSYoungGen: 1377904K->14736K(1379136K)] 2890725K->1528074K(4175360K), 0.0328600 secs] [Times: user=0.06 sys=0.00, real=0.03 secs] 
2016-02-19T16:45:38.023+0800: 339734.737: [GC [PSYoungGen: 1374928K->17920K(1378368K)] 2888266K->1531459K(4174592K), 0.0383440 secs] [Times: user=0.07 sys=0.00, real=0.04 secs] 
2016-02-19T16:46:32.727+0800: 339789.441: [GC [PSYoungGen: 1377344K->17504K(1376960K)] 2890883K->1531440K(4173184K), 0.0370690 secs] [Times: user=0.06 sys=0.00, real=0.04 secs] 
2016-02-19T16:47:31.807+0800: 339848.521: [GC [PSYoungGen: 1376928K->19264K(1377280K)] 2890864K->1533396K(4173504K), 0.0392390 secs] [Times: user=0.07 sys=0.00, real=0.04 secs] 
2016-02-19T16:48:24.179+0800: 339900.894: [GC [PSYoungGen: 1377126K->16715K(1377984K)] 2891259K->1531115K(4174208K), 0.0356290 secs] [Times: user=0.06 sys=0.00, real=0.04 secs] 
2016-02-19T16:49:23.092+0800: 339959.807: [GC [PSYoungGen: 1374603K->19184K(1377088K)] 2889003K->1533977K(4173312K), 0.0446680 secs] [Times: user=0.07 sys=0.00, real=0.05 secs] 
2016-02-19T16:50:13.329+0800: 340010.044: [GC [PSYoungGen: 1376432K->16688K(1377664K)] 2891225K->1531661K(4173888K), 0.0360450 secs] [Times: user=0.06 sys=0.00, real=0.04 secs] 
2016-02-19T16:51:06.197+0800: 340062.912: [GC [PSYoungGen: 1373936K->16944K(1378240K)] 2888909K->1532014K(4174464K), 0.0406960 secs] [Times: user=0.06 sys=0.00, real=0.04 secs] 
2016-02-19T16:51:57.762+0800: 340114.477: [GC [PSYoungGen: 1375024K->15808K(1377920K)] 2890094K->1531102K(4174144K), 0.0328880 secs] [Times: user=0.06 sys=0.01, real=0.03 secs] 
2016-02-19T16:52:54.129+0800: 340170.843: [GC [PSYoungGen: 1373888K->16448K(1378496K)] 2889182K->1531866K(4174720K), 0.0376920 secs] [Times: user=0.06 sys=0.00, real=0.04 secs] 
2016-02-19T16:53:41.608+0800: 340218.323: [GC [PSYoungGen: 1375168K->14432K(1378304K)] 2890586K->1530042K(4174528K), 0.0369990 secs] [Times: user=0.07 sys=0.00, real=0.04 secs] 
2016-02-19T16:54:26.767+0800: 340263.481: [GC [PSYoungGen: 1373152K->15984K(1378560K)] 2888762K->1531854K(4174784K), 0.0338390 secs] [Times: user=0.05 sys=0.00, real=0.04 secs] 
2016-02-19T16:55:12.841+0800: 340309.556: [GC [PSYoungGen: 1374832K->13456K(1378368K)] 2890702K->1529686K(4174592K), 0.0349360 secs] [Times: user=0.07 sys=0.00, real=0.04 secs] 
2016-02-19T16:56:02.536+0800: 340359.251: [GC [PSYoungGen: 1372304K->13792K(1378240K)] 2888534K->1530335K(4174464K), 0.0342210 secs] [Times: user=0.06 sys=0.00, real=0.03 secs] 
2016-02-19T16:56:53.109+0800: 340409.824: [GC [PSYoungGen: 1372320K->14496K(1378304K)] 2888863K->1531164K(4174528K), 0.0328170 secs] [Times: user=0.06 sys=0.00, real=0.03 secs] 
2016-02-19T16:57:45.867+0800: 340462.581: [GC [PSYoungGen: 1373024K->15712K(1378752K)] 2889692K->1532636K(4174976K), 0.0361020 secs] [Times: user=0.07 sys=0.00, real=0.04 secs] 
2016-02-19T16:58:41.300+0800: 340518.014: [GC [PSYoungGen: 1374816K->16816K(1378432K)] 2891740K->1533989K(4174656K), 0.0349110 secs] [Times: user=0.06 sys=0.00, real=0.04 secs] 
2016-02-19T16:59:31.959+0800: 340568.673: [GC [PSYoungGen: 1375920K->17520K(1378240K)] 2893093K->1534969K(4174464K), 0.0362620 secs] [Times: user=0.07 sys=0.00, real=0.04 secs] 
2016-02-19T17:00:17.431+0800: 340614.145: [GC [PSYoungGen: 1376432K->15616K(1378496K)] 2893881K->1533397K(4174720K), 0.0351700 secs] [Times: user=0.06 sys=0.00, real=0.03 secs] 
2016-02-19T17:01:09.126+0800: 340665.840: [GC [PSYoungGen: 1374528K->15872K(1379072K)] 2892309K->1533873K(4175296K), 0.0382320 secs] [Times: user=0.06 sys=0.00, real=0.04 secs] 
2016-02-19T17:02:03.468+0800: 340720.182: [GC [PSYoungGen: 1375616K->16160K(1378752K)] 2893617K->1534315K(4174976K), 0.0362490 secs] [Times: user=0.05 sys=0.00, real=0.03 secs] 
2016-02-19T17:02:54.563+0800: 340771.277: [GC [PSYoungGen: 1375904K->16389K(1379456K)] 2894059K->1534889K(4175680K), 0.0337640 secs] [Times: user=0.05 sys=0.01, real=0.04 secs] 
2016-02-19T17:03:39.105+0800: 340815.820: [GC [PSYoungGen: 1377093K->13760K(1379328K)] 2895593K->1532551K(4175552K), 0.0349290 secs] [Times: user=0.05 sys=0.00, real=0.03 secs] 
2016-02-19T17:04:32.068+0800: 340868.782: [GC [PSYoungGen: 1374464K->18384K(1377920K)] 2893255K->1537431K(4174144K), 0.0402570 secs] [Times: user=0.07 sys=0.00, real=0.04 secs] 
2016-02-19T17:05:20.983+0800: 340917.697: [GC [PSYoungGen: 1377552K->15600K(1378624K)] 2896599K->1534957K(4174848K), 0.0370130 secs] [Times: user=0.06 sys=0.00, real=0.04 secs] 
2016-02-19T17:06:13.575+0800: 340970.289: [GC [PSYoungGen: 1374768K->16896K(1378880K)] 2894125K->1536582K(4175104K), 0.0352620 secs] [Times: user=0.06 sys=0.00, real=0.04 secs] 
2016-02-19T17:07:08.529+0800: 341025.243: [GC [PSYoungGen: 1376576K->17184K(1376896K)] 2896262K->1537326K(4173120K), 0.0400150 secs] [Times: user=0.06 sys=0.00, real=0.04 secs] 
2016-02-19T17:07:59.967+0800: 341076.681: [GC [PSYoungGen: 1376864K->16592K(1378944K)] 2897006K->1536870K(4175168K), 0.0329130 secs] [Times: user=0.05 sys=0.00, real=0.04 secs] 
2016-02-19T17:08:55.766+0800: 341132.480: [GC [PSYoungGen: 1376272K->19127K(1378816K)] 2896550K->1539762K(4175040K), 0.0370870 secs] [Times: user=0.07 sys=0.00, real=0.03 secs] 
2016-02-19T17:09:38.351+0800: 341175.066: [GC [PSYoungGen: 1378807K->16923K(1377792K)] 2899442K->1537983K(4174016K), 0.0327050 secs] [Times: user=0.06 sys=0.01, real=0.04 secs] 
2016-02-19T17:10:22.969+0800: 341219.684: [GC [PSYoungGen: 1375451K->12880K(1371456K)] 2896511K->1534368K(4167680K), 0.0333300 secs] [Times: user=0.06 sys=0.00, real=0.03 secs] 
2016-02-19T17:11:08.938+0800: 341265.652: [GC [PSYoungGen: 1371408K->15360K(1378176K)] 2892896K->1537137K(4174400K), 0.0388180 secs] [Times: user=0.06 sys=0.00, real=0.04 secs] 
2016-02-19T17:11:57.893+0800: 341314.607: [GC [PSYoungGen: 1373440K->13808K(1377984K)] 2895217K->1535805K(4174208K), 0.0312630 secs] [Times: user=0.06 sys=0.00, real=0.03 secs] 
2016-02-19T17:12:55.324+0800: 341372.038: [GC [PSYoungGen: 1371888K->17600K(1377664K)] 2893885K->1539866K(4173888K), 0.0396350 secs] [Times: user=0.06 sys=0.00, real=0.04 secs] 
2016-02-19T17:13:48.721+0800: 341425.435: [GC [PSYoungGen: 1375360K->15937K(1377920K)] 2897626K->1538515K(4174144K), 0.0373350 secs] [Times: user=0.06 sys=0.00, real=0.04 secs] 
2016-02-19T17:14:44.537+0800: 341481.251: [GC [PSYoungGen: 1373697K->18452K(1377280K)] 2896275K->1541545K(4173504K), 0.0464080 secs] [Times: user=0.08 sys=0.00, real=0.04 secs] 
2016-02-19T17:15:38.967+0800: 341535.681: [GC [PSYoungGen: 1375956K->14272K(1377792K)] 2899049K->1537615K(4174016K), 0.0299020 secs] [Times: user=0.06 sys=0.00, real=0.03 secs] 
2016-02-19T17:16:39.430+0800: 341596.144: [GC [PSYoungGen: 1371776K->17825K(1377344K)] 2895119K->1541488K(4173568K), 0.0397060 secs] [Times: user=0.07 sys=0.00, real=0.04 secs] 
2016-02-19T17:17:32.299+0800: 341649.013: [GC [PSYoungGen: 1374945K->15632K(1377600K)] 2898608K->1539705K(4173824K), 0.0325190 secs] [Times: user=0.05 sys=0.00, real=0.03 secs] 
2016-02-19T17:18:25.797+0800: 341702.511: [GC [PSYoungGen: 1372752K->14720K(1378048K)] 2896825K->1539114K(4174272K), 0.0346340 secs] [Times: user=0.06 sys=0.00, real=0.04 secs] 
2016-02-19T17:19:18.695+0800: 341755.410: [GC [PSYoungGen: 1372608K->13472K(1377920K)] 2897002K->1538310K(4174144K), 0.0327780 secs] [Times: user=0.05 sys=0.00, real=0.04 secs] 
2016-02-19T17:20:10.699+0800: 341807.413: [GC [PSYoungGen: 1371360K->14449K(1378176K)] 2896198K->1539436K(4174400K), 0.0369550 secs] [Times: user=0.06 sys=0.00, real=0.04 secs] 
2016-02-19T17:21:12.425+0800: 341869.140: [GC [PSYoungGen: 1372529K->15408K(1377984K)] 2897516K->1540738K(4174208K), 0.0320720 secs] [Times: user=0.06 sys=0.00, real=0.03 secs] 
2016-02-19T17:22:15.000+0800: 341931.714: [GC [PSYoungGen: 1373488K->18480K(1377280K)] 2898818K->1544162K(4173504K), 0.0377950 secs] [Times: user=0.06 sys=0.00, real=0.04 secs] 
2016-02-19T17:23:07.634+0800: 341984.348: [GC [PSYoungGen: 1376240K->16065K(1377920K)] 2901922K->1541871K(4174144K), 0.0346940 secs] [Times: user=0.06 sys=0.00, real=0.03 secs] 
2016-02-19T17:24:05.439+0800: 342042.153: [GC [PSYoungGen: 1373825K->15984K(1378624K)] 2899631K->1541988K(4174848K), 0.0370790 secs] [Times: user=0.06 sys=0.01, real=0.04 secs] 
2016-02-19T17:25:05.512+0800: 342102.227: [GC [PSYoungGen: 1374832K->16368K(1378304K)] 2900836K->1542631K(4174528K), 0.0373340 secs] [Times: user=0.07 sys=0.00, real=0.03 secs] 
2016-02-19T17:25:56.411+0800: 342153.125: [GC [PSYoungGen: 1375216K->14272K(1378880K)] 2901479K->1540747K(4175104K), 0.0316560 secs] [Times: user=0.06 sys=0.00, real=0.04 secs] 
2016-02-19T17:26:51.066+0800: 342207.780: [GC [PSYoungGen: 1373888K->15616K(1378816K)] 2900363K->1542404K(4175040K), 0.0328310 secs] [Times: user=0.05 sys=0.00, real=0.04 secs] 
2016-02-19T17:27:42.668+0800: 342259.382: [GC [PSYoungGen: 1375232K->15600K(1379456K)] 2902020K->1542516K(4175680K), 0.0350670 secs] [Times: user=0.07 sys=0.00, real=0.03 secs] 
2016-02-19T17:28:29.488+0800: 342306.203: [GC [PSYoungGen: 1376176K->14560K(1379200K)] 2903092K->1541837K(4175424K), 0.0321280 secs] [Times: user=0.06 sys=0.00, real=0.04 secs] 
2016-02-19T17:29:23.127+0800: 342359.841: [GC [PSYoungGen: 1375136K->14656K(1379648K)] 2902413K->1542341K(4175872K), 0.0367110 secs] [Times: user=0.06 sys=0.00, real=0.04 secs] 
2016-02-19T17:30:14.659+0800: 342411.373: [GC [PSYoungGen: 1375744K->14752K(1379520K)] 2903429K->1542601K(4175744K), 0.0311160 secs] [Times: user=0.06 sys=0.00, real=0.03 secs] 
2016-02-19T17:31:04.214+0800: 342460.928: [GC [PSYoungGen: 1375840K->15488K(1380032K)] 2903689K->1543513K(4176256K), 0.0357730 secs] [Times: user=0.06 sys=0.00, real=0.03 secs] 
2016-02-19T17:32:02.812+0800: 342519.527: [GC [PSYoungGen: 1377216K->16640K(1379776K)] 2905241K->1544789K(4176000K), 0.0361480 secs] [Times: user=0.06 sys=0.01, real=0.04 secs] 
2016-02-19T17:33:05.276+0800: 342581.991: [GC [PSYoungGen: 1378368K->16032K(1379968K)] 2906517K->1544637K(4176192K), 0.0326020 secs] [Times: user=0.06 sys=0.00, real=0.03 secs] 
2016-02-19T17:34:01.581+0800: 342638.296: [GC [PSYoungGen: 1377824K->16911K(1378752K)] 2906429K->1545652K(4174976K), 0.0728180 secs] [Times: user=0.07 sys=0.00, real=0.07 secs] 
2016-02-19T17:34:53.476+0800: 342690.190: [GC [PSYoungGen: 1378703K->15376K(1379904K)] 2907444K->1544430K(4176128K), 0.0375130 secs] [Times: user=0.06 sys=0.00, real=0.03 secs] 
2016-02-19T17:35:52.451+0800: 342749.165: [GC [PSYoungGen: 1376976K->15359K(1379776K)] 2906030K->1544557K(4176000K), 0.0315190 secs] [Times: user=0.05 sys=0.00, real=0.03 secs] 
2016-02-19T17:36:49.531+0800: 342806.246: [GC [PSYoungGen: 1376959K->14336K(1380096K)] 2906157K->1543863K(4176320K), 0.0309530 secs] [Times: user=0.06 sys=0.00, real=0.03 secs] 
2016-02-19T17:37:52.831+0800: 342869.546: [GC [PSYoungGen: 1376448K->15296K(1380096K)] 2905975K->1545250K(4176320K), 0.0332810 secs] [Times: user=0.06 sys=0.00, real=0.04 secs] 
2016-02-19T17:38:51.022+0800: 342927.737: [GC [PSYoungGen: 1377408K->17377K(1379392K)] 2907362K->1547512K(4175616K), 0.0363470 secs] [Times: user=0.06 sys=0.00, real=0.03 secs] 
2016-02-19T17:39:55.291+0800: 342992.005: [GC [PSYoungGen: 1378977K->15456K(1379840K)] 2909112K->1545987K(4176064K), 0.0437280 secs] [Times: user=0.07 sys=0.00, real=0.04 secs] 
2016-02-19T17:40:53.308+0800: 343050.022: [GC [PSYoungGen: 1377056K->14560K(1380096K)] 2907587K->1545208K(4176320K), 0.0363010 secs] [Times: user=0.06 sys=0.00, real=0.04 secs] 
2016-02-19T17:41:57.289+0800: 343114.003: [GC [PSYoungGen: 1376608K->15553K(1380032K)] 2907256K->1546337K(4176256K), 0.0333660 secs] [Times: user=0.05 sys=0.00, real=0.04 secs] 
2016-02-19T17:43:03.154+0800: 343179.868: [GC [PSYoungGen: 1377601K->17328K(1379456K)] 2908385K->1548633K(4175680K), 0.0338430 secs] [Times: user=0.07 sys=0.00, real=0.04 secs] 
2016-02-19T17:44:00.748+0800: 343237.463: [GC [PSYoungGen: 1379056K->15920K(1379904K)] 2910361K->1547345K(4176128K), 0.0346440 secs] [Times: user=0.06 sys=0.01, real=0.03 secs] 
2016-02-19T17:45:05.825+0800: 343302.539: [GC [PSYoungGen: 1377648K->15317K(1380224K)] 2909073K->1547002K(4176448K), 0.0331120 secs] [Times: user=0.06 sys=0.00, real=0.03 secs] 
2016-02-19T17:46:04.987+0800: 343361.702: [GC [PSYoungGen: 1377493K->14480K(1380032K)] 2909178K->1546626K(4176256K), 0.0344250 secs] [Times: user=0.06 sys=0.00, real=0.03 secs] 
2016-02-19T17:47:07.431+0800: 343424.145: [GC [PSYoungGen: 1376656K->14768K(1380288K)] 2908802K->1547139K(4176512K), 0.0348660 secs] [Times: user=0.06 sys=0.00, real=0.04 secs] 
2016-02-19T17:48:02.893+0800: 343479.607: [GC [PSYoungGen: 1377200K->15088K(1380224K)] 2909571K->1547720K(4176448K), 0.0356760 secs] [Times: user=0.06 sys=0.00, real=0.04 secs] 
2016-02-19T17:48:58.530+0800: 343535.245: [GC [PSYoungGen: 1377520K->15808K(1380544K)] 2910152K->1548743K(4176768K), 0.0330400 secs] [Times: user=0.06 sys=0.00, real=0.03 secs] 
2016-02-19T17:49:57.655+0800: 343594.369: [GC [PSYoungGen: 1378688K->15040K(1380416K)] 2911623K->1548243K(4176640K), 0.0377020 secs] [Times: user=0.06 sys=0.00, real=0.04 secs] 
2016-02-19T17:51:00.062+0800: 343656.776: [GC [PSYoungGen: 1377920K->14368K(1380672K)] 2911123K->1547675K(4176896K), 0.0400780 secs] [Times: user=0.06 sys=0.00, real=0.04 secs] 
2016-02-19T17:52:05.562+0800: 343722.276: [GC [PSYoungGen: 1377632K->15488K(1380672K)] 2910939K->1549132K(4176896K), 0.0375840 secs] [Times: user=0.06 sys=0.00, real=0.04 secs] 
2016-02-19T17:53:08.065+0800: 343784.779: [GC [PSYoungGen: 1378752K->16448K(1380416K)] 2912396K->1550464K(4176640K), 0.0378450 secs] [Times: user=0.06 sys=0.00, real=0.04 secs] 
2016-02-19T17:54:07.604+0800: 343844.319: [GC [PSYoungGen: 1379584K->13504K(1376704K)] 2913600K->1547729K(4172928K), 0.0313060 secs] [Times: user=0.05 sys=0.00, real=0.03 secs] 
2016-02-19T17:55:07.741+0800: 343904.456: [GC [PSYoungGen: 1376640K->16720K(1379840K)] 2910865K->1551186K(4176064K), 0.0355360 secs] [Times: user=0.06 sys=0.01, real=0.03 secs] 
2016-02-19T17:56:04.631+0800: 343961.346: [GC [PSYoungGen: 1378960K->14912K(1380160K)] 2913426K->1549586K(4176384K), 0.0326050 secs] [Times: user=0.05 sys=0.00, real=0.03 secs] 
2016-02-19T17:57:07.386+0800: 344024.100: [GC [PSYoungGen: 1377152K->15552K(1380480K)] 2911826K->1550614K(4176704K), 0.0346380 secs] [Times: user=0.06 sys=0.00, real=0.03 secs] 
2016-02-19T17:58:05.913+0800: 344082.627: [GC [PSYoungGen: 1378304K->14896K(1380352K)] 2913366K->1550194K(4176576K), 0.0333180 secs] [Times: user=0.05 sys=0.00, real=0.03 secs] 
2016-02-19T17:59:03.494+0800: 344140.208: [GC [PSYoungGen: 1377648K->16672K(1380096K)] 2912946K->1552091K(4176320K), 0.0381000 secs] [Times: user=0.08 sys=0.00, real=0.04 secs] 
2016-02-19T18:00:06.719+0800: 344203.434: [GC [PSYoungGen: 1379296K->15632K(1380352K)] 2914715K->1551179K(4176576K), 0.0353390 secs] [Times: user=0.06 sys=0.00, real=0.04 secs] 
2016-02-19T18:01:07.364+0800: 344264.079: [GC [PSYoungGen: 1378256K->16896K(1379840K)] 2913803K->1552775K(4176064K), 0.0457520 secs] [Times: user=0.08 sys=0.00, real=0.05 secs] 
2016-02-19T18:02:11.698+0800: 344328.412: [GC [PSYoungGen: 1379136K->15520K(1380160K)] 2915015K->1551849K(4176384K), 0.0428150 secs] [Times: user=0.08 sys=0.00, real=0.04 secs] 
2016-02-19T18:03:10.784+0800: 344387.499: [GC [PSYoungGen: 1377760K->15072K(1380480K)] 2914089K->1551826K(4176704K), 0.0364210 secs] [Times: user=0.06 sys=0.00, real=0.04 secs] 
2016-02-19T18:04:09.468+0800: 344446.182: [GC [PSYoungGen: 1377888K->16944K(1379776K)] 2914642K->1554078K(4176000K), 0.0409040 secs] [Times: user=0.07 sys=0.00, real=0.05 secs] 
2016-02-19T18:05:06.714+0800: 344503.428: [GC [PSYoungGen: 1379760K->13344K(1379904K)] 2916894K->1550682K(4176128K), 0.0306260 secs] [Times: user=0.06 sys=0.01, real=0.03 secs] 
2016-02-19T18:06:05.652+0800: 344562.367: [GC [PSYoungGen: 1375328K->16080K(1380032K)] 2912666K->1553582K(4176256K), 0.0338690 secs] [Times: user=0.06 sys=0.00, real=0.03 secs] 
2016-02-19T18:07:04.511+0800: 344621.226: [GC [PSYoungGen: 1378064K->15008K(1380224K)] 2915566K->1552827K(4176448K), 0.0324660 secs] [Times: user=0.06 sys=0.00, real=0.03 secs] 
2016-02-19T18:08:05.683+0800: 344682.398: [GC [PSYoungGen: 1377184K->15952K(1380032K)] 2915003K->1554071K(4176256K), 0.0365570 secs] [Times: user=0.06 sys=0.00, real=0.04 secs] 
2016-02-19T18:09:05.936+0800: 344742.650: [GC [PSYoungGen: 1378128K->13984K(1380160K)] 2916247K->1552391K(4176384K), 0.0313840 secs] [Times: user=0.06 sys=0.00, real=0.03 secs] 
2016-02-19T18:10:00.078+0800: 344796.793: [GC [PSYoungGen: 1376352K->14400K(1380224K)] 2914759K->1552963K(4176448K), 0.0355200 secs] [Times: user=0.06 sys=0.00, real=0.03 secs] 
2016-02-19T18:10:54.514+0800: 344851.229: [GC [PSYoungGen: 1376768K->14114K(1380352K)] 2915331K->1552838K(4176576K), 0.0291250 secs] [Times: user=0.05 sys=0.00, real=0.03 secs] 
2016-02-19T18:11:55.678+0800: 344912.392: [GC [PSYoungGen: 1376674K->15569K(1380288K)] 2915398K->1554605K(4176512K), 0.0353630 secs] [Times: user=0.07 sys=0.00, real=0.03 secs] 
2016-02-19T18:12:56.333+0800: 344973.047: [GC [PSYoungGen: 1378129K->14064K(1380480K)] 2917165K->1553429K(4176704K), 0.0340050 secs] [Times: user=0.06 sys=0.00, real=0.04 secs] 
2016-02-19T18:13:54.933+0800: 345031.648: [GC [PSYoungGen: 1376944K->14784K(1380480K)] 2916309K->1554489K(4176704K), 0.0377780 secs] [Times: user=0.06 sys=0.00, real=0.03 secs] 
2016-02-19T18:14:54.732+0800: 345091.446: [GC [PSYoungGen: 1377664K->14160K(1380800K)] 2917369K->1554013K(4177024K), 0.0299070 secs] [Times: user=0.06 sys=0.00, real=0.03 secs] 
2016-02-19T18:15:53.710+0800: 345150.425: [GC [PSYoungGen: 1377552K->15808K(1380672K)] 2917405K->1555801K(4176896K), 0.0343820 secs] [Times: user=0.07 sys=0.00, real=0.04 secs] 
2016-02-19T18:16:56.417+0800: 345213.131: [GC [PSYoungGen: 1379200K->14080K(1380736K)] 2919193K->1554538K(4176960K), 0.0333670 secs] [Times: user=0.05 sys=0.00, real=0.04 secs] 
2016-02-19T18:17:53.995+0800: 345270.709: [GC [PSYoungGen: 1377408K->15645K(1380672K)] 2917866K->1556307K(4176896K), 0.0346110 secs] [Times: user=0.06 sys=0.00, real=0.04 secs] 
2016-02-19T18:19:03.571+0800: 345340.285: [GC [PSYoungGen: 1378973K->14688K(1380928K)] 2919635K->1555759K(4177152K), 0.0336000 secs] [Times: user=0.06 sys=0.00, real=0.04 secs] 
2016-02-19T18:20:08.759+0800: 345405.474: [GC [PSYoungGen: 1378272K->15739K(1380736K)] 2919343K->1557051K(4176960K), 0.0353090 secs] [Times: user=0.06 sys=0.00, real=0.03 secs] 
2016-02-19T18:21:18.613+0800: 345475.327: [GC [PSYoungGen: 1379323K->15680K(1380736K)] 2920635K->1557148K(4176960K), 0.0370060 secs] [Times: user=0.06 sys=0.00, real=0.03 secs] 
2016-02-19T18:22:27.507+0800: 345544.221: [GC [PSYoungGen: 1379200K->15155K(1380800K)] 2920668K->1556780K(4177024K), 0.0343150 secs] [Times: user=0.06 sys=0.00, real=0.04 secs] 
2016-02-19T18:23:37.491+0800: 345614.206: [GC [PSYoungGen: 1378675K->16848K(1380160K)] 2920300K->1558693K(4176384K), 0.0368340 secs] [Times: user=0.07 sys=0.00, real=0.04 secs] 
2016-02-19T18:24:36.646+0800: 345673.360: [GC [PSYoungGen: 1379984K->15952K(1379136K)] 2921829K->1557957K(4175360K), 0.0408440 secs] [Times: user=0.07 sys=0.00, real=0.04 secs] 
2016-02-19T18:25:37.407+0800: 345734.121: [GC [PSYoungGen: 1379088K->15228K(1380736K)] 2921093K->1557494K(4176960K), 0.0327880 secs] [Times: user=0.06 sys=0.00, real=0.04 secs] 
2016-02-19T18:26:41.843+0800: 345798.558: [GC [PSYoungGen: 1378428K->16208K(1380544K)] 2920694K->1558726K(4176768K), 0.0366680 secs] [Times: user=0.07 sys=0.00, real=0.04 secs] 
2016-02-19T18:27:38.085+0800: 345854.799: [GC [PSYoungGen: 1379408K->14752K(1380736K)] 2921926K->1557519K(4176960K), 0.0331300 secs] [Times: user=0.06 sys=0.00, real=0.03 secs] 
2016-02-19T18:28:36.503+0800: 345913.217: [GC [PSYoungGen: 1378016K->14768K(1380608K)] 2920783K->1557963K(4176832K), 0.0312020 secs] [Times: user=0.06 sys=0.00, real=0.03 secs] 
2016-02-19T18:29:35.826+0800: 345972.540: [GC [PSYoungGen: 1378032K->15360K(1380992K)] 2921227K->1558908K(4177216K), 0.0328350 secs] [Times: user=0.06 sys=0.00, real=0.03 secs] 
2016-02-19T18:30:30.389+0800: 346027.104: [GC [PSYoungGen: 1379072K->14880K(1380800K)] 2922620K->1558512K(4177024K), 0.0351280 secs] [Times: user=0.06 sys=0.00, real=0.03 secs] 
2016-02-19T18:31:34.145+0800: 346090.859: [GC [PSYoungGen: 1378592K->16736K(1380416K)] 2922224K->1560725K(4176640K), 0.0455470 secs] [Times: user=0.07 sys=0.00, real=0.04 secs] 
2016-02-19T18:32:34.801+0800: 346151.515: [GC [PSYoungGen: 1380128K->13943K(1377344K)] 2924117K->1558373K(4173568K), 0.0319960 secs] [Times: user=0.05 sys=0.00, real=0.03 secs] 
2016-02-19T18:33:30.097+0800: 346206.811: [GC [PSYoungGen: 1377335K->12896K(1380288K)] 2921765K->1557561K(4176512K), 0.0309470 secs] [Times: user=0.05 sys=0.00, real=0.02 secs] 
2016-02-19T18:34:33.077+0800: 346269.792: [GC [PSYoungGen: 1375776K->14464K(1380480K)] 2920441K->1559426K(4176704K), 0.0339810 secs] [Times: user=0.06 sys=0.00, real=0.03 secs] 
2016-02-19T18:35:30.335+0800: 346327.050: [GC [PSYoungGen: 1377344K->12544K(1380352K)] 2922306K->1557630K(4176576K), 0.0321330 secs] [Times: user=0.05 sys=0.00, real=0.03 secs] 
2016-02-19T18:36:34.824+0800: 346391.538: [GC [PSYoungGen: 1375424K->15059K(1380480K)] 2920510K->1560330K(4176704K), 0.0341900 secs] [Times: user=0.06 sys=0.00, real=0.03 secs] 
2016-02-19T18:37:34.040+0800: 346450.755: [GC [PSYoungGen: 1377939K->13264K(1380608K)] 2923210K->1558711K(4176832K), 0.0376930 secs] [Times: user=0.05 sys=0.00, real=0.03 secs] 
2016-02-19T18:38:36.730+0800: 346513.445: [GC [PSYoungGen: 1376400K->14224K(1380608K)] 2921847K->1559868K(4176832K), 0.0315330 secs] [Times: user=0.06 sys=0.00, real=0.03 secs] 
2016-02-19T18:39:43.051+0800: 346579.765: [GC [PSYoungGen: 1377360K->14368K(1381056K)] 2923004K->1560413K(4177280K), 0.0335180 secs] [Times: user=0.06 sys=0.00, real=0.04 secs] 
2016-02-19T18:40:39.933+0800: 346636.647: [GC [PSYoungGen: 1378208K->13194K(1380864K)] 2924253K->1559488K(4177088K), 0.0348990 secs] [Times: user=0.05 sys=0.00, real=0.03 secs] 
2016-02-19T18:41:44.296+0800: 346701.011: [GC [PSYoungGen: 1377034K->14064K(1381248K)] 2923328K->1560694K(4177472K), 0.0342060 secs] [Times: user=0.06 sys=0.00, real=0.03 secs] 
2016-02-19T18:42:52.587+0800: 346769.301: [GC [PSYoungGen: 1378288K->16007K(1380288K)] 2924918K->1562985K(4176512K), 0.0337420 secs] [Times: user=0.06 sys=0.00, real=0.04 secs] 
2016-02-19T18:43:45.848+0800: 346822.562: [GC [PSYoungGen: 1380231K->14570K(1381184K)] 2927209K->1561719K(4177408K), 0.0348440 secs] [Times: user=0.05 sys=0.00, real=0.03 secs] 
2016-02-19T18:44:43.078+0800: 346879.793: [GC [PSYoungGen: 1378602K->16864K(1380928K)] 2925751K->1565706K(4177152K), 0.0369850 secs] [Times: user=0.07 sys=0.00, real=0.03 secs] 
2016-02-19T18:45:34.398+0800: 346931.112: [GC [PSYoungGen: 1380896K->12624K(1378752K)] 2929738K->1561850K(4174976K), 0.0314600 secs] [Times: user=0.05 sys=0.00, real=0.03 secs] 
2016-02-19T18:46:35.280+0800: 346991.994: [GC [PSYoungGen: 1374224K->14160K(1379840K)] 2923450K->1563558K(4176064K), 0.0310430 secs] [Times: user=0.06 sys=0.00, real=0.03 secs] 
2016-02-19T18:47:36.386+0800: 347053.101: [GC [PSYoungGen: 1375760K->14320K(1380352K)] 2925158K->1563814K(4176576K), 0.0335920 secs] [Times: user=0.06 sys=0.00, real=0.03 secs] 
2016-02-19T18:48:40.321+0800: 347117.035: [GC [PSYoungGen: 1376688K->15808K(1380096K)] 2926182K->1565659K(4176320K), 0.0341850 secs] [Times: user=0.07 sys=0.00, real=0.03 secs] 
2016-02-19T18:49:38.313+0800: 347175.027: [GC [PSYoungGen: 1378176K->13888K(1380416K)] 2928027K->1564023K(4176640K), 0.0343510 secs] [Times: user=0.05 sys=0.00, real=0.03 secs] 
2016-02-19T18:50:34.651+0800: 347231.366: [GC [PSYoungGen: 1376448K->14272K(1380224K)] 2926583K->1564508K(4176448K), 0.0323420 secs] [Times: user=0.06 sys=0.00, real=0.03 secs] 
2016-02-19T18:51:42.128+0800: 347298.842: [GC [PSYoungGen: 1376832K->16176K(1380096K)] 2927068K->1566857K(4176320K), 0.0438520 secs] [Times: user=0.08 sys=0.00, real=0.05 secs] 
2016-02-19T18:52:49.324+0800: 347366.038: [GC [PSYoungGen: 1378800K->15520K(1380352K)] 2929481K->1566509K(4176576K), 0.0375230 secs] [Times: user=0.07 sys=0.00, real=0.04 secs] 
2016-02-19T18:53:51.562+0800: 347428.277: [GC [PSYoungGen: 1378144K->16928K(1379328K)] 2929133K->1568089K(4175552K), 0.0345870 secs] [Times: user=0.06 sys=0.00, real=0.03 secs] 
2016-02-19T18:54:52.902+0800: 347489.617: [GC [PSYoungGen: 1378528K->15616K(1379840K)] 2929689K->1566957K(4176064K), 0.0333550 secs] [Times: user=0.06 sys=0.00, real=0.04 secs] 
2016-02-19T18:55:49.294+0800: 347546.008: [GC [PSYoungGen: 1377216K->14160K(1380096K)] 2928557K->1565733K(4176320K), 0.0319150 secs] [Times: user=0.06 sys=0.00, real=0.03 secs] 
2016-02-19T18:56:47.870+0800: 347604.584: [GC [PSYoungGen: 1376144K->13952K(1379968K)] 2927717K->1565774K(4176192K), 0.0349640 secs] [Times: user=0.06 sys=0.00, real=0.03 secs] 
2016-02-19T18:57:47.537+0800: 347664.251: [GC [PSYoungGen: 1375936K->15840K(1380096K)] 2927758K->1567903K(4176320K), 0.0322720 secs] [Times: user=0.06 sys=0.00, real=0.03 secs] 
2016-02-19T18:58:59.003+0800: 347735.718: [GC [PSYoungGen: 1378080K->16512K(1378816K)] 2930143K->1569075K(4175040K), 0.0360150 secs] [Times: user=0.06 sys=0.00, real=0.03 secs] 
2016-02-19T18:59:58.895+0800: 347795.610: [GC [PSYoungGen: 1378752K->16624K(1379392K)] 2931315K->1569343K(4175616K), 0.0346730 secs] [Times: user=0.07 sys=0.00, real=0.04 secs] 
2016-02-19T19:00:59.860+0800: 347856.574: [GC [PSYoungGen: 1377840K->15504K(1379648K)] 2930559K->1568588K(4175872K), 0.0350860 secs] [Times: user=0.06 sys=0.00, real=0.04 secs] 
2016-02-19T19:01:57.585+0800: 347914.299: [GC [PSYoungGen: 1376720K->14704K(1380096K)] 2929804K->1568120K(4176320K), 0.0330710 secs] [Times: user=0.06 sys=0.00, real=0.03 secs] 
2016-02-19T19:02:56.613+0800: 347973.328: [GC [PSYoungGen: 1376624K->14285K(1379904K)] 2930040K->1568010K(4176128K), 0.0328300 secs] [Times: user=0.06 sys=0.00, real=0.03 secs] 
2016-02-19T19:04:00.117+0800: 348036.831: [GC [PSYoungGen: 1376205K->17904K(1377728K)] 2929930K->1572929K(4173952K), 0.0396590 secs] [Times: user=0.07 sys=0.00, real=0.04 secs] 
2016-02-19T19:05:03.344+0800: 348100.058: [GC [PSYoungGen: 1377712K->15760K(1378944K)] 2932737K->1571069K(4175168K), 0.0350560 secs] [Times: user=0.06 sys=0.00, real=0.03 secs] 
2016-02-19T19:06:06.265+0800: 348162.980: [GC [PSYoungGen: 1375568K->16496K(1379200K)] 2930877K->1571905K(4175424K), 0.0385000 secs] [Times: user=0.06 sys=0.00, real=0.04 secs] 
2016-02-19T19:07:08.110+0800: 348224.824: [GC [PSYoungGen: 1376816K->15040K(1379200K)] 2932225K->1570694K(4175424K), 0.0372060 secs] [Times: user=0.06 sys=0.00, real=0.04 secs] 
2016-02-19T19:08:02.077+0800: 348278.792: [GC [PSYoungGen: 1375360K->14768K(1379584K)] 2931014K->1570599K(4175808K), 0.0390460 secs] [Times: user=0.07 sys=0.00, real=0.04 secs] 
2016-02-19T19:08:57.189+0800: 348333.903: [GC [PSYoungGen: 1375664K->15792K(1379392K)] 2931495K->1571992K(4175616K), 0.0376060 secs] [Times: user=0.06 sys=0.00, real=0.04 secs] 
2016-02-19T19:09:55.655+0800: 348392.369: [GC [PSYoungGen: 1376688K->15072K(1379968K)] 2932888K->1571621K(4176192K), 0.0335500 secs] [Times: user=0.06 sys=0.00, real=0.03 secs] 
2016-02-19T19:10:54.212+0800: 348450.926: [GC [PSYoungGen: 1376736K->14528K(1379776K)] 2933285K->1571385K(4176000K), 0.0318290 secs] [Times: user=0.05 sys=0.01, real=0.03 secs] 
2016-02-19T19:12:02.414+0800: 348519.128: [GC [PSYoungGen: 1376192K->16576K(1379776K)] 2933049K->1573857K(4176000K), 0.0372960 secs] [Times: user=0.05 sys=0.00, real=0.03 secs] 
2016-02-19T19:13:07.599+0800: 348584.314: [GC [PSYoungGen: 1378304K->16656K(1378432K)] 2935585K->1574166K(4174656K), 0.0364750 secs] [Times: user=0.07 sys=0.00, real=0.04 secs] 
2016-02-19T19:14:05.802+0800: 348642.516: [GC [PSYoungGen: 1378384K->15584K(1379968K)] 2935894K->1573418K(4176192K), 0.0357930 secs] [Times: user=0.07 sys=0.00, real=0.04 secs] 
2016-02-19T19:15:06.658+0800: 348703.373: [GC [PSYoungGen: 1377184K->12928K(1379712K)] 2935018K->1571095K(4175936K), 0.0316730 secs] [Times: user=0.06 sys=0.00, real=0.03 secs] 
2016-02-19T19:16:01.654+0800: 348758.368: [GC [PSYoungGen: 1374528K->14432K(1379904K)] 2932695K->1572927K(4176128K), 0.0405220 secs] [Times: user=0.06 sys=0.00, real=0.04 secs] 
2016-02-19T19:17:04.251+0800: 348820.966: [GC [PSYoungGen: 1376032K->16304K(1379776K)] 2934527K->1575023K(4176000K), 0.0361840 secs] [Times: user=0.06 sys=0.00, real=0.04 secs] 
2016-02-19T19:18:03.259+0800: 348879.974: [GC [PSYoungGen: 1377904K->14464K(1379968K)] 2936623K->1573487K(4176192K), 0.0400490 secs] [Times: user=0.06 sys=0.00, real=0.04 secs] 
2016-02-19T19:18:54.175+0800: 348930.889: [GC [PSYoungGen: 1376192K->13792K(1379840K)] 2935215K->1573024K(4176064K), 0.0303400 secs] [Times: user=0.06 sys=0.00, real=0.03 secs] 
2016-02-19T19:19:50.817+0800: 348987.531: [GC [PSYoungGen: 1375520K->15376K(1380160K)] 2934752K->1575069K(4176384K), 0.0403380 secs] [Times: user=0.08 sys=0.00, real=0.04 secs] 
2016-02-19T19:20:43.709+0800: 349040.423: [GC [PSYoungGen: 1377424K->13936K(1379968K)] 2937117K->1574043K(4176192K), 0.0353290 secs] [Times: user=0.06 sys=0.00, real=0.03 secs] 
2016-02-19T19:21:44.184+0800: 349100.899: [GC [PSYoungGen: 1375984K->17424K(1379072K)] 2936091K->1577742K(4175296K), 0.0397180 secs] [Times: user=0.07 sys=0.00, real=0.04 secs] 
2016-02-19T19:22:36.555+0800: 349153.269: [GC [PSYoungGen: 1378640K->16016K(1379648K)] 2938958K->1576571K(4175872K), 0.0391250 secs] [Times: user=0.06 sys=0.01, real=0.04 secs] 
2016-02-19T19:23:37.705+0800: 349214.419: [GC [PSYoungGen: 1377232K->16640K(1379392K)] 2937787K->1577498K(4175616K), 0.0391800 secs] [Times: user=0.06 sys=0.00, real=0.04 secs] 
2016-02-19T19:24:35.265+0800: 349271.979: [GC [PSYoungGen: 1377600K->15920K(1379520K)] 2938458K->1577079K(4175744K), 0.0381470 secs] [Times: user=0.06 sys=0.00, real=0.03 secs] 
2016-02-19T19:25:25.889+0800: 349322.603: [GC [PSYoungGen: 1376852K->13697K(1379648K)] 2938011K->1575182K(4175872K), 0.0311210 secs] [Times: user=0.05 sys=0.00, real=0.03 secs] 
2016-02-19T19:26:14.787+0800: 349371.501: [GC [PSYoungGen: 1374913K->15856K(1379648K)] 2936398K->1577477K(4175872K), 0.0349140 secs] [Times: user=0.06 sys=0.00, real=0.04 secs] 
2016-02-19T19:27:09.599+0800: 349426.313: [GC [PSYoungGen: 1377072K->15280K(1380032K)] 2938693K->1577266K(4176256K), 0.0337270 secs] [Times: user=0.06 sys=0.00, real=0.03 secs] 
2016-02-19T19:28:10.695+0800: 349487.409: [GC [PSYoungGen: 1376944K->16496K(1379712K)] 2938930K->1578803K(4175936K), 0.0359850 secs] [Times: user=0.06 sys=0.00, real=0.03 secs] 
2016-02-19T19:29:07.062+0800: 349543.777: [GC [PSYoungGen: 1378160K->15232K(1380096K)] 2940467K->1577915K(4176320K), 0.0349390 secs] [Times: user=0.06 sys=0.00, real=0.03 secs] 
2016-02-19T19:29:56.118+0800: 349592.832: [GC [PSYoungGen: 1377088K->16080K(1379840K)] 2939771K->1579043K(4176064K), 0.0331840 secs] [Times: user=0.06 sys=0.00, real=0.03 secs] 
2016-02-19T19:30:43.783+0800: 349640.498: [GC [PSYoungGen: 1377936K->14448K(1380160K)] 2940899K->1577683K(4176384K), 0.0316490 secs] [Times: user=0.06 sys=0.00, real=0.04 secs] 
2016-02-19T19:31:30.815+0800: 349687.530: [GC [PSYoungGen: 1376624K->15600K(1380096K)] 2939859K->1579331K(4176320K), 0.0322360 secs] [Times: user=0.07 sys=0.00, real=0.03 secs] 
2016-02-19T19:32:29.391+0800: 349746.105: [GC [PSYoungGen: 1377776K->17328K(1379456K)] 2941507K->1581264K(4175680K), 0.0381740 secs] [Times: user=0.06 sys=0.00, real=0.04 secs] 
2016-02-19T19:33:20.291+0800: 349797.006: [GC [PSYoungGen: 1379056K->16544K(1378304K)] 2942992K->1580752K(4174528K), 0.0381760 secs] [Times: user=0.07 sys=0.00, real=0.04 secs] 
2016-02-19T19:34:16.770+0800: 349853.484: [GC [PSYoungGen: 1378272K->15360K(1379968K)] 2942480K->1579876K(4176192K), 0.0392050 secs] [Times: user=0.07 sys=0.00, real=0.04 secs] 
2016-02-19T19:35:07.643+0800: 349904.357: [GC [PSYoungGen: 1377024K->15328K(1379776K)] 2941540K->1579964K(4176000K), 0.0329380 secs] [Times: user=0.06 sys=0.00, real=0.03 secs] 
2016-02-19T19:35:54.836+0800: 349951.551: [GC [PSYoungGen: 1376992K->15328K(1380352K)] 2941628K->1580125K(4176576K), 0.0325240 secs] [Times: user=0.06 sys=0.00, real=0.03 secs] 
2016-02-19T19:36:51.635+0800: 350008.349: [GC [PSYoungGen: 1377760K->17048K(1379520K)] 2942557K->1582030K(4175744K), 0.0378870 secs] [Times: user=0.07 sys=0.00, real=0.04 secs] 
2016-02-19T19:37:50.083+0800: 350066.797: [GC [PSYoungGen: 1379480K->16832K(1379648K)] 2944462K->1582189K(4175872K), 0.0358860 secs] [Times: user=0.07 sys=0.00, real=0.04 secs] 
2016-02-19T19:38:37.651+0800: 350114.366: [GC [PSYoungGen: 1378432K->14128K(1375744K)] 2943789K->1579666K(4171968K), 0.0353020 secs] [Times: user=0.06 sys=0.01, real=0.04 secs] 
2016-02-19T19:39:27.558+0800: 350164.273: [GC [PSYoungGen: 1375728K->15920K(1379968K)] 2941266K->1581645K(4176192K), 0.0356800 secs] [Times: user=0.06 sys=0.00, real=0.04 secs] 
2016-02-19T19:40:19.485+0800: 350216.199: [GC [PSYoungGen: 1377584K->15728K(1379776K)] 2943309K->1581678K(4176000K), 0.0384200 secs] [Times: user=0.06 sys=0.00, real=0.04 secs] 
2016-02-19T19:41:10.426+0800: 350267.141: [GC [PSYoungGen: 1377392K->15408K(1380352K)] 2943342K->1581594K(4176576K), 0.0338310 secs] [Times: user=0.06 sys=0.00, real=0.03 secs] 
2016-02-19T19:42:04.228+0800: 350320.942: [GC [PSYoungGen: 1377840K->14640K(1380160K)] 2944026K->1581018K(4176384K), 0.0329750 secs] [Times: user=0.06 sys=0.00, real=0.04 secs] 
2016-02-19T19:42:48.819+0800: 350365.533: [GC [PSYoungGen: 1377072K->14928K(1380480K)] 2943450K->1581535K(4176704K), 0.0351430 secs] [Times: user=0.06 sys=0.00, real=0.03 secs] 
2016-02-19T19:43:44.739+0800: 350421.453: [GC [PSYoungGen: 1377680K->17024K(1379840K)] 2944287K->1583978K(4176064K), 0.0383510 secs] [Times: user=0.06 sys=0.00, real=0.04 secs] 
2016-02-19T19:44:31.691+0800: 350468.406: [GC [PSYoungGen: 1379776K->15424K(1380288K)] 2946730K->1582654K(4176512K), 0.0365930 secs] [Times: user=0.06 sys=0.00, real=0.04 secs] 
2016-02-19T19:45:20.899+0800: 350517.613: [GC [PSYoungGen: 1377728K->14928K(1380096K)] 2944958K->1582342K(4176320K), 0.0352580 secs] [Times: user=0.06 sys=0.00, real=0.03 secs] 
2016-02-19T19:46:17.154+0800: 350573.868: [GC [PSYoungGen: 1377232K->17649K(1378496K)] 2944646K->1586135K(4174720K), 0.0461980 secs] [Times: user=0.08 sys=0.00, real=0.05 secs] 
2016-02-19T19:47:11.766+0800: 350628.480: [GC [PSYoungGen: 1378481K->15008K(1379456K)] 2946967K->1583992K(4175680K), 0.0317950 secs] [Times: user=0.06 sys=0.00, real=0.03 secs] 
2016-02-19T19:48:09.701+0800: 350686.415: [GC [PSYoungGen: 1375840K->17008K(1379200K)] 2944824K->1586193K(4175424K), 0.0468820 secs] [Times: user=0.08 sys=0.00, real=0.05 secs] 
2016-02-19T19:49:01.675+0800: 350738.389: [GC [PSYoungGen: 1377712K->18064K(1378816K)] 2946897K->1587522K(4175040K), 0.0389840 secs] [Times: user=0.07 sys=0.00, real=0.04 secs] 
2016-02-19T19:49:55.572+0800: 350792.286: [GC [PSYoungGen: 1378768K->15648K(1379072K)] 2948226K->1585482K(4175296K), 0.0324660 secs] [Times: user=0.06 sys=0.00, real=0.03 secs] 
2016-02-19T19:50:47.483+0800: 350844.197: [GC [PSYoungGen: 1375520K->17360K(1378880K)] 2945354K->1587442K(4175104K), 0.0379960 secs] [Times: user=0.06 sys=0.00, real=0.04 secs] 
2016-02-19T19:51:41.987+0800: 350898.701: [GC [PSYoungGen: 1377232K->16224K(1379200K)] 2947314K->1586742K(4175424K), 0.0331970 secs] [Times: user=0.06 sys=0.00, real=0.03 secs] 
2016-02-19T19:52:35.715+0800: 350952.430: [GC [PSYoungGen: 1376224K->17198K(1378880K)] 2946742K->1587860K(4175104K), 0.0342330 secs] [Times: user=0.06 sys=0.00, real=0.03 secs] 
2016-02-19T19:53:26.011+0800: 351002.725: [GC [PSYoungGen: 1377198K->15296K(1379200K)] 2947860K->1586286K(4175424K), 0.0361750 secs] [Times: user=0.07 sys=0.00, real=0.03 secs] 
2016-02-19T19:54:20.252+0800: 351056.966: [GC [PSYoungGen: 1375488K->15040K(1379072K)] 2946478K->1586303K(4175296K), 0.0333750 secs] [Times: user=0.07 sys=0.00, real=0.03 secs] 
2016-02-19T19:55:03.757+0800: 351100.471: [GC [PSYoungGen: 1375232K->13632K(1378880K)] 2946495K->1585039K(4175104K), 0.0356590 secs] [Times: user=0.05 sys=0.00, real=0.04 secs] 
2016-02-19T19:55:49.211+0800: 351145.926: [GC [PSYoungGen: 1373696K->13520K(1373632K)] 2945103K->1585111K(4169856K), 0.0379760 secs] [Times: user=0.06 sys=0.00, real=0.04 secs] 
2016-02-19T19:56:39.311+0800: 351196.026: [GC [PSYoungGen: 1373584K->16368K(1379072K)] 2945175K->1588063K(4175296K), 0.0350020 secs] [Times: user=0.06 sys=0.00, real=0.04 secs] 
2016-02-19T19:57:31.648+0800: 351248.363: [GC [PSYoungGen: 1376368K->16768K(1379008K)] 2948063K->1588611K(4175232K), 0.0352630 secs] [Times: user=0.05 sys=0.00, real=0.04 secs] 
2016-02-19T19:58:20.595+0800: 351297.309: [GC [PSYoungGen: 1376768K->16256K(1379136K)] 2948611K->1588227K(4175360K), 0.0341280 secs] [Times: user=0.06 sys=0.00, real=0.04 secs] 
2016-02-19T19:59:16.978+0800: 351353.692: [GC [PSYoungGen: 1376320K->16176K(1379008K)] 2948291K->1588379K(4175232K), 0.0400470 secs] [Times: user=0.06 sys=0.00, real=0.04 secs] 
2016-02-19T20:00:07.811+0800: 351404.526: [GC [PSYoungGen: 1376240K->15952K(1379584K)] 2948443K->1588304K(4175808K), 0.0343280 secs] [Times: user=0.06 sys=0.00, real=0.04 secs] 
2016-02-19T20:00:57.451+0800: 351454.166: [GC [PSYoungGen: 1376784K->15536K(1379328K)] 2949136K->1588048K(4175552K), 0.0325040 secs] [Times: user=0.05 sys=0.00, real=0.03 secs] 
2016-02-19T20:01:52.377+0800: 351509.091: [GC [PSYoungGen: 1376368K->15328K(1379968K)] 2948880K->1588277K(4176192K), 0.0332470 secs] [Times: user=0.05 sys=0.00, real=0.03 secs] 
2016-02-19T20:02:44.783+0800: 351561.497: [GC [PSYoungGen: 1376992K->15600K(1379776K)] 2949941K->1588818K(4176000K), 0.0358960 secs] [Times: user=0.06 sys=0.00, real=0.04 secs] 
2016-02-19T20:03:29.986+0800: 351606.701: [GC [PSYoungGen: 1377264K->13568K(1379776K)] 2950482K->1586990K(4176000K), 0.0297810 secs] [Times: user=0.05 sys=0.00, real=0.03 secs] 
2016-02-19T20:04:20.340+0800: 351657.055: [GC [PSYoungGen: 1375424K->13952K(1379968K)] 2948846K->1587555K(4176192K), 0.0361300 secs] [Times: user=0.06 sys=0.00, real=0.04 secs] 
2016-02-19T20:05:06.086+0800: 351702.801: [GC [PSYoungGen: 1375808K->14400K(1380032K)] 2949411K->1588179K(4176256K), 0.0346070 secs] [Times: user=0.05 sys=0.00, real=0.03 secs] 
2016-02-19T20:05:59.372+0800: 351756.086: [GC [PSYoungGen: 1376320K->15248K(1379968K)] 2950099K->1589211K(4176192K), 0.0312610 secs] [Times: user=0.05 sys=0.00, real=0.04 secs] 
2016-02-19T20:06:46.670+0800: 351803.384: [GC [PSYoungGen: 1377168K->16336K(1380032K)] 2951131K->1590519K(4176256K), 0.0419550 secs] [Times: user=0.07 sys=0.00, real=0.04 secs] 
2016-02-19T20:07:29.532+0800: 351846.247: [GC [PSYoungGen: 1378576K->15728K(1380160K)] 2952759K->1590192K(4176384K), 0.0373860 secs] [Times: user=0.06 sys=0.00, real=0.04 secs] 
2016-02-19T20:08:15.891+0800: 351892.605: [GC [PSYoungGen: 1377968K->15392K(1380544K)] 2952432K->1590152K(4176768K), 0.0382110 secs] [Times: user=0.07 sys=0.00, real=0.04 secs] 
2016-02-19T20:09:00.512+0800: 351937.227: [GC [PSYoungGen: 1378144K->16576K(1380288K)] 2952904K->1591460K(4176512K), 0.0380900 secs] [Times: user=0.07 sys=0.00, real=0.04 secs] 
2016-02-19T20:09:46.900+0800: 351983.614: [GC [PSYoungGen: 1379328K->14016K(1380288K)] 2954212K->1589092K(4176512K), 0.0358660 secs] [Times: user=0.05 sys=0.01, real=0.04 secs] 
2016-02-19T20:10:28.702+0800: 352025.417: [GC [PSYoungGen: 1376512K->15280K(1380288K)] 2951588K->1590532K(4176512K), 0.0413840 secs] [Times: user=0.08 sys=0.00, real=0.05 secs] 
2016-02-19T20:11:18.872+0800: 352075.586: [GC [PSYoungGen: 1377776K->15872K(1380544K)] 2953028K->1591468K(4176768K), 0.0340010 secs] [Times: user=0.06 sys=0.00, real=0.03 secs] 
2016-02-19T20:12:08.859+0800: 352125.573: [GC [PSYoungGen: 1378816K->15584K(1380480K)] 2954412K->1591301K(4176704K), 0.0332320 secs] [Times: user=0.07 sys=0.00, real=0.03 secs] 
2016-02-19T20:13:01.521+0800: 352178.235: [GC [PSYoungGen: 1378528K->15616K(1380800K)] 2954245K->1591546K(4177024K), 0.0338380 secs] [Times: user=0.06 sys=0.00, real=0.04 secs] 
2016-02-19T20:13:53.321+0800: 352230.036: [GC [PSYoungGen: 1379008K->17248K(1380672K)] 2954938K->1593549K(4176896K), 0.0375520 secs] [Times: user=0.06 sys=0.00, real=0.03 secs] 
2016-02-19T20:14:39.585+0800: 352276.299: [GC [PSYoungGen: 1380640K->14128K(1379648K)] 2956941K->1590781K(4175872K), 0.0361060 secs] [Times: user=0.06 sys=0.00, real=0.04 secs] 
2016-02-19T20:15:29.104+0800: 352325.818: [GC [PSYoungGen: 1376368K->16656K(1378944K)] 2953021K->1593497K(4175168K), 0.0370360 secs] [Times: user=0.07 sys=0.00, real=0.04 secs] 
2016-02-19T20:16:13.974+0800: 352370.688: [GC [PSYoungGen: 1378896K->15280K(1380160K)] 2955737K->1592349K(4176384K), 0.0418630 secs] [Times: user=0.06 sys=0.00, real=0.04 secs] 
2016-02-19T20:17:01.121+0800: 352417.836: [GC [PSYoungGen: 1377328K->15424K(1379968K)] 2954397K->1592614K(4176192K), 0.0452610 secs] [Times: user=0.09 sys=0.00, real=0.04 secs] 
2016-02-19T20:17:44.095+0800: 352460.809: [GC [PSYoungGen: 1377472K->16448K(1380096K)] 2954662K->1593926K(4176320K), 0.0336050 secs] [Times: user=0.06 sys=0.00, real=0.04 secs] 
2016-02-19T20:18:31.794+0800: 352508.509: [GC [PSYoungGen: 1378816K->14880K(1380224K)] 2956294K->1592634K(4176448K), 0.0325120 secs] [Times: user=0.06 sys=0.00, real=0.03 secs] 
2016-02-19T20:19:19.139+0800: 352555.853: [GC [PSYoungGen: 1377248K->15184K(1380480K)] 2955002K->1593210K(4176704K), 0.0347230 secs] [Times: user=0.06 sys=0.00, real=0.04 secs] 
2016-02-19T20:20:06.692+0800: 352603.406: [GC [PSYoungGen: 1377872K->14304K(1380288K)] 2955898K->1592443K(4176512K), 0.0335210 secs] [Times: user=0.06 sys=0.00, real=0.03 secs] 
2016-02-19T20:20:47.879+0800: 352644.594: [GC [PSYoungGen: 1376992K->13632K(1380224K)] 2955131K->1591990K(4176448K), 0.0319590 secs] [Times: user=0.06 sys=0.00, real=0.03 secs] 
2016-02-19T20:21:40.090+0800: 352696.804: [GC [PSYoungGen: 1376256K->15136K(1380352K)] 2954614K->1593650K(4176576K), 0.0329340 secs] [Times: user=0.06 sys=0.00, real=0.04 secs] 
2016-02-19T20:22:27.641+0800: 352744.356: [GC [PSYoungGen: 1377760K->15984K(1380480K)] 2956274K->1594655K(4176704K), 0.0330380 secs] [Times: user=0.06 sys=0.00, real=0.03 secs] 
2016-02-19T20:23:14.143+0800: 352790.857: [GC [PSYoungGen: 1378992K->13184K(1376192K)] 2957663K->1592027K(4172416K), 0.0314430 secs] [Times: user=0.06 sys=0.00, real=0.03 secs] 
2016-02-19T20:23:55.280+0800: 352831.995: [GC [PSYoungGen: 1376192K->15088K(1380672K)] 2955035K->1594067K(4176896K), 0.0368800 secs] [Times: user=0.07 sys=0.00, real=0.04 secs] 
2016-02-19T20:24:38.833+0800: 352875.548: [GC [PSYoungGen: 1378096K->16225K(1380416K)] 2957075K->1595426K(4176640K), 0.0357810 secs] [Times: user=0.06 sys=0.00, real=0.03 secs] 
2016-02-19T20:25:19.679+0800: 352916.393: [GC [PSYoungGen: 1379233K->13616K(1380352K)] 2958434K->1593116K(4176576K), 0.0304890 secs] [Times: user=0.06 sys=0.00, real=0.03 secs] 
2016-02-19T20:26:07.352+0800: 352964.066: [GC [PSYoungGen: 1376368K->15568K(1380416K)] 2955868K->1595409K(4176640K), 0.0346970 secs] [Times: user=0.06 sys=0.00, real=0.04 secs] 
2016-02-19T20:26:54.269+0800: 353010.983: [GC [PSYoungGen: 1378320K->16704K(1379840K)] 2958161K->1596818K(4176064K), 0.0338170 secs] [Times: user=0.06 sys=0.00, real=0.04 secs] 
2016-02-19T20:27:47.447+0800: 353064.161: [GC [PSYoungGen: 1378944K->17520K(1379776K)] 2959058K->1597903K(4176000K), 0.0401100 secs] [Times: user=0.06 sys=0.00, real=0.04 secs] 
2016-02-19T20:28:39.422+0800: 353116.137: [GC [PSYoungGen: 1379760K->17040K(1378880K)] 2960143K->1597884K(4175104K), 0.0397860 secs] [Times: user=0.07 sys=0.00, real=0.04 secs] 
2016-02-19T20:29:25.992+0800: 353162.707: [GC [PSYoungGen: 1377616K->14976K(1379328K)] 2958460K->1596028K(4175552K), 0.0411800 secs] [Times: user=0.08 sys=0.00, real=0.04 secs] 
2016-02-19T20:30:08.998+0800: 353205.712: [GC [PSYoungGen: 1375552K->15760K(1379712K)] 2956604K->1597049K(4175936K), 0.0352290 secs] [Times: user=0.06 sys=0.00, real=0.04 secs] 
2016-02-19T20:30:50.051+0800: 353246.766: [GC [PSYoungGen: 1376912K->13984K(1379520K)] 2958201K->1595553K(4175744K), 0.0329400 secs] [Times: user=0.06 sys=0.00, real=0.03 secs] 
2016-02-19T20:31:34.864+0800: 353291.579: [GC [PSYoungGen: 1375136K->15712K(1379904K)] 2956705K->1597621K(4176128K), 0.0398160 secs] [Times: user=0.07 sys=0.00, real=0.04 secs] 
2016-02-19T20:32:24.567+0800: 353341.281: [GC [PSYoungGen: 1377248K->17008K(1378560K)] 2959157K->1599314K(4174784K), 0.0408950 secs] [Times: user=0.07 sys=0.00, real=0.04 secs] 
2016-02-19T20:33:12.333+0800: 353389.048: [GC [PSYoungGen: 1378544K->17280K(1378944K)] 2960850K->1599790K(4175168K), 0.0389440 secs] [Times: user=0.07 sys=0.00, real=0.04 secs] 
2016-02-19T20:33:57.115+0800: 353433.830: [GC [PSYoungGen: 1377728K->15904K(1379264K)] 2960238K->1598786K(4175488K), 0.0333330 secs] [Times: user=0.06 sys=0.00, real=0.04 secs] 
2016-02-19T20:34:50.115+0800: 353486.829: [GC [PSYoungGen: 1376352K->16992K(1379136K)] 2959234K->1600122K(4175360K), 0.0362190 secs] [Times: user=0.06 sys=0.00, real=0.03 secs] 
2016-02-19T20:35:37.546+0800: 353534.261: [GC [PSYoungGen: 1377568K->15776K(1379328K)] 2960698K->1599019K(4175552K), 0.0428550 secs] [Times: user=0.08 sys=0.00, real=0.05 secs] 
2016-02-19T20:36:23.613+0800: 353580.328: [GC [PSYoungGen: 1376352K->16368K(1379712K)] 2959595K->1599867K(4175936K), 0.0391240 secs] [Times: user=0.06 sys=0.00, real=0.04 secs] 
2016-02-19T20:37:10.283+0800: 353626.997: [GC [PSYoungGen: 1377584K->17761K(1379008K)] 2961083K->1601528K(4175232K), 0.0378900 secs] [Times: user=0.06 sys=0.00, real=0.04 secs] 
2016-02-19T20:37:58.813+0800: 353675.527: [GC [PSYoungGen: 1378977K->14112K(1379136K)] 2962744K->1598456K(4175360K), 0.0365960 secs] [Times: user=0.05 sys=0.01, real=0.03 secs] 
2016-02-19T20:38:44.551+0800: 353721.265: [GC [PSYoungGen: 1374432K->15936K(1379200K)] 2958776K->1600453K(4175424K), 0.0351650 secs] [Times: user=0.06 sys=0.00, real=0.03 secs] 
2016-02-19T20:39:31.238+0800: 353767.952: [GC [PSYoungGen: 1376256K->17376K(1378944K)] 2960773K->1602013K(4175168K), 0.0381920 secs] [Times: user=0.07 sys=0.00, real=0.04 secs] 
2016-02-19T20:40:14.312+0800: 353811.026: [GC [PSYoungGen: 1377696K->14976K(1379200K)] 2962333K->1600053K(4175424K), 0.0337700 secs] [Times: user=0.06 sys=0.00, real=0.04 secs] 
2016-02-19T20:41:00.333+0800: 353857.047: [GC [PSYoungGen: 1375296K->15552K(1379520K)] 2960373K->1600797K(4175744K), 0.0348160 secs] [Times: user=0.06 sys=0.00, real=0.03 secs] 
2016-02-19T20:41:42.661+0800: 353899.375: [GC [PSYoungGen: 1376256K->15392K(1379264K)] 2961501K->1600906K(4175488K), 0.0367010 secs] [Times: user=0.05 sys=0.00, real=0.04 secs] 
2016-02-19T20:42:25.667+0800: 353942.381: [GC [PSYoungGen: 1376096K->15520K(1379840K)] 2961610K->1601446K(4176064K), 0.0375800 secs] [Times: user=0.06 sys=0.00, real=0.04 secs] 
2016-02-19T20:43:06.048+0800: 353982.763: [GC [PSYoungGen: 1376928K->13725K(1379648K)] 2962854K->1599838K(4175872K), 0.0311040 secs] [Times: user=0.05 sys=0.00, real=0.03 secs] 
2016-02-19T20:43:49.820+0800: 354026.534: [GC [PSYoungGen: 1375133K->16592K(1379584K)] 2961246K->1602794K(4175808K), 0.0397560 secs] [Times: user=0.06 sys=0.00, real=0.03 secs] 
2016-02-19T20:44:32.484+0800: 354069.199: [GC [PSYoungGen: 1377808K->17280K(1378560K)] 2964010K->1603922K(4174784K), 0.0363630 secs] [Times: user=0.06 sys=0.00, real=0.03 secs] 
2016-02-19T20:45:18.717+0800: 354115.431: [GC [PSYoungGen: 1378496K->14064K(1379328K)] 2965138K->1600974K(4175552K), 0.0365900 secs] [Times: user=0.07 sys=0.00, real=0.04 secs] 
2016-02-19T20:46:06.425+0800: 354163.140: [GC [PSYoungGen: 1374640K->15856K(1379328K)] 2961550K->1602903K(4175552K), 0.0339260 secs] [Times: user=0.06 sys=0.00, real=0.03 secs] 
2016-02-19T20:46:53.169+0800: 354209.883: [GC [PSYoungGen: 1376432K->15856K(1379776K)] 2963479K->1603164K(4176000K), 0.0381240 secs] [Times: user=0.06 sys=0.00, real=0.03 secs] 
2016-02-19T20:47:41.518+0800: 354258.232: [GC [PSYoungGen: 1377136K->16519K(1379584K)] 2964444K->1604116K(4175808K), 0.0427230 secs] [Times: user=0.06 sys=0.00, real=0.04 secs] 
2016-02-19T20:48:28.366+0800: 354305.081: [GC [PSYoungGen: 1377799K->15184K(1379904K)] 2965396K->1603117K(4176128K), 0.0339230 secs] [Times: user=0.06 sys=0.00, real=0.04 secs] 
2016-02-19T20:49:14.450+0800: 354351.164: [GC [PSYoungGen: 1376784K->13648K(1379776K)] 2964717K->1601805K(4176000K), 0.0299670 secs] [Times: user=0.06 sys=0.00, real=0.02 secs] 
2016-02-19T20:49:57.668+0800: 354394.382: [GC [PSYoungGen: 1375248K->14432K(1379840K)] 2963405K->1602701K(4176064K), 0.0325970 secs] [Times: user=0.05 sys=0.00, real=0.03 secs] 
2016-02-19T20:50:37.898+0800: 354434.612: [GC [PSYoungGen: 1375968K->16576K(1378176K)] 2964237K->1605111K(4174400K), 0.0330140 secs] [Times: user=0.06 sys=0.00, real=0.03 secs] 
2016-02-19T20:51:20.409+0800: 354477.123: [GC [PSYoungGen: 1378112K->15120K(1379904K)] 2966647K->1604015K(4176128K), 0.0321220 secs] [Times: user=0.05 sys=0.00, real=0.04 secs] 
2016-02-19T20:52:04.854+0800: 354521.568: [GC [PSYoungGen: 1376656K->15568K(1379712K)] 2965551K->1604699K(4175936K), 0.0337210 secs] [Times: user=0.06 sys=0.00, real=0.04 secs] 
2016-02-19T20:52:47.469+0800: 354564.184: [GC [PSYoungGen: 1377104K->15200K(1380352K)] 2966235K->1604511K(4176576K), 0.0326130 secs] [Times: user=0.06 sys=0.00, real=0.03 secs] 
2016-02-19T20:53:30.154+0800: 354606.868: [GC [PSYoungGen: 1377632K->17716K(1380160K)] 2966943K->1607440K(4176384K), 0.0368160 secs] [Times: user=0.07 sys=0.00, real=0.03 secs] 
2016-02-19T20:54:17.608+0800: 354654.322: [GC [PSYoungGen: 1380148K->16160K(1379264K)] 2969872K->1606092K(4175488K), 0.0380220 secs] [Times: user=0.05 sys=0.01, real=0.04 secs] 
2016-02-19T20:55:02.531+0800: 354699.246: [GC [PSYoungGen: 1377504K->14544K(1379712K)] 2967436K->1604744K(4175936K), 0.0353870 secs] [Times: user=0.06 sys=0.00, real=0.03 secs] 
2016-02-19T20:55:46.359+0800: 354743.073: [GC [PSYoungGen: 1375888K->14208K(1379776K)] 2966088K->1604760K(4176000K), 0.0317810 secs] [Times: user=0.06 sys=0.00, real=0.03 secs] 
2016-02-19T20:56:32.443+0800: 354789.157: [GC [PSYoungGen: 1375680K->14432K(1379776K)] 2966232K->1605181K(4176000K), 0.0313360 secs] [Times: user=0.05 sys=0.00, real=0.03 secs] 
2016-02-19T20:57:14.039+0800: 354830.753: [GC [PSYoungGen: 1375904K->14928K(1380032K)] 2966653K->1605846K(4176256K), 0.0357130 secs] [Times: user=0.06 sys=0.00, real=0.04 secs] 
2016-02-19T20:58:04.229+0800: 354880.944: [GC [PSYoungGen: 1376720K->15552K(1379840K)] 2967638K->1606787K(4176064K), 0.0328080 secs] [Times: user=0.06 sys=0.00, real=0.03 secs] 
2016-02-19T20:58:45.228+0800: 354921.942: [GC [PSYoungGen: 1377344K->14208K(1380288K)] 2968579K->1605883K(4176512K), 0.0325420 secs] [Times: user=0.06 sys=0.00, real=0.03 secs] 
2016-02-19T20:59:26.907+0800: 354963.621: [GC [PSYoungGen: 1376640K->14816K(1380224K)] 2968315K->1606595K(4176448K), 0.0325070 secs] [Times: user=0.06 sys=0.00, real=0.03 secs] 
2016-02-19T21:00:08.356+0800: 355005.070: [GC [PSYoungGen: 1377248K->15392K(1380608K)] 2969027K->1607536K(4176832K), 0.0375900 secs] [Times: user=0.06 sys=0.00, real=0.04 secs] 
2016-02-19T21:00:51.753+0800: 355048.467: [GC [PSYoungGen: 1378400K->15648K(1380480K)] 2970544K->1608105K(4176704K), 0.0371850 secs] [Times: user=0.06 sys=0.00, real=0.04 secs] 
2016-02-19T21:01:37.884+0800: 355094.599: [GC [PSYoungGen: 1378656K->14800K(1380800K)] 2971113K->1607669K(4177024K), 0.0331630 secs] [Times: user=0.06 sys=0.00, real=0.03 secs] 
2016-02-19T21:02:24.485+0800: 355141.199: [GC [PSYoungGen: 1378192K->14080K(1380672K)] 2971061K->1607117K(4176896K), 0.0328240 secs] [Times: user=0.06 sys=0.00, real=0.03 secs] 
2016-02-19T21:03:10.260+0800: 355186.975: [GC [PSYoungGen: 1377472K->15232K(1380992K)] 2970509K->1608382K(4177216K), 0.0349830 secs] [Times: user=0.06 sys=0.00, real=0.03 secs] 
2016-02-19T21:03:52.633+0800: 355229.347: [GC [PSYoungGen: 1378944K->14112K(1380800K)] 2972094K->1607522K(4177024K), 0.0334800 secs] [Times: user=0.06 sys=0.00, real=0.03 secs] 
2016-02-19T21:04:34.324+0800: 355271.039: [GC [PSYoungGen: 1377824K->12672K(1380608K)] 2971234K->1606175K(4176832K), 0.0339110 secs] [Times: user=0.06 sys=0.00, real=0.03 secs] 
2016-02-19T21:05:13.202+0800: 355309.917: [GC [PSYoungGen: 1376192K->15136K(1380800K)] 2969695K->1608943K(4177024K), 0.0340380 secs] [Times: user=0.06 sys=0.00, real=0.03 secs] 
2016-02-19T21:05:56.282+0800: 355352.996: [GC [PSYoungGen: 1378656K->15616K(1380800K)] 2972463K->1609755K(4177024K), 0.0346680 secs] [Times: user=0.06 sys=0.00, real=0.04 secs] 
2016-02-19T21:06:40.394+0800: 355397.108: [GC [PSYoungGen: 1379264K->15632K(1379328K)] 2973403K->1609892K(4175552K), 0.0333570 secs] [Times: user=0.06 sys=0.00, real=0.03 secs] 
2016-02-19T21:07:25.034+0800: 355441.749: [GC [PSYoungGen: 1379280K->14880K(1381056K)] 2973540K->1609396K(4177280K), 0.0334290 secs] [Times: user=0.06 sys=0.01, real=0.04 secs] 
2016-02-19T21:08:11.641+0800: 355488.355: [GC [PSYoungGen: 1378656K->15488K(1380800K)] 2973172K->1610300K(4177024K), 0.0371070 secs] [Times: user=0.06 sys=0.00, real=0.04 secs] 
2016-02-19T21:08:59.144+0800: 355535.858: [GC [PSYoungGen: 1379264K->14826K(1381184K)] 2974076K->1609962K(4177408K), 0.0330610 secs] [Times: user=0.06 sys=0.00, real=0.03 secs] 
2016-02-19T21:09:44.829+0800: 355581.543: [GC [PSYoungGen: 1378986K->14336K(1381056K)] 2974122K->1609656K(4177280K), 0.0335670 secs] [Times: user=0.06 sys=0.00, real=0.04 secs] 
2016-02-19T21:10:27.760+0800: 355624.475: [GC [PSYoungGen: 1378496K->16416K(1380544K)] 2973816K->1612000K(4176768K), 0.0390390 secs] [Times: user=0.06 sys=0.00, real=0.03 secs] 
2016-02-19T21:11:07.287+0800: 355664.002: [GC [PSYoungGen: 1380192K->16192K(1380032K)] 2975776K->1612101K(4176256K), 0.0377720 secs] [Times: user=0.06 sys=0.00, real=0.04 secs] 
2016-02-19T21:11:54.773+0800: 355711.487: [GC [PSYoungGen: 1379968K->16640K(1380096K)] 2975877K->1612814K(4176320K), 0.0411520 secs] [Times: user=0.06 sys=0.00, real=0.04 secs] 
2016-02-19T21:12:36.350+0800: 355753.064: [GC [PSYoungGen: 1379392K->15872K(1380416K)] 2975566K->1612166K(4176640K), 0.0343390 secs] [Times: user=0.06 sys=0.00, real=0.04 secs] 
2016-02-19T21:13:17.745+0800: 355794.460: [GC [PSYoungGen: 1378624K->15226K(1380608K)] 2974918K->1611968K(4176832K), 0.0372800 secs] [Times: user=0.06 sys=0.00, real=0.04 secs] 
2016-02-19T21:13:58.892+0800: 355835.607: [GC [PSYoungGen: 1378170K->14688K(1380416K)] 2974912K->1611642K(4176640K), 0.0348900 secs] [Times: user=0.06 sys=0.00, real=0.04 secs] 
2016-02-19T21:14:40.107+0800: 355876.822: [GC [PSYoungGen: 1377632K->12640K(1380224K)] 2974586K->1610011K(4176448K), 0.0304120 secs] [Times: user=0.06 sys=0.00, real=0.03 secs] 
2016-02-19T21:15:20.672+0800: 355917.386: [GC [PSYoungGen: 1375520K->14256K(1380480K)] 2972891K->1611827K(4176704K), 0.0313800 secs] [Times: user=0.05 sys=0.00, real=0.04 secs] 
2016-02-19T21:16:04.112+0800: 355960.827: [GC [PSYoungGen: 1377136K->16384K(1379968K)] 2974707K->1614332K(4176192K), 0.0427780 secs] [Times: user=0.06 sys=0.00, real=0.04 secs] 
2016-02-19T21:16:50.360+0800: 356007.075: [GC [PSYoungGen: 1378880K->16352K(1378880K)] 2976828K->1614704K(4175104K), 0.0410460 secs] [Times: user=0.06 sys=0.00, real=0.04 secs] 
2016-02-19T21:17:33.999+0800: 356050.713: [GC [PSYoungGen: 1378848K->15200K(1380352K)] 2977200K->1613880K(4176576K), 0.0374210 secs] [Times: user=0.06 sys=0.00, real=0.04 secs] 
2016-02-19T21:18:19.549+0800: 356096.263: [GC [PSYoungGen: 1377568K->16304K(1380096K)] 2976248K->1615153K(4176320K), 0.0368770 secs] [Times: user=0.06 sys=0.00, real=0.03 secs] 
2016-02-19T21:19:02.845+0800: 356139.560: [GC [PSYoungGen: 1378672K->15584K(1380352K)] 2977521K->1614689K(4176576K), 0.0377440 secs] [Times: user=0.06 sys=0.00, real=0.04 secs] 
2016-02-19T21:19:45.168+0800: 356181.882: [GC [PSYoungGen: 1378080K->17712K(1380224K)] 2977185K->1617138K(4176448K), 0.0367760 secs] [Times: user=0.06 sys=0.00, real=0.04 secs] 
2016-02-19T21:20:22.958+0800: 356219.672: [GC [PSYoungGen: 1380208K->14064K(1379072K)] 2979634K->1614055K(4175296K), 0.0336630 secs] [Times: user=0.07 sys=0.00, real=0.03 secs] 
2016-02-19T21:21:04.136+0800: 356260.850: [GC [PSYoungGen: 1375280K->15232K(1379648K)] 2975271K->1615335K(4175872K), 0.0376420 secs] [Times: user=0.07 sys=0.01, real=0.04 secs] 
2016-02-19T21:21:44.422+0800: 356301.136: [GC [PSYoungGen: 1376448K->15600K(1380096K)] 2976551K->1615936K(4176320K), 0.0350680 secs] [Times: user=0.06 sys=0.00, real=0.04 secs] 
2016-02-19T21:22:34.181+0800: 356350.896: [GC [PSYoungGen: 1377520K->15712K(1379904K)] 2977856K->1616489K(4176128K), 0.0471450 secs] [Times: user=0.07 sys=0.00, real=0.05 secs] 
2016-02-19T21:23:19.415+0800: 356396.129: [GC [PSYoungGen: 1377632K->16096K(1380288K)] 2978409K->1617073K(4176512K), 0.0358610 secs] [Times: user=0.06 sys=0.00, real=0.03 secs] 
2016-02-19T21:24:02.011+0800: 356438.726: [GC [PSYoungGen: 1378592K->15632K(1380288K)] 2979569K->1617005K(4176512K), 0.0372490 secs] [Times: user=0.07 sys=0.00, real=0.04 secs] 
2016-02-19T21:24:48.413+0800: 356485.127: [GC [PSYoungGen: 1378128K->15712K(1380608K)] 2979501K->1617410K(4176832K), 0.0338830 secs] [Times: user=0.06 sys=0.00, real=0.04 secs] 
2016-02-19T21:25:26.231+0800: 356522.945: [GC [PSYoungGen: 1378720K->13648K(1380480K)] 2980418K->1615579K(4176704K), 0.0307310 secs] [Times: user=0.05 sys=0.00, real=0.03 secs] 
2016-02-19T21:26:05.853+0800: 356562.567: [GC [PSYoungGen: 1376656K->16752K(1379840K)] 2978587K->1618966K(4176064K), 0.0403650 secs] [Times: user=0.07 sys=0.00, real=0.04 secs] 
2016-02-19T21:26:50.011+0800: 356606.725: [GC [PSYoungGen: 1378992K->17248K(1379520K)] 2981206K->1619903K(4175744K), 0.0413960 secs] [Times: user=0.07 sys=0.00, real=0.04 secs] 
2016-02-19T21:27:37.572+0800: 356654.286: [GC [PSYoungGen: 1379488K->16304K(1379776K)] 2982143K->1619268K(4176000K), 0.0375530 secs] [Times: user=0.06 sys=0.00, real=0.04 secs] 
2016-02-19T21:28:19.671+0800: 356696.385: [GC [PSYoungGen: 1377776K->14752K(1379776K)] 2980740K->1617896K(4176000K), 0.0339570 secs] [Times: user=0.07 sys=0.00, real=0.04 secs] 
2016-02-19T21:29:08.583+0800: 356745.297: [GC [PSYoungGen: 1376224K->15120K(1380032K)] 2979368K->1618477K(4176256K), 0.0391220 secs] [Times: user=0.07 sys=0.00, real=0.04 secs] 
2016-02-19T21:29:47.306+0800: 356784.020: [GC [PSYoungGen: 1376976K->13888K(1379904K)] 2980333K->1617521K(4176128K), 0.0346800 secs] [Times: user=0.06 sys=0.00, real=0.03 secs] 
2016-02-19T21:30:26.369+0800: 356823.084: [GC [PSYoungGen: 1375744K->14128K(1380032K)] 2979377K->1617897K(4176256K), 0.0305760 secs] [Times: user=0.06 sys=0.00, real=0.03 secs] 
2016-02-19T21:31:06.926+0800: 356863.640: [GC [PSYoungGen: 1376048K->16832K(1378816K)] 2979817K->1620981K(4175040K), 0.0382060 secs] [Times: user=0.07 sys=0.00, real=0.04 secs] 
2016-02-19T21:31:45.522+0800: 356902.236: [GC [PSYoungGen: 1378752K->14208K(1379840K)] 2982901K->1618662K(4176064K), 0.0327970 secs] [Times: user=0.06 sys=0.00, real=0.03 secs] 
2016-02-19T21:32:21.492+0800: 356938.207: [GC [PSYoungGen: 1375680K->15792K(1379712K)] 2980134K->1620499K(4175936K), 0.0350870 secs] [Times: user=0.06 sys=0.00, real=0.03 secs] 
2016-02-19T21:32:58.108+0800: 356974.822: [GC [PSYoungGen: 1377264K->14608K(1380096K)] 2981971K->1619591K(4176320K), 0.0330160 secs] [Times: user=0.06 sys=0.00, real=0.03 secs] 
2016-02-19T21:33:40.899+0800: 357017.613: [GC [PSYoungGen: 1376528K->17952K(1379904K)] 2981511K->1623571K(4176128K), 0.0434240 secs] [Times: user=0.06 sys=0.00, real=0.05 secs] 
2016-02-19T21:34:15.591+0800: 357052.306: [GC [PSYoungGen: 1379872K->12323K(1377856K)] 2985491K->1618158K(4174080K), 0.0284070 secs] [Times: user=0.07 sys=0.00, real=0.03 secs] 
2016-02-19T21:34:43.680+0800: 357080.394: [GC [PSYoungGen: 1372003K->11959K(1371648K)] 2977838K->1618031K(4167872K), 0.0309850 secs] [Times: user=0.05 sys=0.00, real=0.03 secs] 
2016-02-19T21:35:20.799+0800: 357117.514: [GC [PSYoungGen: 1371639K->14416K(1379072K)] 2977711K->1620660K(4175296K), 0.0381200 secs] [Times: user=0.06 sys=0.00, real=0.04 secs] 
2016-02-19T21:36:01.800+0800: 357158.515: [GC [PSYoungGen: 1374096K->17071K(1378688K)] 2980340K->1623660K(4174912K), 0.0406400 secs] [Times: user=0.07 sys=0.00, real=0.04 secs] 
2016-02-19T21:36:40.428+0800: 357197.142: [GC [PSYoungGen: 1376751K->16544K(1378432K)] 2983340K->1623558K(4174656K), 0.0363200 secs] [Times: user=0.06 sys=0.00, real=0.04 secs] 
2016-02-19T21:37:17.277+0800: 357233.992: [GC [PSYoungGen: 1375584K->15808K(1378560K)] 2982598K->1623143K(4174784K), 0.0346020 secs] [Times: user=0.06 sys=0.00, real=0.03 secs] 
2016-02-19T21:37:54.679+0800: 357271.393: [GC [PSYoungGen: 1374848K->17120K(1378176K)] 2982183K->1624855K(4174400K), 0.0397960 secs] [Times: user=0.06 sys=0.00, real=0.04 secs] 
2016-02-19T21:38:27.054+0800: 357303.768: [GC [PSYoungGen: 1376032K->15152K(1378496K)] 2983767K->1623264K(4174720K), 0.0333190 secs] [Times: user=0.06 sys=0.01, real=0.03 secs] 
2016-02-19T21:39:01.174+0800: 357337.889: [GC [PSYoungGen: 1374064K->17408K(1378112K)] 2982176K->1625664K(4174336K), 0.0620260 secs] [Times: user=0.09 sys=0.00, real=0.06 secs] 
2016-02-19T21:39:27.449+0800: 357364.163: [GC [PSYoungGen: 1376320K->17968K(1376896K)] 2984576K->1626584K(4173120K), 0.0418950 secs] [Times: user=0.07 sys=0.00, real=0.04 secs] 
2016-02-19T21:39:59.694+0800: 357396.409: [GC [PSYoungGen: 1376880K->20016K(1375616K)] 2985496K->1628889K(4171840K), 0.0436670 secs] [Times: user=0.06 sys=0.00, real=0.05 secs] 
2016-02-19T21:40:30.769+0800: 357427.483: [GC [PSYoungGen: 1375600K->15120K(1376832K)] 2984473K->1624510K(4173056K), 0.0367880 secs] [Times: user=0.07 sys=0.00, real=0.04 secs] 
2016-02-19T21:41:05.219+0800: 357461.933: [GC [PSYoungGen: 1370704K->17072K(1377280K)] 2980094K->1626699K(4173504K), 0.0344690 secs] [Times: user=0.06 sys=0.00, real=0.04 secs] 
2016-02-19T21:41:39.778+0800: 357496.493: [GC [PSYoungGen: 1373360K->16678K(1377088K)] 2982987K->1626470K(4173312K), 0.0415510 secs] [Times: user=0.07 sys=0.00, real=0.05 secs] 
2016-02-19T21:42:19.194+0800: 357535.909: [GC [PSYoungGen: 1372966K->16816K(1377792K)] 2982758K->1626951K(4174016K), 0.0377650 secs] [Times: user=0.06 sys=0.00, real=0.04 secs] 
2016-02-19T21:42:57.154+0800: 357573.868: [GC [PSYoungGen: 1374128K->17024K(1377600K)] 2984263K->1627311K(4173824K), 0.0383340 secs] [Times: user=0.08 sys=0.00, real=0.04 secs] 
2016-02-19T21:43:36.552+0800: 357613.267: [GC [PSYoungGen: 1374336K->16464K(1378304K)] 2984623K->1626927K(4174528K), 0.0391060 secs] [Times: user=0.06 sys=0.00, real=0.04 secs] 
2016-02-19T21:44:12.996+0800: 357649.711: [GC [PSYoungGen: 1374672K->15552K(1377984K)] 2985135K->1626352K(4174208K), 0.0381930 secs] [Times: user=0.07 sys=0.00, real=0.04 secs] 
2016-02-19T21:44:47.743+0800: 357684.458: [GC [PSYoungGen: 1373760K->15919K(1378752K)] 2984560K->1627016K(4174976K), 0.0371870 secs] [Times: user=0.06 sys=0.00, real=0.04 secs] 
2016-02-19T21:45:26.231+0800: 357722.945: [GC [PSYoungGen: 1375087K->16736K(1378496K)] 2986184K->1628121K(4174720K), 0.0360030 secs] [Times: user=0.06 sys=0.00, real=0.03 secs] 
2016-02-19T21:46:04.452+0800: 357761.166: [GC [PSYoungGen: 1375904K->16032K(1379136K)] 2987289K->1627962K(4175360K), 0.0365390 secs] [Times: user=0.05 sys=0.01, real=0.04 secs] 
2016-02-19T21:46:39.051+0800: 357795.765: [GC [PSYoungGen: 1375968K->15376K(1378880K)] 2987898K->1627510K(4175104K), 0.0370080 secs] [Times: user=0.07 sys=0.00, real=0.04 secs] 
2016-02-19T21:47:18.893+0800: 357835.607: [GC [PSYoungGen: 1375312K->16928K(1379200K)] 2987446K->1629382K(4175424K), 0.0460360 secs] [Times: user=0.09 sys=0.00, real=0.04 secs] 
2016-02-19T21:47:52.953+0800: 357869.667: [GC [PSYoungGen: 1377248K->14260K(1374592K)] 2989702K->1626842K(4170816K), 0.0330170 secs] [Times: user=0.06 sys=0.00, real=0.03 secs] 
2016-02-19T21:48:29.294+0800: 357906.008: [GC [PSYoungGen: 1374580K->15100K(1379200K)] 2987162K->1628031K(4175424K), 0.0381470 secs] [Times: user=0.06 sys=0.00, real=0.04 secs] 
2016-02-19T21:49:08.007+0800: 357944.722: [GC [PSYoungGen: 1375356K->16400K(1379136K)] 2988287K->1629675K(4175360K), 0.0378790 secs] [Times: user=0.06 sys=0.00, real=0.04 secs] 
2016-02-19T21:49:44.718+0800: 357981.432: [GC [PSYoungGen: 1376656K->13600K(1379008K)] 2989931K->1627091K(4175232K), 0.0338590 secs] [Times: user=0.06 sys=0.00, real=0.03 secs] 
2016-02-19T21:50:18.069+0800: 358014.783: [GC [PSYoungGen: 1373920K->13900K(1379200K)] 2987411K->1627492K(4175424K), 0.0335500 secs] [Times: user=0.06 sys=0.00, real=0.03 secs] 
2016-02-19T21:50:54.938+0800: 358051.652: [GC [PSYoungGen: 1374220K->15568K(1379520K)] 2987812K->1629284K(4175744K), 0.0355550 secs] [Times: user=0.06 sys=0.00, real=0.03 secs] 
2016-02-19T21:51:28.325+0800: 358085.039: [GC [PSYoungGen: 1376208K->15328K(1379200K)] 2989924K->1629212K(4175424K), 0.0400070 secs] [Times: user=0.08 sys=0.00, real=0.04 secs] 
2016-02-19T21:52:11.077+0800: 358127.792: [GC [PSYoungGen: 1375968K->18277K(1376832K)] 2989852K->1634183K(4173056K), 0.0396750 secs] [Times: user=0.08 sys=0.00, real=0.04 secs] 
2016-02-19T21:52:48.798+0800: 358165.513: [GC [PSYoungGen: 1376805K->15168K(1378304K)] 2992711K->1631439K(4174528K), 0.0324370 secs] [Times: user=0.06 sys=0.00, real=0.04 secs] 
2016-02-19T21:53:28.681+0800: 358205.395: [GC [PSYoungGen: 1373696K->15712K(1378816K)] 2989967K->1632212K(4175040K), 0.0413330 secs] [Times: user=0.07 sys=0.00, real=0.04 secs] 
2016-02-19T21:54:08.715+0800: 358245.429: [GC [PSYoungGen: 1374944K->17424K(1378496K)] 2991444K->1634373K(4174720K), 0.0354950 secs] [Times: user=0.07 sys=0.00, real=0.04 secs] 
2016-02-19T21:54:43.398+0800: 358280.112: [GC [PSYoungGen: 1376656K->13584K(1378368K)] 2993605K->1630761K(4174592K), 0.0321480 secs] [Times: user=0.06 sys=0.00, real=0.03 secs] 
2016-02-19T21:55:16.619+0800: 358313.333: [GC [PSYoungGen: 1372496K->13104K(1372032K)] 2989673K->1630557K(4168256K), 0.0327710 secs] [Times: user=0.06 sys=0.00, real=0.04 secs] 
2016-02-19T21:55:52.873+0800: 358349.587: [GC [PSYoungGen: 1372016K->16640K(1378432K)] 2989469K->1634342K(4174656K), 0.0361670 secs] [Times: user=0.06 sys=0.00, real=0.04 secs] 
2016-02-19T21:56:32.423+0800: 358389.138: [GC [PSYoungGen: 1375424K->14848K(1378432K)] 2993126K->1632754K(4174656K), 0.0320900 secs] [Times: user=0.06 sys=0.00, real=0.03 secs] 
2016-02-19T21:57:10.406+0800: 358427.120: [GC [PSYoungGen: 1373632K->14513K(1378880K)] 2991538K->1632695K(4175104K), 0.0315510 secs] [Times: user=0.06 sys=0.00, real=0.03 secs] 
2016-02-19T21:57:47.797+0800: 358464.512: [GC [PSYoungGen: 1374001K->16992K(1378688K)] 2992183K->1635579K(4174912K), 0.0402630 secs] [Times: user=0.06 sys=0.00, real=0.04 secs] 
2016-02-19T21:58:27.158+0800: 358503.873: [GC [PSYoungGen: 1376480K->15760K(1379008K)] 2995067K->1634475K(4175232K), 0.0331000 secs] [Times: user=0.06 sys=0.00, real=0.04 secs] 
2016-02-19T21:59:03.647+0800: 358540.362: [GC [PSYoungGen: 1375376K->16992K(1378688K)] 2994091K->1635935K(4174912K), 0.0339990 secs] [Times: user=0.06 sys=0.00, real=0.04 secs] 
2016-02-19T21:59:41.388+0800: 358578.102: [GC [PSYoungGen: 1376608K->14304K(1378944K)] 2995551K->1633635K(4175168K), 0.0368260 secs] [Times: user=0.06 sys=0.00, real=0.04 secs] 
2016-02-19T22:00:18.192+0800: 358614.907: [GC [PSYoungGen: 1374048K->15760K(1378880K)] 2993379K->1635296K(4175104K), 0.0339130 secs] [Times: user=0.06 sys=0.00, real=0.03 secs] 
2016-02-19T22:00:54.334+0800: 358651.048: [GC [PSYoungGen: 1375504K->16169K(1379392K)] 2995040K->1636030K(4175616K), 0.0362690 secs] [Times: user=0.07 sys=0.00, real=0.04 secs] 
2016-02-19T22:01:29.393+0800: 358686.107: [GC [PSYoungGen: 1376745K->13701K(1379264K)] 2996606K->1633911K(4175488K), 0.0301640 secs] [Times: user=0.05 sys=0.00, real=0.03 secs] 
2016-02-19T22:02:02.779+0800: 358719.494: [GC [PSYoungGen: 1374277K->14272K(1379456K)] 2994487K->1634982K(4175680K), 0.0316790 secs] [Times: user=0.06 sys=0.00, real=0.03 secs] 
2016-02-19T22:02:39.492+0800: 358756.206: [GC [PSYoungGen: 1374976K->14288K(1379328K)] 2995686K->1635298K(4175552K), 0.0318600 secs] [Times: user=0.05 sys=0.00, real=0.03 secs] 
2016-02-19T22:03:18.395+0800: 358795.109: [GC [PSYoungGen: 1374992K->15120K(1379904K)] 2996002K->1636355K(4176128K), 0.0362580 secs] [Times: user=0.06 sys=0.00, real=0.03 secs] 
2016-02-19T22:03:55.742+0800: 358832.456: [GC [PSYoungGen: 1376528K->16720K(1379584K)] 2997763K->1638212K(4175808K), 0.0367610 secs] [Times: user=0.06 sys=0.00, real=0.04 secs] 
2016-02-19T22:04:36.075+0800: 358872.790: [GC [PSYoungGen: 1378128K->15408K(1379904K)] 2999620K->1637260K(4176128K), 0.0390710 secs] [Times: user=0.07 sys=0.00, real=0.04 secs] 
2016-02-19T22:05:18.251+0800: 358914.965: [GC [PSYoungGen: 1376880K->15552K(1379648K)] 2998732K->1637709K(4175872K), 0.0347860 secs] [Times: user=0.07 sys=0.00, real=0.04 secs] 
2016-02-19T22:06:00.925+0800: 358957.639: [GC [PSYoungGen: 1377024K->14720K(1380288K)] 2999181K->1637118K(4176512K), 0.0378160 secs] [Times: user=0.07 sys=0.00, real=0.04 secs] 
2016-02-19T22:06:40.037+0800: 358996.752: [GC [PSYoungGen: 1377088K->14464K(1380160K)] 2999486K->1637170K(4176384K), 0.0346320 secs] [Times: user=0.06 sys=0.00, real=0.03 secs] 
2016-02-19T22:07:14.071+0800: 359030.786: [GC [PSYoungGen: 1376832K->13104K(1380096K)] 2999538K->1636122K(4176320K), 0.0303450 secs] [Times: user=0.06 sys=0.00, real=0.03 secs] 
2016-02-19T22:07:52.646+0800: 359069.361: [GC [PSYoungGen: 1375472K->14464K(1380224K)] 2998490K->1637723K(4176448K), 0.0319810 secs] [Times: user=0.06 sys=0.00, real=0.03 secs] 
2016-02-19T22:08:33.823+0800: 359110.537: [GC [PSYoungGen: 1376832K->16160K(1380032K)] 3000091K->1639736K(4176256K), 0.0376020 secs] [Times: user=0.06 sys=0.00, real=0.04 secs] 
2016-02-19T22:09:12.083+0800: 359148.797: [GC [PSYoungGen: 1378528K->14064K(1380224K)] 3002104K->1638020K(4176448K), 0.0318060 secs] [Times: user=0.05 sys=0.00, real=0.03 secs] 
2016-02-19T22:09:53.701+0800: 359190.415: [GC [PSYoungGen: 1376432K->16240K(1379968K)] 3000388K->1640424K(4176192K), 0.0386070 secs] [Times: user=0.06 sys=0.00, real=0.04 secs] 
2016-02-19T22:10:34.302+0800: 359231.017: [GC [PSYoungGen: 1378480K->16240K(1378496K)] 3002664K->1640656K(4174720K), 0.0349750 secs] [Times: user=0.06 sys=0.00, real=0.04 secs] 
2016-02-19T22:11:15.200+0800: 359271.914: [GC [PSYoungGen: 1378480K->16720K(1379520K)] 3002896K->1641493K(4175744K), 0.0451620 secs] [Times: user=0.08 sys=0.00, real=0.04 secs] 
2016-02-19T22:11:52.368+0800: 359309.082: [GC [PSYoungGen: 1378192K->14224K(1379776K)] 3002965K->1639286K(4176000K), 0.0331620 secs] [Times: user=0.05 sys=0.01, real=0.03 secs] 
2016-02-19T22:12:31.945+0800: 359348.659: [GC [PSYoungGen: 1375696K->16640K(1379456K)] 3000758K->1641886K(4175680K), 0.0412690 secs] [Times: user=0.07 sys=0.00, real=0.04 secs] 
2016-02-19T22:13:08.092+0800: 359384.806: [GC [PSYoungGen: 1377856K->15136K(1379648K)] 3003102K->1640650K(4175872K), 0.0356820 secs] [Times: user=0.05 sys=0.01, real=0.03 secs] 
2016-02-19T22:13:47.280+0800: 359423.995: [GC [PSYoungGen: 1376352K->17473K(1378880K)] 3001866K->1643163K(4175104K), 0.0413800 secs] [Times: user=0.07 sys=0.00, real=0.04 secs] 
2016-02-19T22:14:27.695+0800: 359464.409: [GC [PSYoungGen: 1378177K->16624K(1377344K)] 3003867K->1642811K(4173568K), 0.0365140 secs] [Times: user=0.06 sys=0.00, real=0.04 secs] 
2016-02-19T22:15:06.813+0800: 359503.527: [GC [PSYoungGen: 1377328K->15968K(1379520K)] 3003515K->1642348K(4175744K), 0.0368040 secs] [Times: user=0.07 sys=0.00, real=0.04 secs] 
2016-02-19T22:15:40.877+0800: 359537.592: [GC [PSYoungGen: 1376736K->14656K(1379328K)] 3003116K->1641344K(4175552K), 0.0328420 secs] [Times: user=0.06 sys=0.00, real=0.03 secs] 
2016-02-19T22:16:20.672+0800: 359577.386: [GC [PSYoungGen: 1375424K->15472K(1379840K)] 3002112K->1642349K(4176064K), 0.0341620 secs] [Times: user=0.07 sys=0.00, real=0.04 secs] 
2016-02-19T22:17:00.169+0800: 359616.883: [GC [PSYoungGen: 1376816K->14928K(1379584K)] 3003693K->1642069K(4175808K), 0.0320420 secs] [Times: user=0.06 sys=0.00, real=0.03 secs] 
2016-02-19T22:17:44.894+0800: 359661.608: [GC [PSYoungGen: 1376272K->17104K(1379392K)] 3003413K->1644518K(4175616K), 0.0396550 secs] [Times: user=0.07 sys=0.00, real=0.04 secs] 
2016-02-19T22:18:29.190+0800: 359705.905: [GC [PSYoungGen: 1378448K->17680K(1379072K)] 3005862K->1645474K(4175296K), 0.0387240 secs] [Times: user=0.07 sys=0.00, real=0.04 secs] 
2016-02-19T22:19:08.956+0800: 359745.671: [GC [PSYoungGen: 1379024K->14262K(1379264K)] 3006818K->1642374K(4175488K), 0.0420010 secs] [Times: user=0.08 sys=0.01, real=0.04 secs] 
2016-02-19T22:19:43.283+0800: 359779.997: [GC [PSYoungGen: 1374646K->13876K(1379200K)] 3002758K->1642195K(4175424K), 0.0370200 secs] [Times: user=0.06 sys=0.00, real=0.04 secs] 
2016-02-19T22:20:21.874+0800: 359818.589: [GC [PSYoungGen: 1374260K->14656K(1379392K)] 3002579K->1643440K(4175616K), 0.0327160 secs] [Times: user=0.06 sys=0.01, real=0.03 secs] 
2016-02-19T22:21:00.706+0800: 359857.420: [GC [PSYoungGen: 1375168K->16192K(1379200K)] 3003952K->1645224K(4175424K), 0.0365610 secs] [Times: user=0.06 sys=0.00, real=0.03 secs] 
2016-02-19T22:21:41.725+0800: 359898.439: [GC [PSYoungGen: 1376704K->16672K(1379200K)] 3005736K->1646073K(4175424K), 0.0385520 secs] [Times: user=0.07 sys=0.00, real=0.04 secs] 
2016-02-19T22:22:24.883+0800: 359941.597: [GC [PSYoungGen: 1377248K->16992K(1377600K)] 3006649K->1646737K(4173824K), 0.0363630 secs] [Times: user=0.07 sys=0.00, real=0.03 secs] 
2016-02-19T22:23:08.075+0800: 359984.789: [GC [PSYoungGen: 1377568K->15392K(1379392K)] 3007313K->1645289K(4175616K), 0.0320020 secs] [Times: user=0.06 sys=0.00, real=0.04 secs] 
2016-02-19T22:23:48.218+0800: 360024.933: [GC [PSYoungGen: 1375840K->14624K(1379136K)] 3005737K->1644570K(4175360K), 0.0453310 secs] [Times: user=0.09 sys=0.00, real=0.04 secs] 
2016-02-19T22:24:27.077+0800: 360063.791: [GC [PSYoungGen: 1375072K->15488K(1379776K)] 3005018K->1645890K(4176000K), 0.0375280 secs] [Times: user=0.06 sys=0.00, real=0.04 secs] 
2016-02-19T22:25:08.087+0800: 360104.801: [GC [PSYoungGen: 1376704K->15632K(1379520K)] 3007106K->1646250K(4175744K), 0.0418130 secs] [Times: user=0.06 sys=0.00, real=0.05 secs] 
2016-02-19T22:25:46.112+0800: 360142.827: [GC [PSYoungGen: 1376848K->14288K(1380032K)] 3007466K->1645010K(4176256K), 0.0333340 secs] [Times: user=0.06 sys=0.00, real=0.03 secs] 
2016-02-19T22:26:24.572+0800: 360181.287: [GC [PSYoungGen: 1376272K->14624K(1380032K)] 3006994K->1645731K(4176256K), 0.0381720 secs] [Times: user=0.07 sys=0.00, real=0.03 secs] 
2016-02-19T22:27:05.019+0800: 360221.733: [GC [PSYoungGen: 1376608K->14512K(1380224K)] 3007715K->1645959K(4176448K), 0.0321140 secs] [Times: user=0.06 sys=0.00, real=0.03 secs] 
2016-02-19T22:27:44.387+0800: 360261.101: [GC [PSYoungGen: 1376816K->16512K(1378880K)] 3008263K->1648120K(4175104K), 0.0378160 secs] [Times: user=0.07 sys=0.00, real=0.04 secs] 
2016-02-19T22:28:23.218+0800: 360299.932: [GC [PSYoungGen: 1378816K->15152K(1380288K)] 3010424K->1647000K(4176512K), 0.0363190 secs] [Times: user=0.07 sys=0.00, real=0.03 secs] 
2016-02-19T22:29:00.595+0800: 360337.309: [GC [PSYoungGen: 1377392K->15028K(1380032K)] 3009240K->1647180K(4176256K), 0.0378000 secs] [Times: user=0.07 sys=0.00, real=0.04 secs] 
2016-02-19T22:29:37.737+0800: 360374.451: [GC [PSYoungGen: 1377268K->14640K(1380544K)] 3009420K->1647098K(4176768K), 0.0340770 secs] [Times: user=0.06 sys=0.00, real=0.03 secs] 
2016-02-19T22:30:12.525+0800: 360409.239: [GC [PSYoungGen: 1377520K->13020K(1375936K)] 3009978K->1645551K(4172160K), 0.0348120 secs] [Times: user=0.06 sys=0.00, real=0.03 secs] 
2016-02-19T22:30:51.734+0800: 360448.448: [GC [PSYoungGen: 1375900K->17248K(1379328K)] 3008431K->1650122K(4175552K), 0.0333710 secs] [Times: user=0.06 sys=0.00, real=0.03 secs] 
2016-02-19T22:31:30.093+0800: 360486.807: [GC [PSYoungGen: 1378848K->14704K(1379840K)] 3011722K->1647807K(4176064K), 0.0312730 secs] [Times: user=0.06 sys=0.00, real=0.04 secs] 
2016-02-19T22:32:08.061+0800: 360524.776: [GC [PSYoungGen: 1376304K->14039K(1380096K)] 3009407K->1647498K(4176320K), 0.0386360 secs] [Times: user=0.06 sys=0.00, real=0.04 secs] 
2016-02-19T22:32:50.590+0800: 360567.304: [GC [PSYoungGen: 1376087K->16000K(1380032K)] 3009546K->1649594K(4176256K), 0.0387480 secs] [Times: user=0.07 sys=0.00, real=0.04 secs] 
2016-02-19T22:33:35.807+0800: 360612.522: [GC [PSYoungGen: 1378048K->16976K(1379264K)] 3011642K->1650751K(4175488K), 0.0385200 secs] [Times: user=0.06 sys=0.00, real=0.04 secs] 
2016-02-19T22:34:15.092+0800: 360651.806: [GC [PSYoungGen: 1378192K->15280K(1379648K)] 3011967K->1649359K(4175872K), 0.0333380 secs] [Times: user=0.05 sys=0.01, real=0.04 secs] 
2016-02-19T22:34:52.388+0800: 360689.102: [GC [PSYoungGen: 1376496K->14688K(1380096K)] 3010575K->1649028K(4176320K), 0.0337590 secs] [Times: user=0.07 sys=0.00, real=0.04 secs] 
2016-02-19T22:35:28.297+0800: 360725.012: [GC [PSYoungGen: 1376672K->15680K(1379968K)] 3011012K->1650180K(4176192K), 0.0395970 secs] [Times: user=0.07 sys=0.00, real=0.04 secs] 
2016-02-19T22:36:08.240+0800: 360764.955: [GC [PSYoungGen: 1377664K->15648K(1380352K)] 3012164K->1650505K(4176576K), 0.0323170 secs] [Times: user=0.06 sys=0.00, real=0.03 secs] 
2016-02-19T22:36:48.411+0800: 360805.125: [GC [PSYoungGen: 1378144K->16096K(1380224K)] 3013001K->1651229K(4176448K), 0.0373260 secs] [Times: user=0.06 sys=0.00, real=0.04 secs] 
2016-02-19T22:37:33.347+0800: 360850.061: [GC [PSYoungGen: 1378592K->15664K(1380480K)] 3013725K->1651205K(4176704K), 0.0442080 secs] [Times: user=0.08 sys=0.00, real=0.04 secs] 
2016-02-19T22:38:10.449+0800: 360887.164: [GC [PSYoungGen: 1378416K->13600K(1380352K)] 3013957K->1649369K(4176576K), 0.0308350 secs] [Times: user=0.06 sys=0.00, real=0.03 secs] 
2016-02-19T22:38:50.524+0800: 360927.238: [GC [PSYoungGen: 1376352K->15440K(1380544K)] 3012121K->1651462K(4176768K), 0.0332870 secs] [Times: user=0.05 sys=0.00, real=0.04 secs] 
2016-02-19T22:39:29.423+0800: 360966.137: [GC [PSYoungGen: 1378256K->14960K(1380352K)] 3014278K->1651446K(4176576K), 0.0336540 secs] [Times: user=0.06 sys=0.00, real=0.04 secs] 
2016-02-19T22:40:06.621+0800: 361003.336: [GC [PSYoungGen: 1377776K->14128K(1380736K)] 3014262K->1650926K(4176960K), 0.0316400 secs] [Times: user=0.06 sys=0.00, real=0.04 secs] 
2016-02-19T22:40:44.248+0800: 361040.962: [GC [PSYoungGen: 1377520K->14976K(1380736K)] 3014318K->1652051K(4176960K), 0.0331390 secs] [Times: user=0.07 sys=0.00, real=0.04 secs] 
2016-02-19T22:41:23.683+0800: 361080.397: [GC [PSYoungGen: 1378368K->13936K(1380928K)] 3015443K->1651396K(4177152K), 0.0417130 secs] [Times: user=0.06 sys=0.00, real=0.04 secs] 
2016-02-19T22:42:11.374+0800: 361128.088: [GC [PSYoungGen: 1377712K->15440K(1380928K)] 3015172K->1653213K(4177152K), 0.0347880 secs] [Times: user=0.06 sys=0.00, real=0.04 secs] 
2016-02-19T22:42:55.467+0800: 361172.182: [GC [PSYoungGen: 1379216K->13808K(1380864K)] 3016989K->1651930K(4177088K), 0.0331650 secs] [Times: user=0.06 sys=0.00, real=0.04 secs] 
2016-02-19T22:43:40.409+0800: 361217.123: [GC [PSYoungGen: 1377584K->16608K(1380416K)] 3015706K->1654982K(4176640K), 0.0364040 secs] [Times: user=0.06 sys=0.00, real=0.03 secs] 
2016-02-19T22:44:20.495+0800: 361257.210: [GC [PSYoungGen: 1380384K->14624K(1380736K)] 3018758K->1653287K(4176960K), 0.0365170 secs] [Times: user=0.06 sys=0.00, real=0.04 secs] 
2016-02-19T22:45:03.659+0800: 361300.373: [GC [PSYoungGen: 1377824K->16067K(1380544K)] 3016487K->1655023K(4176768K), 0.0464970 secs] [Times: user=0.08 sys=0.00, real=0.05 secs] 
2016-02-19T22:45:50.911+0800: 361347.625: [GC [PSYoungGen: 1379267K->15296K(1380736K)] 3018223K->1654656K(4176960K), 0.0327380 secs] [Times: user=0.06 sys=0.00, real=0.04 secs] 
2016-02-19T22:46:38.043+0800: 361394.757: [GC [PSYoungGen: 1378496K->16864K(1380096K)] 3017856K->1656300K(4176320K), 0.0335250 secs] [Times: user=0.07 sys=0.00, real=0.04 secs] 
2016-02-19T22:47:23.297+0800: 361440.012: [GC [PSYoungGen: 1380064K->16161K(1380224K)] 3019500K->1655782K(4176448K), 0.0350860 secs] [Times: user=0.07 sys=0.00, real=0.03 secs] 
2016-02-19T22:48:04.403+0800: 361481.118: [GC [PSYoungGen: 1378657K->14144K(1380288K)] 3018278K->1654106K(4176512K), 0.0347850 secs] [Times: user=0.06 sys=0.00, real=0.04 secs] 
2016-02-19T22:48:51.761+0800: 361528.475: [GC [PSYoungGen: 1376640K->16736K(1379648K)] 3016602K->1656809K(4175872K), 0.0375580 secs] [Times: user=0.06 sys=0.00, real=0.03 secs] 
2016-02-19T22:49:38.278+0800: 361574.992: [GC [PSYoungGen: 1378592K->16368K(1378240K)] 3018665K->1656650K(4174464K), 0.0382490 secs] [Times: user=0.06 sys=0.01, real=0.04 secs] 
2016-02-19T22:50:21.376+0800: 361618.090: [GC [PSYoungGen: 1378224K->14912K(1380096K)] 3018506K->1655586K(4176320K), 0.0361830 secs] [Times: user=0.07 sys=0.00, real=0.04 secs] 
2016-02-19T22:51:04.360+0800: 361661.075: [GC [PSYoungGen: 1376832K->14688K(1379904K)] 3017506K->1655478K(4176128K), 0.0315540 secs] [Times: user=0.06 sys=0.00, real=0.03 secs] 
2016-02-19T22:51:50.840+0800: 361707.555: [GC [PSYoungGen: 1376608K->14176K(1380224K)] 3017398K->1655216K(4176448K), 0.0297810 secs] [Times: user=0.05 sys=0.00, real=0.03 secs] 
2016-02-19T22:52:37.243+0800: 361753.958: [GC [PSYoungGen: 1376480K->14416K(1380160K)] 3017520K->1655585K(4176384K), 0.0323870 secs] [Times: user=0.06 sys=0.00, real=0.04 secs] 
2016-02-19T22:53:17.751+0800: 361794.465: [GC [PSYoungGen: 1376720K->14032K(1380416K)] 3017889K->1655370K(4176640K), 0.0303880 secs] [Times: user=0.06 sys=0.00, real=0.03 secs] 
2016-02-19T22:54:02.831+0800: 361839.546: [GC [PSYoungGen: 1376720K->15009K(1380352K)] 3018058K->1656603K(4176576K), 0.0349400 secs] [Times: user=0.06 sys=0.00, real=0.03 secs] 
2016-02-19T22:54:51.872+0800: 361888.586: [GC [PSYoungGen: 1377697K->16656K(1379904K)] 3019291K->1658567K(4176128K), 0.0411270 secs] [Times: user=0.07 sys=0.00, real=0.04 secs] 
2016-02-19T22:55:32.922+0800: 361929.637: [GC [PSYoungGen: 1379152K->14400K(1380288K)] 3021063K->1656656K(4176512K), 0.0335150 secs] [Times: user=0.05 sys=0.01, real=0.04 secs] 
2016-02-19T22:56:18.682+0800: 361975.396: [GC [PSYoungGen: 1376896K->14832K(1380608K)] 3019152K->1657432K(4176832K), 0.0337140 secs] [Times: user=0.06 sys=0.00, real=0.03 secs] 
2016-02-19T22:57:07.314+0800: 362024.028: [GC [PSYoungGen: 1377776K->14624K(1380416K)] 3020376K->1657429K(4176640K), 0.0320990 secs] [Times: user=0.06 sys=0.00, real=0.03 secs] 
2016-02-19T22:57:52.805+0800: 362069.519: [GC [PSYoungGen: 1377568K->16048K(1380480K)] 3020373K->1659134K(4176704K), 0.0391400 secs] [Times: user=0.06 sys=0.00, real=0.04 secs] 
2016-02-19T22:58:39.766+0800: 362116.480: [GC [PSYoungGen: 1379184K->14656K(1380608K)] 3022270K->1657903K(4176832K), 0.0314390 secs] [Times: user=0.06 sys=0.00, real=0.03 secs] 
2016-02-19T22:59:24.537+0800: 362161.251: [GC [PSYoungGen: 1377792K->15728K(1380736K)] 3021039K->1659279K(4176960K), 0.0340700 secs] [Times: user=0.06 sys=0.00, real=0.04 secs] 
2016-02-19T23:00:11.618+0800: 362208.332: [GC [PSYoungGen: 1379120K->16656K(1380096K)] 3022671K->1660459K(4176320K), 0.0441630 secs] [Times: user=0.08 sys=0.00, real=0.04 secs] 
2016-02-19T23:00:52.920+0800: 362249.634: [GC [PSYoungGen: 1380048K->15312K(1380608K)] 3023851K->1659392K(4176832K), 0.0321070 secs] [Times: user=0.06 sys=0.00, real=0.03 secs] 
2016-02-19T23:01:41.196+0800: 362297.910: [GC [PSYoungGen: 1378256K->16464K(1380416K)] 3022336K->1660924K(4176640K), 0.0398160 secs] [Times: user=0.07 sys=0.00, real=0.04 secs] 
2016-02-19T23:02:27.233+0800: 362343.947: [GC [PSYoungGen: 1379408K->15104K(1380608K)] 3023868K->1659965K(4176832K), 0.0404960 secs] [Times: user=0.06 sys=0.00, real=0.04 secs] 
2016-02-19T23:03:16.832+0800: 362393.546: [GC [PSYoungGen: 1378048K->16336K(1380416K)] 3022909K->1661329K(4176640K), 0.0353070 secs] [Times: user=0.07 sys=0.00, real=0.04 secs] 
2016-02-19T23:04:08.257+0800: 362444.972: [GC [PSYoungGen: 1379280K->16224K(1380416K)] 3024273K->1661425K(4176640K), 0.0373920 secs] [Times: user=0.07 sys=0.00, real=0.04 secs] 
2016-02-19T23:04:55.677+0800: 362492.392: [GC [PSYoungGen: 1378976K->15504K(1380416K)] 3024177K->1661098K(4176640K), 0.0411160 secs] [Times: user=0.07 sys=0.00, real=0.04 secs] 
2016-02-19T23:05:38.949+0800: 362535.663: [GC [PSYoungGen: 1378256K->14720K(1380608K)] 3023850K->1660487K(4176832K), 0.0438610 secs] [Times: user=0.06 sys=0.00, real=0.04 secs] 
2016-02-19T23:06:27.838+0800: 362584.552: [GC [PSYoungGen: 1377856K->15056K(1380608K)] 3023623K->1661163K(4176832K), 0.0416900 secs] [Times: user=0.07 sys=0.01, real=0.04 secs] 
2016-02-19T23:07:21.876+0800: 362638.590: [GC [PSYoungGen: 1378192K->15920K(1380736K)] 3024299K->1662264K(4176960K), 0.0342420 secs] [Times: user=0.06 sys=0.00, real=0.03 secs] 
2016-02-19T23:08:08.435+0800: 362685.149: [GC [PSYoungGen: 1379312K->15264K(1380736K)] 3025656K->1662073K(4176960K), 0.0352530 secs] [Times: user=0.07 sys=0.00, real=0.04 secs] 
2016-02-19T23:08:52.903+0800: 362729.618: [GC [PSYoungGen: 1378656K->15232K(1381056K)] 3025465K->1662290K(4177280K), 0.0338650 secs] [Times: user=0.06 sys=0.00, real=0.04 secs] 
2016-02-19T23:09:39.748+0800: 362776.462: [GC [PSYoungGen: 1379136K->13120K(1377088K)] 3026194K->1660290K(4173312K), 0.0356020 secs] [Times: user=0.06 sys=0.00, real=0.04 secs] 
2016-02-19T23:10:25.037+0800: 362821.752: [GC [PSYoungGen: 1377024K->13216K(1380544K)] 3024194K->1660611K(4176768K), 0.0348480 secs] [Times: user=0.07 sys=0.00, real=0.04 secs] 
2016-02-19T23:11:14.340+0800: 362871.055: [GC [PSYoungGen: 1376480K->14800K(1380672K)] 3023875K->1662599K(4176896K), 0.0352660 secs] [Times: user=0.06 sys=0.00, real=0.03 secs] 
2016-02-19T23:12:02.413+0800: 362919.128: [GC [PSYoungGen: 1378064K->14832K(1381056K)] 3025863K->1662825K(4177280K), 0.0332230 secs] [Times: user=0.06 sys=0.00, real=0.03 secs] 
2016-02-19T23:12:51.463+0800: 362968.177: [GC [PSYoungGen: 1378672K->16992K(1380864K)] 3026665K->1665625K(4177088K), 0.0368950 secs] [Times: user=0.07 sys=0.00, real=0.04 secs] 
2016-02-19T23:13:37.214+0800: 363013.929: [GC [PSYoungGen: 1380832K->14560K(1379968K)] 3029465K->1663386K(4176192K), 0.0313870 secs] [Times: user=0.06 sys=0.00, real=0.03 secs] 
2016-02-19T23:14:22.927+0800: 363059.642: [GC [PSYoungGen: 1377312K->14736K(1380416K)] 3026138K->1663910K(4176640K), 0.0347900 secs] [Times: user=0.06 sys=0.00, real=0.03 secs] 
2016-02-19T23:15:16.673+0800: 363113.387: [GC [PSYoungGen: 1377488K->15168K(1380800K)] 3026662K->1664650K(4177024K), 0.0320270 secs] [Times: user=0.06 sys=0.00, real=0.03 secs] 
2016-02-19T23:16:08.757+0800: 363165.471: [GC [PSYoungGen: 1378496K->13280K(1380608K)] 3027978K->1662887K(4176832K), 0.0346910 secs] [Times: user=0.07 sys=0.01, real=0.03 secs] 
2016-02-19T23:16:59.092+0800: 363215.806: [GC [PSYoungGen: 1376608K->13968K(1380800K)] 3026215K->1663743K(4177024K), 0.0358290 secs] [Times: user=0.06 sys=0.00, real=0.03 secs] 
2016-02-19T23:17:51.095+0800: 363267.809: [GC [PSYoungGen: 1377360K->16976K(1380416K)] 3027135K->1667217K(4176640K), 0.0356280 secs] [Times: user=0.06 sys=0.00, real=0.03 secs] 
2016-02-19T23:18:43.986+0800: 363320.700: [GC [PSYoungGen: 1380368K->15408K(1380288K)] 3030609K->1665885K(4176512K), 0.0368040 secs] [Times: user=0.06 sys=0.00, real=0.04 secs] 
2016-02-19T23:19:35.477+0800: 363372.191: [GC [PSYoungGen: 1378032K->13888K(1380352K)] 3028509K->1664710K(4176576K), 0.0326300 secs] [Times: user=0.06 sys=0.00, real=0.03 secs] 
2016-02-19T23:20:26.768+0800: 363423.482: [GC [PSYoungGen: 1376512K->16574K(1379776K)] 3027334K->1667553K(4176000K), 0.0385740 secs] [Times: user=0.07 sys=0.00, real=0.04 secs] 
2016-02-19T23:21:15.282+0800: 363471.996: [GC [PSYoungGen: 1378686K->14432K(1380096K)] 3029665K->1665554K(4176320K), 0.0348900 secs] [Times: user=0.07 sys=0.00, real=0.04 secs] 
2016-02-19T23:22:07.262+0800: 363523.977: [GC [PSYoungGen: 1376544K->13680K(1380288K)] 3027666K->1665026K(4176512K), 0.0311940 secs] [Times: user=0.06 sys=0.00, real=0.03 secs] 
2016-02-19T23:22:59.533+0800: 363576.247: [GC [PSYoungGen: 1376176K->15568K(1380288K)] 3027522K->1667121K(4176512K), 0.0339030 secs] [Times: user=0.07 sys=0.00, real=0.03 secs] 
2016-02-19T23:23:48.387+0800: 363625.102: [GC [PSYoungGen: 1378064K->15856K(1380224K)] 3029617K->1667649K(4176448K), 0.0364270 secs] [Times: user=0.07 sys=0.00, real=0.04 secs] 
2016-02-19T23:24:41.985+0800: 363678.700: [GC [PSYoungGen: 1378352K->16272K(1378816K)] 3030145K->1668367K(4175040K), 0.0370170 secs] [Times: user=0.06 sys=0.00, real=0.03 secs] 
2016-02-19T23:25:34.512+0800: 363731.227: [GC [PSYoungGen: 1378768K->14816K(1380352K)] 3030863K->1667143K(4176576K), 0.0317860 secs] [Times: user=0.06 sys=0.00, real=0.03 secs] 
2016-02-19T23:26:30.562+0800: 363787.277: [GC [PSYoungGen: 1377184K->13824K(1380096K)] 3029511K->1666587K(4176320K), 0.0320370 secs] [Times: user=0.06 sys=0.00, real=0.03 secs] 
2016-02-19T23:27:27.943+0800: 363844.658: [GC [PSYoungGen: 1376192K->13296K(1380352K)] 3028955K->1666187K(4176576K), 0.0332240 secs] [Times: user=0.07 sys=0.00, real=0.04 secs] 
2016-02-19T23:28:28.353+0800: 363905.068: [GC [PSYoungGen: 1375920K->15585K(1380352K)] 3028811K->1668604K(4176576K), 0.0338280 secs] [Times: user=0.06 sys=0.00, real=0.03 secs] 
2016-02-19T23:29:21.216+0800: 363957.931: [GC [PSYoungGen: 1378209K->12496K(1380096K)] 3031228K->1665704K(4176320K), 0.0311900 secs] [Times: user=0.06 sys=0.00, real=0.02 secs] 
2016-02-19T23:30:15.228+0800: 364011.942: [GC [PSYoungGen: 1374864K->14176K(1380224K)] 3028072K->1667705K(4176448K), 0.0328960 secs] [Times: user=0.07 sys=0.00, real=0.03 secs] 
2016-02-19T23:31:08.413+0800: 364065.128: [GC [PSYoungGen: 1376544K->14032K(1380608K)] 3030073K->1667901K(4176832K), 0.0307680 secs] [Times: user=0.05 sys=0.00, real=0.03 secs] 
2016-02-19T23:32:08.386+0800: 364125.101: [GC [PSYoungGen: 1376976K->14864K(1380416K)] 3030845K->1669197K(4176640K), 0.0324290 secs] [Times: user=0.05 sys=0.00, real=0.04 secs] 
2016-02-19T23:33:05.328+0800: 364182.043: [GC [PSYoungGen: 1377808K->13488K(1380864K)] 3032141K->1667974K(4177088K), 0.0335540 secs] [Times: user=0.06 sys=0.00, real=0.03 secs] 
2016-02-19T23:34:06.194+0800: 364242.908: [GC [PSYoungGen: 1377072K->17184K(1380800K)] 3031558K->1672375K(4177024K), 0.0416150 secs] [Times: user=0.07 sys=0.00, real=0.04 secs] 
2016-02-19T23:35:04.284+0800: 364300.998: [GC [PSYoungGen: 1380768K->15184K(1379392K)] 3035959K->1670802K(4175616K), 0.0385340 secs] [Times: user=0.07 sys=0.00, real=0.04 secs] 
2016-02-19T23:35:57.585+0800: 364354.299: [GC [PSYoungGen: 1377296K->13504K(1380096K)] 3032914K->1669362K(4176320K), 0.0357630 secs] [Times: user=0.06 sys=0.00, real=0.03 secs] 
2016-02-19T23:36:52.399+0800: 364409.114: [GC [PSYoungGen: 1375616K->15405K(1380224K)] 3031474K->1671363K(4176448K), 0.0356900 secs] [Times: user=0.07 sys=0.00, real=0.04 secs] 
2016-02-19T23:37:44.779+0800: 364461.494: [GC [PSYoungGen: 1377709K->15216K(1380160K)] 3033667K->1671347K(4176384K), 0.0364190 secs] [Times: user=0.07 sys=0.00, real=0.04 secs] 
2016-02-19T23:38:41.865+0800: 364518.580: [GC [PSYoungGen: 1377520K->14800K(1380672K)] 3033651K->1671338K(4176896K), 0.0363020 secs] [Times: user=0.07 sys=0.00, real=0.03 secs] 
2016-02-19T23:39:43.671+0800: 364580.385: [GC [PSYoungGen: 1377808K->16464K(1379520K)] 3034346K->1673263K(4175744K), 0.0358750 secs] [Times: user=0.07 sys=0.00, real=0.03 secs] 
2016-02-19T23:40:42.438+0800: 364639.152: [GC [PSYoungGen: 1379472K->17088K(1379392K)] 3036271K->1674176K(4175616K), 0.0385090 secs] [Times: user=0.07 sys=0.00, real=0.04 secs] 
2016-02-19T23:41:49.556+0800: 364706.271: [GC [PSYoungGen: 1378688K->16320K(1377984K)] 3035776K->1673808K(4174208K), 0.0401620 secs] [Times: user=0.06 sys=0.00, real=0.04 secs] 
2016-02-19T23:42:48.382+0800: 364765.096: [GC [PSYoungGen: 1377920K->15008K(1379968K)] 3035408K->1672789K(4176192K), 0.0373400 secs] [Times: user=0.07 sys=0.00, real=0.04 secs] 
2016-02-19T23:43:52.729+0800: 364829.443: [GC [PSYoungGen: 1376608K->15440K(1379712K)] 3034389K->1673465K(4175936K), 0.0347410 secs] [Times: user=0.06 sys=0.00, real=0.03 secs] 
2016-02-19T23:44:51.778+0800: 364888.493: [GC [PSYoungGen: 1377040K->15413K(1380416K)] 3035065K->1673824K(4176640K), 0.0342050 secs] [Times: user=0.06 sys=0.00, real=0.04 secs] 
2016-02-19T23:45:49.898+0800: 364946.613: [GC [PSYoungGen: 1377909K->15344K(1380160K)] 3036320K->1674032K(4176384K), 0.0346540 secs] [Times: user=0.06 sys=0.00, real=0.03 secs] 
2016-02-19T23:46:46.143+0800: 365002.857: [GC [PSYoungGen: 1377840K->15473K(1380800K)] 3036528K->1674453K(4177024K), 0.0313550 secs] [Times: user=0.07 sys=0.00, real=0.04 secs] 
2016-02-19T23:47:44.251+0800: 365060.966: [GC [PSYoungGen: 1378801K->14112K(1380608K)] 3037781K->1673553K(4176832K), 0.0316290 secs] [Times: user=0.06 sys=0.00, real=0.03 secs] 
2016-02-19T23:48:48.913+0800: 365125.628: [GC [PSYoungGen: 1377440K->15568K(1380864K)] 3036881K->1675193K(4177088K), 0.0356990 secs] [Times: user=0.06 sys=0.00, real=0.04 secs] 
2016-02-19T23:49:55.558+0800: 365192.272: [GC [PSYoungGen: 1379088K->16384K(1379968K)] 3038713K->1676181K(4176192K), 0.0359350 secs] [Times: user=0.06 sys=0.00, real=0.04 secs] 
2016-02-19T23:51:05.561+0800: 365262.275: [GC [PSYoungGen: 1379904K->15664K(1380672K)] 3039701K->1675799K(4176896K), 0.0370640 secs] [Times: user=0.07 sys=0.00, real=0.04 secs] 
2016-02-19T23:52:10.619+0800: 365327.334: [GC [PSYoungGen: 1378864K->15824K(1380608K)] 3038999K->1676343K(4176832K), 0.0357210 secs] [Times: user=0.06 sys=0.00, real=0.04 secs] 
2016-02-19T23:53:18.853+0800: 365395.567: [GC [PSYoungGen: 1379024K->14240K(1380736K)] 3039543K->1674992K(4176960K), 0.0329310 secs] [Times: user=0.05 sys=0.00, real=0.03 secs] 
2016-02-19T23:54:23.982+0800: 365460.696: [GC [PSYoungGen: 1377632K->15648K(1380736K)] 3038384K->1676564K(4176960K), 0.0390780 secs] [Times: user=0.06 sys=0.00, real=0.04 secs] 
2016-02-19T23:55:31.022+0800: 365527.737: [GC [PSYoungGen: 1379040K->14128K(1380800K)] 3039956K->1675249K(4177024K), 0.0351820 secs] [Times: user=0.06 sys=0.00, real=0.03 secs] 
2016-02-19T23:56:30.824+0800: 365587.539: [GC [PSYoungGen: 1377648K->15201K(1380800K)] 3038769K->1676594K(4177024K), 0.0383620 secs] [Times: user=0.06 sys=0.00, real=0.03 secs] 
2016-02-19T23:57:35.052+0800: 365651.767: [GC [PSYoungGen: 1378721K->14224K(1380992K)] 3040114K->1675983K(4177216K), 0.0343820 secs] [Times: user=0.06 sys=0.01, real=0.03 secs] 
2016-02-19T23:58:46.287+0800: 365723.002: [GC [PSYoungGen: 1378128K->13872K(1380992K)] 3039887K->1676028K(4177216K), 0.0333880 secs] [Times: user=0.06 sys=0.00, real=0.04 secs] 
2016-02-20T00:00:02.587+0800: 365799.301: [GC [PSYoungGen: 1377776K->17082K(1379584K)] 3039932K->1679615K(4175808K), 0.0387120 secs] [Times: user=0.06 sys=0.00, real=0.04 secs] 
2016-02-20T00:00:59.486+0800: 365856.200: [GC [PSYoungGen: 1379578K->12336K(1374848K)] 3042111K->1675455K(4171072K), 0.0316270 secs] [Times: user=0.05 sys=0.00, real=0.03 secs] 
2016-02-20T00:02:09.689+0800: 365926.403: [GC [PSYoungGen: 1374832K->15248K(1380224K)] 3037951K->1678692K(4176448K), 0.0335290 secs] [Times: user=0.06 sys=0.00, real=0.03 secs] 
2016-02-20T00:03:15.079+0800: 365991.793: [GC [PSYoungGen: 1377424K->14064K(1380032K)] 3040868K->1677788K(4176256K), 0.0336870 secs] [Times: user=0.07 sys=0.00, real=0.04 secs] 
2016-02-20T00:04:21.587+0800: 366058.301: [GC [PSYoungGen: 1376033K->13982K(1380480K)] 3039757K->1677995K(4176704K), 0.0291790 secs] [Times: user=0.06 sys=0.00, real=0.04 secs] 
2016-02-20T00:05:30.124+0800: 366126.838: [GC [PSYoungGen: 1376734K->13872K(1380352K)] 3040747K->1678053K(4176576K), 0.0311010 secs] [Times: user=0.06 sys=0.00, real=0.04 secs] 
2016-02-20T00:06:41.302+0800: 366198.016: [GC [PSYoungGen: 1376624K->13632K(1380672K)] 3040805K->1678078K(4176896K), 0.0339880 secs] [Times: user=0.06 sys=0.00, real=0.04 secs] 
2016-02-20T00:07:57.606+0800: 366274.321: [GC [PSYoungGen: 1376832K->13792K(1380608K)] 3041278K->1678468K(4176832K), 0.0337980 secs] [Times: user=0.05 sys=0.01, real=0.03 secs] 
2016-02-20T00:09:21.170+0800: 366357.884: [GC [PSYoungGen: 1376992K->15776K(1380416K)] 3041668K->1680884K(4176640K), 0.0367920 secs] [Times: user=0.07 sys=0.00, real=0.03 secs] 
2016-02-20T00:10:40.643+0800: 366437.358: [GC [PSYoungGen: 1378912K->14624K(1380608K)] 3044020K->1679944K(4176832K), 0.0328450 secs] [Times: user=0.06 sys=0.00, real=0.04 secs] 
2016-02-20T00:12:01.402+0800: 366518.117: [GC [PSYoungGen: 1377760K->13760K(1380992K)] 3043080K->1679277K(4177216K), 0.0374240 secs] [Times: user=0.06 sys=0.00, real=0.04 secs] 
2016-02-20T00:13:24.014+0800: 366600.729: [GC [PSYoungGen: 1377600K->16592K(1380480K)] 3043117K->1682390K(4176704K), 0.0344500 secs] [Times: user=0.06 sys=0.00, real=0.03 secs] 
2016-02-20T00:14:47.913+0800: 366684.628: [GC [PSYoungGen: 1380432K->15664K(1380352K)] 3046230K->1681651K(4176576K), 0.0332540 secs] [Times: user=0.06 sys=0.00, real=0.03 secs] 
2016-02-20T00:16:03.753+0800: 366760.468: [GC [PSYoungGen: 1378416K->14336K(1380416K)] 3044403K->1680571K(4176640K), 0.0355490 secs] [Times: user=0.08 sys=0.00, real=0.03 secs] 
2016-02-20T00:17:33.508+0800: 366850.222: [GC [PSYoungGen: 1377088K->15920K(1380352K)] 3043323K->1682312K(4176576K), 0.0361470 secs] [Times: user=0.05 sys=0.01, real=0.04 secs] 
2016-02-20T00:19:00.855+0800: 366937.570: [GC [PSYoungGen: 1378800K->14784K(1380480K)] 3045192K->1681488K(4176704K), 0.0333820 secs] [Times: user=0.06 sys=0.00, real=0.03 secs] 
2016-02-20T00:20:36.530+0800: 367033.244: [GC [PSYoungGen: 1377664K->14768K(1380928K)] 3044368K->1681776K(4177152K), 0.0348920 secs] [Times: user=0.06 sys=0.00, real=0.04 secs] 
2016-02-20T00:22:13.139+0800: 367129.853: [GC [PSYoungGen: 1378352K->14992K(1380736K)] 3045360K->1682185K(4176960K), 0.0330610 secs] [Times: user=0.06 sys=0.00, real=0.04 secs] 
2016-02-20T00:23:53.158+0800: 367229.872: [GC [PSYoungGen: 1378576K->16928K(1379328K)] 3045769K->1685054K(4175552K), 0.0403190 secs] [Times: user=0.06 sys=0.01, real=0.04 secs] 
2016-02-20T00:25:20.005+0800: 367316.720: [GC [PSYoungGen: 1379296K->13120K(1375488K)] 3047422K->1681590K(4171712K), 0.0334110 secs] [Times: user=0.06 sys=0.00, real=0.04 secs] 
2016-02-20T00:26:45.619+0800: 367402.333: [GC [PSYoungGen: 1375488K->12320K(1379776K)] 3043958K->1680942K(4176000K), 0.0294730 secs] [Times: user=0.06 sys=0.00, real=0.03 secs] 
2016-02-20T00:28:26.598+0800: 367503.313: [GC [PSYoungGen: 1374176K->13920K(1379968K)] 3042798K->1682646K(4176192K), 0.0309260 secs] [Times: user=0.06 sys=0.00, real=0.03 secs] 
2016-02-20T00:30:12.425+0800: 367609.140: [GC [PSYoungGen: 1375776K->15280K(1380288K)] 3044502K->1684119K(4176512K), 0.0350340 secs] [Times: user=0.06 sys=0.00, real=0.04 secs] 
2016-02-20T00:31:54.165+0800: 367710.879: [GC [PSYoungGen: 1377648K->15168K(1380160K)] 3046487K->1684344K(4176384K), 0.0383230 secs] [Times: user=0.06 sys=0.00, real=0.03 secs] 
2016-02-20T00:33:43.800+0800: 367820.515: [GC [PSYoungGen: 1377536K->17040K(1379264K)] 3046712K->1686512K(4175488K), 0.0424740 secs] [Times: user=0.06 sys=0.00, real=0.04 secs] 
2016-02-20T00:35:16.871+0800: 367913.586: [GC [PSYoungGen: 1378640K->12128K(1373760K)] 3048112K->1682009K(4169984K), 0.0275520 secs] [Times: user=0.05 sys=0.00, real=0.03 secs] 
2016-02-20T00:37:11.564+0800: 368028.279: [GC [PSYoungGen: 1373728K->16976K(1378688K)] 3043609K->1687094K(4174912K), 0.0461400 secs] [Times: user=0.07 sys=0.00, real=0.04 secs] 
2016-02-20T00:39:09.017+0800: 368145.732: [GC [PSYoungGen: 1377296K->15696K(1379200K)] 3047414K->1685939K(4175424K), 0.0360910 secs] [Times: user=0.06 sys=0.00, real=0.03 secs] 
2016-02-20T00:40:43.080+0800: 368239.795: [GC [PSYoungGen: 1376016K->13568K(1379456K)] 3046259K->1684131K(4175680K), 0.0485790 secs] [Times: user=0.09 sys=0.00, real=0.05 secs] 
2016-02-20T00:42:38.171+0800: 368354.886: [GC [PSYoungGen: 1374272K->15936K(1379328K)] 3044835K->1686624K(4175552K), 0.0369410 secs] [Times: user=0.07 sys=0.00, real=0.04 secs] 
2016-02-20T00:44:29.403+0800: 368466.117: [GC [PSYoungGen: 1376640K->14400K(1379712K)] 3047328K->1685492K(4175936K), 0.0334980 secs] [Times: user=0.06 sys=0.00, real=0.04 secs] 
2016-02-20T00:46:17.375+0800: 368574.090: [GC [PSYoungGen: 1375424K->14368K(1379392K)] 3046516K->1685640K(4175616K), 0.0316730 secs] [Times: user=0.06 sys=0.00, real=0.03 secs] 
2016-02-20T00:48:23.185+0800: 368699.900: [GC [PSYoungGen: 1375392K->15136K(1380160K)] 3046664K->1686496K(4176384K), 0.0337520 secs] [Times: user=0.05 sys=0.01, real=0.03 secs] 
2016-02-20T00:50:20.178+0800: 368816.892: [GC [PSYoungGen: 1377184K->14000K(1379968K)] 3048544K->1685765K(4176192K), 0.0335060 secs] [Times: user=0.06 sys=0.00, real=0.03 secs] 
2016-02-20T00:52:17.846+0800: 368934.561: [GC [PSYoungGen: 1376048K->14448K(1380544K)] 3047813K->1686450K(4176768K), 0.0325490 secs] [Times: user=0.06 sys=0.00, real=0.04 secs] 
2016-02-20T00:54:28.902+0800: 369065.616: [GC [PSYoungGen: 1377200K->14976K(1380288K)] 3049202K->1687350K(4176512K), 0.0368850 secs] [Times: user=0.07 sys=0.00, real=0.03 secs] 
2016-02-20T00:56:37.993+0800: 369194.707: [GC [PSYoungGen: 1377728K->12784K(1380608K)] 3050102K->1685318K(4176832K), 0.0322330 secs] [Times: user=0.06 sys=0.00, real=0.03 secs] 
2016-02-20T00:59:08.199+0800: 369344.914: [GC [PSYoungGen: 1376048K->15376K(1380672K)] 3048582K->1687974K(4176896K), 0.0337820 secs] [Times: user=0.06 sys=0.00, real=0.04 secs] 
2016-02-20T01:01:22.305+0800: 369479.019: [GC [PSYoungGen: 1378640K->13760K(1380736K)] 3051238K->1686578K(4176960K), 0.0313910 secs] [Times: user=0.06 sys=0.00, real=0.03 secs] 
2016-02-20T01:03:36.534+0800: 369613.248: [GC [PSYoungGen: 1377088K->13745K(1380672K)] 3049906K->1686784K(4176896K), 0.0330360 secs] [Times: user=0.06 sys=0.00, real=0.04 secs] 
2016-02-20T01:06:04.440+0800: 369761.154: [GC [PSYoungGen: 1377073K->13728K(1381056K)] 3050112K->1687196K(4177280K), 0.0350000 secs] [Times: user=0.07 sys=0.01, real=0.03 secs] 
2016-02-20T01:08:59.970+0800: 369936.684: [GC [PSYoungGen: 1377568K->13280K(1380864K)] 3051036K->1687077K(4177088K), 0.0310200 secs] [Times: user=0.06 sys=0.00, real=0.03 secs] 
2016-02-20T01:11:38.692+0800: 370095.406: [GC [PSYoungGen: 1377120K->15408K(1380736K)] 3050917K->1689341K(4176960K), 0.0339200 secs] [Times: user=0.06 sys=0.00, real=0.04 secs] 
2016-02-20T01:14:18.663+0800: 370255.378: [GC [PSYoungGen: 1379184K->15136K(1380928K)] 3053117K->1689297K(4177152K), 0.0446890 secs] [Times: user=0.08 sys=0.00, real=0.05 secs] 
2016-02-20T01:17:00.506+0800: 370417.220: [GC [PSYoungGen: 1378912K->14976K(1381056K)] 3053073K->1689362K(4177280K), 0.0401030 secs] [Times: user=0.06 sys=0.00, real=0.04 secs] 
2016-02-20T01:19:33.940+0800: 370570.655: [GC [PSYoungGen: 1378880K->13168K(1380928K)] 3053266K->1687990K(4177152K), 0.0297660 secs] [Times: user=0.06 sys=0.00, real=0.03 secs] 
2016-02-20T01:22:12.305+0800: 370729.020: [GC [PSYoungGen: 1377072K->13776K(1381184K)] 3051894K->1688850K(4177408K), 0.0302130 secs] [Times: user=0.05 sys=0.01, real=0.03 secs] 
2016-02-20T01:25:02.844+0800: 370899.559: [GC [PSYoungGen: 1377936K->13216K(1381056K)] 3053010K->1688525K(4177280K), 0.0293880 secs] [Times: user=0.05 sys=0.00, real=0.03 secs] 
2016-02-20T01:28:12.938+0800: 371089.653: [GC [PSYoungGen: 1377376K->14160K(1381504K)] 3052685K->1689745K(4177728K), 0.0365770 secs] [Times: user=0.06 sys=0.00, real=0.04 secs] 
2016-02-20T01:31:56.243+0800: 371312.958: [GC [PSYoungGen: 1378832K->15344K(1381248K)] 3054417K->1691082K(4177472K), 0.0331270 secs] [Times: user=0.06 sys=0.00, real=0.04 secs] 
2016-02-20T01:35:33.727+0800: 371530.442: [GC [PSYoungGen: 1380016K->14896K(1381376K)] 3055754K->1690934K(4177600K), 0.0340170 secs] [Times: user=0.06 sys=0.00, real=0.03 secs] 
2016-02-20T01:39:27.398+0800: 371764.112: [GC [PSYoungGen: 1379504K->15616K(1380224K)] 3055542K->1691914K(4176448K), 0.0345040 secs] [Times: user=0.06 sys=0.00, real=0.04 secs] 
2016-02-20T01:43:25.872+0800: 372002.586: [GC [PSYoungGen: 1380224K->14704K(1381312K)] 3056522K->1691195K(4177536K), 0.0326160 secs] [Times: user=0.06 sys=0.00, real=0.04 secs] 
2016-02-20T01:47:07.807+0800: 372224.522: [GC [PSYoungGen: 1379056K->14760K(1381120K)] 3055547K->1691501K(4177344K), 0.0302180 secs] [Times: user=0.06 sys=0.00, real=0.03 secs] 
2016-02-20T01:51:58.852+0800: 372515.567: [GC [PSYoungGen: 1379112K->14848K(1381504K)] 3055853K->1691832K(4177728K), 0.0371430 secs] [Times: user=0.07 sys=0.00, real=0.03 secs] 
2016-02-20T01:56:35.145+0800: 372791.859: [GC [PSYoungGen: 1379712K->13776K(1381440K)] 3056696K->1691025K(4177664K), 0.0331510 secs] [Times: user=0.06 sys=0.00, real=0.03 secs] 
2016-02-20T02:00:54.459+0800: 373051.174: [GC [PSYoungGen: 1378640K->16497K(1378496K)] 3055889K->1696561K(4174720K), 0.0443560 secs] [Times: user=0.07 sys=0.00, real=0.05 secs] 
2016-02-20T02:05:28.958+0800: 373325.673: [GC [PSYoungGen: 1378481K->12658K(1374656K)] 3058545K->1694992K(4170880K), 0.0321330 secs] [Times: user=0.06 sys=0.00, real=0.03 secs] 
2016-02-20T02:06:19.733+0800: 373376.447: [GC [PSYoungGen: 1374642K->4736K(1377216K)] 3056976K->1687333K(4173440K), 0.0145280 secs] [Times: user=0.04 sys=0.00, real=0.01 secs] 
2016-02-20T02:09:12.672+0800: 373549.387: [GC [PSYoungGen: 1363776K->10280K(1378560K)] 3046373K->1693077K(4174784K), 0.0233110 secs] [Times: user=0.05 sys=0.01, real=0.02 secs] 
2016-02-20T02:10:52.494+0800: 373649.209: [GC [PSYoungGen: 1369320K->6848K(1377536K)] 3052117K->1689906K(4173760K), 0.0189580 secs] [Times: user=0.06 sys=0.00, real=0.02 secs] 
2016-02-20T02:14:24.224+0800: 373860.939: [GC [PSYoungGen: 1364864K->10800K(1378048K)] 3047922K->1693971K(4174272K), 0.0301670 secs] [Times: user=0.06 sys=0.00, real=0.03 secs] 
2016-02-20T02:18:49.108+0800: 374125.823: [GC [PSYoungGen: 1368816K->13081K(1378944K)] 3051987K->1697185K(4175168K), 0.0348760 secs] [Times: user=0.06 sys=0.00, real=0.03 secs] 
2016-02-20T02:24:01.085+0800: 374437.799: [GC [PSYoungGen: 1372377K->14266K(1378432K)] 3056481K->1698584K(4174656K), 0.0421730 secs] [Times: user=0.08 sys=0.00, real=0.04 secs] 
2016-02-20T02:28:24.194+0800: 374700.908: [GC [PSYoungGen: 1373562K->12208K(1379520K)] 3057880K->1696899K(4175744K), 0.0333300 secs] [Times: user=0.06 sys=0.00, real=0.03 secs] 
2016-02-20T02:32:51.458+0800: 374968.172: [GC [PSYoungGen: 1372592K->18558K(1378944K)] 3057283K->1715267K(4175168K), 0.0392160 secs] [Times: user=0.05 sys=0.01, real=0.04 secs] 
2016-02-20T02:36:13.258+0800: 375169.973: [GC [PSYoungGen: 1378942K->15478K(1369344K)] 3075651K->1714096K(4165568K), 0.0460770 secs] [Times: user=0.08 sys=0.00, real=0.04 secs] 
2016-02-20T02:41:58.880+0800: 375515.594: [GC [PSYoungGen: 1365686K->13697K(1374144K)] 3064304K->1712463K(4170368K), 0.0340780 secs] [Times: user=0.06 sys=0.00, real=0.03 secs] 
2016-02-20T02:48:53.393+0800: 375930.107: [GC [PSYoungGen: 1363905K->13264K(1375552K)] 3062671K->1712328K(4171776K), 0.0423950 secs] [Times: user=0.07 sys=0.00, real=0.04 secs] 
2016-02-20T02:54:09.333+0800: 376246.047: [GC [PSYoungGen: 1365648K->12112K(1374912K)] 3064712K->1711329K(4171136K), 0.0283920 secs] [Times: user=0.05 sys=0.00, real=0.03 secs] 
2016-02-20T03:00:09.255+0800: 376605.969: [GC [PSYoungGen: 1364496K->14080K(1376768K)] 3063713K->1713541K(4172992K), 0.0350550 secs] [Times: user=0.06 sys=0.00, real=0.04 secs] 
2016-02-20T03:07:20.357+0800: 377037.071: [GC [PSYoungGen: 1368768K->12032K(1376000K)] 3068229K->1711617K(4172224K), 0.0311950 secs] [Times: user=0.05 sys=0.00, real=0.03 secs] 
2016-02-20T03:15:52.703+0800: 377549.417: [GC [PSYoungGen: 1366720K->11472K(1377408K)] 3066305K->1711218K(4173632K), 0.0313590 secs] [Times: user=0.05 sys=0.00, real=0.03 secs] 
2016-02-20T03:24:40.638+0800: 378077.352: [GC [PSYoungGen: 1367888K->12501K(1377088K)] 3067634K->1712439K(4173312K), 0.0299020 secs] [Times: user=0.06 sys=0.00, real=0.03 secs] 
2016-02-20T03:33:17.573+0800: 378594.287: [GC [PSYoungGen: 1368917K->11056K(1378112K)] 3068855K->1711174K(4174336K), 0.0305840 secs] [Times: user=0.05 sys=0.00, real=0.02 secs] 
2016-02-20T03:41:51.819+0800: 379108.533: [GC [PSYoungGen: 1369008K->11648K(1377920K)] 3069126K->1711966K(4174144K), 0.0279980 secs] [Times: user=0.06 sys=0.00, real=0.03 secs] 
2016-02-20T03:51:21.121+0800: 379677.836: [GC [PSYoungGen: 1369600K->10880K(1378752K)] 3069918K->1711326K(4174976K), 0.0270110 secs] [Times: user=0.06 sys=0.00, real=0.03 secs] 
2016-02-20T04:00:20.884+0800: 380217.598: [GC [PSYoungGen: 1370048K->11408K(1378496K)] 3070494K->1711982K(4174720K), 0.0285510 secs] [Times: user=0.05 sys=0.00, real=0.03 secs] 
2016-02-20T04:10:04.131+0800: 380800.846: [GC [PSYoungGen: 1370576K->12224K(1379648K)] 3071150K->1712914K(4175872K), 0.0301050 secs] [Times: user=0.06 sys=0.00, real=0.03 secs] 
2016-02-20T04:20:49.744+0800: 381446.458: [GC [PSYoungGen: 1372928K->12000K(1379136K)] 3073618K->1712846K(4175360K), 0.0277480 secs] [Times: user=0.06 sys=0.00, real=0.03 secs] 
2016-02-20T04:32:09.159+0800: 382125.874: [GC [PSYoungGen: 1372704K->13249K(1380416K)] 3073550K->1714211K(4176640K), 0.0338140 secs] [Times: user=0.05 sys=0.00, real=0.04 secs] 
2016-02-20T04:44:08.972+0800: 382845.686: [GC [PSYoungGen: 1375681K->12992K(1380096K)] 3076643K->1714216K(4176320K), 0.0292520 secs] [Times: user=0.04 sys=0.00, real=0.03 secs] 
2016-02-20T04:56:09.753+0800: 383566.468: [GC [PSYoungGen: 1375424K->12288K(1381184K)] 3076648K->1713592K(4177408K), 0.0324090 secs] [Times: user=0.06 sys=0.00, real=0.03 secs] 
2016-02-20T05:06:28.713+0800: 384185.428: [GC [PSYoungGen: 1376192K->9536K(1380800K)] 3077496K->1710912K(4177024K), 0.0270470 secs] [Times: user=0.05 sys=0.00, real=0.02 secs] 
2016-02-20T05:16:42.941+0800: 384799.655: [GC [PSYoungGen: 1373440K->12944K(1381312K)] 3074816K->1714517K(4177536K), 0.0342800 secs] [Times: user=0.07 sys=0.00, real=0.03 secs] 
2016-02-20T05:27:49.752+0800: 385466.467: [GC [PSYoungGen: 1377232K->11152K(1381056K)] 3078805K->1712837K(4177280K), 0.0302960 secs] [Times: user=0.05 sys=0.00, real=0.02 secs] 
2016-02-20T05:39:13.133+0800: 386149.847: [GC [PSYoungGen: 1375440K->13328K(1381568K)] 3077125K->1715142K(4177792K), 0.0332520 secs] [Times: user=0.06 sys=0.00, real=0.03 secs] 
2016-02-20T05:50:55.969+0800: 386852.683: [GC [PSYoungGen: 1378320K->14048K(1379072K)] 3080134K->1716122K(4175296K), 0.0347300 secs] [Times: user=0.06 sys=0.00, real=0.03 secs] 
2016-02-20T06:00:33.169+0800: 387429.883: [GC [PSYoungGen: 1379040K->13456K(1381440K)] 3081114K->1715698K(4177664K), 0.0352220 secs] [Times: user=0.06 sys=0.00, real=0.04 secs] 
2016-02-20T06:09:34.846+0800: 387971.560: [GC [PSYoungGen: 1378192K->13872K(1381376K)] 3080434K->1716182K(4177600K), 0.0314330 secs] [Times: user=0.06 sys=0.00, real=0.04 secs] 
2016-02-20T06:17:42.320+0800: 388459.034: [GC [PSYoungGen: 1378608K->14720K(1380736K)] 3080918K->1717155K(4176960K), 0.0369930 secs] [Times: user=0.05 sys=0.00, real=0.04 secs] 
2016-02-20T06:24:31.081+0800: 388867.795: [GC [PSYoungGen: 1378752K->14384K(1378432K)] 3081187K->1716967K(4174656K), 0.0358750 secs] [Times: user=0.05 sys=0.01, real=0.03 secs] 
2016-02-20T06:30:49.156+0800: 389245.871: [GC [PSYoungGen: 1378416K->13216K(1381312K)] 3080999K->1716036K(4177536K), 0.0291830 secs] [Times: user=0.06 sys=0.00, real=0.02 secs] 
2016-02-20T06:36:48.556+0800: 389605.270: [GC [PSYoungGen: 1377376K->12816K(1380928K)] 3080196K->1715992K(4177152K), 0.0315570 secs] [Times: user=0.06 sys=0.00, real=0.04 secs] 
2016-02-20T06:41:31.704+0800: 389888.418: [GC [PSYoungGen: 1376976K->10880K(1381504K)] 3080152K->1714441K(4177728K), 0.0261980 secs] [Times: user=0.05 sys=0.00, real=0.03 secs] 
2016-02-20T06:46:11.712+0800: 390168.426: [GC [PSYoungGen: 1375936K->10112K(1375168K)] 3079497K->1713937K(4171392K), 0.0258950 secs] [Times: user=0.04 sys=0.01, real=0.02 secs] 
2016-02-20T06:51:02.103+0800: 390458.818: [GC [PSYoungGen: 1375168K->11504K(1381696K)] 3078993K->1715521K(4177920K), 0.0310330 secs] [Times: user=0.06 sys=0.00, real=0.03 secs] 
2016-02-20T06:55:45.368+0800: 390742.082: [GC [PSYoungGen: 1376560K->10736K(1381440K)] 3080577K->1715283K(4177664K), 0.0311410 secs] [Times: user=0.06 sys=0.00, real=0.03 secs] 
2016-02-20T07:00:58.498+0800: 391055.212: [GC [PSYoungGen: 1375792K->12432K(1382144K)] 3080339K->1717164K(4178368K), 0.0307970 secs] [Times: user=0.05 sys=0.00, real=0.03 secs] 
2016-02-20T07:05:19.552+0800: 391316.266: [GC [PSYoungGen: 1378256K->11888K(1381760K)] 3082988K->1716828K(4177984K), 0.0326530 secs] [Times: user=0.07 sys=0.00, real=0.03 secs] 
2016-02-20T07:10:04.997+0800: 391601.711: [GC [PSYoungGen: 1377712K->13856K(1381888K)] 3082652K->1718936K(4178112K), 0.0312720 secs] [Times: user=0.06 sys=0.00, real=0.04 secs] 
2016-02-20T07:14:39.452+0800: 391876.166: [GC [PSYoungGen: 1380064K->12560K(1382144K)] 3085144K->1717789K(4178368K), 0.0326670 secs] [Times: user=0.06 sys=0.00, real=0.04 secs] 
2016-02-20T07:18:16.641+0800: 392093.355: [GC [PSYoungGen: 1378768K->10848K(1382528K)] 3083997K->1716345K(4178752K), 0.0305040 secs] [Times: user=0.06 sys=0.00, real=0.03 secs] 
2016-02-20T07:22:01.928+0800: 392318.642: [GC [PSYoungGen: 1377760K->11984K(1382464K)] 3083257K->1717650K(4178688K), 0.0345190 secs] [Times: user=0.05 sys=0.01, real=0.03 secs] 
2016-02-20T07:25:34.791+0800: 392531.506: [GC [PSYoungGen: 1378896K->13376K(1382528K)] 3084562K->1719222K(4178752K), 0.0313400 secs] [Times: user=0.06 sys=0.00, real=0.04 secs] 
2016-02-20T07:29:10.681+0800: 392747.396: [GC [PSYoungGen: 1380608K->13552K(1380800K)] 3086454K->1719587K(4177024K), 0.0348430 secs] [Times: user=0.05 sys=0.00, real=0.03 secs] 
2016-02-20T07:32:33.451+0800: 392950.166: [GC [PSYoungGen: 1380784K->15552K(1380608K)] 3086819K->1721912K(4176832K), 0.0337950 secs] [Times: user=0.06 sys=0.00, real=0.04 secs] 
2016-02-20T07:35:48.169+0800: 393144.883: [GC [PSYoungGen: 1380608K->12624K(1381568K)] 3086968K->1719088K(4177792K), 0.0287810 secs] [Times: user=0.05 sys=0.00, real=0.03 secs] 
2016-02-20T07:38:56.426+0800: 393333.140: [GC [PSYoungGen: 1377680K->15217K(1380864K)] 3084144K->1721918K(4177088K), 0.0310940 secs] [Times: user=0.06 sys=0.00, real=0.03 secs] 
2016-02-20T07:42:00.990+0800: 393517.705: [GC [PSYoungGen: 1379889K->13232K(1381376K)] 3086590K->1720310K(4177600K), 0.0309340 secs] [Times: user=0.06 sys=0.00, real=0.04 secs] 
2016-02-20T07:44:39.443+0800: 393676.158: [GC [PSYoungGen: 1377904K->14304K(1381376K)] 3084982K->1721486K(4177600K), 0.0302630 secs] [Times: user=0.06 sys=0.00, real=0.03 secs] 
2016-02-20T07:47:09.870+0800: 393826.584: [GC [PSYoungGen: 1379232K->13296K(1381504K)] 3086414K->1720675K(4177728K), 0.0328910 secs] [Times: user=0.05 sys=0.00, real=0.04 secs] 
2016-02-20T07:49:47.595+0800: 393984.309: [GC [PSYoungGen: 1378224K->14144K(1381696K)] 3085603K->1721852K(4177920K), 0.0323830 secs] [Times: user=0.06 sys=0.00, real=0.03 secs] 
2016-02-20T07:52:41.798+0800: 394158.513: [GC [PSYoungGen: 1379584K->13312K(1381760K)] 3087292K->1721204K(4177984K), 0.0291480 secs] [Times: user=0.05 sys=0.00, real=0.03 secs] 
2016-02-20T07:55:13.717+0800: 394310.431: [GC [PSYoungGen: 1378752K->12448K(1382208K)] 3086644K->1720513K(4178432K), 0.0289070 secs] [Times: user=0.06 sys=0.00, real=0.03 secs] 
2016-02-20T07:57:40.463+0800: 394457.177: [GC [PSYoungGen: 1378656K->14240K(1382080K)] 3086721K->1722481K(4178304K), 0.0354500 secs] [Times: user=0.05 sys=0.00, real=0.03 secs] 
2016-02-20T08:00:15.819+0800: 394612.533: [GC [PSYoungGen: 1380448K->12992K(1382272K)] 3088689K->1721333K(4178496K), 0.0344400 secs] [Times: user=0.06 sys=0.00, real=0.04 secs] 
2016-02-20T08:02:44.346+0800: 394761.061: [GC [PSYoungGen: 1379264K->15280K(1381568K)] 3087605K->1723789K(4177792K), 0.0313000 secs] [Times: user=0.06 sys=0.00, real=0.03 secs] 
2016-02-20T08:05:09.440+0800: 394906.155: [GC [PSYoungGen: 1381552K->11872K(1381824K)] 3090061K->1720509K(4178048K), 0.0324450 secs] [Times: user=0.07 sys=0.00, real=0.04 secs] 
2016-02-20T08:07:40.097+0800: 395056.811: [GC [PSYoungGen: 1377376K->16224K(1381760K)] 3086013K->1725049K(4177984K), 0.0388860 secs] [Times: user=0.07 sys=0.00, real=0.04 secs] 
2016-02-20T08:09:59.698+0800: 395196.413: [GC [PSYoungGen: 1381728K->13488K(1380864K)] 3090553K->1722554K(4177088K), 0.0333670 secs] [Times: user=0.06 sys=0.00, real=0.03 secs] 
2016-02-20T08:11:59.416+0800: 395316.130: [GC [PSYoungGen: 1378032K->12912K(1381312K)] 3087098K->1722219K(4177536K), 0.0317810 secs] [Times: user=0.06 sys=0.00, real=0.03 secs] 
2016-02-20T08:14:19.501+0800: 395456.216: [GC [PSYoungGen: 1377456K->15264K(1380864K)] 3086763K->1724851K(4177088K), 0.0376490 secs] [Times: user=0.05 sys=0.01, real=0.03 secs] 
2016-02-20T08:16:38.141+0800: 395594.855: [GC [PSYoungGen: 1379552K->14032K(1381184K)] 3089139K->1723804K(4177408K), 0.0347460 secs] [Times: user=0.06 sys=0.00, real=0.03 secs] 
2016-02-20T08:19:01.045+0800: 395737.760: [GC [PSYoungGen: 1378320K->14752K(1381248K)] 3088092K->1724681K(4177472K), 0.0360480 secs] [Times: user=0.07 sys=0.00, real=0.04 secs] 
2016-02-20T08:21:21.753+0800: 395878.467: [GC [PSYoungGen: 1379296K->16032K(1380608K)] 3089225K->1726218K(4176832K), 0.0345450 secs] [Times: user=0.07 sys=0.00, real=0.03 secs] 
2016-02-20T08:23:35.118+0800: 396011.833: [GC [PSYoungGen: 1380576K->16496K(1379648K)] 3090762K->1726987K(4175872K), 0.0354720 secs] [Times: user=0.07 sys=0.00, real=0.03 secs] 
2016-02-20T08:25:20.142+0800: 396116.856: [GC [PSYoungGen: 1378864K->15184K(1380224K)] 3089355K->1725767K(4176448K), 0.0337880 secs] [Times: user=0.06 sys=0.00, real=0.04 secs] 
2016-02-20T08:27:25.833+0800: 396242.547: [GC [PSYoungGen: 1377552K->14432K(1380544K)] 3088135K->1725252K(4176768K), 0.0335260 secs] [Times: user=0.06 sys=0.00, real=0.03 secs] 
2016-02-20T08:29:16.582+0800: 396353.296: [GC [PSYoungGen: 1377120K->14848K(1380224K)] 3087940K->1725861K(4176448K), 0.0353440 secs] [Times: user=0.06 sys=0.00, real=0.04 secs] 
2016-02-20T08:30:53.167+0800: 396449.881: [GC [PSYoungGen: 1377536K->12961K(1380736K)] 3088549K->1724254K(4176960K), 0.0311770 secs] [Times: user=0.06 sys=0.00, real=0.04 secs] 
2016-02-20T08:32:44.393+0800: 396561.107: [GC [PSYoungGen: 1376289K->15424K(1378816K)] 3087582K->1727063K(4175040K), 0.0396680 secs] [Times: user=0.06 sys=0.00, real=0.04 secs] 
2016-02-20T08:34:13.396+0800: 396650.110: [GC [PSYoungGen: 1378752K->15056K(1380672K)] 3090391K->1727143K(4176896K), 0.0375850 secs] [Times: user=0.06 sys=0.01, real=0.04 secs] 
2016-02-20T08:35:45.561+0800: 396742.275: [GC [PSYoungGen: 1378256K->11312K(1374528K)] 3090343K->1723660K(4170752K), 0.0281640 secs] [Times: user=0.06 sys=0.00, real=0.03 secs] 
2016-02-20T08:37:44.974+0800: 396861.688: [GC [PSYoungGen: 1374512K->16448K(1379392K)] 3086860K->1729017K(4175616K), 0.0384800 secs] [Times: user=0.07 sys=0.00, real=0.04 secs] 
2016-02-20T08:39:22.618+0800: 396959.332: [GC [PSYoungGen: 1378176K->14480K(1379904K)] 3090745K->1727297K(4176128K), 0.0342190 secs] [Times: user=0.06 sys=0.00, real=0.03 secs] 
2016-02-20T08:40:58.377+0800: 397055.092: [GC [PSYoungGen: 1376208K->15120K(1380352K)] 3089025K->1728069K(4176576K), 0.0359180 secs] [Times: user=0.06 sys=0.00, real=0.04 secs] 
2016-02-20T08:42:55.118+0800: 397171.833: [GC [PSYoungGen: 1377680K->16192K(1378816K)] 3090629K->1729377K(4175040K), 0.0347260 secs] [Times: user=0.06 sys=0.01, real=0.04 secs] 
2016-02-20T08:44:45.781+0800: 397282.495: [GC [PSYoungGen: 1378752K->15392K(1380096K)] 3091937K->1728945K(4176320K), 0.0331130 secs] [Times: user=0.06 sys=0.00, real=0.03 secs] 
2016-02-20T08:46:21.742+0800: 397378.456: [GC [PSYoungGen: 1377440K->12656K(1380032K)] 3090993K->1726342K(4176256K), 0.0332600 secs] [Times: user=0.06 sys=0.00, real=0.03 secs] 
2016-02-20T08:48:06.776+0800: 397483.490: [GC [PSYoungGen: 1374704K->18016K(1377856K)] 3088390K->1732158K(4174080K), 0.0374070 secs] [Times: user=0.07 sys=0.00, real=0.04 secs] 
2016-02-20T08:49:59.867+0800: 397596.582: [GC [PSYoungGen: 1377824K->17216K(1377024K)] 3091966K->1731611K(4173248K), 0.0388450 secs] [Times: user=0.07 sys=0.00, real=0.04 secs] 
2016-02-20T08:51:35.293+0800: 397692.007: [GC [PSYoungGen: 1377024K->13968K(1378752K)] 3091419K->1728451K(4174976K), 0.0358350 secs] [Times: user=0.07 sys=0.00, real=0.04 secs] 
2016-02-20T08:53:26.403+0800: 397803.117: [GC [PSYoungGen: 1373136K->16823K(1378496K)] 3087619K->1731666K(4174720K), 0.0362560 secs] [Times: user=0.07 sys=0.00, real=0.04 secs] 
2016-02-20T08:54:59.068+0800: 397895.783: [GC [PSYoungGen: 1375991K->13680K(1378688K)] 3090834K->1728663K(4174912K), 0.0354060 secs] [Times: user=0.07 sys=0.00, real=0.03 secs] 
2016-02-20T08:56:38.495+0800: 397995.210: [GC [PSYoungGen: 1372784K->15808K(1378496K)] 3087767K->1731060K(4174720K), 0.0345890 secs] [Times: user=0.06 sys=0.01, real=0.03 secs] 
2016-02-20T08:58:14.974+0800: 398091.689: [GC [PSYoungGen: 1374912K->17745K(1377792K)] 3090164K->1733197K(4174016K), 0.0363290 secs] [Times: user=0.07 sys=0.00, real=0.04 secs] 
2016-02-20T08:59:55.512+0800: 398192.226: [GC [PSYoungGen: 1376273K->16608K(1375168K)] 3091725K->1732406K(4171392K), 0.0373740 secs] [Times: user=0.07 sys=0.00, real=0.04 secs] 
2016-02-20T09:01:28.481+0800: 398285.196: [GC [PSYoungGen: 1375136K->15424K(1378688K)] 3090934K->1731383K(4174912K), 0.0399360 secs] [Times: user=0.07 sys=0.00, real=0.04 secs] 
2016-02-20T09:03:09.988+0800: 398386.702: [GC [PSYoungGen: 1374272K->16384K(1378240K)] 3090231K->1732684K(4174464K), 0.0502460 secs] [Times: user=0.08 sys=0.01, real=0.05 secs] 
2016-02-20T09:04:45.124+0800: 398481.838: [GC [PSYoungGen: 1375232K->16128K(1378880K)] 3091532K->1732703K(4175104K), 0.0337650 secs] [Times: user=0.05 sys=0.00, real=0.03 secs] 
2016-02-20T09:06:08.774+0800: 398565.489: [GC [PSYoungGen: 1375680K->15238K(1378752K)] 3092255K->1731986K(4174976K), 0.0784780 secs] [Times: user=0.10 sys=0.00, real=0.08 secs] 
2016-02-20T09:07:39.579+0800: 398656.293: [GC [PSYoungGen: 1374790K->15664K(1379520K)] 3091538K->1732532K(4175744K), 0.0402490 secs] [Times: user=0.06 sys=0.00, real=0.04 secs] 
2016-02-20T09:08:57.582+0800: 398734.296: [GC [PSYoungGen: 1376304K->17616K(1378304K)] 3093172K->1734720K(4174528K), 0.0384920 secs] [Times: user=0.06 sys=0.00, real=0.04 secs] 
2016-02-20T09:10:21.181+0800: 398817.896: [GC [PSYoungGen: 1378256K->16672K(1379072K)] 3095360K->1734161K(4175296K), 0.0388240 secs] [Times: user=0.07 sys=0.00, real=0.04 secs] 
2016-02-20T09:11:41.718+0800: 398898.433: [GC [PSYoungGen: 1376736K->15728K(1379072K)] 3094225K->1733317K(4175296K), 0.0394670 secs] [Times: user=0.07 sys=0.00, real=0.04 secs] 
2016-02-20T09:13:02.784+0800: 398979.498: [GC [PSYoungGen: 1375792K->16320K(1379456K)] 3093381K->1734146K(4175680K), 0.0398650 secs] [Times: user=0.06 sys=0.01, real=0.04 secs] 
2016-02-20T09:14:31.026+0800: 399067.741: [GC [PSYoungGen: 1377024K->14560K(1379328K)] 3094850K->1732710K(4175552K), 0.0348410 secs] [Times: user=0.07 sys=0.00, real=0.03 secs] 
2016-02-20T09:15:57.252+0800: 399153.966: [GC [PSYoungGen: 1375264K->15664K(1379712K)] 3093414K->1734047K(4175936K), 0.0407420 secs] [Times: user=0.07 sys=0.01, real=0.04 secs] 
2016-02-20T09:17:23.785+0800: 399240.500: [GC [PSYoungGen: 1376752K->15872K(1379456K)] 3095135K->1734491K(4175680K), 0.0438650 secs] [Times: user=0.07 sys=0.01, real=0.04 secs] 
2016-02-20T09:18:54.190+0800: 399330.905: [GC [PSYoungGen: 1376960K->16592K(1379840K)] 3095579K->1735475K(4176064K), 0.0388270 secs] [Times: user=0.07 sys=0.00, real=0.04 secs] 
2016-02-20T09:20:14.820+0800: 399411.534: [GC [PSYoungGen: 1378320K->15280K(1379904K)] 3097203K->1734315K(4176128K), 0.0352910 secs] [Times: user=0.06 sys=0.00, real=0.04 secs] 
2016-02-20T09:21:35.217+0800: 399491.931: [GC [PSYoungGen: 1377008K->18031K(1377344K)] 3096043K->1739013K(4173568K), 0.0422620 secs] [Times: user=0.08 sys=0.01, real=0.04 secs] 
2016-02-20T09:22:52.105+0800: 399568.819: [GC [PSYoungGen: 1377327K->17824K(1377152K)] 3098309K->1739018K(4173376K), 0.0382530 secs] [Times: user=0.05 sys=0.01, real=0.04 secs] 
2016-02-20T09:24:24.069+0800: 399660.783: [GC [PSYoungGen: 1377120K->18080K(1377792K)] 3098314K->1739430K(4174016K), 0.0399210 secs] [Times: user=0.07 sys=0.01, real=0.04 secs] 
2016-02-20T09:25:36.060+0800: 399732.775: [GC [PSYoungGen: 1376224K->14032K(1372224K)] 3097574K->1735730K(4168448K), 0.0331780 secs] [Times: user=0.06 sys=0.00, real=0.03 secs] 
2016-02-20T09:26:53.348+0800: 399810.062: [GC [PSYoungGen: 1372176K->15408K(1378240K)] 3093874K->1737414K(4174464K), 0.0328850 secs] [Times: user=0.06 sys=0.00, real=0.03 secs] 
2016-02-20T09:28:07.852+0800: 399884.567: [GC [PSYoungGen: 1373616K->14816K(1378048K)] 3095622K->1737051K(4174272K), 0.0341120 secs] [Times: user=0.05 sys=0.00, real=0.03 secs] 
2016-02-20T09:29:17.529+0800: 399954.243: [GC [PSYoungGen: 1373024K->14496K(1378432K)] 3095259K->1736803K(4174656K), 0.0344510 secs] [Times: user=0.06 sys=0.00, real=0.03 secs] 
2016-02-20T09:30:40.297+0800: 400037.011: [GC [PSYoungGen: 1373216K->15488K(1378368K)] 3095523K->1738076K(4174592K), 0.0357810 secs] [Times: user=0.06 sys=0.00, real=0.04 secs] 
2016-02-20T09:32:06.673+0800: 400123.387: [GC [PSYoungGen: 1374208K->16544K(1378816K)] 3096796K->1739359K(4175040K), 0.0392720 secs] [Times: user=0.07 sys=0.00, real=0.04 secs] 
2016-02-20T09:33:26.426+0800: 400203.140: [GC [PSYoungGen: 1376032K->17457K(1376960K)] 3098847K->1740493K(4173184K), 0.0364100 secs] [Times: user=0.07 sys=0.00, real=0.03 secs] 
2016-02-20T09:34:41.705+0800: 400278.420: [GC [PSYoungGen: 1376945K->16161K(1378944K)] 3099981K->1739529K(4175168K), 0.0367840 secs] [Times: user=0.06 sys=0.00, real=0.04 secs] 
2016-02-20T09:35:52.897+0800: 400349.611: [GC [PSYoungGen: 1375649K->12688K(1378624K)] 3099017K->1736394K(4174848K), 0.0330600 secs] [Times: user=0.05 sys=0.00, real=0.03 secs] 
2016-02-20T09:37:09.791+0800: 400426.506: [GC [PSYoungGen: 1372176K->16585K(1378688K)] 3095882K->1740455K(4174912K), 0.0360110 secs] [Times: user=0.07 sys=0.00, real=0.03 secs] 
2016-02-20T09:38:22.374+0800: 400499.089: [GC [PSYoungGen: 1375817K->16336K(1378624K)] 3099687K->1740479K(4174848K), 0.0358110 secs] [Times: user=0.07 sys=0.00, real=0.03 secs] 
2016-02-20T09:39:42.417+0800: 400579.131: [GC [PSYoungGen: 1375568K->16656K(1378944K)] 3099711K->1741155K(4175168K), 0.0362160 secs] [Times: user=0.06 sys=0.00, real=0.04 secs] 
2016-02-20T09:40:54.867+0800: 400651.581: [GC [PSYoungGen: 1376400K->15024K(1378880K)] 3100899K->1739671K(4175104K), 0.0322440 secs] [Times: user=0.06 sys=0.00, real=0.03 secs] 
2016-02-20T09:42:04.018+0800: 400720.732: [GC [PSYoungGen: 1374768K->15600K(1379328K)] 3099415K->1740624K(4175552K), 0.0379160 secs] [Times: user=0.07 sys=0.00, real=0.04 secs] 
2016-02-20T09:43:16.886+0800: 400793.600: [GC [PSYoungGen: 1375920K->17168K(1379072K)] 3100944K->1742504K(4175296K), 0.0373850 secs] [Times: user=0.06 sys=0.00, real=0.03 secs] 
2016-02-20T09:44:31.886+0800: 400868.600: [GC [PSYoungGen: 1377488K->15056K(1379264K)] 3102824K->1740520K(4175488K), 0.0334840 secs] [Times: user=0.07 sys=0.00, real=0.03 secs] 
2016-02-20T09:45:44.203+0800: 400940.918: [GC [PSYoungGen: 1375376K->17616K(1377984K)] 3100840K->1743441K(4174208K), 0.0366250 secs] [Times: user=0.07 sys=0.00, real=0.04 secs] 
2016-02-20T09:47:07.393+0800: 401024.107: [GC [PSYoungGen: 1377936K->17424K(1378560K)] 3103761K->1743546K(4174784K), 0.0471160 secs] [Times: user=0.09 sys=0.00, real=0.05 secs] 
2016-02-20T09:48:21.313+0800: 401098.027: [GC [PSYoungGen: 1376848K->15584K(1378752K)] 3102970K->1741971K(4174976K), 0.0389090 secs] [Times: user=0.07 sys=0.00, real=0.04 secs] 
2016-02-20T09:49:28.242+0800: 401164.956: [GC [PSYoungGen: 1375008K->14736K(1379008K)] 3101395K->1741307K(4175232K), 0.0407520 secs] [Times: user=0.06 sys=0.00, real=0.04 secs] 
2016-02-20T09:50:43.333+0800: 401240.048: [GC [PSYoungGen: 1374608K->16848K(1378944K)] 3101179K->1743708K(4175168K), 0.0370860 secs] [Times: user=0.06 sys=0.00, real=0.04 secs] 
2016-02-20T09:51:51.898+0800: 401308.613: [GC [PSYoungGen: 1376720K->15888K(1379264K)] 3103580K->1743065K(4175488K), 0.0357740 secs] [Times: user=0.06 sys=0.00, real=0.04 secs] 
2016-02-20T09:53:04.368+0800: 401381.083: [GC [PSYoungGen: 1376080K->15024K(1379008K)] 3103257K->1742489K(4175232K), 0.0328170 secs] [Times: user=0.06 sys=0.00, real=0.03 secs] 
2016-02-20T09:54:13.941+0800: 401450.655: [GC [PSYoungGen: 1375216K->16928K(1379200K)] 3102681K->1744574K(4175424K), 0.0379660 secs] [Times: user=0.06 sys=0.00, real=0.04 secs] 
2016-02-20T09:55:19.965+0800: 401516.679: [GC [PSYoungGen: 1377376K->14272K(1374784K)] 3105022K->1742066K(4171008K), 0.0411420 secs] [Times: user=0.05 sys=0.00, real=0.04 secs] 
2016-02-20T09:56:25.166+0800: 401581.881: [GC [PSYoungGen: 1374720K->15584K(1379456K)] 3102514K->1743558K(4175680K), 0.0358720 secs] [Times: user=0.07 sys=0.00, real=0.04 secs] 
2016-02-20T09:57:32.481+0800: 401649.196: [GC [PSYoungGen: 1376160K->15136K(1379200K)] 3104134K->1743390K(4175424K), 0.0320610 secs] [Times: user=0.07 sys=0.00, real=0.03 secs] 
2016-02-20T09:58:46.681+0800: 401723.395: [GC [PSYoungGen: 1375712K->17024K(1379264K)] 3103966K->1745431K(4175488K), 0.0359000 secs] [Times: user=0.07 sys=0.00, real=0.04 secs] 
2016-02-20T09:59:55.021+0800: 401791.736: [GC [PSYoungGen: 1377856K->16544K(1379456K)] 3106263K->1745143K(4175680K), 0.0369870 secs] [Times: user=0.06 sys=0.00, real=0.04 secs] 
2016-02-20T10:00:59.631+0800: 401856.346: [GC [PSYoungGen: 1377376K->15216K(1379584K)] 3105975K->1744016K(4175808K), 0.0373330 secs] [Times: user=0.07 sys=0.00, real=0.04 secs] 
2016-02-20T10:01:45.855+0800: 401902.570: [GC [PSYoungGen: 1376176K->12848K(1373824K)] 3104976K->1742140K(4170048K), 0.0294520 secs] [Times: user=0.06 sys=0.00, real=0.03 secs] 
2016-02-20T10:02:35.314+0800: 401952.029: [GC [PSYoungGen: 1373808K->13760K(1379328K)] 3103100K->1743172K(4175552K), 0.0318720 secs] [Times: user=0.06 sys=0.00, real=0.03 secs] 
2016-02-20T10:03:28.552+0800: 402005.266: [GC [PSYoungGen: 1374336K->14512K(1379328K)] 3103748K->1744184K(4175552K), 0.0341330 secs] [Times: user=0.06 sys=0.00, real=0.03 secs] 
2016-02-20T10:04:26.595+0800: 402063.309: [GC [PSYoungGen: 1375088K->14976K(1379776K)] 3104760K->1745140K(4176000K), 0.0380790 secs] [Times: user=0.06 sys=0.00, real=0.04 secs] 
2016-02-20T10:05:22.026+0800: 402118.740: [GC [PSYoungGen: 1376192K->14944K(1379520K)] 3106356K->1745244K(4175744K), 0.0353320 secs] [Times: user=0.06 sys=0.00, real=0.03 secs] 
2016-02-20T10:06:18.287+0800: 402175.002: [GC [PSYoungGen: 1376160K->17632K(1378752K)] 3106460K->1748128K(4174976K), 0.0386780 secs] [Times: user=0.08 sys=0.00, real=0.04 secs] 
2016-02-20T10:07:06.837+0800: 402223.551: [GC [PSYoungGen: 1378336K->17632K(1378368K)] 3108832K->1748324K(4174592K), 0.0397290 secs] [Times: user=0.07 sys=0.00, real=0.04 secs] 
2016-02-20T10:07:45.939+0800: 402262.654: [GC [PSYoungGen: 1378336K->19104K(1376384K)] 3109028K->1750701K(4172608K), 0.0511070 secs] [Times: user=0.09 sys=0.00, real=0.05 secs] 
2016-02-20T10:08:21.918+0800: 402298.632: [GC [PSYoungGen: 1376352K->20384K(1377664K)] 3107949K->1753334K(4173888K), 0.0466130 secs] [Times: user=0.08 sys=0.00, real=0.05 secs] 
2016-02-20T10:08:49.722+0800: 402326.436: [GC [PSYoungGen: 1377632K->20416K(1372288K)] 3110582K->1753935K(4168512K), 0.0412590 secs] [Times: user=0.07 sys=0.00, real=0.04 secs] 
2016-02-20T10:09:30.115+0800: 402366.829: [GC [PSYoungGen: 1372288K->22064K(1373952K)] 3105807K->1755759K(4170176K), 0.0490420 secs] [Times: user=0.08 sys=0.00, real=0.05 secs] 
2016-02-20T10:10:13.693+0800: 402410.407: [GC [PSYoungGen: 1373936K->16656K(1374272K)] 3107631K->1750699K(4170496K), 0.0376140 secs] [Times: user=0.06 sys=0.01, real=0.04 secs] 
2016-02-20T10:11:01.515+0800: 402458.230: [GC [PSYoungGen: 1366800K->18609K(1373952K)] 3100843K->1752777K(4170176K), 0.0414680 secs] [Times: user=0.07 sys=0.00, real=0.04 secs] 
2016-02-20T10:11:51.170+0800: 402507.884: [GC [PSYoungGen: 1368753K->16928K(1374976K)] 3102921K->1751312K(4171200K), 0.0374080 secs] [Times: user=0.07 sys=0.00, real=0.03 secs] 
2016-02-20T10:12:41.659+0800: 402558.373: [GC [PSYoungGen: 1368288K->16304K(1374464K)] 3102672K->1750960K(4170688K), 0.0353050 secs] [Times: user=0.07 sys=0.00, real=0.03 secs] 
2016-02-20T10:13:33.424+0800: 402610.138: [GC [PSYoungGen: 1367664K->17488K(1375808K)] 3102320K->1752300K(4172032K), 0.0372880 secs] [Times: user=0.07 sys=0.00, real=0.04 secs] 
2016-02-20T10:14:21.628+0800: 402658.342: [GC [PSYoungGen: 1370512K->15408K(1375296K)] 3105324K->1750316K(4171520K), 0.0407060 secs] [Times: user=0.08 sys=0.00, real=0.05 secs] 
2016-02-20T10:15:12.909+0800: 402709.624: [GC [PSYoungGen: 1368432K->16128K(1376256K)] 3103340K->1751265K(4172480K), 0.0343580 secs] [Times: user=0.06 sys=0.00, real=0.04 secs] 
2016-02-20T10:16:00.074+0800: 402756.789: [GC [PSYoungGen: 1370240K->16864K(1375936K)] 3105377K->1752141K(4172160K), 0.0366180 secs] [Times: user=0.06 sys=0.00, real=0.03 secs] 
2016-02-20T10:16:49.558+0800: 402806.272: [GC [PSYoungGen: 1370976K->16768K(1377024K)] 3106253K->1752333K(4173248K), 0.0366430 secs] [Times: user=0.06 sys=0.00, real=0.04 secs] 
2016-02-20T10:17:45.058+0800: 402861.772: [GC [PSYoungGen: 1372352K->17072K(1376640K)] 3107917K->1752785K(4172864K), 0.0455430 secs] [Times: user=0.08 sys=0.00, real=0.04 secs] 
2016-02-20T10:18:44.118+0800: 402920.833: [GC [PSYoungGen: 1372656K->17376K(1377664K)] 3108369K->1753270K(4173888K), 0.0363890 secs] [Times: user=0.06 sys=0.00, real=0.04 secs] 
2016-02-20T10:19:43.755+0800: 402980.469: [GC [PSYoungGen: 1374368K->18096K(1377408K)] 3110262K->1754390K(4173632K), 0.0400050 secs] [Times: user=0.06 sys=0.01, real=0.04 secs] 
2016-02-20T10:20:36.252+0800: 403032.967: [GC [PSYoungGen: 1375088K->16848K(1377920K)] 3111382K->1753522K(4174144K), 0.0413180 secs] [Times: user=0.06 sys=0.01, real=0.04 secs] 
2016-02-20T10:21:28.918+0800: 403085.632: [GC [PSYoungGen: 1374288K->15840K(1377600K)] 3110962K->1752706K(4173824K), 0.0357580 secs] [Times: user=0.06 sys=0.00, real=0.04 secs] 
2016-02-20T10:22:29.254+0800: 403145.968: [GC [PSYoungGen: 1373280K->20064K(1374912K)] 3110146K->1758867K(4171136K), 0.0428320 secs] [Times: user=0.08 sys=0.00, real=0.04 secs] 
2016-02-20T10:23:27.637+0800: 403204.352: [GC [PSYoungGen: 1374880K->17264K(1376448K)] 3113683K->1756341K(4172672K), 0.0444580 secs] [Times: user=0.07 sys=0.00, real=0.04 secs] 
2016-02-20T10:24:21.871+0800: 403258.586: [GC [PSYoungGen: 1372080K->16624K(1377024K)] 3111157K->1755886K(4173248K), 0.0347870 secs] [Times: user=0.06 sys=0.00, real=0.04 secs] 
2016-02-20T10:25:16.178+0800: 403312.892: [GC [PSYoungGen: 1372336K->17728K(1376768K)] 3111598K->1757182K(4172992K), 0.0489410 secs] [Times: user=0.10 sys=0.01, real=0.04 secs] 
2016-02-20T10:26:09.597+0800: 403366.311: [GC [PSYoungGen: 1373440K->14176K(1376768K)] 3112894K->1753891K(4172992K), 0.0367900 secs] [Times: user=0.07 sys=0.00, real=0.03 secs] 
2016-02-20T10:27:01.613+0800: 403418.327: [GC [PSYoungGen: 1370066K->15789K(1377024K)] 3109781K->1755640K(4173248K), 0.0393620 secs] [Times: user=0.07 sys=0.00, real=0.04 secs] 
2016-02-20T10:27:55.210+0800: 403471.925: [GC [PSYoungGen: 1371757K->17168K(1377536K)] 3111608K->1757300K(4173760K), 0.0399740 secs] [Times: user=0.07 sys=0.00, real=0.04 secs] 
2016-02-20T10:28:53.193+0800: 403529.908: [GC [PSYoungGen: 1373840K->19120K(1375808K)] 3113972K->1759428K(4172032K), 0.0411770 secs] [Times: user=0.06 sys=0.00, real=0.04 secs] 
2016-02-20T10:29:46.968+0800: 403583.682: [GC [PSYoungGen: 1375792K->15392K(1377152K)] 3116100K->1756040K(4173376K), 0.0360240 secs] [Times: user=0.06 sys=0.00, real=0.04 secs] 
2016-02-20T10:30:38.773+0800: 403635.487: [GC [PSYoungGen: 1371552K->14529K(1377088K)] 3112200K->1755334K(4173312K), 0.0326120 secs] [Times: user=0.06 sys=0.00, real=0.03 secs] 
2016-02-20T10:31:32.326+0800: 403689.040: [GC [PSYoungGen: 1370689K->17584K(1377216K)] 3111494K->1758496K(4173440K), 0.0395170 secs] [Times: user=0.06 sys=0.00, real=0.04 secs] 
2016-02-20T10:32:26.477+0800: 403743.192: [GC [PSYoungGen: 1373808K->15984K(1377088K)] 3114720K->1757137K(4173312K), 0.0373510 secs] [Times: user=0.07 sys=0.00, real=0.04 secs] 
2016-02-20T10:33:16.307+0800: 403793.021: [GC [PSYoungGen: 1372208K->14784K(1377536K)] 3113361K->1756205K(4173760K), 0.0337520 secs] [Times: user=0.06 sys=0.00, real=0.04 secs] 
2016-02-20T10:34:12.282+0800: 403848.997: [GC [PSYoungGen: 1371712K->16880K(1377472K)] 3113133K->1758441K(4173696K), 0.0361200 secs] [Times: user=0.06 sys=0.00, real=0.04 secs] 
2016-02-20T10:35:02.758+0800: 403899.473: [GC [PSYoungGen: 1373808K->16320K(1378112K)] 3115369K->1758238K(4174336K), 0.0358590 secs] [Times: user=0.06 sys=0.00, real=0.04 secs] 
2016-02-20T10:35:55.869+0800: 403952.583: [GC [PSYoungGen: 1374144K->16672K(1377792K)] 3116062K->1758951K(4174016K), 0.0356260 secs] [Times: user=0.06 sys=0.00, real=0.03 secs] 
2016-02-20T10:36:54.819+0800: 404011.534: [GC [PSYoungGen: 1374496K->18512K(1377536K)] 3116775K->1761191K(4173760K), 0.0413420 secs] [Times: user=0.08 sys=0.00, real=0.04 secs] 
2016-02-20T10:37:47.357+0800: 404064.071: [GC [PSYoungGen: 1376400K->14800K(1377984K)] 3119079K->1757732K(4174208K), 0.0383220 secs] [Times: user=0.08 sys=0.00, real=0.04 secs] 
2016-02-20T10:38:44.439+0800: 404121.154: [GC [PSYoungGen: 1372688K->16736K(1378304K)] 3115620K->1759949K(4174528K), 0.0346640 secs] [Times: user=0.06 sys=0.00, real=0.03 secs] 
2016-02-20T10:39:42.269+0800: 404178.984: [GC [PSYoungGen: 1374944K->17488K(1377984K)] 3118157K->1760990K(4174208K), 0.0374920 secs] [Times: user=0.07 sys=0.00, real=0.04 secs] 
2016-02-20T10:40:36.055+0800: 404232.769: [GC [PSYoungGen: 1375696K->15072K(1378304K)] 3119198K->1759059K(4174528K), 0.0325180 secs] [Times: user=0.07 sys=0.00, real=0.03 secs] 
2016-02-20T10:41:34.459+0800: 404291.174: [GC [PSYoungGen: 1373600K->15008K(1378304K)] 3117587K->1759175K(4174528K), 0.0331300 secs] [Times: user=0.06 sys=0.00, real=0.03 secs] 
2016-02-20T10:42:30.107+0800: 404346.821: [GC [PSYoungGen: 1373536K->17216K(1378368K)] 3117703K->1761479K(4174592K), 0.0362530 secs] [Times: user=0.07 sys=0.00, real=0.03 secs] 
2016-02-20T10:43:26.957+0800: 404403.672: [GC [PSYoungGen: 1375872K->16000K(1378368K)] 3120135K->1760424K(4174592K), 0.0392960 secs] [Times: user=0.07 sys=0.00, real=0.04 secs] 
2016-02-20T10:44:21.386+0800: 404458.100: [GC [PSYoungGen: 1374656K->16704K(1378816K)] 3119080K->1761541K(4175040K), 0.0386890 secs] [Times: user=0.07 sys=0.00, real=0.04 secs] 
2016-02-20T10:45:15.468+0800: 404512.183: [GC [PSYoungGen: 1376064K->14640K(1378624K)] 3120901K->1759769K(4174848K), 0.0321800 secs] [Times: user=0.06 sys=0.00, real=0.03 secs] 
2016-02-20T10:46:05.877+0800: 404562.591: [GC [PSYoungGen: 1374000K->15888K(1379008K)] 3119129K->1761245K(4175232K), 0.0425160 secs] [Times: user=0.07 sys=0.00, real=0.04 secs] 
2016-02-20T10:47:11.575+0800: 404628.289: [GC [PSYoungGen: 1375632K->18448K(1378240K)] 3120989K->1764150K(4174464K), 0.0372150 secs] [Times: user=0.07 sys=0.00, real=0.04 secs] 
2016-02-20T10:48:06.010+0800: 404682.725: [GC [PSYoungGen: 1378192K->15936K(1378688K)] 3123894K->1761915K(4174912K), 0.0344530 secs] [Times: user=0.06 sys=0.00, real=0.04 secs] 
2016-02-20T10:49:02.289+0800: 404739.003: [GC [PSYoungGen: 1375040K->16656K(1378496K)] 3121019K->1762967K(4174720K), 0.0398470 secs] [Times: user=0.07 sys=0.00, real=0.04 secs] 
2016-02-20T10:49:55.531+0800: 404792.245: [GC [PSYoungGen: 1375760K->14800K(1378880K)] 3122071K->1761336K(4175104K), 0.0338460 secs] [Times: user=0.06 sys=0.01, real=0.04 secs] 
2016-02-20T10:50:53.236+0800: 404849.951: [GC [PSYoungGen: 1374480K->15888K(1378880K)] 3121016K->1762660K(4175104K), 0.0373490 secs] [Times: user=0.06 sys=0.00, real=0.04 secs] 
2016-02-20T10:51:49.992+0800: 404906.706: [GC [PSYoungGen: 1375568K->16224K(1379392K)] 3122340K->1763148K(4175616K), 0.0361590 secs] [Times: user=0.07 sys=0.00, real=0.04 secs] 
2016-02-20T10:52:44.207+0800: 404960.921: [GC [PSYoungGen: 1376672K->18567K(1379072K)] 3123596K->1765712K(4175296K), 0.0374110 secs] [Times: user=0.07 sys=0.00, real=0.04 secs] 
2016-02-20T10:53:47.569+0800: 405024.283: [GC [PSYoungGen: 1379015K->16288K(1378944K)] 3126160K->1764034K(4175168K), 0.0351180 secs] [Times: user=0.06 sys=0.00, real=0.04 secs] 
2016-02-20T10:54:41.728+0800: 405078.442: [GC [PSYoungGen: 1376224K->17312K(1377280K)] 3123970K->1765354K(4173504K), 0.0377460 secs] [Times: user=0.07 sys=0.00, real=0.04 secs] 
2016-02-20T10:55:30.119+0800: 405126.833: [GC [PSYoungGen: 1377248K->12800K(1378176K)] 3125290K->1760954K(4174400K), 0.0336520 secs] [Times: user=0.06 sys=0.00, real=0.03 secs] 
2016-02-20T10:56:26.606+0800: 405183.321: [GC [PSYoungGen: 1371840K->16992K(1378560K)] 3119994K->1765551K(4174784K), 0.0380090 secs] [Times: user=0.07 sys=0.00, real=0.04 secs] 
2016-02-20T10:57:17.460+0800: 405234.174: [GC [PSYoungGen: 1376032K->16432K(1378880K)] 3124591K->1765079K(4175104K), 0.0366370 secs] [Times: user=0.06 sys=0.00, real=0.04 secs] 
2016-02-20T10:58:09.049+0800: 405285.764: [GC [PSYoungGen: 1375856K->15728K(1378624K)] 3124503K->1764644K(4174848K), 0.0379970 secs] [Times: user=0.07 sys=0.00, real=0.04 secs] 
2016-02-20T10:59:11.845+0800: 405348.559: [GC [PSYoungGen: 1375152K->17728K(1378432K)] 3124068K->1766844K(4174656K), 0.0398900 secs] [Times: user=0.07 sys=0.00, real=0.04 secs] 
2016-02-20T11:00:08.915+0800: 405405.630: [GC [PSYoungGen: 1377152K->16704K(1378752K)] 3126268K->1766009K(4174976K), 0.0396470 secs] [Times: user=0.06 sys=0.00, real=0.04 secs] 
2016-02-20T11:01:05.486+0800: 405462.201: [GC [PSYoungGen: 1376128K->15552K(1379072K)] 3125433K->1765162K(4175296K), 0.0387970 secs] [Times: user=0.07 sys=0.00, real=0.04 secs] 
2016-02-20T11:01:59.755+0800: 405516.469: [GC [PSYoungGen: 1375488K->16672K(1378944K)] 3125098K->1766762K(4175168K), 0.0379220 secs] [Times: user=0.06 sys=0.00, real=0.04 secs] 
2016-02-20T11:02:58.113+0800: 405574.827: [GC [PSYoungGen: 1376608K->17232K(1379072K)] 3126698K->1767574K(4175296K), 0.0383420 secs] [Times: user=0.07 sys=0.00, real=0.04 secs] 
2016-02-20T11:03:53.316+0800: 405630.030: [GC [PSYoungGen: 1377424K->16225K(1379136K)] 3127766K->1766695K(4175360K), 0.0349120 secs] [Times: user=0.06 sys=0.01, real=0.03 secs] 
2016-02-20T11:04:44.279+0800: 405680.993: [GC [PSYoungGen: 1376417K->17493K(1378944K)] 3126887K->1768393K(4175168K), 0.0364240 secs] [Times: user=0.07 sys=0.00, real=0.04 secs] 
2016-02-20T11:05:37.284+0800: 405733.999: [GC [PSYoungGen: 1377685K->16016K(1379136K)] 3128585K->1767172K(4175360K), 0.0349440 secs] [Times: user=0.06 sys=0.01, real=0.04 secs] 
2016-02-20T11:06:31.685+0800: 405788.399: [GC [PSYoungGen: 1376208K->16496K(1379520K)] 3127364K->1767876K(4175744K), 0.0402720 secs] [Times: user=0.07 sys=0.00, real=0.04 secs] 
2016-02-20T11:07:28.001+0800: 405844.715: [GC [PSYoungGen: 1377264K->16464K(1379328K)] 3128644K->1768036K(4175552K), 0.0429790 secs] [Times: user=0.07 sys=0.00, real=0.04 secs] 
2016-02-20T11:08:22.290+0800: 405899.004: [GC [PSYoungGen: 1377232K->15232K(1379712K)] 3128804K->1767149K(4175936K), 0.0343040 secs] [Times: user=0.06 sys=0.00, real=0.03 secs] 
2016-02-20T11:09:13.393+0800: 405950.107: [GC [PSYoungGen: 1376576K->17200K(1378560K)] 3128493K->1769297K(4174784K), 0.0437080 secs] [Times: user=0.08 sys=0.00, real=0.04 secs] 
2016-02-20T11:10:04.475+0800: 406001.189: [GC [PSYoungGen: 1378544K->16624K(1379712K)] 3130641K->1769025K(4175936K), 0.0418600 secs] [Times: user=0.07 sys=0.00, real=0.04 secs] 
2016-02-20T11:10:59.942+0800: 406056.657: [GC [PSYoungGen: 1377840K->15456K(1379584K)] 3130241K->1768073K(4175808K), 0.0367810 secs] [Times: user=0.07 sys=0.00, real=0.04 secs] 
2016-02-20T11:11:59.169+0800: 406115.883: [GC [PSYoungGen: 1376672K->17712K(1379200K)] 3129289K->1770484K(4175424K), 0.0478210 secs] [Times: user=0.07 sys=0.00, real=0.05 secs] 
2016-02-20T11:12:56.377+0800: 406173.092: [GC [PSYoungGen: 1378544K->16832K(1379456K)] 3131316K->1769781K(4175680K), 0.0386290 secs] [Times: user=0.06 sys=0.00, real=0.04 secs] 
2016-02-20T11:13:53.094+0800: 406229.808: [GC [PSYoungGen: 1377664K->17152K(1379392K)] 3130613K->1770634K(4175616K), 0.0430920 secs] [Times: user=0.07 sys=0.00, real=0.05 secs] 
2016-02-20T11:14:53.018+0800: 406289.732: [GC [PSYoungGen: 1377984K->16864K(1379456K)] 3131466K->1770522K(4175680K), 0.0395850 secs] [Times: user=0.07 sys=0.00, real=0.04 secs] 
2016-02-20T11:15:48.155+0800: 406344.870: [GC [PSYoungGen: 1377696K->15024K(1379456K)] 3131354K->1768907K(4175680K), 0.0356120 secs] [Times: user=0.06 sys=0.00, real=0.04 secs] 
2016-02-20T11:16:45.182+0800: 406401.896: [GC [PSYoungGen: 1375984K->16992K(1379520K)] 3129867K->1771260K(4175744K), 0.0360370 secs] [Times: user=0.07 sys=0.00, real=0.04 secs] 
2016-02-20T11:17:39.190+0800: 406455.905: [GC [PSYoungGen: 1377952K->15200K(1379392K)] 3132220K->1769804K(4175616K), 0.0347910 secs] [Times: user=0.07 sys=0.00, real=0.04 secs] 
2016-02-20T11:18:30.008+0800: 406506.722: [GC [PSYoungGen: 1376032K->16992K(1379456K)] 3130636K->1771745K(4175680K), 0.0383950 secs] [Times: user=0.06 sys=0.00, real=0.03 secs] 
2016-02-20T11:19:26.329+0800: 406563.044: [GC [PSYoungGen: 1377824K->16640K(1379648K)] 3132577K->1771745K(4175872K), 0.0375840 secs] [Times: user=0.07 sys=0.00, real=0.04 secs] 
2016-02-20T11:20:14.954+0800: 406611.668: [GC [PSYoungGen: 1377664K->14688K(1379456K)] 3132769K->1769945K(4175680K), 0.0331600 secs] [Times: user=0.06 sys=0.00, real=0.03 secs] 
2016-02-20T11:21:06.904+0800: 406663.618: [GC [PSYoungGen: 1375712K->15344K(1379584K)] 3130969K->1770901K(4175808K), 0.0378860 secs] [Times: user=0.06 sys=0.01, real=0.04 secs] 
2016-02-20T11:22:03.510+0800: 406720.225: [GC [PSYoungGen: 1376368K->15504K(1379520K)] 3131925K->1771395K(4175744K), 0.0352330 secs] [Times: user=0.06 sys=0.00, real=0.04 secs] 
2016-02-20T11:23:01.063+0800: 406777.778: [GC [PSYoungGen: 1376528K->16960K(1379456K)] 3132419K->1773024K(4175680K), 0.0409650 secs] [Times: user=0.07 sys=0.00, real=0.04 secs] 
2016-02-20T11:23:58.852+0800: 406835.566: [GC [PSYoungGen: 1378048K->16208K(1379584K)] 3134112K->1772599K(4175808K), 0.0335810 secs] [Times: user=0.06 sys=0.00, real=0.03 secs] 
2016-02-20T11:24:50.392+0800: 406887.107: [GC [PSYoungGen: 1377296K->15120K(1379840K)] 3133687K->1771856K(4176064K), 0.0435970 secs] [Times: user=0.08 sys=0.00, real=0.05 secs] 
2016-02-20T11:25:48.065+0800: 406944.780: [GC [PSYoungGen: 1376720K->15664K(1379840K)] 3133456K->1772680K(4176064K), 0.0444040 secs] [Times: user=0.08 sys=0.00, real=0.04 secs] 
2016-02-20T11:26:47.859+0800: 407004.573: [GC [PSYoungGen: 1377264K->17354K(1379456K)] 3134280K->1774651K(4175680K), 0.0374300 secs] [Times: user=0.07 sys=0.00, real=0.04 secs] 
2016-02-20T11:27:49.733+0800: 407066.447: [GC [PSYoungGen: 1378698K->17520K(1378880K)] 3135995K->1775049K(4175104K), 0.0385720 secs] [Times: user=0.07 sys=0.00, real=0.03 secs] 
2016-02-20T11:28:51.194+0800: 407127.909: [GC [PSYoungGen: 1378864K->15936K(1379584K)] 3136393K->1773577K(4175808K), 0.0390730 secs] [Times: user=0.07 sys=0.00, real=0.04 secs] 
2016-02-20T11:29:47.040+0800: 407183.754: [GC [PSYoungGen: 1376832K->16256K(1379392K)] 3134473K->1774021K(4175616K), 0.0343470 secs] [Times: user=0.07 sys=0.00, real=0.03 secs] 
2016-02-20T11:30:31.647+0800: 407228.361: [GC [PSYoungGen: 1377152K->13248K(1379136K)] 3134917K->1771346K(4175360K), 0.0303490 secs] [Times: user=0.06 sys=0.01, real=0.03 secs] 
2016-02-20T11:31:28.938+0800: 407285.652: [GC [PSYoungGen: 1374080K->17120K(1377984K)] 3132178K->1775711K(4174208K), 0.0391220 secs] [Times: user=0.07 sys=0.00, real=0.04 secs] 
2016-02-20T11:32:26.728+0800: 407343.443: [GC [PSYoungGen: 1377952K->16064K(1379584K)] 3136543K->1774815K(4175808K), 0.0354220 secs] [Times: user=0.06 sys=0.00, real=0.03 secs] 
2016-02-20T11:33:25.840+0800: 407402.554: [GC [PSYoungGen: 1376896K->16992K(1379328K)] 3135647K->1775883K(4175552K), 0.0402450 secs] [Times: user=0.07 sys=0.00, real=0.04 secs] 
2016-02-20T11:34:20.419+0800: 407457.134: [GC [PSYoungGen: 1377824K->16688K(1379520K)] 3136715K->1775747K(4175744K), 0.0357330 secs] [Times: user=0.07 sys=0.00, real=0.04 secs] 
2016-02-20T11:35:14.551+0800: 407511.265: [GC [PSYoungGen: 1377584K->14688K(1379456K)] 3136643K->1774111K(4175680K), 0.0346730 secs] [Times: user=0.07 sys=0.00, real=0.04 secs] 
2016-02-20T11:36:09.580+0800: 407566.294: [GC [PSYoungGen: 1375584K->15584K(1379648K)] 3135007K->1775223K(4175872K), 0.0431680 secs] [Times: user=0.06 sys=0.00, real=0.04 secs] 
2016-02-20T11:37:03.884+0800: 407620.598: [GC [PSYoungGen: 1376672K->15728K(1379520K)] 3136311K->1775500K(4175744K), 0.0354910 secs] [Times: user=0.06 sys=0.00, real=0.03 secs] 
2016-02-20T11:37:56.480+0800: 407673.194: [GC [PSYoungGen: 1376816K->17536K(1379200K)] 3136588K->1777645K(4175424K), 0.0510250 secs] [Times: user=0.09 sys=0.00, real=0.05 secs] 
2016-02-20T11:38:58.061+0800: 407734.775: [GC [PSYoungGen: 1378496K->17072K(1378048K)] 3138605K->1777417K(4174272K), 0.0419320 secs] [Times: user=0.07 sys=0.00, real=0.04 secs] 
2016-02-20T11:40:00.202+0800: 407796.917: [GC [PSYoungGen: 1378032K->17488K(1379008K)] 3138377K->1778194K(4175232K), 0.0397530 secs] [Times: user=0.06 sys=0.00, real=0.04 secs] 
2016-02-20T11:40:57.367+0800: 407854.081: [GC [PSYoungGen: 1377808K->15648K(1379200K)] 3138514K->1776639K(4175424K), 0.0342830 secs] [Times: user=0.06 sys=0.00, real=0.03 secs] 
2016-02-20T11:41:47.988+0800: 407904.703: [GC [PSYoungGen: 1375968K->15344K(1379392K)] 3136959K->1776539K(4175616K), 0.0435750 secs] [Times: user=0.07 sys=0.00, real=0.05 secs] 
2016-02-20T11:42:42.168+0800: 407958.882: [GC [PSYoungGen: 1375984K->15920K(1379328K)] 3137179K->1777303K(4175552K), 0.0340460 secs] [Times: user=0.06 sys=0.00, real=0.04 secs] 
2016-02-20T11:43:42.454+0800: 408019.168: [GC [PSYoungGen: 1376560K->16768K(1379584K)] 3137943K->1778426K(4175808K), 0.0382550 secs] [Times: user=0.06 sys=0.00, real=0.04 secs] 
2016-02-20T11:44:36.064+0800: 408072.779: [GC [PSYoungGen: 1377856K->15200K(1379584K)] 3139514K->1777150K(4175808K), 0.0382740 secs] [Times: user=0.07 sys=0.00, real=0.04 secs] 
2016-02-20T11:45:27.595+0800: 408124.310: [GC [PSYoungGen: 1376288K->13888K(1379392K)] 3138238K->1775990K(4175616K), 0.0392590 secs] [Times: user=0.07 sys=0.00, real=0.04 secs] 
2016-02-20T11:46:26.558+0800: 408183.272: [GC [PSYoungGen: 1374848K->15408K(1379520K)] 3136950K->1777751K(4175744K), 0.0368930 secs] [Times: user=0.07 sys=0.00, real=0.04 secs] 
2016-02-20T11:47:26.595+0800: 408243.309: [GC [PSYoungGen: 1376368K->15600K(1379904K)] 3138711K->1778296K(4176128K), 0.0371890 secs] [Times: user=0.07 sys=0.00, real=0.04 secs] 
2016-02-20T11:48:32.397+0800: 408309.111: [GC [PSYoungGen: 1377072K->17024K(1379648K)] 3139768K->1779995K(4175872K), 0.0358750 secs] [Times: user=0.06 sys=0.00, real=0.03 secs] 
2016-02-20T11:49:34.730+0800: 408371.444: [GC [PSYoungGen: 1378496K->16672K(1379648K)] 3141467K->1779764K(4175872K), 0.0367470 secs] [Times: user=0.07 sys=0.00, real=0.04 secs] 
2016-02-20T11:50:30.693+0800: 408427.408: [GC [PSYoungGen: 1377888K->15360K(1379648K)] 3140980K->1778842K(4175872K), 0.0346760 secs] [Times: user=0.06 sys=0.00, real=0.04 secs] 
2016-02-20T11:51:13.359+0800: 408470.074: [GC [PSYoungGen: 1376576K->12032K(1378880K)] 3140058K->1775878K(4175104K), 0.0260420 secs] [Times: user=0.06 sys=0.00, real=0.03 secs] 
2016-02-20T11:52:15.288+0800: 408532.003: [GC [PSYoungGen: 1372608K->16368K(1379328K)] 3136454K->1780443K(4175552K), 0.0348930 secs] [Times: user=0.06 sys=0.00, real=0.04 secs] 
2016-02-20T11:53:10.691+0800: 408587.405: [GC [PSYoungGen: 1376944K->16864K(1379072K)] 3141019K->1781192K(4175296K), 0.0341600 secs] [Times: user=0.06 sys=0.00, real=0.03 secs] 
2016-02-20T11:54:13.740+0800: 408650.455: [GC [PSYoungGen: 1377184K->17920K(1378304K)] 3141512K->1782416K(4174528K), 0.0384400 secs] [Times: user=0.06 sys=0.00, real=0.04 secs] 
2016-02-20T11:55:07.205+0800: 408703.920: [GC [PSYoungGen: 1378240K->14432K(1378816K)] 3142736K->1779228K(4175040K), 0.0445270 secs] [Times: user=0.08 sys=0.01, real=0.04 secs] 
2016-02-20T11:56:09.971+0800: 408766.686: [GC [PSYoungGen: 1373856K->16688K(1378688K)] 3138652K->1781673K(4174912K), 0.0360820 secs] [Times: user=0.07 sys=0.00, real=0.03 secs] 
2016-02-20T11:57:07.109+0800: 408823.824: [GC [PSYoungGen: 1374944K->15095K(1379008K)] 3139929K->1780325K(4175232K), 0.0321010 secs] [Times: user=0.06 sys=0.00, real=0.03 secs] 
2016-02-20T11:58:07.547+0800: 408884.261: [GC [PSYoungGen: 1374839K->15264K(1378816K)] 3140069K->1780732K(4175040K), 0.0327110 secs] [Times: user=0.06 sys=0.00, real=0.03 secs] 
2016-02-20T11:59:17.398+0800: 408954.112: [GC [PSYoungGen: 1375008K->14960K(1379392K)] 3140476K->1780692K(4175616K), 0.0325760 secs] [Times: user=0.06 sys=0.00, real=0.03 secs] 
2016-02-20T12:00:16.439+0800: 409013.153: [GC [PSYoungGen: 1375472K->16896K(1379200K)] 3141204K->1782917K(4175424K), 0.0357280 secs] [Times: user=0.07 sys=0.00, real=0.04 secs] 
2016-02-20T12:01:23.594+0800: 409080.308: [GC [PSYoungGen: 1377408K->14800K(1379392K)] 3143429K->1781093K(4175616K), 0.0342790 secs] [Times: user=0.06 sys=0.00, real=0.04 secs] 
2016-02-20T12:02:24.381+0800: 409141.096: [GC [PSYoungGen: 1375376K->15712K(1379264K)] 3141669K->1782253K(4175488K), 0.0332710 secs] [Times: user=0.06 sys=0.00, real=0.04 secs] 
2016-02-20T12:03:30.282+0800: 409206.996: [GC [PSYoungGen: 1376288K->14256K(1379712K)] 3142829K->1780925K(4175936K), 0.0332930 secs] [Times: user=0.06 sys=0.00, real=0.03 secs] 
2016-02-20T12:04:27.743+0800: 409264.458: [GC [PSYoungGen: 1375536K->16688K(1377984K)] 3142205K->1783485K(4174208K), 0.0346020 secs] [Times: user=0.06 sys=0.00, real=0.04 secs] 
2016-02-20T12:05:27.318+0800: 409324.033: [GC [PSYoungGen: 1377968K->15488K(1379776K)] 3144765K->1782405K(4176000K), 0.0349150 secs] [Times: user=0.07 sys=0.00, real=0.04 secs] 
2016-02-20T12:06:31.624+0800: 409388.338: [GC [PSYoungGen: 1376768K->14528K(1379584K)] 3143685K->1781840K(4175808K), 0.0335660 secs] [Times: user=0.05 sys=0.00, real=0.03 secs] 
2016-02-20T12:07:32.528+0800: 409449.242: [GC [PSYoungGen: 1375808K->15280K(1380096K)] 3143120K->1782884K(4176320K), 0.0371220 secs] [Times: user=0.06 sys=0.00, real=0.04 secs] 
2016-02-20T12:08:39.298+0800: 409516.012: [GC [PSYoungGen: 1377136K->17957K(1379840K)] 3144740K->1785838K(4176064K), 0.0425860 secs] [Times: user=0.08 sys=0.00, real=0.05 secs] 
2016-02-20T12:09:43.441+0800: 409580.156: [GC [PSYoungGen: 1379813K->16416K(1378944K)] 3147694K->1784614K(4175168K), 0.0390500 secs] [Times: user=0.07 sys=0.00, real=0.04 secs] 
2016-02-20T12:10:42.955+0800: 409639.669: [GC [PSYoungGen: 1377120K->18656K(1379392K)] 3145318K->1789742K(4175616K), 0.0473380 secs] [Times: user=0.10 sys=0.00, real=0.04 secs] 
2016-02-20T12:11:45.486+0800: 409702.200: [GC [PSYoungGen: 1379360K->14352K(1375808K)] 3150446K->1785681K(4172032K), 0.0356110 secs] [Times: user=0.07 sys=0.00, real=0.04 secs] 
2016-02-20T12:12:49.410+0800: 409766.124: [GC [PSYoungGen: 1371472K->15824K(1377600K)] 3142801K->1787393K(4173824K), 0.0378230 secs] [Times: user=0.07 sys=0.00, real=0.04 secs] 
2016-02-20T12:13:49.592+0800: 409826.306: [GC [PSYoungGen: 1372944K->15424K(1378240K)] 3144513K->1787174K(4174464K), 0.0329740 secs] [Times: user=0.06 sys=0.00, real=0.03 secs] 
2016-02-20T12:14:52.304+0800: 409889.018: [GC [PSYoungGen: 1373568K->15424K(1377984K)] 3145318K->1787643K(4174208K), 0.0389900 secs] [Times: user=0.07 sys=0.00, real=0.04 secs] 
2016-02-20T12:15:53.696+0800: 409950.411: [GC [PSYoungGen: 1373568K->15056K(1378688K)] 3145787K->1787431K(4174912K), 0.0357890 secs] [Times: user=0.07 sys=0.00, real=0.04 secs] 
2016-02-20T12:17:00.007+0800: 410016.721: [GC [PSYoungGen: 1374160K->16096K(1378496K)] 3146535K->1788767K(4174720K), 0.0351670 secs] [Times: user=0.07 sys=0.00, real=0.04 secs] 
2016-02-20T12:18:08.076+0800: 410084.790: [GC [PSYoungGen: 1375200K->16448K(1379072K)] 3147871K->1789463K(4175296K), 0.0362650 secs] [Times: user=0.07 sys=0.00, real=0.04 secs] 
2016-02-20T12:19:23.911+0800: 410160.625: [GC [PSYoungGen: 1376384K->18448K(1378432K)] 3149399K->1791575K(4174656K), 0.0396610 secs] [Times: user=0.07 sys=0.00, real=0.04 secs] 
2016-02-20T12:20:34.232+0800: 410230.946: [GC [PSYoungGen: 1378384K->16384K(1378752K)] 3151511K->1789648K(4174976K), 0.0362240 secs] [Times: user=0.06 sys=0.00, real=0.04 secs] 
2016-02-20T12:21:40.005+0800: 410296.720: [GC [PSYoungGen: 1375552K->16448K(1378496K)] 3148816K->1790072K(4174720K), 0.0376800 secs] [Times: user=0.07 sys=0.00, real=0.04 secs] 
2016-02-20T12:22:42.999+0800: 410359.714: [GC [PSYoungGen: 1375616K->15168K(1379072K)] 3149240K->1788937K(4175296K), 0.0367600 secs] [Times: user=0.06 sys=0.00, real=0.04 secs] 
2016-02-20T12:23:53.463+0800: 410430.177: [GC [PSYoungGen: 1375168K->16912K(1379008K)] 3148937K->1791046K(4175232K), 0.0366120 secs] [Times: user=0.06 sys=0.01, real=0.04 secs] 
2016-02-20T12:25:03.913+0800: 410500.627: [GC [PSYoungGen: 1376912K->15520K(1379264K)] 3151046K->1789943K(4175488K), 0.0335210 secs] [Times: user=0.07 sys=0.00, real=0.03 secs] 
2016-02-20T12:26:10.431+0800: 410567.146: [GC [PSYoungGen: 1375776K->14912K(1379072K)] 3150199K->1789611K(4175296K), 0.0355810 secs] [Times: user=0.06 sys=0.00, real=0.04 secs] 
2016-02-20T12:27:21.280+0800: 410637.994: [GC [PSYoungGen: 1375168K->17040K(1379136K)] 3149867K->1791908K(4175360K), 0.0392420 secs] [Times: user=0.07 sys=0.00, real=0.03 secs] 
2016-02-20T12:28:33.497+0800: 410710.211: [GC [PSYoungGen: 1377360K->18048K(1378432K)] 3152228K->1793112K(4174656K), 0.0387550 secs] [Times: user=0.07 sys=0.00, real=0.03 secs] 
2016-02-20T12:29:37.890+0800: 410774.604: [GC [PSYoungGen: 1378368K->15504K(1378880K)] 3153432K->1790704K(4175104K), 0.0342980 secs] [Times: user=0.06 sys=0.00, real=0.04 secs] 
2016-02-20T12:30:41.362+0800: 410838.076: [GC [PSYoungGen: 1375056K->14640K(1378752K)] 3150256K->1790024K(4174976K), 0.0359030 secs] [Times: user=0.07 sys=0.00, real=0.04 secs] 
2016-02-20T12:31:46.723+0800: 410903.438: [GC [PSYoungGen: 1374192K->17281K(1378688K)] 3149576K->1792990K(4174912K), 0.0387530 secs] [Times: user=0.06 sys=0.00, real=0.04 secs] 
2016-02-20T12:32:50.049+0800: 410966.764: [GC [PSYoungGen: 1376833K->15392K(1378816K)] 3152542K->1791482K(4175040K), 0.0341630 secs] [Times: user=0.06 sys=0.00, real=0.03 secs] 
2016-02-20T12:34:00.945+0800: 411037.660: [GC [PSYoungGen: 1374944K->14528K(1379008K)] 3151034K->1790771K(4175232K), 0.0330190 secs] [Times: user=0.06 sys=0.00, real=0.03 secs] 
2016-02-20T12:34:58.200+0800: 411094.915: [GC [PSYoungGen: 1374400K->17312K(1377216K)] 3150643K->1793743K(4173440K), 0.0359160 secs] [Times: user=0.06 sys=0.00, real=0.03 secs] 
2016-02-20T12:36:05.293+0800: 411162.008: [GC [PSYoungGen: 1377184K->17136K(1378688K)] 3153615K->1793775K(4174912K), 0.0403570 secs] [Times: user=0.06 sys=0.00, real=0.04 secs] 
2016-02-20T12:37:06.117+0800: 411222.831: [GC [PSYoungGen: 1376560K->16112K(1378752K)] 3153199K->1793172K(4174976K), 0.0356580 secs] [Times: user=0.07 sys=0.00, real=0.04 secs] 
2016-02-20T12:38:08.443+0800: 411285.157: [GC [PSYoungGen: 1375536K->14576K(1379008K)] 3152596K->1791900K(4175232K), 0.0342340 secs] [Times: user=0.06 sys=0.00, real=0.03 secs] 
2016-02-20T12:39:14.281+0800: 411350.996: [GC [PSYoungGen: 1374512K->18464K(1378432K)] 3151836K->1795896K(4174656K), 0.0407040 secs] [Times: user=0.07 sys=0.00, real=0.04 secs] 
2016-02-20T12:40:17.078+0800: 411413.793: [GC [PSYoungGen: 1378400K->14272K(1378432K)] 3155832K->1792080K(4174656K), 0.0358300 secs] [Times: user=0.06 sys=0.01, real=0.04 secs] 
2016-02-20T12:41:23.697+0800: 411480.411: [GC [PSYoungGen: 1373056K->16768K(1378432K)] 3150864K->1794773K(4174656K), 0.0374170 secs] [Times: user=0.06 sys=0.00, real=0.03 secs] 
2016-02-20T12:42:29.707+0800: 411546.422: [GC [PSYoungGen: 1375552K->15088K(1378688K)] 3153557K->1793317K(4174912K), 0.0325130 secs] [Times: user=0.06 sys=0.00, real=0.03 secs] 
2016-02-20T12:43:30.344+0800: 411607.059: [GC [PSYoungGen: 1374192K->16304K(1378496K)] 3152421K->1794709K(4174720K), 0.0429780 secs] [Times: user=0.08 sys=0.00, real=0.04 secs] 
2016-02-20T12:44:33.797+0800: 411670.512: [GC [PSYoungGen: 1375408K->14624K(1378944K)] 3153813K->1793306K(4175168K), 0.0334290 secs] [Times: user=0.07 sys=0.00, real=0.03 secs] 
2016-02-20T12:45:35.498+0800: 411732.212: [GC [PSYoungGen: 1374432K->14975K(1378944K)] 3153114K->1793802K(4175168K), 0.0340070 secs] [Times: user=0.06 sys=0.00, real=0.04 secs] 
2016-02-20T12:46:45.632+0800: 411802.347: [GC [PSYoungGen: 1374783K->15248K(1379328K)] 3153610K->1794511K(4175552K), 0.0338530 secs] [Times: user=0.07 sys=0.00, real=0.03 secs] 
2016-02-20T12:47:57.555+0800: 411874.270: [GC [PSYoungGen: 1375632K->15984K(1379136K)] 3154895K->1795389K(4175360K), 0.0344770 secs] [Times: user=0.06 sys=0.00, real=0.03 secs] 
2016-02-20T12:49:15.519+0800: 411952.234: [GC [PSYoungGen: 1376368K->17904K(1378560K)] 3155773K->1797766K(4174784K), 0.0385910 secs] [Times: user=0.07 sys=0.00, real=0.04 secs] 
2016-02-20T12:50:15.902+0800: 412012.617: [GC [PSYoungGen: 1377968K->15776K(1379072K)] 3157830K->1795919K(4175296K), 0.0372680 secs] [Times: user=0.06 sys=0.00, real=0.04 secs] 
2016-02-20T12:51:17.530+0800: 412074.244: [GC [PSYoungGen: 1375840K->15248K(1379456K)] 3155983K->1795795K(4175680K), 0.0359310 secs] [Times: user=0.07 sys=0.00, real=0.04 secs] 
2016-02-20T12:52:26.925+0800: 412143.640: [GC [PSYoungGen: 1375952K->16336K(1379328K)] 3156499K->1797076K(4175552K), 0.0362470 secs] [Times: user=0.07 sys=0.00, real=0.03 secs] 
2016-02-20T12:53:28.460+0800: 412205.174: [GC [PSYoungGen: 1377040K->15520K(1379776K)] 3157780K->1796593K(4176000K), 0.0365830 secs] [Times: user=0.06 sys=0.00, real=0.04 secs] 
2016-02-20T12:54:34.627+0800: 412271.342: [GC [PSYoungGen: 1376800K->15424K(1379584K)] 3157873K->1796785K(4175808K), 0.0358660 secs] [Times: user=0.06 sys=0.00, real=0.04 secs] 
2016-02-20T12:55:33.649+0800: 412330.363: [GC [PSYoungGen: 1376704K->13392K(1379520K)] 3158065K->1794969K(4175744K), 0.0338530 secs] [Times: user=0.06 sys=0.00, real=0.03 secs] 
2016-02-20T12:56:32.871+0800: 412389.585: [GC [PSYoungGen: 1374736K->14144K(1379712K)] 3156313K->1795899K(4175936K), 0.0370640 secs] [Times: user=0.07 sys=0.00, real=0.04 secs] 
2016-02-20T12:57:30.707+0800: 412447.422: [GC [PSYoungGen: 1375488K->15344K(1379968K)] 3157243K->1797488K(4176192K), 0.0358100 secs] [Times: user=0.06 sys=0.00, real=0.04 secs] 
2016-02-20T12:58:37.743+0800: 412514.457: [GC [PSYoungGen: 1376944K->15264K(1379712K)] 3159088K->1797637K(4175936K), 0.0340770 secs] [Times: user=0.06 sys=0.00, real=0.04 secs] 
2016-02-20T12:59:43.533+0800: 412580.248: [GC [PSYoungGen: 1376864K->15264K(1380416K)] 3159237K->1797973K(4176640K), 0.0349260 secs] [Times: user=0.06 sys=0.01, real=0.04 secs] 
2016-02-20T13:00:42.658+0800: 412639.372: [GC [PSYoungGen: 1377824K->16160K(1380224K)] 3160533K->1799049K(4176448K), 0.0379670 secs] [Times: user=0.07 sys=0.00, real=0.03 secs] 
2016-02-20T13:01:41.885+0800: 412698.599: [GC [PSYoungGen: 1378720K->14816K(1380480K)] 3161609K->1797817K(4176704K), 0.0333120 secs] [Times: user=0.06 sys=0.01, real=0.03 secs] 
2016-02-20T13:02:40.370+0800: 412757.084: [GC [PSYoungGen: 1377568K->13744K(1380352K)] 3160569K->1797150K(4176576K), 0.0312270 secs] [Times: user=0.06 sys=0.00, real=0.03 secs] 
2016-02-20T13:03:45.854+0800: 412822.568: [GC [PSYoungGen: 1376496K->16608K(1379904K)] 3159902K->1800331K(4176128K), 0.0358170 secs] [Times: user=0.06 sys=0.01, real=0.03 secs] 
2016-02-20T13:04:50.848+0800: 412887.562: [GC [PSYoungGen: 1378848K->16912K(1379200K)] 3162571K->1800723K(4175424K), 0.0367810 secs] [Times: user=0.08 sys=0.00, real=0.04 secs] 
2016-02-20T13:05:49.322+0800: 412946.036: [GC [PSYoungGen: 1379152K->15472K(1380096K)] 3162963K->1799604K(4176320K), 0.0382180 secs] [Times: user=0.07 sys=0.00, real=0.04 secs] 
2016-02-20T13:06:52.736+0800: 413009.451: [GC [PSYoungGen: 1377328K->16464K(1379840K)] 3161460K->1800760K(4176064K), 0.0363110 secs] [Times: user=0.06 sys=0.00, real=0.04 secs] 
2016-02-20T13:07:57.581+0800: 413074.296: [GC [PSYoungGen: 1378320K->16352K(1379968K)] 3162616K->1800848K(4176192K), 0.0346990 secs] [Times: user=0.07 sys=0.00, real=0.04 secs] 
2016-02-20T13:08:58.042+0800: 413134.756: [GC [PSYoungGen: 1378208K->16464K(1378368K)] 3162704K->1801293K(4174592K), 0.0379530 secs] [Times: user=0.06 sys=0.00, real=0.04 secs] 
2016-02-20T13:09:55.747+0800: 413192.462: [GC [PSYoungGen: 1378320K->14448K(1379904K)] 3163149K->1799637K(4176128K), 0.0339790 secs] [Times: user=0.06 sys=0.00, real=0.04 secs] 
2016-02-20T13:11:01.284+0800: 413257.999: [GC [PSYoungGen: 1376176K->15440K(1379904K)] 3161365K->1800938K(4176128K), 0.0343270 secs] [Times: user=0.06 sys=0.00, real=0.04 secs] 
2016-02-20T13:12:14.245+0800: 413330.959: [GC [PSYoungGen: 1377168K->16864K(1379648K)] 3162666K->1802622K(4175872K), 0.0357640 secs] [Times: user=0.07 sys=0.00, real=0.04 secs] 
2016-02-20T13:13:19.201+0800: 413395.915: [GC [PSYoungGen: 1378592K->15824K(1379904K)] 3164350K->1801755K(4176128K), 0.0335940 secs] [Times: user=0.06 sys=0.00, real=0.03 secs] 
2016-02-20T13:14:24.010+0800: 413460.725: [GC [PSYoungGen: 1377552K->15136K(1380224K)] 3163483K->1801272K(4176448K), 0.0341990 secs] [Times: user=0.07 sys=0.00, real=0.04 secs] 
2016-02-20T13:15:23.828+0800: 413520.542: [GC [PSYoungGen: 1377376K->16096K(1380096K)] 3163512K->1802561K(4176320K), 0.0352430 secs] [Times: user=0.06 sys=0.00, real=0.03 secs] 
2016-02-20T13:16:32.349+0800: 413589.063: [GC [PSYoungGen: 1378336K->15616K(1380480K)] 3164801K->1802437K(4176704K), 0.0343710 secs] [Times: user=0.06 sys=0.00, real=0.03 secs] 
2016-02-20T13:17:29.097+0800: 413645.812: [GC [PSYoungGen: 1378304K->15520K(1380288K)] 3165125K->1802609K(4176512K), 0.0331300 secs] [Times: user=0.06 sys=0.00, real=0.03 secs] 
2016-02-20T13:18:35.468+0800: 413712.183: [GC [PSYoungGen: 1378208K->15889K(1380736K)] 3165297K->1803230K(4176960K), 0.0377380 secs] [Times: user=0.07 sys=0.00, real=0.03 secs] 
2016-02-20T13:19:42.465+0800: 413779.180: [GC [PSYoungGen: 1379153K->17312K(1380608K)] 3166494K->1805082K(4176832K), 0.0370830 secs] [Times: user=0.07 sys=0.00, real=0.03 secs] 
2016-02-20T13:20:52.764+0800: 413849.478: [GC [PSYoungGen: 1380576K->16256K(1379840K)] 3168346K->1804231K(4176064K), 0.0382580 secs] [Times: user=0.07 sys=0.00, real=0.04 secs] 
2016-02-20T13:22:04.483+0800: 413921.197: [GC [PSYoungGen: 1378624K->17841K(1380224K)] 3166599K->1806660K(4176448K), 0.0406170 secs] [Times: user=0.06 sys=0.00, real=0.04 secs] 
2016-02-20T13:23:08.562+0800: 413985.276: [GC [PSYoungGen: 1380209K->17632K(1378048K)] 3169028K->1806881K(4174272K), 0.0413340 secs] [Times: user=0.07 sys=0.00, real=0.04 secs] 
2016-02-20T13:24:15.301+0800: 414052.015: [GC [PSYoungGen: 1377824K->17457K(1377664K)] 3167073K->1806958K(4173888K), 0.0364140 secs] [Times: user=0.06 sys=0.00, real=0.04 secs] 
2016-02-20T13:25:19.525+0800: 414116.239: [GC [PSYoungGen: 1377649K->15584K(1379072K)] 3167150K->1805599K(4175296K), 0.0371910 secs] [Times: user=0.06 sys=0.00, real=0.03 secs] 
2016-02-20T13:26:29.338+0800: 414186.052: [GC [PSYoungGen: 1375520K->18656K(1378624K)] 3165535K->1808868K(4174848K), 0.0378700 secs] [Times: user=0.07 sys=0.00, real=0.04 secs] 
2016-02-20T13:27:35.718+0800: 414252.432: [GC [PSYoungGen: 1378592K->16032K(1378688K)] 3168804K->1806600K(4174912K), 0.0351250 secs] [Times: user=0.07 sys=0.01, real=0.03 secs] 
2016-02-20T13:28:41.277+0800: 414317.991: [GC [PSYoungGen: 1375264K->18000K(1377280K)] 3165832K->1808925K(4173504K), 0.0399270 secs] [Times: user=0.07 sys=0.00, real=0.04 secs] 
2016-02-20T13:29:47.142+0800: 414383.856: [GC [PSYoungGen: 1377232K->18096K(1378048K)] 3168157K->1809261K(4174272K), 0.0401890 secs] [Times: user=0.07 sys=0.00, real=0.04 secs] 
2016-02-20T13:30:54.348+0800: 414451.062: [GC [PSYoungGen: 1376496K->18352K(1376768K)] 3167661K->1809830K(4172992K), 0.0407130 secs] [Times: user=0.06 sys=0.00, real=0.04 secs] 
2016-02-20T13:31:57.459+0800: 414514.174: [GC [PSYoungGen: 1376752K->15456K(1377984K)] 3168230K->1807321K(4174208K), 0.0359630 secs] [Times: user=0.06 sys=0.00, real=0.03 secs] 
2016-02-20T13:33:03.199+0800: 414579.913: [GC [PSYoungGen: 1373344K->16928K(1377984K)] 3165209K->1808938K(4174208K), 0.0435670 secs] [Times: user=0.08 sys=0.00, real=0.04 secs] 
2016-02-20T13:34:12.401+0800: 414649.115: [GC [PSYoungGen: 1374816K->16559K(1378560K)] 3166826K->1808814K(4174784K), 0.0392490 secs] [Times: user=0.06 sys=0.00, real=0.04 secs] 
2016-02-20T13:35:19.983+0800: 414716.697: [GC [PSYoungGen: 1375343K->17584K(1378304K)] 3167598K->1810007K(4174528K), 0.0373520 secs] [Times: user=0.07 sys=0.00, real=0.04 secs] 
2016-02-20T13:36:25.021+0800: 414781.735: [GC [PSYoungGen: 1376368K->15168K(1378496K)] 3168791K->1807783K(4174720K), 0.0355030 secs] [Times: user=0.07 sys=0.00, real=0.03 secs] 
2016-02-20T13:37:34.575+0800: 414851.289: [GC [PSYoungGen: 1374080K->15760K(1378496K)] 3166695K->1808539K(4174720K), 0.0331050 secs] [Times: user=0.06 sys=0.00, real=0.04 secs] 
2016-02-20T13:38:49.425+0800: 414926.140: [GC [PSYoungGen: 1374672K->15392K(1378688K)] 3167451K->1808331K(4174912K), 0.0345570 secs] [Times: user=0.06 sys=0.00, real=0.03 secs] 
2016-02-20T13:40:02.384+0800: 414999.098: [GC [PSYoungGen: 1374624K->17280K(1378624K)] 3167563K->1810463K(4174848K), 0.0370600 secs] [Times: user=0.06 sys=0.01, real=0.04 secs] 
2016-02-20T13:41:01.756+0800: 415058.470: [GC [PSYoungGen: 1376512K->13648K(1378176K)] 3169695K->1806967K(4174400K), 0.0324630 secs] [Times: user=0.06 sys=0.00, real=0.03 secs] 
2016-02-20T13:42:10.483+0800: 415127.197: [GC [PSYoungGen: 1372432K->14992K(1378432K)] 3165751K->1808476K(4174656K), 0.0367890 secs] [Times: user=0.06 sys=0.00, real=0.03 secs] 
2016-02-20T13:43:19.743+0800: 415196.458: [GC [PSYoungGen: 1373776K->16752K(1378688K)] 3167260K->1810492K(4174912K), 0.0362850 secs] [Times: user=0.06 sys=0.00, real=0.04 secs] 
2016-02-20T13:44:27.726+0800: 415264.440: [GC [PSYoungGen: 1375920K->15520K(1378560K)] 3169660K->1809448K(4174784K), 0.0350310 secs] [Times: user=0.06 sys=0.00, real=0.04 secs] 
2016-02-20T13:45:33.439+0800: 415330.153: [GC [PSYoungGen: 1374688K->16096K(1379200K)] 3168616K->1810209K(4175424K), 0.0490460 secs] [Times: user=0.07 sys=0.00, real=0.05 secs] 
2016-02-20T13:46:40.058+0800: 415396.773: [GC [PSYoungGen: 1376096K->16944K(1378880K)] 3170209K->1811285K(4175104K), 0.0372900 secs] [Times: user=0.07 sys=0.00, real=0.04 secs] 
2016-02-20T13:47:43.858+0800: 415460.573: [GC [PSYoungGen: 1376944K->16896K(1379136K)] 3171285K->1811494K(4175360K), 0.0356450 secs] [Times: user=0.07 sys=0.00, real=0.04 secs] 
2016-02-20T13:48:49.540+0800: 415526.254: [GC [PSYoungGen: 1377088K->15952K(1379136K)] 3171686K->1810711K(4175360K), 0.0399200 secs] [Times: user=0.07 sys=0.00, real=0.04 secs] 
2016-02-20T13:49:56.618+0800: 415593.333: [GC [PSYoungGen: 1376144K->17376K(1379008K)] 3170903K->1812460K(4175232K), 0.0438100 secs] [Times: user=0.08 sys=0.00, real=0.05 secs] 
2016-02-20T13:50:58.476+0800: 415655.191: [GC [PSYoungGen: 1377696K->13296K(1373632K)] 3172780K->1808707K(4169856K), 0.0312580 secs] [Times: user=0.06 sys=0.00, real=0.03 secs] 
2016-02-20T13:52:01.080+0800: 415717.795: [GC [PSYoungGen: 1373616K->15296K(1379072K)] 3169027K->1810952K(4175296K), 0.0357880 secs] [Times: user=0.07 sys=0.00, real=0.04 secs] 
2016-02-20T13:53:05.589+0800: 415782.303: [GC [PSYoungGen: 1375232K->16353K(1378944K)] 3170888K->1812149K(4175168K), 0.0355160 secs] [Times: user=0.07 sys=0.00, real=0.03 secs] 
2016-02-20T13:54:11.692+0800: 415848.406: [GC [PSYoungGen: 1376289K->15398K(1379456K)] 3172085K->1811740K(4175680K), 0.0348180 secs] [Times: user=0.06 sys=0.01, real=0.04 secs] 
2016-02-20T13:55:11.788+0800: 415908.503: [GC [PSYoungGen: 1376038K->13696K(1379264K)] 3172380K->1810225K(4175488K), 0.0331830 secs] [Times: user=0.06 sys=0.00, real=0.04 secs] 
2016-02-20T13:56:24.072+0800: 415980.786: [GC [PSYoungGen: 1374336K->14416K(1379392K)] 3170865K->1811105K(4175616K), 0.0329660 secs] [Times: user=0.06 sys=0.00, real=0.03 secs] 
2016-02-20T13:57:31.070+0800: 416047.784: [GC [PSYoungGen: 1375056K->13856K(1379328K)] 3171745K->1810730K(4175552K), 0.0330780 secs] [Times: user=0.06 sys=0.00, real=0.04 secs] 
2016-02-20T13:58:33.152+0800: 416109.866: [GC [PSYoungGen: 1374496K->15216K(1379712K)] 3171370K->1812518K(4175936K), 0.0400720 secs] [Times: user=0.08 sys=0.00, real=0.04 secs] 
2016-02-20T13:59:32.028+0800: 416168.742: [GC [PSYoungGen: 1376240K->13456K(1379392K)] 3173542K->1810870K(4175616K), 0.0311340 secs] [Times: user=0.06 sys=0.00, real=0.03 secs] 
2016-02-20T14:00:39.682+0800: 416236.396: [GC [PSYoungGen: 1374480K->15552K(1379840K)] 3171894K->1813158K(4176064K), 0.0373890 secs] [Times: user=0.06 sys=0.00, real=0.03 secs] 
2016-02-20T14:01:52.542+0800: 416309.256: [GC [PSYoungGen: 1376960K->16192K(1379648K)] 3174566K->1814126K(4175872K), 0.0384180 secs] [Times: user=0.06 sys=0.01, real=0.04 secs] 
2016-02-20T14:03:02.744+0800: 416379.458: [GC [PSYoungGen: 1377600K->15312K(1380096K)] 3175534K->1813767K(4176320K), 0.0384980 secs] [Times: user=0.06 sys=0.00, real=0.04 secs] 
2016-02-20T14:04:18.060+0800: 416454.774: [GC [PSYoungGen: 1377104K->15952K(1379776K)] 3175559K->1814587K(4176000K), 0.0351170 secs] [Times: user=0.06 sys=0.00, real=0.03 secs] 
2016-02-20T14:05:17.476+0800: 416514.190: [GC [PSYoungGen: 1377744K->14096K(1380160K)] 3176379K->1813043K(4176384K), 0.0380490 secs] [Times: user=0.07 sys=0.00, real=0.04 secs] 
2016-02-20T14:06:20.830+0800: 416577.544: [GC [PSYoungGen: 1376272K->16000K(1380096K)] 3175219K->1815161K(4176320K), 0.0341800 secs] [Times: user=0.06 sys=0.00, real=0.03 secs] 
2016-02-20T14:07:27.121+0800: 416643.835: [GC [PSYoungGen: 1378176K->16272K(1379904K)] 3177337K->1815641K(4176128K), 0.0355470 secs] [Times: user=0.07 sys=0.00, real=0.04 secs] 
2016-02-20T14:08:35.590+0800: 416712.305: [GC [PSYoungGen: 1378256K->15968K(1380032K)] 3177625K->1815753K(4176256K), 0.0347930 secs] [Times: user=0.06 sys=0.00, real=0.04 secs] 
2016-02-20T14:09:34.299+0800: 416771.013: [GC [PSYoungGen: 1377952K->14560K(1380224K)] 3177737K->1814733K(4176448K), 0.0384930 secs] [Times: user=0.07 sys=0.00, real=0.04 secs] 
2016-02-20T14:10:31.565+0800: 416828.280: [GC [PSYoungGen: 1376800K->16320K(1380096K)] 3176973K->1816625K(4176320K), 0.0383050 secs] [Times: user=0.07 sys=0.00, real=0.04 secs] 
2016-02-20T14:11:33.839+0800: 416890.554: [GC [PSYoungGen: 1378560K->16576K(1379840K)] 3178865K->1817025K(4176064K), 0.0427740 secs] [Times: user=0.08 sys=0.00, real=0.05 secs] 
2016-02-20T14:12:39.541+0800: 416956.255: [GC [PSYoungGen: 1378432K->15152K(1379968K)] 3178881K->1815874K(4176192K), 0.0339840 secs] [Times: user=0.06 sys=0.01, real=0.03 secs] 
2016-02-20T14:13:43.211+0800: 417019.925: [GC [PSYoungGen: 1377008K->16928K(1379584K)] 3177730K->1817962K(4175808K), 0.0378010 secs] [Times: user=0.07 sys=0.00, real=0.04 secs] 
2016-02-20T14:14:52.451+0800: 417089.166: [GC [PSYoungGen: 1378528K->17024K(1378688K)] 3179562K->1818147K(4174912K), 0.0358780 secs] [Times: user=0.07 sys=0.00, real=0.03 secs] 
2016-02-20T14:15:50.854+0800: 417147.568: [GC [PSYoungGen: 1378624K->14032K(1379584K)] 3179747K->1815443K(4175808K), 0.0325640 secs] [Times: user=0.06 sys=0.00, real=0.03 secs] 
2016-02-20T14:16:59.043+0800: 417215.757: [GC [PSYoungGen: 1375120K->15744K(1379584K)] 3176531K->1817420K(4175808K), 0.0363060 secs] [Times: user=0.06 sys=0.00, real=0.03 secs] 
2016-02-20T14:18:05.995+0800: 417282.709: [GC [PSYoungGen: 1376832K->15024K(1379968K)] 3178508K->1816795K(4176192K), 0.0357750 secs] [Times: user=0.06 sys=0.00, real=0.04 secs] 
2016-02-20T14:19:08.882+0800: 417345.596: [GC [PSYoungGen: 1376752K->16752K(1378496K)] 3178523K->1818799K(4174720K), 0.0383260 secs] [Times: user=0.07 sys=0.00, real=0.04 secs] 
2016-02-20T14:20:08.167+0800: 417404.881: [GC [PSYoungGen: 1378480K->14352K(1379776K)] 3180527K->1816615K(4176000K), 0.0345110 secs] [Times: user=0.07 sys=0.00, real=0.04 secs] 
2016-02-20T14:21:08.467+0800: 417465.181: [GC [PSYoungGen: 1375824K->12832K(1374336K)] 3178087K->1815371K(4170560K), 0.0300690 secs] [Times: user=0.06 sys=0.00, real=0.03 secs] 
2016-02-20T14:22:18.730+0800: 417535.444: [GC [PSYoungGen: 1374304K->15648K(1379776K)] 3176843K->1818284K(4176000K), 0.0362380 secs] [Times: user=0.07 sys=0.00, real=0.03 secs] 
2016-02-20T14:23:27.331+0800: 417604.045: [GC [PSYoungGen: 1376928K->18298K(1379584K)] 3179564K->1821311K(4175808K), 0.0400010 secs] [Times: user=0.07 sys=0.00, real=0.04 secs] 
2016-02-20T14:24:36.327+0800: 417673.041: [GC [PSYoungGen: 1379578K->13584K(1378048K)] 3182591K->1816849K(4174272K), 0.0325270 secs] [Times: user=0.06 sys=0.00, real=0.03 secs] 
2016-02-20T14:25:43.907+0800: 417740.622: [GC [PSYoungGen: 1373136K->15824K(1378816K)] 3176401K->1819297K(4175040K), 0.0366960 secs] [Times: user=0.06 sys=0.01, real=0.04 secs] 
2016-02-20T14:26:50.072+0800: 417806.786: [GC [PSYoungGen: 1375376K->14352K(1379264K)] 3178849K->1818261K(4175488K), 0.0329640 secs] [Times: user=0.06 sys=0.00, real=0.03 secs] 
2016-02-20T14:27:52.170+0800: 417868.884: [GC [PSYoungGen: 1374608K->14928K(1379072K)] 3178517K->1818998K(4175296K), 0.0350670 secs] [Times: user=0.07 sys=0.00, real=0.03 secs] 
2016-02-20T14:28:55.249+0800: 417931.963: [GC [PSYoungGen: 1375184K->15232K(1379776K)] 3179254K->1819603K(4176000K), 0.0374980 secs] [Times: user=0.06 sys=0.00, real=0.04 secs] 
2016-02-20T14:30:03.511+0800: 418000.226: [GC [PSYoungGen: 1376448K->15201K(1379520K)] 3180819K->1819804K(4175744K), 0.0363590 secs] [Times: user=0.07 sys=0.00, real=0.03 secs] 
2016-02-20T14:31:07.181+0800: 418063.895: [GC [PSYoungGen: 1376417K->16000K(1380096K)] 3181020K->1820853K(4176320K), 0.0423260 secs] [Times: user=0.07 sys=0.00, real=0.04 secs] 
2016-02-20T14:32:10.043+0800: 418126.757: [GC [PSYoungGen: 1378112K->15872K(1380096K)] 3182965K->1821117K(4176320K), 0.0364660 secs] [Times: user=0.06 sys=0.00, real=0.04 secs] 
2016-02-20T14:33:16.105+0800: 418192.819: [GC [PSYoungGen: 1377984K->15888K(1380224K)] 3183229K->1821442K(4176448K), 0.0388780 secs] [Times: user=0.07 sys=0.00, real=0.04 secs] 
2016-02-20T14:34:23.405+0800: 418260.120: [GC [PSYoungGen: 1378192K->16032K(1380160K)] 3183746K->1821754K(4176384K), 0.0398620 secs] [Times: user=0.07 sys=0.00, real=0.04 secs] 
2016-02-20T14:35:26.737+0800: 418323.452: [GC [PSYoungGen: 1378336K->15456K(1380480K)] 3184058K->1821519K(4176704K), 0.0357100 secs] [Times: user=0.07 sys=0.00, real=0.04 secs] 
2016-02-20T14:36:26.008+0800: 418382.722: [GC [PSYoungGen: 1378144K->15552K(1380288K)] 3184207K->1821979K(4176512K), 0.0392780 secs] [Times: user=0.06 sys=0.00, real=0.04 secs] 
2016-02-20T14:37:34.355+0800: 418451.070: [GC [PSYoungGen: 1378240K->15936K(1380736K)] 3184667K->1822724K(4176960K), 0.0361200 secs] [Times: user=0.07 sys=0.00, real=0.03 secs] 
2016-02-20T14:38:34.700+0800: 418511.415: [GC [PSYoungGen: 1379264K->15376K(1380672K)] 3186052K->1822457K(4176896K), 0.0417940 secs] [Times: user=0.07 sys=0.00, real=0.04 secs] 
2016-02-20T14:39:39.267+0800: 418575.981: [GC [PSYoungGen: 1378704K->14608K(1380864K)] 3185785K->1822125K(4177088K), 0.0470470 secs] [Times: user=0.10 sys=0.00, real=0.05 secs] 
2016-02-20T14:40:40.073+0800: 418636.787: [GC [PSYoungGen: 1378256K->14000K(1377664K)] 3185773K->1821762K(4173888K), 0.0309720 secs] [Times: user=0.06 sys=0.00, real=0.03 secs] 
2016-02-20T14:41:41.097+0800: 418697.811: [GC [PSYoungGen: 1377648K->14193K(1380800K)] 3185410K->1822187K(4177024K), 0.0332540 secs] [Times: user=0.06 sys=0.00, real=0.03 secs] 
2016-02-20T14:42:50.675+0800: 418767.389: [GC [PSYoungGen: 1377713K->17248K(1380800K)] 3185707K->1825792K(4177024K), 0.0388430 secs] [Times: user=0.06 sys=0.00, real=0.04 secs] 
2016-02-20T14:43:55.057+0800: 418831.771: [GC [PSYoungGen: 1380768K->16608K(1378880K)] 3189312K->1825518K(4175104K), 0.0393020 secs] [Times: user=0.07 sys=0.00, real=0.04 secs] 
2016-02-20T14:44:49.237+0800: 418885.951: [GC [PSYoungGen: 1378208K->14144K(1379840K)] 3187118K->1823658K(4176064K), 0.0346130 secs] [Times: user=0.07 sys=0.00, real=0.03 secs] 
2016-02-20T14:45:48.443+0800: 418945.158: [GC [PSYoungGen: 1375744K->14336K(1379968K)] 3185258K->1823982K(4176192K), 0.0329700 secs] [Times: user=0.06 sys=0.00, real=0.03 secs] 
2016-02-20T14:46:54.301+0800: 419011.016: [GC [PSYoungGen: 1376128K->15776K(1379904K)] 3185774K->1825735K(4176128K), 0.0373070 secs] [Times: user=0.06 sys=0.00, real=0.04 secs] 
2016-02-20T14:48:00.978+0800: 419077.692: [GC [PSYoungGen: 1377378K->17967K(1378048K)] 3187337K->1828779K(4174272K), 0.0409340 secs] [Times: user=0.07 sys=0.00, real=0.04 secs] 
2016-02-20T14:49:00.544+0800: 419137.259: [GC [PSYoungGen: 1378031K->17328K(1377408K)] 3188843K->1828400K(4173632K), 0.0415830 secs] [Times: user=0.07 sys=0.00, real=0.04 secs] 
2016-02-20T14:50:01.496+0800: 419198.210: [GC [PSYoungGen: 1377392K->15680K(1379072K)] 3188464K->1827081K(4175296K), 0.0716740 secs] [Times: user=0.15 sys=0.00, real=0.07 secs] 
2016-02-20T14:50:57.659+0800: 419254.373: [GC [PSYoungGen: 1375488K->15936K(1378816K)] 3186889K->1827642K(4175040K), 0.0426580 secs] [Times: user=0.06 sys=0.00, real=0.05 secs] 
2016-02-20T14:52:01.225+0800: 419317.939: [GC [PSYoungGen: 1375744K->16304K(1379520K)] 3187450K->1828222K(4175744K), 0.0363200 secs] [Times: user=0.07 sys=0.00, real=0.04 secs] 
2016-02-20T14:53:04.218+0800: 419380.932: [GC [PSYoungGen: 1377136K->15824K(1379392K)] 3189054K->1828050K(4175616K), 0.0416270 secs] [Times: user=0.06 sys=0.00, real=0.04 secs] 
2016-02-20T14:54:10.557+0800: 419447.271: [GC [PSYoungGen: 1376656K->15840K(1379968K)] 3188882K->1828499K(4176192K), 0.0353440 secs] [Times: user=0.06 sys=0.00, real=0.04 secs] 
2016-02-20T14:55:14.489+0800: 419511.204: [GC [PSYoungGen: 1377440K->17552K(1379200K)] 3190099K->1830492K(4175424K), 0.0385320 secs] [Times: user=0.07 sys=0.00, real=0.04 secs] 
2016-02-20T14:56:21.247+0800: 419577.961: [GC [PSYoungGen: 1379152K->17520K(1378944K)] 3192092K->1830700K(4175168K), 0.0375390 secs] [Times: user=0.06 sys=0.00, real=0.04 secs] 
2016-02-20T14:57:23.545+0800: 419640.260: [GC [PSYoungGen: 1377968K->15568K(1379264K)] 3191148K->1829177K(4175488K), 0.0357800 secs] [Times: user=0.06 sys=0.00, real=0.04 secs] 
2016-02-20T14:58:28.566+0800: 419705.280: [GC [PSYoungGen: 1376016K->17248K(1379072K)] 3189625K->1831097K(4175296K), 0.0390110 secs] [Times: user=0.07 sys=0.00, real=0.04 secs] 
2016-02-20T14:59:33.854+0800: 419770.568: [GC [PSYoungGen: 1377696K->15472K(1379264K)] 3191545K->1829553K(4175488K), 0.0367640 secs] [Times: user=0.06 sys=0.00, real=0.04 secs] 
2016-02-20T15:00:40.032+0800: 419836.747: [GC [PSYoungGen: 1375920K->16224K(1379584K)] 3190001K->1830473K(4175808K), 0.0379830 secs] [Times: user=0.06 sys=0.01, real=0.04 secs] 
2016-02-20T15:01:47.904+0800: 419904.618: [GC [PSYoungGen: 1377120K->15248K(1379392K)] 3191369K->1829798K(4175616K), 0.0332510 secs] [Times: user=0.06 sys=0.00, real=0.03 secs] 
2016-02-20T15:02:56.207+0800: 419972.921: [GC [PSYoungGen: 1376144K->16353K(1379840K)] 3190694K->1831128K(4176064K), 0.0358890 secs] [Times: user=0.07 sys=0.00, real=0.04 secs] 
2016-02-20T15:03:57.047+0800: 420033.762: [GC [PSYoungGen: 1377825K->18208K(1379712K)] 3192600K->1833764K(4175936K), 0.0393290 secs] [Times: user=0.08 sys=0.00, real=0.04 secs] 
2016-02-20T15:05:01.710+0800: 420098.424: [GC [PSYoungGen: 1379680K->16304K(1378688K)] 3195236K->1832129K(4174912K), 0.0406180 secs] [Times: user=0.07 sys=0.00, real=0.04 secs] 
2016-02-20T15:06:01.627+0800: 420158.342: [GC [PSYoungGen: 1376624K->15312K(1379200K)] 3192449K->1831517K(4175424K), 0.0330590 secs] [Times: user=0.06 sys=0.00, real=0.03 secs] 
2016-02-20T15:07:05.064+0800: 420221.778: [GC [PSYoungGen: 1375632K->17680K(1378752K)] 3191837K->1834162K(4174976K), 0.0435890 secs] [Times: user=0.08 sys=0.00, real=0.04 secs] 
2016-02-20T15:08:08.447+0800: 420285.161: [GC [PSYoungGen: 1377616K->15376K(1379008K)] 3194098K->1832130K(4175232K), 0.0341270 secs] [Times: user=0.06 sys=0.00, real=0.04 secs] 
2016-02-20T15:09:13.756+0800: 420350.470: [GC [PSYoungGen: 1375312K->17168K(1378944K)] 3192066K->1834447K(4175168K), 0.0471150 secs] [Times: user=0.08 sys=0.00, real=0.04 secs] 
2016-02-20T15:10:09.344+0800: 420406.059: [GC [PSYoungGen: 1377104K->15232K(1379008K)] 3194383K->1832692K(4175232K), 0.0375790 secs] [Times: user=0.07 sys=0.00, real=0.04 secs] 
2016-02-20T15:11:02.930+0800: 420459.644: [GC [PSYoungGen: 1375168K->13429K(1378688K)] 3192628K->1831122K(4174912K), 0.0309550 secs] [Times: user=0.06 sys=0.00, real=0.03 secs] 
2016-02-20T15:11:48.456+0800: 420505.171: [GC [PSYoungGen: 1373109K->12096K(1371840K)] 3190802K->1829965K(4168064K), 0.0293710 secs] [Times: user=0.06 sys=0.00, real=0.03 secs] 
2016-02-20T15:12:49.055+0800: 420565.769: [GC [PSYoungGen: 1371776K->17616K(1377792K)] 3189645K->1835702K(4174016K), 0.0471730 secs] [Times: user=0.07 sys=0.00, real=0.05 secs] 
2016-02-20T15:13:43.932+0800: 420620.647: [GC [PSYoungGen: 1375888K->14800K(1378176K)] 3193974K->1833291K(4174400K), 0.0398240 secs] [Times: user=0.08 sys=0.00, real=0.04 secs] 
2016-02-20T15:14:52.864+0800: 420689.579: [GC [PSYoungGen: 1373072K->18864K(1376896K)] 3191563K->1837699K(4173120K), 0.0440940 secs] [Times: user=0.09 sys=0.00, real=0.04 secs] 
2016-02-20T15:15:51.898+0800: 420748.612: [GC [PSYoungGen: 1376112K->13168K(1370432K)] 3194947K->1832164K(4166656K), 0.0308130 secs] [Times: user=0.06 sys=0.00, real=0.04 secs] 
2016-02-20T15:16:49.602+0800: 420806.316: [GC [PSYoungGen: 1370416K->13776K(1377728K)] 3189412K->1833016K(4173952K), 0.0309430 secs] [Times: user=0.06 sys=0.00, real=0.03 secs] 
2016-02-20T15:17:49.181+0800: 420865.896: [GC [PSYoungGen: 1371024K->16288K(1377600K)] 3190264K->1835703K(4173824K), 0.0383940 secs] [Times: user=0.07 sys=0.00, real=0.04 secs] 
2016-02-20T15:18:51.299+0800: 420928.013: [GC [PSYoungGen: 1373536K->14592K(1378240K)] 3192951K->1834223K(4174464K), 0.0348640 secs] [Times: user=0.07 sys=0.00, real=0.03 secs] 
2016-02-20T15:19:55.837+0800: 420992.552: [GC [PSYoungGen: 1372672K->15152K(1377920K)] 3192303K->1834976K(4174144K), 0.0323980 secs] [Times: user=0.06 sys=0.00, real=0.03 secs] 
2016-02-20T15:20:56.342+0800: 421053.056: [GC [PSYoungGen: 1373232K->14112K(1378752K)] 3193056K->1834216K(4174976K), 0.0308760 secs] [Times: user=0.06 sys=0.00, real=0.03 secs] 
2016-02-20T15:21:56.237+0800: 421112.951: [GC [PSYoungGen: 1373344K->16192K(1378560K)] 3193448K->1836513K(4174784K), 0.0430670 secs] [Times: user=0.07 sys=0.00, real=0.04 secs] 
2016-02-20T15:23:02.869+0800: 421179.584: [GC [PSYoungGen: 1375424K->16113K(1378944K)] 3195745K->1836790K(4175168K), 0.0440250 secs] [Times: user=0.07 sys=0.00, real=0.05 secs] 
2016-02-20T15:23:55.567+0800: 421232.282: [GC [PSYoungGen: 1375793K->13440K(1378816K)] 3196470K->1834610K(4175040K), 0.0311190 secs] [Times: user=0.06 sys=0.00, real=0.04 secs] 
2016-02-20T15:24:54.227+0800: 421290.941: [GC [PSYoungGen: 1373120K->14848K(1379264K)] 3194290K->1836167K(4175488K), 0.0336190 secs] [Times: user=0.06 sys=0.00, real=0.03 secs] 
2016-02-20T15:25:50.329+0800: 421347.043: [GC [PSYoungGen: 1374976K->14768K(1378944K)] 3196295K->1836175K(4175168K), 0.0408260 secs] [Times: user=0.07 sys=0.00, real=0.04 secs] 
2016-02-20T15:26:49.268+0800: 421405.983: [GC [PSYoungGen: 1374896K->15504K(1379776K)] 3196303K->1837332K(4176000K), 0.0387950 secs] [Times: user=0.07 sys=0.00, real=0.03 secs] 
2016-02-20T15:27:56.322+0800: 421473.036: [GC [PSYoungGen: 1376720K->15360K(1379520K)] 3198548K->1837484K(4175744K), 0.0340540 secs] [Times: user=0.06 sys=0.00, real=0.04 secs] 
2016-02-20T15:29:09.053+0800: 421545.767: [GC [PSYoungGen: 1376576K->15745K(1380096K)] 3198700K->1838005K(4176320K), 0.0353440 secs] [Times: user=0.06 sys=0.00, real=0.04 secs] 
2016-02-20T15:30:09.985+0800: 421606.700: [GC [PSYoungGen: 1377793K->15296K(1380032K)] 3200053K->1837805K(4176256K), 0.0386810 secs] [Times: user=0.07 sys=0.01, real=0.04 secs] 
2016-02-20T15:31:04.633+0800: 421661.347: [GC [PSYoungGen: 1377344K->15424K(1380544K)] 3199853K->1838142K(4176768K), 0.0338190 secs] [Times: user=0.06 sys=0.01, real=0.03 secs] 
2016-02-20T15:32:03.801+0800: 421720.516: [GC [PSYoungGen: 1378240K->17520K(1380352K)] 3200958K->1840690K(4176576K), 0.0400550 secs] [Times: user=0.08 sys=0.00, real=0.04 secs] 
2016-02-20T15:33:03.635+0800: 421780.349: [GC [PSYoungGen: 1380336K->16576K(1379072K)] 3203506K->1840063K(4175296K), 0.0419050 secs] [Times: user=0.07 sys=0.00, real=0.04 secs] 
2016-02-20T15:34:02.282+0800: 421838.996: [GC [PSYoungGen: 1377920K->14192K(1379712K)] 3201407K->1837815K(4175936K), 0.0350560 secs] [Times: user=0.07 sys=0.00, real=0.03 secs] 
2016-02-20T15:35:04.364+0800: 421901.078: [GC [PSYoungGen: 1375536K->16288K(1379712K)] 3199159K->1840051K(4175936K), 0.0441070 secs] [Times: user=0.07 sys=0.00, real=0.05 secs] 
2016-02-20T15:36:04.702+0800: 421961.416: [GC [PSYoungGen: 1377632K->14816K(1379712K)] 3201395K->1838795K(4175936K), 0.0366530 secs] [Times: user=0.07 sys=0.00, real=0.04 secs] 
2016-02-20T15:37:03.653+0800: 422020.367: [GC [PSYoungGen: 1376160K->14656K(1379968K)] 3200139K->1838976K(4176192K), 0.0383010 secs] [Times: user=0.06 sys=0.00, real=0.04 secs] 
2016-02-20T15:38:03.635+0800: 422080.350: [GC [PSYoungGen: 1376384K->15104K(1379840K)] 3200704K->1839548K(4176064K), 0.0346470 secs] [Times: user=0.06 sys=0.00, real=0.04 secs] 
2016-02-20T15:39:05.424+0800: 422142.139: [GC [PSYoungGen: 1376832K->17872K(1378880K)] 3201276K->1842586K(4175104K), 0.0358680 secs] [Times: user=0.06 sys=0.00, real=0.04 secs] 
2016-02-20T15:40:00.045+0800: 422196.759: [GC [PSYoungGen: 1378832K->15520K(1379520K)] 3203546K->1840598K(4175744K), 0.0351760 secs] [Times: user=0.06 sys=0.00, real=0.04 secs] 
2016-02-20T15:40:55.763+0800: 422252.477: [GC [PSYoungGen: 1376480K->14464K(1379840K)] 3201558K->1839750K(4176064K), 0.0329260 secs] [Times: user=0.06 sys=0.01, real=0.04 secs] 
2016-02-20T15:41:49.974+0800: 422306.689: [GC [PSYoungGen: 1376000K->14976K(1379776K)] 3201286K->1840503K(4176000K), 0.0355160 secs] [Times: user=0.06 sys=0.00, real=0.03 secs] 
2016-02-20T15:42:48.198+0800: 422364.912: [GC [PSYoungGen: 1376512K->15760K(1380160K)] 3202039K->1841600K(4176384K), 0.0365160 secs] [Times: user=0.07 sys=0.00, real=0.03 secs] 
2016-02-20T15:43:42.720+0800: 422419.434: [GC [PSYoungGen: 1377872K->15584K(1380032K)] 3203712K->1841825K(4176256K), 0.0344050 secs] [Times: user=0.06 sys=0.00, real=0.04 secs] 
2016-02-20T15:44:45.586+0800: 422482.301: [GC [PSYoungGen: 1377696K->16080K(1380352K)] 3203937K->1842649K(4176576K), 0.0403050 secs] [Times: user=0.06 sys=0.00, real=0.04 secs] 
2016-02-20T15:45:44.741+0800: 422541.456: [GC [PSYoungGen: 1378704K->15520K(1380352K)] 3205273K->1842216K(4176576K), 0.0382260 secs] [Times: user=0.07 sys=0.00, real=0.04 secs] 
2016-02-20T15:46:40.954+0800: 422597.668: [GC [PSYoungGen: 1378144K->15456K(1380736K)] 3204840K->1842396K(4176960K), 0.0331520 secs] [Times: user=0.06 sys=0.00, real=0.03 secs] 
2016-02-20T15:47:36.124+0800: 422652.839: [GC [PSYoungGen: 1378720K->17232K(1380544K)] 3205660K->1844305K(4176768K), 0.0373370 secs] [Times: user=0.06 sys=0.00, real=0.04 secs] 
2016-02-20T15:48:35.803+0800: 422712.517: [GC [PSYoungGen: 1380496K->16288K(1380032K)] 3207569K->1843634K(4176256K), 0.0356410 secs] [Times: user=0.07 sys=0.00, real=0.04 secs] 
2016-02-20T15:49:35.112+0800: 422771.827: [GC [PSYoungGen: 1378784K->16352K(1380288K)] 3206130K->1844226K(4176512K), 0.0406040 secs] [Times: user=0.07 sys=0.00, real=0.04 secs] 
2016-02-20T15:50:31.834+0800: 422828.548: [GC [PSYoungGen: 1378848K->15664K(1380416K)] 3206722K->1843851K(4176640K), 0.0388570 secs] [Times: user=0.06 sys=0.00, real=0.04 secs] 
2016-02-20T15:51:26.971+0800: 422883.685: [GC [PSYoungGen: 1378288K->16224K(1380288K)] 3206475K->1844648K(4176512K), 0.0399150 secs] [Times: user=0.07 sys=0.00, real=0.04 secs] 
2016-02-20T15:52:23.964+0800: 422940.679: [GC [PSYoungGen: 1378848K->15584K(1380608K)] 3207272K->1844171K(4176832K), 0.0443570 secs] [Times: user=0.07 sys=0.00, real=0.04 secs] 
2016-02-20T15:53:19.536+0800: 422996.250: [GC [PSYoungGen: 1378592K->15392K(1380480K)] 3207179K->1844224K(4176704K), 0.0400370 secs] [Times: user=0.06 sys=0.00, real=0.05 secs] 
2016-02-20T15:54:18.828+0800: 423055.542: [GC [PSYoungGen: 1378400K->15600K(1380800K)] 3207232K->1844652K(4177024K), 0.0340410 secs] [Times: user=0.06 sys=0.00, real=0.03 secs] 
2016-02-20T15:55:19.544+0800: 423116.258: [GC [PSYoungGen: 1378992K->14656K(1380672K)] 3208044K->1843945K(4176896K), 0.0377950 secs] [Times: user=0.08 sys=0.00, real=0.04 secs] 
2016-02-20T15:56:21.186+0800: 423177.901: [GC [PSYoungGen: 1378048K->16592K(1380416K)] 3207337K->1846130K(4176640K), 0.0373720 secs] [Times: user=0.06 sys=0.00, real=0.04 secs] 
2016-02-20T15:57:24.215+0800: 423240.929: [GC [PSYoungGen: 1379728K->17440K(1380608K)] 3209266K->1848364K(4176832K), 0.0466920 secs] [Times: user=0.08 sys=0.00, real=0.04 secs] 
2016-02-20T15:58:20.623+0800: 423297.337: [GC [PSYoungGen: 1380576K->16880K(1378432K)] 3211500K->1848173K(4174656K), 0.0352350 secs] [Times: user=0.06 sys=0.00, real=0.03 secs] 
2016-02-20T15:59:15.149+0800: 423351.863: [GC [PSYoungGen: 1377840K->15536K(1379520K)] 3209133K->1847173K(4175744K), 0.0352990 secs] [Times: user=0.06 sys=0.00, real=0.04 secs] 
2016-02-20T16:00:11.408+0800: 423408.122: [GC [PSYoungGen: 1376496K->16928K(1379456K)] 3208133K->1848762K(4175680K), 0.0378540 secs] [Times: user=0.06 sys=0.01, real=0.04 secs] 
2016-02-20T16:01:05.154+0800: 423461.868: [GC [PSYoungGen: 1378016K->15200K(1379584K)] 3209850K->1847543K(4175808K), 0.0367820 secs] [Times: user=0.07 sys=0.00, real=0.04 secs] 
2016-02-20T16:02:09.614+0800: 423526.329: [GC [PSYoungGen: 1376288K->15936K(1379904K)] 3208631K->1848423K(4176128K), 0.0360330 secs] [Times: user=0.06 sys=0.00, real=0.04 secs] 
2016-02-20T16:03:03.535+0800: 423580.249: [GC [PSYoungGen: 1377408K->13904K(1379648K)] 3209895K->1846551K(4175872K), 0.0355890 secs] [Times: user=0.06 sys=0.00, real=0.03 secs] 
2016-02-20T16:04:06.239+0800: 423642.953: [GC [PSYoungGen: 1375376K->16496K(1379712K)] 3208023K->1849567K(4175936K), 0.0376580 secs] [Times: user=0.06 sys=0.00, real=0.04 secs] 
2016-02-20T16:05:07.136+0800: 423703.851: [GC [PSYoungGen: 1377840K->17312K(1378688K)] 3210911K->1850567K(4174912K), 0.0367350 secs] [Times: user=0.07 sys=0.00, real=0.04 secs] 
2016-02-20T16:06:02.748+0800: 423759.462: [GC [PSYoungGen: 1378656K->13440K(1379072K)] 3211911K->1846887K(4175296K), 0.0357230 secs] [Times: user=0.06 sys=0.01, real=0.03 secs] 
2016-02-20T16:07:10.594+0800: 423827.308: [GC [PSYoungGen: 1373888K->18144K(1378624K)] 3207335K->1851796K(4174848K), 0.0376370 secs] [Times: user=0.07 sys=0.00, real=0.04 secs] 
2016-02-20T16:08:12.291+0800: 423889.005: [GC [PSYoungGen: 1378592K->18352K(1377664K)] 3212244K->1852336K(4173888K), 0.0367430 secs] [Times: user=0.06 sys=0.00, real=0.04 secs] 
2016-02-20T16:09:12.901+0800: 423949.615: [GC [PSYoungGen: 1376624K->15872K(1378176K)] 3210608K->1850148K(4174400K), 0.0377020 secs] [Times: user=0.07 sys=0.00, real=0.03 secs] 
2016-02-20T16:10:18.238+0800: 424014.953: [GC [PSYoungGen: 1374144K->18400K(1377536K)] 3208420K->1852892K(4173760K), 0.0376650 secs] [Times: user=0.07 sys=0.00, real=0.04 secs] 
2016-02-20T16:11:24.962+0800: 424081.676: [GC [PSYoungGen: 1376288K->18800K(1376704K)] 3210780K->1853513K(4172928K), 0.0408180 secs] [Times: user=0.07 sys=0.00, real=0.04 secs] 
2016-02-20T16:12:28.140+0800: 424144.854: [GC [PSYoungGen: 1376688K->16320K(1377792K)] 3211401K->1851273K(4174016K), 0.0405220 secs] [Times: user=0.07 sys=0.01, real=0.04 secs] 
2016-02-20T16:13:29.844+0800: 424206.558: [GC [PSYoungGen: 1373504K->15824K(1377472K)] 3208457K->1850921K(4173696K), 0.0349980 secs] [Times: user=0.07 sys=0.00, real=0.04 secs] 
2016-02-20T16:14:24.379+0800: 424261.093: [GC [PSYoungGen: 1373008K->17040K(1378176K)] 3208105K->1852293K(4174400K), 0.0379700 secs] [Times: user=0.07 sys=0.00, real=0.04 secs] 
2016-02-20T16:15:13.431+0800: 424310.146: [GC [PSYoungGen: 1375184K->15312K(1378048K)] 3210437K->1850682K(4174272K), 0.0357510 secs] [Times: user=0.06 sys=0.00, real=0.04 secs] 
2016-02-20T16:16:03.072+0800: 424359.786: [GC [PSYoungGen: 1373456K->15936K(1378560K)] 3208826K->1851498K(4174784K), 0.0380780 secs] [Times: user=0.06 sys=0.00, real=0.03 secs] 
2016-02-20T16:16:51.936+0800: 424408.651: [GC [PSYoungGen: 1374720K->15824K(1378304K)] 3210282K->1851699K(4174528K), 0.0361790 secs] [Times: user=0.07 sys=0.00, real=0.04 secs] 
2016-02-20T16:17:55.987+0800: 424472.702: [GC [PSYoungGen: 1374608K->17856K(1378240K)] 3210483K->1854102K(4174464K), 0.0405230 secs] [Times: user=0.07 sys=0.00, real=0.04 secs] 
2016-02-20T16:18:50.211+0800: 424526.925: [GC [PSYoungGen: 1376768K->15424K(1378496K)] 3213014K->1851802K(4174720K), 0.0370030 secs] [Times: user=0.07 sys=0.00, real=0.04 secs] 
2016-02-20T16:19:44.327+0800: 424581.042: [GC [PSYoungGen: 1374336K->16656K(1378816K)] 3210714K->1853183K(4175040K), 0.0374350 secs] [Times: user=0.07 sys=0.00, real=0.04 secs] 
2016-02-20T16:20:41.967+0800: 424638.681: [GC [PSYoungGen: 1376016K->16704K(1378624K)] 3212543K->1853359K(4174848K), 0.0417700 secs] [Times: user=0.07 sys=0.00, real=0.04 secs] 
2016-02-20T16:21:47.519+0800: 424704.233: [GC [PSYoungGen: 1376064K->16992K(1379072K)] 3212719K->1854072K(4175296K), 0.0390780 secs] [Times: user=0.07 sys=0.00, real=0.04 secs] 
2016-02-20T16:22:47.726+0800: 424764.441: [GC [PSYoungGen: 1376992K->16688K(1379008K)] 3214072K->1853872K(4175232K), 0.0408010 secs] [Times: user=0.07 sys=0.00, real=0.04 secs] 
2016-02-20T16:23:53.540+0800: 424830.255: [GC [PSYoungGen: 1376688K->16912K(1379328K)] 3213872K->1854455K(4175552K), 0.0473760 secs] [Times: user=0.09 sys=0.00, real=0.05 secs] 
2016-02-20T16:24:54.619+0800: 424891.334: [GC [PSYoungGen: 1377424K->15088K(1379264K)] 3214967K->1852887K(4175488K), 0.0330710 secs] [Times: user=0.07 sys=0.00, real=0.04 secs] 
2016-02-20T16:25:44.251+0800: 424940.966: [GC [PSYoungGen: 1375600K->13216K(1378752K)] 3213399K->1851224K(4174976K), 0.0321820 secs] [Times: user=0.06 sys=0.00, real=0.03 secs] 
2016-02-20T16:26:37.414+0800: 424994.128: [GC [PSYoungGen: 1373152K->14496K(1379008K)] 3211160K->1852744K(4175232K), 0.0320810 secs] [Times: user=0.06 sys=0.00, real=0.03 secs] 
2016-02-20T16:27:42.691+0800: 425059.405: [GC [PSYoungGen: 1374432K->16000K(1379264K)] 3212680K->1854336K(4175488K), 0.0361230 secs] [Times: user=0.06 sys=0.00, real=0.03 secs] 
2016-02-20T16:28:45.530+0800: 425122.245: [GC [PSYoungGen: 1376192K->16816K(1379008K)] 3214528K->1855297K(4175232K), 0.0373490 secs] [Times: user=0.06 sys=0.00, real=0.04 secs] 
2016-02-20T16:29:44.253+0800: 425180.968: [GC [PSYoungGen: 1377008K->17536K(1378624K)] 3215489K->1856326K(4174848K), 0.0376080 secs] [Times: user=0.06 sys=0.00, real=0.03 secs] 
2016-02-20T16:30:40.709+0800: 425237.424: [GC [PSYoungGen: 1377344K->15056K(1378944K)] 3216134K->1854166K(4175168K), 0.0326090 secs] [Times: user=0.06 sys=0.00, real=0.03 secs] 
2016-02-20T16:31:41.387+0800: 425298.102: [GC [PSYoungGen: 1374864K->16016K(1379328K)] 3213974K->1855362K(4175552K), 0.0340540 secs] [Times: user=0.07 sys=0.00, real=0.03 secs] 
2016-02-20T16:32:48.916+0800: 425365.630: [GC [PSYoungGen: 1376336K->16128K(1379072K)] 3215682K->1855842K(4175296K), 0.0414310 secs] [Times: user=0.08 sys=0.00, real=0.04 secs] 
2016-02-20T16:33:43.957+0800: 425420.671: [GC [PSYoungGen: 1376448K->15344K(1379712K)] 3216162K->1855158K(4175936K), 0.0439710 secs] [Times: user=0.08 sys=0.00, real=0.04 secs] 
2016-02-20T16:34:48.491+0800: 425485.205: [GC [PSYoungGen: 1376560K->16096K(1379584K)] 3216374K->1856166K(4175808K), 0.0409420 secs] [Times: user=0.08 sys=0.00, real=0.05 secs] 
2016-02-20T16:35:46.997+0800: 425543.711: [GC [PSYoungGen: 1377312K->14448K(1379776K)] 3217382K->1854719K(4176000K), 0.0362520 secs] [Times: user=0.08 sys=0.00, real=0.04 secs] 
2016-02-20T16:36:49.159+0800: 425605.874: [GC [PSYoungGen: 1376048K->16144K(1379840K)] 3216319K->1856611K(4176064K), 0.0353250 secs] [Times: user=0.07 sys=0.00, real=0.03 secs] 
2016-02-20T16:37:49.460+0800: 425666.174: [GC [PSYoungGen: 1377744K->14864K(1380032K)] 3218211K->1855523K(4176256K), 0.0356610 secs] [Times: user=0.06 sys=0.00, real=0.04 secs] 
2016-02-20T16:38:45.881+0800: 425722.595: [GC [PSYoungGen: 1376784K->16080K(1379968K)] 3217443K->1856968K(4176192K), 0.0370010 secs] [Times: user=0.07 sys=0.00, real=0.04 secs] 
2016-02-20T16:39:33.805+0800: 425770.520: [GC [PSYoungGen: 1378000K->14432K(1380032K)] 3218888K->1855640K(4176256K), 0.0322660 secs] [Times: user=0.06 sys=0.00, real=0.03 secs] 
2016-02-20T16:40:26.428+0800: 425823.142: [GC [PSYoungGen: 1376544K->14752K(1380096K)] 3217752K->1856200K(4176320K), 0.0402460 secs] [Times: user=0.06 sys=0.00, real=0.04 secs] 
2016-02-20T16:41:22.607+0800: 425879.321: [GC [PSYoungGen: 1376864K->16096K(1380224K)] 3218312K->1857749K(4176448K), 0.0341390 secs] [Times: user=0.06 sys=0.00, real=0.04 secs] 
2016-02-20T16:42:18.837+0800: 425935.551: [GC [PSYoungGen: 1378400K->14768K(1380160K)] 3220053K->1856605K(4176384K), 0.0410060 secs] [Times: user=0.07 sys=0.00, real=0.04 secs] 
2016-02-20T16:43:14.635+0800: 425991.350: [GC [PSYoungGen: 1377072K->14736K(1380352K)] 3218909K->1856798K(4176576K), 0.0331890 secs] [Times: user=0.06 sys=0.00, real=0.03 secs] 
2016-02-20T16:44:13.901+0800: 426050.615: [GC [PSYoungGen: 1377296K->14544K(1380288K)] 3219358K->1857106K(4176512K), 0.0330930 secs] [Times: user=0.07 sys=0.00, real=0.03 secs] 
2016-02-20T16:45:12.311+0800: 426109.026: [GC [PSYoungGen: 1377104K->16144K(1380288K)] 3219666K->1858995K(4176512K), 0.0371090 secs] [Times: user=0.06 sys=0.01, real=0.04 secs] 
2016-02-20T16:46:15.021+0800: 426171.735: [GC [PSYoungGen: 1378768K->16272K(1378944K)] 3221619K->1859327K(4175168K), 0.0420440 secs] [Times: user=0.07 sys=0.00, real=0.04 secs] 
2016-02-20T16:47:11.567+0800: 426228.281: [GC [PSYoungGen: 1378896K->15808K(1380416K)] 3221951K->1859176K(4176640K), 0.0340950 secs] [Times: user=0.06 sys=0.00, real=0.03 secs] 
2016-02-20T16:48:11.125+0800: 426287.840: [GC [PSYoungGen: 1378432K->16224K(1380288K)] 3221800K->1859978K(4176512K), 0.0363800 secs] [Times: user=0.06 sys=0.00, real=0.04 secs] 
2016-02-20T16:49:07.391+0800: 426344.105: [GC [PSYoungGen: 1378848K->15968K(1380480K)] 3222602K->1860014K(4176704K), 0.0402690 secs] [Times: user=0.07 sys=0.00, real=0.04 secs] 
2016-02-20T16:50:01.682+0800: 426398.397: [GC [PSYoungGen: 1378720K->16448K(1380352K)] 3222766K->1860671K(4176576K), 0.0375270 secs] [Times: user=0.07 sys=0.00, real=0.04 secs] 
2016-02-20T16:51:00.219+0800: 426456.933: [GC [PSYoungGen: 1379200K->15488K(1380480K)] 3223423K->1859931K(4176704K), 0.0317020 secs] [Times: user=0.06 sys=0.00, real=0.03 secs] 
2016-02-20T16:52:05.787+0800: 426522.501: [GC [PSYoungGen: 1378240K->17584K(1380352K)] 3222683K->1862272K(4176576K), 0.0388080 secs] [Times: user=0.07 sys=0.00, real=0.04 secs] 
2016-02-20T16:53:01.213+0800: 426577.927: [GC [PSYoungGen: 1380336K->14128K(1379456K)] 3225024K->1859224K(4175680K), 0.0415670 secs] [Times: user=0.07 sys=0.00, real=0.04 secs] 
2016-02-20T16:53:57.955+0800: 426634.670: [GC [PSYoungGen: 1375856K->16352K(1379904K)] 3220952K->1861805K(4176128K), 0.0360660 secs] [Times: user=0.06 sys=0.00, real=0.03 secs] 
2016-02-20T16:54:53.241+0800: 426689.956: [GC [PSYoungGen: 1378080K->16000K(1380096K)] 3223533K->1861641K(4176320K), 0.0351160 secs] [Times: user=0.07 sys=0.00, real=0.04 secs] 
2016-02-20T16:55:50.479+0800: 426747.194: [GC [PSYoungGen: 1377920K->15153K(1379904K)] 3223561K->1860922K(4176128K), 0.0350100 secs] [Times: user=0.06 sys=0.00, real=0.04 secs] 
2016-02-20T16:56:46.091+0800: 426802.806: [GC [PSYoungGen: 1377073K->17296K(1379520K)] 3222842K->1863295K(4175744K), 0.0424060 secs] [Times: user=0.08 sys=0.00, real=0.04 secs] 
2016-02-20T16:57:47.325+0800: 426864.039: [GC [PSYoungGen: 1378896K->16496K(1379840K)] 3224895K->1862890K(4176064K), 0.0404980 secs] [Times: user=0.08 sys=0.00, real=0.04 secs] 
2016-02-20T16:58:47.574+0800: 426924.288: [GC [PSYoungGen: 1378096K->15616K(1379968K)] 3224490K->1862251K(4176192K), 0.0373200 secs] [Times: user=0.07 sys=0.00, real=0.03 secs] 
2016-02-20T16:59:45.268+0800: 426981.982: [GC [PSYoungGen: 1377344K->16897K(1379840K)] 3223979K->1863664K(4176064K), 0.0427560 secs] [Times: user=0.07 sys=0.00, real=0.05 secs] 
2016-02-20T17:00:40.860+0800: 427037.575: [GC [PSYoungGen: 1378625K->16864K(1379712K)] 3225392K->1864081K(4175936K), 0.0381390 secs] [Times: user=0.06 sys=0.00, real=0.04 secs] 
2016-02-20T17:01:35.907+0800: 427092.621: [GC [PSYoungGen: 1378336K->16592K(1379776K)] 3225553K->1864193K(4176000K), 0.0368290 secs] [Times: user=0.06 sys=0.00, real=0.04 secs] 
2016-02-20T17:02:36.304+0800: 427153.018: [GC [PSYoungGen: 1378064K->16416K(1379904K)] 3225665K->1864386K(4176128K), 0.0384040 secs] [Times: user=0.06 sys=0.00, real=0.04 secs] 
2016-02-20T17:03:34.436+0800: 427211.150: [GC [PSYoungGen: 1378016K->17920K(1379584K)] 3225986K->1866155K(4175808K), 0.0401790 secs] [Times: user=0.07 sys=0.01, real=0.04 secs] 
2016-02-20T17:04:31.079+0800: 427267.793: [GC [PSYoungGen: 1379520K->15760K(1379584K)] 3227755K->1864347K(4175808K), 0.0340350 secs] [Times: user=0.07 sys=0.00, real=0.04 secs] 
2016-02-20T17:05:28.304+0800: 427325.018: [GC [PSYoungGen: 1376848K->16448K(1379584K)] 3225435K->1865435K(4175808K), 0.0374320 secs] [Times: user=0.07 sys=0.00, real=0.04 secs] 
2016-02-20T17:06:30.006+0800: 427386.720: [GC [PSYoungGen: 1377536K->17520K(1379328K)] 3226523K->1866663K(4175552K), 0.0364950 secs] [Times: user=0.07 sys=0.00, real=0.03 secs] 
2016-02-20T17:07:25.421+0800: 427442.135: [GC [PSYoungGen: 1378480K->14304K(1375296K)] 3227623K->1863691K(4171520K), 0.0383780 secs] [Times: user=0.07 sys=0.00, real=0.03 secs] 
2016-02-20T17:08:26.236+0800: 427502.951: [GC [PSYoungGen: 1375264K->14896K(1379392K)] 3224651K->1864575K(4175616K), 0.0352940 secs] [Times: user=0.07 sys=0.00, real=0.03 secs] 
2016-02-20T17:09:29.294+0800: 427566.008: [GC [PSYoungGen: 1375536K->15936K(1379328K)] 3225215K->1865976K(4175552K), 0.0382510 secs] [Times: user=0.07 sys=0.00, real=0.04 secs] 
2016-02-20T17:10:25.583+0800: 427622.297: [GC [PSYoungGen: 1376576K->14224K(1379456K)] 3226616K->1864592K(4175680K), 0.0370740 secs] [Times: user=0.07 sys=0.01, real=0.04 secs] 
2016-02-20T17:11:20.871+0800: 427677.585: [GC [PSYoungGen: 1375184K->16048K(1379520K)] 3225552K->1866653K(4175744K), 0.0345850 secs] [Times: user=0.07 sys=0.00, real=0.04 secs] 
2016-02-20T17:12:21.434+0800: 427738.149: [GC [PSYoungGen: 1377008K->16416K(1379776K)] 3227613K->1867201K(4176000K), 0.0421780 secs] [Times: user=0.08 sys=0.00, real=0.04 secs] 
2016-02-20T17:13:15.243+0800: 427791.957: [GC [PSYoungGen: 1377824K->13856K(1375296K)] 3228609K->1865009K(4171520K), 0.0327990 secs] [Times: user=0.06 sys=0.00, real=0.04 secs] 
2016-02-20T17:14:16.863+0800: 427853.577: [GC [PSYoungGen: 1375264K->15616K(1379904K)] 3226417K->1866914K(4176128K), 0.0388710 secs] [Times: user=0.06 sys=0.00, real=0.04 secs] 
2016-02-20T17:15:11.420+0800: 427908.134: [GC [PSYoungGen: 1377088K->15152K(1379648K)] 3228386K->1866706K(4175872K), 0.0358470 secs] [Times: user=0.06 sys=0.01, real=0.03 secs] 
2016-02-20T17:16:07.162+0800: 427963.877: [GC [PSYoungGen: 1376624K->15152K(1380160K)] 3228178K->1866847K(4176384K), 0.0379590 secs] [Times: user=0.06 sys=0.00, real=0.04 secs] 
2016-02-20T17:16:58.225+0800: 428014.939: [GC [PSYoungGen: 1377264K->15024K(1380032K)] 3228959K->1867070K(4176256K), 0.0344160 secs] [Times: user=0.07 sys=0.00, real=0.03 secs] 
2016-02-20T17:17:48.613+0800: 428065.327: [GC [PSYoungGen: 1377136K->13776K(1380160K)] 3229182K->1866103K(4176384K), 0.0307670 secs] [Times: user=0.06 sys=0.00, real=0.03 secs] 
2016-02-20T17:18:49.193+0800: 428125.908: [GC [PSYoungGen: 1376144K->15104K(1380224K)] 3228471K->1867631K(4176448K), 0.0386610 secs] [Times: user=0.08 sys=0.00, real=0.04 secs] 
2016-02-20T17:19:46.325+0800: 428183.039: [GC [PSYoungGen: 1377472K->16480K(1380032K)] 3229999K->1869199K(4176256K), 0.0368360 secs] [Times: user=0.06 sys=0.01, real=0.03 secs] 
2016-02-20T17:20:43.574+0800: 428240.288: [GC [PSYoungGen: 1378848K->13600K(1376000K)] 3231567K->1866711K(4172224K), 0.0303730 secs] [Times: user=0.05 sys=0.01, real=0.03 secs] 
2016-02-20T17:21:45.383+0800: 428302.097: [GC [PSYoungGen: 1375968K->17088K(1379264K)] 3229079K->1870324K(4175488K), 0.0382960 secs] [Times: user=0.06 sys=0.00, real=0.04 secs] 
2016-02-20T17:22:43.017+0800: 428359.731: [GC [PSYoungGen: 1378432K->16416K(1377792K)] 3231668K->1869808K(4174016K), 0.0369440 secs] [Times: user=0.06 sys=0.00, real=0.04 secs] 
2016-02-20T17:23:38.202+0800: 428414.916: [GC [PSYoungGen: 1377760K->16608K(1379520K)] 3231152K->1870157K(4175744K), 0.0359960 secs] [Times: user=0.06 sys=0.00, real=0.03 secs] 
2016-02-20T17:24:37.203+0800: 428473.918: [GC [PSYoungGen: 1377696K->15312K(1379584K)] 3231245K->1869077K(4175808K), 0.0360530 secs] [Times: user=0.07 sys=0.00, real=0.04 secs] 
2016-02-20T17:25:35.072+0800: 428531.787: [GC [PSYoungGen: 1376400K->17088K(1379264K)] 3230165K->1871186K(4175488K), 0.0373140 secs] [Times: user=0.06 sys=0.00, real=0.03 secs] 
2016-02-20T17:26:33.641+0800: 428590.356: [GC [PSYoungGen: 1378048K->16832K(1377856K)] 3232146K->1871198K(4174080K), 0.0415830 secs] [Times: user=0.07 sys=0.00, real=0.04 secs] 
2016-02-20T17:27:42.853+0800: 428659.567: [GC [PSYoungGen: 1377792K->18112K(1378240K)] 3232158K->1872675K(4174464K), 0.0389830 secs] [Times: user=0.07 sys=0.00, real=0.04 secs] 
2016-02-20T17:28:39.802+0800: 428716.516: [GC [PSYoungGen: 1377664K->16405K(1378816K)] 3232227K->1871364K(4175040K), 0.0365390 secs] [Times: user=0.07 sys=0.00, real=0.03 secs] 
2016-02-20T17:29:46.790+0800: 428783.505: [GC [PSYoungGen: 1375957K->15584K(1379264K)] 3230916K->1870700K(4175488K), 0.0352470 secs] [Times: user=0.07 sys=0.00, real=0.04 secs] 
2016-02-20T17:30:45.470+0800: 428842.184: [GC [PSYoungGen: 1375840K->14864K(1379072K)] 3230956K->1870261K(4175296K), 0.0364470 secs] [Times: user=0.06 sys=0.00, real=0.04 secs] 
2016-02-20T17:31:42.453+0800: 428899.168: [GC [PSYoungGen: 1375120K->16736K(1379200K)] 3230517K->1872477K(4175424K), 0.0383910 secs] [Times: user=0.07 sys=0.00, real=0.04 secs] 
2016-02-20T17:32:42.237+0800: 428958.951: [GC [PSYoungGen: 1377184K->15088K(1379264K)] 3232925K->1871129K(4175488K), 0.0330300 secs] [Times: user=0.06 sys=0.01, real=0.03 secs] 
2016-02-20T17:33:46.876+0800: 429023.590: [GC [PSYoungGen: 1375536K->17216K(1379008K)] 3231577K->1873478K(4175232K), 0.0401620 secs] [Times: user=0.06 sys=0.00, real=0.04 secs] 
2016-02-20T17:34:48.909+0800: 429085.624: [GC [PSYoungGen: 1377536K->16304K(1379200K)] 3233798K->1872811K(4175424K), 0.0416730 secs] [Times: user=0.08 sys=0.00, real=0.04 secs] 
2016-02-20T17:35:48.081+0800: 429144.795: [GC [PSYoungGen: 1376624K->13904K(1379136K)] 3233131K->1870755K(4175360K), 0.0332260 secs] [Times: user=0.06 sys=0.00, real=0.04 secs] 
2016-02-20T17:36:50.928+0800: 429207.642: [GC [PSYoungGen: 1374352K->16992K(1377472K)] 3231203K->1874312K(4173696K), 0.0388270 secs] [Times: user=0.08 sys=0.00, real=0.04 secs] 
2016-02-20T17:37:49.900+0800: 429266.614: [GC [PSYoungGen: 1377440K->16640K(1379200K)] 3234760K->1874117K(4175424K), 0.0421910 secs] [Times: user=0.07 sys=0.01, real=0.04 secs] 
2016-02-20T17:38:54.361+0800: 429331.076: [GC [PSYoungGen: 1376896K->18272K(1378560K)] 3234373K->1875997K(4174784K), 0.0403750 secs] [Times: user=0.07 sys=0.00, real=0.04 secs] 
2016-02-20T17:39:54.531+0800: 429391.245: [GC [PSYoungGen: 1378528K->16040K(1378944K)] 3236253K->1874165K(4175168K), 0.0341730 secs] [Times: user=0.07 sys=0.00, real=0.03 secs] 
2016-02-20T17:40:56.143+0800: 429452.857: [GC [PSYoungGen: 1375592K->15488K(1378688K)] 3233717K->1873806K(4174912K), 0.0348310 secs] [Times: user=0.07 sys=0.00, real=0.04 secs] 
2016-02-20T17:41:54.151+0800: 429510.865: [GC [PSYoungGen: 1375040K->14016K(1378944K)] 3233358K->1872515K(4175168K), 0.0321230 secs] [Times: user=0.06 sys=0.00, real=0.04 secs] 
2016-02-20T17:42:52.542+0800: 429569.256: [GC [PSYoungGen: 1373952K->17120K(1377088K)] 3232451K->1875844K(4173312K), 0.0373390 secs] [Times: user=0.07 sys=0.00, real=0.04 secs] 
2016-02-20T17:43:56.196+0800: 429632.911: [GC [PSYoungGen: 1377056K->16896K(1378880K)] 3235780K->1875860K(4175104K), 0.0386150 secs] [Times: user=0.07 sys=0.00, real=0.04 secs] 
2016-02-20T17:44:54.586+0800: 429691.301: [GC [PSYoungGen: 1376576K->15776K(1378880K)] 3235540K->1874892K(4175104K), 0.0364740 secs] [Times: user=0.07 sys=0.00, real=0.04 secs] 
2016-02-20T17:45:49.846+0800: 429746.561: [GC [PSYoungGen: 1375456K->14432K(1379136K)] 3234572K->1873701K(4175360K), 0.0422720 secs] [Times: user=0.09 sys=0.00, real=0.04 secs] 
2016-02-20T17:46:51.058+0800: 429807.772: [GC [PSYoungGen: 1374624K->15744K(1379136K)] 3233893K->1875318K(4175360K), 0.0365010 secs] [Times: user=0.07 sys=0.00, real=0.04 secs] 
2016-02-20T17:47:47.858+0800: 429864.573: [GC [PSYoungGen: 1375936K->15856K(1379648K)] 3235510K->1875734K(4175872K), 0.0359420 secs] [Times: user=0.06 sys=0.01, real=0.04 secs] 
2016-02-20T17:48:47.882+0800: 429924.596: [GC [PSYoungGen: 1376816K->15472K(1379392K)] 3236694K->1875743K(4175616K), 0.0385650 secs] [Times: user=0.07 sys=0.00, real=0.04 secs] 
2016-02-20T17:49:45.713+0800: 429982.427: [GC [PSYoungGen: 1376432K->15664K(1380032K)] 3236703K->1876124K(4176256K), 0.0459580 secs] [Times: user=0.09 sys=0.00, real=0.04 secs] 
2016-02-20T17:50:41.729+0800: 430038.443: [GC [PSYoungGen: 1377456K->13696K(1379840K)] 3237916K->1874431K(4176064K), 0.0318440 secs] [Times: user=0.06 sys=0.00, real=0.03 secs] 
2016-02-20T17:51:42.712+0800: 430099.427: [GC [PSYoungGen: 1375488K->14560K(1379904K)] 3236223K->1875392K(4176128K), 0.0319010 secs] [Times: user=0.06 sys=0.00, real=0.03 secs] 
2016-02-20T17:52:45.835+0800: 430162.550: [GC [PSYoungGen: 1376224K->15344K(1379840K)] 3237056K->1876429K(4176064K), 0.0393980 secs] [Times: user=0.07 sys=0.00, real=0.04 secs] 
2016-02-20T17:53:46.082+0800: 430222.796: [GC [PSYoungGen: 1377008K->15712K(1380352K)] 3238093K->1876997K(4176576K), 0.0381220 secs] [Times: user=0.06 sys=0.00, real=0.04 secs] 
2016-02-20T17:54:52.652+0800: 430289.367: [GC [PSYoungGen: 1378144K->17328K(1379776K)] 3239429K->1878909K(4176000K), 0.0382870 secs] [Times: user=0.06 sys=0.01, real=0.03 secs] 
2016-02-20T17:55:49.951+0800: 430346.665: [GC [PSYoungGen: 1379760K->15776K(1380096K)] 3241341K->1877614K(4176320K), 0.0341210 secs] [Times: user=0.06 sys=0.00, real=0.03 secs] 
2016-02-20T17:56:53.662+0800: 430410.376: [GC [PSYoungGen: 1377696K->16752K(1379904K)] 3239534K->1878827K(4176128K), 0.0429860 secs] [Times: user=0.08 sys=0.00, real=0.05 secs] 
2016-02-20T17:57:52.793+0800: 430469.507: [GC [PSYoungGen: 1378672K->16832K(1379584K)] 3240747K->1879267K(4175808K), 0.0395320 secs] [Times: user=0.07 sys=0.00, real=0.04 secs] 
2016-02-20T17:58:51.236+0800: 430527.951: [GC [PSYoungGen: 1378304K->16320K(1379776K)] 3240739K->1878952K(4176000K), 0.0400020 secs] [Times: user=0.07 sys=0.01, real=0.04 secs] 
2016-02-20T17:59:50.879+0800: 430587.593: [GC [PSYoungGen: 1377792K->15328K(1379968K)] 3240424K->1878075K(4176192K), 0.0386750 secs] [Times: user=0.07 sys=0.00, real=0.04 secs] 
2016-02-20T18:00:52.473+0800: 430649.187: [GC [PSYoungGen: 1377120K->13504K(1375360K)] 3239867K->1876579K(4171584K), 0.0329070 secs] [Times: user=0.06 sys=0.00, real=0.03 secs] 
2016-02-20T18:01:56.929+0800: 430713.644: [GC [PSYoungGen: 1375296K->17216K(1379136K)] 3238371K->1880424K(4175360K), 0.0446450 secs] [Times: user=0.08 sys=0.00, real=0.04 secs] 
2016-02-20T18:03:04.093+0800: 430780.807: [GC [PSYoungGen: 1378048K->17634K(1378496K)] 3241256K->1881155K(4174720K), 0.0370210 secs] [Times: user=0.06 sys=0.00, real=0.03 secs] 
2016-02-20T18:04:10.035+0800: 430846.749: [GC [PSYoungGen: 1378466K->14752K(1379200K)] 3241987K->1878777K(4175424K), 0.0364660 secs] [Times: user=0.07 sys=0.00, real=0.04 secs] 
2016-02-20T18:05:16.272+0800: 430912.986: [GC [PSYoungGen: 1374944K->13873K(1379072K)] 3238969K->1878018K(4175296K), 0.0485960 secs] [Times: user=0.10 sys=0.00, real=0.05 secs] 
2016-02-20T18:06:22.008+0800: 430978.723: [GC [PSYoungGen: 1374065K->15008K(1379328K)] 3238210K->1879532K(4175552K), 0.0361280 secs] [Times: user=0.06 sys=0.00, real=0.03 secs] 
2016-02-20T18:07:29.500+0800: 431046.215: [GC [PSYoungGen: 1375392K->15779K(1379136K)] 3239916K->1880715K(4175360K), 0.0346510 secs] [Times: user=0.06 sys=0.00, real=0.03 secs] 
2016-02-20T18:08:31.153+0800: 431107.867: [GC [PSYoungGen: 1376163K->15808K(1379776K)] 3241099K->1880916K(4176000K), 0.0392520 secs] [Times: user=0.07 sys=0.00, real=0.04 secs] 
2016-02-20T18:09:33.699+0800: 431170.414: [GC [PSYoungGen: 1377088K->17024K(1379584K)] 3242196K->1882289K(4175808K), 0.0427580 secs] [Times: user=0.07 sys=0.00, real=0.04 secs] 
2016-02-20T18:10:34.092+0800: 431230.807: [GC [PSYoungGen: 1378304K->15072K(1379712K)] 3243569K->1880565K(4175936K), 0.0391410 secs] [Times: user=0.06 sys=0.00, real=0.03 secs] 
2016-02-20T18:11:40.105+0800: 431296.819: [GC [PSYoungGen: 1376288K->15408K(1379584K)] 3241781K->1881181K(4175808K), 0.0358770 secs] [Times: user=0.06 sys=0.00, real=0.04 secs] 
2016-02-20T18:12:50.258+0800: 431366.972: [GC [PSYoungGen: 1376624K->16544K(1379776K)] 3242397K->1882526K(4176000K), 0.0377630 secs] [Times: user=0.07 sys=0.00, real=0.03 secs] 
2016-02-20T18:13:53.839+0800: 431430.553: [GC [PSYoungGen: 1378144K->16064K(1379840K)] 3244126K->1882286K(4176064K), 0.0446120 secs] [Times: user=0.07 sys=0.00, real=0.05 secs] 
2016-02-20T18:14:56.061+0800: 431492.775: [GC [PSYoungGen: 1377664K->16176K(1380032K)] 3243886K->1882587K(4176256K), 0.0356210 secs] [Times: user=0.06 sys=0.00, real=0.04 secs] 
2016-02-20T18:15:52.744+0800: 431549.459: [GC [PSYoungGen: 1378096K->15200K(1379968K)] 3244507K->1881927K(4176192K), 0.0325360 secs] [Times: user=0.06 sys=0.00, real=0.03 secs] 
2016-02-20T18:16:59.895+0800: 431616.610: [GC [PSYoungGen: 1377120K->15264K(1380288K)] 3243847K->1882248K(4176512K), 0.0333500 secs] [Times: user=0.07 sys=0.00, real=0.04 secs] 
2016-02-20T18:18:02.757+0800: 431679.471: [GC [PSYoungGen: 1377202K->16466K(1380160K)] 3244186K->1883646K(4176384K), 0.0366440 secs] [Times: user=0.07 sys=0.00, real=0.03 secs] 
2016-02-20T18:19:06.607+0800: 431743.321: [GC [PSYoungGen: 1378834K->14080K(1380096K)] 3246014K->1881705K(4176320K), 0.0341060 secs] [Times: user=0.07 sys=0.00, real=0.04 secs] 
2016-02-20T18:20:09.947+0800: 431806.661: [GC [PSYoungGen: 1376320K->13840K(1376128K)] 3243945K->1881693K(4172352K), 0.0335750 secs] [Times: user=0.05 sys=0.01, real=0.04 secs] 
2016-02-20T18:21:21.945+0800: 431878.659: [GC [PSYoungGen: 1376080K->16360K(1379904K)] 3243933K->1884490K(4176128K), 0.0367990 secs] [Times: user=0.06 sys=0.00, real=0.03 secs] 
2016-02-20T18:22:24.222+0800: 431940.936: [GC [PSYoungGen: 1378216K->15792K(1379968K)] 3246346K->1884166K(4176192K), 0.0376090 secs] [Times: user=0.07 sys=0.00, real=0.03 secs] 
2016-02-20T18:23:34.809+0800: 432011.524: [GC [PSYoungGen: 1377648K->14208K(1380160K)] 3246022K->1882942K(4176384K), 0.0310530 secs] [Times: user=0.06 sys=0.00, real=0.03 secs] 
2016-02-20T18:24:43.658+0800: 432080.372: [GC [PSYoungGen: 1376448K->16080K(1380160K)] 3245182K->1885007K(4176384K), 0.0424720 secs] [Times: user=0.06 sys=0.00, real=0.05 secs] 
2016-02-20T18:25:37.477+0800: 432134.191: [GC [PSYoungGen: 1378320K->16352K(1380032K)] 3247247K->1885427K(4176256K), 0.0368400 secs] [Times: user=0.07 sys=0.00, real=0.03 secs] 
2016-02-20T18:26:44.632+0800: 432201.346: [GC [PSYoungGen: 1378464K->15568K(1380096K)] 3247539K->1885011K(4176320K), 0.0355860 secs] [Times: user=0.06 sys=0.00, real=0.04 secs] 
2016-02-20T18:27:42.762+0800: 432259.477: [GC [PSYoungGen: 1377680K->14704K(1380352K)] 3247123K->1884327K(4176576K), 0.0333110 secs] [Times: user=0.06 sys=0.00, real=0.03 secs] 
2016-02-20T18:28:50.391+0800: 432327.106: [GC [PSYoungGen: 1377264K->17168K(1379776K)] 3246887K->1887104K(4176000K), 0.0393760 secs] [Times: user=0.07 sys=0.00, real=0.04 secs] 
2016-02-20T18:29:46.711+0800: 432383.426: [GC [PSYoungGen: 1379728K->15408K(1380160K)] 3249664K->1885572K(4176384K), 0.0348250 secs] [Times: user=0.07 sys=0.00, real=0.04 secs] 
2016-02-20T18:30:52.673+0800: 432449.387: [GC [PSYoungGen: 1377456K->16000K(1379968K)] 3247620K->1886368K(4176192K), 0.0371990 secs] [Times: user=0.06 sys=0.00, real=0.04 secs] 
2016-02-20T18:31:52.806+0800: 432509.520: [GC [PSYoungGen: 1378048K->15616K(1380480K)] 3248416K->1886156K(4176704K), 0.0347830 secs] [Times: user=0.07 sys=0.00, real=0.03 secs] 
2016-02-20T18:32:56.402+0800: 432573.116: [GC [PSYoungGen: 1378304K->15952K(1380288K)] 3248844K->1886600K(4176512K), 0.0443000 secs] [Times: user=0.09 sys=0.00, real=0.04 secs] 
2016-02-20T18:33:52.524+0800: 432629.239: [GC [PSYoungGen: 1378640K->14688K(1380544K)] 3249288K->1885517K(4176768K), 0.0346080 secs] [Times: user=0.06 sys=0.00, real=0.03 secs] 
2016-02-20T18:34:53.269+0800: 432689.983: [GC [PSYoungGen: 1377696K->14400K(1380544K)] 3248525K->1885465K(4176768K), 0.0353580 secs] [Times: user=0.06 sys=0.01, real=0.04 secs] 
2016-02-20T18:35:55.187+0800: 432751.901: [GC [PSYoungGen: 1377408K->12976K(1380160K)] 3248473K->1884446K(4176384K), 0.0320820 secs] [Times: user=0.06 sys=0.01, real=0.04 secs] 
2016-02-20T18:36:59.808+0800: 432816.522: [GC [PSYoungGen: 1375600K->14352K(1380352K)] 3247070K->1886111K(4176576K), 0.0323470 secs] [Times: user=0.07 sys=0.00, real=0.03 secs] 
2016-02-20T18:38:01.516+0800: 432878.230: [GC [PSYoungGen: 1376976K->15744K(1380480K)] 3248735K->1887826K(4176704K), 0.0350330 secs] [Times: user=0.06 sys=0.01, real=0.03 secs] 
2016-02-20T18:39:04.067+0800: 432940.782: [GC [PSYoungGen: 1378560K->15648K(1380416K)] 3250642K->1887891K(4176640K), 0.0402680 secs] [Times: user=0.07 sys=0.00, real=0.04 secs] 
2016-02-20T18:40:05.658+0800: 433002.372: [GC [PSYoungGen: 1378464K->14496K(1380608K)] 3250707K->1887212K(4176832K), 0.0329110 secs] [Times: user=0.07 sys=0.00, real=0.03 secs] 
2016-02-20T18:41:06.606+0800: 433063.320: [GC [PSYoungGen: 1377568K->15296K(1380544K)] 3250284K->1888157K(4176768K), 0.0329300 secs] [Times: user=0.07 sys=0.00, real=0.03 secs] 
2016-02-20T18:42:07.149+0800: 433123.864: [GC [PSYoungGen: 1378368K->14963K(1380992K)] 3251229K->1888124K(4177216K), 0.0323620 secs] [Times: user=0.06 sys=0.00, real=0.03 secs] 
2016-02-20T18:43:10.109+0800: 433186.824: [GC [PSYoungGen: 1378675K->15440K(1380800K)] 3251836K->1888909K(4177024K), 0.0382210 secs] [Times: user=0.06 sys=0.01, real=0.04 secs] 
2016-02-20T18:44:01.863+0800: 433238.578: [GC [PSYoungGen: 1379152K->13504K(1380800K)] 3252621K->1887154K(4177024K), 0.0334860 secs] [Times: user=0.06 sys=0.00, real=0.04 secs] 
2016-02-20T18:45:06.165+0800: 433302.879: [GC [PSYoungGen: 1377280K->15760K(1379584K)] 3250930K->1889662K(4175808K), 0.0380620 secs] [Times: user=0.07 sys=0.00, real=0.03 secs] 
2016-02-20T18:46:11.998+0800: 433368.712: [GC [PSYoungGen: 1379536K->17051K(1379840K)] 3253438K->1891097K(4176064K), 0.0376990 secs] [Times: user=0.07 sys=0.00, real=0.04 secs] 
2016-02-20T18:47:15.935+0800: 433432.650: [GC [PSYoungGen: 1379675K->14934K(1380352K)] 3253721K->1889514K(4176576K), 0.0372290 secs] [Times: user=0.07 sys=0.00, real=0.04 secs] 
2016-02-20T18:48:20.852+0800: 433497.567: [GC [PSYoungGen: 1377558K->14976K(1380736K)] 3252138K->1889974K(4176960K), 0.0367320 secs] [Times: user=0.07 sys=0.00, real=0.03 secs] 
2016-02-20T18:49:22.503+0800: 433559.218: [GC [PSYoungGen: 1378176K->16790K(1380032K)] 3253174K->1891961K(4176256K), 0.0411440 secs] [Times: user=0.07 sys=0.00, real=0.04 secs] 
2016-02-20T18:50:19.615+0800: 433616.329: [GC [PSYoungGen: 1379990K->17216K(1379456K)] 3255161K->1892755K(4175680K), 0.0374140 secs] [Times: user=0.06 sys=0.00, real=0.04 secs] 
2016-02-20T18:51:21.568+0800: 433678.282: [GC [PSYoungGen: 1378944K->16064K(1379904K)] 3254483K->1892007K(4176128K), 0.0381270 secs] [Times: user=0.06 sys=0.00, real=0.04 secs] 
2016-02-20T18:52:30.555+0800: 433747.269: [GC [PSYoungGen: 1377792K->17888K(1378816K)] 3253735K->1893928K(4175040K), 0.0409940 secs] [Times: user=0.07 sys=0.00, real=0.04 secs] 
2016-02-20T18:53:33.912+0800: 433810.627: [GC [PSYoungGen: 1378592K->17376K(1378112K)] 3254632K->1893765K(4174336K), 0.0424480 secs] [Times: user=0.07 sys=0.01, real=0.04 secs] 
2016-02-20T18:54:35.992+0800: 433872.706: [GC [PSYoungGen: 1378080K->15184K(1379264K)] 3254469K->1891878K(4175488K), 0.0346730 secs] [Times: user=0.06 sys=0.01, real=0.03 secs] 
2016-02-20T18:55:27.249+0800: 433923.964: [GC [PSYoungGen: 1375440K->13792K(1379072K)] 3252134K->1890750K(4175296K), 0.0341420 secs] [Times: user=0.06 sys=0.00, real=0.03 secs] 
2016-02-20T18:56:28.545+0800: 433985.260: [GC [PSYoungGen: 1374048K->15392K(1379456K)] 3251006K->1892614K(4175680K), 0.0353530 secs] [Times: user=0.06 sys=0.00, real=0.04 secs] 
2016-02-20T18:57:24.326+0800: 434041.040: [GC [PSYoungGen: 1375968K->15072K(1379200K)] 3253190K->1892443K(4175424K), 0.0364060 secs] [Times: user=0.07 sys=0.00, real=0.04 secs] 
2016-02-20T18:58:24.569+0800: 434101.283: [GC [PSYoungGen: 1375648K->15729K(1379904K)] 3253019K->1893356K(4176128K), 0.0442910 secs] [Times: user=0.08 sys=0.00, real=0.05 secs] 
2016-02-20T18:59:18.671+0800: 434155.385: [GC [PSYoungGen: 1377201K->13536K(1379648K)] 3254828K->1891452K(4175872K), 0.0303440 secs] [Times: user=0.06 sys=0.00, real=0.04 secs] 
2016-02-20T19:00:19.518+0800: 434216.232: [GC [PSYoungGen: 1375008K->15008K(1379968K)] 3252924K->1893141K(4176192K), 0.0324250 secs] [Times: user=0.06 sys=0.00, real=0.03 secs] 
2016-02-20T19:01:20.285+0800: 434276.999: [GC [PSYoungGen: 1376672K->15680K(1379776K)] 3254805K->1894125K(4176000K), 0.0399850 secs] [Times: user=0.07 sys=0.00, real=0.04 secs] 
2016-02-20T19:02:20.069+0800: 434336.783: [GC [PSYoungGen: 1377344K->17905K(1377472K)] 3255789K->1898119K(4173696K), 0.0372990 secs] [Times: user=0.07 sys=0.00, real=0.03 secs] 
2016-02-20T19:03:27.176+0800: 434403.890: [GC [PSYoungGen: 1377457K->17281K(1376896K)] 3257671K->1897744K(4173120K), 0.0449060 secs] [Times: user=0.07 sys=0.00, real=0.05 secs] 
2016-02-20T19:04:27.552+0800: 434464.266: [GC [PSYoungGen: 1376833K->16160K(1378880K)] 3257296K->1897089K(4175104K), 0.0361570 secs] [Times: user=0.06 sys=0.01, real=0.04 secs] 
2016-02-20T19:05:33.418+0800: 434530.133: [GC [PSYoungGen: 1375584K->16400K(1378624K)] 3256513K->1897701K(4174848K), 0.0368020 secs] [Times: user=0.07 sys=0.00, real=0.03 secs] 
2016-02-20T19:06:28.895+0800: 434585.610: [GC [PSYoungGen: 1375824K->15920K(1379328K)] 3257125K->1897470K(4175552K), 0.0349650 secs] [Times: user=0.07 sys=0.00, real=0.03 secs] 
2016-02-20T19:07:37.455+0800: 434654.169: [GC [PSYoungGen: 1376240K->16528K(1379072K)] 3257790K->1898202K(4175296K), 0.0376940 secs] [Times: user=0.07 sys=0.00, real=0.04 secs] 
2016-02-20T19:08:39.952+0800: 434716.667: [GC [PSYoungGen: 1376848K->18080K(1378496K)] 3258522K->1899894K(4174720K), 0.0464740 secs] [Times: user=0.09 sys=0.00, real=0.05 secs] 
2016-02-20T19:09:40.613+0800: 434777.327: [GC [PSYoungGen: 1377888K->16448K(1378944K)] 3259702K->1898470K(4175168K), 0.0367590 secs] [Times: user=0.07 sys=0.00, real=0.03 secs] 
2016-02-20T19:10:36.370+0800: 434833.085: [GC [PSYoungGen: 1376256K->16912K(1379200K)] 3258278K->1899195K(4175424K), 0.0337560 secs] [Times: user=0.06 sys=0.00, real=0.03 secs] 
2016-02-20T19:11:39.666+0800: 434896.381: [GC [PSYoungGen: 1377168K->15568K(1379136K)] 3259451K->1898092K(4175360K), 0.0356860 secs] [Times: user=0.07 sys=0.00, real=0.03 secs] 
2016-02-20T19:12:40.525+0800: 434957.240: [GC [PSYoungGen: 1375824K->16224K(1379520K)] 3258348K->1899144K(4175744K), 0.0352650 secs] [Times: user=0.07 sys=0.00, real=0.04 secs] 
2016-02-20T19:13:40.474+0800: 435017.188: [GC [PSYoungGen: 1376992K->14304K(1379328K)] 3259912K->1897425K(4175552K), 0.0359940 secs] [Times: user=0.07 sys=0.00, real=0.04 secs] 
2016-02-20T19:14:26.936+0800: 435063.650: [GC [PSYoungGen: 1375072K->13792K(1379072K)] 3258193K->1897181K(4175296K), 0.0304280 secs] [Times: user=0.06 sys=0.00, real=0.03 secs] 
2016-02-20T19:15:23.824+0800: 435120.538: [GC [PSYoungGen: 1374240K->16432K(1379264K)] 3257629K->1900114K(4175488K), 0.0366940 secs] [Times: user=0.06 sys=0.01, real=0.04 secs] 
2016-02-20T19:16:23.239+0800: 435179.954: [GC [PSYoungGen: 1376880K->15968K(1379648K)] 3260562K->1900051K(4175872K), 0.0350550 secs] [Times: user=0.06 sys=0.00, real=0.03 secs] 
2016-02-20T19:17:19.684+0800: 435236.399: [GC [PSYoungGen: 1376928K->16640K(1379392K)] 3261011K->1901009K(4175616K), 0.0379120 secs] [Times: user=0.07 sys=0.00, real=0.03 secs] 
2016-02-20T19:18:21.103+0800: 435297.817: [GC [PSYoungGen: 1377600K->15536K(1379776K)] 3261969K->1900089K(4176000K), 0.0355000 secs] [Times: user=0.07 sys=0.00, real=0.03 secs] 
2016-02-20T19:19:21.435+0800: 435358.149: [GC [PSYoungGen: 1376816K->14496K(1379584K)] 3261369K->1899409K(4175808K), 0.0343810 secs] [Times: user=0.06 sys=0.00, real=0.04 secs] 
2016-02-20T19:20:19.372+0800: 435416.086: [GC [PSYoungGen: 1375776K->15232K(1379904K)] 3260689K->1900293K(4176128K), 0.0383690 secs] [Times: user=0.07 sys=0.00, real=0.03 secs] 
2016-02-20T19:21:14.476+0800: 435471.190: [GC [PSYoungGen: 1376832K->15264K(1379776K)] 3261893K->1900554K(4176000K), 0.0335870 secs] [Times: user=0.06 sys=0.00, real=0.04 secs] 
2016-02-20T19:22:08.734+0800: 435525.449: [GC [PSYoungGen: 1376864K->17360K(1379328K)] 3262154K->1903131K(4175552K), 0.0351580 secs] [Times: user=0.06 sys=0.00, real=0.04 secs] 
2016-02-20T19:23:03.526+0800: 435580.240: [GC [PSYoungGen: 1378704K->16640K(1378048K)] 3264475K->1902660K(4174272K), 0.0382120 secs] [Times: user=0.07 sys=0.00, real=0.04 secs] 
2016-02-20T19:23:57.054+0800: 435633.768: [GC [PSYoungGen: 1377984K->16656K(1379648K)] 3264004K->1902992K(4175872K), 0.0377170 secs] [Times: user=0.06 sys=0.00, real=0.04 secs] 
2016-02-20T19:24:49.461+0800: 435686.175: [GC [PSYoungGen: 1377872K->13792K(1375040K)] 3264208K->1900381K(4171264K), 0.0380680 secs] [Times: user=0.07 sys=0.00, real=0.04 secs] 
2016-02-20T19:25:43.791+0800: 435740.506: [GC [PSYoungGen: 1375008K->14784K(1379584K)] 3261597K->1901720K(4175808K), 0.0398460 secs] [Times: user=0.08 sys=0.00, real=0.04 secs] 
2016-02-20T19:26:41.136+0800: 435797.851: [GC [PSYoungGen: 1375808K->13328K(1374400K)] 3262744K->1900513K(4170624K), 0.0324010 secs] [Times: user=0.07 sys=0.00, real=0.03 secs] 
2016-02-20T19:27:37.768+0800: 435854.483: [GC [PSYoungGen: 1374352K->14352K(1379584K)] 3261537K->1901786K(4175808K), 0.0372500 secs] [Times: user=0.07 sys=0.00, real=0.04 secs] 
2016-02-20T19:28:35.622+0800: 435912.336: [GC [PSYoungGen: 1375312K->17552K(1378560K)] 3262746K->1905267K(4174784K), 0.0438720 secs] [Times: user=0.07 sys=0.00, real=0.04 secs] 
2016-02-20T19:29:26.657+0800: 435963.372: [GC [PSYoungGen: 1378512K->15392K(1379392K)] 3266227K->1903567K(4175616K), 0.0370420 secs] [Times: user=0.07 sys=0.00, real=0.03 secs] 
2016-02-20T19:30:22.992+0800: 436019.706: [GC [PSYoungGen: 1375776K->13216K(1379072K)] 3263951K->1901792K(4175296K), 0.0306760 secs] [Times: user=0.05 sys=0.01, real=0.03 secs] 
2016-02-20T19:31:17.064+0800: 436073.778: [GC [PSYoungGen: 1373600K->13232K(1379328K)] 3262176K->1902036K(4175552K), 0.0380890 secs] [Times: user=0.06 sys=0.01, real=0.04 secs] 
2016-02-20T19:32:14.587+0800: 436131.301: [GC [PSYoungGen: 1373808K->16928K(1377536K)] 3262612K->1906028K(4173760K), 0.0384760 secs] [Times: user=0.06 sys=0.00, real=0.04 secs] 
2016-02-20T19:33:05.086+0800: 436181.801: [GC [PSYoungGen: 1377504K->15408K(1379328K)] 3266604K->1904656K(4175552K), 0.0352930 secs] [Times: user=0.07 sys=0.00, real=0.03 secs] 
2016-02-20T19:34:01.909+0800: 436238.624: [GC [PSYoungGen: 1375664K->15328K(1379008K)] 3264912K->1904784K(4175232K), 0.0530380 secs] [Times: user=0.11 sys=0.01, real=0.06 secs] 
2016-02-20T19:34:56.672+0800: 436293.386: [GC [PSYoungGen: 1375584K->15024K(1379904K)] 3265040K->1904697K(4176128K), 0.0337400 secs] [Times: user=0.06 sys=0.00, real=0.03 secs] 
2016-02-20T19:35:46.876+0800: 436343.591: [GC [PSYoungGen: 1376496K->15104K(1379648K)] 3266169K->1905177K(4175872K), 0.0363930 secs] [Times: user=0.07 sys=0.00, real=0.04 secs] 
2016-02-20T19:36:44.814+0800: 436401.529: [GC [PSYoungGen: 1376576K->14112K(1380224K)] 3266649K->1904577K(4176448K), 0.0397560 secs] [Times: user=0.08 sys=0.00, real=0.04 secs] 
2016-02-20T19:37:37.453+0800: 436454.167: [GC [PSYoungGen: 1376416K->14480K(1380160K)] 3266881K->1905077K(4176384K), 0.0333850 secs] [Times: user=0.06 sys=0.00, real=0.03 secs] 
2016-02-20T19:38:31.745+0800: 436508.459: [GC [PSYoungGen: 1376784K->15360K(1380544K)] 3267381K->1906238K(4176768K), 0.0396480 secs] [Times: user=0.08 sys=0.00, real=0.04 secs] 
2016-02-20T19:39:19.212+0800: 436555.927: [GC [PSYoungGen: 1378240K->13536K(1380416K)] 3269118K->1904574K(4176640K), 0.0316600 secs] [Times: user=0.06 sys=0.00, real=0.03 secs] 
2016-02-20T19:40:10.882+0800: 436607.597: [GC [PSYoungGen: 1376416K->15136K(1380736K)] 3267454K->1906491K(4176960K), 0.0383690 secs] [Times: user=0.07 sys=0.00, real=0.04 secs] 
2016-02-20T19:41:14.871+0800: 436671.586: [GC [PSYoungGen: 1378336K->15872K(1380544K)] 3269691K->1907639K(4176768K), 0.0371510 secs] [Times: user=0.07 sys=0.00, real=0.04 secs] 
2016-02-20T19:42:10.515+0800: 436727.229: [GC [PSYoungGen: 1379072K->13872K(1380672K)] 3270839K->1905883K(4176896K), 0.0348590 secs] [Times: user=0.07 sys=0.00, real=0.04 secs] 
2016-02-20T19:43:09.750+0800: 436786.464: [GC [PSYoungGen: 1377072K->15168K(1380608K)] 3269083K->1907339K(4176832K), 0.0336760 secs] [Times: user=0.07 sys=0.00, real=0.03 secs] 
2016-02-20T19:44:01.603+0800: 436838.317: [GC [PSYoungGen: 1378368K->17248K(1378752K)] 3270539K->1910476K(4174976K), 0.0463650 secs] [Times: user=0.08 sys=0.00, real=0.05 secs] 
2016-02-20T19:44:56.946+0800: 436893.660: [GC [PSYoungGen: 1378720K->17328K(1378816K)] 3271948K->1910976K(4175040K), 0.0492390 secs] [Times: user=0.08 sys=0.00, real=0.05 secs] 
2016-02-20T19:45:50.333+0800: 436947.047: [GC [PSYoungGen: 1378800K->15504K(1379648K)] 3272448K->1909313K(4175872K), 0.0424850 secs] [Times: user=0.07 sys=0.00, real=0.04 secs] 
2016-02-20T19:46:47.140+0800: 437003.855: [GC [PSYoungGen: 1376400K->18400K(1379328K)] 3270209K->1912752K(4175552K), 0.0409610 secs] [Times: user=0.07 sys=0.00, real=0.04 secs] 
2016-02-20T19:47:34.679+0800: 437051.393: [GC [PSYoungGen: 1379296K->14544K(1378304K)] 3273648K->1909049K(4174528K), 0.0327960 secs] [Times: user=0.06 sys=0.00, real=0.04 secs] 
2016-02-20T19:48:24.344+0800: 437101.059: [GC [PSYoungGen: 1374096K->15632K(1378816K)] 3268601K->1910425K(4175040K), 0.0394470 secs] [Times: user=0.07 sys=0.00, real=0.04 secs] 
2016-02-20T19:49:14.231+0800: 437150.946: [GC [PSYoungGen: 1375184K->15616K(1379456K)] 3269977K->1910630K(4175680K), 0.0389210 secs] [Times: user=0.07 sys=0.00, real=0.04 secs] 
2016-02-20T19:50:04.541+0800: 437201.255: [GC [PSYoungGen: 1376128K->15824K(1379136K)] 3271142K->1911130K(4175360K), 0.0348600 secs] [Times: user=0.07 sys=0.00, real=0.03 secs] 
2016-02-20T19:50:54.054+0800: 437250.769: [GC [PSYoungGen: 1376336K->18344K(1377408K)] 3271642K->1914755K(4173632K), 0.0373520 secs] [Times: user=0.07 sys=0.00, real=0.04 secs] 
2016-02-20T19:51:43.282+0800: 437299.997: [GC [PSYoungGen: 1377384K->14992K(1378560K)] 3273795K->1911748K(4174784K), 0.0355760 secs] [Times: user=0.08 sys=0.00, real=0.04 secs] 
2016-02-20T19:52:37.693+0800: 437354.408: [GC [PSYoungGen: 1374032K->15728K(1379008K)] 3270788K->1912973K(4175232K), 0.0379260 secs] [Times: user=0.07 sys=0.00, real=0.03 secs] 
2016-02-20T19:53:30.618+0800: 437407.333: [GC [PSYoungGen: 1375408K->15904K(1378752K)] 3272653K->1913288K(4174976K), 0.0378760 secs] [Times: user=0.07 sys=0.00, real=0.04 secs] 
2016-02-20T19:54:21.397+0800: 437458.112: [GC [PSYoungGen: 1375584K->14288K(1379328K)] 3272968K->1911897K(4175552K), 0.0345050 secs] [Times: user=0.06 sys=0.00, real=0.04 secs] 
2016-02-20T19:55:07.857+0800: 437504.571: [GC [PSYoungGen: 1374864K->15072K(1379328K)] 3272473K->1912817K(4175552K), 0.0365020 secs] [Times: user=0.06 sys=0.00, real=0.04 secs] 
2016-02-20T19:56:00.481+0800: 437557.195: [GC [PSYoungGen: 1375648K->17136K(1379008K)] 3273393K->1915125K(4175232K), 0.0401900 secs] [Times: user=0.07 sys=0.00, real=0.04 secs] 
2016-02-20T19:56:54.316+0800: 437611.030: [GC [PSYoungGen: 1377584K->16000K(1379264K)] 3275573K->1914454K(4175488K), 0.0439110 secs] [Times: user=0.08 sys=0.00, real=0.05 secs] 
2016-02-20T19:57:39.284+0800: 437655.998: [GC [PSYoungGen: 1376448K->14837K(1379584K)] 3274902K->1913495K(4175808K), 0.0321090 secs] [Times: user=0.06 sys=0.01, real=0.03 secs] 
2016-02-20T19:58:36.919+0800: 437713.634: [GC [PSYoungGen: 1375861K->17440K(1378496K)] 3274519K->1916343K(4174720K), 0.0373000 secs] [Times: user=0.07 sys=0.00, real=0.04 secs] 
2016-02-20T19:59:23.991+0800: 437760.706: [GC [PSYoungGen: 1378464K->16208K(1379392K)] 3277367K->1915455K(4175616K), 0.0357120 secs] [Times: user=0.07 sys=0.00, real=0.04 secs] 
2016-02-20T20:00:16.793+0800: 437813.507: [GC [PSYoungGen: 1376784K->15600K(1379264K)] 3276031K->1915199K(4175488K), 0.0332450 secs] [Times: user=0.06 sys=0.00, real=0.03 secs] 
2016-02-20T20:01:04.331+0800: 437861.046: [GC [PSYoungGen: 1376176K->14960K(1379712K)] 3275775K->1914999K(4175936K), 0.0408630 secs] [Times: user=0.08 sys=0.00, real=0.04 secs] 
2016-02-20T20:01:58.054+0800: 437914.768: [GC [PSYoungGen: 1376240K->14944K(1379648K)] 3276279K->1915204K(4175872K), 0.0342090 secs] [Times: user=0.06 sys=0.00, real=0.04 secs] 
2016-02-20T20:02:52.282+0800: 437968.996: [GC [PSYoungGen: 1376224K->18233K(1377664K)] 3276484K->1919598K(4173888K), 0.0507150 secs] [Times: user=0.08 sys=0.00, real=0.05 secs] 
2016-02-20T20:03:44.500+0800: 438021.215: [GC [PSYoungGen: 1377657K->15968K(1378752K)] 3279022K->1917765K(4174976K), 0.0359650 secs] [Times: user=0.06 sys=0.00, real=0.03 secs] 
2016-02-20T20:04:32.281+0800: 438068.995: [GC [PSYoungGen: 1375392K->14016K(1378880K)] 3277189K->1916001K(4175104K), 0.0355030 secs] [Times: user=0.06 sys=0.00, real=0.04 secs] 
2016-02-20T20:05:18.088+0800: 438114.803: [GC [PSYoungGen: 1373824K->16777K(1378944K)] 3275809K->1918890K(4175168K), 0.0376380 secs] [Times: user=0.07 sys=0.00, real=0.04 secs] 
2016-02-20T20:06:08.911+0800: 438165.625: [GC [PSYoungGen: 1376585K->14240K(1379008K)] 3278698K->1916509K(4175232K), 0.0349770 secs] [Times: user=0.07 sys=0.00, real=0.03 secs] 
2016-02-20T20:07:00.516+0800: 438217.230: [GC [PSYoungGen: 1374112K->15161K(1378944K)] 3276381K->1917551K(4175168K), 0.0374460 secs] [Times: user=0.07 sys=0.00, real=0.04 secs] 
2016-02-20T20:07:47.298+0800: 438264.013: [GC [PSYoungGen: 1375033K->15808K(1379456K)] 3277423K->1918453K(4175680K), 0.0370380 secs] [Times: user=0.07 sys=0.00, real=0.04 secs] 
2016-02-20T20:08:33.357+0800: 438310.072: [GC [PSYoungGen: 1376384K->14402K(1379200K)] 3279029K->1917460K(4175424K), 0.0343250 secs] [Times: user=0.08 sys=0.00, real=0.04 secs] 
2016-02-20T20:09:21.301+0800: 438358.016: [GC [PSYoungGen: 1374978K->13472K(1379392K)] 3278036K->1916725K(4175616K), 0.0305690 secs] [Times: user=0.05 sys=0.01, real=0.03 secs] 
2016-02-20T20:10:06.666+0800: 438403.380: [GC [PSYoungGen: 1374304K->16320K(1379456K)] 3277557K->1919690K(4175680K), 0.0361610 secs] [Times: user=0.06 sys=0.00, real=0.03 secs] 
2016-02-20T20:10:54.725+0800: 438451.439: [GC [PSYoungGen: 1377152K->17696K(1378432K)] 3280522K->1921294K(4174656K), 0.0384820 secs] [Times: user=0.07 sys=0.00, real=0.04 secs] 
2016-02-20T20:11:41.372+0800: 438498.087: [GC [PSYoungGen: 1377504K->15184K(1378944K)] 3281102K->1919275K(4175168K), 0.0352190 secs] [Times: user=0.07 sys=0.00, real=0.04 secs] 
2016-02-20T20:12:27.846+0800: 438544.560: [GC [PSYoungGen: 1374992K->15104K(1379392K)] 3279083K->1919299K(4175616K), 0.0328750 secs] [Times: user=0.07 sys=0.00, real=0.03 secs] 
2016-02-20T20:13:18.778+0800: 438595.492: [GC [PSYoungGen: 1375616K->15904K(1379200K)] 3279811K->1920279K(4175424K), 0.0418860 secs] [Times: user=0.07 sys=0.00, real=0.04 secs] 
2016-02-20T20:14:05.345+0800: 438642.059: [GC [PSYoungGen: 1376416K->14496K(1379712K)] 3280791K->1919204K(4175936K), 0.0354940 secs] [Times: user=0.07 sys=0.00, real=0.04 secs] 
2016-02-20T20:15:01.043+0800: 438697.758: [GC [PSYoungGen: 1375712K->15344K(1379584K)] 3280420K->1920284K(4175808K), 0.0374650 secs] [Times: user=0.07 sys=0.00, real=0.04 secs] 
2016-02-20T20:15:50.090+0800: 438746.804: [GC [PSYoungGen: 1376560K->14320K(1380032K)] 3281500K->1919453K(4176256K), 0.0362840 secs] [Times: user=0.08 sys=0.00, real=0.04 secs] 
2016-02-20T20:16:44.083+0800: 438800.797: [GC [PSYoungGen: 1376240K->16368K(1378304K)] 3281373K->1921781K(4174528K), 0.0409760 secs] [Times: user=0.07 sys=0.00, real=0.04 secs] 
2016-02-20T20:17:34.273+0800: 438850.988: [GC [PSYoungGen: 1378288K->16416K(1379776K)] 3283701K->1921990K(4176000K), 0.0355060 secs] [Times: user=0.07 sys=0.00, real=0.04 secs] 
2016-02-20T20:18:24.055+0800: 438900.769: [GC [PSYoungGen: 1378016K->16624K(1378240K)] 3283590K->1922639K(4174464K), 0.0358290 secs] [Times: user=0.07 sys=0.00, real=0.03 secs] 
2016-02-20T20:19:12.747+0800: 438949.461: [GC [PSYoungGen: 1378224K->16766K(1379456K)] 3284239K->1922909K(4175680K), 0.0374700 secs] [Times: user=0.07 sys=0.00, real=0.04 secs] 
2016-02-20T20:19:58.158+0800: 438994.873: [GC [PSYoungGen: 1377854K->17712K(1378816K)] 3283997K->1923999K(4175040K), 0.0394150 secs] [Times: user=0.07 sys=0.00, real=0.04 secs] 
2016-02-20T20:20:44.344+0800: 439041.058: [GC [PSYoungGen: 1378800K->15792K(1379392K)] 3285087K->1922396K(4175616K), 0.0346730 secs] [Times: user=0.06 sys=0.00, real=0.04 secs] 
2016-02-20T20:21:39.470+0800: 439096.185: [GC [PSYoungGen: 1376240K->16128K(1379136K)] 3282844K->1923138K(4175360K), 0.0348060 secs] [Times: user=0.07 sys=0.00, real=0.04 secs] 
2016-02-20T20:22:31.553+0800: 439148.268: [GC [PSYoungGen: 1376576K->15536K(1379776K)] 3283586K->1922748K(4176000K), 0.0349370 secs] [Times: user=0.07 sys=0.00, real=0.04 secs] 
2016-02-20T20:23:18.614+0800: 439195.329: [GC [PSYoungGen: 1376816K->15600K(1379584K)] 3284028K->1922972K(4175808K), 0.0399170 secs] [Times: user=0.07 sys=0.00, real=0.04 secs] 
2016-02-20T20:24:07.925+0800: 439244.640: [GC [PSYoungGen: 1376880K->16336K(1380032K)] 3284252K->1923809K(4176256K), 0.0348690 secs] [Times: user=0.06 sys=0.00, real=0.03 secs] 
2016-02-20T20:24:59.186+0800: 439295.900: [GC [PSYoungGen: 1378256K->16848K(1378816K)] 3285729K->1924546K(4175040K), 0.0360450 secs] [Times: user=0.06 sys=0.00, real=0.04 secs] 
2016-02-20T20:25:40.174+0800: 439336.888: [GC [PSYoungGen: 1378768K->18148K(1378112K)] 3286466K->1926605K(4174336K), 0.0762710 secs] [Times: user=0.22 sys=0.00, real=0.08 secs] 
2016-02-20T20:26:27.379+0800: 439384.093: [GC [PSYoungGen: 1378084K->15632K(1379008K)] 3286541K->1924309K(4175232K), 0.0353920 secs] [Times: user=0.07 sys=0.00, real=0.04 secs] 
2016-02-20T20:27:12.382+0800: 439429.096: [GC [PSYoungGen: 1375568K->15792K(1379392K)] 3284245K->1924801K(4175616K), 0.0388100 secs] [Times: user=0.07 sys=0.00, real=0.04 secs] 
2016-02-20T20:27:54.006+0800: 439470.720: [GC [PSYoungGen: 1376304K->14624K(1379200K)] 3285313K->1923889K(4175424K), 0.0321860 secs] [Times: user=0.06 sys=0.00, real=0.03 secs] 
2016-02-20T20:28:40.796+0800: 439517.511: [GC [PSYoungGen: 1375136K->15648K(1379520K)] 3284401K->1925093K(4175744K), 0.0366840 secs] [Times: user=0.07 sys=0.00, real=0.03 secs] 
2016-02-20T20:29:28.687+0800: 439565.402: [GC [PSYoungGen: 1376416K->16977K(1379328K)] 3285861K->1926634K(4175552K), 0.0421690 secs] [Times: user=0.06 sys=0.00, real=0.04 secs] 
2016-02-20T20:30:12.867+0800: 439609.581: [GC [PSYoungGen: 1377745K->13600K(1379072K)] 3287402K->1923595K(4175296K), 0.0311570 secs] [Times: user=0.06 sys=0.00, real=0.03 secs] 
2016-02-20T20:30:55.620+0800: 439652.335: [GC [PSYoungGen: 1374048K->15024K(1379264K)] 3284043K->1925111K(4175488K), 0.0327760 secs] [Times: user=0.06 sys=0.00, real=0.03 secs] 
2016-02-20T20:31:42.863+0800: 439699.578: [GC [PSYoungGen: 1375472K->15952K(1379648K)] 3285559K->1926278K(4175872K), 0.0336730 secs] [Times: user=0.06 sys=0.00, real=0.04 secs] 
2016-02-20T20:32:29.473+0800: 439746.187: [GC [PSYoungGen: 1376912K->15056K(1379392K)] 3287238K->1925631K(4175616K), 0.0372400 secs] [Times: user=0.07 sys=0.00, real=0.03 secs] 
2016-02-20T20:33:15.438+0800: 439792.152: [GC [PSYoungGen: 1376016K->16144K(1379840K)] 3286591K->1926939K(4176064K), 0.0363000 secs] [Times: user=0.07 sys=0.00, real=0.03 secs] 
2016-02-20T20:34:05.082+0800: 439841.796: [GC [PSYoungGen: 1377680K->17136K(1378688K)] 3288475K->1928300K(4174912K), 0.0384780 secs] [Times: user=0.07 sys=0.00, real=0.04 secs] 
2016-02-20T20:34:52.172+0800: 439888.886: [GC [PSYoungGen: 1378672K->13520K(1379328K)] 3289836K->1925152K(4175552K), 0.0408100 secs] [Times: user=0.08 sys=0.01, real=0.05 secs] 
2016-02-20T20:35:34.164+0800: 439930.878: [GC [PSYoungGen: 1374352K->13952K(1379456K)] 3285984K->1925740K(4175680K), 0.0327530 secs] [Times: user=0.06 sys=0.00, real=0.03 secs] 
2016-02-20T20:36:27.991+0800: 439984.705: [GC [PSYoungGen: 1374784K->17360K(1378688K)] 3286572K->1929477K(4174912K), 0.0407630 secs] [Times: user=0.07 sys=0.00, real=0.04 secs] 
2016-02-20T20:37:11.165+0800: 440027.879: [GC [PSYoungGen: 1377424K->13152K(1373248K)] 3289541K->1925653K(4169472K), 0.0345830 secs] [Times: user=0.06 sys=0.00, real=0.03 secs] 
2016-02-20T20:37:56.946+0800: 440073.660: [GC [PSYoungGen: 1373216K->16832K(1378688K)] 3285717K->1929458K(4174912K), 0.0366370 secs] [Times: user=0.06 sys=0.00, real=0.04 secs] 
2016-02-20T20:38:44.447+0800: 440121.161: [GC [PSYoungGen: 1376384K->16000K(1378816K)] 3289010K->1929054K(4175040K), 0.0364890 secs] [Times: user=0.07 sys=0.00, real=0.04 secs] 
2016-02-20T20:39:31.760+0800: 440168.474: [GC [PSYoungGen: 1375552K->15616K(1379392K)] 3288606K->1928893K(4175616K), 0.0495060 secs] [Times: user=0.10 sys=0.00, real=0.05 secs] 
2016-02-20T20:40:11.898+0800: 440208.613: [GC [PSYoungGen: 1375936K->16400K(1379008K)] 3289213K->1929906K(4175232K), 0.0490780 secs] [Times: user=0.09 sys=0.00, real=0.05 secs] 
2016-02-20T20:40:55.229+0800: 440251.943: [GC [PSYoungGen: 1376720K->17008K(1379008K)] 3290226K->1930799K(4175232K), 0.0364870 secs] [Times: user=0.06 sys=0.00, real=0.03 secs] 
2016-02-20T20:41:44.109+0800: 440300.824: [GC [PSYoungGen: 1377328K->18592K(1378944K)] 3291119K->1932650K(4175168K), 0.0393820 secs] [Times: user=0.07 sys=0.00, real=0.04 secs] 
2016-02-20T20:42:31.614+0800: 440348.328: [GC [PSYoungGen: 1378912K->14576K(1378176K)] 3292970K->1928954K(4174400K), 0.0370360 secs] [Times: user=0.06 sys=0.01, real=0.03 secs] 
2016-02-20T20:43:20.038+0800: 440396.752: [GC [PSYoungGen: 1373616K->16400K(1378560K)] 3287994K->1931092K(4174784K), 0.0359370 secs] [Times: user=0.07 sys=0.00, real=0.04 secs] 
2016-02-20T20:44:05.640+0800: 440442.354: [GC [PSYoungGen: 1375440K->17806K(1378112K)] 3290132K->1932739K(4174336K), 0.0382700 secs] [Times: user=0.07 sys=0.01, real=0.04 secs] 
2016-02-20T20:44:52.819+0800: 440489.534: [GC [PSYoungGen: 1376590K->18480K(1377280K)] 3291523K->1934256K(4173504K), 0.0366900 secs] [Times: user=0.07 sys=0.00, real=0.04 secs] 
2016-02-20T20:45:33.571+0800: 440530.285: [GC [PSYoungGen: 1377264K->14352K(1377920K)] 3293040K->1930488K(4174144K), 0.0366320 secs] [Times: user=0.07 sys=0.00, real=0.04 secs] 
2016-02-20T20:46:23.628+0800: 440580.342: [GC [PSYoungGen: 1372112K->15808K(1377920K)] 3288248K->1932125K(4174144K), 0.0378390 secs] [Times: user=0.06 sys=0.00, real=0.04 secs] 
2016-02-20T20:47:16.957+0800: 440633.671: [GC [PSYoungGen: 1373568K->16272K(1378560K)] 3289885K->1932977K(4174784K), 0.0387670 secs] [Times: user=0.07 sys=0.00, real=0.04 secs] 
2016-02-20T20:48:01.860+0800: 440678.574: [GC [PSYoungGen: 1374992K->15008K(1378240K)] 3291697K->1931982K(4174464K), 0.0396440 secs] [Times: user=0.06 sys=0.00, real=0.04 secs] 
2016-02-20T20:48:45.257+0800: 440721.971: [GC [PSYoungGen: 1373728K->16160K(1379008K)] 3290702K->1933411K(4175232K), 0.0363820 secs] [Times: user=0.06 sys=0.01, real=0.04 secs] 
2016-02-20T20:49:28.690+0800: 440765.404: [GC [PSYoungGen: 1375776K->14640K(1378688K)] 3293027K->1932276K(4174912K), 0.0317980 secs] [Times: user=0.06 sys=0.00, real=0.03 secs] 
2016-02-20T20:50:14.331+0800: 440811.046: [GC [PSYoungGen: 1374256K->16080K(1379328K)] 3291892K->1934156K(4175552K), 0.0337560 secs] [Times: user=0.07 sys=0.00, real=0.04 secs] 
2016-02-20T20:50:57.377+0800: 440854.092: [GC [PSYoungGen: 1376400K->16208K(1379072K)] 3294476K->1934508K(4175296K), 0.0387060 secs] [Times: user=0.07 sys=0.00, real=0.04 secs] 
2016-02-20T20:51:49.165+0800: 440905.880: [GC [PSYoungGen: 1376528K->17552K(1378816K)] 3294828K->1936420K(4175040K), 0.0391900 secs] [Times: user=0.06 sys=0.00, real=0.04 secs] 
2016-02-20T20:52:34.471+0800: 440951.186: [GC [PSYoungGen: 1377744K->15440K(1379136K)] 3296612K->1934580K(4175360K), 0.0399190 secs] [Times: user=0.07 sys=0.00, real=0.04 secs] 
2016-02-20T20:53:22.682+0800: 440999.397: [GC [PSYoungGen: 1375632K->16592K(1379392K)] 3294772K->1935964K(4175616K), 0.0370960 secs] [Times: user=0.07 sys=0.00, real=0.04 secs] 
2016-02-20T20:54:06.218+0800: 441042.932: [GC [PSYoungGen: 1377232K->16880K(1379328K)] 3296604K->1936493K(4175552K), 0.0378980 secs] [Times: user=0.06 sys=0.00, real=0.04 secs] 
2016-02-20T20:54:49.236+0800: 441085.950: [GC [PSYoungGen: 1377520K->16018K(1379584K)] 3297133K->1935992K(4175808K), 0.0376330 secs] [Times: user=0.07 sys=0.00, real=0.04 secs] 
2016-02-20T20:55:25.810+0800: 441122.524: [GC [PSYoungGen: 1376850K->12864K(1373760K)] 3296824K->1932969K(4169984K), 0.0395680 secs] [Times: user=0.07 sys=0.00, real=0.04 secs] 
2016-02-20T20:56:10.364+0800: 441167.078: [GC [PSYoungGen: 1373696K->17026K(1378880K)] 3293801K->1937376K(4175104K), 0.0441990 secs] [Times: user=0.07 sys=0.00, real=0.05 secs] 
2016-02-20T20:56:54.643+0800: 441211.357: [GC [PSYoungGen: 1377090K->16208K(1379072K)] 3297440K->1936873K(4175296K), 0.0380480 secs] [Times: user=0.07 sys=0.00, real=0.04 secs] 
2016-02-20T20:57:36.325+0800: 441253.039: [GC [PSYoungGen: 1376272K->14656K(1379328K)] 3296937K->1935506K(4175552K), 0.0363860 secs] [Times: user=0.06 sys=0.00, real=0.04 secs] 
2016-02-20T20:58:23.099+0800: 441299.813: [GC [PSYoungGen: 1375232K->15515K(1379328K)] 3296082K->1936578K(4175552K), 0.0327670 secs] [Times: user=0.06 sys=0.00, real=0.04 secs] 
2016-02-20T20:59:08.893+0800: 441345.607: [GC [PSYoungGen: 1376091K->17136K(1379200K)] 3297154K->1938314K(4175424K), 0.0391120 secs] [Times: user=0.06 sys=0.01, real=0.04 secs] 
2016-02-20T20:59:54.943+0800: 441391.657: [GC [PSYoungGen: 1377840K->16753K(1377472K)] 3299018K->1938360K(4173696K), 0.0351630 secs] [Times: user=0.07 sys=0.00, real=0.04 secs] 
2016-02-20T21:00:31.404+0800: 441428.118: [GC [PSYoungGen: 1377457K->12352K(1378688K)] 3299064K->1934396K(4174912K), 0.0311700 secs] [Times: user=0.06 sys=0.00, real=0.02 secs] 
2016-02-20T21:01:18.819+0800: 441475.534: [GC [PSYoungGen: 1372288K->15760K(1379008K)] 3294332K->1938020K(4175232K), 0.0347960 secs] [Times: user=0.06 sys=0.00, real=0.04 secs] 
2016-02-20T21:02:01.776+0800: 441518.491: [GC [PSYoungGen: 1375696K->16241K(1379392K)] 3297956K->1938753K(4175616K), 0.0408530 secs] [Times: user=0.07 sys=0.00, real=0.03 secs] 
2016-02-20T21:02:40.057+0800: 441556.771: [GC [PSYoungGen: 1376817K->14336K(1379264K)] 3299329K->1937222K(4175488K), 0.0336560 secs] [Times: user=0.07 sys=0.00, real=0.03 secs] 
2016-02-20T21:03:23.196+0800: 441599.911: [GC [PSYoungGen: 1374912K->15216K(1379648K)] 3297798K->1938306K(4175872K), 0.0349360 secs] [Times: user=0.07 sys=0.00, real=0.03 secs] 
2016-02-20T21:04:11.333+0800: 441648.048: [GC [PSYoungGen: 1376240K->16592K(1379456K)] 3299330K->1939934K(4175680K), 0.0384290 secs] [Times: user=0.07 sys=0.00, real=0.03 secs] 
2016-02-20T21:04:54.368+0800: 441691.082: [GC [PSYoungGen: 1377616K->15677K(1379840K)] 3300958K->1939239K(4176064K), 0.0381270 secs] [Times: user=0.07 sys=0.00, real=0.04 secs] 
2016-02-20T21:05:34.238+0800: 441730.952: [GC [PSYoungGen: 1377021K->16464K(1379584K)] 3300583K->1940472K(4175808K), 0.0377160 secs] [Times: user=0.06 sys=0.00, real=0.03 secs] 
2016-02-20T21:06:18.891+0800: 441775.605: [GC [PSYoungGen: 1377808K->14497K(1379840K)] 3301816K->1938793K(4176064K), 0.0338810 secs] [Times: user=0.07 sys=0.00, real=0.04 secs] 
2016-02-20T21:07:02.921+0800: 441819.635: [GC [PSYoungGen: 1376033K->17927K(1379520K)] 3300329K->1942613K(4175744K), 0.0424560 secs] [Times: user=0.08 sys=0.00, real=0.04 secs] 
2016-02-20T21:07:51.376+0800: 441868.091: [GC [PSYoungGen: 1379463K->16656K(1379008K)] 3304149K->1941774K(4175232K), 0.0422120 secs] [Times: user=0.08 sys=0.00, real=0.04 secs] 
2016-02-20T21:08:33.883+0800: 441910.597: [GC [PSYoungGen: 1377104K->16689K(1379264K)] 3302222K->1942067K(4175488K), 0.0380840 secs] [Times: user=0.07 sys=0.00, real=0.04 secs] 
2016-02-20T21:09:16.718+0800: 441953.433: [GC [PSYoungGen: 1377137K->14368K(1379264K)] 3302515K->1940131K(4175488K), 0.0316740 secs] [Times: user=0.06 sys=0.00, real=0.03 secs] 
2016-02-20T21:09:56.634+0800: 441993.349: [GC [PSYoungGen: 1374816K->15101K(1379264K)] 3300579K->1941125K(4175488K), 0.0389730 secs] [Times: user=0.07 sys=0.00, real=0.04 secs] 
2016-02-20T21:10:35.294+0800: 442032.008: [GC [PSYoungGen: 1375549K->17328K(1378880K)] 3301573K->1943505K(4175104K), 0.0425230 secs] [Times: user=0.07 sys=0.00, real=0.05 secs] 
2016-02-20T21:11:16.938+0800: 442073.652: [GC [PSYoungGen: 1377520K->17648K(1377856K)] 3303697K->1944286K(4174080K), 0.0394730 secs] [Times: user=0.07 sys=0.00, real=0.04 secs] 
2016-02-20T21:12:01.065+0800: 442117.779: [GC [PSYoungGen: 1377840K->16096K(1379136K)] 3304478K->1943018K(4175360K), 0.0434540 secs] [Times: user=0.08 sys=0.00, real=0.04 secs] 
2016-02-20T21:12:47.889+0800: 442164.603: [GC [PSYoungGen: 1375968K->17009K(1378816K)] 3302890K->1944099K(4175040K), 0.0381250 secs] [Times: user=0.07 sys=0.00, real=0.03 secs] 
2016-02-20T21:13:30.978+0800: 442207.692: [GC [PSYoungGen: 1376881K->17135K(1378944K)] 3303971K->1944519K(4175168K), 0.0367670 secs] [Times: user=0.07 sys=0.00, real=0.03 secs] 
2016-02-20T21:14:16.866+0800: 442253.580: [GC [PSYoungGen: 1377071K->16944K(1379008K)] 3304455K->1944544K(4175232K), 0.0381920 secs] [Times: user=0.07 sys=0.00, real=0.04 secs] 
2016-02-20T21:15:03.225+0800: 442299.939: [GC [PSYoungGen: 1376880K->16032K(1379200K)] 3304480K->1943829K(4175424K), 0.0356380 secs] [Times: user=0.07 sys=0.00, real=0.04 secs] 
2016-02-20T21:15:44.233+0800: 442340.947: [GC [PSYoungGen: 1376160K->14400K(1379008K)] 3303957K->1942458K(4175232K), 0.0370230 secs] [Times: user=0.06 sys=0.00, real=0.04 secs] 
2016-02-20T21:16:27.488+0800: 442384.202: [GC [PSYoungGen: 1374528K->14624K(1379200K)] 3302586K->1942930K(4175424K), 0.0330090 secs] [Times: user=0.06 sys=0.01, real=0.03 secs] 
2016-02-20T21:17:11.230+0800: 442427.944: [GC [PSYoungGen: 1374880K->15888K(1379136K)] 3303186K->1944587K(4175360K), 0.0344630 secs] [Times: user=0.06 sys=0.00, real=0.04 secs] 
2016-02-20T21:17:53.949+0800: 442470.663: [GC [PSYoungGen: 1376144K->15920K(1379712K)] 3304843K->1945011K(4175936K), 0.0398720 secs] [Times: user=0.07 sys=0.00, real=0.04 secs] 
2016-02-20T21:18:40.926+0800: 442517.640: [GC [PSYoungGen: 1377008K->16512K(1379456K)] 3306099K->1945899K(4175680K), 0.0371410 secs] [Times: user=0.07 sys=0.00, real=0.04 secs] 
2016-02-20T21:19:25.990+0800: 442562.705: [GC [PSYoungGen: 1377600K->15728K(1379904K)] 3306987K->1945391K(4176128K), 0.0353810 secs] [Times: user=0.06 sys=0.00, real=0.04 secs] 
2016-02-20T21:20:10.268+0800: 442606.982: [GC [PSYoungGen: 1377264K->13792K(1379712K)] 3306927K->1943611K(4175936K), 0.0376030 secs] [Times: user=0.08 sys=0.00, real=0.04 secs] 
2016-02-20T21:20:52.293+0800: 442649.008: [GC [PSYoungGen: 1375328K->14464K(1379776K)] 3305147K->1944427K(4176000K), 0.0434490 secs] [Times: user=0.07 sys=0.00, real=0.04 secs] 
2016-02-20T21:21:34.864+0800: 442691.579: [GC [PSYoungGen: 1375936K->17824K(1379328K)] 3305899K->1948049K(4175552K), 0.0415940 secs] [Times: user=0.07 sys=0.00, real=0.04 secs] 
2016-02-20T21:22:22.713+0800: 442739.427: [GC [PSYoungGen: 1379296K->17968K(1378176K)] 3309521K->1948517K(4174400K), 0.0564630 secs] [Times: user=0.09 sys=0.00, real=0.05 secs] 
2016-02-20T21:23:04.654+0800: 442781.368: [GC [PSYoungGen: 1377392K->16017K(1378752K)] 3307941K->1946823K(4174976K), 0.0368190 secs] [Times: user=0.06 sys=0.00, real=0.03 secs] 
2016-02-20T21:23:49.052+0800: 442825.767: [GC [PSYoungGen: 1375441K->16000K(1379328K)] 3306247K->1947271K(4175552K), 0.0515150 secs] [Times: user=0.07 sys=0.00, real=0.05 secs] 
2016-02-20T21:24:30.158+0800: 442866.872: [GC [PSYoungGen: 1376320K->16000K(1379072K)] 3307591K->1947515K(4175296K), 0.0367620 secs] [Times: user=0.06 sys=0.00, real=0.03 secs] 
2016-02-20T21:25:07.840+0800: 442904.554: [GC [PSYoungGen: 1376320K->14017K(1379456K)] 3307835K->1945833K(4175680K), 0.0320780 secs] [Times: user=0.06 sys=0.00, real=0.04 secs] 
2016-02-20T21:25:43.824+0800: 442940.538: [GC [PSYoungGen: 1374977K->12608K(1373632K)] 3306793K->1944765K(4169856K), 0.0297110 secs] [Times: user=0.06 sys=0.00, real=0.03 secs] 
2016-02-20T21:26:29.142+0800: 442985.856: [GC [PSYoungGen: 1373568K->14704K(1379392K)] 3305725K->1947009K(4175616K), 0.0375810 secs] [Times: user=0.07 sys=0.00, real=0.03 secs] 
2016-02-20T21:27:05.913+0800: 443022.628: [GC [PSYoungGen: 1375216K->14800K(1379200K)] 3307521K->1947226K(4175424K), 0.0340560 secs] [Times: user=0.06 sys=0.00, real=0.03 secs] 
2016-02-20T21:27:44.196+0800: 443060.911: [GC [PSYoungGen: 1375312K->14640K(1379776K)] 3307738K->1947362K(4176000K), 0.0327040 secs] [Times: user=0.06 sys=0.00, real=0.03 secs] 
2016-02-20T21:28:23.703+0800: 443100.418: [GC [PSYoungGen: 1375984K->14417K(1379648K)] 3308706K->1947423K(4175872K), 0.0334450 secs] [Times: user=0.06 sys=0.00, real=0.03 secs] 
2016-02-20T21:29:05.687+0800: 443142.401: [GC [PSYoungGen: 1375761K->15872K(1379968K)] 3308767K->1949287K(4176192K), 0.0350990 secs] [Times: user=0.07 sys=0.00, real=0.04 secs] 
2016-02-20T21:29:42.093+0800: 443178.808: [GC [PSYoungGen: 1377728K->15472K(1379968K)] 3311143K->1949107K(4176192K), 0.0349960 secs] [Times: user=0.06 sys=0.00, real=0.04 secs] 
2016-02-20T21:30:21.297+0800: 443218.011: [GC [PSYoungGen: 1377328K->13744K(1380096K)] 3310963K->1947577K(4176320K), 0.0403270 secs] [Times: user=0.07 sys=0.00, real=0.04 secs] 
2016-02-20T21:31:02.755+0800: 443259.470: [GC [PSYoungGen: 1375984K->17024K(1379328K)] 3309817K->1951185K(4175552K), 0.0390180 secs] [Times: user=0.07 sys=0.00, real=0.04 secs] 
2016-02-20T21:31:44.019+0800: 443300.734: [GC [PSYoungGen: 1379264K->15136K(1380032K)] 3313425K->1949606K(4176256K), 0.0356010 secs] [Times: user=0.07 sys=0.00, real=0.04 secs] 
2016-02-20T21:32:23.418+0800: 443340.132: [GC [PSYoungGen: 1376864K->16000K(1379776K)] 3311334K->1950814K(4176000K), 0.0372840 secs] [Times: user=0.07 sys=0.00, real=0.03 secs] 
2016-02-20T21:33:03.158+0800: 443379.872: [GC [PSYoungGen: 1377728K->16272K(1379904K)] 3312542K->1951255K(4176128K), 0.0451290 secs] [Times: user=0.07 sys=0.00, real=0.04 secs] 
2016-02-20T21:33:39.821+0800: 443416.535: [GC [PSYoungGen: 1378128K->16080K(1379968K)] 3313111K->1951455K(4176192K), 0.0390430 secs] [Times: user=0.08 sys=0.00, real=0.04 secs] 
2016-02-20T21:34:19.213+0800: 443455.927: [GC [PSYoungGen: 1377936K->16688K(1379648K)] 3313311K->1952188K(4175872K), 0.0390220 secs] [Times: user=0.06 sys=0.00, real=0.04 secs] 
2016-02-20T21:34:52.909+0800: 443489.623: [GC [PSYoungGen: 1378288K->15520K(1379840K)] 3313788K->1951192K(4176064K), 0.0334880 secs] [Times: user=0.06 sys=0.00, real=0.03 secs] 
2016-02-20T21:35:22.664+0800: 443519.379: [GC [PSYoungGen: 1377120K->16064K(1380160K)] 3312792K->1951984K(4176384K), 0.0351680 secs] [Times: user=0.06 sys=0.01, real=0.03 secs] 
2016-02-20T21:35:49.632+0800: 443546.347: [GC [PSYoungGen: 1378240K->17913K(1380096K)] 3314160K->1958988K(4176320K), 0.0426040 secs] [Times: user=0.09 sys=0.00, real=0.04 secs] 
2016-02-20T21:36:15.334+0800: 443572.048: [GC [PSYoungGen: 1380089K->17664K(1375104K)] 3321164K->1958975K(4171328K), 0.0419170 secs] [Times: user=0.07 sys=0.00, real=0.04 secs] 
2016-02-20T21:36:37.067+0800: 443593.781: [GC [PSYoungGen: 1374784K->18176K(1375296K)] 3316095K->1959655K(4171520K), 0.0399120 secs] [Times: user=0.07 sys=0.00, real=0.04 secs] 
2016-02-20T21:36:57.197+0800: 443613.912: [GC [PSYoungGen: 1375296K->20704K(1375040K)] 3316775K->1962439K(4171264K), 0.0485300 secs] [Times: user=0.09 sys=0.00, real=0.05 secs] 
2016-02-20T21:37:22.913+0800: 443639.627: [GC [PSYoungGen: 1375008K->18320K(1376192K)] 3316743K->1960327K(4172416K), 0.0409060 secs] [Times: user=0.07 sys=0.00, real=0.04 secs] 
2016-02-20T21:37:56.169+0800: 443672.883: [GC [PSYoungGen: 1372624K->17968K(1376384K)] 3314631K->1960307K(4172608K), 0.0398010 secs] [Times: user=0.07 sys=0.00, real=0.04 secs] 
2016-02-20T21:38:30.026+0800: 443706.740: [GC [PSYoungGen: 1372464K->15968K(1376192K)] 3314803K->1958440K(4172416K), 0.0375190 secs] [Times: user=0.07 sys=0.01, real=0.03 secs] 
2016-02-20T21:39:02.994+0800: 443739.709: [GC [PSYoungGen: 1370464K->14112K(1376384K)] 3312936K->1956704K(4172608K), 0.0326730 secs] [Times: user=0.06 sys=0.00, real=0.03 secs] 
2016-02-20T21:39:36.381+0800: 443773.095: [GC [PSYoungGen: 1369056K->17552K(1376512K)] 3311648K->1960288K(4172736K), 0.0433390 secs] [Times: user=0.08 sys=0.00, real=0.04 secs] 
2016-02-20T21:40:09.470+0800: 443806.184: [GC [PSYoungGen: 1372496K->16592K(1377088K)] 3315232K->1959537K(4173312K), 0.0384570 secs] [Times: user=0.07 sys=0.00, real=0.04 secs] 
2016-02-20T21:40:42.984+0800: 443839.699: [GC [PSYoungGen: 1372304K->14096K(1376704K)] 3315249K->1957304K(4172928K), 0.0444830 secs] [Times: user=0.08 sys=0.00, real=0.04 secs] 
2016-02-20T21:41:21.663+0800: 443878.378: [GC [PSYoungGen: 1369808K->17776K(1377024K)] 3313016K->1961153K(4173248K), 0.0379620 secs] [Times: user=0.07 sys=0.00, real=0.04 secs] 
2016-02-20T21:41:54.746+0800: 443911.461: [GC [PSYoungGen: 1373744K->16624K(1377024K)] 3317121K->1960313K(4173248K), 0.0370110 secs] [Times: user=0.07 sys=0.01, real=0.04 secs] 
2016-02-20T21:42:30.112+0800: 443946.826: [GC [PSYoungGen: 1372592K->15904K(1377728K)] 3316281K->1959690K(4173952K), 0.0371090 secs] [Times: user=0.07 sys=0.00, real=0.04 secs] 
2016-02-20T21:43:08.036+0800: 443984.751: [GC [PSYoungGen: 1373024K->15680K(1377472K)] 3316810K->1959827K(4173696K), 0.0375040 secs] [Times: user=0.06 sys=0.00, real=0.03 secs] 
2016-02-20T21:43:42.719+0800: 444019.433: [GC [PSYoungGen: 1372800K->14960K(1377984K)] 3316947K->1959227K(4174208K), 0.0338780 secs] [Times: user=0.06 sys=0.00, real=0.04 secs] 
2016-02-20T21:44:18.466+0800: 444055.180: [GC [PSYoungGen: 1372784K->14928K(1377920K)] 3317051K->1959358K(4174144K), 0.0342590 secs] [Times: user=0.06 sys=0.00, real=0.04 secs] 
2016-02-20T21:44:54.030+0800: 444090.744: [GC [PSYoungGen: 1372752K->15584K(1378368K)] 3317182K->1960183K(4174592K), 0.0395820 secs] [Times: user=0.07 sys=0.01, real=0.04 secs] 
2016-02-20T21:45:28.396+0800: 444125.110: [GC [PSYoungGen: 1373984K->13968K(1378112K)] 3318583K->1958763K(4174336K), 0.0325550 secs] [Times: user=0.06 sys=0.00, real=0.03 secs] 
2016-02-20T21:45:59.442+0800: 444156.157: [GC [PSYoungGen: 1372368K->17184K(1378112K)] 3317163K->1962314K(4174336K), 0.0375020 secs] [Times: user=0.07 sys=0.00, real=0.04 secs] 
2016-02-20T21:46:34.381+0800: 444191.095: [GC [PSYoungGen: 1375584K->14348K(1378240K)] 3320714K->1959807K(4174464K), 0.0338780 secs] [Times: user=0.06 sys=0.01, real=0.04 secs] 
2016-02-20T21:47:09.985+0800: 444226.700: [GC [PSYoungGen: 1372748K->14800K(1378560K)] 3318207K->1960603K(4174784K), 0.0331100 secs] [Times: user=0.07 sys=0.00, real=0.03 secs] 
2016-02-20T21:47:44.729+0800: 444261.443: [GC [PSYoungGen: 1373648K->15040K(1378368K)] 3319451K->1961096K(4174592K), 0.0398820 secs] [Times: user=0.07 sys=0.01, real=0.04 secs] 
2016-02-20T21:48:19.343+0800: 444296.057: [GC [PSYoungGen: 1373888K->15840K(1379072K)] 3319944K->1962181K(4175296K), 0.0381530 secs] [Times: user=0.07 sys=0.00, real=0.04 secs] 
2016-02-20T21:48:51.723+0800: 444328.438: [GC [PSYoungGen: 1375584K->13788K(1378752K)] 3321925K->1960450K(4174976K), 0.0322820 secs] [Times: user=0.05 sys=0.01, real=0.03 secs] 
2016-02-20T21:49:29.675+0800: 444366.390: [GC [PSYoungGen: 1373532K->16144K(1379200K)] 3320194K->1963014K(4175424K), 0.0355250 secs] [Times: user=0.07 sys=0.00, real=0.03 secs] 
2016-02-20T21:50:02.759+0800: 444399.473: [GC [PSYoungGen: 1376336K->15968K(1379072K)] 3323206K->1963243K(4175296K), 0.0423780 secs] [Times: user=0.08 sys=0.00, real=0.05 secs] 
2016-02-20T21:50:34.915+0800: 444431.630: [GC [PSYoungGen: 1376160K->15920K(1379584K)] 3323435K->1963480K(4175808K), 0.0356990 secs] [Times: user=0.07 sys=0.00, real=0.04 secs] 
2016-02-20T21:51:12.521+0800: 444469.235: [GC [PSYoungGen: 1376816K->16928K(1379392K)] 3324376K->1964848K(4175616K), 0.0411210 secs] [Times: user=0.07 sys=0.00, real=0.04 secs] 
2016-02-20T21:51:48.210+0800: 444504.924: [GC [PSYoungGen: 1377824K->14720K(1379520K)] 3325744K->1962892K(4175744K), 0.0319540 secs] [Times: user=0.06 sys=0.00, real=0.03 secs] 
2016-02-20T21:52:25.256+0800: 444541.971: [GC [PSYoungGen: 1375552K->16384K(1379392K)] 3323724K->1964836K(4175616K), 0.0358680 secs] [Times: user=0.07 sys=0.00, real=0.04 secs] 
2016-02-20T21:53:04.268+0800: 444580.982: [GC [PSYoungGen: 1377216K->15024K(1379648K)] 3325668K->1963764K(4175872K), 0.0368130 secs] [Times: user=0.07 sys=0.00, real=0.03 secs] 
2016-02-20T21:53:43.364+0800: 444620.078: [GC [PSYoungGen: 1376112K->17200K(1378304K)] 3324852K->1966148K(4174528K), 0.0384020 secs] [Times: user=0.07 sys=0.00, real=0.04 secs] 
2016-02-20T21:54:20.160+0800: 444656.874: [GC [PSYoungGen: 1378288K->15088K(1379520K)] 3327236K->1964208K(4175744K), 0.0382070 secs] [Times: user=0.07 sys=0.00, real=0.04 secs] 
2016-02-20T21:55:00.111+0800: 444696.825: [GC [PSYoungGen: 1375920K->17616K(1378496K)] 3325040K->1966904K(4174720K), 0.0393700 secs] [Times: user=0.07 sys=0.00, real=0.04 secs] 
2016-02-20T21:55:34.055+0800: 444730.769: [GC [PSYoungGen: 1378448K->15968K(1379392K)] 3327736K->1965580K(4175616K), 0.0349210 secs] [Times: user=0.07 sys=0.00, real=0.04 secs] 
2016-02-20T21:56:12.739+0800: 444769.454: [GC [PSYoungGen: 1376416K->16208K(1379136K)] 3326028K->1966062K(4175360K), 0.0369470 secs] [Times: user=0.07 sys=0.00, real=0.04 secs] 
2016-02-20T21:56:53.823+0800: 444810.538: [GC [PSYoungGen: 1376656K->16320K(1379712K)] 3326510K->1966479K(4175936K), 0.0366210 secs] [Times: user=0.07 sys=0.00, real=0.04 secs] 
2016-02-20T21:57:31.083+0800: 444847.798: [GC [PSYoungGen: 1377536K->15728K(1379584K)] 3327695K->1966259K(4175808K), 0.0369330 secs] [Times: user=0.07 sys=0.00, real=0.04 secs] 
2016-02-20T21:58:10.950+0800: 444887.664: [GC [PSYoungGen: 1376944K->15680K(1380032K)] 3327475K->1966604K(4176256K), 0.0357580 secs] [Times: user=0.06 sys=0.00, real=0.03 secs] 
2016-02-20T21:58:49.144+0800: 444925.858: [GC [PSYoungGen: 1377536K->15808K(1379904K)] 3328460K->1967104K(4176128K), 0.0372630 secs] [Times: user=0.06 sys=0.01, real=0.04 secs] 
2016-02-20T21:59:27.939+0800: 444964.653: [GC [PSYoungGen: 1377664K->17824K(1378944K)] 3328960K->1969465K(4175168K), 0.0407290 secs] [Times: user=0.07 sys=0.00, real=0.04 secs] 
2016-02-20T22:00:05.483+0800: 445002.197: [GC [PSYoungGen: 1378912K->16160K(1379584K)] 3330553K->1968017K(4175808K), 0.0356420 secs] [Times: user=0.07 sys=0.00, real=0.04 secs] 
2016-02-20T22:00:38.520+0800: 445035.235: [GC [PSYoungGen: 1377248K->14681K(1379712K)] 3329105K->1966970K(4175936K), 0.0336590 secs] [Times: user=0.07 sys=0.00, real=0.03 secs] 
2016-02-20T22:01:12.406+0800: 445069.120: [GC [PSYoungGen: 1376153K->14512K(1379776K)] 3328442K->1966976K(4176000K), 0.0342510 secs] [Times: user=0.06 sys=0.00, real=0.04 secs] 
2016-02-20T22:01:45.352+0800: 445102.066: [GC [PSYoungGen: 1375984K->13264K(1379392K)] 3328448K->1965901K(4175616K), 0.0327810 secs] [Times: user=0.07 sys=0.00, real=0.03 secs] 
2016-02-20T22:02:22.414+0800: 445139.128: [GC [PSYoungGen: 1374352K->15313K(1379584K)] 3326989K->1968230K(4175808K), 0.0366380 secs] [Times: user=0.07 sys=0.01, real=0.03 secs] 
2016-02-20T22:02:56.548+0800: 445173.262: [GC [PSYoungGen: 1376401K->14960K(1379968K)] 3329318K->1968362K(4176192K), 0.0359600 secs] [Times: user=0.06 sys=0.01, real=0.04 secs] 
2016-02-20T22:03:31.248+0800: 445207.962: [GC [PSYoungGen: 1376624K->14064K(1379776K)] 3330026K->1967650K(4176000K), 0.0393390 secs] [Times: user=0.08 sys=0.00, real=0.03 secs] 
2016-02-20T22:04:07.780+0800: 445244.495: [GC [PSYoungGen: 1375728K->16096K(1379968K)] 3329314K->1969947K(4176192K), 0.0407110 secs] [Times: user=0.07 sys=0.00, real=0.04 secs] 
2016-02-20T22:04:37.820+0800: 445274.535: [GC [PSYoungGen: 1377952K->14656K(1379968K)] 3331803K->1968815K(4176192K), 0.0410310 secs] [Times: user=0.07 sys=0.00, real=0.04 secs] 
2016-02-20T22:05:10.789+0800: 445307.504: [GC [PSYoungGen: 1376512K->15520K(1380288K)] 3330671K->1969969K(4176512K), 0.0377610 secs] [Times: user=0.07 sys=0.00, real=0.04 secs] 
2016-02-20T22:05:44.463+0800: 445341.178: [GC [PSYoungGen: 1377824K->13472K(1380096K)] 3332273K->1968266K(4176320K), 0.0328880 secs] [Times: user=0.06 sys=0.00, real=0.03 secs] 
2016-02-20T22:06:21.260+0800: 445377.974: [GC [PSYoungGen: 1375776K->15744K(1380288K)] 3330570K->1970807K(4176512K), 0.0358260 secs] [Times: user=0.07 sys=0.00, real=0.04 secs] 
2016-02-20T22:06:58.144+0800: 445414.858: [GC [PSYoungGen: 1378176K->15520K(1380224K)] 3333239K->1970995K(4176448K), 0.0366390 secs] [Times: user=0.06 sys=0.01, real=0.04 secs] 
2016-02-20T22:07:38.771+0800: 445455.486: [GC [PSYoungGen: 1377952K->17104K(1379520K)] 3333427K->1972827K(4175744K), 0.0404300 secs] [Times: user=0.07 sys=0.00, real=0.05 secs] 
2016-02-20T22:08:19.907+0800: 445496.622: [GC [PSYoungGen: 1378960K->15664K(1379968K)] 3334683K->1971684K(4176192K), 0.0347940 secs] [Times: user=0.07 sys=0.00, real=0.04 secs] 
2016-02-20T22:08:56.915+0800: 445533.630: [GC [PSYoungGen: 1377520K->14416K(1380224K)] 3333540K->1970668K(4176448K), 0.0372610 secs] [Times: user=0.07 sys=0.00, real=0.04 secs] 
2016-02-20T22:09:37.030+0800: 445573.745: [GC [PSYoungGen: 1376720K->16017K(1380160K)] 3332972K->1972594K(4176384K), 0.0351330 secs] [Times: user=0.06 sys=0.00, real=0.03 secs] 
2016-02-20T22:10:14.559+0800: 445611.274: [GC [PSYoungGen: 1378321K->13344K(1379968K)] 3334898K->1970414K(4176192K), 0.0322440 secs] [Times: user=0.06 sys=0.00, real=0.03 secs] 
2016-02-20T22:10:48.591+0800: 445645.305: [GC [PSYoungGen: 1375456K->14336K(1380096K)] 3332526K->1971614K(4176320K), 0.0324900 secs] [Times: user=0.06 sys=0.00, real=0.03 secs] 
2016-02-20T22:11:30.806+0800: 445687.521: [GC [PSYoungGen: 1376448K->17824K(1378432K)] 3333726K->1975575K(4174656K), 0.0396770 secs] [Times: user=0.07 sys=0.00, real=0.04 secs] 
2016-02-20T22:12:08.145+0800: 445724.859: [GC [PSYoungGen: 1378400K->15392K(1379328K)] 3336151K->1973371K(4175552K), 0.0345040 secs] [Times: user=0.07 sys=0.00, real=0.04 secs] 
2016-02-20T22:12:42.497+0800: 445759.211: [GC [PSYoungGen: 1375968K->14656K(1379840K)] 3333947K->1972935K(4176064K), 0.0331660 secs] [Times: user=0.06 sys=0.00, real=0.03 secs] 
2016-02-20T22:13:23.082+0800: 445799.797: [GC [PSYoungGen: 1376064K->15616K(1379648K)] 3334343K->1974099K(4175872K), 0.0354600 secs] [Times: user=0.07 sys=0.00, real=0.04 secs] 
2016-02-20T22:14:01.102+0800: 445837.816: [GC [PSYoungGen: 1377024K->14480K(1380096K)] 3335507K->1973347K(4176320K), 0.0437940 secs] [Times: user=0.07 sys=0.00, real=0.04 secs] 
2016-02-20T22:14:41.753+0800: 445878.468: [GC [PSYoungGen: 1376528K->16016K(1380032K)] 3335395K->1975156K(4176256K), 0.0415400 secs] [Times: user=0.07 sys=0.00, real=0.04 secs] 
2016-02-20T22:15:18.120+0800: 445914.835: [GC [PSYoungGen: 1378064K->14448K(1380224K)] 3337204K->1973792K(4176448K), 0.0375660 secs] [Times: user=0.06 sys=0.01, real=0.04 secs] 
2016-02-20T22:15:56.601+0800: 445953.316: [GC [PSYoungGen: 1376688K->14784K(1380096K)] 3336032K->1974324K(4176320K), 0.0362590 secs] [Times: user=0.06 sys=0.00, real=0.04 secs] 
2016-02-20T22:16:38.187+0800: 445994.901: [GC [PSYoungGen: 1377024K->15200K(1380608K)] 3336564K->1974837K(4176832K), 0.0335200 secs] [Times: user=0.07 sys=0.00, real=0.04 secs] 
2016-02-20T22:17:16.041+0800: 446032.755: [GC [PSYoungGen: 1378080K->17461K(1380352K)] 3337717K->1977926K(4176576K), 0.0429630 secs] [Times: user=0.08 sys=0.00, real=0.04 secs] 
2016-02-20T22:17:56.200+0800: 446072.915: [GC [PSYoungGen: 1380341K->17152K(1378432K)] 3340806K->1977953K(4174656K), 0.0518470 secs] [Times: user=0.10 sys=0.00, real=0.05 secs] 
2016-02-20T22:18:33.587+0800: 446110.302: [GC [PSYoungGen: 1377856K->15280K(1379392K)] 3338657K->1976361K(4175616K), 0.0363110 secs] [Times: user=0.07 sys=0.00, real=0.03 secs] 
2016-02-20T22:19:12.321+0800: 446149.035: [GC [PSYoungGen: 1375984K->16288K(1379648K)] 3337065K->1977641K(4175872K), 0.0356540 secs] [Times: user=0.06 sys=0.00, real=0.03 secs] 
2016-02-20T22:19:52.898+0800: 446189.613: [GC [PSYoungGen: 1377440K->16464K(1379584K)] 3338793K->1977962K(4175808K), 0.0364160 secs] [Times: user=0.06 sys=0.00, real=0.04 secs] 
2016-02-20T22:20:29.573+0800: 446226.288: [GC [PSYoungGen: 1377616K->13872K(1379520K)] 3339114K->1975738K(4175744K), 0.0351310 secs] [Times: user=0.07 sys=0.00, real=0.04 secs] 
2016-02-20T22:21:07.325+0800: 446264.039: [GC [PSYoungGen: 1374960K->16000K(1379584K)] 3336826K->1978130K(4175808K), 0.0426450 secs] [Times: user=0.09 sys=0.00, real=0.04 secs] 
2016-02-20T22:21:44.829+0800: 446301.544: [GC [PSYoungGen: 1377088K->15696K(1379968K)] 3339218K->1977978K(4176192K), 0.0410430 secs] [Times: user=0.07 sys=0.00, real=0.04 secs] 
2016-02-20T22:22:22.898+0800: 446339.612: [GC [PSYoungGen: 1377296K->16352K(1379712K)] 3339578K->1979002K(4175936K), 0.0453170 secs] [Times: user=0.07 sys=0.00, real=0.05 secs] 
2016-02-20T22:23:04.391+0800: 446381.106: [GC [PSYoungGen: 1377952K->16624K(1379712K)] 3340602K->1979720K(4175936K), 0.0372850 secs] [Times: user=0.07 sys=0.00, real=0.04 secs] 
2016-02-20T22:23:41.802+0800: 446418.517: [GC [PSYoungGen: 1378224K->15808K(1379840K)] 3341320K->1979172K(4176064K), 0.0365180 secs] [Times: user=0.07 sys=0.00, real=0.04 secs] 
2016-02-20T22:24:20.332+0800: 446457.046: [GC [PSYoungGen: 1377408K->16736K(1379840K)] 3340772K->1980300K(4176064K), 0.0363560 secs] [Times: user=0.07 sys=0.00, real=0.04 secs] 
2016-02-20T22:25:02.042+0800: 446498.756: [GC [PSYoungGen: 1378592K->15984K(1379968K)] 3342156K->1979748K(4176192K), 0.0418390 secs] [Times: user=0.08 sys=0.00, real=0.04 secs] 
2016-02-20T22:25:38.117+0800: 446534.832: [GC [PSYoungGen: 1377840K->16080K(1380288K)] 3341604K->1980073K(4176512K), 0.0448710 secs] [Times: user=0.08 sys=0.00, real=0.04 secs] 
2016-02-20T22:26:16.548+0800: 446573.262: [GC [PSYoungGen: 1378448K->14580K(1380160K)] 3342441K->1978930K(4176384K), 0.0400210 secs] [Times: user=0.07 sys=0.01, real=0.04 secs] 
2016-02-20T22:26:57.455+0800: 446614.169: [GC [PSYoungGen: 1376948K->15824K(1380416K)] 3341298K->1980375K(4176640K), 0.0373240 secs] [Times: user=0.07 sys=0.00, real=0.04 secs] 
2016-02-20T22:27:37.069+0800: 446653.783: [GC [PSYoungGen: 1378384K->16880K(1380224K)] 3342935K->1981823K(4176448K), 0.0448760 secs] [Times: user=0.08 sys=0.00, real=0.04 secs] 
2016-02-20T22:28:18.048+0800: 446694.762: [GC [PSYoungGen: 1379440K->16976K(1379840K)] 3344383K->1982335K(4176064K), 0.0408580 secs] [Times: user=0.07 sys=0.00, real=0.05 secs] 
2016-02-20T22:28:57.836+0800: 446734.550: [GC [PSYoungGen: 1378960K->13568K(1375616K)] 3344319K->1979280K(4171840K), 0.0373520 secs] [Times: user=0.06 sys=0.00, real=0.03 secs] 
2016-02-20T22:29:40.469+0800: 446777.184: [GC [PSYoungGen: 1375552K->15408K(1379968K)] 3341264K->1981436K(4176192K), 0.0389100 secs] [Times: user=0.08 sys=0.00, real=0.04 secs] 
2016-02-20T22:30:17.313+0800: 446814.028: [GC [PSYoungGen: 1377072K->13552K(1379776K)] 3343100K->1979866K(4176000K), 0.0325020 secs] [Times: user=0.07 sys=0.00, real=0.03 secs] 
2016-02-20T22:30:58.941+0800: 446855.655: [GC [PSYoungGen: 1375216K->14400K(1379904K)] 3341530K->1981095K(4176128K), 0.0357830 secs] [Times: user=0.06 sys=0.00, real=0.04 secs] 
2016-02-20T22:31:41.045+0800: 446897.760: [GC [PSYoungGen: 1376064K->16144K(1379840K)] 3342759K->1982923K(4176064K), 0.0399030 secs] [Times: user=0.07 sys=0.00, real=0.04 secs] 
2016-02-20T22:32:19.638+0800: 446936.353: [GC [PSYoungGen: 1377808K->14896K(1380096K)] 3344587K->1981895K(4176320K), 0.0469480 secs] [Times: user=0.11 sys=0.00, real=0.05 secs] 
2016-02-20T22:32:57.300+0800: 446974.014: [GC [PSYoungGen: 1376816K->15328K(1379904K)] 3343815K->1982443K(4176128K), 0.0382660 secs] [Times: user=0.07 sys=0.00, real=0.04 secs] 
2016-02-20T22:33:37.746+0800: 447014.461: [GC [PSYoungGen: 1377248K->17168K(1379456K)] 3344363K->1984463K(4175680K), 0.0379020 secs] [Times: user=0.07 sys=0.00, real=0.04 secs] 
2016-02-20T22:34:14.459+0800: 447051.173: [GC [PSYoungGen: 1378896K->15264K(1379904K)] 3346191K->1982780K(4176128K), 0.0363130 secs] [Times: user=0.07 sys=0.00, real=0.03 secs] 
2016-02-20T22:34:56.717+0800: 447093.431: [GC [PSYoungGen: 1376992K->14208K(1380096K)] 3344508K->1981985K(4176320K), 0.0378310 secs] [Times: user=0.07 sys=0.00, real=0.04 secs] 
2016-02-20T22:35:35.153+0800: 447131.868: [GC [PSYoungGen: 1376320K->14032K(1380096K)] 3344097K->1981981K(4176320K), 0.0332070 secs] [Times: user=0.07 sys=0.00, real=0.03 secs] 
2016-02-20T22:36:15.115+0800: 447171.829: [GC [PSYoungGen: 1376144K->15440K(1380352K)] 3344093K->1983705K(4176576K), 0.0353580 secs] [Times: user=0.07 sys=0.00, real=0.04 secs] 
2016-02-20T22:36:56.254+0800: 447212.969: [GC [PSYoungGen: 1377872K->15488K(1380160K)] 3346137K->1984070K(4176384K), 0.0403460 secs] [Times: user=0.06 sys=0.00, real=0.04 secs] 
2016-02-20T22:37:40.407+0800: 447257.122: [GC [PSYoungGen: 1377920K->15792K(1380544K)] 3346502K->1984538K(4176768K), 0.0353700 secs] [Times: user=0.07 sys=0.01, real=0.04 secs] 
2016-02-20T22:38:23.580+0800: 447300.294: [GC [PSYoungGen: 1378736K->16528K(1379520K)] 3347482K->1985527K(4175744K), 0.0447990 secs] [Times: user=0.08 sys=0.00, real=0.05 secs] 
2016-02-20T22:39:07.384+0800: 447344.098: [GC [PSYoungGen: 1379472K->17713K(1378176K)] 3348471K->1987937K(4174400K), 0.0410610 secs] [Times: user=0.07 sys=0.00, real=0.05 secs] 
2016-02-20T22:39:50.174+0800: 447386.888: [GC [PSYoungGen: 1378161K->16144K(1379264K)] 3348385K->1986993K(4175488K), 0.0368380 secs] [Times: user=0.07 sys=0.00, real=0.03 secs] 
2016-02-20T22:40:26.844+0800: 447423.558: [GC [PSYoungGen: 1376592K->13968K(1379328K)] 3347441K->1984961K(4175552K), 0.0324530 secs] [Times: user=0.06 sys=0.01, real=0.03 secs] 
2016-02-20T22:41:06.166+0800: 447462.881: [GC [PSYoungGen: 1374672K->16992K(1377728K)] 3345665K->1988166K(4173952K), 0.0431910 secs] [Times: user=0.07 sys=0.00, real=0.05 secs] 
2016-02-20T22:41:44.188+0800: 447500.902: [GC [PSYoungGen: 1377696K->16528K(1379264K)] 3348870K->1988062K(4175488K), 0.0403430 secs] [Times: user=0.07 sys=0.00, real=0.04 secs] 
2016-02-20T22:42:27.770+0800: 447544.484: [GC [PSYoungGen: 1376912K->16688K(1379200K)] 3348446K->1988510K(4175424K), 0.0401520 secs] [Times: user=0.06 sys=0.00, real=0.04 secs] 
2016-02-20T22:43:09.273+0800: 447585.988: [GC [PSYoungGen: 1377072K->14032K(1379136K)] 3348894K->1986094K(4175360K), 0.0321720 secs] [Times: user=0.06 sys=0.00, real=0.03 secs] 
2016-02-20T22:43:50.790+0800: 447627.505: [GC [PSYoungGen: 1374352K->13920K(1379200K)] 3346414K->1986191K(4175424K), 0.0373360 secs] [Times: user=0.07 sys=0.00, real=0.03 secs] 
2016-02-20T22:44:29.567+0800: 447666.281: [GC [PSYoungGen: 1374240K->17040K(1378816K)] 3346511K->1989635K(4175040K), 0.0420700 secs] [Times: user=0.08 sys=0.01, real=0.04 secs] 
2016-02-20T22:45:05.937+0800: 447702.651: [GC [PSYoungGen: 1376976K->15480K(1379008K)] 3349571K->1988497K(4175232K), 0.0385920 secs] [Times: user=0.07 sys=0.00, real=0.04 secs] 
2016-02-20T22:45:47.742+0800: 447744.456: [GC [PSYoungGen: 1375416K->14499K(1379392K)] 3348433K->1987752K(4175616K), 0.0338430 secs] [Times: user=0.06 sys=0.00, real=0.03 secs] 
2016-02-20T22:46:29.632+0800: 447786.347: [GC [PSYoungGen: 1375075K->14912K(1379264K)] 3348328K->1988485K(4175488K), 0.0352690 secs] [Times: user=0.07 sys=0.00, real=0.03 secs] 
2016-02-20T22:47:12.623+0800: 447829.338: [GC [PSYoungGen: 1375488K->17136K(1378944K)] 3349061K->1990968K(4175168K), 0.0384400 secs] [Times: user=0.07 sys=0.00, real=0.04 secs] 
2016-02-20T22:47:55.356+0800: 447872.070: [GC [PSYoungGen: 1377584K->14672K(1379264K)] 3351416K->1988688K(4175488K), 0.0383960 secs] [Times: user=0.08 sys=0.01, real=0.04 secs] 
2016-02-20T22:48:41.385+0800: 447918.099: [GC [PSYoungGen: 1375120K->16848K(1379136K)] 3349136K->1991057K(4175360K), 0.0392920 secs] [Times: user=0.07 sys=0.00, real=0.04 secs] 
2016-02-20T22:49:25.924+0800: 447962.638: [GC [PSYoungGen: 1377296K->15856K(1379264K)] 3351505K->1990282K(4175488K), 0.0367850 secs] [Times: user=0.07 sys=0.00, real=0.04 secs] 
2016-02-20T22:50:08.480+0800: 448005.195: [GC [PSYoungGen: 1376304K->14448K(1379584K)] 3350730K->1989098K(4175808K), 0.0376060 secs] [Times: user=0.07 sys=0.00, real=0.04 secs] 
2016-02-20T22:50:49.566+0800: 448046.280: [GC [PSYoungGen: 1375472K->15136K(1379520K)] 3350122K->1989963K(4175744K), 0.0421360 secs] [Times: user=0.08 sys=0.00, real=0.04 secs] 
2016-02-20T22:51:30.732+0800: 448087.447: [GC [PSYoungGen: 1376160K->15308K(1380032K)] 3350987K->1990279K(4176256K), 0.0372370 secs] [Times: user=0.06 sys=0.01, real=0.04 secs] 
2016-02-20T22:52:14.188+0800: 448130.903: [GC [PSYoungGen: 1377036K->18033K(1379776K)] 3352007K->1995138K(4176000K), 0.0453800 secs] [Times: user=0.08 sys=0.00, real=0.04 secs] 
2016-02-20T22:52:52.824+0800: 448169.538: [GC [PSYoungGen: 1379761K->12736K(1376960K)] 3356866K->1990358K(4173184K), 0.0373040 secs] [Times: user=0.07 sys=0.01, real=0.03 secs] 
2016-02-20T22:53:29.692+0800: 448206.406: [GC [PSYoungGen: 1371392K->15088K(1378368K)] 3349014K->1992806K(4174592K), 0.0383900 secs] [Times: user=0.07 sys=0.00, real=0.03 secs] 
2016-02-20T22:54:08.568+0800: 448245.283: [GC [PSYoungGen: 1373744K->14640K(1378880K)] 3351462K->1992510K(4175104K), 0.0347270 secs] [Times: user=0.06 sys=0.00, real=0.03 secs] 
2016-02-20T22:54:45.849+0800: 448282.563: [GC [PSYoungGen: 1374064K->13264K(1378624K)] 3351934K->1991326K(4174848K), 0.0401220 secs] [Times: user=0.07 sys=0.00, real=0.04 secs] 
2016-02-20T22:55:21.875+0800: 448318.589: [GC [PSYoungGen: 1372688K->15184K(1379200K)] 3350750K->1993598K(4175424K), 0.0366760 secs] [Times: user=0.06 sys=0.00, real=0.04 secs] 
2016-02-20T22:55:56.607+0800: 448353.321: [GC [PSYoungGen: 1375184K->13264K(1378880K)] 3353598K->1992135K(4175104K), 0.0317920 secs] [Times: user=0.07 sys=0.00, real=0.03 secs] 
2016-02-20T22:56:38.652+0800: 448395.366: [GC [PSYoungGen: 1373264K->18128K(1377728K)] 3352135K->1997239K(4173952K), 0.0407050 secs] [Times: user=0.07 sys=0.00, real=0.04 secs] 
2016-02-20T22:57:18.306+0800: 448435.021: [GC [PSYoungGen: 1377040K->18608K(1377536K)] 3356151K->1998020K(4173760K), 0.0364580 secs] [Times: user=0.08 sys=0.00, real=0.04 secs] 
2016-02-20T22:58:02.572+0800: 448479.287: [GC [PSYoungGen: 1377520K->17296K(1377472K)] 3356932K->1996920K(4173696K), 0.0426520 secs] [Times: user=0.07 sys=0.00, real=0.04 secs] 
2016-02-20T22:58:43.209+0800: 448519.924: [GC [PSYoungGen: 1374416K->14903K(1377600K)] 3354040K->1994836K(4173824K), 0.0343460 secs] [Times: user=0.07 sys=0.00, real=0.03 secs] 
2016-02-20T22:59:26.845+0800: 448563.559: [GC [PSYoungGen: 1372023K->16304K(1378112K)] 3351956K->1996513K(4174336K), 0.0431420 secs] [Times: user=0.08 sys=0.00, real=0.05 secs] 
2016-02-20T23:00:08.168+0800: 448604.883: [GC [PSYoungGen: 1374192K->15344K(1377856K)] 3354401K->1995749K(4174080K), 0.0389750 secs] [Times: user=0.08 sys=0.00, real=0.03 secs] 
2016-02-20T23:00:46.521+0800: 448643.235: [GC [PSYoungGen: 1373232K->14720K(1378624K)] 3353637K->1995358K(4174848K), 0.0393600 secs] [Times: user=0.08 sys=0.00, real=0.04 secs] 
2016-02-20T23:01:27.839+0800: 448684.553: [GC [PSYoungGen: 1373696K->14080K(1378432K)] 3354334K->1994866K(4174656K), 0.0315210 secs] [Times: user=0.06 sys=0.00, real=0.03 secs] 
2016-02-20T23:02:13.104+0800: 448729.819: [GC [PSYoungGen: 1373056K->15760K(1379072K)] 3353842K->1996794K(4175296K), 0.0446600 secs] [Times: user=0.08 sys=0.00, real=0.05 secs] 
2016-02-20T23:02:59.097+0800: 448775.811: [GC [PSYoungGen: 1375504K->17072K(1378752K)] 3356538K->1998458K(4174976K), 0.0550220 secs] [Times: user=0.08 sys=0.00, real=0.05 secs] 
2016-02-20T23:03:46.156+0800: 448822.871: [GC [PSYoungGen: 1376816K->16256K(1378944K)] 3358202K->1997894K(4175168K), 0.0431070 secs] [Times: user=0.07 sys=0.00, real=0.04 secs] 
2016-02-20T23:04:29.491+0800: 448866.205: [GC [PSYoungGen: 1375936K->16368K(1378816K)] 3357574K->1998223K(4175040K), 0.0367270 secs] [Times: user=0.07 sys=0.00, real=0.04 secs] 
2016-02-20T23:05:10.819+0800: 448907.533: [GC [PSYoungGen: 1376048K->15088K(1379264K)] 3357903K->1997307K(4175488K), 0.0356230 secs] [Times: user=0.07 sys=0.00, real=0.04 secs] 
2016-02-20T23:05:53.458+0800: 448950.172: [GC [PSYoungGen: 1375344K->14512K(1379072K)] 3357563K->1997096K(4175296K), 0.0390280 secs] [Times: user=0.06 sys=0.00, real=0.04 secs] 
2016-02-20T23:06:37.816+0800: 448994.530: [GC [PSYoungGen: 1374768K->16224K(1379456K)] 3357352K->1999033K(4175680K), 0.0436910 secs] [Times: user=0.08 sys=0.00, real=0.04 secs] 
2016-02-20T23:07:19.270+0800: 449035.985: [GC [PSYoungGen: 1376928K->16400K(1379328K)] 3359737K->1999513K(4175552K), 0.0363950 secs] [Times: user=0.06 sys=0.00, real=0.04 secs] 
2016-02-20T23:08:05.058+0800: 449081.772: [GC [PSYoungGen: 1377104K->16000K(1379648K)] 3360217K->1999290K(4175872K), 0.0409050 secs] [Times: user=0.07 sys=0.00, real=0.04 secs] 
2016-02-20T23:08:48.711+0800: 449125.426: [GC [PSYoungGen: 1377024K->15648K(1379456K)] 3360314K->1999191K(4175680K), 0.0342150 secs] [Times: user=0.06 sys=0.00, real=0.04 secs] 
2016-02-20T23:09:35.140+0800: 449171.855: [GC [PSYoungGen: 1376672K->15632K(1380096K)] 3360215K->1999339K(4176320K), 0.0375760 secs] [Times: user=0.06 sys=0.01, real=0.03 secs] 
2016-02-20T23:10:16.142+0800: 449212.857: [GC [PSYoungGen: 1377552K->14912K(1379904K)] 3361259K->1998831K(4176128K), 0.0323390 secs] [Times: user=0.06 sys=0.00, real=0.03 secs] 
2016-02-20T23:11:00.069+0800: 449256.783: [GC [PSYoungGen: 1376832K->16288K(1380160K)] 3360751K->2000396K(4176384K), 0.0351840 secs] [Times: user=0.06 sys=0.00, real=0.03 secs] 
2016-02-20T23:11:51.380+0800: 449308.095: [GC [PSYoungGen: 1378528K->15360K(1380160K)] 3362636K->1999837K(4176384K), 0.0387530 secs] [Times: user=0.06 sys=0.00, real=0.04 secs] 
2016-02-20T23:12:40.053+0800: 449356.768: [GC [PSYoungGen: 1377600K->15536K(1380480K)] 3362077K->2000338K(4176704K), 0.0349810 secs] [Times: user=0.07 sys=0.00, real=0.03 secs] 
2016-02-20T23:13:31.890+0800: 449408.604: [GC [PSYoungGen: 1378288K->17216K(1380032K)] 3363090K->2002390K(4176256K), 0.0430310 secs] [Times: user=0.07 sys=0.00, real=0.04 secs] 
2016-02-20T23:14:15.860+0800: 449452.575: [GC [PSYoungGen: 1379968K->14064K(1379968K)] 3365142K->1999474K(4176192K), 0.0379800 secs] [Times: user=0.08 sys=0.00, real=0.04 secs] 
2016-02-20T23:14:58.926+0800: 449495.640: [GC [PSYoungGen: 1376048K->14656K(1380032K)] 3361458K->2000274K(4176256K), 0.0339450 secs] [Times: user=0.07 sys=0.00, real=0.04 secs] 
2016-02-20T23:15:48.407+0800: 449545.122: [GC [PSYoungGen: 1376640K->14800K(1380224K)] 3362258K->2000591K(4176448K), 0.0349020 secs] [Times: user=0.06 sys=0.00, real=0.04 secs] 
2016-02-20T23:16:35.052+0800: 449591.766: [GC [PSYoungGen: 1377040K->15648K(1380096K)] 3362831K->2001640K(4176320K), 0.0353080 secs] [Times: user=0.07 sys=0.00, real=0.04 secs] 
2016-02-20T23:17:19.756+0800: 449636.470: [GC [PSYoungGen: 1377888K->14192K(1380288K)] 3363880K->2000536K(4176512K), 0.0396180 secs] [Times: user=0.08 sys=0.00, real=0.04 secs] 
2016-02-20T23:18:08.526+0800: 449685.240: [GC [PSYoungGen: 1376816K->15024K(1380352K)] 3363160K->2001629K(4176576K), 0.0372390 secs] [Times: user=0.06 sys=0.01, real=0.04 secs] 
2016-02-20T23:19:02.329+0800: 449739.043: [GC [PSYoungGen: 1377648K->16672K(1380032K)] 3364253K->2003653K(4176256K), 0.0388530 secs] [Times: user=0.07 sys=0.00, real=0.03 secs] 
2016-02-20T23:19:50.588+0800: 449787.302: [GC [PSYoungGen: 1379168K->15136K(1380288K)] 3366149K->2002401K(4176512K), 0.0334890 secs] [Times: user=0.06 sys=0.00, real=0.03 secs] 
2016-02-20T23:20:40.388+0800: 449837.102: [GC [PSYoungGen: 1377632K->14736K(1380544K)] 3364897K->2002166K(4176768K), 0.0344250 secs] [Times: user=0.07 sys=0.00, real=0.04 secs] 
2016-02-20T23:21:24.014+0800: 449880.728: [GC [PSYoungGen: 1377616K->14288K(1380416K)] 3365046K->2001902K(4176640K), 0.0373150 secs] [Times: user=0.06 sys=0.00, real=0.04 secs] 
2016-02-20T23:22:15.342+0800: 449932.056: [GC [PSYoungGen: 1377168K->16704K(1379968K)] 3364782K->2004631K(4176192K), 0.0371570 secs] [Times: user=0.07 sys=0.00, real=0.04 secs] 
2016-02-20T23:22:59.403+0800: 449976.118: [GC [PSYoungGen: 1379200K->14544K(1380288K)] 3367127K->2002844K(4176512K), 0.0349300 secs] [Times: user=0.06 sys=0.00, real=0.03 secs] 
2016-02-20T23:23:47.621+0800: 450024.336: [GC [PSYoungGen: 1377040K->16432K(1379968K)] 3365340K->2005108K(4176192K), 0.0397180 secs] [Times: user=0.07 sys=0.01, real=0.04 secs] 
2016-02-20T23:24:41.367+0800: 450078.082: [GC [PSYoungGen: 1378672K->15424K(1380160K)] 3367348K->2004528K(4176384K), 0.0352730 secs] [Times: user=0.07 sys=0.00, real=0.03 secs] 
2016-02-20T23:25:26.288+0800: 450123.003: [GC [PSYoungGen: 1377664K->15856K(1380480K)] 3366768K->2005232K(4176704K), 0.0366400 secs] [Times: user=0.06 sys=0.01, real=0.04 secs] 
2016-02-20T23:26:12.482+0800: 450169.196: [GC [PSYoungGen: 1378672K->14928K(1380416K)] 3368048K->2004562K(4176640K), 0.0342360 secs] [Times: user=0.06 sys=0.00, real=0.03 secs] 
2016-02-20T23:26:58.638+0800: 450215.353: [GC [PSYoungGen: 1377744K->15552K(1380736K)] 3367378K->2005482K(4176960K), 0.0365250 secs] [Times: user=0.06 sys=0.00, real=0.03 secs] 
2016-02-20T23:27:44.209+0800: 450260.924: [GC [PSYoungGen: 1378816K->14992K(1380608K)] 3368746K->2005338K(4176832K), 0.0390160 secs] [Times: user=0.07 sys=0.00, real=0.04 secs] 
2016-02-20T23:28:35.275+0800: 450311.989: [GC [PSYoungGen: 1378256K->14400K(1380864K)] 3368602K->2004973K(4177088K), 0.0320150 secs] [Times: user=0.06 sys=0.00, real=0.03 secs] 
2016-02-20T23:29:29.335+0800: 450366.049: [GC [PSYoungGen: 1378048K->15904K(1380864K)] 3368621K->2006690K(4177088K), 0.0401710 secs] [Times: user=0.07 sys=0.00, real=0.04 secs] 
2016-02-20T23:30:19.000+0800: 450415.715: [GC [PSYoungGen: 1379552K->13792K(1380608K)] 3370338K->2004854K(4176832K), 0.0357310 secs] [Times: user=0.07 sys=0.00, real=0.04 secs] 
2016-02-20T23:31:13.204+0800: 450469.918: [GC [PSYoungGen: 1377184K->13808K(1380736K)] 3368246K->2005335K(4176960K), 0.0316610 secs] [Times: user=0.06 sys=0.00, real=0.03 secs] 
2016-02-20T23:32:00.205+0800: 450516.919: [GC [PSYoungGen: 1377200K->14112K(1380800K)] 3368727K->2005876K(4177024K), 0.0325380 secs] [Times: user=0.06 sys=0.00, real=0.04 secs] 
2016-02-20T23:32:51.599+0800: 450568.313: [GC [PSYoungGen: 1377568K->14944K(1380736K)] 3369332K->2006981K(4176960K), 0.0403070 secs] [Times: user=0.07 sys=0.00, real=0.04 secs] 
2016-02-20T23:33:40.194+0800: 450616.908: [GC [PSYoungGen: 1378400K->13760K(1381056K)] 3370437K->2005936K(4177280K), 0.0320800 secs] [Times: user=0.06 sys=0.00, real=0.03 secs] 
2016-02-20T23:34:32.880+0800: 450669.594: [GC [PSYoungGen: 1377792K->15457K(1379520K)] 3369968K->2007762K(4175744K), 0.0396310 secs] [Times: user=0.07 sys=0.00, real=0.03 secs] 
2016-02-20T23:35:28.628+0800: 450725.343: [GC [PSYoungGen: 1379489K->13664K(1380992K)] 3371794K->2006287K(4177216K), 0.0326200 secs] [Times: user=0.06 sys=0.00, real=0.03 secs] 
2016-02-20T23:36:19.120+0800: 450775.835: [GC [PSYoungGen: 1377568K->13040K(1376960K)] 3370191K->2006119K(4173184K), 0.0366920 secs] [Times: user=0.06 sys=0.00, real=0.03 secs] 
2016-02-20T23:37:15.175+0800: 450831.890: [GC [PSYoungGen: 1376944K->13344K(1380992K)] 3370023K->2006724K(4177216K), 0.0319280 secs] [Times: user=0.06 sys=0.00, real=0.03 secs] 
2016-02-20T23:38:04.963+0800: 450881.678: [GC [PSYoungGen: 1377184K->14528K(1380928K)] 3370564K->2008072K(4177152K), 0.0386150 secs] [Times: user=0.06 sys=0.00, real=0.04 secs] 
2016-02-20T23:38:59.120+0800: 450935.835: [GC [PSYoungGen: 1378368K->15360K(1380992K)] 3371912K->2009057K(4177216K), 0.0491210 secs] [Times: user=0.08 sys=0.00, real=0.04 secs] 
2016-02-20T23:39:49.745+0800: 450986.460: [GC [PSYoungGen: 1379520K->13248K(1381120K)] 3373217K->2007294K(4177344K), 0.0361350 secs] [Times: user=0.08 sys=0.00, real=0.04 secs] 
2016-02-20T23:40:43.210+0800: 451039.924: [GC [PSYoungGen: 1377408K->16848K(1379840K)] 3371454K->2011078K(4176064K), 0.0416670 secs] [Times: user=0.07 sys=0.01, real=0.04 secs] 
2016-02-20T23:41:35.020+0800: 451091.734: [GC [PSYoungGen: 1379728K->13840K(1380480K)] 3373958K->2008422K(4176704K), 0.0350510 secs] [Times: user=0.07 sys=0.00, real=0.03 secs] 
2016-02-20T23:42:29.313+0800: 451146.027: [GC [PSYoungGen: 1376720K->15584K(1380416K)] 3371302K->2010375K(4176640K), 0.0390810 secs] [Times: user=0.06 sys=0.01, real=0.04 secs] 
2016-02-20T23:43:27.845+0800: 451204.559: [GC [PSYoungGen: 1378592K->15120K(1380544K)] 3373383K->2010104K(4176768K), 0.0352890 secs] [Times: user=0.08 sys=0.00, real=0.03 secs] 
2016-02-20T23:44:23.960+0800: 451260.674: [GC [PSYoungGen: 1378128K->14688K(1380928K)] 3373112K->2010009K(4177152K), 0.0350260 secs] [Times: user=0.06 sys=0.00, real=0.04 secs] 
2016-02-20T23:45:17.239+0800: 451313.954: [GC [PSYoungGen: 1378208K->15776K(1380672K)] 3373529K->2011365K(4176896K), 0.0362780 secs] [Times: user=0.06 sys=0.00, real=0.03 secs] 
2016-02-20T23:46:11.260+0800: 451367.975: [GC [PSYoungGen: 1379296K->15392K(1380800K)] 3374885K->2011138K(4177024K), 0.0347200 secs] [Times: user=0.06 sys=0.01, real=0.03 secs] 
2016-02-20T23:47:09.330+0800: 451426.045: [GC [PSYoungGen: 1378912K->16000K(1379584K)] 3374658K->2011935K(4175808K), 0.0356550 secs] [Times: user=0.07 sys=0.00, real=0.04 secs] 
2016-02-20T23:48:04.403+0800: 451481.117: [GC [PSYoungGen: 1379520K->14752K(1380864K)] 3375455K->2011027K(4177088K), 0.0334320 secs] [Times: user=0.07 sys=0.00, real=0.04 secs] 
2016-02-20T23:49:03.114+0800: 451539.829: [GC [PSYoungGen: 1378208K->17168K(1380672K)] 3374483K->2013651K(4176896K), 0.0371010 secs] [Times: user=0.06 sys=0.00, real=0.03 secs] 
2016-02-20T23:49:59.919+0800: 451596.633: [GC [PSYoungGen: 1380624K->14704K(1380160K)] 3377107K->2011563K(4176384K), 0.0409380 secs] [Times: user=0.07 sys=0.00, real=0.05 secs] 
2016-02-20T23:50:56.417+0800: 451653.131: [GC [PSYoungGen: 1377456K->14016K(1380416K)] 3374315K->2011088K(4176640K), 0.0328450 secs] [Times: user=0.06 sys=0.00, real=0.03 secs] 
2016-02-20T23:51:48.466+0800: 451705.181: [GC [PSYoungGen: 1376768K->12896K(1380224K)] 3373840K->2010056K(4176448K), 0.0318610 secs] [Times: user=0.06 sys=0.00, real=0.03 secs] 
2016-02-20T23:52:44.607+0800: 451761.321: [GC [PSYoungGen: 1375520K->13216K(1380352K)] 3372680K->2010512K(4176576K), 0.0328920 secs] [Times: user=0.06 sys=0.00, real=0.03 secs] 
2016-02-20T23:53:41.899+0800: 451818.613: [GC [PSYoungGen: 1375840K->15488K(1380288K)] 3373136K->2013048K(4176512K), 0.0407900 secs] [Times: user=0.08 sys=0.00, real=0.04 secs] 
2016-02-20T23:54:44.185+0800: 451880.900: [GC [PSYoungGen: 1378112K->15104K(1380352K)] 3375672K->2013060K(4176576K), 0.0362900 secs] [Times: user=0.07 sys=0.00, real=0.03 secs] 
2016-02-20T23:55:41.581+0800: 451938.295: [GC [PSYoungGen: 1377728K->13216K(1380544K)] 3375684K->2011441K(4176768K), 0.0319610 secs] [Times: user=0.06 sys=0.00, real=0.03 secs] 
2016-02-20T23:56:44.312+0800: 452001.026: [GC [PSYoungGen: 1376224K->15168K(1380544K)] 3374449K->2013610K(4176768K), 0.0414110 secs] [Times: user=0.08 sys=0.00, real=0.04 secs] 
2016-02-20T23:57:41.928+0800: 452058.643: [GC [PSYoungGen: 1378176K->14896K(1380800K)] 3376618K->2013506K(4177024K), 0.0373880 secs] [Times: user=0.07 sys=0.00, real=0.04 secs] 
2016-02-20T23:58:48.511+0800: 452125.225: [GC [PSYoungGen: 1378224K->15968K(1380608K)] 3376834K->2014951K(4176832K), 0.0348810 secs] [Times: user=0.07 sys=0.00, real=0.03 secs] 
2016-02-20T23:59:48.912+0800: 452185.626: [GC [PSYoungGen: 1379296K->11760K(1380096K)] 3378279K->2011199K(4176320K), 0.0277210 secs] [Times: user=0.06 sys=0.00, real=0.03 secs] 
2016-02-21T00:00:45.814+0800: 452242.528: [GC [PSYoungGen: 1374384K->12506K(1380352K)] 3373823K->2012049K(4176576K), 0.0357760 secs] [Times: user=0.07 sys=0.00, real=0.04 secs] 
2016-02-21T00:01:51.673+0800: 452308.388: [GC [PSYoungGen: 1375130K->13872K(1380608K)] 3374673K->2013850K(4176832K), 0.0371920 secs] [Times: user=0.06 sys=0.00, real=0.04 secs] 
2016-02-21T00:02:56.254+0800: 452372.968: [GC [PSYoungGen: 1376752K->16272K(1379200K)] 3376730K->2016547K(4175424K), 0.0410610 secs] [Times: user=0.08 sys=0.00, real=0.04 secs] 
2016-02-21T00:04:05.001+0800: 452441.716: [GC [PSYoungGen: 1379152K->14496K(1380480K)] 3379427K->2015060K(4176704K), 0.0402730 secs] [Times: user=0.08 sys=0.00, real=0.04 secs] 
2016-02-21T00:05:11.216+0800: 452507.931: [GC [PSYoungGen: 1377056K->13856K(1380160K)] 3377620K->2014865K(4176384K), 0.0332510 secs] [Times: user=0.07 sys=0.00, real=0.03 secs] 
2016-02-21T00:06:19.996+0800: 452576.710: [GC [PSYoungGen: 1376416K->14784K(1380864K)] 3377425K->2015913K(4177088K), 0.0362300 secs] [Times: user=0.07 sys=0.01, real=0.04 secs] 
2016-02-21T00:07:45.449+0800: 452662.164: [GC [PSYoungGen: 1378240K->17024K(1380544K)] 3379369K->2018406K(4176768K), 0.0374600 secs] [Times: user=0.07 sys=0.00, real=0.04 secs] 
2016-02-21T00:08:59.316+0800: 452736.030: [GC [PSYoungGen: 1380480K->15200K(1380032K)] 3381862K->2016855K(4176256K), 0.0366560 secs] [Times: user=0.07 sys=0.00, real=0.04 secs] 
2016-02-21T00:10:15.254+0800: 452811.969: [GC [PSYoungGen: 1377696K->15568K(1380288K)] 3379351K->2017595K(4176512K), 0.0365290 secs] [Times: user=0.07 sys=0.00, real=0.04 secs] 
2016-02-21T00:11:38.582+0800: 452895.296: [GC [PSYoungGen: 1378064K->16576K(1379648K)] 3380091K->2018783K(4175872K), 0.0394070 secs] [Times: user=0.07 sys=0.00, real=0.04 secs] 
2016-02-21T00:12:54.259+0800: 452970.974: [GC [PSYoungGen: 1378432K->15824K(1379968K)] 3380639K->2018210K(4176192K), 0.0348780 secs] [Times: user=0.07 sys=0.00, real=0.03 secs] 
2016-02-21T00:14:14.333+0800: 453051.047: [GC [PSYoungGen: 1377680K->16512K(1379456K)] 3380066K->2019089K(4175680K), 0.0411130 secs] [Times: user=0.08 sys=0.00, real=0.04 secs] 
2016-02-21T00:15:43.862+0800: 453140.577: [GC [PSYoungGen: 1377856K->15584K(1379712K)] 3380433K->2018741K(4175936K), 0.0377020 secs] [Times: user=0.06 sys=0.00, real=0.04 secs] 
2016-02-21T00:17:06.801+0800: 453223.515: [GC [PSYoungGen: 1376928K->13424K(1379904K)] 3380085K->2016705K(4176128K), 0.0316260 secs] [Times: user=0.06 sys=0.00, real=0.03 secs] 
2016-02-21T00:18:35.433+0800: 453312.147: [GC [PSYoungGen: 1375152K->14928K(1379904K)] 3378433K->2018434K(4176128K), 0.0377490 secs] [Times: user=0.06 sys=0.00, real=0.03 secs] 
2016-02-21T00:19:53.457+0800: 453390.171: [GC [PSYoungGen: 1376656K->14896K(1380416K)] 3380162K->2018770K(4176640K), 0.0388200 secs] [Times: user=0.07 sys=0.00, real=0.04 secs] 
2016-02-21T00:21:13.608+0800: 453470.322: [GC [PSYoungGen: 1377392K->15088K(1380160K)] 3381266K->2019162K(4176384K), 0.0474230 secs] [Times: user=0.10 sys=0.00, real=0.05 secs] 
2016-02-21T00:22:36.523+0800: 453553.237: [GC [PSYoungGen: 1377584K->15280K(1380800K)] 3381658K->2019466K(4177024K), 0.0353150 secs] [Times: user=0.06 sys=0.00, real=0.04 secs] 
2016-02-21T00:24:03.939+0800: 453640.653: [GC [PSYoungGen: 1378672K->14304K(1380672K)] 3382858K->2018674K(4176896K), 0.0332470 secs] [Times: user=0.06 sys=0.00, real=0.04 secs] 
2016-02-21T00:25:31.026+0800: 453727.741: [GC [PSYoungGen: 1377696K->12672K(1380544K)] 3382066K->2017247K(4176768K), 0.0312060 secs] [Times: user=0.05 sys=0.00, real=0.04 secs] 
2016-02-21T00:27:07.075+0800: 453823.789: [GC [PSYoungGen: 1376064K->14400K(1380736K)] 3380639K->2019203K(4176960K), 0.0322000 secs] [Times: user=0.06 sys=0.00, real=0.03 secs] 
2016-02-21T00:28:40.463+0800: 453917.177: [GC [PSYoungGen: 1377792K->12352K(1380544K)] 3382595K->2017400K(4176768K), 0.0350130 secs] [Times: user=0.06 sys=0.01, real=0.04 secs] 
2016-02-21T00:30:14.704+0800: 454011.418: [GC [PSYoungGen: 1375744K->13760K(1380736K)] 3380792K->2019084K(4176960K), 0.0310810 secs] [Times: user=0.06 sys=0.01, real=0.03 secs] 
2016-02-21T00:31:49.322+0800: 454106.036: [GC [PSYoungGen: 1377152K->14880K(1380992K)] 3382476K->2020333K(4177216K), 0.0363130 secs] [Times: user=0.06 sys=0.00, real=0.04 secs] 
2016-02-21T00:33:26.309+0800: 454203.023: [GC [PSYoungGen: 1378720K->15296K(1380928K)] 3384173K->2020933K(4177152K), 0.0384730 secs] [Times: user=0.07 sys=0.01, real=0.03 secs] 
2016-02-21T00:35:08.888+0800: 454305.602: [GC [PSYoungGen: 1379136K->13712K(1381056K)] 3384773K->2019709K(4177280K), 0.0344160 secs] [Times: user=0.06 sys=0.00, real=0.04 secs] 
2016-02-21T00:36:52.139+0800: 454408.853: [GC [PSYoungGen: 1377616K->13728K(1380928K)] 3383613K->2020013K(4177152K), 0.0337140 secs] [Times: user=0.07 sys=0.00, real=0.03 secs] 
2016-02-21T00:38:31.759+0800: 454508.474: [GC [PSYoungGen: 1377632K->14864K(1381248K)] 3383917K->2021281K(4177472K), 0.0383980 secs] [Times: user=0.07 sys=0.00, real=0.04 secs] 
2016-02-21T00:40:12.952+0800: 454609.666: [GC [PSYoungGen: 1379216K->14992K(1381184K)] 3385633K->2021710K(4177408K), 0.0370490 secs] [Times: user=0.07 sys=0.00, real=0.04 secs] 
2016-02-21T00:42:03.904+0800: 454720.619: [GC [PSYoungGen: 1379344K->15408K(1381056K)] 3386062K->2022226K(4177280K), 0.0335900 secs] [Times: user=0.07 sys=0.00, real=0.03 secs] 
2016-02-21T00:43:55.718+0800: 454832.432: [GC [PSYoungGen: 1379696K->16736K(1381056K)] 3386514K->2023863K(4177280K), 0.0401790 secs] [Times: user=0.07 sys=0.00, real=0.04 secs] 
2016-02-21T00:45:45.484+0800: 454942.199: [GC [PSYoungGen: 1381024K->14804K(1380672K)] 3388151K->2022347K(4176896K), 0.0401180 secs] [Times: user=0.08 sys=0.00, real=0.04 secs] 
2016-02-21T00:47:37.722+0800: 455054.436: [GC [PSYoungGen: 1378452K->14048K(1380864K)] 3385995K->2022060K(4177088K), 0.0396580 secs] [Times: user=0.07 sys=0.00, real=0.04 secs] 
2016-02-21T00:49:38.429+0800: 455175.143: [GC [PSYoungGen: 1377696K->15248K(1381056K)] 3385708K->2023404K(4177280K), 0.0389670 secs] [Times: user=0.07 sys=0.00, real=0.04 secs] 
2016-02-21T00:51:24.392+0800: 455281.106: [GC [PSYoungGen: 1379216K->14448K(1380992K)] 3387372K->2022797K(4177216K), 0.0351690 secs] [Times: user=0.06 sys=0.00, real=0.03 secs] 
2016-02-21T00:53:28.014+0800: 455404.729: [GC [PSYoungGen: 1378416K->14528K(1381376K)] 3386765K->2023063K(4177600K), 0.0368950 secs] [Times: user=0.06 sys=0.00, real=0.03 secs] 
2016-02-21T00:55:26.943+0800: 455523.658: [GC [PSYoungGen: 1379008K->14560K(1381184K)] 3387543K->2023311K(4177408K), 0.0352710 secs] [Times: user=0.06 sys=0.01, real=0.04 secs] 
2016-02-21T00:57:30.445+0800: 455647.159: [GC [PSYoungGen: 1379040K->14176K(1381632K)] 3387791K->2023055K(4177856K), 0.0327850 secs] [Times: user=0.06 sys=0.00, real=0.04 secs] 
2016-02-21T00:59:31.867+0800: 455768.581: [GC [PSYoungGen: 1379296K->15184K(1381568K)] 3388175K->2024243K(4177792K), 0.0395820 secs] [Times: user=0.06 sys=0.00, real=0.04 secs] 
2016-02-21T01:01:35.262+0800: 455891.976: [GC [PSYoungGen: 1380304K->14304K(1381696K)] 3389363K->2023484K(4177920K), 0.0320170 secs] [Times: user=0.06 sys=0.00, real=0.03 secs] 
2016-02-21T01:03:32.834+0800: 456009.548: [GC [PSYoungGen: 1379552K->14176K(1381632K)] 3388732K->2023705K(4177856K), 0.0340800 secs] [Times: user=0.06 sys=0.00, real=0.04 secs] 
2016-02-21T01:05:55.667+0800: 456152.381: [GC [PSYoungGen: 1379424K->13776K(1381824K)] 3388953K->2023578K(4178048K), 0.0311190 secs] [Times: user=0.06 sys=0.00, real=0.03 secs] 
2016-02-21T01:08:12.385+0800: 456289.099: [GC [PSYoungGen: 1379344K->15936K(1381568K)] 3389146K->2025963K(4177792K), 0.0343140 secs] [Times: user=0.06 sys=0.00, real=0.04 secs] 
2016-02-21T01:10:18.414+0800: 456415.129: [GC [PSYoungGen: 1381504K->12160K(1380928K)] 3391531K->2022371K(4177152K), 0.0368910 secs] [Times: user=0.06 sys=0.01, real=0.04 secs] 
2016-02-21T01:12:41.550+0800: 456558.264: [GC [PSYoungGen: 1376576K->13344K(1381248K)] 3386787K->2023763K(4177472K), 0.0334230 secs] [Times: user=0.06 sys=0.00, real=0.04 secs] 
2016-02-21T01:15:03.060+0800: 456699.774: [GC [PSYoungGen: 1377760K->13792K(1381440K)] 3388179K->2024339K(4177664K), 0.0381620 secs] [Times: user=0.08 sys=0.00, real=0.04 secs] 
2016-02-21T01:17:33.017+0800: 456849.731: [GC [PSYoungGen: 1378464K->12528K(1381312K)] 3389011K->2023274K(4177536K), 0.0313060 secs] [Times: user=0.06 sys=0.00, real=0.03 secs] 
2016-02-21T01:20:06.390+0800: 457003.105: [GC [PSYoungGen: 1377200K->14672K(1381440K)] 3387946K->2025654K(4177664K), 0.0392240 secs] [Times: user=0.07 sys=0.00, real=0.04 secs] 
2016-02-21T01:22:51.472+0800: 457168.187: [GC [PSYoungGen: 1379408K->16112K(1380864K)] 3390390K->2027252K(4177088K), 0.0418530 secs] [Times: user=0.08 sys=0.00, real=0.04 secs] 
2016-02-21T01:25:46.535+0800: 457343.250: [GC [PSYoungGen: 1380848K->14560K(1381120K)] 3391988K->2025920K(4177344K), 0.0341810 secs] [Times: user=0.07 sys=0.00, real=0.03 secs] 
2016-02-21T01:28:48.269+0800: 457524.983: [GC [PSYoungGen: 1378528K->15648K(1380928K)] 3389888K->2027241K(4177152K), 0.0374820 secs] [Times: user=0.08 sys=0.00, real=0.03 secs] 
2016-02-21T01:31:50.421+0800: 457707.135: [GC [PSYoungGen: 1379616K->14016K(1381120K)] 3391209K->2025821K(4177344K), 0.0350360 secs] [Times: user=0.07 sys=0.00, real=0.03 secs] 
2016-02-21T01:35:12.883+0800: 457909.597: [GC [PSYoungGen: 1377984K->15664K(1380928K)] 3389789K->2027637K(4177152K), 0.0358150 secs] [Times: user=0.06 sys=0.00, real=0.04 secs] 
2016-02-21T01:38:32.468+0800: 458109.183: [GC [PSYoungGen: 1379632K->16224K(1380160K)] 3391605K->2028429K(4176384K), 0.0400660 secs] [Times: user=0.07 sys=0.00, real=0.04 secs] 
2016-02-21T01:41:47.222+0800: 458303.936: [GC [PSYoungGen: 1379232K->12752K(1375808K)] 3391437K->2025258K(4172032K), 0.0331010 secs] [Times: user=0.07 sys=0.00, real=0.03 secs] 
2016-02-21T01:45:07.556+0800: 458504.270: [GC [PSYoungGen: 1375760K->14816K(1380672K)] 3388266K->2027550K(4176896K), 0.0328000 secs] [Times: user=0.06 sys=0.00, real=0.04 secs] 
2016-02-21T01:48:50.066+0800: 458726.780: [GC [PSYoungGen: 1377888K->15792K(1380480K)] 3390622K->2028691K(4176704K), 0.0376140 secs] [Times: user=0.06 sys=0.00, real=0.03 secs] 
2016-02-21T01:52:41.266+0800: 458957.980: [GC [PSYoungGen: 1378864K->14192K(1380736K)] 3391763K->2027292K(4176960K), 0.0348920 secs] [Times: user=0.06 sys=0.00, real=0.04 secs] 
2016-02-21T01:56:34.553+0800: 459191.268: [GC [PSYoungGen: 1377328K->14176K(1380480K)] 3390428K->2027516K(4176704K), 0.0365770 secs] [Times: user=0.07 sys=0.01, real=0.04 secs] 
2016-02-21T02:00:21.694+0800: 459418.409: [GC [PSYoungGen: 1377312K->16313K(1380160K)] 3390652K->2029806K(4176384K), 0.0337030 secs] [Times: user=0.06 sys=0.00, real=0.03 secs] 
2016-02-21T02:04:08.894+0800: 459645.608: [GC [PSYoungGen: 1379321K->17504K(1380544K)] 3392814K->2031782K(4176768K), 0.0517360 secs] [Times: user=0.10 sys=0.00, real=0.05 secs] 
2016-02-21T02:06:10.171+0800: 459766.885: [GC [PSYoungGen: 1380512K->17516K(1371456K)] 3394790K->2039768K(4167680K), 0.0436700 secs] [Times: user=0.13 sys=0.00, real=0.04 secs] 
2016-02-21T02:07:22.015+0800: 459838.730: [GC [PSYoungGen: 1371436K->4407K(1358336K)] 3393688K->2026906K(4154560K), 0.0176220 secs] [Times: user=0.04 sys=0.00, real=0.02 secs] 
2016-02-21T02:10:40.583+0800: 460037.298: [GC [PSYoungGen: 1358327K->11542K(1374848K)] 3380826K->2034775K(4171072K), 0.0263660 secs] [Times: user=0.05 sys=0.00, real=0.03 secs] 
2016-02-21T02:12:45.329+0800: 460162.043: [GC [PSYoungGen: 1362902K->8289K(1374592K)] 3386135K->2031855K(4170816K), 0.0230790 secs] [Times: user=0.05 sys=0.00, real=0.02 secs] 
2016-02-21T02:17:48.776+0800: 460465.491: [GC [PSYoungGen: 1359649K->17856K(1373632K)] 3383215K->2042139K(4169856K), 0.0356510 secs] [Times: user=0.07 sys=0.00, real=0.03 secs] 
2016-02-21T02:23:37.859+0800: 460814.573: [GC [PSYoungGen: 1368064K->13440K(1374144K)] 3392347K->2037886K(4170368K), 0.0324850 secs] [Times: user=0.06 sys=0.00, real=0.03 secs] 
2016-02-21T02:29:33.736+0800: 461170.451: [GC [PSYoungGen: 1363282K->20505K(1372096K)] 3387729K->2044999K(4168320K), 0.0399910 secs] [Times: user=0.08 sys=0.00, real=0.04 secs] 
2016-02-21T02:35:05.290+0800: 461502.005: [GC [PSYoungGen: 1369433K->13824K(1373504K)] 3393927K->2038823K(4169728K), 0.0322510 secs] [Times: user=0.06 sys=0.00, real=0.04 secs] 
2016-02-21T02:40:32.861+0800: 461829.576: [GC [PSYoungGen: 1362752K->12160K(1374720K)] 3387751K->2037403K(4170944K), 0.0317750 secs] [Times: user=0.06 sys=0.00, real=0.03 secs] 
2016-02-21T02:48:02.203+0800: 462278.917: [GC [PSYoungGen: 1363072K->13472K(1374272K)] 3388315K->2038839K(4170496K), 0.0317200 secs] [Times: user=0.07 sys=0.00, real=0.04 secs] 
2016-02-21T02:56:21.589+0800: 462778.304: [GC [PSYoungGen: 1364384K->14912K(1376064K)] 3389751K->2040416K(4172288K), 0.0357270 secs] [Times: user=0.07 sys=0.00, real=0.04 secs] 
2016-02-21T03:04:35.673+0800: 463272.387: [GC [PSYoungGen: 1368320K->14608K(1375424K)] 3393824K->2040436K(4171648K), 0.0386080 secs] [Times: user=0.08 sys=0.00, real=0.03 secs] 
2016-02-21T03:12:23.349+0800: 463740.063: [GC [PSYoungGen: 1368016K->13664K(1377344K)] 3393844K->2039649K(4173568K), 0.0401190 secs] [Times: user=0.07 sys=0.00, real=0.04 secs] 
2016-02-21T03:20:21.694+0800: 464218.408: [GC [PSYoungGen: 1369696K->13616K(1376768K)] 3395681K->2039709K(4172992K), 0.0317990 secs] [Times: user=0.07 sys=0.00, real=0.03 secs] 
2016-02-21T03:28:11.563+0800: 464688.278: [GC [PSYoungGen: 1369648K->12769K(1378112K)] 3395741K->2039003K(4174336K), 0.0304460 secs] [Times: user=0.06 sys=0.00, real=0.03 secs] 
2016-02-21T03:37:48.844+0800: 465265.558: [GC [PSYoungGen: 1370593K->12464K(1377792K)] 3396827K->2038842K(4174016K), 0.0371400 secs] [Times: user=0.08 sys=0.00, real=0.04 secs] 
2016-02-21T03:46:33.743+0800: 465790.457: [GC [PSYoungGen: 1370288K->11888K(1378624K)] 3396666K->2038479K(4174848K), 0.0284040 secs] [Times: user=0.06 sys=0.01, real=0.03 secs] 
2016-02-21T03:55:22.084+0800: 466318.798: [GC [PSYoungGen: 1370864K->13569K(1378432K)] 3397455K->2040441K(4174656K), 0.0319580 secs] [Times: user=0.06 sys=0.00, real=0.03 secs] 
2016-02-21T04:04:15.268+0800: 466851.982: [GC [PSYoungGen: 1372545K->12960K(1379520K)] 3399417K->2040001K(4175744K), 0.0442150 secs] [Times: user=0.07 sys=0.00, real=0.04 secs] 
2016-02-21T04:15:08.130+0800: 467504.844: [GC [PSYoungGen: 1373536K->14144K(1379136K)] 3400577K->2041482K(4175360K), 0.0340290 secs] [Times: user=0.07 sys=0.00, real=0.04 secs] 
2016-02-21T04:26:30.497+0800: 468187.211: [GC [PSYoungGen: 1374720K->11536K(1379904K)] 3402058K->2039039K(4176128K), 0.0291840 secs] [Times: user=0.06 sys=0.00, real=0.03 secs] 
2016-02-21T04:38:17.094+0800: 468893.808: [GC [PSYoungGen: 1373200K->12352K(1379840K)] 3400703K->2039999K(4176064K), 0.0368530 secs] [Times: user=0.06 sys=0.01, real=0.04 secs] 
2016-02-21T04:50:19.166+0800: 469615.880: [GC [PSYoungGen: 1374016K->12288K(1380416K)] 3401663K->2040060K(4176640K), 0.0310030 secs] [Times: user=0.05 sys=0.00, real=0.03 secs] 
2016-02-21T05:01:27.635+0800: 470284.350: [GC [PSYoungGen: 1374784K->11568K(1380160K)] 3402556K->2039508K(4176384K), 0.0362300 secs] [Times: user=0.06 sys=0.00, real=0.04 secs] 
2016-02-21T05:14:20.423+0800: 471057.137: [GC [PSYoungGen: 1374064K->12112K(1380864K)] 3402004K->2040244K(4177088K), 0.0300590 secs] [Times: user=0.06 sys=0.00, real=0.04 secs] 
2016-02-21T05:26:59.112+0800: 471815.826: [GC [PSYoungGen: 1375440K->13216K(1380544K)] 3403572K->2041541K(4176768K), 0.0318100 secs] [Times: user=0.06 sys=0.00, real=0.03 secs] 
2016-02-21T05:36:19.897+0800: 472376.611: [GC [PSYoungGen: 1376544K->12867K(1381568K)] 3404869K->2041352K(4177792K), 0.0306490 secs] [Times: user=0.06 sys=0.00, real=0.03 secs] 
2016-02-21T05:47:07.487+0800: 473024.201: [GC [PSYoungGen: 1377539K->13872K(1381184K)] 3406024K->2042849K(4177408K), 0.0364400 secs] [Times: user=0.07 sys=0.00, real=0.04 secs] 
2016-02-21T05:57:44.224+0800: 473660.938: [GC [PSYoungGen: 1378544K->13824K(1381632K)] 3407521K->2042938K(4177856K), 0.0350200 secs] [Times: user=0.06 sys=0.00, real=0.03 secs] 
2016-02-21T06:06:00.371+0800: 474157.086: [GC [PSYoungGen: 1378944K->11472K(1381568K)] 3408058K->2040758K(4177792K), 0.0283800 secs] [Times: user=0.06 sys=0.00, real=0.03 secs] 
2016-02-21T06:14:50.633+0800: 474687.347: [GC [PSYoungGen: 1376592K->12776K(1381952K)] 3405878K->2042271K(4178176K), 0.0346670 secs] [Times: user=0.07 sys=0.00, real=0.03 secs] 
2016-02-21T06:21:56.758+0800: 475113.472: [GC [PSYoungGen: 1378344K->11712K(1381696K)] 3407839K->2041460K(4177920K), 0.0340170 secs] [Times: user=0.06 sys=0.00, real=0.04 secs] 
2016-02-21T06:30:12.842+0800: 475609.557: [GC [PSYoungGen: 1377280K->13232K(1382272K)] 3407028K->2043108K(4178496K), 0.0326350 secs] [Times: user=0.06 sys=0.00, real=0.03 secs] 
2016-02-21T06:37:26.277+0800: 476042.991: [GC [PSYoungGen: 1379504K->12112K(1382080K)] 3409380K->2042265K(4178304K), 0.0325330 secs] [Times: user=0.07 sys=0.00, real=0.03 secs] 
2016-02-21T06:44:06.576+0800: 476443.290: [GC [PSYoungGen: 1378384K->11792K(1382528K)] 3408537K->2042114K(4178752K), 0.0333930 secs] [Times: user=0.06 sys=0.00, real=0.03 secs] 
2016-02-21T06:50:07.958+0800: 476804.672: [GC [PSYoungGen: 1378640K->13504K(1382400K)] 3408962K->2043995K(4178624K), 0.0355630 secs] [Times: user=0.06 sys=0.00, real=0.03 secs] 
2016-02-21T06:55:31.176+0800: 477127.891: [GC [PSYoungGen: 1380352K->13344K(1382592K)] 3410843K->2044082K(4178816K), 0.0315620 secs] [Times: user=0.06 sys=0.00, real=0.03 secs] 
2016-02-21T07:01:25.345+0800: 477482.060: [GC [PSYoungGen: 1380384K->11008K(1382528K)] 3411122K->2041922K(4178752K), 0.0314610 secs] [Times: user=0.06 sys=0.00, real=0.03 secs] 
2016-02-21T07:07:01.350+0800: 477818.064: [GC [PSYoungGen: 1378048K->11408K(1382592K)] 3408962K->2042494K(4178816K), 0.0310550 secs] [Times: user=0.06 sys=0.00, real=0.04 secs] 
2016-02-21T07:11:18.579+0800: 478075.294: [GC [PSYoungGen: 1378448K->11360K(1382528K)] 3409534K->2042702K(4178752K), 0.0282040 secs] [Times: user=0.06 sys=0.00, real=0.03 secs] 
2016-02-21T07:15:37.095+0800: 478333.810: [GC [PSYoungGen: 1378400K->11360K(1382784K)] 3409742K->2042886K(4179008K), 0.0350920 secs] [Times: user=0.07 sys=0.00, real=0.04 secs] 
2016-02-21T07:20:11.236+0800: 478607.951: [GC [PSYoungGen: 1378720K->14703K(1382080K)] 3410246K->2046342K(4178304K), 0.0313240 secs] [Times: user=0.07 sys=0.00, real=0.03 secs] 
2016-02-21T07:24:30.580+0800: 478867.295: [GC [PSYoungGen: 1382063K->13824K(1381952K)] 3413702K->2045703K(4178176K), 0.0347250 secs] [Times: user=0.06 sys=0.00, real=0.03 secs] 
2016-02-21T07:28:12.264+0800: 479088.978: [GC [PSYoungGen: 1379904K->10432K(1376512K)] 3411783K->2042579K(4172736K), 0.0285850 secs] [Times: user=0.06 sys=0.00, real=0.03 secs] 
2016-02-21T07:31:52.855+0800: 479309.570: [GC [PSYoungGen: 1376512K->14880K(1380992K)] 3408659K->2047160K(4177216K), 0.0339420 secs] [Times: user=0.07 sys=0.00, real=0.04 secs] 
2016-02-21T07:35:03.711+0800: 479500.425: [GC [PSYoungGen: 1379808K->13376K(1381504K)] 3412088K->2045792K(4177728K), 0.0353730 secs] [Times: user=0.06 sys=0.00, real=0.03 secs] 
2016-02-21T07:38:09.042+0800: 479685.757: [GC [PSYoungGen: 1378304K->11360K(1381760K)] 3410720K->2044073K(4177984K), 0.0291100 secs] [Times: user=0.06 sys=0.00, real=0.03 secs] 
2016-02-21T07:41:33.139+0800: 479889.853: [GC [PSYoungGen: 1376672K->12256K(1381632K)] 3409385K->2045081K(4177856K), 0.0291380 secs] [Times: user=0.06 sys=0.00, real=0.03 secs] 
2016-02-21T07:44:48.141+0800: 480084.855: [GC [PSYoungGen: 1377568K->13312K(1382144K)] 3410393K->2046401K(4178368K), 0.0323660 secs] [Times: user=0.06 sys=0.00, real=0.03 secs] 
2016-02-21T07:47:56.446+0800: 480273.161: [GC [PSYoungGen: 1379392K->13216K(1382016K)] 3412481K->2046445K(4178240K), 0.0343040 secs] [Times: user=0.06 sys=0.00, real=0.04 secs] 
2016-02-21T07:50:42.712+0800: 480439.427: [GC [PSYoungGen: 1379296K->12560K(1382528K)] 3412525K->2045977K(4178752K), 0.0287120 secs] [Times: user=0.06 sys=0.00, real=0.03 secs] 
2016-02-21T07:53:31.448+0800: 480608.163: [GC [PSYoungGen: 1379280K->14288K(1381056K)] 3412697K->2047866K(4177280K), 0.0382110 secs] [Times: user=0.07 sys=0.00, real=0.03 secs] 
2016-02-21T07:56:17.410+0800: 480774.124: [GC [PSYoungGen: 1381008K->14288K(1381824K)] 3414586K->2048053K(4178048K), 0.0329160 secs] [Times: user=0.07 sys=0.00, real=0.03 secs] 
2016-02-21T07:59:11.189+0800: 480947.903: [GC [PSYoungGen: 1380240K->15411K(1381376K)] 3414005K->2049433K(4177600K), 0.0351190 secs] [Times: user=0.07 sys=0.00, real=0.04 secs] 
2016-02-21T08:01:46.212+0800: 481102.927: [GC [PSYoungGen: 1381363K->15616K(1380352K)] 3415385K->2050091K(4176576K), 0.0381200 secs] [Times: user=0.07 sys=0.00, real=0.04 secs] 
2016-02-21T08:04:29.944+0800: 481266.659: [GC [PSYoungGen: 1379264K->13792K(1380864K)] 3413739K->2048587K(4177088K), 0.0320640 secs] [Times: user=0.06 sys=0.01, real=0.03 secs] 
2016-02-21T08:07:09.556+0800: 481426.271: [GC [PSYoungGen: 1377440K->13456K(1381440K)] 3412235K->2048471K(4177664K), 0.0328440 secs] [Times: user=0.07 sys=0.00, real=0.03 secs] 
2016-02-21T08:09:55.000+0800: 481591.715: [GC [PSYoungGen: 1377936K->13991K(1381120K)] 3412951K->2049103K(4177344K), 0.0374340 secs] [Times: user=0.08 sys=0.00, real=0.04 secs] 
2016-02-21T08:11:54.612+0800: 481711.326: [GC [PSYoungGen: 1378471K->12784K(1381760K)] 3413583K->2048092K(4177984K), 0.0302160 secs] [Times: user=0.06 sys=0.00, real=0.03 secs] 
2016-02-21T08:13:59.522+0800: 481836.236: [GC [PSYoungGen: 1378032K->12240K(1381568K)] 3413340K->2047788K(4177792K), 0.0414080 secs] [Times: user=0.09 sys=0.00, real=0.04 secs] 
2016-02-21T08:16:18.975+0800: 481975.689: [GC [PSYoungGen: 1377488K->14496K(1381568K)] 3413036K->2050177K(4177792K), 0.0434040 secs] [Times: user=0.08 sys=0.00, real=0.04 secs] 
2016-02-21T08:18:28.001+0800: 482104.715: [GC [PSYoungGen: 1379808K->15008K(1380352K)] 3415489K->2050925K(4176576K), 0.0363770 secs] [Times: user=0.07 sys=0.01, real=0.04 secs] 
2016-02-21T08:20:42.609+0800: 482239.323: [GC [PSYoungGen: 1380320K->14416K(1381376K)] 3416237K->2050538K(4177600K), 0.0395950 secs] [Times: user=0.07 sys=0.00, real=0.04 secs] 
2016-02-21T08:22:32.812+0800: 482349.527: [GC [PSYoungGen: 1379088K->14176K(1381376K)] 3415210K->2050458K(4177600K), 0.0313890 secs] [Times: user=0.06 sys=0.00, real=0.03 secs] 
2016-02-21T08:24:31.142+0800: 482467.856: [GC [PSYoungGen: 1378848K->13440K(1381760K)] 3415130K->2050019K(4177984K), 0.0380730 secs] [Times: user=0.07 sys=0.00, real=0.04 secs] 
2016-02-21T08:26:18.213+0800: 482574.927: [GC [PSYoungGen: 1378624K->14512K(1381504K)] 3415203K->2051316K(4177728K), 0.0364500 secs] [Times: user=0.06 sys=0.01, real=0.04 secs] 
2016-02-21T08:28:11.511+0800: 482688.225: [GC [PSYoungGen: 1379696K->15713K(1380800K)] 3416500K->2052937K(4177024K), 0.0353010 secs] [Times: user=0.07 sys=0.00, real=0.03 secs] 
2016-02-21T08:30:04.261+0800: 482800.975: [GC [PSYoungGen: 1380129K->14320K(1381248K)] 3417353K->2051874K(4177472K), 0.0360970 secs] [Times: user=0.07 sys=0.00, real=0.03 secs] 
2016-02-21T08:32:03.083+0800: 482919.798: [GC [PSYoungGen: 1378736K->14960K(1381184K)] 3416290K->2052938K(4177408K), 0.0345970 secs] [Times: user=0.07 sys=0.00, real=0.04 secs] 
2016-02-21T08:33:54.074+0800: 483030.789: [GC [PSYoungGen: 1379504K->15088K(1379648K)] 3417482K->2053399K(4175872K), 0.0364270 secs] [Times: user=0.07 sys=0.00, real=0.04 secs] 
2016-02-21T08:35:32.419+0800: 483129.133: [GC [PSYoungGen: 1379632K->14064K(1381440K)] 3417943K->2052560K(4177664K), 0.0342580 secs] [Times: user=0.07 sys=0.00, real=0.04 secs] 
2016-02-21T08:37:33.745+0800: 483250.459: [GC [PSYoungGen: 1378672K->15008K(1381248K)] 3417168K->2053720K(4177472K), 0.0415250 secs] [Times: user=0.07 sys=0.00, real=0.04 secs] 
2016-02-21T08:39:30.924+0800: 483367.639: [GC [PSYoungGen: 1379616K->15120K(1381248K)] 3418328K->2054104K(4177472K), 0.0350540 secs] [Times: user=0.07 sys=0.00, real=0.03 secs] 
2016-02-21T08:41:23.419+0800: 483480.134: [GC [PSYoungGen: 1379664K->14672K(1381312K)] 3418648K->2053857K(4177536K), 0.0351050 secs] [Times: user=0.06 sys=0.00, real=0.03 secs] 
2016-02-21T08:43:16.122+0800: 483592.837: [GC [PSYoungGen: 1379216K->15312K(1381184K)] 3418401K->2054756K(4177408K), 0.0374470 secs] [Times: user=0.06 sys=0.00, real=0.04 secs] 
2016-02-21T08:45:08.386+0800: 483705.101: [GC [PSYoungGen: 1379856K->15377K(1379968K)] 3419300K->2055129K(4176192K), 0.0346080 secs] [Times: user=0.07 sys=0.00, real=0.03 secs] 
2016-02-21T08:46:50.898+0800: 483807.612: [GC [PSYoungGen: 1379921K->15168K(1381248K)] 3419673K->2055153K(4177472K), 0.0376950 secs] [Times: user=0.07 sys=0.00, real=0.03 secs] 
2016-02-21T08:48:41.396+0800: 483918.110: [GC [PSYoungGen: 1379584K->15136K(1381248K)] 3419569K->2055241K(4177472K), 0.0349620 secs] [Times: user=0.06 sys=0.01, real=0.03 secs] 
2016-02-21T08:50:17.608+0800: 484014.322: [GC [PSYoungGen: 1379552K->13872K(1381312K)] 3419657K->2054146K(4177536K), 0.0367330 secs] [Times: user=0.06 sys=0.00, real=0.04 secs] 
2016-02-21T08:51:42.205+0800: 484098.919: [GC [PSYoungGen: 1378352K->13120K(1381248K)] 3418626K->2053631K(4177472K), 0.0341370 secs] [Times: user=0.07 sys=0.01, real=0.03 secs] 
2016-02-21T08:53:09.850+0800: 484186.564: [GC [PSYoungGen: 1377600K->15072K(1381312K)] 3418111K->2055844K(4177536K), 0.0405660 secs] [Times: user=0.08 sys=0.00, real=0.04 secs] 
2016-02-21T08:54:39.336+0800: 484276.050: [GC [PSYoungGen: 1379616K->14640K(1381312K)] 3420388K->2055725K(4177536K), 0.0331630 secs] [Times: user=0.07 sys=0.00, real=0.04 secs] 
2016-02-21T08:56:02.086+0800: 484358.800: [GC [PSYoungGen: 1379184K->14800K(1381568K)] 3420269K->2056105K(4177792K), 0.0389030 secs] [Times: user=0.06 sys=0.00, real=0.04 secs] 
2016-02-21T08:57:46.818+0800: 484463.532: [GC [PSYoungGen: 1379792K->15632K(1380672K)] 3421097K->2057362K(4176896K), 0.0350060 secs] [Times: user=0.06 sys=0.00, real=0.03 secs] 
2016-02-21T08:59:13.092+0800: 484549.806: [GC [PSYoungGen: 1380624K->14272K(1381504K)] 3422354K->2056266K(4177728K), 0.0348910 secs] [Times: user=0.07 sys=0.01, real=0.04 secs] 
2016-02-21T09:00:36.216+0800: 484632.930: [GC [PSYoungGen: 1379072K->14528K(1381376K)] 3421066K->2056724K(4177600K), 0.0363360 secs] [Times: user=0.06 sys=0.00, real=0.03 secs] 
2016-02-21T09:02:03.954+0800: 484720.669: [GC [PSYoungGen: 1379328K->16368K(1380288K)] 3421524K->2059190K(4176512K), 0.0384730 secs] [Times: user=0.07 sys=0.00, real=0.04 secs] 
2016-02-21T09:03:35.759+0800: 484812.473: [GC [PSYoungGen: 1380272K->16495K(1380416K)] 3423094K->2059670K(4176640K), 0.0384130 secs] [Times: user=0.07 sys=0.00, real=0.04 secs] 
2016-02-21T09:05:01.055+0800: 484897.770: [GC [PSYoungGen: 1380399K->16672K(1379840K)] 3423574K->2060134K(4176064K), 0.0550110 secs] [Times: user=0.10 sys=0.00, real=0.06 secs] 
2016-02-21T09:06:21.269+0800: 484977.984: [GC [PSYoungGen: 1379040K->14448K(1380224K)] 3422502K->2058046K(4176448K), 0.0379050 secs] [Times: user=0.06 sys=0.00, real=0.04 secs] 
2016-02-21T09:07:44.061+0800: 485060.776: [GC [PSYoungGen: 1376816K->15568K(1380480K)] 3420414K->2059482K(4176704K), 0.0367430 secs] [Times: user=0.07 sys=0.00, real=0.03 secs] 
2016-02-21T09:09:03.468+0800: 485140.183: [GC [PSYoungGen: 1378320K->14160K(1380352K)] 3422234K->2058222K(4176576K), 0.0345770 secs] [Times: user=0.07 sys=0.00, real=0.03 secs] 
2016-02-21T09:10:29.009+0800: 485225.723: [GC [PSYoungGen: 1376912K->16528K(1379904K)] 3420974K->2060762K(4176128K), 0.0406970 secs] [Times: user=0.07 sys=0.00, real=0.04 secs] 
2016-02-21T09:11:47.989+0800: 485304.704: [GC [PSYoungGen: 1378896K->14960K(1380224K)] 3423130K->2059463K(4176448K), 0.0350730 secs] [Times: user=0.07 sys=0.00, real=0.04 secs] 
2016-02-21T09:13:15.012+0800: 485391.726: [GC [PSYoungGen: 1377328K->15344K(1380608K)] 3421831K->2060016K(4176832K), 0.0378890 secs] [Times: user=0.08 sys=0.00, real=0.04 secs] 
2016-02-21T09:14:31.389+0800: 485468.103: [GC [PSYoungGen: 1378288K->13584K(1380416K)] 3422960K->2058525K(4176640K), 0.0368880 secs] [Times: user=0.07 sys=0.00, real=0.04 secs] 
2016-02-21T09:15:53.472+0800: 485550.186: [GC [PSYoungGen: 1376528K->15744K(1380480K)] 3421469K->2060957K(4176704K), 0.0403860 secs] [Times: user=0.08 sys=0.00, real=0.04 secs] 
2016-02-21T09:17:08.268+0800: 485624.983: [GC [PSYoungGen: 1378752K->15008K(1380544K)] 3423965K->2060318K(4176768K), 0.0404150 secs] [Times: user=0.08 sys=0.00, real=0.04 secs] 
2016-02-21T09:18:24.557+0800: 485701.272: [GC [PSYoungGen: 1378016K->14160K(1380864K)] 3423326K->2059694K(4177088K), 0.0346230 secs] [Times: user=0.06 sys=0.00, real=0.04 secs] 
2016-02-21T09:19:50.196+0800: 485786.910: [GC [PSYoungGen: 1377744K->15824K(1379456K)] 3423278K->2061506K(4175680K), 0.0361520 secs] [Times: user=0.06 sys=0.00, real=0.04 secs] 
2016-02-21T09:21:04.975+0800: 485861.689: [GC [PSYoungGen: 1379408K->15025K(1380992K)] 3425090K->2060832K(4177216K), 0.0437110 secs] [Times: user=0.08 sys=0.00, real=0.04 secs] 
2016-02-21T09:22:24.281+0800: 485940.995: [GC [PSYoungGen: 1378673K->15536K(1380736K)] 3424480K->2061707K(4176960K), 0.0388430 secs] [Times: user=0.08 sys=0.00, real=0.04 secs] 
2016-02-21T09:23:45.696+0800: 486022.411: [GC [PSYoungGen: 1379184K->15088K(1381184K)] 3425355K->2061628K(4177408K), 0.0413180 secs] [Times: user=0.08 sys=0.00, real=0.04 secs] 
2016-02-21T09:25:07.360+0800: 486104.074: [GC [PSYoungGen: 1379184K->15871K(1380992K)] 3425724K->2062598K(4177216K), 0.0356050 secs] [Times: user=0.06 sys=0.00, real=0.04 secs] 
2016-02-21T09:26:11.652+0800: 486168.367: [GC [PSYoungGen: 1379967K->15841K(1380928K)] 3426694K->2062845K(4177152K), 0.0413740 secs] [Times: user=0.08 sys=0.00, real=0.04 secs] 
2016-02-21T09:27:18.418+0800: 486235.132: [GC [PSYoungGen: 1379745K->14000K(1380992K)] 3426749K->2061317K(4177216K), 0.0379250 secs] [Times: user=0.06 sys=0.01, real=0.04 secs] 
2016-02-21T09:28:31.298+0800: 486308.013: [GC [PSYoungGen: 1377904K->16032K(1380736K)] 3425221K->2063646K(4176960K), 0.0357190 secs] [Times: user=0.06 sys=0.00, real=0.04 secs] 
2016-02-21T09:29:36.160+0800: 486372.875: [GC [PSYoungGen: 1379680K->15168K(1380864K)] 3427294K->2062874K(4177088K), 0.0380740 secs] [Times: user=0.07 sys=0.00, real=0.04 secs] 
2016-02-21T09:30:42.867+0800: 486439.582: [GC [PSYoungGen: 1378816K->16992K(1379776K)] 3426522K->2065146K(4176000K), 0.0377820 secs] [Times: user=0.07 sys=0.00, real=0.04 secs] 
2016-02-21T09:31:57.593+0800: 486514.308: [GC [PSYoungGen: 1379744K->14320K(1380416K)] 3427898K->2062678K(4176640K), 0.0375980 secs] [Times: user=0.07 sys=0.00, real=0.04 secs] 
2016-02-21T09:33:13.320+0800: 486590.034: [GC [PSYoungGen: 1377072K->17248K(1379520K)] 3425430K->2065719K(4175744K), 0.0452820 secs] [Times: user=0.08 sys=0.00, real=0.05 secs] 
2016-02-21T09:34:43.440+0800: 486680.155: [GC [PSYoungGen: 1379104K->16208K(1379968K)] 3427575K->2064931K(4176192K), 0.0420910 secs] [Times: user=0.08 sys=0.00, real=0.04 secs] 
2016-02-21T09:36:10.218+0800: 486766.933: [GC [PSYoungGen: 1378064K->16272K(1379968K)] 3426787K->2065247K(4176192K), 0.0374210 secs] [Times: user=0.07 sys=0.00, real=0.04 secs] 
2016-02-21T09:37:31.338+0800: 486848.053: [GC [PSYoungGen: 1378128K->17488K(1379392K)] 3427103K->2066676K(4175616K), 0.0392230 secs] [Times: user=0.07 sys=0.01, real=0.04 secs] 
2016-02-21T09:38:46.376+0800: 486923.090: [GC [PSYoungGen: 1379344K->15664K(1379776K)] 3428532K->2065008K(4176000K), 0.0418280 secs] [Times: user=0.07 sys=0.00, real=0.04 secs] 
2016-02-21T09:40:06.591+0800: 487003.305: [GC [PSYoungGen: 1376880K->17088K(1379520K)] 3426224K->2066645K(4175744K), 0.0416740 secs] [Times: user=0.07 sys=0.00, real=0.04 secs] 
2016-02-21T09:41:22.524+0800: 487079.238: [GC [PSYoungGen: 1378304K->16976K(1379264K)] 3427861K->2066745K(4175488K), 0.0429860 secs] [Times: user=0.08 sys=0.00, real=0.05 secs] 
2016-02-21T09:42:36.800+0800: 487153.514: [GC [PSYoungGen: 1377680K->15905K(1379392K)] 3427449K->2066010K(4175616K), 0.0378130 secs] [Times: user=0.07 sys=0.00, real=0.04 secs] 
2016-02-21T09:43:43.720+0800: 487220.435: [GC [PSYoungGen: 1376609K->14464K(1379520K)] 3426714K->2065099K(4175744K), 0.0328410 secs] [Times: user=0.07 sys=0.00, real=0.04 secs] 
2016-02-21T09:44:46.502+0800: 487283.217: [GC [PSYoungGen: 1375552K->14464K(1379584K)] 3426187K->2065271K(4175808K), 0.0341050 secs] [Times: user=0.06 sys=0.00, real=0.03 secs] 
2016-02-21T09:46:07.461+0800: 487364.175: [GC [PSYoungGen: 1375552K->16321K(1379648K)] 3426359K->2067357K(4175872K), 0.0396720 secs] [Times: user=0.07 sys=0.00, real=0.04 secs] 
2016-02-21T09:47:14.755+0800: 487431.470: [GC [PSYoungGen: 1377537K->16048K(1379648K)] 3428573K->2067442K(4175872K), 0.0370100 secs] [Times: user=0.07 sys=0.00, real=0.04 secs] 
2016-02-21T09:48:20.565+0800: 487497.279: [GC [PSYoungGen: 1377264K->14744K(1379904K)] 3428658K->2066334K(4176128K), 0.0406020 secs] [Times: user=0.07 sys=0.00, real=0.04 secs] 
2016-02-21T09:49:31.175+0800: 487567.889: [GC [PSYoungGen: 1376408K->17968K(1379648K)] 3427998K->2069848K(4175872K), 0.0400370 secs] [Times: user=0.07 sys=0.00, real=0.04 secs] 
2016-02-21T09:50:28.863+0800: 487625.578: [GC [PSYoungGen: 1379632K->13344K(1378624K)] 3431512K->2065344K(4174848K), 0.0376600 secs] [Times: user=0.09 sys=0.00, real=0.04 secs] 
2016-02-21T09:51:41.740+0800: 487698.455: [GC [PSYoungGen: 1373536K->17873K(1378112K)] 3425536K->2070277K(4174336K), 0.0392220 secs] [Times: user=0.07 sys=0.01, real=0.04 secs] 
2016-02-21T09:52:41.972+0800: 487758.687: [GC [PSYoungGen: 1378065K->14752K(1378816K)] 3430469K->2067533K(4175040K), 0.0358080 secs] [Times: user=0.07 sys=0.00, real=0.03 secs] 
2016-02-21T09:53:48.596+0800: 487825.310: [GC [PSYoungGen: 1374176K->15520K(1378688K)] 3426957K->2068588K(4174912K), 0.0366950 secs] [Times: user=0.06 sys=0.00, real=0.04 secs] 
2016-02-21T09:54:58.219+0800: 487894.933: [GC [PSYoungGen: 1374944K->15952K(1379328K)] 3428012K->2069176K(4175552K), 0.0363310 secs] [Times: user=0.06 sys=0.00, real=0.04 secs] 
2016-02-21T09:56:05.425+0800: 487962.139: [GC [PSYoungGen: 1376336K->13520K(1379136K)] 3429560K->2067137K(4175360K), 0.0352820 secs] [Times: user=0.07 sys=0.00, real=0.04 secs] 
2016-02-21T09:57:18.907+0800: 488035.621: [GC [PSYoungGen: 1373904K->16816K(1379008K)] 3427521K->2070645K(4175232K), 0.0389560 secs] [Times: user=0.07 sys=0.00, real=0.04 secs] 
2016-02-21T09:58:23.073+0800: 488099.787: [GC [PSYoungGen: 1377008K->16192K(1379136K)] 3430837K->2070137K(4175360K), 0.0377860 secs] [Times: user=0.06 sys=0.00, real=0.04 secs] 
2016-02-21T09:59:27.356+0800: 488164.070: [GC [PSYoungGen: 1376384K->15584K(1379520K)] 3430329K->2069909K(4175744K), 0.0371020 secs] [Times: user=0.07 sys=0.01, real=0.04 secs] 
2016-02-21T10:00:34.063+0800: 488230.778: [GC [PSYoungGen: 1376288K->15360K(1379264K)] 3430613K->2069841K(4175488K), 0.0386650 secs] [Times: user=0.07 sys=0.00, real=0.04 secs] 
2016-02-21T10:01:36.374+0800: 488293.089: [GC [PSYoungGen: 1376064K->16480K(1379648K)] 3430545K->2071338K(4175872K), 0.0372150 secs] [Times: user=0.06 sys=0.01, real=0.04 secs] 
2016-02-21T10:02:42.381+0800: 488359.095: [GC [PSYoungGen: 1377824K->15905K(1379712K)] 3432682K->2071155K(4175936K), 0.0435100 secs] [Times: user=0.08 sys=0.00, real=0.05 secs] 
2016-02-21T10:03:44.872+0800: 488421.586: [GC [PSYoungGen: 1377249K->15040K(1380032K)] 3432499K->2070599K(4176256K), 0.0356250 secs] [Times: user=0.07 sys=0.00, real=0.03 secs] 
2016-02-21T10:04:55.110+0800: 488491.824: [GC [PSYoungGen: 1376896K->16864K(1378752K)] 3432455K->2072623K(4174976K), 0.0449070 secs] [Times: user=0.07 sys=0.00, real=0.04 secs] 
2016-02-21T10:05:48.817+0800: 488545.532: [GC [PSYoungGen: 1378720K->16496K(1379840K)] 3434479K->2072464K(4176064K), 0.0347820 secs] [Times: user=0.06 sys=0.00, real=0.04 secs] 
2016-02-21T10:06:49.691+0800: 488606.405: [GC [PSYoungGen: 1378096K->16176K(1379840K)] 3434064K->2072445K(4176064K), 0.0388400 secs] [Times: user=0.08 sys=0.00, real=0.04 secs] 
2016-02-21T10:07:49.211+0800: 488665.925: [GC [PSYoungGen: 1377776K->16160K(1380096K)] 3434045K->2072588K(4176320K), 0.0379660 secs] [Times: user=0.06 sys=0.00, real=0.04 secs] 
2016-02-21T10:08:49.569+0800: 488726.283: [GC [PSYoungGen: 1378144K->15728K(1379968K)] 3434572K->2072384K(4176192K), 0.0350040 secs] [Times: user=0.06 sys=0.00, real=0.03 secs] 
2016-02-21T10:09:47.230+0800: 488783.944: [GC [PSYoungGen: 1377712K->14876K(1380224K)] 3434368K->2071932K(4176448K), 0.0332980 secs] [Times: user=0.06 sys=0.00, real=0.03 secs] 
2016-02-21T10:10:44.507+0800: 488841.221: [GC [PSYoungGen: 1377244K->14704K(1380224K)] 3434300K->2071908K(4176448K), 0.0341630 secs] [Times: user=0.07 sys=0.00, real=0.03 secs] 
2016-02-21T10:11:42.625+0800: 488899.339: [GC [PSYoungGen: 1377072K->15968K(1380352K)] 3434276K->2073317K(4176576K), 0.0388430 secs] [Times: user=0.06 sys=0.00, real=0.04 secs] 
2016-02-21T10:12:46.642+0800: 488963.357: [GC [PSYoungGen: 1378528K->14241K(1380288K)] 3435877K->2071881K(4176512K), 0.0367930 secs] [Times: user=0.08 sys=0.00, real=0.04 secs] 
2016-02-21T10:13:51.101+0800: 489027.815: [GC [PSYoungGen: 1376801K->14448K(1380352K)] 3434441K->2072566K(4176576K), 0.0328980 secs] [Times: user=0.06 sys=0.00, real=0.03 secs] 
2016-02-21T10:14:47.857+0800: 489084.571: [GC [PSYoungGen: 1377008K->14432K(1380288K)] 3435126K->2072754K(4176512K), 0.0346610 secs] [Times: user=0.06 sys=0.01, real=0.03 secs] 
2016-02-21T10:15:36.642+0800: 489133.356: [GC [PSYoungGen: 1376992K->13344K(1380160K)] 3435314K->2072086K(4176384K), 0.0329150 secs] [Times: user=0.06 sys=0.00, real=0.03 secs] 
2016-02-21T10:16:30.473+0800: 489187.187: [GC [PSYoungGen: 1375840K->14400K(1380288K)] 3434582K->2073279K(4176512K), 0.0413430 secs] [Times: user=0.08 sys=0.00, real=0.04 secs] 
2016-02-21T10:17:30.442+0800: 489247.156: [GC [PSYoungGen: 1376896K->15968K(1380288K)] 3435775K->2075115K(4176512K), 0.0345980 secs] [Times: user=0.07 sys=0.00, real=0.04 secs] 
2016-02-21T10:18:32.628+0800: 489309.342: [GC [PSYoungGen: 1378592K->16832K(1379520K)] 3437739K->2076155K(4175744K), 0.0422410 secs] [Times: user=0.08 sys=0.00, real=0.04 secs] 
2016-02-21T10:19:35.238+0800: 489371.953: [GC [PSYoungGen: 1379456K->16336K(1379840K)] 3438779K->2075823K(4176064K), 0.0382930 secs] [Times: user=0.07 sys=0.00, real=0.04 secs] 
2016-02-21T10:20:37.816+0800: 489434.530: [GC [PSYoungGen: 1378064K->14832K(1379904K)] 3437551K->2074600K(4176128K), 0.0407690 secs] [Times: user=0.06 sys=0.00, real=0.04 secs] 
2016-02-21T10:21:40.711+0800: 489497.426: [GC [PSYoungGen: 1376560K->18016K(1378368K)] 3436328K->2078180K(4174592K), 0.0393450 secs] [Times: user=0.06 sys=0.00, real=0.04 secs] 
2016-02-21T10:22:41.822+0800: 489558.536: [GC [PSYoungGen: 1378336K->16432K(1379200K)] 3438500K->2076813K(4175424K), 0.0475350 secs] [Times: user=0.08 sys=0.00, real=0.05 secs] 
2016-02-21T10:23:44.194+0800: 489620.908: [GC [PSYoungGen: 1376752K->16096K(1379392K)] 3437133K->2076713K(4175616K), 0.0399070 secs] [Times: user=0.07 sys=0.00, real=0.04 secs] 
2016-02-21T10:24:37.670+0800: 489674.385: [GC [PSYoungGen: 1376608K->16288K(1379200K)] 3437225K->2077154K(4175424K), 0.0342600 secs] [Times: user=0.07 sys=0.00, real=0.04 secs] 
2016-02-21T10:25:30.249+0800: 489726.963: [GC [PSYoungGen: 1376800K->13744K(1379264K)] 3437666K->2074891K(4175488K), 0.0350730 secs] [Times: user=0.07 sys=0.00, real=0.03 secs] 
2016-02-21T10:26:31.334+0800: 489788.049: [GC [PSYoungGen: 1374448K->17120K(1377856K)] 3435595K->2078519K(4174080K), 0.0382390 secs] [Times: user=0.07 sys=0.00, real=0.04 secs] 
2016-02-21T10:27:31.725+0800: 489848.439: [GC [PSYoungGen: 1377824K->16176K(1379328K)] 3439223K->2077847K(4175552K), 0.0386200 secs] [Times: user=0.07 sys=0.00, real=0.04 secs] 
2016-02-21T10:28:32.247+0800: 489908.961: [GC [PSYoungGen: 1376624K->17760K(1378240K)] 3438295K->2079860K(4174464K), 0.0472780 secs] [Times: user=0.08 sys=0.00, real=0.04 secs] 
2016-02-21T10:29:23.313+0800: 489960.027: [GC [PSYoungGen: 1378208K->14976K(1379072K)] 3440308K->2077327K(4175296K), 0.0385970 secs] [Times: user=0.07 sys=0.00, real=0.03 secs] 
2016-02-21T10:30:15.600+0800: 490012.314: [GC [PSYoungGen: 1374848K->14496K(1378880K)] 3437199K->2077112K(4175104K), 0.0337810 secs] [Times: user=0.08 sys=0.00, real=0.03 secs] 
2016-02-21T10:31:15.721+0800: 490072.435: [GC [PSYoungGen: 1374368K->16608K(1379136K)] 3436984K->2079576K(4175360K), 0.0479680 secs] [Times: user=0.09 sys=0.00, real=0.05 secs] 
2016-02-21T10:32:10.252+0800: 490126.966: [GC [PSYoungGen: 1376800K->14800K(1379136K)] 3439768K->2077897K(4175360K), 0.0401850 secs] [Times: user=0.07 sys=0.00, real=0.04 secs] 
2016-02-21T10:33:06.849+0800: 490183.563: [GC [PSYoungGen: 1374992K->15648K(1379520K)] 3438089K->2079034K(4175744K), 0.0436280 secs] [Times: user=0.08 sys=0.00, real=0.04 secs] 
2016-02-21T10:34:02.069+0800: 490238.783: [GC [PSYoungGen: 1376352K->15680K(1379264K)] 3439738K->2079290K(4175488K), 0.0460050 secs] [Times: user=0.09 sys=0.00, real=0.04 secs] 
2016-02-21T10:35:00.528+0800: 490297.242: [GC [PSYoungGen: 1376384K->15952K(1379968K)] 3439994K->2079791K(4176192K), 0.0405250 secs] [Times: user=0.07 sys=0.00, real=0.04 secs] 
2016-02-21T10:36:05.256+0800: 490361.970: [GC [PSYoungGen: 1377616K->16144K(1379776K)] 3441455K->2080376K(4176000K), 0.0374280 secs] [Times: user=0.06 sys=0.00, real=0.03 secs] 
2016-02-21T10:37:00.950+0800: 490417.665: [GC [PSYoungGen: 1377808K->15968K(1380224K)] 3442040K->2080300K(4176448K), 0.0350860 secs] [Times: user=0.07 sys=0.00, real=0.04 secs] 
2016-02-21T10:37:57.161+0800: 490473.875: [GC [PSYoungGen: 1378144K->16032K(1380032K)] 3442476K->2080573K(4176256K), 0.0411460 secs] [Times: user=0.07 sys=0.00, real=0.04 secs] 
2016-02-21T10:38:58.444+0800: 490535.158: [GC [PSYoungGen: 1378208K->17425K(1379456K)] 3442749K->2082246K(4175680K), 0.0383030 secs] [Times: user=0.07 sys=0.00, real=0.04 secs] 
2016-02-21T10:39:55.770+0800: 490592.484: [GC [PSYoungGen: 1379153K->17216K(1379008K)] 3443974K->2082442K(4175232K), 0.0370600 secs] [Times: user=0.07 sys=0.00, real=0.04 secs] 
2016-02-21T10:40:48.861+0800: 490645.575: [GC [PSYoungGen: 1378944K->15328K(1379776K)] 3444170K->2080842K(4176000K), 0.0339590 secs] [Times: user=0.06 sys=0.00, real=0.03 secs] 
2016-02-21T10:41:48.869+0800: 490705.583: [GC [PSYoungGen: 1376736K->15424K(1379712K)] 3442250K->2081147K(4175936K), 0.0337410 secs] [Times: user=0.06 sys=0.00, real=0.03 secs] 
2016-02-21T10:42:46.659+0800: 490763.374: [GC [PSYoungGen: 1376832K->15504K(1380032K)] 3442555K->2081727K(4176256K), 0.0361500 secs] [Times: user=0.06 sys=0.00, real=0.04 secs] 
2016-02-21T10:43:43.286+0800: 490820.001: [GC [PSYoungGen: 1377360K->16704K(1379904K)] 3443583K->2083119K(4176128K), 0.0380480 secs] [Times: user=0.07 sys=0.00, real=0.04 secs] 
2016-02-21T10:44:41.581+0800: 490878.296: [GC [PSYoungGen: 1378560K->16128K(1380096K)] 3444975K->2082691K(4176320K), 0.0371000 secs] [Times: user=0.07 sys=0.00, real=0.04 secs] 
2016-02-21T10:45:39.822+0800: 490936.536: [GC [PSYoungGen: 1378112K->15504K(1379968K)] 3444675K->2082179K(4176192K), 0.0370920 secs] [Times: user=0.07 sys=0.00, real=0.03 secs] 
2016-02-21T10:46:41.580+0800: 490998.294: [GC [PSYoungGen: 1377488K->15952K(1380416K)] 3444163K->2082836K(4176640K), 0.0361660 secs] [Times: user=0.07 sys=0.00, real=0.04 secs] 
2016-02-21T10:47:36.383+0800: 491053.098: [GC [PSYoungGen: 1378512K->15648K(1380224K)] 3445396K->2082965K(4176448K), 0.0415160 secs] [Times: user=0.08 sys=0.00, real=0.05 secs] 
2016-02-21T10:48:37.443+0800: 491114.157: [GC [PSYoungGen: 1378208K->15840K(1380672K)] 3445525K->2083482K(4176896K), 0.0422580 secs] [Times: user=0.08 sys=0.00, real=0.04 secs] 
2016-02-21T10:49:39.973+0800: 491176.688: [GC [PSYoungGen: 1378976K->17402K(1380544K)] 3446618K->2090310K(4176768K), 0.0844930 secs] [Times: user=0.22 sys=0.01, real=0.09 secs] 
2016-02-21T10:50:29.011+0800: 491225.725: [GC [PSYoungGen: 1380538K->14230K(1375936K)] 3453446K->2087374K(4172160K), 0.0341620 secs] [Times: user=0.06 sys=0.00, real=0.04 secs] 
2016-02-21T10:51:28.149+0800: 491284.863: [GC [PSYoungGen: 1372630K->15536K(1378240K)] 3445774K->2089055K(4174464K), 0.0382130 secs] [Times: user=0.06 sys=0.00, real=0.03 secs] 
2016-02-21T10:52:29.237+0800: 491345.951: [GC [PSYoungGen: 1373936K->15472K(1378624K)] 3447455K->2089163K(4174848K), 0.0357630 secs] [Times: user=0.07 sys=0.00, real=0.03 secs] 
2016-02-21T10:53:27.784+0800: 491404.499: [GC [PSYoungGen: 1374448K->15456K(1378432K)] 3448139K->2089332K(4174656K), 0.0348470 secs] [Times: user=0.06 sys=0.01, real=0.03 secs] 
2016-02-21T10:54:25.962+0800: 491462.676: [GC [PSYoungGen: 1374432K->16528K(1379008K)] 3448308K->2090736K(4175232K), 0.0383430 secs] [Times: user=0.07 sys=0.00, real=0.04 secs] 
2016-02-21T10:55:17.593+0800: 491514.308: [GC [PSYoungGen: 1376272K->15456K(1378816K)] 3450480K->2089945K(4175040K), 0.0354450 secs] [Times: user=0.07 sys=0.00, real=0.04 secs] 
2016-02-21T10:56:11.066+0800: 491567.780: [GC [PSYoungGen: 1375200K->15552K(1379328K)] 3449689K->2090234K(4175552K), 0.0414670 secs] [Times: user=0.08 sys=0.00, real=0.04 secs] 
2016-02-21T10:57:08.188+0800: 491624.902: [GC [PSYoungGen: 1375936K->15200K(1379136K)] 3450618K->2089998K(4175360K), 0.0377220 secs] [Times: user=0.06 sys=0.00, real=0.03 secs] 
2016-02-21T10:58:09.554+0800: 491686.269: [GC [PSYoungGen: 1375584K->16816K(1379328K)] 3450382K->2091811K(4175552K), 0.0398290 secs] [Times: user=0.07 sys=0.00, real=0.04 secs] 
2016-02-21T10:59:06.745+0800: 491743.459: [GC [PSYoungGen: 1377520K->16832K(1379392K)] 3452515K->2092127K(4175616K), 0.0421330 secs] [Times: user=0.08 sys=0.00, real=0.04 secs] 
2016-02-21T10:59:59.756+0800: 491796.470: [GC [PSYoungGen: 1377536K->15152K(1379456K)] 3452831K->2090587K(4175680K), 0.0366870 secs] [Times: user=0.06 sys=0.00, real=0.03 secs] 
2016-02-21T11:00:50.355+0800: 491847.070: [GC [PSYoungGen: 1375920K->16288K(1379392K)] 3451355K->2091855K(4175616K), 0.0364950 secs] [Times: user=0.07 sys=0.00, real=0.04 secs] 
2016-02-21T11:01:50.794+0800: 491907.509: [GC [PSYoungGen: 1377056K->16560K(1379648K)] 3452623K->2092568K(4175872K), 0.0363400 secs] [Times: user=0.07 sys=0.00, real=0.03 secs] 
2016-02-21T11:02:49.561+0800: 491966.276: [GC [PSYoungGen: 1377776K->16208K(1379648K)] 3453784K->2092417K(4175872K), 0.0397080 secs] [Times: user=0.08 sys=0.00, real=0.04 secs] 
2016-02-21T11:03:37.859+0800: 492014.573: [GC [PSYoungGen: 1377424K->16545K(1379904K)] 3453633K->2092997K(4176128K), 0.0376430 secs] [Times: user=0.07 sys=0.00, real=0.04 secs] 
2016-02-21T11:04:34.018+0800: 492070.732: [GC [PSYoungGen: 1378209K->15296K(1379840K)] 3454661K->2092241K(4176064K), 0.0359960 secs] [Times: user=0.07 sys=0.00, real=0.04 secs] 
2016-02-21T11:05:28.307+0800: 492125.021: [GC [PSYoungGen: 1376960K->15248K(1380032K)] 3453905K->2092577K(4176256K), 0.0366130 secs] [Times: user=0.07 sys=0.00, real=0.04 secs] 
2016-02-21T11:06:17.176+0800: 492173.891: [GC [PSYoungGen: 1377168K->14624K(1379968K)] 3454497K->2092178K(4176192K), 0.0382200 secs] [Times: user=0.07 sys=0.00, real=0.03 secs] 
2016-02-21T11:07:05.727+0800: 492222.441: [GC [PSYoungGen: 1376544K->15536K(1380160K)] 3454098K->2093522K(4176384K), 0.0339810 secs] [Times: user=0.06 sys=0.00, real=0.04 secs] 
2016-02-21T11:07:59.323+0800: 492276.037: [GC [PSYoungGen: 1377584K->16800K(1379968K)] 3455570K->2094982K(4176192K), 0.0379980 secs] [Times: user=0.07 sys=0.00, real=0.04 secs] 
2016-02-21T11:08:54.285+0800: 492331.000: [GC [PSYoungGen: 1378848K->16848K(1379776K)] 3457030K->2095371K(4176000K), 0.0411370 secs] [Times: user=0.08 sys=0.00, real=0.04 secs] 
2016-02-21T11:09:42.532+0800: 492379.246: [GC [PSYoungGen: 1378576K->14400K(1376128K)] 3457099K->2093160K(4172352K), 0.0361940 secs] [Times: user=0.06 sys=0.00, real=0.03 secs] 
2016-02-21T11:10:34.949+0800: 492431.663: [GC [PSYoungGen: 1376128K->15168K(1379968K)] 3454888K->2094084K(4176192K), 0.0347470 secs] [Times: user=0.06 sys=0.00, real=0.03 secs] 
2016-02-21T11:11:24.934+0800: 492481.648: [GC [PSYoungGen: 1376896K->15152K(1379840K)] 3455812K->2094356K(4176064K), 0.0367900 secs] [Times: user=0.07 sys=0.01, real=0.04 secs] 
2016-02-21T11:12:24.486+0800: 492541.200: [GC [PSYoungGen: 1376880K->16416K(1379968K)] 3456084K->2095972K(4176192K), 0.0366890 secs] [Times: user=0.07 sys=0.00, real=0.04 secs] 
2016-02-21T11:13:17.301+0800: 492594.015: [GC [PSYoungGen: 1378400K->14112K(1376128K)] 3457956K->2093880K(4172352K), 0.0450730 secs] [Times: user=0.09 sys=0.00, real=0.04 secs] 
2016-02-21T11:14:07.615+0800: 492644.329: [GC [PSYoungGen: 1376096K->16048K(1380032K)] 3455864K->2095923K(4176256K), 0.0394880 secs] [Times: user=0.07 sys=0.00, real=0.04 secs] 
2016-02-21T11:15:00.273+0800: 492696.987: [GC [PSYoungGen: 1377968K->18023K(1379968K)] 3457843K->2099040K(4176192K), 0.0399640 secs] [Times: user=0.07 sys=0.00, real=0.04 secs] 
2016-02-21T11:15:49.315+0800: 492746.029: [GC [PSYoungGen: 1379943K->14448K(1378048K)] 3460960K->2095689K(4174272K), 0.0347250 secs] [Times: user=0.07 sys=0.00, real=0.04 secs] 
2016-02-21T11:16:45.505+0800: 492802.219: [GC [PSYoungGen: 1374384K->16817K(1379008K)] 3455625K->2098434K(4175232K), 0.0369710 secs] [Times: user=0.07 sys=0.00, real=0.03 secs] 
2016-02-21T11:17:35.254+0800: 492851.968: [GC [PSYoungGen: 1376753K->15676K(1379264K)] 3458370K->2097735K(4175488K), 0.0340990 secs] [Times: user=0.06 sys=0.01, real=0.03 secs] 
2016-02-21T11:18:29.484+0800: 492906.198: [GC [PSYoungGen: 1375868K->15472K(1379008K)] 3457927K->2097847K(4175232K), 0.0407460 secs] [Times: user=0.09 sys=0.00, real=0.04 secs] 
2016-02-21T11:19:24.152+0800: 492960.866: [GC [PSYoungGen: 1375664K->17344K(1378944K)] 3458039K->2100048K(4175168K), 0.0452080 secs] [Times: user=0.09 sys=0.00, real=0.05 secs] 
2016-02-21T11:20:14.888+0800: 493011.603: [GC [PSYoungGen: 1377664K->16208K(1379200K)] 3460368K->2099060K(4175424K), 0.0524310 secs] [Times: user=0.10 sys=0.00, real=0.06 secs] 
2016-02-21T11:21:11.386+0800: 493068.100: [GC [PSYoungGen: 1376528K->16544K(1379456K)] 3459380K->2099720K(4175680K), 0.0364330 secs] [Times: user=0.07 sys=0.00, real=0.04 secs] 
2016-02-21T11:22:04.396+0800: 493121.111: [GC [PSYoungGen: 1377312K->15168K(1379392K)] 3460488K->2098649K(4175616K), 0.0399750 secs] [Times: user=0.07 sys=0.00, real=0.04 secs] 
2016-02-21T11:22:56.951+0800: 493173.665: [GC [PSYoungGen: 1375936K->16848K(1379456K)] 3459417K->2100593K(4175680K), 0.0434710 secs] [Times: user=0.08 sys=0.00, real=0.05 secs] 
2016-02-21T11:23:54.846+0800: 493231.561: [GC [PSYoungGen: 1377808K->17200K(1378176K)] 3461553K->2101194K(4174400K), 0.0382810 secs] [Times: user=0.08 sys=0.00, real=0.04 secs] 
2016-02-21T11:24:50.911+0800: 493287.626: [GC [PSYoungGen: 1378160K->14720K(1379328K)] 3462154K->2099142K(4175552K), 0.0343670 secs] [Times: user=0.06 sys=0.00, real=0.04 secs] 
2016-02-21T11:25:41.755+0800: 493338.469: [GC [PSYoungGen: 1375296K->16016K(1379328K)] 3459718K->2100671K(4175552K), 0.0351870 secs] [Times: user=0.07 sys=0.00, real=0.03 secs] 
2016-02-21T11:26:35.215+0800: 493391.929: [GC [PSYoungGen: 1376592K->15360K(1379712K)] 3461247K->2100219K(4175936K), 0.0343780 secs] [Times: user=0.06 sys=0.00, real=0.04 secs] 
2016-02-21T11:27:30.748+0800: 493447.463: [GC [PSYoungGen: 1376576K->15504K(1379584K)] 3461435K->2100695K(4175808K), 0.0347980 secs] [Times: user=0.06 sys=0.00, real=0.03 secs] 
2016-02-21T11:28:24.461+0800: 493501.175: [GC [PSYoungGen: 1376720K->15029K(1379968K)] 3461911K->2100524K(4176192K), 0.0364570 secs] [Times: user=0.07 sys=0.00, real=0.03 secs] 
2016-02-21T11:29:18.328+0800: 493555.043: [GC [PSYoungGen: 1376821K->17296K(1379136K)] 3462316K->2103021K(4175360K), 0.0382180 secs] [Times: user=0.07 sys=0.00, real=0.03 secs] 
2016-02-21T11:30:12.409+0800: 493609.123: [GC [PSYoungGen: 1379088K->16880K(1379392K)] 3464813K->2102853K(4175616K), 0.0394290 secs] [Times: user=0.08 sys=0.00, real=0.04 secs] 
2016-02-21T11:31:08.037+0800: 493664.751: [GC [PSYoungGen: 1377840K->16224K(1379520K)] 3463813K->2102393K(4175744K), 0.0386410 secs] [Times: user=0.08 sys=0.00, real=0.04 secs] 
2016-02-21T11:32:08.905+0800: 493725.619: [GC [PSYoungGen: 1377184K->17280K(1379328K)] 3463353K->2103606K(4175552K), 0.0461120 secs] [Times: user=0.09 sys=0.01, real=0.05 secs] 
2016-02-21T11:33:14.057+0800: 493790.771: [GC [PSYoungGen: 1378240K->17722K(1378688K)] 3464566K->2104252K(4174912K), 0.0446370 secs] [Times: user=0.08 sys=0.00, real=0.04 secs] 
2016-02-21T11:34:18.917+0800: 493855.632: [GC [PSYoungGen: 1378682K->18016K(1378432K)] 3465212K->2104854K(4174656K), 0.0432140 secs] [Times: user=0.08 sys=0.00, real=0.05 secs] 
2016-02-21T11:35:15.376+0800: 493912.090: [GC [PSYoungGen: 1377568K->16016K(1378816K)] 3464406K->2103187K(4175040K), 0.0409130 secs] [Times: user=0.07 sys=0.00, real=0.04 secs] 
2016-02-21T11:36:11.859+0800: 493968.574: [GC [PSYoungGen: 1375568K->15712K(1379136K)] 3462739K->2103267K(4175360K), 0.0355500 secs] [Times: user=0.07 sys=0.00, real=0.04 secs] 
2016-02-21T11:37:11.996+0800: 494028.711: [GC [PSYoungGen: 1375776K->16432K(1379008K)] 3463331K->2104261K(4175232K), 0.0376580 secs] [Times: user=0.07 sys=0.00, real=0.04 secs] 
2016-02-21T11:38:05.877+0800: 494082.592: [GC [PSYoungGen: 1376496K->15488K(1379456K)] 3464325K->2103590K(4175680K), 0.0356730 secs] [Times: user=0.07 sys=0.00, real=0.03 secs] 
2016-02-21T11:39:00.545+0800: 494137.259: [GC [PSYoungGen: 1376256K->18614K(1379392K)] 3464358K->2107234K(4175616K), 0.0358370 secs] [Times: user=0.07 sys=0.00, real=0.04 secs] 
2016-02-21T11:40:04.581+0800: 494201.295: [GC [PSYoungGen: 1379382K->16128K(1378240K)] 3468002K->2105190K(4174464K), 0.0373200 secs] [Times: user=0.06 sys=0.00, real=0.04 secs] 
2016-02-21T11:41:00.681+0800: 494257.395: [GC [PSYoungGen: 1375680K->14192K(1373760K)] 3464742K->2103487K(4169984K), 0.0399370 secs] [Times: user=0.08 sys=0.00, real=0.04 secs] 
2016-02-21T11:42:02.671+0800: 494319.385: [GC [PSYoungGen: 1373744K->16976K(1378752K)] 3463039K->2106599K(4174976K), 0.0383470 secs] [Times: user=0.07 sys=0.00, real=0.04 secs] 
2016-02-21T11:42:47.935+0800: 494364.649: [GC [PSYoungGen: 1376336K->14048K(1373440K)] 3465959K->2103927K(4169664K), 0.0333020 secs] [Times: user=0.06 sys=0.00, real=0.04 secs] 
2016-02-21T11:43:30.562+0800: 494407.276: [GC [PSYoungGen: 1373408K->17439K(1378368K)] 3463287K->2107466K(4174592K), 0.0367790 secs] [Times: user=0.08 sys=0.00, real=0.04 secs] 
2016-02-21T11:44:16.957+0800: 494453.671: [GC [PSYoungGen: 1376351K->12624K(1371584K)] 3466378K->2102850K(4167808K), 0.0345840 secs] [Times: user=0.07 sys=0.00, real=0.03 secs] 
2016-02-21T11:45:02.870+0800: 494499.584: [GC [PSYoungGen: 1371536K->13536K(1378176K)] 3461762K->2103954K(4174400K), 0.0343560 secs] [Times: user=0.06 sys=0.01, real=0.03 secs] 
2016-02-21T11:45:46.728+0800: 494543.443: [GC [PSYoungGen: 1371808K->15344K(1378176K)] 3462226K->2106050K(4174400K), 0.0345020 secs] [Times: user=0.07 sys=0.00, real=0.03 secs] 
2016-02-21T11:46:36.027+0800: 494592.741: [GC [PSYoungGen: 1373616K->15776K(1378880K)] 3464322K->2106710K(4175104K), 0.0382160 secs] [Times: user=0.07 sys=0.00, real=0.04 secs] 
2016-02-21T11:47:27.667+0800: 494644.381: [GC [PSYoungGen: 1375136K->15664K(1378560K)] 3466070K->2106915K(4174784K), 0.0380000 secs] [Times: user=0.07 sys=0.00, real=0.04 secs] 
2016-02-21T11:48:20.112+0800: 494696.826: [GC [PSYoungGen: 1375024K->14592K(1379392K)] 3466275K->2106204K(4175616K), 0.0387130 secs] [Times: user=0.07 sys=0.00, real=0.04 secs] 
2016-02-21T11:49:16.106+0800: 494752.820: [GC [PSYoungGen: 1375168K->14816K(1379264K)] 3466780K->2106676K(4175488K), 0.0337910 secs] [Times: user=0.06 sys=0.00, real=0.03 secs] 
2016-02-21T11:50:02.336+0800: 494799.050: [GC [PSYoungGen: 1375392K->15376K(1379840K)] 3467252K->2107429K(4176064K), 0.0358400 secs] [Times: user=0.07 sys=0.00, real=0.04 secs] 
2016-02-21T11:50:54.124+0800: 494850.839: [GC [PSYoungGen: 1376720K->14864K(1379584K)] 3468773K->2107330K(4175808K), 0.0384100 secs] [Times: user=0.07 sys=0.00, real=0.04 secs] 
2016-02-21T11:51:47.186+0800: 494903.900: [GC [PSYoungGen: 1376208K->16016K(1380032K)] 3468674K->2108702K(4176256K), 0.0340880 secs] [Times: user=0.07 sys=0.00, real=0.03 secs] 
2016-02-21T11:52:46.208+0800: 494962.922: [GC [PSYoungGen: 1378000K->14784K(1380032K)] 3470686K->2107715K(4176256K), 0.0350690 secs] [Times: user=0.07 sys=0.00, real=0.03 secs] 
2016-02-21T11:53:48.569+0800: 495025.284: [GC [PSYoungGen: 1376768K->15152K(1380416K)] 3469699K->2108340K(4176640K), 0.0358490 secs] [Times: user=0.07 sys=0.00, real=0.04 secs] 
2016-02-21T11:54:50.305+0800: 495087.019: [GC [PSYoungGen: 1377648K->17360K(1379904K)] 3470836K->2110783K(4176128K), 0.0440540 secs] [Times: user=0.08 sys=0.00, real=0.04 secs] 
2016-02-21T11:55:46.558+0800: 495143.273: [GC [PSYoungGen: 1379856K->15280K(1380096K)] 3473279K->2108936K(4176320K), 0.0375700 secs] [Times: user=0.07 sys=0.00, real=0.04 secs] 
2016-02-21T11:56:41.489+0800: 495198.203: [GC [PSYoungGen: 1377200K->12896K(1379904K)] 3470856K->2107040K(4176128K), 0.0313640 secs] [Times: user=0.07 sys=0.00, real=0.03 secs] 
2016-02-21T11:57:32.764+0800: 495249.479: [GC [PSYoungGen: 1374816K->16368K(1379648K)] 3468960K->2110664K(4175872K), 0.0364810 secs] [Times: user=0.07 sys=0.00, real=0.04 secs] 
2016-02-21T11:58:30.514+0800: 495307.228: [GC [PSYoungGen: 1377840K->15984K(1379776K)] 3472136K->2110636K(4176000K), 0.0354320 secs] [Times: user=0.07 sys=0.00, real=0.04 secs] 
2016-02-21T11:59:31.683+0800: 495368.397: [GC [PSYoungGen: 1377456K->15552K(1380096K)] 3472108K->2110452K(4176320K), 0.0427050 secs] [Times: user=0.07 sys=0.00, real=0.05 secs] 
2016-02-21T12:00:28.445+0800: 495425.159: [GC [PSYoungGen: 1377408K->15600K(1379840K)] 3472308K->2110864K(4176064K), 0.0411770 secs] [Times: user=0.07 sys=0.00, real=0.04 secs] 
2016-02-21T12:01:25.265+0800: 495481.979: [GC [PSYoungGen: 1377456K->15616K(1380480K)] 3472720K->2111128K(4176704K), 0.0433730 secs] [Times: user=0.07 sys=0.00, real=0.05 secs] 
2016-02-21T12:02:17.887+0800: 495534.601: [GC [PSYoungGen: 1378304K->15136K(1380288K)] 3473816K->2110797K(4176512K), 0.0354180 secs] [Times: user=0.07 sys=0.00, real=0.03 secs] 
2016-02-21T12:03:25.189+0800: 495601.904: [GC [PSYoungGen: 1377824K->17440K(1378944K)] 3473485K->2113934K(4175168K), 0.0452250 secs] [Times: user=0.07 sys=0.00, real=0.04 secs] 
2016-02-21T12:04:30.873+0800: 495667.588: [GC [PSYoungGen: 1378912K->15632K(1379776K)] 3475406K->2112403K(4176000K), 0.0374630 secs] [Times: user=0.06 sys=0.00, real=0.04 secs] 
2016-02-21T12:05:29.204+0800: 495725.918: [GC [PSYoungGen: 1377104K->15184K(1380160K)] 3473875K->2112199K(4176384K), 0.0445110 secs] [Times: user=0.08 sys=0.01, real=0.04 secs] 
2016-02-21T12:06:28.236+0800: 495784.950: [GC [PSYoungGen: 1377232K->17536K(1379648K)] 3474247K->2114716K(4175872K), 0.0404390 secs] [Times: user=0.08 sys=0.00, real=0.04 secs] 
2016-02-21T12:07:29.547+0800: 495846.261: [GC [PSYoungGen: 1379584K->16064K(1379840K)] 3476764K->2113572K(4176064K), 0.0356290 secs] [Times: user=0.06 sys=0.00, real=0.03 secs] 
2016-02-21T12:08:28.930+0800: 495905.645: [GC [PSYoungGen: 1377472K->16848K(1379648K)] 3474980K->2114564K(4175872K), 0.0394630 secs] [Times: user=0.07 sys=0.00, real=0.04 secs] 
2016-02-21T12:09:37.798+0800: 495974.513: [GC [PSYoungGen: 1378256K->18336K(1377920K)] 3475972K->2116694K(4174144K), 0.0409540 secs] [Times: user=0.07 sys=0.00, real=0.04 secs] 
2016-02-21T12:10:41.184+0800: 496037.898: [GC [PSYoungGen: 1377888K->16000K(1378816K)] 3476246K->2114710K(4175040K), 0.0409380 secs] [Times: user=0.08 sys=0.00, real=0.04 secs] 
2016-02-21T12:11:37.001+0800: 496093.715: [GC [PSYoungGen: 1375552K->15568K(1379264K)] 3474262K->2114407K(4175488K), 0.0358200 secs] [Times: user=0.07 sys=0.00, real=0.03 secs] 
2016-02-21T12:12:32.367+0800: 496149.082: [GC [PSYoungGen: 1375824K->14336K(1379072K)] 3474663K->2113367K(4175296K), 0.0346220 secs] [Times: user=0.07 sys=0.00, real=0.03 secs] 
2016-02-21T12:13:31.125+0800: 496207.840: [GC [PSYoungGen: 1374592K->16592K(1379264K)] 3473623K->2115760K(4175488K), 0.0365380 secs] [Times: user=0.07 sys=0.00, real=0.04 secs] 
2016-02-21T12:14:30.584+0800: 496267.298: [GC [PSYoungGen: 1376976K->16736K(1379200K)] 3476144K->2116180K(4175424K), 0.0450350 secs] [Times: user=0.09 sys=0.00, real=0.05 secs] 
2016-02-21T12:15:28.002+0800: 496324.716: [GC [PSYoungGen: 1377120K->13632K(1379008K)] 3476564K->2113244K(4175232K), 0.0351510 secs] [Times: user=0.06 sys=0.00, real=0.04 secs] 
2016-02-21T12:16:26.342+0800: 496383.057: [GC [PSYoungGen: 1373824K->13248K(1373504K)] 3473436K->2113157K(4169728K), 0.0330790 secs] [Times: user=0.07 sys=0.00, real=0.03 secs] 
2016-02-21T12:17:23.026+0800: 496439.741: [GC [PSYoungGen: 1373440K->15811K(1379264K)] 3473349K->2115852K(4175488K), 0.0373300 secs] [Times: user=0.07 sys=0.00, real=0.04 secs] 
2016-02-21T12:18:26.741+0800: 496503.455: [GC [PSYoungGen: 1376003K->16320K(1379008K)] 3476044K->2116726K(4175232K), 0.0390510 secs] [Times: user=0.07 sys=0.00, real=0.04 secs] 
2016-02-21T12:19:26.608+0800: 496563.322: [GC [PSYoungGen: 1376512K->16240K(1379392K)] 3476918K->2116801K(4175616K), 0.0395080 secs] [Times: user=0.07 sys=0.00, real=0.04 secs] 
2016-02-21T12:20:20.897+0800: 496617.611: [GC [PSYoungGen: 1376880K->13632K(1379328K)] 3477441K->2114334K(4175552K), 0.0340180 secs] [Times: user=0.07 sys=0.00, real=0.03 secs] 
2016-02-21T12:21:23.745+0800: 496680.459: [GC [PSYoungGen: 1374272K->15280K(1379648K)] 3474974K->2116227K(4175872K), 0.0389280 secs] [Times: user=0.08 sys=0.00, real=0.03 secs] 
2016-02-21T12:22:17.270+0800: 496733.984: [GC [PSYoungGen: 1376176K->15712K(1379328K)] 3477123K->2117023K(4175552K), 0.0404110 secs] [Times: user=0.07 sys=0.00, real=0.04 secs] 
2016-02-21T12:23:11.650+0800: 496788.364: [GC [PSYoungGen: 1376608K->13040K(1379456K)] 3477919K->2114719K(4175680K), 0.0350780 secs] [Times: user=0.06 sys=0.00, real=0.04 secs] 
2016-02-21T12:24:05.309+0800: 496842.023: [GC [PSYoungGen: 1374252K->14640K(1379648K)] 3475932K->2116516K(4175872K), 0.0491890 secs] [Times: user=0.11 sys=0.00, real=0.05 secs] 
2016-02-21T12:25:09.299+0800: 496906.013: [GC [PSYoungGen: 1375856K->15903K(1379904K)] 3477732K->2118132K(4176128K), 0.0389700 secs] [Times: user=0.07 sys=0.00, real=0.04 secs] 
2016-02-21T12:26:05.839+0800: 496962.553: [GC [PSYoungGen: 1377631K->14016K(1379904K)] 3479860K->2116745K(4176128K), 0.0318590 secs] [Times: user=0.06 sys=0.00, real=0.03 secs] 
2016-02-21T12:27:06.110+0800: 497022.824: [GC [PSYoungGen: 1375744K->15504K(1380160K)] 3478473K->2118589K(4176384K), 0.0364820 secs] [Times: user=0.07 sys=0.00, real=0.04 secs] 
2016-02-21T12:28:04.267+0800: 497080.982: [GC [PSYoungGen: 1377552K->14816K(1379968K)] 3480637K->2118065K(4176192K), 0.0345950 secs] [Times: user=0.07 sys=0.00, real=0.04 secs] 
2016-02-21T12:28:59.655+0800: 497136.369: [GC [PSYoungGen: 1376864K->14448K(1380480K)] 3480113K->2117886K(4176704K), 0.0341550 secs] [Times: user=0.06 sys=0.01, real=0.03 secs] 
2016-02-21T12:29:56.423+0800: 497193.137: [GC [PSYoungGen: 1377200K->16736K(1379520K)] 3480638K->2120411K(4175744K), 0.0360600 secs] [Times: user=0.07 sys=0.00, real=0.03 secs] 
2016-02-21T12:30:54.484+0800: 497251.199: [GC [PSYoungGen: 1379488K->16832K(1379456K)] 3483163K->2120911K(4175680K), 0.0391890 secs] [Times: user=0.07 sys=0.00, real=0.04 secs] 
2016-02-21T12:31:53.503+0800: 497310.218: [GC [PSYoungGen: 1378304K->14881K(1379776K)] 3482383K->2119087K(4176000K), 0.0344070 secs] [Times: user=0.06 sys=0.00, real=0.04 secs] 
2016-02-21T12:32:42.451+0800: 497359.166: [GC [PSYoungGen: 1376353K->18017K(1377088K)] 3480559K->2124158K(4173312K), 0.0376440 secs] [Times: user=0.08 sys=0.00, real=0.05 secs] 
2016-02-21T12:33:43.427+0800: 497420.142: [GC [PSYoungGen: 1377057K->15104K(1378560K)] 3483198K->2121418K(4174784K), 0.0372930 secs] [Times: user=0.07 sys=0.00, real=0.04 secs] 
2016-02-21T12:34:45.409+0800: 497482.124: [GC [PSYoungGen: 1374144K->15712K(1379136K)] 3480458K->2122210K(4175360K), 0.0395710 secs] [Times: user=0.08 sys=0.00, real=0.04 secs] 
2016-02-21T12:35:43.280+0800: 497539.995: [GC [PSYoungGen: 1375584K->16160K(1378816K)] 3482082K->2122935K(4175040K), 0.0377480 secs] [Times: user=0.07 sys=0.00, real=0.03 secs] 
2016-02-21T12:36:42.515+0800: 497599.229: [GC [PSYoungGen: 1376032K->18725K(1375488K)] 3482807K->2128564K(4171712K), 0.0391900 secs] [Times: user=0.08 sys=0.00, real=0.04 secs] 
2016-02-21T12:37:45.327+0800: 497662.042: [GC [PSYoungGen: 1375461K->16304K(1377408K)] 3485300K->2126334K(4173632K), 0.0373720 secs] [Times: user=0.08 sys=0.00, real=0.04 secs] 
2016-02-21T12:38:47.395+0800: 497724.109: [GC [PSYoungGen: 1373040K->17152K(1377920K)] 3483070K->2127319K(4174144K), 0.0401790 secs] [Times: user=0.08 sys=0.00, real=0.04 secs] 
2016-02-21T12:39:39.850+0800: 497776.564: [GC [PSYoungGen: 1374784K->13792K(1377792K)] 3484951K->2124143K(4174016K), 0.0338140 secs] [Times: user=0.06 sys=0.00, real=0.03 secs] 
2016-02-21T12:40:31.156+0800: 497827.871: [GC [PSYoungGen: 1371424K->14384K(1377920K)] 3481775K->2125002K(4174144K), 0.0354530 secs] [Times: user=0.06 sys=0.00, real=0.04 secs] 
2016-02-21T12:41:33.852+0800: 497890.567: [GC [PSYoungGen: 1372016K->14246K(1377792K)] 3482634K->2125129K(4174016K), 0.0333050 secs] [Times: user=0.07 sys=0.00, real=0.03 secs] 
2016-02-21T12:42:37.169+0800: 497953.883: [GC [PSYoungGen: 1371878K->16416K(1378240K)] 3482761K->2127606K(4174464K), 0.0406570 secs] [Times: user=0.08 sys=0.00, real=0.04 secs] 
2016-02-21T12:43:34.043+0800: 498010.758: [GC [PSYoungGen: 1374624K->14304K(1378048K)] 3485814K->2125842K(4174272K), 0.0335500 secs] [Times: user=0.07 sys=0.00, real=0.03 secs] 
2016-02-21T12:44:29.290+0800: 498066.005: [GC [PSYoungGen: 1372512K->13920K(1378432K)] 3484050K->2125678K(4174656K), 0.0329660 secs] [Times: user=0.07 sys=0.00, real=0.03 secs] 
2016-02-21T12:45:24.266+0800: 498120.981: [GC [PSYoungGen: 1372640K->14096K(1378368K)] 3484398K->2126051K(4174592K), 0.0333510 secs] [Times: user=0.07 sys=0.01, real=0.03 secs] 
2016-02-21T12:46:22.703+0800: 498179.418: [GC [PSYoungGen: 1372816K->15648K(1378944K)] 3484771K->2127892K(4175168K), 0.0349030 secs] [Times: user=0.07 sys=0.00, real=0.03 secs] 
2016-02-21T12:47:26.573+0800: 498243.288: [GC [PSYoungGen: 1375136K->16352K(1378624K)] 3487380K->2128828K(4174848K), 0.0527520 secs] [Times: user=0.10 sys=0.00, real=0.06 secs] 
2016-02-21T12:48:26.508+0800: 498303.222: [GC [PSYoungGen: 1375840K->14400K(1379136K)] 3488316K->2127065K(4175360K), 0.0334320 secs] [Times: user=0.06 sys=0.00, real=0.04 secs] 
2016-02-21T12:49:26.746+0800: 498363.460: [GC [PSYoungGen: 1374400K->14224K(1378944K)] 3487065K->2127290K(4175168K), 0.0345620 secs] [Times: user=0.07 sys=0.00, real=0.04 secs] 
2016-02-21T12:50:20.993+0800: 498417.708: [GC [PSYoungGen: 1374224K->13984K(1379392K)] 3487290K->2127230K(4175616K), 0.0367500 secs] [Times: user=0.08 sys=0.00, real=0.03 secs] 
2016-02-21T12:51:24.875+0800: 498481.589: [GC [PSYoungGen: 1374560K->16832K(1377472K)] 3487806K->2130295K(4173696K), 0.0385130 secs] [Times: user=0.07 sys=0.00, real=0.04 secs] 
2016-02-21T12:52:17.897+0800: 498534.611: [GC [PSYoungGen: 1377408K->13008K(1379008K)] 3490871K->2127088K(4175232K), 0.0494560 secs] [Times: user=0.09 sys=0.00, real=0.04 secs] 
2016-02-21T12:53:10.453+0800: 498587.168: [GC [PSYoungGen: 1373072K->14720K(1379072K)] 3487152K->2128960K(4175296K), 0.0367760 secs] [Times: user=0.07 sys=0.00, real=0.03 secs] 
2016-02-21T12:54:10.703+0800: 498647.418: [GC [PSYoungGen: 1374784K->15645K(1379520K)] 3489024K->2130149K(4175744K), 0.0359480 secs] [Times: user=0.06 sys=0.00, real=0.03 secs] 
2016-02-21T12:55:10.829+0800: 498707.543: [GC [PSYoungGen: 1376477K->14544K(1379392K)] 3490981K->2129200K(4175616K), 0.0348900 secs] [Times: user=0.06 sys=0.00, real=0.03 secs] 
2016-02-21T12:56:04.067+0800: 498760.782: [GC [PSYoungGen: 1375376K->15569K(1379904K)] 3490032K->2130429K(4176128K), 0.0426650 secs] [Times: user=0.09 sys=0.00, real=0.04 secs] 
2016-02-21T12:56:58.890+0800: 498815.604: [GC [PSYoungGen: 1377169K->15280K(1379776K)] 3492029K->2130441K(4176000K), 0.0370820 secs] [Times: user=0.07 sys=0.00, real=0.03 secs] 
2016-02-21T12:58:07.848+0800: 498884.562: [GC [PSYoungGen: 1376880K->17456K(1379008K)] 3492041K->2132849K(4175232K), 0.0419940 secs] [Times: user=0.07 sys=0.00, real=0.04 secs] 
2016-02-21T12:59:05.683+0800: 498942.397: [GC [PSYoungGen: 1378544K->17456K(1378560K)] 3493937K->2133022K(4174784K), 0.0386640 secs] [Times: user=0.06 sys=0.00, real=0.04 secs] 
2016-02-21T13:00:05.392+0800: 499002.106: [GC [PSYoungGen: 1378544K->15728K(1379392K)] 3494110K->2131562K(4175616K), 0.0381910 secs] [Times: user=0.07 sys=0.00, real=0.04 secs] 
2016-02-21T13:01:02.487+0800: 499059.201: [GC [PSYoungGen: 1376176K->14368K(1379136K)] 3492010K->2130566K(4175360K), 0.0432320 secs] [Times: user=0.07 sys=0.00, real=0.04 secs] 
2016-02-21T13:01:58.819+0800: 499115.533: [GC [PSYoungGen: 1374816K->16384K(1379392K)] 3491014K->2132670K(4175616K), 0.0359190 secs] [Times: user=0.07 sys=0.00, real=0.04 secs] 
2016-02-21T13:02:54.425+0800: 499171.139: [GC [PSYoungGen: 1377216K->15472K(1379456K)] 3493502K->2132011K(4175680K), 0.0356660 secs] [Times: user=0.07 sys=0.00, real=0.04 secs] 
2016-02-21T13:03:49.775+0800: 499226.489: [GC [PSYoungGen: 1376304K->15344K(1379968K)] 3492843K->2132283K(4176192K), 0.0365180 secs] [Times: user=0.07 sys=0.00, real=0.03 secs] 
2016-02-21T13:04:45.344+0800: 499282.058: [GC [PSYoungGen: 1377008K->14176K(1379776K)] 3493947K->2131347K(4176000K), 0.0348850 secs] [Times: user=0.06 sys=0.00, real=0.03 secs] 
2016-02-21T13:05:38.359+0800: 499335.073: [GC [PSYoungGen: 1375840K->13776K(1380032K)] 3493011K->2131071K(4176256K), 0.0405650 secs] [Times: user=0.09 sys=0.00, real=0.04 secs] 
2016-02-21T13:06:46.394+0800: 499403.108: [GC [PSYoungGen: 1375760K->16608K(1378624K)] 3493055K->2134215K(4174848K), 0.0417020 secs] [Times: user=0.07 sys=0.00, real=0.04 secs] 
2016-02-21T13:07:44.954+0800: 499461.668: [GC [PSYoungGen: 1378592K->13456K(1379648K)] 3496199K->2131336K(4175872K), 0.0356490 secs] [Times: user=0.07 sys=0.00, real=0.04 secs] 
2016-02-21T13:08:41.258+0800: 499517.972: [GC [PSYoungGen: 1374800K->16256K(1377664K)] 3492680K->2134320K(4173888K), 0.0330730 secs] [Times: user=0.07 sys=0.00, real=0.03 secs] 
2016-02-21T13:09:37.469+0800: 499574.183: [GC [PSYoungGen: 1377600K->15936K(1379712K)] 3495664K->2134192K(4175936K), 0.0367700 secs] [Times: user=0.07 sys=0.00, real=0.04 secs] 
2016-02-21T13:10:37.119+0800: 499633.833: [GC [PSYoungGen: 1377216K->15920K(1379648K)] 3495472K->2134340K(4175872K), 0.0369240 secs] [Times: user=0.07 sys=0.00, real=0.04 secs] 
2016-02-21T13:11:35.966+0800: 499692.680: [GC [PSYoungGen: 1377200K->14960K(1380032K)] 3495620K->2133789K(4176256K), 0.0334610 secs] [Times: user=0.06 sys=0.00, real=0.03 secs] 
2016-02-21T13:12:35.757+0800: 499752.472: [GC [PSYoungGen: 1376752K->15440K(1379840K)] 3495581K->2134484K(4176064K), 0.0389000 secs] [Times: user=0.06 sys=0.00, real=0.04 secs] 
2016-02-21T13:13:35.152+0800: 499811.867: [GC [PSYoungGen: 1377232K->15456K(1380480K)] 3496276K->2134825K(4176704K), 0.0460720 secs] [Times: user=0.09 sys=0.00, real=0.05 secs] 
2016-02-21T13:14:30.758+0800: 499867.473: [GC [PSYoungGen: 1378080K->15312K(1380224K)] 3497449K->2135021K(4176448K), 0.0360400 secs] [Times: user=0.06 sys=0.00, real=0.04 secs] 
2016-02-21T13:15:27.105+0800: 499923.820: [GC [PSYoungGen: 1377936K->14368K(1380672K)] 3497645K->2134246K(4176896K), 0.0349550 secs] [Times: user=0.07 sys=0.00, real=0.04 secs] 
2016-02-21T13:16:26.638+0800: 499983.353: [GC [PSYoungGen: 1377632K->15920K(1380672K)] 3497510K->2135986K(4176896K), 0.0370750 secs] [Times: user=0.07 sys=0.00, real=0.03 secs] 
2016-02-21T13:17:28.954+0800: 500045.669: [GC [PSYoungGen: 1379184K->15776K(1380736K)] 3499250K->2136058K(4176960K), 0.0368920 secs] [Times: user=0.08 sys=0.00, real=0.03 secs] 
2016-02-21T13:18:31.370+0800: 500108.085: [GC [PSYoungGen: 1379104K->16720K(1380096K)] 3499386K->2137367K(4176320K), 0.0393390 secs] [Times: user=0.07 sys=0.00, real=0.04 secs] 
2016-02-21T13:19:37.299+0800: 500174.013: [GC [PSYoungGen: 1380048K->15808K(1380544K)] 3500695K->2136824K(4176768K), 0.0373800 secs] [Times: user=0.08 sys=0.00, real=0.04 secs] 
2016-02-21T13:20:30.842+0800: 500227.557: [GC [PSYoungGen: 1378688K->14608K(1380416K)] 3499704K->2135832K(4176640K), 0.0341120 secs] [Times: user=0.07 sys=0.00, real=0.03 secs] 
2016-02-21T13:21:26.337+0800: 500283.051: [GC [PSYoungGen: 1377488K->14592K(1380608K)] 3498712K->2136057K(4176832K), 0.0333770 secs] [Times: user=0.07 sys=0.00, real=0.03 secs] 
2016-02-21T13:22:20.000+0800: 500336.715: [GC [PSYoungGen: 1377664K->15200K(1380544K)] 3499129K->2136893K(4176768K), 0.0371570 secs] [Times: user=0.07 sys=0.00, real=0.04 secs] 
2016-02-21T13:23:26.561+0800: 500403.276: [GC [PSYoungGen: 1378272K->16672K(1380160K)] 3499965K->2138568K(4176384K), 0.0354240 secs] [Times: user=0.07 sys=0.00, real=0.03 secs] 
2016-02-21T13:24:27.275+0800: 500463.990: [GC [PSYoungGen: 1379552K->16112K(1380480K)] 3501448K->2138165K(4176704K), 0.0401110 secs] [Times: user=0.08 sys=0.00, real=0.04 secs] 
2016-02-21T13:25:20.169+0800: 500516.884: [GC [PSYoungGen: 1378992K->14912K(1380544K)] 3501045K->2137209K(4176768K), 0.0372540 secs] [Times: user=0.07 sys=0.00, real=0.04 secs] 
2016-02-21T13:26:27.955+0800: 500584.670: [GC [PSYoungGen: 1377856K->17527K(1380480K)] 3500153K->2140373K(4176704K), 0.0405880 secs] [Times: user=0.07 sys=0.00, real=0.04 secs] 
2016-02-21T13:27:34.471+0800: 500651.185: [GC [PSYoungGen: 1380471K->17584K(1377408K)] 3503317K->2141614K(4173632K), 0.0424060 secs] [Times: user=0.07 sys=0.00, real=0.04 secs] 
2016-02-21T13:28:35.955+0800: 500712.669: [GC [PSYoungGen: 1377392K->16080K(1378944K)] 3501422K->2140478K(4175168K), 0.0371960 secs] [Times: user=0.07 sys=0.00, real=0.04 secs] 
2016-02-21T13:29:36.012+0800: 500772.727: [GC [PSYoungGen: 1375888K->14336K(1379200K)] 3500286K->2139098K(4175424K), 0.0347040 secs] [Times: user=0.06 sys=0.00, real=0.03 secs] 
2016-02-21T13:30:32.656+0800: 500829.370: [GC [PSYoungGen: 1374656K->14864K(1379200K)] 3499418K->2139791K(4175424K), 0.0343590 secs] [Times: user=0.06 sys=0.00, real=0.03 secs] 
2016-02-21T13:31:32.573+0800: 500889.287: [GC [PSYoungGen: 1375184K->15936K(1379584K)] 3500111K->2141002K(4175808K), 0.0363100 secs] [Times: user=0.06 sys=0.00, real=0.04 secs] 
2016-02-21T13:32:34.159+0800: 500950.874: [GC [PSYoungGen: 1376768K->17120K(1379328K)] 3501834K->2142643K(4175552K), 0.0390900 secs] [Times: user=0.07 sys=0.00, real=0.04 secs] 
2016-02-21T13:33:32.506+0800: 501009.220: [GC [PSYoungGen: 1377952K->16960K(1379200K)] 3503475K->2142860K(4175424K), 0.0394660 secs] [Times: user=0.08 sys=0.00, real=0.04 secs] 
2016-02-21T13:34:32.864+0800: 501069.578: [GC [PSYoungGen: 1377408K->15616K(1379264K)] 3503308K->2141895K(4175488K), 0.0402800 secs] [Times: user=0.08 sys=0.00, real=0.04 secs] 
2016-02-21T13:35:28.370+0800: 501125.084: [GC [PSYoungGen: 1376064K->17143K(1379072K)] 3502343K->2143629K(4175296K), 0.0350180 secs] [Times: user=0.07 sys=0.00, real=0.04 secs] 
2016-02-21T13:36:19.411+0800: 501176.125: [GC [PSYoungGen: 1377591K->13664K(1374144K)] 3504077K->2140526K(4170368K), 0.0365920 secs] [Times: user=0.07 sys=0.01, real=0.04 secs] 
2016-02-21T13:37:19.986+0800: 501236.701: [GC [PSYoungGen: 1374112K->16832K(1379008K)] 3500974K->2143826K(4175232K), 0.0359790 secs] [Times: user=0.07 sys=0.00, real=0.04 secs] 
2016-02-21T13:38:24.727+0800: 501301.441: [GC [PSYoungGen: 1376896K->16832K(1379072K)] 3503890K->2144059K(4175296K), 0.0368120 secs] [Times: user=0.07 sys=0.00, real=0.04 secs] 
2016-02-21T13:39:22.707+0800: 501359.421: [GC [PSYoungGen: 1376896K->15328K(1379200K)] 3504123K->2142775K(4175424K), 0.0367590 secs] [Times: user=0.07 sys=0.01, real=0.04 secs] 
2016-02-21T13:40:17.225+0800: 501413.939: [GC [PSYoungGen: 1375520K->14832K(1379072K)] 3502967K->2142436K(4175296K), 0.0419980 secs] [Times: user=0.07 sys=0.00, real=0.04 secs] 
2016-02-21T13:41:15.478+0800: 501472.192: [GC [PSYoungGen: 1375024K->16128K(1379520K)] 3502628K->2143944K(4175744K), 0.0353150 secs] [Times: user=0.07 sys=0.00, real=0.04 secs] 
2016-02-21T13:42:21.023+0800: 501537.738: [GC [PSYoungGen: 1376896K->15888K(1379328K)] 3504712K->2144093K(4175552K), 0.0345280 secs] [Times: user=0.06 sys=0.00, real=0.03 secs] 
2016-02-21T13:43:20.352+0800: 501597.067: [GC [PSYoungGen: 1376656K->15600K(1379968K)] 3504861K->2144057K(4176192K), 0.0416280 secs] [Times: user=0.07 sys=0.00, real=0.04 secs] 
2016-02-21T13:44:18.448+0800: 501655.163: [GC [PSYoungGen: 1377264K->15104K(1379776K)] 3505721K->2143859K(4176000K), 0.0412570 secs] [Times: user=0.07 sys=0.00, real=0.04 secs] 
2016-02-21T13:45:09.707+0800: 501706.422: [GC [PSYoungGen: 1376768K->14640K(1380096K)] 3505523K->2143747K(4176320K), 0.0401910 secs] [Times: user=0.08 sys=0.00, real=0.04 secs] 
2016-02-21T13:46:11.504+0800: 501768.219: [GC [PSYoungGen: 1376688K->15488K(1380032K)] 3505795K->2144951K(4176256K), 0.0389700 secs] [Times: user=0.08 sys=0.00, real=0.03 secs] 
2016-02-21T13:47:10.775+0800: 501827.489: [GC [PSYoungGen: 1377536K->15856K(1380416K)] 3506999K->2145487K(4176640K), 0.0361800 secs] [Times: user=0.07 sys=0.00, real=0.03 secs] 
2016-02-21T13:48:11.788+0800: 501888.502: [GC [PSYoungGen: 1378480K->15904K(1380288K)] 3508111K->2145776K(4176512K), 0.0373330 secs] [Times: user=0.06 sys=0.00, real=0.03 secs] 
2016-02-21T13:49:06.145+0800: 501942.859: [GC [PSYoungGen: 1378528K->16352K(1380416K)] 3508400K->2146496K(4176640K), 0.0371650 secs] [Times: user=0.07 sys=0.00, real=0.03 secs] 
2016-02-21T13:50:01.481+0800: 501998.195: [GC [PSYoungGen: 1379232K->14256K(1377152K)] 3509376K->2144901K(4173376K), 0.0455860 secs] [Times: user=0.09 sys=0.00, real=0.04 secs] 
2016-02-21T13:50:55.925+0800: 502052.639: [GC [PSYoungGen: 1377136K->13728K(1380160K)] 3507781K->2144609K(4176384K), 0.0383160 secs] [Times: user=0.07 sys=0.00, real=0.04 secs] 
2016-02-21T13:51:49.599+0800: 502106.314: [GC [PSYoungGen: 1376224K->15600K(1380288K)] 3507105K->2146666K(4176512K), 0.0354150 secs] [Times: user=0.07 sys=0.00, real=0.04 secs] 
2016-02-21T13:52:48.483+0800: 502165.198: [GC [PSYoungGen: 1378096K->15472K(1380672K)] 3509162K->2146811K(4176896K), 0.0364470 secs] [Times: user=0.07 sys=0.01, real=0.04 secs] 
2016-02-21T13:53:43.762+0800: 502220.477: [GC [PSYoungGen: 1378480K->16368K(1380416K)] 3509819K->2148011K(4176640K), 0.0389940 secs] [Times: user=0.08 sys=0.00, real=0.04 secs] 
2016-02-21T13:54:42.918+0800: 502279.632: [GC [PSYoungGen: 1379376K->15168K(1380672K)] 3511019K->2147168K(4176896K), 0.0409790 secs] [Times: user=0.07 sys=0.00, real=0.04 secs] 
2016-02-21T13:55:37.135+0800: 502333.850: [GC [PSYoungGen: 1378240K->14160K(1380480K)] 3510240K->2146336K(4176704K), 0.0325150 secs] [Times: user=0.06 sys=0.00, real=0.04 secs] 
2016-02-21T13:56:34.646+0800: 502391.360: [GC [PSYoungGen: 1377232K->13488K(1380352K)] 3509408K->2145840K(4176576K), 0.0346520 secs] [Times: user=0.07 sys=0.00, real=0.03 secs] 
2016-02-21T13:57:33.025+0800: 502449.740: [GC [PSYoungGen: 1376368K->14448K(1380480K)] 3508720K->2146976K(4176704K), 0.0360320 secs] [Times: user=0.07 sys=0.00, real=0.04 secs] 
2016-02-21T13:58:31.442+0800: 502508.157: [GC [PSYoungGen: 1377328K->15184K(1380800K)] 3509856K->2147869K(4177024K), 0.0395270 secs] [Times: user=0.07 sys=0.00, real=0.04 secs] 
2016-02-21T13:59:32.889+0800: 502569.603: [GC [PSYoungGen: 1378512K->16912K(1380288K)] 3511197K->2149837K(4176512K), 0.0448970 secs] [Times: user=0.08 sys=0.00, real=0.04 secs] 
2016-02-21T14:00:29.297+0800: 502626.011: [GC [PSYoungGen: 1380240K->13952K(1380352K)] 3513165K->2147153K(4176576K), 0.0313050 secs] [Times: user=0.07 sys=0.00, real=0.03 secs] 
2016-02-21T14:01:33.003+0800: 502689.717: [GC [PSYoungGen: 1376576K->17584K(1380224K)] 3509777K->2151062K(4176448K), 0.0379570 secs] [Times: user=0.07 sys=0.00, real=0.04 secs] 
2016-02-21T14:02:32.279+0800: 502748.994: [GC [PSYoungGen: 1380208K->16064K(1379328K)] 3513686K->2149706K(4175552K), 0.0394630 secs] [Times: user=0.08 sys=0.00, real=0.04 secs] 
2016-02-21T14:03:30.884+0800: 502807.598: [GC [PSYoungGen: 1377536K->16528K(1378048K)] 3511178K->2150426K(4174272K), 0.0407830 secs] [Times: user=0.07 sys=0.00, real=0.04 secs] 
2016-02-21T14:04:30.002+0800: 502866.716: [GC [PSYoungGen: 1378000K->15984K(1379776K)] 3511898K->2150219K(4176000K), 0.0402330 secs] [Times: user=0.07 sys=0.00, real=0.04 secs] 
2016-02-21T14:05:22.506+0800: 502919.220: [GC [PSYoungGen: 1377328K->15456K(1379648K)] 3511563K->2149819K(4175872K), 0.0389640 secs] [Times: user=0.06 sys=0.00, real=0.04 secs] 
2016-02-21T14:06:16.902+0800: 502973.616: [GC [PSYoungGen: 1376800K->16208K(1380032K)] 3511163K->2150868K(4176256K), 0.0419430 secs] [Times: user=0.09 sys=0.00, real=0.04 secs] 
2016-02-21T14:07:16.384+0800: 503033.098: [GC [PSYoungGen: 1378192K->15984K(1380032K)] 3512852K->2150860K(4176256K), 0.0424900 secs] [Times: user=0.08 sys=0.00, real=0.04 secs] 
2016-02-21T14:08:12.165+0800: 503088.879: [GC [PSYoungGen: 1377968K->15904K(1380288K)] 3512844K->2151049K(4176512K), 0.0361750 secs] [Times: user=0.06 sys=0.00, real=0.04 secs] 
2016-02-21T14:09:11.411+0800: 503148.125: [GC [PSYoungGen: 1378272K->14160K(1380160K)] 3513417K->2149614K(4176384K), 0.0400530 secs] [Times: user=0.07 sys=0.00, real=0.04 secs] 
2016-02-21T14:10:06.443+0800: 503203.158: [GC [PSYoungGen: 1376528K->14608K(1380288K)] 3511982K->2150230K(4176512K), 0.0348870 secs] [Times: user=0.07 sys=0.00, real=0.04 secs] 
2016-02-21T14:11:09.364+0800: 503266.078: [GC [PSYoungGen: 1377040K->15648K(1380224K)] 3512662K->2151667K(4176448K), 0.0407060 secs] [Times: user=0.07 sys=0.00, real=0.04 secs] 
2016-02-21T14:12:04.516+0800: 503321.230: [GC [PSYoungGen: 1378080K->15664K(1380608K)] 3514099K->2151895K(4176832K), 0.0431290 secs] [Times: user=0.07 sys=0.00, real=0.04 secs] 
2016-02-21T14:13:00.843+0800: 503377.557: [GC [PSYoungGen: 1378672K->14496K(1380480K)] 3514903K->2151075K(4176704K), 0.0385990 secs] [Times: user=0.08 sys=0.00, real=0.04 secs] 
2016-02-21T14:13:53.516+0800: 503430.231: [GC [PSYoungGen: 1377504K->14320K(1380672K)] 3514083K->2151051K(4176896K), 0.0340420 secs] [Times: user=0.06 sys=0.00, real=0.03 secs] 
2016-02-21T14:14:50.975+0800: 503487.689: [GC [PSYoungGen: 1377520K->17120K(1380352K)] 3514251K->2154076K(4176576K), 0.0401860 secs] [Times: user=0.07 sys=0.00, real=0.04 secs] 
2016-02-21T14:15:52.142+0800: 503548.857: [GC [PSYoungGen: 1380320K->16400K(1379840K)] 3517276K->2153796K(4176064K), 0.0359530 secs] [Times: user=0.07 sys=0.00, real=0.04 secs] 
2016-02-21T14:16:55.233+0800: 503611.948: [GC [PSYoungGen: 1378512K->17648K(1379776K)] 3515908K->2155489K(4176000K), 0.0417240 secs] [Times: user=0.08 sys=0.00, real=0.04 secs] 
2016-02-21T14:18:00.358+0800: 503677.073: [GC [PSYoungGen: 1379760K->16224K(1379520K)] 3517601K->2154369K(4175744K), 0.0440290 secs] [Times: user=0.08 sys=0.00, real=0.04 secs] 
2016-02-21T14:19:04.293+0800: 503741.008: [GC [PSYoungGen: 1377440K->18048K(1379328K)] 3515585K->2156390K(4175552K), 0.0389210 secs] [Times: user=0.07 sys=0.00, real=0.04 secs] 
2016-02-21T14:20:00.160+0800: 503796.874: [GC [PSYoungGen: 1379264K->16784K(1378944K)] 3517606K->2155286K(4175168K), 0.0377620 secs] [Times: user=0.07 sys=0.00, real=0.04 secs] 
2016-02-21T14:21:04.857+0800: 503861.571: [GC [PSYoungGen: 1376976K->17344K(1377600K)] 3515478K->2156206K(4173824K), 0.0480600 secs] [Times: user=0.08 sys=0.00, real=0.05 secs] 
2016-02-21T14:22:10.827+0800: 503927.541: [GC [PSYoungGen: 1377536K->16080K(1379200K)] 3516398K->2155118K(4175424K), 0.0391740 secs] [Times: user=0.08 sys=0.00, real=0.04 secs] 
2016-02-21T14:23:11.824+0800: 503988.538: [GC [PSYoungGen: 1376144K->15552K(1378944K)] 3515182K->2154851K(4175168K), 0.0421270 secs] [Times: user=0.08 sys=0.00, real=0.05 secs] 
2016-02-21T14:24:09.824+0800: 504046.539: [GC [PSYoungGen: 1375616K->15104K(1379392K)] 3514915K->2154631K(4175616K), 0.0356030 secs] [Times: user=0.07 sys=0.00, real=0.03 secs] 
2016-02-21T14:25:08.144+0800: 504104.858: [GC [PSYoungGen: 1375744K->17456K(1378112K)] 3515271K->2157364K(4174336K), 0.0374100 secs] [Times: user=0.06 sys=0.00, real=0.04 secs] 
2016-02-21T14:26:03.988+0800: 504160.703: [GC [PSYoungGen: 1378096K->15920K(1379392K)] 3518004K->2156240K(4175616K), 0.0367680 secs] [Times: user=0.07 sys=0.00, real=0.04 secs] 
2016-02-21T14:27:07.163+0800: 504223.877: [GC [PSYoungGen: 1376368K->17312K(1379136K)] 3516688K->2157788K(4175360K), 0.0408900 secs] [Times: user=0.08 sys=0.00, real=0.04 secs] 
2016-02-21T14:28:01.349+0800: 504278.064: [GC [PSYoungGen: 1377760K->15424K(1379328K)] 3518236K->2156153K(4175552K), 0.0366340 secs] [Times: user=0.07 sys=0.00, real=0.03 secs] 
2016-02-21T14:28:57.439+0800: 504334.153: [GC [PSYoungGen: 1375872K->15504K(1379200K)] 3516601K->2156397K(4175424K), 0.0363730 secs] [Times: user=0.07 sys=0.00, real=0.03 secs] 
2016-02-21T14:29:54.445+0800: 504391.159: [GC [PSYoungGen: 1375952K->15216K(1379520K)] 3516845K->2156309K(4175744K), 0.0385650 secs] [Times: user=0.07 sys=0.00, real=0.04 secs] 
2016-02-21T14:30:50.395+0800: 504447.109: [GC [PSYoungGen: 1376112K->14128K(1379456K)] 3517205K->2155617K(4175680K), 0.0323110 secs] [Times: user=0.06 sys=0.01, real=0.03 secs] 
2016-02-21T14:31:43.651+0800: 504500.366: [GC [PSYoungGen: 1375024K->16000K(1379712K)] 3516513K->2157685K(4175936K), 0.0352410 secs] [Times: user=0.07 sys=0.01, real=0.04 secs] 
2016-02-21T14:32:46.769+0800: 504563.483: [GC [PSYoungGen: 1377088K->17664K(1378816K)] 3518773K->2159618K(4175040K), 0.0385520 secs] [Times: user=0.07 sys=0.00, real=0.03 secs] 
2016-02-21T14:33:48.113+0800: 504624.827: [GC [PSYoungGen: 1378752K->16208K(1379456K)] 3520706K->2158430K(4175680K), 0.0379950 secs] [Times: user=0.08 sys=0.00, real=0.04 secs] 
2016-02-21T14:34:43.510+0800: 504680.225: [GC [PSYoungGen: 1376848K->14048K(1379264K)] 3519070K->2156518K(4175488K), 0.0340650 secs] [Times: user=0.06 sys=0.00, real=0.04 secs] 
2016-02-21T14:35:36.805+0800: 504733.519: [GC [PSYoungGen: 1374688K->16624K(1379392K)] 3517158K->2159239K(4175616K), 0.0379030 secs] [Times: user=0.08 sys=0.00, real=0.04 secs] 
2016-02-21T14:36:33.866+0800: 504790.580: [GC [PSYoungGen: 1377328K->17600K(1378368K)] 3519943K->2160447K(4174592K), 0.0424460 secs] [Times: user=0.07 sys=0.00, real=0.04 secs] 
2016-02-21T14:37:32.334+0800: 504849.049: [GC [PSYoungGen: 1378304K->16512K(1379200K)] 3521151K->2159683K(4175424K), 0.0382920 secs] [Times: user=0.07 sys=0.00, real=0.04 secs] 
2016-02-21T14:38:31.073+0800: 504907.787: [GC [PSYoungGen: 1376704K->16448K(1379072K)] 3519875K->2159816K(4175296K), 0.0421320 secs] [Times: user=0.09 sys=0.00, real=0.04 secs] 
2016-02-21T14:39:32.809+0800: 504969.523: [GC [PSYoungGen: 1376640K->16528K(1379456K)] 3520008K->2160240K(4175680K), 0.0404160 secs] [Times: user=0.08 sys=0.01, real=0.04 secs] 
2016-02-21T14:40:25.670+0800: 505022.385: [GC [PSYoungGen: 1377232K->16272K(1379328K)] 3520944K->2160156K(4175552K), 0.0363290 secs] [Times: user=0.08 sys=0.00, real=0.04 secs] 
2016-02-21T14:41:21.426+0800: 505078.140: [GC [PSYoungGen: 1376976K->15648K(1379776K)] 3520860K->2159660K(4176000K), 0.0394260 secs] [Times: user=0.08 sys=0.00, real=0.04 secs] 
2016-02-21T14:42:18.497+0800: 505135.212: [GC [PSYoungGen: 1376992K->14784K(1379648K)] 3521004K->2159029K(4175872K), 0.0347490 secs] [Times: user=0.07 sys=0.00, real=0.04 secs] 
2016-02-21T14:43:15.339+0800: 505192.053: [GC [PSYoungGen: 1376128K->16304K(1379904K)] 3520373K->2160933K(4176128K), 0.0354820 secs] [Times: user=0.07 sys=0.00, real=0.04 secs] 
2016-02-21T14:44:06.432+0800: 505243.146: [GC [PSYoungGen: 1377904K->13584K(1375232K)] 3522533K->2158337K(4171456K), 0.0312360 secs] [Times: user=0.06 sys=0.00, real=0.03 secs] 
2016-02-21T14:44:58.904+0800: 505295.619: [GC [PSYoungGen: 1375184K->15792K(1379968K)] 3519937K->2160850K(4176192K), 0.0425160 secs] [Times: user=0.06 sys=0.00, real=0.04 secs] 
2016-02-21T14:45:52.844+0800: 505349.558: [GC [PSYoungGen: 1377392K->15824K(1379712K)] 3522450K->2161247K(4175936K), 0.0395770 secs] [Times: user=0.07 sys=0.00, real=0.04 secs] 
2016-02-21T14:46:50.458+0800: 505407.173: [GC [PSYoungGen: 1377424K->16385K(1380160K)] 3522847K->2162057K(4176384K), 0.0368510 secs] [Times: user=0.07 sys=0.00, real=0.03 secs] 
2016-02-21T14:47:53.586+0800: 505470.301: [GC [PSYoungGen: 1378625K->15168K(1380160K)] 3524297K->2161193K(4176384K), 0.0370110 secs] [Times: user=0.06 sys=0.01, real=0.03 secs] 
2016-02-21T14:48:55.896+0800: 505532.611: [GC [PSYoungGen: 1377408K->14400K(1380224K)] 3523433K->2160573K(4176448K), 0.0333680 secs] [Times: user=0.06 sys=0.00, real=0.04 secs] 
2016-02-21T14:50:01.952+0800: 505598.666: [GC [PSYoungGen: 1376768K->17552K(1379968K)] 3522941K->2163877K(4176192K), 0.0834290 secs] [Times: user=0.11 sys=0.00, real=0.08 secs] 
2016-02-21T14:50:56.158+0800: 505652.873: [GC [PSYoungGen: 1379920K->17664K(1378560K)] 3526245K->2164174K(4174784K), 0.0368290 secs] [Times: user=0.08 sys=0.00, real=0.04 secs] 
2016-02-21T14:51:48.715+0800: 505705.429: [GC [PSYoungGen: 1378112K->14224K(1379264K)] 3524622K->2161034K(4175488K), 0.0343090 secs] [Times: user=0.07 sys=0.00, real=0.04 secs] 
2016-02-21T14:52:46.324+0800: 505763.038: [GC [PSYoungGen: 1374672K->16464K(1379328K)] 3521482K->2163491K(4175552K), 0.0357630 secs] [Times: user=0.06 sys=0.00, real=0.03 secs] 
2016-02-21T14:53:37.742+0800: 505814.457: [GC [PSYoungGen: 1376976K->15072K(1379264K)] 3524003K->2162327K(4175488K), 0.0346290 secs] [Times: user=0.07 sys=0.00, real=0.03 secs] 
2016-02-21T14:54:35.664+0800: 505872.378: [GC [PSYoungGen: 1375584K->15920K(1379712K)] 3522839K->2163367K(4175936K), 0.0427350 secs] [Times: user=0.08 sys=0.00, real=0.04 secs] 
2016-02-21T14:55:29.259+0800: 505925.973: [GC [PSYoungGen: 1377008K->16992K(1379456K)] 3524455K->2164671K(4175680K), 0.0392160 secs] [Times: user=0.07 sys=0.00, real=0.04 secs] 
2016-02-21T14:56:22.567+0800: 505979.282: [GC [PSYoungGen: 1378080K->15792K(1379776K)] 3525759K->2163712K(4176000K), 0.0356070 secs] [Times: user=0.07 sys=0.00, real=0.04 secs] 
2016-02-21T14:57:21.644+0800: 506038.359: [GC [PSYoungGen: 1377008K->15952K(1379520K)] 3524928K->2164036K(4175744K), 0.0367840 secs] [Times: user=0.07 sys=0.00, real=0.04 secs] 
2016-02-21T14:58:18.156+0800: 506094.870: [GC [PSYoungGen: 1377168K->17280K(1379456K)] 3525252K->2165629K(4175680K), 0.0384180 secs] [Times: user=0.07 sys=0.01, real=0.03 secs] 
2016-02-21T14:59:10.758+0800: 506147.472: [GC [PSYoungGen: 1378624K->13632K(1375040K)] 3526973K->2162264K(4171264K), 0.0341820 secs] [Times: user=0.06 sys=0.01, real=0.04 secs] 
2016-02-21T15:00:08.198+0800: 506204.913: [GC [PSYoungGen: 1374976K->14976K(1379648K)] 3523608K->2163760K(4175872K), 0.0376250 secs] [Times: user=0.08 sys=0.00, real=0.04 secs] 
2016-02-21T15:00:56.484+0800: 506253.198: [GC [PSYoungGen: 1376064K->12864K(1374016K)] 3524848K->2161829K(4170240K), 0.0335420 secs] [Times: user=0.07 sys=0.00, real=0.04 secs] 
2016-02-21T15:01:45.129+0800: 506301.844: [GC [PSYoungGen: 1373952K->13920K(1379456K)] 3522917K->2163141K(4175680K), 0.0383920 secs] [Times: user=0.08 sys=0.00, real=0.04 secs] 
2016-02-21T15:02:36.308+0800: 506353.023: [GC [PSYoungGen: 1374688K->15615K(1379392K)] 3523909K->2164977K(4175616K), 0.0423640 secs] [Times: user=0.08 sys=0.00, real=0.04 secs] 
2016-02-21T15:03:28.479+0800: 506405.194: [GC [PSYoungGen: 1376383K->16112K(1379712K)] 3525745K->2165753K(4175936K), 0.0373610 secs] [Times: user=0.06 sys=0.00, real=0.04 secs] 
2016-02-21T15:04:25.759+0800: 506462.474: [GC [PSYoungGen: 1377456K->18224K(1379584K)] 3527097K->2168097K(4175808K), 0.0443970 secs] [Times: user=0.08 sys=0.00, real=0.05 secs] 
2016-02-21T15:05:13.636+0800: 506510.350: [GC [PSYoungGen: 1379568K->14880K(1378688K)] 3529441K->2165122K(4174912K), 0.0361740 secs] [Times: user=0.07 sys=0.01, real=0.04 secs] 
2016-02-21T15:06:07.421+0800: 506564.136: [GC [PSYoungGen: 1375072K->16096K(1379136K)] 3525314K->2166602K(4175360K), 0.0398820 secs] [Times: user=0.07 sys=0.00, real=0.04 secs] 
2016-02-21T15:07:00.034+0800: 506616.748: [GC [PSYoungGen: 1376288K->14192K(1379392K)] 3526794K->2164843K(4175616K), 0.0349610 secs] [Times: user=0.07 sys=0.00, real=0.03 secs] 
2016-02-21T15:07:56.458+0800: 506673.173: [GC [PSYoungGen: 1374832K->16112K(1379328K)] 3525483K->2167123K(4175552K), 0.0380270 secs] [Times: user=0.07 sys=0.00, real=0.04 secs] 
2016-02-21T15:08:51.817+0800: 506728.531: [GC [PSYoungGen: 1376752K->14640K(1379584K)] 3527763K->2166011K(4175808K), 0.0388440 secs] [Times: user=0.08 sys=0.00, real=0.03 secs] 
2016-02-21T15:09:47.845+0800: 506784.559: [GC [PSYoungGen: 1375600K->16560K(1379456K)] 3526971K->2168040K(4175680K), 0.0407530 secs] [Times: user=0.08 sys=0.00, real=0.04 secs] 
2016-02-21T15:10:42.671+0800: 506839.386: [GC [PSYoungGen: 1377520K->15888K(1379712K)] 3529000K->2167709K(4175936K), 0.0540960 secs] [Times: user=0.10 sys=0.00, real=0.05 secs] 
2016-02-21T15:11:40.312+0800: 506897.026: [GC [PSYoungGen: 1377040K->15616K(1379520K)] 3528861K->2167609K(4175744K), 0.0414890 secs] [Times: user=0.06 sys=0.00, real=0.04 secs] 
2016-02-21T15:12:33.957+0800: 506950.671: [GC [PSYoungGen: 1376768K->14208K(1379968K)] 3528761K->2166464K(4176192K), 0.0363470 secs] [Times: user=0.07 sys=0.00, real=0.04 secs] 
2016-02-21T15:13:24.654+0800: 507001.369: [GC [PSYoungGen: 1376064K->15664K(1379968K)] 3528320K->2168065K(4176192K), 0.0369590 secs] [Times: user=0.06 sys=0.00, real=0.04 secs] 
2016-02-21T15:14:15.627+0800: 507052.342: [GC [PSYoungGen: 1377520K->15296K(1380352K)] 3529921K->2167857K(4176576K), 0.0341630 secs] [Times: user=0.06 sys=0.00, real=0.03 secs] 
2016-02-21T15:15:13.441+0800: 507110.156: [GC [PSYoungGen: 1377728K->14784K(1380160K)] 3530289K->2167525K(4176384K), 0.0360640 secs] [Times: user=0.06 sys=0.00, real=0.03 secs] 
2016-02-21T15:16:04.954+0800: 507161.668: [GC [PSYoungGen: 1377216K->14480K(1380544K)] 3529957K->2167330K(4176768K), 0.0337720 secs] [Times: user=0.07 sys=0.00, real=0.03 secs] 
2016-02-21T15:17:04.926+0800: 507221.640: [GC [PSYoungGen: 1377424K->17472K(1380480K)] 3530274K->2170446K(4176704K), 0.0384340 secs] [Times: user=0.07 sys=0.00, real=0.04 secs] 
2016-02-21T15:18:04.229+0800: 507280.944: [GC [PSYoungGen: 1380416K->16720K(1379072K)] 3533390K->2170082K(4175296K), 0.0409950 secs] [Times: user=0.07 sys=0.00, real=0.04 secs] 
2016-02-21T15:18:55.417+0800: 507332.132: [GC [PSYoungGen: 1378192K->13920K(1375424K)] 3531554K->2167655K(4171648K), 0.0349210 secs] [Times: user=0.06 sys=0.00, real=0.03 secs] 
2016-02-21T15:19:46.074+0800: 507382.789: [GC [PSYoungGen: 1375392K->12528K(1379328K)] 3529127K->2166386K(4175552K), 0.0396610 secs] [Times: user=0.09 sys=0.00, real=0.04 secs] 
2016-02-21T15:20:36.309+0800: 507433.023: [GC [PSYoungGen: 1373488K->12800K(1373760K)] 3527346K->2166855K(4169984K), 0.0383720 secs] [Times: user=0.08 sys=0.00, real=0.04 secs] 
2016-02-21T15:21:28.702+0800: 507485.417: [GC [PSYoungGen: 1373760K->14592K(1379776K)] 3527815K->2168835K(4176000K), 0.0329160 secs] [Times: user=0.07 sys=0.00, real=0.03 secs] 
2016-02-21T15:22:25.264+0800: 507541.978: [GC [PSYoungGen: 1375744K->14912K(1379456K)] 3529987K->2169472K(4175680K), 0.0345700 secs] [Times: user=0.07 sys=0.00, real=0.04 secs] 
2016-02-21T15:23:20.042+0800: 507596.757: [GC [PSYoungGen: 1376064K->16624K(1379456K)] 3530624K->2171469K(4175680K), 0.0367920 secs] [Times: user=0.08 sys=0.00, real=0.03 secs] 
2016-02-21T15:24:18.588+0800: 507655.303: [GC [PSYoungGen: 1378096K->18288K(1379776K)] 3532941K->2174671K(4176000K), 0.0417830 secs] [Times: user=0.07 sys=0.00, real=0.04 secs] 
2016-02-21T15:25:10.395+0800: 507707.109: [GC [PSYoungGen: 1379760K->13040K(1376832K)] 3536143K->2169595K(4173056K), 0.0324280 secs] [Times: user=0.06 sys=0.00, real=0.03 secs] 
2016-02-21T15:26:02.188+0800: 507758.902: [GC [PSYoungGen: 1371568K->15792K(1378304K)] 3528123K->2172611K(4174528K), 0.0412720 secs] [Times: user=0.08 sys=0.00, real=0.04 secs] 
2016-02-21T15:26:52.653+0800: 507809.367: [GC [PSYoungGen: 1374320K->14736K(1378880K)] 3531139K->2171808K(4175104K), 0.0444700 secs] [Times: user=0.09 sys=0.00, real=0.05 secs] 
2016-02-21T15:27:41.083+0800: 507857.797: [GC [PSYoungGen: 1374096K->13696K(1378560K)] 3531168K->2171049K(4174784K), 0.0344720 secs] [Times: user=0.06 sys=0.00, real=0.04 secs] 
2016-02-21T15:28:30.443+0800: 507907.157: [GC [PSYoungGen: 1373056K->15744K(1379136K)] 3530409K->2173241K(4175360K), 0.0360900 secs] [Times: user=0.07 sys=0.00, real=0.03 secs] 
2016-02-21T15:29:19.531+0800: 507956.246: [GC [PSYoungGen: 1375808K->15184K(1379008K)] 3533305K->2173086K(4175232K), 0.0503590 secs] [Times: user=0.09 sys=0.00, real=0.05 secs] 
2016-02-21T15:30:08.784+0800: 508005.499: [GC [PSYoungGen: 1375248K->15825K(1379648K)] 3533150K->2174267K(4175872K), 0.0406670 secs] [Times: user=0.08 sys=0.00, real=0.04 secs] 
2016-02-21T15:31:01.440+0800: 508058.154: [GC [PSYoungGen: 1376913K->17136K(1378240K)] 3535355K->2175890K(4174464K), 0.0489200 secs] [Times: user=0.09 sys=0.00, real=0.04 secs] 
2016-02-21T15:31:52.045+0800: 508108.759: [GC [PSYoungGen: 1378224K->15856K(1379456K)] 3536978K->2175023K(4175680K), 0.0368300 secs] [Times: user=0.07 sys=0.00, real=0.04 secs] 
2016-02-21T15:32:39.447+0800: 508156.161: [GC [PSYoungGen: 1376496K->13664K(1379264K)] 3535663K->2173071K(4175488K), 0.0330410 secs] [Times: user=0.07 sys=0.00, real=0.03 secs] 
2016-02-21T15:33:35.201+0800: 508211.915: [GC [PSYoungGen: 1374304K->15696K(1379648K)] 3533711K->2175327K(4175872K), 0.0366020 secs] [Times: user=0.07 sys=0.00, real=0.03 secs] 
2016-02-21T15:34:26.586+0800: 508263.301: [GC [PSYoungGen: 1376720K->15872K(1379456K)] 3536351K->2175804K(4175680K), 0.0416820 secs] [Times: user=0.08 sys=0.00, real=0.05 secs] 
2016-02-21T15:35:17.415+0800: 508314.130: [GC [PSYoungGen: 1376896K->14496K(1379904K)] 3536828K->2174808K(4176128K), 0.0351410 secs] [Times: user=0.06 sys=0.00, real=0.04 secs] 
2016-02-21T15:36:14.828+0800: 508371.543: [GC [PSYoungGen: 1376032K->16192K(1379712K)] 3536344K->2176645K(4175936K), 0.0409750 secs] [Times: user=0.06 sys=0.00, real=0.04 secs] 
2016-02-21T15:37:06.671+0800: 508423.385: [GC [PSYoungGen: 1377728K->17360K(1378944K)] 3538181K->2178090K(4175168K), 0.0363860 secs] [Times: user=0.07 sys=0.00, real=0.03 secs] 
2016-02-21T15:38:04.378+0800: 508481.093: [GC [PSYoungGen: 1378064K->15920K(1379392K)] 3538794K->2177002K(4175616K), 0.0367980 secs] [Times: user=0.07 sys=0.00, real=0.03 secs] 
2016-02-21T15:39:01.495+0800: 508538.209: [GC [PSYoungGen: 1376624K->16144K(1379648K)] 3537706K->2177434K(4175872K), 0.0473910 secs] [Times: user=0.08 sys=0.00, real=0.05 secs] 
2016-02-21T15:39:50.050+0800: 508586.764: [GC [PSYoungGen: 1377296K->14528K(1379584K)] 3538586K->2175951K(4175808K), 0.0376320 secs] [Times: user=0.08 sys=0.00, real=0.03 secs] 
2016-02-21T15:40:46.834+0800: 508643.548: [GC [PSYoungGen: 1375680K->17392K(1378944K)] 3537103K->2179071K(4175168K), 0.0422750 secs] [Times: user=0.08 sys=0.00, real=0.05 secs] 
2016-02-21T15:41:44.596+0800: 508701.311: [GC [PSYoungGen: 1377968K->16561K(1379328K)] 3539647K->2178540K(4175552K), 0.0419960 secs] [Times: user=0.07 sys=0.00, real=0.04 secs] 
2016-02-21T15:42:34.734+0800: 508751.448: [GC [PSYoungGen: 1377137K->15392K(1379520K)] 3539116K->2177820K(4175744K), 0.0418900 secs] [Times: user=0.08 sys=0.00, real=0.05 secs] 
2016-02-21T15:43:30.516+0800: 508807.230: [GC [PSYoungGen: 1376160K->14992K(1379328K)] 3538588K->2177576K(4175552K), 0.0353510 secs] [Times: user=0.07 sys=0.00, real=0.04 secs] 
2016-02-21T15:44:22.521+0800: 508859.235: [GC [PSYoungGen: 1375760K->16480K(1379584K)] 3538344K->2179217K(4175808K), 0.0422790 secs] [Times: user=0.07 sys=0.00, real=0.04 secs] 
2016-02-21T15:45:16.448+0800: 508913.162: [GC [PSYoungGen: 1377696K->15920K(1379648K)] 3540433K->2178897K(4175872K), 0.0375740 secs] [Times: user=0.07 sys=0.00, real=0.03 secs] 
2016-02-21T15:46:01.650+0800: 508958.364: [GC [PSYoungGen: 1377136K->13056K(1379456K)] 3540113K->2176313K(4175680K), 0.0342470 secs] [Times: user=0.07 sys=0.00, real=0.04 secs] 
2016-02-21T15:46:50.029+0800: 509006.743: [GC [PSYoungGen: 1374272K->15914K(1379648K)] 3537529K->2179308K(4175872K), 0.0363420 secs] [Times: user=0.07 sys=0.00, real=0.04 secs] 
2016-02-21T15:47:38.174+0800: 509054.888: [GC [PSYoungGen: 1377130K->15360K(1380032K)] 3540524K->2179047K(4176256K), 0.0356870 secs] [Times: user=0.06 sys=0.00, real=0.04 secs] 
2016-02-21T15:48:32.020+0800: 509108.735: [GC [PSYoungGen: 1377088K->18016K(1379776K)] 3540775K->2182335K(4176000K), 0.0412060 secs] [Times: user=0.08 sys=0.00, real=0.04 secs] 
2016-02-21T15:49:20.274+0800: 509156.988: [GC [PSYoungGen: 1379744K->15264K(1378880K)] 3544063K->2179883K(4175104K), 0.0357220 secs] [Times: user=0.08 sys=0.00, real=0.03 secs] 
2016-02-21T15:50:10.319+0800: 509207.033: [GC [PSYoungGen: 1375840K->15968K(1379328K)] 3540459K->2181004K(4175552K), 0.0410910 secs] [Times: user=0.08 sys=0.00, real=0.05 secs] 
2016-02-21T15:51:08.395+0800: 509265.109: [GC [PSYoungGen: 1376544K->16160K(1379712K)] 3541580K->2181489K(4175936K), 0.0375150 secs] [Times: user=0.08 sys=0.00, real=0.04 secs] 
2016-02-21T15:52:06.249+0800: 509322.964: [GC [PSYoungGen: 1377376K->18344K(1379584K)] 3542705K->2184678K(4175808K), 0.0390650 secs] [Times: user=0.07 sys=0.00, real=0.04 secs] 
2016-02-21T15:52:58.361+0800: 509375.076: [GC [PSYoungGen: 1379560K->13808K(1377536K)] 3545894K->2180526K(4173760K), 0.0367330 secs] [Times: user=0.07 sys=0.00, real=0.03 secs] 
2016-02-21T15:53:46.118+0800: 509422.832: [GC [PSYoungGen: 1372848K->15792K(1378560K)] 3539566K->2182747K(4174784K), 0.0417950 secs] [Times: user=0.06 sys=0.00, real=0.04 secs] 
2016-02-21T15:54:35.454+0800: 509472.169: [GC [PSYoungGen: 1374832K->16240K(1379072K)] 3541787K->2183439K(4175296K), 0.0364190 secs] [Times: user=0.07 sys=0.01, real=0.03 secs] 
2016-02-21T15:55:22.496+0800: 509519.211: [GC [PSYoungGen: 1376112K->15040K(1378880K)] 3543311K->2182480K(4175104K), 0.0359290 secs] [Times: user=0.06 sys=0.00, real=0.04 secs] 
2016-02-21T15:56:15.684+0800: 509572.398: [GC [PSYoungGen: 1374912K->15648K(1379520K)] 3542352K->2183368K(4175744K), 0.0351260 secs] [Times: user=0.06 sys=0.00, real=0.04 secs] 
2016-02-21T15:57:08.026+0800: 509624.740: [GC [PSYoungGen: 1376352K->15712K(1379264K)] 3544072K->2183680K(4175488K), 0.0374060 secs] [Times: user=0.07 sys=0.00, real=0.03 secs] 
2016-02-21T15:58:09.823+0800: 509686.537: [GC [PSYoungGen: 1376416K->16656K(1379712K)] 3544384K->2184868K(4175936K), 0.0411510 secs] [Times: user=0.08 sys=0.00, real=0.04 secs] 
2016-02-21T15:58:59.167+0800: 509735.881: [GC [PSYoungGen: 1378000K->14576K(1379712K)] 3546212K->2182920K(4175936K), 0.0407300 secs] [Times: user=0.08 sys=0.00, real=0.04 secs] 
2016-02-21T15:59:53.470+0800: 509790.185: [GC [PSYoungGen: 1375920K->15632K(1379904K)] 3544264K->2184357K(4176128K), 0.0448390 secs] [Times: user=0.08 sys=0.00, real=0.05 secs] 
2016-02-21T16:00:44.988+0800: 509841.703: [GC [PSYoungGen: 1377168K->15936K(1379712K)] 3545893K->2185030K(4175936K), 0.0378620 secs] [Times: user=0.07 sys=0.00, real=0.03 secs] 
2016-02-21T16:01:26.260+0800: 509882.974: [GC [PSYoungGen: 1377472K->11808K(1379200K)] 3546566K->2181255K(4175424K), 0.0346890 secs] [Times: user=0.06 sys=0.00, real=0.03 secs] 
2016-02-21T16:02:20.688+0800: 509937.402: [GC [PSYoungGen: 1373024K->16320K(1377600K)] 3542471K->2185982K(4173824K), 0.0491620 secs] [Times: user=0.08 sys=0.00, real=0.05 secs] 
2016-02-21T16:03:11.143+0800: 509987.857: [GC [PSYoungGen: 1377536K->15792K(1379776K)] 3547198K->2185783K(4176000K), 0.0412470 secs] [Times: user=0.08 sys=0.00, real=0.04 secs] 
2016-02-21T16:04:10.516+0800: 510047.231: [GC [PSYoungGen: 1377072K->16736K(1379584K)] 3547063K->2186967K(4175808K), 0.0387490 secs] [Times: user=0.07 sys=0.00, real=0.03 secs] 
2016-02-21T16:04:58.260+0800: 510094.975: [GC [PSYoungGen: 1378016K->16352K(1379648K)] 3548247K->2186947K(4175872K), 0.0358270 secs] [Times: user=0.07 sys=0.00, real=0.04 secs] 
2016-02-21T16:05:52.681+0800: 510149.395: [GC [PSYoungGen: 1377504K->15712K(1379584K)] 3548099K->2186536K(4175808K), 0.0461040 secs] [Times: user=0.09 sys=0.00, real=0.04 secs] 
2016-02-21T16:06:46.694+0800: 510203.408: [GC [PSYoungGen: 1376864K->17472K(1379008K)] 3547688K->2188613K(4175232K), 0.0396920 secs] [Times: user=0.07 sys=0.00, real=0.04 secs] 
2016-02-21T16:07:40.658+0800: 510257.372: [GC [PSYoungGen: 1378304K->16224K(1379456K)] 3549445K->2187649K(4175680K), 0.0364550 secs] [Times: user=0.08 sys=0.00, real=0.04 secs] 
2016-02-21T16:08:36.984+0800: 510313.699: [GC [PSYoungGen: 1377056K->17712K(1378752K)] 3548481K->2189386K(4174976K), 0.0472930 secs] [Times: user=0.09 sys=0.00, real=0.04 secs] 
2016-02-21T16:09:31.582+0800: 510368.297: [GC [PSYoungGen: 1378032K->14832K(1379200K)] 3549706K->2187014K(4175424K), 0.0354010 secs] [Times: user=0.07 sys=0.00, real=0.04 secs] 
2016-02-21T16:10:20.885+0800: 510417.600: [GC [PSYoungGen: 1375152K->16064K(1379520K)] 3547334K->2188543K(4175744K), 0.0429930 secs] [Times: user=0.08 sys=0.00, real=0.04 secs] 
2016-02-21T16:11:17.578+0800: 510474.292: [GC [PSYoungGen: 1376768K->17664K(1378432K)] 3549247K->2190439K(4174656K), 0.0381720 secs] [Times: user=0.07 sys=0.00, real=0.04 secs] 
2016-02-21T16:12:12.325+0800: 510529.039: [GC [PSYoungGen: 1378368K->16961K(1379136K)] 3551143K->2189873K(4175360K), 0.0390760 secs] [Times: user=0.08 sys=0.00, real=0.04 secs] 
2016-02-21T16:13:11.436+0800: 510588.150: [GC [PSYoungGen: 1377153K->17744K(1377984K)] 3550065K->2191217K(4174208K), 0.0469030 secs] [Times: user=0.08 sys=0.00, real=0.04 secs] 
2016-02-21T16:14:06.105+0800: 510642.819: [GC [PSYoungGen: 1377936K->15920K(1379008K)] 3551409K->2189525K(4175232K), 0.0514210 secs] [Times: user=0.11 sys=0.01, real=0.05 secs] 
2016-02-21T16:14:54.247+0800: 510690.961: [GC [PSYoungGen: 1375664K->17560K(1378816K)] 3549269K->2191478K(4175040K), 0.0384940 secs] [Times: user=0.07 sys=0.00, real=0.04 secs] 
2016-02-21T16:15:36.453+0800: 510733.168: [GC [PSYoungGen: 1377304K->14752K(1378752K)] 3551222K->2188922K(4174976K), 0.0358440 secs] [Times: user=0.07 sys=0.00, real=0.04 secs] 
2016-02-21T16:16:26.294+0800: 510783.008: [GC [PSYoungGen: 1374304K->16272K(1378816K)] 3548474K->2190562K(4175040K), 0.0362590 secs] [Times: user=0.07 sys=0.00, real=0.03 secs] 
2016-02-21T16:17:15.873+0800: 510832.587: [GC [PSYoungGen: 1375824K->14432K(1379008K)] 3550114K->2188930K(4175232K), 0.0371890 secs] [Times: user=0.07 sys=0.00, real=0.04 secs] 
2016-02-21T16:18:03.835+0800: 510880.549: [GC [PSYoungGen: 1374496K->16528K(1379072K)] 3548994K->2191218K(4175296K), 0.0384910 secs] [Times: user=0.07 sys=0.00, real=0.04 secs] 
2016-02-21T16:18:53.125+0800: 510929.839: [GC [PSYoungGen: 1376592K->17600K(1378688K)] 3551282K->2192543K(4174912K), 0.0378880 secs] [Times: user=0.07 sys=0.00, real=0.04 secs] 
2016-02-21T16:19:44.165+0800: 510980.879: [GC [PSYoungGen: 1377408K->17024K(1378944K)] 3552351K->2192307K(4175168K), 0.0432130 secs] [Times: user=0.08 sys=0.00, real=0.05 secs] 
2016-02-21T16:20:34.587+0800: 511031.301: [GC [PSYoungGen: 1376832K->14768K(1378944K)] 3552115K->2190467K(4175168K), 0.0361770 secs] [Times: user=0.06 sys=0.01, real=0.03 secs] 
2016-02-21T16:21:22.312+0800: 511079.027: [GC [PSYoungGen: 1374576K->13952K(1373760K)] 3550275K->2189975K(4169984K), 0.0343230 secs] [Times: user=0.06 sys=0.00, real=0.03 secs] 
2016-02-21T16:22:11.317+0800: 511128.032: [GC [PSYoungGen: 1373760K->16816K(1378880K)] 3549783K->2193007K(4175104K), 0.0388960 secs] [Times: user=0.07 sys=0.00, real=0.04 secs] 
2016-02-21T16:22:56.625+0800: 511173.340: [GC [PSYoungGen: 1376496K->15184K(1378880K)] 3552687K->2191588K(4175104K), 0.0338240 secs] [Times: user=0.07 sys=0.00, real=0.04 secs] 
2016-02-21T16:23:44.747+0800: 511221.462: [GC [PSYoungGen: 1374864K->15696K(1379264K)] 3551268K->2192456K(4175488K), 0.0360620 secs] [Times: user=0.08 sys=0.00, real=0.03 secs] 
2016-02-21T16:24:40.818+0800: 511277.533: [GC [PSYoungGen: 1375888K->18528K(1378752K)] 3552648K->2195568K(4174976K), 0.0517370 secs] [Times: user=0.09 sys=0.00, real=0.05 secs] 
2016-02-21T16:25:33.024+0800: 511329.738: [GC [PSYoungGen: 1378720K->16672K(1378752K)] 3555760K->2193961K(4174976K), 0.0365820 secs] [Times: user=0.06 sys=0.01, real=0.04 secs] 
2016-02-21T16:26:28.435+0800: 511385.149: [GC [PSYoungGen: 1376096K->19312K(1378752K)] 3553385K->2197026K(4174976K), 0.0442380 secs] [Times: user=0.08 sys=0.00, real=0.04 secs] 
2016-02-21T16:27:23.310+0800: 511440.024: [GC [PSYoungGen: 1378736K->18016K(1376448K)] 3556450K->2196187K(4172672K), 0.0446090 secs] [Times: user=0.08 sys=0.00, real=0.04 secs] 
2016-02-21T16:28:16.731+0800: 511493.446: [GC [PSYoungGen: 1375136K->17712K(1377600K)] 3553307K->2196083K(4173824K), 0.0424160 secs] [Times: user=0.07 sys=0.00, real=0.04 secs] 
2016-02-21T16:29:09.754+0800: 511546.469: [GC [PSYoungGen: 1374832K->14821K(1377664K)] 3553203K->2193341K(4173888K), 0.0415090 secs] [Times: user=0.08 sys=0.00, real=0.04 secs] 
2016-02-21T16:30:01.634+0800: 511598.349: [GC [PSYoungGen: 1372005K->17040K(1377600K)] 3550525K->2195949K(4173824K), 0.0413150 secs] [Times: user=0.08 sys=0.00, real=0.04 secs] 
2016-02-21T16:30:47.093+0800: 511643.808: [GC [PSYoungGen: 1374224K->15040K(1377920K)] 3553133K->2194259K(4174144K), 0.0386850 secs] [Times: user=0.07 sys=0.00, real=0.04 secs] 
2016-02-21T16:31:37.705+0800: 511694.419: [GC [PSYoungGen: 1372736K->13312K(1371008K)] 3551955K->2192763K(4167232K), 0.0363590 secs] [Times: user=0.07 sys=0.00, real=0.03 secs] 
2016-02-21T16:32:26.283+0800: 511742.997: [GC [PSYoungGen: 1371008K->15072K(1377984K)] 3550459K->2194635K(4174208K), 0.0359130 secs] [Times: user=0.06 sys=0.00, real=0.03 secs] 
2016-02-21T16:33:17.945+0800: 511794.659: [GC [PSYoungGen: 1372704K->17089K(1377728K)] 3552267K->2196925K(4173952K), 0.0431500 secs] [Times: user=0.09 sys=0.00, real=0.05 secs] 
2016-02-21T16:34:07.657+0800: 511844.371: [GC [PSYoungGen: 1374721K->16352K(1378304K)] 3554557K->2196601K(4174528K), 0.0378420 secs] [Times: user=0.07 sys=0.00, real=0.03 secs] 
2016-02-21T16:35:02.342+0800: 511899.056: [GC [PSYoungGen: 1374560K->17328K(1377984K)] 3554809K->2197914K(4174208K), 0.0402510 secs] [Times: user=0.08 sys=0.00, real=0.04 secs] 
2016-02-21T16:35:55.980+0800: 511952.694: [GC [PSYoungGen: 1375536K->16640K(1378496K)] 3556122K->2197603K(4174720K), 0.0461350 secs] [Times: user=0.10 sys=0.00, real=0.04 secs] 
2016-02-21T16:36:49.047+0800: 512005.761: [GC [PSYoungGen: 1375296K->15920K(1378240K)] 3556259K->2197051K(4174464K), 0.0363200 secs] [Times: user=0.07 sys=0.00, real=0.03 secs] 
2016-02-21T16:37:32.713+0800: 512049.427: [GC [PSYoungGen: 1374576K->15776K(1378944K)] 3555707K->2197235K(4175168K), 0.0437010 secs] [Times: user=0.08 sys=0.00, real=0.04 secs] 
2016-02-21T16:38:22.627+0800: 512099.341: [GC [PSYoungGen: 1375392K->16912K(1378752K)] 3556851K->2198668K(4174976K), 0.0402260 secs] [Times: user=0.07 sys=0.00, real=0.04 secs] 
2016-02-21T16:39:07.109+0800: 512143.824: [GC [PSYoungGen: 1376528K->13968K(1378752K)] 3558284K->2196112K(4174976K), 0.0333910 secs] [Times: user=0.06 sys=0.00, real=0.03 secs] 
2016-02-21T16:40:00.702+0800: 512197.416: [GC [PSYoungGen: 1373648K->16096K(1378880K)] 3555792K->2198389K(4175104K), 0.0406020 secs] [Times: user=0.09 sys=0.00, real=0.04 secs] 
2016-02-21T16:40:47.082+0800: 512243.796: [GC [PSYoungGen: 1375776K->16080K(1379456K)] 3558069K->2198594K(4175680K), 0.0403270 secs] [Times: user=0.07 sys=0.00, real=0.04 secs] 
2016-02-21T16:41:34.498+0800: 512291.213: [GC [PSYoungGen: 1376592K->16992K(1379136K)] 3559106K->2199823K(4175360K), 0.0394150 secs] [Times: user=0.07 sys=0.00, real=0.04 secs] 
2016-02-21T16:42:21.084+0800: 512337.798: [GC [PSYoungGen: 1377504K->15200K(1379456K)] 3560335K->2198440K(4175680K), 0.0422590 secs] [Times: user=0.08 sys=0.00, real=0.04 secs] 
2016-02-21T16:43:09.882+0800: 512386.597: [GC [PSYoungGen: 1375968K->16752K(1379392K)] 3559208K->2200388K(4175616K), 0.0444360 secs] [Times: user=0.08 sys=0.00, real=0.04 secs] 
2016-02-21T16:43:56.134+0800: 512432.848: [GC [PSYoungGen: 1377520K->16224K(1379648K)] 3561156K->2200102K(4175872K), 0.0387160 secs] [Times: user=0.07 sys=0.00, real=0.04 secs] 
2016-02-21T16:44:36.058+0800: 512472.773: [GC [PSYoungGen: 1377248K->14352K(1379456K)] 3561126K->2198444K(4175680K), 0.0346300 secs] [Times: user=0.06 sys=0.00, real=0.03 secs] 
2016-02-21T16:45:17.283+0800: 512513.998: [GC [PSYoungGen: 1375376K->14496K(1379584K)] 3559468K->2198781K(4175808K), 0.0340510 secs] [Times: user=0.07 sys=0.00, real=0.04 secs] 
2016-02-21T16:46:06.488+0800: 512563.203: [GC [PSYoungGen: 1375584K->17280K(1378432K)] 3559869K->2201949K(4174656K), 0.0386090 secs] [Times: user=0.07 sys=0.00, real=0.03 secs] 
2016-02-21T16:46:59.213+0800: 512615.927: [GC [PSYoungGen: 1378368K->15344K(1379456K)] 3563037K->2200293K(4175680K), 0.0366900 secs] [Times: user=0.07 sys=0.00, real=0.04 secs] 
2016-02-21T16:47:48.003+0800: 512664.717: [GC [PSYoungGen: 1376048K->15584K(1379328K)] 3560997K->2200890K(4175552K), 0.0363400 secs] [Times: user=0.07 sys=0.00, real=0.04 secs] 
2016-02-21T16:48:39.016+0800: 512715.730: [GC [PSYoungGen: 1376288K->15040K(1379776K)] 3561594K->2200699K(4176000K), 0.0355380 secs] [Times: user=0.07 sys=0.00, real=0.03 secs] 
2016-02-21T16:49:30.376+0800: 512767.091: [GC [PSYoungGen: 1376448K->16176K(1379712K)] 3562107K->2202036K(4175936K), 0.0400990 secs] [Times: user=0.08 sys=0.00, real=0.04 secs] 
2016-02-21T16:50:20.474+0800: 512817.189: [GC [PSYoungGen: 1377584K->17328K(1379264K)] 3563444K->2203503K(4175488K), 0.0470290 secs] [Times: user=0.07 sys=0.00, real=0.04 secs] 
2016-02-21T16:51:04.260+0800: 512860.974: [GC [PSYoungGen: 1378416K->14672K(1379584K)] 3564591K->2201084K(4175808K), 0.0349560 secs] [Times: user=0.06 sys=0.00, real=0.03 secs] 
2016-02-21T16:51:52.285+0800: 512908.999: [GC [PSYoungGen: 1375760K->14096K(1379584K)] 3562172K->2200800K(4175808K), 0.0416740 secs] [Times: user=0.08 sys=0.00, real=0.04 secs] 
2016-02-21T16:52:41.670+0800: 512958.384: [GC [PSYoungGen: 1375184K->14432K(1379584K)] 3561888K->2201452K(4175808K), 0.0415580 secs] [Times: user=0.08 sys=0.00, real=0.04 secs] 
2016-02-21T16:53:32.080+0800: 513008.795: [GC [PSYoungGen: 1375520K->16336K(1379648K)] 3562540K->2203533K(4175872K), 0.0367370 secs] [Times: user=0.07 sys=0.00, real=0.03 secs] 
2016-02-21T16:54:17.534+0800: 513054.249: [GC [PSYoungGen: 1377552K->14384K(1379648K)] 3564749K->2202106K(4175872K), 0.0422660 secs] [Times: user=0.07 sys=0.01, real=0.04 secs] 
2016-02-21T16:55:03.638+0800: 513100.352: [GC [PSYoungGen: 1375600K->15952K(1379840K)] 3563322K->2203915K(4176064K), 0.0346960 secs] [Times: user=0.07 sys=0.00, real=0.03 secs] 
2016-02-21T16:55:48.199+0800: 513144.914: [GC [PSYoungGen: 1377424K->16752K(1378240K)] 3565387K->2204979K(4174464K), 0.0387040 secs] [Times: user=0.08 sys=0.00, real=0.04 secs] 
2016-02-21T16:56:39.632+0800: 513196.346: [GC [PSYoungGen: 1378224K->16352K(1379648K)] 3566451K->2204888K(4175872K), 0.0391370 secs] [Times: user=0.07 sys=0.00, real=0.03 secs] 
2016-02-21T16:57:30.229+0800: 513246.943: [GC [PSYoungGen: 1377568K->15984K(1379648K)] 3566104K->2204887K(4175872K), 0.0361270 secs] [Times: user=0.07 sys=0.00, real=0.03 secs] 
2016-02-21T16:58:11.703+0800: 513288.418: [GC [PSYoungGen: 1377200K->14656K(1379904K)] 3566103K->2203784K(4176128K), 0.0339710 secs] [Times: user=0.07 sys=0.00, real=0.04 secs] 
2016-02-21T16:58:55.748+0800: 513332.463: [GC [PSYoungGen: 1376320K->14272K(1379840K)] 3565448K->2203749K(4176064K), 0.0359660 secs] [Times: user=0.07 sys=0.00, real=0.04 secs] 
2016-02-21T16:59:43.715+0800: 513380.429: [GC [PSYoungGen: 1375936K->15840K(1380032K)] 3565413K->2205649K(4176256K), 0.0371140 secs] [Times: user=0.08 sys=0.00, real=0.04 secs] 
2016-02-21T17:00:29.302+0800: 513426.017: [GC [PSYoungGen: 1377696K->14304K(1379904K)] 3567505K->2204257K(4176128K), 0.0364340 secs] [Times: user=0.07 sys=0.00, real=0.04 secs] 
2016-02-21T17:01:17.553+0800: 513474.268: [GC [PSYoungGen: 1376160K->15344K(1380352K)] 3566113K->2205741K(4176576K), 0.0410060 secs] [Times: user=0.08 sys=0.01, real=0.04 secs] 
2016-02-21T17:02:08.306+0800: 513525.021: [GC [PSYoungGen: 1377712K->16144K(1380096K)] 3568109K->2206737K(4176320K), 0.0385440 secs] [Times: user=0.07 sys=0.00, real=0.04 secs] 
2016-02-21T17:02:57.486+0800: 513574.201: [GC [PSYoungGen: 1378512K->16000K(1380352K)] 3569105K->2206729K(4176576K), 0.0359580 secs] [Times: user=0.07 sys=0.00, real=0.04 secs] 
2016-02-21T17:03:41.811+0800: 513618.526: [GC [PSYoungGen: 1378560K->15344K(1380288K)] 3569289K->2206379K(4176512K), 0.0354490 secs] [Times: user=0.07 sys=0.00, real=0.04 secs] 
2016-02-21T17:04:27.109+0800: 513663.823: [GC [PSYoungGen: 1377904K->14784K(1380608K)] 3568939K->2206164K(4176832K), 0.0418520 secs] [Times: user=0.08 sys=0.00, real=0.04 secs] 
2016-02-21T17:05:11.066+0800: 513707.781: [GC [PSYoungGen: 1377792K->13984K(1380480K)] 3569172K->2205548K(4176704K), 0.0390160 secs] [Times: user=0.08 sys=0.00, real=0.04 secs] 
2016-02-21T17:05:53.142+0800: 513749.856: [GC [PSYoungGen: 1376992K->13296K(1380288K)] 3568556K->2205104K(4176512K), 0.0316360 secs] [Times: user=0.06 sys=0.00, real=0.03 secs] 
2016-02-21T17:06:42.064+0800: 513798.778: [GC [PSYoungGen: 1376048K->16272K(1379072K)] 3567856K->2208389K(4175296K), 0.0409550 secs] [Times: user=0.08 sys=0.00, real=0.04 secs] 
2016-02-21T17:07:29.767+0800: 513846.481: [GC [PSYoungGen: 1379024K->16992K(1379456K)] 3571141K->2209289K(4175680K), 0.0396760 secs] [Times: user=0.07 sys=0.00, real=0.04 secs] 
2016-02-21T17:08:22.229+0800: 513898.943: [GC [PSYoungGen: 1378592K->16336K(1377984K)] 3570889K->2208985K(4174208K), 0.0462480 secs] [Times: user=0.09 sys=0.00, real=0.04 secs] 
2016-02-21T17:09:09.651+0800: 513946.366: [GC [PSYoungGen: 1377936K->15584K(1380032K)] 3570585K->2208469K(4176256K), 0.0377970 secs] [Times: user=0.08 sys=0.00, real=0.04 secs] 
2016-02-21T17:09:55.777+0800: 513992.491: [GC [PSYoungGen: 1377312K->14976K(1379776K)] 3570197K->2208053K(4176000K), 0.0434060 secs] [Times: user=0.08 sys=0.01, real=0.05 secs] 
2016-02-21T17:10:42.298+0800: 514039.012: [GC [PSYoungGen: 1376704K->15136K(1380352K)] 3569781K->2208497K(4176576K), 0.0343510 secs] [Times: user=0.07 sys=0.00, real=0.03 secs] 
2016-02-21T17:11:31.547+0800: 514088.261: [GC [PSYoungGen: 1377568K->14736K(1380160K)] 3570929K->2208481K(4176384K), 0.0359310 secs] [Times: user=0.07 sys=0.00, real=0.03 secs] 
2016-02-21T17:12:15.506+0800: 514132.221: [GC [PSYoungGen: 1377168K->15472K(1380672K)] 3570913K->2209381K(4176896K), 0.0355100 secs] [Times: user=0.07 sys=0.00, real=0.04 secs] 
2016-02-21T17:13:09.567+0800: 514186.281: [GC [PSYoungGen: 1378544K->16976K(1380096K)] 3572453K->2211010K(4176320K), 0.0377190 secs] [Times: user=0.06 sys=0.00, real=0.04 secs] 
2016-02-21T17:14:01.148+0800: 514237.862: [GC [PSYoungGen: 1380048K->17456K(1379264K)] 3574082K->2211735K(4175488K), 0.0812490 secs] [Times: user=0.13 sys=0.00, real=0.08 secs] 
2016-02-21T17:14:48.018+0800: 514284.733: [GC [PSYoungGen: 1378928K->16224K(1379776K)] 3573207K->2210907K(4176000K), 0.0419600 secs] [Times: user=0.07 sys=0.00, real=0.04 secs] 
2016-02-21T17:15:35.924+0800: 514332.639: [GC [PSYoungGen: 1377696K->13856K(1379712K)] 3572379K->2208832K(4175936K), 0.0345310 secs] [Times: user=0.07 sys=0.00, real=0.03 secs] 
2016-02-21T17:16:24.548+0800: 514381.262: [GC [PSYoungGen: 1375328K->14976K(1379776K)] 3570304K->2210084K(4176000K), 0.0341880 secs] [Times: user=0.07 sys=0.00, real=0.04 secs] 
2016-02-21T17:17:11.383+0800: 514428.097: [GC [PSYoungGen: 1376448K->16528K(1379776K)] 3571556K->2211817K(4176000K), 0.0477710 secs] [Times: user=0.08 sys=0.00, real=0.05 secs] 
2016-02-21T17:18:00.510+0800: 514477.225: [GC [PSYoungGen: 1378128K->16160K(1379840K)] 3573417K->2211745K(4176064K), 0.0448610 secs] [Times: user=0.09 sys=0.00, real=0.05 secs] 
2016-02-21T17:18:47.569+0800: 514524.283: [GC [PSYoungGen: 1377760K->15584K(1380096K)] 3573345K->2211453K(4176320K), 0.0353100 secs] [Times: user=0.07 sys=0.00, real=0.03 secs] 
2016-02-21T17:19:34.922+0800: 514571.636: [GC [PSYoungGen: 1377504K->16416K(1379904K)] 3573373K->2212445K(4176128K), 0.0366810 secs] [Times: user=0.07 sys=0.00, real=0.04 secs] 
2016-02-21T17:20:18.239+0800: 514614.953: [GC [PSYoungGen: 1378336K->13232K(1379648K)] 3574365K->2209394K(4175872K), 0.0317870 secs] [Times: user=0.07 sys=0.00, real=0.03 secs] 
2016-02-21T17:21:08.034+0800: 514664.749: [GC [PSYoungGen: 1374832K->16254K(1379840K)] 3570994K->2212629K(4176064K), 0.0364200 secs] [Times: user=0.06 sys=0.00, real=0.04 secs] 
2016-02-21T17:21:52.132+0800: 514708.847: [GC [PSYoungGen: 1377854K->15552K(1380096K)] 3574229K->2212693K(4176320K), 0.0365580 secs] [Times: user=0.07 sys=0.00, real=0.04 secs] 
2016-02-21T17:22:41.106+0800: 514757.821: [GC [PSYoungGen: 1377408K->14976K(1379840K)] 3574549K->2212329K(4176064K), 0.0470980 secs] [Times: user=0.09 sys=0.00, real=0.05 secs] 
2016-02-21T17:23:25.799+0800: 514802.513: [GC [PSYoungGen: 1376832K->14176K(1380224K)] 3574185K->2211725K(4176448K), 0.0361590 secs] [Times: user=0.07 sys=0.00, real=0.04 secs] 
2016-02-21T17:24:13.331+0800: 514850.046: [GC [PSYoungGen: 1376544K->14480K(1380224K)] 3574093K->2212190K(4176448K), 0.0361340 secs] [Times: user=0.07 sys=0.00, real=0.03 secs] 
2016-02-21T17:25:00.235+0800: 514896.949: [GC [PSYoungGen: 1376848K->15088K(1380544K)] 3574558K->2213266K(4176768K), 0.0495210 secs] [Times: user=0.10 sys=0.00, real=0.05 secs] 
2016-02-21T17:25:44.652+0800: 514941.366: [GC [PSYoungGen: 1377904K->13616K(1380352K)] 3576082K->2212207K(4176576K), 0.0390240 secs] [Times: user=0.08 sys=0.00, real=0.03 secs] 
2016-02-21T17:26:33.627+0800: 514990.342: [GC [PSYoungGen: 1376432K->14672K(1380672K)] 3575023K->2213411K(4176896K), 0.0383700 secs] [Times: user=0.07 sys=0.00, real=0.04 secs] 
2016-02-21T17:27:18.426+0800: 515035.141: [GC [PSYoungGen: 1377744K->13776K(1380480K)] 3576483K->2212936K(4176704K), 0.0328340 secs] [Times: user=0.07 sys=0.00, real=0.03 secs] 
2016-02-21T17:28:03.947+0800: 515080.661: [GC [PSYoungGen: 1376848K->15553K(1380672K)] 3576008K->2214925K(4176896K), 0.0411070 secs] [Times: user=0.09 sys=0.00, real=0.04 secs] 
2016-02-21T17:28:56.435+0800: 515133.149: [GC [PSYoungGen: 1378817K->14848K(1380672K)] 3578189K->2214581K(4176896K), 0.0410270 secs] [Times: user=0.07 sys=0.00, real=0.04 secs] 
2016-02-21T17:29:40.803+0800: 515177.517: [GC [PSYoungGen: 1378112K->13600K(1380800K)] 3577845K->2213665K(4177024K), 0.0352120 secs] [Times: user=0.07 sys=0.00, real=0.04 secs] 
2016-02-21T17:30:25.045+0800: 515221.759: [GC [PSYoungGen: 1377248K->13632K(1380864K)] 3577313K->2214001K(4177088K), 0.0370530 secs] [Times: user=0.08 sys=0.00, real=0.03 secs] 
2016-02-21T17:31:17.937+0800: 515274.651: [GC [PSYoungGen: 1377280K->16528K(1380032K)] 3577649K->2217354K(4176256K), 0.0446770 secs] [Times: user=0.09 sys=0.00, real=0.05 secs] 
2016-02-21T17:32:14.434+0800: 515331.148: [GC [PSYoungGen: 1379408K->15936K(1378880K)] 3580234K->2217111K(4175104K), 0.0384350 secs] [Times: user=0.07 sys=0.01, real=0.04 secs] 
2016-02-21T17:33:05.844+0800: 515382.559: [GC [PSYoungGen: 1378816K->16833K(1379584K)] 3579991K->2218336K(4175808K), 0.0379070 secs] [Times: user=0.07 sys=0.00, real=0.03 secs] 
2016-02-21T17:33:56.514+0800: 515433.228: [GC [PSYoungGen: 1378689K->16592K(1378496K)] 3580192K->2218517K(4174720K), 0.0379080 secs] [Times: user=0.07 sys=0.00, real=0.03 secs] 
2016-02-21T17:34:46.598+0800: 515483.313: [GC [PSYoungGen: 1378448K->14912K(1379968K)] 3580373K->2217169K(4176192K), 0.0343870 secs] [Times: user=0.07 sys=0.00, real=0.03 secs] 
2016-02-21T17:35:35.292+0800: 515532.006: [GC [PSYoungGen: 1376512K->15888K(1379712K)] 3578769K->2218389K(4175936K), 0.0411410 secs] [Times: user=0.08 sys=0.01, real=0.04 secs] 
2016-02-21T17:36:34.478+0800: 515591.192: [GC [PSYoungGen: 1377488K->15776K(1380096K)] 3579989K->2218621K(4176320K), 0.0414140 secs] [Times: user=0.07 sys=0.00, real=0.04 secs] 
2016-02-21T17:37:25.391+0800: 515642.106: [GC [PSYoungGen: 1377824K->14384K(1380032K)] 3580669K->2217625K(4176256K), 0.0325540 secs] [Times: user=0.07 sys=0.00, real=0.03 secs] 
2016-02-21T17:38:18.234+0800: 515694.948: [GC [PSYoungGen: 1376432K->16211K(1379968K)] 3579673K->2219713K(4176192K), 0.0432850 secs] [Times: user=0.08 sys=0.00, real=0.05 secs] 
2016-02-21T17:39:07.896+0800: 515744.611: [GC [PSYoungGen: 1378320K->15776K(1380096K)] 3581822K->2219494K(4176320K), 0.0359770 secs] [Times: user=0.07 sys=0.00, real=0.04 secs] 
2016-02-21T17:39:54.675+0800: 515791.390: [GC [PSYoungGen: 1377888K->14736K(1380352K)] 3581606K->2218810K(4176576K), 0.0359120 secs] [Times: user=0.07 sys=0.00, real=0.04 secs] 
2016-02-21T17:40:39.521+0800: 515836.235: [GC [PSYoungGen: 1377232K->13392K(1380224K)] 3581306K->2217582K(4176448K), 0.0334940 secs] [Times: user=0.07 sys=0.00, real=0.03 secs] 
2016-02-21T17:41:33.820+0800: 515890.535: [GC [PSYoungGen: 1375888K->15728K(1380288K)] 3580078K->2220046K(4176512K), 0.0408110 secs] [Times: user=0.08 sys=0.00, real=0.04 secs] 
2016-02-21T17:42:24.046+0800: 515940.761: [GC [PSYoungGen: 1378160K->17104K(1379584K)] 3582478K->2221762K(4175808K), 0.0419450 secs] [Times: user=0.08 sys=0.00, real=0.05 secs] 
2016-02-21T17:43:18.887+0800: 515995.602: [GC [PSYoungGen: 1379536K->15386K(1380160K)] 3584194K->2220538K(4176384K), 0.0357980 secs] [Times: user=0.07 sys=0.00, real=0.03 secs] 
2016-02-21T17:44:09.668+0800: 516046.382: [GC [PSYoungGen: 1377306K->15072K(1379840K)] 3582458K->2220371K(4176064K), 0.0351870 secs] [Times: user=0.07 sys=0.00, real=0.03 secs] 
2016-02-21T17:45:00.044+0800: 516096.758: [GC [PSYoungGen: 1376992K->14512K(1380416K)] 3582291K->2220051K(4176640K), 0.0344110 secs] [Times: user=0.06 sys=0.00, real=0.03 secs] 
2016-02-21T17:45:50.306+0800: 516147.021: [GC [PSYoungGen: 1377200K->16896K(1379648K)] 3582739K->2222795K(4175872K), 0.0383750 secs] [Times: user=0.07 sys=0.01, real=0.04 secs] 
2016-02-21T17:46:45.411+0800: 516202.125: [GC [PSYoungGen: 1379584K->14688K(1380160K)] 3585483K->2220939K(4176384K), 0.0339660 secs] [Times: user=0.07 sys=0.00, real=0.04 secs] 
2016-02-21T17:47:36.417+0800: 516253.131: [GC [PSYoungGen: 1376800K->17648K(1379776K)] 3583051K->2224055K(4176000K), 0.0399030 secs] [Times: user=0.08 sys=0.00, real=0.04 secs] 
2016-02-21T17:48:30.218+0800: 516306.932: [GC [PSYoungGen: 1379760K->17296K(1378752K)] 3586167K->2223964K(4174976K), 0.0378670 secs] [Times: user=0.08 sys=0.00, real=0.03 secs] 
2016-02-21T17:49:23.348+0800: 516360.062: [GC [PSYoungGen: 1377744K->14256K(1379264K)] 3584412K->2221248K(4175488K), 0.0335030 secs] [Times: user=0.06 sys=0.01, real=0.03 secs] 
2016-02-21T17:50:14.754+0800: 516411.469: [GC [PSYoungGen: 1374704K->14365K(1379392K)] 3581696K->2221553K(4175616K), 0.0346830 secs] [Times: user=0.06 sys=0.00, real=0.04 secs] 
2016-02-21T17:51:18.936+0800: 516475.650: [GC [PSYoungGen: 1374941K->17248K(1377856K)] 3582129K->2225119K(4174080K), 0.0457350 secs] [Times: user=0.09 sys=0.00, real=0.04 secs] 
2016-02-21T17:52:10.233+0800: 516526.947: [GC [PSYoungGen: 1377824K->16048K(1379264K)] 3585695K->2224162K(4175488K), 0.0445530 secs] [Times: user=0.07 sys=0.00, real=0.04 secs] 
2016-02-21T17:53:01.869+0800: 516578.584: [GC [PSYoungGen: 1376304K->14448K(1379072K)] 3584418K->2222750K(4175296K), 0.0387570 secs] [Times: user=0.07 sys=0.00, real=0.04 secs] 
2016-02-21T17:53:54.436+0800: 516631.151: [GC [PSYoungGen: 1374704K->14704K(1379520K)] 3583006K->2223351K(4175744K), 0.0423040 secs] [Times: user=0.08 sys=0.00, real=0.04 secs] 
2016-02-21T17:54:50.428+0800: 516687.143: [GC [PSYoungGen: 1375472K->16448K(1379328K)] 3584119K->2225324K(4175552K), 0.0419700 secs] [Times: user=0.07 sys=0.00, real=0.04 secs] 
2016-02-21T17:55:37.719+0800: 516734.433: [GC [PSYoungGen: 1377216K->13712K(1379456K)] 3586092K->2223036K(4175680K), 0.0346250 secs] [Times: user=0.07 sys=0.00, real=0.04 secs] 
2016-02-21T17:56:33.065+0800: 516789.779: [GC [PSYoungGen: 1374544K->16800K(1377664K)] 3583868K->2226304K(4173888K), 0.0419890 secs] [Times: user=0.08 sys=0.00, real=0.04 secs] 
2016-02-21T17:57:18.768+0800: 516835.483: [GC [PSYoungGen: 1377632K->13872K(1379264K)] 3587136K->2223628K(4175488K), 0.0382820 secs] [Times: user=0.08 sys=0.00, real=0.04 secs] 
2016-02-21T17:58:11.255+0800: 516887.970: [GC [PSYoungGen: 1374320K->15072K(1379264K)] 3584076K->2225157K(4175488K), 0.0354270 secs] [Times: user=0.06 sys=0.00, real=0.04 secs] 
2016-02-21T17:59:00.888+0800: 516937.602: [GC [PSYoungGen: 1375520K->15456K(1379840K)] 3585605K->2225986K(4176064K), 0.0368350 secs] [Times: user=0.07 sys=0.00, real=0.03 secs] 
2016-02-21T17:59:53.223+0800: 516989.938: [GC [PSYoungGen: 1376800K->15328K(1379584K)] 3587330K->2226166K(4175808K), 0.0434740 secs] [Times: user=0.08 sys=0.00, real=0.05 secs] 
2016-02-21T18:00:44.185+0800: 517040.900: [GC [PSYoungGen: 1376672K->15888K(1380160K)] 3587510K->2226890K(4176384K), 0.0348140 secs] [Times: user=0.07 sys=0.00, real=0.04 secs] 
2016-02-21T18:01:36.929+0800: 517093.644: [GC [PSYoungGen: 1378064K->16080K(1380096K)] 3589066K->2227255K(4176320K), 0.0491310 secs] [Times: user=0.11 sys=0.00, real=0.05 secs] 
2016-02-21T18:02:26.148+0800: 517142.862: [GC [PSYoungGen: 1378256K->12992K(1379776K)] 3589431K->2224420K(4176000K), 0.0377000 secs] [Times: user=0.08 sys=0.00, real=0.04 secs] 
2016-02-21T18:03:21.196+0800: 517197.911: [GC [PSYoungGen: 1374848K->13680K(1379968K)] 3586276K->2225285K(4176192K), 0.0424420 secs] [Times: user=0.08 sys=0.00, real=0.04 secs] 
2016-02-21T18:04:17.270+0800: 517253.985: [GC [PSYoungGen: 1375536K->17424K(1378880K)] 3587141K->2229309K(4175104K), 0.0384620 secs] [Times: user=0.07 sys=0.00, real=0.04 secs] 
2016-02-21T18:05:10.746+0800: 517307.460: [GC [PSYoungGen: 1378256K->15632K(1379456K)] 3590141K->2227682K(4175680K), 0.0374140 secs] [Times: user=0.07 sys=0.00, real=0.03 secs] 
2016-02-21T18:06:01.626+0800: 517358.340: [GC [PSYoungGen: 1376464K->15200K(1379904K)] 3588514K->2227598K(4176128K), 0.0360770 secs] [Times: user=0.06 sys=0.00, real=0.04 secs] 
2016-02-21T18:06:51.361+0800: 517408.075: [GC [PSYoungGen: 1376672K->14736K(1379648K)] 3589070K->2227359K(4175872K), 0.0529000 secs] [Times: user=0.10 sys=0.00, real=0.05 secs] 
2016-02-21T18:07:46.255+0800: 517462.969: [GC [PSYoungGen: 1376208K->16517K(1379712K)] 3588831K->2229324K(4175936K), 0.0389740 secs] [Times: user=0.06 sys=0.01, real=0.04 secs] 
2016-02-21T18:08:34.263+0800: 517510.978: [GC [PSYoungGen: 1378245K->14736K(1379904K)] 3591052K->2227760K(4176128K), 0.0365460 secs] [Times: user=0.07 sys=0.01, real=0.04 secs] 
2016-02-21T18:09:20.324+0800: 517557.039: [GC [PSYoungGen: 1376464K->15696K(1380224K)] 3589488K->2228980K(4176448K), 0.0359870 secs] [Times: user=0.07 sys=0.00, real=0.04 secs] 
2016-02-21T18:10:08.735+0800: 517605.450: [GC [PSYoungGen: 1377936K->14000K(1380096K)] 3591220K->2227484K(4176320K), 0.0405100 secs] [Times: user=0.08 sys=0.00, real=0.05 secs] 
2016-02-21T18:10:56.775+0800: 517653.489: [GC [PSYoungGen: 1376240K->15744K(1380288K)] 3589724K->2229553K(4176512K), 0.0422430 secs] [Times: user=0.08 sys=0.00, real=0.04 secs] 
2016-02-21T18:11:52.976+0800: 517709.691: [GC [PSYoungGen: 1378176K->15888K(1380224K)] 3591985K->2230073K(4176448K), 0.0361210 secs] [Times: user=0.06 sys=0.00, real=0.04 secs] 
2016-02-21T18:12:46.886+0800: 517763.600: [GC [PSYoungGen: 1378320K->14656K(1380416K)] 3592505K->2229070K(4176640K), 0.0354110 secs] [Times: user=0.07 sys=0.00, real=0.03 secs] 
2016-02-21T18:13:40.496+0800: 517817.210: [GC [PSYoungGen: 1377280K->16099K(1380288K)] 3591694K->2230766K(4176512K), 0.0387830 secs] [Times: user=0.07 sys=0.01, real=0.04 secs] 
2016-02-21T18:14:29.107+0800: 517865.821: [GC [PSYoungGen: 1378723K->14480K(1380480K)] 3593390K->2229359K(4176704K), 0.0371900 secs] [Times: user=0.07 sys=0.00, real=0.04 secs] 
2016-02-21T18:15:24.249+0800: 517920.963: [GC [PSYoungGen: 1377232K->13968K(1380352K)] 3592111K->2229107K(4176576K), 0.0387660 secs] [Times: user=0.08 sys=0.01, real=0.04 secs] 
2016-02-21T18:16:21.378+0800: 517978.093: [GC [PSYoungGen: 1376720K->14976K(1380672K)] 3591859K->2230279K(4176896K), 0.0367580 secs] [Times: user=0.07 sys=0.00, real=0.04 secs] 
2016-02-21T18:17:12.710+0800: 518029.424: [GC [PSYoungGen: 1378048K->17027K(1380160K)] 3593351K->2232559K(4176384K), 0.0366540 secs] [Times: user=0.07 sys=0.00, real=0.03 secs] 
2016-02-21T18:18:15.608+0800: 518092.322: [GC [PSYoungGen: 1380099K->15472K(1380416K)] 3595631K->2231309K(4176640K), 0.0369480 secs] [Times: user=0.07 sys=0.00, real=0.04 secs] 
2016-02-21T18:19:12.080+0800: 518148.795: [GC [PSYoungGen: 1378032K->14624K(1380224K)] 3593869K->2230829K(4176448K), 0.0508380 secs] [Times: user=0.09 sys=0.00, real=0.04 secs] 
2016-02-21T18:20:06.445+0800: 518203.159: [GC [PSYoungGen: 1377184K->15040K(1380672K)] 3593389K->2231606K(4176896K), 0.0388180 secs] [Times: user=0.07 sys=0.01, real=0.04 secs] 
2016-02-21T18:20:54.319+0800: 518251.033: [GC [PSYoungGen: 1378112K->15296K(1380480K)] 3594678K->2231966K(4176704K), 0.0407980 secs] [Times: user=0.08 sys=0.00, real=0.04 secs] 
2016-02-21T18:21:51.563+0800: 518308.277: [GC [PSYoungGen: 1378368K->16608K(1380224K)] 3595038K->2233510K(4176448K), 0.0387850 secs] [Times: user=0.07 sys=0.00, real=0.04 secs] 
2016-02-21T18:22:51.361+0800: 518368.076: [GC [PSYoungGen: 1379616K->16240K(1379264K)] 3596518K->2233514K(4175488K), 0.0363580 secs] [Times: user=0.07 sys=0.00, real=0.04 secs] 
2016-02-21T18:23:51.707+0800: 518428.421: [GC [PSYoungGen: 1379248K->15264K(1380672K)] 3596522K->2232718K(4176896K), 0.0389530 secs] [Times: user=0.07 sys=0.00, real=0.04 secs] 
2016-02-21T18:24:47.163+0800: 518483.878: [GC [PSYoungGen: 1378336K->16640K(1379776K)] 3595790K->2234323K(4176000K), 0.0391980 secs] [Times: user=0.07 sys=0.00, real=0.04 secs] 
2016-02-21T18:25:42.091+0800: 518538.806: [GC [PSYoungGen: 1379712K->14688K(1380480K)] 3597395K->2232636K(4176704K), 0.0388180 secs] [Times: user=0.08 sys=0.00, real=0.04 secs] 
2016-02-21T18:26:37.106+0800: 518593.821: [GC [PSYoungGen: 1377504K->15680K(1380416K)] 3595452K->2233808K(4176640K), 0.0377080 secs] [Times: user=0.08 sys=0.00, real=0.04 secs] 
2016-02-21T18:27:34.541+0800: 518651.255: [GC [PSYoungGen: 1378496K->15680K(1380736K)] 3596624K->2234005K(4176960K), 0.0383990 secs] [Times: user=0.07 sys=0.00, real=0.03 secs] 
2016-02-21T18:28:34.911+0800: 518711.625: [GC [PSYoungGen: 1378944K->16112K(1380608K)] 3597269K->2234806K(4176832K), 0.0366590 secs] [Times: user=0.08 sys=0.00, real=0.04 secs] 
2016-02-21T18:29:27.498+0800: 518764.213: [GC [PSYoungGen: 1379376K->13664K(1380416K)] 3598070K->2232742K(4176640K), 0.0329280 secs] [Times: user=0.06 sys=0.00, real=0.03 secs] 
2016-02-21T18:30:20.886+0800: 518817.600: [GC [PSYoungGen: 1376672K->13376K(1376448K)] 3595750K->2232687K(4172672K), 0.0325990 secs] [Times: user=0.07 sys=0.00, real=0.03 secs] 
2016-02-21T18:31:18.967+0800: 518875.682: [GC [PSYoungGen: 1376384K->14960K(1380608K)] 3595695K->2234484K(4176832K), 0.0374600 secs] [Times: user=0.08 sys=0.00, real=0.04 secs] 
2016-02-21T18:32:17.741+0800: 518934.456: [GC [PSYoungGen: 1377904K->14528K(1380416K)] 3597428K->2234364K(4176640K), 0.0399200 secs] [Times: user=0.08 sys=0.00, real=0.04 secs] 
2016-02-21T18:33:09.715+0800: 518986.430: [GC [PSYoungGen: 1377472K->15488K(1380800K)] 3597308K->2235801K(4177024K), 0.0379360 secs] [Times: user=0.08 sys=0.00, real=0.04 secs] 
2016-02-21T18:34:08.002+0800: 519044.717: [GC [PSYoungGen: 1378944K->14432K(1380736K)] 3599257K->2234969K(4176960K), 0.0349000 secs] [Times: user=0.08 sys=0.00, real=0.04 secs] 
2016-02-21T18:35:04.742+0800: 519101.456: [GC [PSYoungGen: 1377888K->15168K(1381056K)] 3598425K->2235986K(4177280K), 0.0354370 secs] [Times: user=0.07 sys=0.01, real=0.03 secs] 
2016-02-21T18:35:58.419+0800: 519155.134: [GC [PSYoungGen: 1379072K->15216K(1380928K)] 3599890K->2236210K(4177152K), 0.0369310 secs] [Times: user=0.07 sys=0.00, real=0.04 secs] 
2016-02-21T18:36:52.484+0800: 519209.199: [GC [PSYoungGen: 1379120K->13728K(1381184K)] 3600114K->2235054K(4177408K), 0.0379770 secs] [Times: user=0.08 sys=0.00, real=0.03 secs] 
2016-02-21T18:37:47.963+0800: 519264.678: [GC [PSYoungGen: 1378016K->15264K(1381184K)] 3599342K->2236802K(4177408K), 0.0358110 secs] [Times: user=0.07 sys=0.00, real=0.03 secs] 
2016-02-21T18:38:50.709+0800: 519327.424: [GC [PSYoungGen: 1379552K->16800K(1379712K)] 3601090K->2239135K(4175936K), 0.0431060 secs] [Times: user=0.07 sys=0.00, real=0.04 secs] 
2016-02-21T18:39:45.174+0800: 519381.889: [GC [PSYoungGen: 1379680K->15296K(1380480K)] 3602015K->2237903K(4176704K), 0.0390780 secs] [Times: user=0.07 sys=0.00, real=0.04 secs] 
2016-02-21T18:40:32.549+0800: 519429.264: [GC [PSYoungGen: 1378176K->13232K(1380416K)] 3600783K->2236000K(4176640K), 0.0359090 secs] [Times: user=0.06 sys=0.00, real=0.04 secs] 
2016-02-21T18:41:31.279+0800: 519487.994: [GC [PSYoungGen: 1376240K->17200K(1380224K)] 3599008K->2240352K(4176448K), 0.0393030 secs] [Times: user=0.08 sys=0.00, real=0.04 secs] 
2016-02-21T18:42:24.383+0800: 519541.097: [GC [PSYoungGen: 1380208K->16000K(1379712K)] 3603360K->2239498K(4175936K), 0.0380890 secs] [Times: user=0.07 sys=0.00, real=0.04 secs] 
2016-02-21T18:43:15.291+0800: 519592.005: [GC [PSYoungGen: 1377856K->16080K(1379968K)] 3601354K->2239750K(4176192K), 0.0402400 secs] [Times: user=0.07 sys=0.00, real=0.04 secs] 
2016-02-21T18:44:09.714+0800: 519646.428: [GC [PSYoungGen: 1377936K->16816K(1379456K)] 3601606K->2240747K(4175680K), 0.0414220 secs] [Times: user=0.08 sys=0.00, real=0.04 secs] 
2016-02-21T18:45:01.630+0800: 519698.345: [GC [PSYoungGen: 1378160K->16208K(1379712K)] 3602091K->2240540K(4175936K), 0.0376530 secs] [Times: user=0.07 sys=0.00, real=0.04 secs] 
2016-02-21T18:45:48.318+0800: 519745.032: [GC [PSYoungGen: 1377552K->14784K(1379904K)] 3601884K->2239469K(4176128K), 0.0358350 secs] [Times: user=0.06 sys=0.00, real=0.04 secs] 
2016-02-21T18:46:40.810+0800: 519797.525: [GC [PSYoungGen: 1376384K->15344K(1379776K)] 3601069K->2240186K(4176000K), 0.0361740 secs] [Times: user=0.07 sys=0.00, real=0.03 secs] 
2016-02-21T18:47:33.173+0800: 519849.888: [GC [PSYoungGen: 1376944K->15136K(1380288K)] 3601786K->2240406K(4176512K), 0.0389950 secs] [Times: user=0.08 sys=0.00, real=0.04 secs] 
2016-02-21T18:48:30.326+0800: 519907.041: [GC [PSYoungGen: 1377440K->16480K(1380096K)] 3602710K->2241914K(4176320K), 0.0381280 secs] [Times: user=0.07 sys=0.00, real=0.04 secs] 
2016-02-21T18:49:27.624+0800: 519964.338: [GC [PSYoungGen: 1378784K->16640K(1379776K)] 3604218K->2242459K(4176000K), 0.0404320 secs] [Times: user=0.08 sys=0.00, real=0.04 secs] 
2016-02-21T18:50:14.464+0800: 520011.178: [GC [PSYoungGen: 1378496K->14448K(1379968K)] 3604315K->2240571K(4176192K), 0.0340000 secs] [Times: user=0.07 sys=0.00, real=0.04 secs] 
2016-02-21T18:51:04.037+0800: 520060.752: [GC [PSYoungGen: 1376304K->17416K(1379136K)] 3602427K->2243812K(4175360K), 0.0377060 secs] [Times: user=0.07 sys=0.01, real=0.04 secs] 
2016-02-21T18:51:58.441+0800: 520115.156: [GC [PSYoungGen: 1378504K->15472K(1379584K)] 3604900K->2242130K(4175808K), 0.0391600 secs] [Times: user=0.07 sys=0.00, real=0.04 secs] 
2016-02-21T18:52:45.621+0800: 520162.335: [GC [PSYoungGen: 1376560K->16256K(1379840K)] 3603218K->2243026K(4176064K), 0.0398930 secs] [Times: user=0.07 sys=0.00, real=0.04 secs] 
2016-02-21T18:53:35.770+0800: 520212.484: [GC [PSYoungGen: 1377792K->15936K(1379776K)] 3604562K->2242974K(4176000K), 0.0364430 secs] [Times: user=0.07 sys=0.00, real=0.04 secs] 
2016-02-21T18:54:26.291+0800: 520263.006: [GC [PSYoungGen: 1377472K->16457K(1380032K)] 3604510K->2243648K(4176256K), 0.0380650 secs] [Times: user=0.08 sys=0.00, real=0.04 secs] 
2016-02-21T18:55:15.392+0800: 520312.106: [GC [PSYoungGen: 1378441K->16192K(1380032K)] 3605632K->2243575K(4176256K), 0.0427940 secs] [Times: user=0.08 sys=0.00, real=0.04 secs] 
2016-02-21T18:56:05.498+0800: 520362.212: [GC [PSYoungGen: 1378176K->14864K(1380160K)] 3605559K->2242527K(4176384K), 0.0357750 secs] [Times: user=0.06 sys=0.00, real=0.04 secs] 
2016-02-21T18:56:54.711+0800: 520411.425: [GC [PSYoungGen: 1377040K->15120K(1380096K)] 3604703K->2243108K(4176320K), 0.0359130 secs] [Times: user=0.07 sys=0.00, real=0.03 secs] 
2016-02-21T18:57:48.815+0800: 520465.530: [GC [PSYoungGen: 1377296K->15456K(1380416K)] 3605284K->2243933K(4176640K), 0.0386830 secs] [Times: user=0.08 sys=0.00, real=0.04 secs] 
2016-02-21T18:58:38.650+0800: 520515.365: [GC [PSYoungGen: 1378016K->15776K(1380224K)] 3606493K->2244345K(4176448K), 0.0355530 secs] [Times: user=0.07 sys=0.00, real=0.04 secs] 
2016-02-21T18:59:23.729+0800: 520560.444: [GC [PSYoungGen: 1378336K->13264K(1380160K)] 3606905K->2241993K(4176384K), 0.0367140 secs] [Times: user=0.08 sys=0.00, real=0.03 secs] 
2016-02-21T19:00:08.935+0800: 520605.649: [GC [PSYoungGen: 1375888K->14640K(1380352K)] 3604617K->2243506K(4176576K), 0.0328610 secs] [Times: user=0.06 sys=0.00, real=0.04 secs] 
2016-02-21T19:00:56.434+0800: 520653.149: [GC [PSYoungGen: 1377264K->14832K(1380544K)] 3606130K->2244062K(4176768K), 0.0351360 secs] [Times: user=0.08 sys=0.00, real=0.04 secs] 
2016-02-21T19:01:49.550+0800: 520706.264: [GC [PSYoungGen: 1377712K->15104K(1380416K)] 3606942K->2244706K(4176640K), 0.0412470 secs] [Times: user=0.07 sys=0.00, real=0.04 secs] 
2016-02-21T19:02:40.286+0800: 520757.001: [GC [PSYoungGen: 1377984K->15568K(1380864K)] 3607586K->2245427K(4177088K), 0.0361590 secs] [Times: user=0.07 sys=0.00, real=0.04 secs] 
2016-02-21T19:03:29.067+0800: 520805.781: [GC [PSYoungGen: 1379088K->14576K(1380736K)] 3608947K->2244676K(4176960K), 0.0347730 secs] [Times: user=0.06 sys=0.00, real=0.03 secs] 
2016-02-21T19:04:21.925+0800: 520858.640: [GC [PSYoungGen: 1378096K->15072K(1381056K)] 3608196K->2245529K(4177280K), 0.0434180 secs] [Times: user=0.08 sys=0.00, real=0.04 secs] 
2016-02-21T19:05:07.879+0800: 520904.594: [GC [PSYoungGen: 1378912K->14192K(1380864K)] 3609369K->2245020K(4177088K), 0.0431740 secs] [Times: user=0.08 sys=0.00, real=0.05 secs] 
2016-02-21T19:05:55.041+0800: 520951.755: [GC [PSYoungGen: 1378032K->15632K(1381056K)] 3608860K->2246628K(4177280K), 0.0410060 secs] [Times: user=0.08 sys=0.00, real=0.04 secs] 
2016-02-21T19:06:46.377+0800: 521003.092: [GC [PSYoungGen: 1379664K->16992K(1381056K)] 3610660K->2248721K(4177280K), 0.0394240 secs] [Times: user=0.08 sys=0.00, real=0.04 secs] 
2016-02-21T19:07:32.237+0800: 521048.951: [GC [PSYoungGen: 1381024K->15328K(1379904K)] 3612753K->2247497K(4176128K), 0.0379200 secs] [Times: user=0.07 sys=0.00, real=0.04 secs] 
2016-02-21T19:08:24.076+0800: 521100.790: [GC [PSYoungGen: 1378208K->15968K(1380480K)] 3610377K->2248489K(4176704K), 0.0424560 secs] [Times: user=0.08 sys=0.00, real=0.04 secs] 
2016-02-21T19:09:08.794+0800: 521145.508: [GC [PSYoungGen: 1378848K->15216K(1380672K)] 3611369K->2247990K(4176896K), 0.0404610 secs] [Times: user=0.07 sys=0.00, real=0.04 secs] 
2016-02-21T19:09:55.677+0800: 521192.391: [GC [PSYoungGen: 1378352K->14768K(1380544K)] 3611126K->2247774K(4176768K), 0.0373570 secs] [Times: user=0.08 sys=0.00, real=0.04 secs] 
2016-02-21T19:10:45.735+0800: 521242.450: [GC [PSYoungGen: 1377904K->14416K(1380800K)] 3610910K->2247766K(4177024K), 0.0349270 secs] [Times: user=0.08 sys=0.00, real=0.04 secs] 
2016-02-21T19:11:33.506+0800: 521290.220: [GC [PSYoungGen: 1377872K->15312K(1380736K)] 3611222K->2248975K(4176960K), 0.0373820 secs] [Times: user=0.07 sys=0.00, real=0.03 secs] 
2016-02-21T19:12:24.770+0800: 521341.484: [GC [PSYoungGen: 1378768K->17040K(1379968K)] 3612431K->2251027K(4176192K), 0.0381550 secs] [Times: user=0.07 sys=0.00, real=0.04 secs] 
2016-02-21T19:13:08.457+0800: 521385.171: [GC [PSYoungGen: 1379920K->14144K(1380480K)] 3613907K->2248455K(4176704K), 0.0344400 secs] [Times: user=0.06 sys=0.00, real=0.04 secs] 
2016-02-21T19:13:56.273+0800: 521432.988: [GC [PSYoungGen: 1377024K->14560K(1380608K)] 3611335K->2249148K(4176832K), 0.0368540 secs] [Times: user=0.07 sys=0.00, real=0.04 secs] 
2016-02-21T19:14:49.212+0800: 521485.927: [GC [PSYoungGen: 1377568K->17456K(1380480K)] 3612156K->2252371K(4176704K), 0.0441120 secs] [Times: user=0.08 sys=0.00, real=0.04 secs] 
2016-02-21T19:15:34.715+0800: 521531.430: [GC [PSYoungGen: 1380464K->15038K(1379840K)] 3615379K->2250382K(4176064K), 0.0357290 secs] [Times: user=0.07 sys=0.00, real=0.04 secs] 
2016-02-21T19:16:22.452+0800: 521579.167: [GC [PSYoungGen: 1377278K->17888K(1380160K)] 3612622K->2254841K(4176384K), 0.0410390 secs] [Times: user=0.08 sys=0.00, real=0.04 secs] 
2016-02-21T19:17:03.770+0800: 521620.484: [GC [PSYoungGen: 1380128K->13504K(1377472K)] 3617081K->2250769K(4173696K), 0.0428920 secs] [Times: user=0.10 sys=0.00, real=0.05 secs] 
2016-02-21T19:17:56.092+0800: 521672.806: [GC [PSYoungGen: 1373056K->16656K(1378816K)] 3610321K->2254089K(4175040K), 0.0375340 secs] [Times: user=0.07 sys=0.00, real=0.04 secs] 
2016-02-21T19:18:42.815+0800: 521719.529: [GC [PSYoungGen: 1376208K->16064K(1379008K)] 3613641K->2253785K(4175232K), 0.0347290 secs] [Times: user=0.08 sys=0.00, real=0.04 secs] 
2016-02-21T19:19:31.959+0800: 521768.673: [GC [PSYoungGen: 1375808K->15280K(1378816K)] 3613529K->2253223K(4175040K), 0.0353400 secs] [Times: user=0.06 sys=0.00, real=0.03 secs] 
2016-02-21T19:20:13.557+0800: 521810.271: [GC [PSYoungGen: 1375024K->12688K(1378880K)] 3612967K->2250946K(4175104K), 0.0327080 secs] [Times: user=0.07 sys=0.00, real=0.03 secs] 
2016-02-21T19:20:55.480+0800: 521852.194: [GC [PSYoungGen: 1372752K->15056K(1379072K)] 3611010K->2253482K(4175296K), 0.0349530 secs] [Times: user=0.07 sys=0.00, real=0.04 secs] 
2016-02-21T19:21:41.358+0800: 521898.073: [GC [PSYoungGen: 1375120K->15504K(1379648K)] 3613546K->2254307K(4175872K), 0.0349780 secs] [Times: user=0.06 sys=0.00, real=0.03 secs] 
2016-02-21T19:22:28.687+0800: 521945.402: [GC [PSYoungGen: 1376464K->15232K(1379392K)] 3615267K->2254306K(4175616K), 0.0340340 secs] [Times: user=0.07 sys=0.00, real=0.03 secs] 
2016-02-21T19:23:16.389+0800: 521993.103: [GC [PSYoungGen: 1376192K->15008K(1380160K)] 3615266K->2254414K(4176384K), 0.0387100 secs] [Times: user=0.07 sys=0.00, real=0.04 secs] 
2016-02-21T19:24:07.230+0800: 522043.945: [GC [PSYoungGen: 1376992K->16496K(1379904K)] 3616398K->2256019K(4176128K), 0.0438440 secs] [Times: user=0.08 sys=0.00, real=0.04 secs] 
2016-02-21T19:24:55.334+0800: 522092.048: [GC [PSYoungGen: 1378480K->14992K(1380160K)] 3618003K->2254700K(4176384K), 0.0340730 secs] [Times: user=0.07 sys=0.00, real=0.04 secs] 
2016-02-21T19:25:39.220+0800: 522135.934: [GC [PSYoungGen: 1377040K->14383K(1379968K)] 3616748K->2254356K(4176192K), 0.0414840 secs] [Times: user=0.08 sys=0.01, real=0.05 secs] 
2016-02-21T19:26:29.038+0800: 522185.753: [GC [PSYoungGen: 1376431K->14768K(1380416K)] 3616404K->2255124K(4176640K), 0.0352680 secs] [Times: user=0.07 sys=0.00, real=0.04 secs] 
2016-02-21T19:27:18.588+0800: 522235.302: [GC [PSYoungGen: 1377328K->17313K(1379904K)] 3617684K->2257862K(4176128K), 0.0398880 secs] [Times: user=0.08 sys=0.00, real=0.04 secs] 
2016-02-21T19:28:01.339+0800: 522278.054: [GC [PSYoungGen: 1379873K->14816K(1380032K)] 3620422K->2255874K(4176256K), 0.0393730 secs] [Times: user=0.08 sys=0.00, real=0.04 secs] 
2016-02-21T19:28:40.634+0800: 522317.349: [GC [PSYoungGen: 1376672K->15696K(1379904K)] 3617730K->2256943K(4176128K), 0.0432210 secs] [Times: user=0.09 sys=0.00, real=0.04 secs] 
2016-02-21T19:29:22.256+0800: 522358.970: [GC [PSYoungGen: 1377552K->13136K(1379904K)] 3618799K->2254767K(4176128K), 0.0306460 secs] [Times: user=0.06 sys=0.00, real=0.03 secs] 
2016-02-21T19:30:05.647+0800: 522402.362: [GC [PSYoungGen: 1375120K->15650K(1380032K)] 3616751K->2257458K(4176256K), 0.0354400 secs] [Times: user=0.07 sys=0.00, real=0.03 secs] 
2016-02-21T19:30:57.738+0800: 522454.452: [GC [PSYoungGen: 1377634K->14240K(1380224K)] 3619442K->2256363K(4176448K), 0.0369590 secs] [Times: user=0.07 sys=0.00, real=0.04 secs] 
2016-02-21T19:31:45.402+0800: 522502.117: [GC [PSYoungGen: 1376544K->17728K(1380096K)] 3618667K->2260012K(4176320K), 0.0435800 secs] [Times: user=0.08 sys=0.00, real=0.04 secs] 
2016-02-21T19:32:32.717+0800: 522549.431: [GC [PSYoungGen: 1380032K->15728K(1379328K)] 3622316K->2258309K(4175552K), 0.0386370 secs] [Times: user=0.06 sys=0.01, real=0.04 secs] 
2016-02-21T19:33:25.454+0800: 522602.168: [GC [PSYoungGen: 1377072K->16000K(1379712K)] 3619653K->2258896K(4175936K), 0.0373180 secs] [Times: user=0.07 sys=0.00, real=0.03 secs] 
2016-02-21T19:34:10.311+0800: 522647.026: [GC [PSYoungGen: 1377344K->14544K(1379904K)] 3620240K->2257624K(4176128K), 0.0358280 secs] [Times: user=0.07 sys=0.00, real=0.03 secs] 
2016-02-21T19:34:54.216+0800: 522690.930: [GC [PSYoungGen: 1376208K->14576K(1379840K)] 3619288K->2257865K(4176064K), 0.0340590 secs] [Times: user=0.07 sys=0.00, real=0.04 secs] 
2016-02-21T19:35:39.106+0800: 522735.821: [GC [PSYoungGen: 1376240K->13616K(1379968K)] 3619529K->2257057K(4176192K), 0.0434550 secs] [Times: user=0.09 sys=0.00, real=0.04 secs] 
2016-02-21T19:36:29.357+0800: 522786.071: [GC [PSYoungGen: 1375600K->16673K(1378688K)] 3619041K->2260379K(4174912K), 0.0370300 secs] [Times: user=0.07 sys=0.00, real=0.04 secs] 
2016-02-21T19:37:17.579+0800: 522834.293: [GC [PSYoungGen: 1378657K->16576K(1379392K)] 3622363K->2260528K(4175616K), 0.0375640 secs] [Times: user=0.08 sys=0.00, real=0.04 secs] 
2016-02-21T19:38:00.973+0800: 522877.687: [GC [PSYoungGen: 1377664K->15920K(1379584K)] 3621616K->2260252K(4175808K), 0.0377240 secs] [Times: user=0.07 sys=0.00, real=0.04 secs] 
2016-02-21T19:38:50.528+0800: 522927.242: [GC [PSYoungGen: 1377008K->16432K(1379584K)] 3621340K->2261077K(4175808K), 0.0421730 secs] [Times: user=0.08 sys=0.00, real=0.04 secs] 
2016-02-21T19:39:37.644+0800: 522974.358: [GC [PSYoungGen: 1377648K->17824K(1379072K)] 3622293K->2262661K(4175296K), 0.0396320 secs] [Times: user=0.07 sys=0.00, real=0.04 secs] 
2016-02-21T19:40:18.199+0800: 523014.914: [GC [PSYoungGen: 1379040K->15008K(1379264K)] 3623877K->2260065K(4175488K), 0.0354520 secs] [Times: user=0.07 sys=0.00, real=0.03 secs] 
2016-02-21T19:41:01.250+0800: 523057.964: [GC [PSYoungGen: 1375264K->15872K(1379072K)] 3620321K->2261219K(4175296K), 0.0460110 secs] [Times: user=0.08 sys=0.00, real=0.05 secs] 
2016-02-21T19:41:47.789+0800: 523104.504: [GC [PSYoungGen: 1376128K->14944K(1379648K)] 3621475K->2260687K(4175872K), 0.0404040 secs] [Times: user=0.08 sys=0.00, real=0.04 secs] 
2016-02-21T19:42:30.777+0800: 523147.491: [GC [PSYoungGen: 1376032K->14336K(1379520K)] 3621775K->2260240K(4175744K), 0.0328970 secs] [Times: user=0.06 sys=0.00, real=0.04 secs] 
2016-02-21T19:43:22.581+0800: 523199.295: [GC [PSYoungGen: 1375424K->17232K(1379072K)] 3621328K->2263704K(4175296K), 0.0418180 secs] [Times: user=0.08 sys=0.00, real=0.04 secs] 
2016-02-21T19:44:09.043+0800: 523245.757: [GC [PSYoungGen: 1377936K->15584K(1379392K)] 3624408K->2262287K(4175616K), 0.0379680 secs] [Times: user=0.07 sys=0.01, real=0.04 secs] 
2016-02-21T19:44:59.141+0800: 523295.855: [GC [PSYoungGen: 1376288K->18240K(1378240K)] 3622991K->2265223K(4174464K), 0.0462320 secs] [Times: user=0.09 sys=0.00, real=0.04 secs] 
2016-02-21T19:45:46.138+0800: 523342.853: [GC [PSYoungGen: 1378048K->14592K(1378944K)] 3625031K->2261840K(4175168K), 0.0401250 secs] [Times: user=0.07 sys=0.00, real=0.04 secs] 
2016-02-21T19:46:29.599+0800: 523386.313: [GC [PSYoungGen: 1374400K->15392K(1379328K)] 3621648K->2262844K(4175552K), 0.0404400 secs] [Times: user=0.08 sys=0.00, real=0.04 secs] 
2016-02-21T19:47:10.598+0800: 523427.313: [GC [PSYoungGen: 1375712K->14816K(1379072K)] 3623164K->2262560K(4175296K), 0.0352440 secs] [Times: user=0.07 sys=0.00, real=0.04 secs] 
2016-02-21T19:47:53.825+0800: 523470.539: [GC [PSYoungGen: 1375136K->15936K(1379648K)] 3622880K->2264029K(4175872K), 0.0434500 secs] [Times: user=0.07 sys=0.00, real=0.05 secs] 
2016-02-21T19:48:37.006+0800: 523513.720: [GC [PSYoungGen: 1376960K->15088K(1379456K)] 3625053K->2263405K(4175680K), 0.0360820 secs] [Times: user=0.07 sys=0.00, real=0.03 secs] 
2016-02-21T19:49:24.610+0800: 523561.324: [GC [PSYoungGen: 1376112K->14816K(1379904K)] 3624429K->2263477K(4176128K), 0.0415760 secs] [Times: user=0.09 sys=0.00, real=0.05 secs] 
2016-02-21T19:50:08.325+0800: 523605.040: [GC [PSYoungGen: 1376416K->15824K(1379776K)] 3625077K->2264873K(4176000K), 0.0367460 secs] [Times: user=0.07 sys=0.00, real=0.04 secs] 
2016-02-21T19:50:54.445+0800: 523651.160: [GC [PSYoungGen: 1377424K->16976K(1379456K)] 3626473K->2266242K(4175680K), 0.0405920 secs] [Times: user=0.07 sys=0.00, real=0.04 secs] 
2016-02-21T19:51:35.939+0800: 523692.653: [GC [PSYoungGen: 1378448K->15072K(1379776K)] 3627714K->2264462K(4176000K), 0.0344490 secs] [Times: user=0.06 sys=0.00, real=0.03 secs] 
2016-02-21T19:52:16.334+0800: 523733.048: [GC [PSYoungGen: 1376544K->15952K(1380096K)] 3625934K->2265539K(4176320K), 0.0397240 secs] [Times: user=0.07 sys=0.00, real=0.04 secs] 
2016-02-21T19:52:58.088+0800: 523774.802: [GC [PSYoungGen: 1377936K->15184K(1379968K)] 3627523K->2265111K(4176192K), 0.0371900 secs] [Times: user=0.07 sys=0.00, real=0.04 secs] 
2016-02-21T19:53:43.510+0800: 523820.224: [GC [PSYoungGen: 1377168K->17825K(1378688K)] 3627095K->2268304K(4174912K), 0.0472040 secs] [Times: user=0.08 sys=0.00, real=0.05 secs] 
2016-02-21T19:54:25.437+0800: 523862.151: [GC [PSYoungGen: 1378657K->15632K(1379456K)] 3629136K->2266295K(4175680K), 0.0402580 secs] [Times: user=0.08 sys=0.00, real=0.04 secs] 
2016-02-21T19:55:04.002+0800: 523900.716: [GC [PSYoungGen: 1376464K->14032K(1379520K)] 3627127K->2264920K(4175744K), 0.0377730 secs] [Times: user=0.08 sys=0.00, real=0.03 secs] 
2016-02-21T19:55:46.101+0800: 523942.816: [GC [PSYoungGen: 1375120K->13916K(1379584K)] 3626008K->2265232K(4175808K), 0.0361080 secs] [Times: user=0.07 sys=0.00, real=0.03 secs] 
2016-02-21T19:56:32.419+0800: 523989.133: [GC [PSYoungGen: 1375004K->16202K(1379584K)] 3626320K->2267763K(4175808K), 0.0373000 secs] [Times: user=0.06 sys=0.01, real=0.04 secs] 
2016-02-21T19:57:11.927+0800: 524028.641: [GC [PSYoungGen: 1377290K->14704K(1379584K)] 3628851K->2266693K(4175808K), 0.0341830 secs] [Times: user=0.07 sys=0.00, real=0.03 secs] 
2016-02-21T19:57:51.947+0800: 524068.661: [GC [PSYoungGen: 1375792K->15360K(1380032K)] 3627781K->2267602K(4176256K), 0.0367130 secs] [Times: user=0.08 sys=0.00, real=0.04 secs] 
2016-02-21T19:58:34.971+0800: 524111.686: [GC [PSYoungGen: 1377024K->14560K(1379712K)] 3629266K->2267174K(4175936K), 0.0383680 secs] [Times: user=0.08 sys=0.00, real=0.04 secs] 
2016-02-21T19:59:17.064+0800: 524153.778: [GC [PSYoungGen: 1376224K->14560K(1380224K)] 3628838K->2267411K(4176448K), 0.0341570 secs] [Times: user=0.06 sys=0.01, real=0.03 secs] 
2016-02-21T20:00:01.104+0800: 524197.818: [GC [PSYoungGen: 1376800K->15984K(1380096K)] 3629651K->2269000K(4176320K), 0.0382440 secs] [Times: user=0.08 sys=0.00, real=0.03 secs] 
2016-02-21T20:00:44.637+0800: 524241.352: [GC [PSYoungGen: 1378224K->15280K(1380416K)] 3631240K->2268645K(4176640K), 0.0353360 secs] [Times: user=0.07 sys=0.00, real=0.04 secs] 
2016-02-21T20:01:26.385+0800: 524283.100: [GC [PSYoungGen: 1377840K->17648K(1380224K)] 3631205K->2271377K(4176448K), 0.0378370 secs] [Times: user=0.07 sys=0.00, real=0.04 secs] 
2016-02-21T20:02:15.745+0800: 524332.459: [GC [PSYoungGen: 1380208K->17584K(1378304K)] 3633937K->2271570K(4174528K), 0.0374940 secs] [Times: user=0.07 sys=0.00, real=0.03 secs] 
2016-02-21T20:03:02.239+0800: 524378.953: [GC [PSYoungGen: 1378032K->14640K(1379264K)] 3632018K->2269082K(4175488K), 0.0372780 secs] [Times: user=0.07 sys=0.00, real=0.04 secs] 
2016-02-21T20:03:46.383+0800: 524423.098: [GC [PSYoungGen: 1375088K->15328K(1379584K)] 3629530K->2269959K(4175808K), 0.0359830 secs] [Times: user=0.07 sys=0.00, real=0.03 secs] 
2016-02-21T20:04:36.864+0800: 524473.578: [GC [PSYoungGen: 1376160K->17456K(1378304K)] 3630791K->2272340K(4174528K), 0.0373920 secs] [Times: user=0.07 sys=0.00, real=0.04 secs] 
2016-02-21T20:05:20.332+0800: 524517.046: [GC [PSYoungGen: 1378288K->15840K(1379520K)] 3633172K->2271008K(4175744K), 0.0419530 secs] [Times: user=0.08 sys=0.00, real=0.05 secs] 
2016-02-21T20:06:00.223+0800: 524556.937: [GC [PSYoungGen: 1376480K->16144K(1379200K)] 3631648K->2271753K(4175424K), 0.0414990 secs] [Times: user=0.07 sys=0.00, real=0.04 secs] 
2016-02-21T20:06:46.397+0800: 524603.111: [GC [PSYoungGen: 1376784K->17408K(1379008K)] 3632393K->2273182K(4175232K), 0.0433620 secs] [Times: user=0.07 sys=0.00, real=0.04 secs] 
2016-02-21T20:07:26.752+0800: 524643.467: [GC [PSYoungGen: 1377984K->14960K(1379328K)] 3633758K->2271034K(4175552K), 0.0336030 secs] [Times: user=0.07 sys=0.00, real=0.04 secs] 
2016-02-21T20:08:10.249+0800: 524686.964: [GC [PSYoungGen: 1375536K->15792K(1379648K)] 3631610K->2272222K(4175872K), 0.0370740 secs] [Times: user=0.07 sys=0.00, real=0.04 secs] 
2016-02-21T20:08:53.373+0800: 524730.088: [GC [PSYoungGen: 1376752K->17328K(1379392K)] 3633182K->2273891K(4175616K), 0.0393030 secs] [Times: user=0.07 sys=0.00, real=0.04 secs] 
2016-02-21T20:09:33.238+0800: 524769.952: [GC [PSYoungGen: 1378288K->13920K(1379136K)] 3634851K->2270775K(4175360K), 0.0379330 secs] [Times: user=0.07 sys=0.00, real=0.03 secs] 
2016-02-21T20:10:14.311+0800: 524811.025: [GC [PSYoungGen: 1374368K->14272K(1379264K)] 3631223K->2271407K(4175488K), 0.0391360 secs] [Times: user=0.07 sys=0.00, real=0.04 secs] 
2016-02-21T20:10:52.941+0800: 524849.655: [GC [PSYoungGen: 1374720K->15447K(1379584K)] 3631855K->2272778K(4175808K), 0.0337900 secs] [Times: user=0.06 sys=0.00, real=0.03 secs] 
2016-02-21T20:11:33.263+0800: 524889.978: [GC [PSYoungGen: 1376279K->15584K(1379328K)] 3633610K->2273015K(4175552K), 0.0365450 secs] [Times: user=0.07 sys=0.00, real=0.04 secs] 
2016-02-21T20:12:18.175+0800: 524934.890: [GC [PSYoungGen: 1376416K->17024K(1379328K)] 3633847K->2274792K(4175552K), 0.0381250 secs] [Times: user=0.07 sys=0.00, real=0.04 secs] 
2016-02-21T20:12:55.105+0800: 524971.819: [GC [PSYoungGen: 1378112K->14080K(1379584K)] 3635880K->2272139K(4175808K), 0.0393880 secs] [Times: user=0.08 sys=0.00, real=0.04 secs] 
2016-02-21T20:13:35.416+0800: 525012.131: [GC [PSYoungGen: 1375168K->15408K(1379840K)] 3633227K->2273639K(4176064K), 0.0335370 secs] [Times: user=0.07 sys=0.00, real=0.03 secs] 
2016-02-21T20:14:18.021+0800: 525054.736: [GC [PSYoungGen: 1376752K->17776K(1379136K)] 3634983K->2276204K(4175360K), 0.0433330 secs] [Times: user=0.08 sys=0.00, real=0.04 secs] 
2016-02-21T20:14:58.402+0800: 525095.116: [GC [PSYoungGen: 1379120K->14512K(1379328K)] 3637548K->2273292K(4175552K), 0.0346040 secs] [Times: user=0.06 sys=0.00, real=0.04 secs] 
2016-02-21T20:15:37.044+0800: 525133.758: [GC [PSYoungGen: 1375024K->14176K(1379264K)] 3633804K->2273148K(4175488K), 0.0335990 secs] [Times: user=0.07 sys=0.00, real=0.04 secs] 
2016-02-21T20:16:21.638+0800: 525178.353: [GC [PSYoungGen: 1374688K->16400K(1379392K)] 3633660K->2275536K(4175616K), 0.0379410 secs] [Times: user=0.07 sys=0.00, real=0.04 secs] 
2016-02-21T20:16:58.010+0800: 525214.724: [GC [PSYoungGen: 1377104K->16112K(1379392K)] 3636240K->2275596K(4175616K), 0.0376570 secs] [Times: user=0.07 sys=0.00, real=0.04 secs] 
2016-02-21T20:17:43.111+0800: 525259.825: [GC [PSYoungGen: 1376816K->16912K(1379136K)] 3636300K->2276736K(4175360K), 0.0376590 secs] [Times: user=0.07 sys=0.00, real=0.04 secs] 
2016-02-21T20:18:25.891+0800: 525302.606: [GC [PSYoungGen: 1377488K->15552K(1379328K)] 3637312K->2275585K(4175552K), 0.0374510 secs] [Times: user=0.07 sys=0.00, real=0.04 secs] 
2016-02-21T20:19:08.913+0800: 525345.628: [GC [PSYoungGen: 1376128K->17296K(1378944K)] 3636161K->2277545K(4175168K), 0.0408960 secs] [Times: user=0.07 sys=0.01, real=0.04 secs] 
2016-02-21T20:19:48.324+0800: 525385.039: [GC [PSYoungGen: 1377744K->17296K(1377792K)] 3637993K->2277810K(4174016K), 0.0383620 secs] [Times: user=0.07 sys=0.00, real=0.04 secs] 
2016-02-21T20:20:30.795+0800: 525427.509: [GC [PSYoungGen: 1377744K->15104K(1379200K)] 3638258K->2276034K(4175424K), 0.0396670 secs] [Times: user=0.08 sys=0.00, real=0.04 secs] 
2016-02-21T20:21:14.704+0800: 525471.419: [GC [PSYoungGen: 1375296K->15472K(1379072K)] 3636226K->2276574K(4175296K), 0.0415110 secs] [Times: user=0.08 sys=0.00, real=0.04 secs] 
2016-02-21T20:21:56.719+0800: 525513.433: [GC [PSYoungGen: 1375664K->16224K(1379584K)] 3636766K->2277614K(4175808K), 0.0382820 secs] [Times: user=0.07 sys=0.00, real=0.04 secs] 
2016-02-21T20:22:39.864+0800: 525556.578: [GC [PSYoungGen: 1377120K->16931K(1379392K)] 3638510K->2278530K(4175616K), 0.0397540 secs] [Times: user=0.07 sys=0.01, real=0.04 secs] 
2016-02-21T20:23:24.085+0800: 525600.800: [GC [PSYoungGen: 1377827K->16128K(1379648K)] 3639426K->2277978K(4175872K), 0.0432390 secs] [Times: user=0.07 sys=0.00, real=0.04 secs] 
2016-02-21T20:24:06.369+0800: 525643.084: [GC [PSYoungGen: 1377152K->14992K(1379456K)] 3639002K->2277011K(4175680K), 0.0335400 secs] [Times: user=0.07 sys=0.00, real=0.03 secs] 
2016-02-21T20:24:50.651+0800: 525687.365: [GC [PSYoungGen: 1376016K->16508K(1379776K)] 3638035K->2278795K(4176000K), 0.0388690 secs] [Times: user=0.07 sys=0.00, real=0.04 secs] 
2016-02-21T20:25:30.248+0800: 525726.963: [GC [PSYoungGen: 1377916K->16112K(1379712K)] 3640203K->2278617K(4175936K), 0.0361620 secs] [Times: user=0.07 sys=0.00, real=0.03 secs] 
2016-02-21T20:26:10.653+0800: 525767.368: [GC [PSYoungGen: 1377520K->17056K(1379584K)] 3640025K->2279837K(4175808K), 0.0447320 secs] [Times: user=0.08 sys=0.00, real=0.05 secs] 
2016-02-21T20:26:51.587+0800: 525808.301: [GC [PSYoungGen: 1378528K->16448K(1379776K)] 3641309K->2279461K(4176000K), 0.0395270 secs] [Times: user=0.07 sys=0.00, real=0.04 secs] 
2016-02-21T20:27:35.897+0800: 525852.612: [GC [PSYoungGen: 1377920K->18208K(1378560K)] 3640933K->2281585K(4174784K), 0.0416570 secs] [Times: user=0.07 sys=0.00, real=0.04 secs] 
2016-02-21T20:28:13.701+0800: 525890.415: [GC [PSYoungGen: 1378528K->15485K(1379200K)] 3641905K->2279271K(4175424K), 0.0348310 secs] [Times: user=0.06 sys=0.00, real=0.03 secs] 
2016-02-21T20:28:56.214+0800: 525932.929: [GC [PSYoungGen: 1375805K->15024K(1379264K)] 3639591K->2279215K(4175488K), 0.0378140 secs] [Times: user=0.08 sys=0.00, real=0.04 secs] 
2016-02-21T20:29:35.776+0800: 525972.490: [GC [PSYoungGen: 1375472K->16928K(1379264K)] 3639663K->2281243K(4175488K), 0.0391790 secs] [Times: user=0.07 sys=0.00, real=0.04 secs] 
2016-02-21T20:30:18.521+0800: 526015.236: [GC [PSYoungGen: 1377376K->17056K(1379136K)] 3641691K->2281608K(4175360K), 0.0399410 secs] [Times: user=0.07 sys=0.00, real=0.04 secs] 
2016-02-21T20:30:58.694+0800: 526055.409: [GC [PSYoungGen: 1377376K->15808K(1379200K)] 3641928K->2280760K(4175424K), 0.0377690 secs] [Times: user=0.07 sys=0.00, real=0.04 secs] 
2016-02-21T20:31:42.334+0800: 526099.048: [GC [PSYoungGen: 1376128K->15696K(1379520K)] 3641080K->2280789K(4175744K), 0.0403850 secs] [Times: user=0.08 sys=0.00, real=0.04 secs] 
2016-02-21T20:32:19.253+0800: 526135.968: [GC [PSYoungGen: 1376528K->13152K(1374016K)] 3641621K->2278545K(4170240K), 0.0333170 secs] [Times: user=0.07 sys=0.00, real=0.03 secs] 
2016-02-21T20:33:00.944+0800: 526177.659: [GC [PSYoungGen: 1373984K->18000K(1378240K)] 3639377K->2283509K(4174464K), 0.0396010 secs] [Times: user=0.07 sys=0.00, real=0.04 secs] 
2016-02-21T20:33:43.015+0800: 526219.729: [GC [PSYoungGen: 1377424K->16832K(1378752K)] 3642933K->2282561K(4174976K), 0.0387410 secs] [Times: user=0.08 sys=0.00, real=0.04 secs] 
2016-02-21T20:34:25.712+0800: 526262.426: [GC [PSYoungGen: 1376256K->15136K(1378944K)] 3641985K->2281034K(4175168K), 0.0355640 secs] [Times: user=0.07 sys=0.00, real=0.03 secs] 
2016-02-21T20:35:00.638+0800: 526297.353: [GC [PSYoungGen: 1374816K->15504K(1378816K)] 3640714K->2281638K(4175040K), 0.0396200 secs] [Times: user=0.07 sys=0.00, real=0.04 secs] 
2016-02-21T20:35:41.018+0800: 526337.732: [GC [PSYoungGen: 1375184K->16144K(1379392K)] 3641318K->2282534K(4175616K), 0.0386950 secs] [Times: user=0.07 sys=0.00, real=0.04 secs] 
2016-02-21T20:36:23.383+0800: 526380.097: [GC [PSYoungGen: 1376592K->14832K(1379136K)] 3642982K->2281479K(4175360K), 0.0367140 secs] [Times: user=0.08 sys=0.00, real=0.04 secs] 
2016-02-21T20:37:05.610+0800: 526422.324: [GC [PSYoungGen: 1375280K->16240K(1379584K)] 3641927K->2283191K(4175808K), 0.0391000 secs] [Times: user=0.07 sys=0.01, real=0.04 secs] 
2016-02-21T20:37:47.337+0800: 526464.051: [GC [PSYoungGen: 1377200K->15424K(1379456K)] 3644151K->2282591K(4175680K), 0.0384160 secs] [Times: user=0.07 sys=0.01, real=0.04 secs] 
2016-02-21T20:38:27.491+0800: 526504.206: [GC [PSYoungGen: 1376384K->14272K(1379648K)] 3643551K->2281784K(4175872K), 0.0411500 secs] [Times: user=0.09 sys=0.00, real=0.04 secs] 
2016-02-21T20:39:09.162+0800: 526545.876: [GC [PSYoungGen: 1375616K->18344K(1379712K)] 3643128K->2287244K(4175936K), 0.0413820 secs] [Times: user=0.07 sys=0.00, real=0.04 secs] 
2016-02-21T20:39:53.380+0800: 526590.094: [GC [PSYoungGen: 1379688K->16192K(1377920K)] 3648588K->2285452K(4174144K), 0.0457970 secs] [Times: user=0.09 sys=0.00, real=0.05 secs] 
2016-02-21T20:40:32.225+0800: 526628.939: [GC [PSYoungGen: 1375744K->14992K(1378816K)] 3645004K->2284409K(4175040K), 0.0375190 secs] [Times: user=0.06 sys=0.00, real=0.04 secs] 
2016-02-21T20:41:12.706+0800: 526669.420: [GC [PSYoungGen: 1374544K->18064K(1378048K)] 3643961K->2287801K(4174272K), 0.0435820 secs] [Times: user=0.08 sys=0.00, real=0.05 secs] 
2016-02-21T20:41:50.511+0800: 526707.226: [GC [PSYoungGen: 1376976K->16192K(1378496K)] 3646713K->2286166K(4174720K), 0.0381620 secs] [Times: user=0.08 sys=0.00, real=0.04 secs] 
2016-02-21T20:42:27.900+0800: 526744.615: [GC [PSYoungGen: 1375104K->15504K(1379008K)] 3645078K->2285959K(4175232K), 0.0362440 secs] [Times: user=0.07 sys=0.00, real=0.04 secs] 
2016-02-21T20:43:08.759+0800: 526785.473: [GC [PSYoungGen: 1375248K->15488K(1378816K)] 3645703K->2286303K(4175040K), 0.0359300 secs] [Times: user=0.06 sys=0.00, real=0.04 secs] 
2016-02-21T20:43:47.085+0800: 526823.800: [GC [PSYoungGen: 1375232K->14384K(1379136K)] 3646047K->2285331K(4175360K), 0.0348170 secs] [Times: user=0.06 sys=0.00, real=0.04 secs] 
2016-02-21T20:44:24.339+0800: 526861.053: [GC [PSYoungGen: 1374576K->14208K(1379136K)] 3645523K->2285479K(4175360K), 0.0377680 secs] [Times: user=0.07 sys=0.01, real=0.04 secs] 
2016-02-21T20:45:03.894+0800: 526900.608: [GC [PSYoungGen: 1374400K->17280K(1378624K)] 3645671K->2288783K(4174848K), 0.0401660 secs] [Times: user=0.08 sys=0.00, real=0.04 secs] 
2016-02-21T20:45:45.013+0800: 526941.727: [GC [PSYoungGen: 1376960K->16384K(1378880K)] 3648463K->2288299K(4175104K), 0.0460730 secs] [Times: user=0.08 sys=0.00, real=0.04 secs] 
2016-02-21T20:46:25.703+0800: 526982.417: [GC [PSYoungGen: 1376064K->15808K(1379328K)] 3647979K->2287915K(4175552K), 0.0397000 secs] [Times: user=0.07 sys=0.00, real=0.04 secs] 
2016-02-21T20:47:04.774+0800: 527021.488: [GC [PSYoungGen: 1376128K->16880K(1379072K)] 3648235K->2289140K(4175296K), 0.0419640 secs] [Times: user=0.09 sys=0.00, real=0.04 secs] 
2016-02-21T20:47:45.314+0800: 527062.028: [GC [PSYoungGen: 1377200K->15504K(1379456K)] 3649460K->2288128K(4175680K), 0.0364020 secs] [Times: user=0.06 sys=0.00, real=0.03 secs] 
2016-02-21T20:48:24.577+0800: 527101.291: [GC [PSYoungGen: 1376144K->15008K(1379264K)] 3648768K->2287864K(4175488K), 0.0389440 secs] [Times: user=0.07 sys=0.00, real=0.04 secs] 
2016-02-21T20:49:02.729+0800: 527139.443: [GC [PSYoungGen: 1375648K->15267K(1379712K)] 3648504K->2288336K(4175936K), 0.0361160 secs] [Times: user=0.07 sys=0.00, real=0.03 secs] 
2016-02-21T20:49:45.532+0800: 527182.246: [GC [PSYoungGen: 1376419K->16816K(1379520K)] 3649488K->2290086K(4175744K), 0.0360380 secs] [Times: user=0.07 sys=0.00, real=0.04 secs] 
2016-02-21T20:50:25.309+0800: 527222.024: [GC [PSYoungGen: 1377968K->16128K(1379776K)] 3651238K->2289735K(4176000K), 0.0411160 secs] [Times: user=0.07 sys=0.00, real=0.04 secs] 
2016-02-21T20:51:02.352+0800: 527259.066: [GC [PSYoungGen: 1377408K->14544K(1379584K)] 3651015K->2288547K(4175808K), 0.0421850 secs] [Times: user=0.09 sys=0.01, real=0.05 secs] 
2016-02-21T20:51:41.139+0800: 527297.853: [GC [PSYoungGen: 1375824K->16160K(1379904K)] 3649827K->2290262K(4176128K), 0.0386910 secs] [Times: user=0.07 sys=0.00, real=0.04 secs] 
2016-02-21T20:52:22.745+0800: 527339.460: [GC [PSYoungGen: 1377760K->15041K(1379776K)] 3651862K->2289355K(4176000K), 0.0351240 secs] [Times: user=0.07 sys=0.00, real=0.04 secs] 
2016-02-21T20:52:57.807+0800: 527374.521: [GC [PSYoungGen: 1376641K->13895K(1379840K)] 3650955K->2288579K(4176064K), 0.0330140 secs] [Times: user=0.07 sys=0.00, real=0.03 secs] 
2016-02-21T20:53:37.431+0800: 527414.146: [GC [PSYoungGen: 1375623K->15568K(1379904K)] 3650307K->2290431K(4176128K), 0.0362370 secs] [Times: user=0.07 sys=0.00, real=0.04 secs] 
2016-02-21T20:54:19.010+0800: 527455.724: [GC [PSYoungGen: 1377296K->15488K(1380352K)] 3652159K->2290487K(4176576K), 0.0379580 secs] [Times: user=0.07 sys=0.01, real=0.04 secs] 
2016-02-21T20:54:58.561+0800: 527495.275: [GC [PSYoungGen: 1377920K->15264K(1380160K)] 3652919K->2290418K(4176384K), 0.0363320 secs] [Times: user=0.08 sys=0.00, real=0.04 secs] 
2016-02-21T20:55:35.120+0800: 527531.834: [GC [PSYoungGen: 1377696K->15536K(1380736K)] 3652850K->2290927K(4176960K), 0.0361210 secs] [Times: user=0.08 sys=0.00, real=0.04 secs] 
2016-02-21T20:56:09.279+0800: 527565.993: [GC [PSYoungGen: 1378736K->14272K(1380544K)] 3654127K->2290015K(4176768K), 0.0365150 secs] [Times: user=0.07 sys=0.00, real=0.04 secs] 
2016-02-21T20:56:51.626+0800: 527608.340: [GC [PSYoungGen: 1377472K->16336K(1380416K)] 3653215K->2292167K(4176640K), 0.0375730 secs] [Times: user=0.08 sys=0.00, real=0.04 secs] 
2016-02-21T20:57:33.723+0800: 527650.437: [GC [PSYoungGen: 1379344K->17296K(1380352K)] 3655175K->2293392K(4176576K), 0.0392190 secs] [Times: user=0.07 sys=0.01, real=0.04 secs] 
2016-02-21T20:58:12.497+0800: 527689.211: [GC [PSYoungGen: 1380304K->16016K(1379968K)] 3656400K->2292300K(4176192K), 0.0451290 secs] [Times: user=0.08 sys=0.00, real=0.04 secs] 
2016-02-21T20:58:54.309+0800: 527731.023: [GC [PSYoungGen: 1378256K->15856K(1380160K)] 3654540K->2292584K(4176384K), 0.0433020 secs] [Times: user=0.08 sys=0.00, real=0.05 secs] 
2016-02-21T20:59:32.441+0800: 527769.156: [GC [PSYoungGen: 1378096K->15776K(1380544K)] 3654824K->2292640K(4176768K), 0.0373700 secs] [Times: user=0.07 sys=0.00, real=0.03 secs] 
2016-02-21T21:00:08.023+0800: 527804.738: [GC [PSYoungGen: 1378592K->15520K(1380352K)] 3655456K->2292544K(4176576K), 0.0355800 secs] [Times: user=0.07 sys=0.00, real=0.04 secs] 
2016-02-21T21:00:44.279+0800: 527840.994: [GC [PSYoungGen: 1378336K->14608K(1380672K)] 3655360K->2291872K(4176896K), 0.0334850 secs] [Times: user=0.07 sys=0.00, real=0.03 secs] 
2016-02-21T21:01:21.263+0800: 527877.978: [GC [PSYoungGen: 1377872K->14016K(1377344K)] 3655136K->2291624K(4173568K), 0.0350100 secs] [Times: user=0.07 sys=0.00, real=0.04 secs] 
2016-02-21T21:02:02.066+0800: 527918.780: [GC [PSYoungGen: 1377280K->16024K(1380544K)] 3654888K->2293816K(4176768K), 0.0378660 secs] [Times: user=0.07 sys=0.00, real=0.04 secs] 
2016-02-21T21:02:44.148+0800: 527960.863: [GC [PSYoungGen: 1379032K->17008K(1380032K)] 3656824K->2295156K(4176256K), 0.0433200 secs] [Times: user=0.08 sys=0.00, real=0.04 secs] 
2016-02-21T21:03:22.605+0800: 527999.320: [GC [PSYoungGen: 1380016K->17888K(1377856K)] 3658164K->2297526K(4174080K), 0.0455840 secs] [Times: user=0.08 sys=0.00, real=0.04 secs] 
2016-02-21T21:04:04.867+0800: 528041.581: [GC [PSYoungGen: 1377824K->16801K(1379008K)] 3657462K->2296831K(4175232K), 0.0439310 secs] [Times: user=0.07 sys=0.00, real=0.04 secs] 
2016-02-21T21:04:41.415+0800: 528078.129: [GC [PSYoungGen: 1376737K->13952K(1378816K)] 3656767K->2294499K(4175040K), 0.0336890 secs] [Times: user=0.07 sys=0.00, real=0.03 secs] 
2016-02-21T21:05:17.489+0800: 528114.203: [GC [PSYoungGen: 1373760K->15200K(1378944K)] 3654307K->2295891K(4175168K), 0.0373480 secs] [Times: user=0.07 sys=0.01, real=0.03 secs] 
2016-02-21T21:05:54.732+0800: 528151.446: [GC [PSYoungGen: 1375008K->15264K(1379392K)] 3655699K->2296264K(4175616K), 0.0385510 secs] [Times: user=0.06 sys=0.01, real=0.04 secs] 
2016-02-21T21:06:36.449+0800: 528193.163: [GC [PSYoungGen: 1375776K->18384K(1378944K)] 3656776K->2299809K(4175168K), 0.0412360 secs] [Times: user=0.08 sys=0.00, real=0.04 secs] 
2016-02-21T21:07:14.747+0800: 528231.461: [GC [PSYoungGen: 1378896K->16864K(1378560K)] 3660321K->2298613K(4174784K), 0.0372170 secs] [Times: user=0.08 sys=0.00, real=0.04 secs] 
2016-02-21T21:07:48.920+0800: 528265.634: [GC [PSYoungGen: 1376288K->14880K(1378752K)] 3658037K->2296981K(4174976K), 0.0357160 secs] [Times: user=0.06 sys=0.00, real=0.03 secs] 
2016-02-21T21:08:27.804+0800: 528304.519: [GC [PSYoungGen: 1374304K->17136K(1378688K)] 3656405K->2299430K(4174912K), 0.0391940 secs] [Times: user=0.07 sys=0.00, real=0.04 secs] 
2016-02-21T21:09:05.812+0800: 528342.527: [GC [PSYoungGen: 1376560K->17534K(1376960K)] 3658854K->2300077K(4173184K), 0.0399510 secs] [Times: user=0.07 sys=0.00, real=0.04 secs] 
2016-02-21T21:09:39.724+0800: 528376.439: [GC [PSYoungGen: 1376958K->15600K(1378752K)] 3659501K->2298956K(4174976K), 0.0365600 secs] [Times: user=0.07 sys=0.00, real=0.04 secs] 
2016-02-21T21:10:18.703+0800: 528415.417: [GC [PSYoungGen: 1374768K->18464K(1377664K)] 3658124K->2301936K(4173888K), 0.0421910 secs] [Times: user=0.08 sys=0.00, real=0.04 secs] 
2016-02-21T21:10:52.575+0800: 528449.289: [GC [PSYoungGen: 1377632K->13760K(1377984K)] 3661104K->2297644K(4174208K), 0.0350650 secs] [Times: user=0.07 sys=0.00, real=0.04 secs] 
2016-02-21T21:11:28.751+0800: 528485.465: [GC [PSYoungGen: 1371904K->14240K(1378112K)] 3655788K->2298324K(4174336K), 0.0333760 secs] [Times: user=0.07 sys=0.00, real=0.04 secs] 
2016-02-21T21:12:06.784+0800: 528523.498: [GC [PSYoungGen: 1372384K->15744K(1378496K)] 3656468K->2299941K(4174720K), 0.0378400 secs] [Times: user=0.07 sys=0.01, real=0.04 secs] 
2016-02-21T21:12:45.619+0800: 528562.333: [GC [PSYoungGen: 1374336K->17104K(1378176K)] 3658533K->2301894K(4174400K), 0.0395780 secs] [Times: user=0.07 sys=0.00, real=0.04 secs] 
2016-02-21T21:13:19.894+0800: 528596.609: [GC [PSYoungGen: 1375696K->15488K(1378688K)] 3660486K->2300714K(4174912K), 0.0388890 secs] [Times: user=0.08 sys=0.00, real=0.04 secs] 
2016-02-21T21:13:47.281+0800: 528623.996: [GC [PSYoungGen: 1374484K->12521K(1378432K)] 3659711K->2298060K(4174656K), 0.0395890 secs] [Times: user=0.08 sys=0.00, real=0.04 secs] 
2016-02-21T21:14:20.823+0800: 528657.537: [GC [PSYoungGen: 1371561K->13168K(1378432K)] 3657100K->2298923K(4174656K), 0.0317510 secs] [Times: user=0.07 sys=0.00, real=0.04 secs] 
2016-02-21T21:14:56.326+0800: 528693.040: [GC [PSYoungGen: 1371952K->15920K(1378432K)] 3657707K->2301888K(4174656K), 0.0362780 secs] [Times: user=0.07 sys=0.00, real=0.04 secs] 
2016-02-21T21:15:29.748+0800: 528726.462: [GC [PSYoungGen: 1374704K->14688K(1378944K)] 3660672K->2301113K(4175168K), 0.0362080 secs] [Times: user=0.07 sys=0.00, real=0.04 secs] 
2016-02-21T21:16:05.718+0800: 528762.432: [GC [PSYoungGen: 1374176K->14016K(1378624K)] 3660601K->2300665K(4174848K), 0.0352580 secs] [Times: user=0.07 sys=0.00, real=0.03 secs] 
2016-02-21T21:16:40.249+0800: 528796.963: [GC [PSYoungGen: 1373504K->15168K(1379456K)] 3660153K->2302134K(4175680K), 0.0452340 secs] [Times: user=0.09 sys=0.00, real=0.04 secs] 
2016-02-21T21:17:10.099+0800: 528826.814: [GC [PSYoungGen: 1375616K->13824K(1379072K)] 3662582K->2300995K(4175296K), 0.0347730 secs] [Times: user=0.06 sys=0.00, real=0.04 secs] 
2016-02-21T21:17:41.512+0800: 528858.227: [GC [PSYoungGen: 1374272K->15008K(1379840K)] 3661443K->2302448K(4176064K), 0.0401110 secs] [Times: user=0.07 sys=0.00, real=0.04 secs] 
2016-02-21T21:18:16.215+0800: 528892.930: [GC [PSYoungGen: 1376288K->15024K(1379520K)] 3663728K->2302964K(4175744K), 0.0346180 secs] [Times: user=0.07 sys=0.01, real=0.04 secs] 
2016-02-21T21:18:43.464+0800: 528920.179: [GC [PSYoungGen: 1376304K->14672K(1380352K)] 3664244K->2302772K(4176576K), 0.0393800 secs] [Times: user=0.07 sys=0.00, real=0.04 secs] 
2016-02-21T21:19:15.649+0800: 528952.363: [GC [PSYoungGen: 1377104K->17296K(1379776K)] 3665204K->2305605K(4176000K), 0.0445230 secs] [Times: user=0.08 sys=0.00, real=0.04 secs] 
2016-02-21T21:19:48.713+0800: 528985.428: [GC [PSYoungGen: 1379728K->18048K(1378368K)] 3668037K->2306854K(4174592K), 0.0432300 secs] [Times: user=0.08 sys=0.00, real=0.04 secs] 
2016-02-21T21:20:16.882+0800: 529013.597: [GC [PSYoungGen: 1378112K->15456K(1379072K)] 3666918K->2304463K(4175296K), 0.0370670 secs] [Times: user=0.07 sys=0.00, real=0.03 secs] 
2016-02-21T21:20:43.217+0800: 529039.931: [GC [PSYoungGen: 1375520K->18656K(1375424K)] 3664527K->2310730K(4171648K), 0.0446500 secs] [Times: user=0.08 sys=0.00, real=0.05 secs] 
2016-02-21T21:21:11.987+0800: 529068.702: [GC [PSYoungGen: 1375392K->16352K(1377408K)] 3667466K->2308711K(4173632K), 0.0384440 secs] [Times: user=0.07 sys=0.00, real=0.04 secs] 
2016-02-21T21:21:44.498+0800: 529101.213: [GC [PSYoungGen: 1373088K->15424K(1378048K)] 3665447K->2308120K(4174272K), 0.0433650 secs] [Times: user=0.10 sys=0.00, real=0.04 secs] 
2016-02-21T21:22:15.771+0800: 529132.486: [GC [PSYoungGen: 1373184K->16400K(1377792K)] 3665880K->2309316K(4174016K), 0.0349040 secs] [Times: user=0.07 sys=0.00, real=0.04 secs] 
2016-02-21T21:22:49.286+0800: 529166.001: [GC [PSYoungGen: 1374160K->17456K(1378112K)] 3667076K->2310652K(4174336K), 0.0402780 secs] [Times: user=0.08 sys=0.00, real=0.04 secs] 
2016-02-21T21:23:25.633+0800: 529202.347: [GC [PSYoungGen: 1375856K->16800K(1378240K)] 3669052K->2310176K(4174464K), 0.0430740 secs] [Times: user=0.08 sys=0.00, real=0.04 secs] 
2016-02-21T21:23:58.816+0800: 529235.531: [GC [PSYoungGen: 1375200K->14832K(1378432K)] 3668576K->2308457K(4174656K), 0.0376720 secs] [Times: user=0.07 sys=0.00, real=0.03 secs] 
2016-02-21T21:24:29.090+0800: 529265.804: [GC [PSYoungGen: 1373552K->16720K(1378368K)] 3667177K->2310658K(4174592K), 0.0366380 secs] [Times: user=0.07 sys=0.00, real=0.04 secs] 
2016-02-21T21:25:02.288+0800: 529299.002: [GC [PSYoungGen: 1375440K->16528K(1378816K)] 3669378K->2310814K(4175040K), 0.0356150 secs] [Times: user=0.06 sys=0.00, real=0.03 secs] 
2016-02-21T21:25:33.208+0800: 529329.923: [GC [PSYoungGen: 1375888K->15040K(1378624K)] 3670174K->2309623K(4174848K), 0.0354410 secs] [Times: user=0.07 sys=0.00, real=0.04 secs] 
2016-02-21T21:26:04.153+0800: 529360.868: [GC [PSYoungGen: 1374400K->16672K(1379008K)] 3668983K->2311507K(4175232K), 0.0355080 secs] [Times: user=0.07 sys=0.00, real=0.04 secs] 
2016-02-21T21:26:36.054+0800: 529392.768: [GC [PSYoungGen: 1376480K->15024K(1378880K)] 3671315K->2309987K(4175104K), 0.0424470 secs] [Times: user=0.09 sys=0.00, real=0.05 secs] 
2016-02-21T21:27:07.892+0800: 529424.606: [GC [PSYoungGen: 1374832K->16112K(1379328K)] 3669795K->2311320K(4175552K), 0.0367940 secs] [Times: user=0.07 sys=0.00, real=0.04 secs] 
2016-02-21T21:27:39.541+0800: 529456.256: [GC [PSYoungGen: 1376432K->16224K(1379072K)] 3671640K->2311620K(4175296K), 0.0418120 secs] [Times: user=0.07 sys=0.00, real=0.04 secs] 
2016-02-21T21:28:12.336+0800: 529489.050: [GC [PSYoungGen: 1376544K->16049K(1379776K)] 3671940K->2311688K(4176000K), 0.0357330 secs] [Times: user=0.08 sys=0.00, real=0.03 secs] 
2016-02-21T21:28:47.751+0800: 529524.466: [GC [PSYoungGen: 1377329K->16368K(1379584K)] 3672968K->2312377K(4175808K), 0.0373840 secs] [Times: user=0.07 sys=0.00, real=0.04 secs] 
2016-02-21T21:29:19.448+0800: 529556.162: [GC [PSYoungGen: 1377648K->15376K(1379968K)] 3673657K->2311689K(4176192K), 0.0357090 secs] [Times: user=0.07 sys=0.00, real=0.04 secs] 
2016-02-21T21:29:54.976+0800: 529591.690: [GC [PSYoungGen: 1377168K->16640K(1379904K)] 3673481K->2313192K(4176128K), 0.0372780 secs] [Times: user=0.07 sys=0.00, real=0.04 secs] 
2016-02-21T21:30:24.724+0800: 529621.438: [GC [PSYoungGen: 1378432K->14288K(1379712K)] 3674984K->2311232K(4175936K), 0.0410620 secs] [Times: user=0.07 sys=0.01, real=0.04 secs] 
2016-02-21T21:30:57.186+0800: 529653.901: [GC [PSYoungGen: 1375888K->14816K(1379840K)] 3672832K->2311981K(4176064K), 0.0397510 secs] [Times: user=0.06 sys=0.00, real=0.04 secs] 
2016-02-21T21:31:32.364+0800: 529689.078: [GC [PSYoungGen: 1376416K->15728K(1380096K)] 3673581K->2313097K(4176320K), 0.0370980 secs] [Times: user=0.08 sys=0.00, real=0.04 secs] 
2016-02-21T21:32:04.389+0800: 529721.103: [GC [PSYoungGen: 1377648K->15937K(1379904K)] 3675017K->2313534K(4176128K), 0.0410120 secs] [Times: user=0.08 sys=0.00, real=0.04 secs] 
2016-02-21T21:32:35.527+0800: 529752.241: [GC [PSYoungGen: 1377857K->14704K(1380288K)] 3675454K->2312706K(4176512K), 0.0367850 secs] [Times: user=0.07 sys=0.00, real=0.04 secs] 
2016-02-21T21:33:07.638+0800: 529784.353: [GC [PSYoungGen: 1377200K->15968K(1380288K)] 3675202K->2314243K(4176512K), 0.0373220 secs] [Times: user=0.06 sys=0.00, real=0.04 secs] 
2016-02-21T21:33:38.443+0800: 529815.158: [GC [PSYoungGen: 1378464K->15072K(1380480K)] 3676739K->2313507K(4176704K), 0.0369510 secs] [Times: user=0.07 sys=0.00, real=0.04 secs] 
2016-02-21T21:34:10.545+0800: 529847.259: [GC [PSYoungGen: 1377888K->16192K(1380416K)] 3676323K->2314885K(4176640K), 0.0411180 secs] [Times: user=0.08 sys=0.00, real=0.04 secs] 
2016-02-21T21:34:46.128+0800: 529882.842: [GC [PSYoungGen: 1379008K->15216K(1380544K)] 3677701K->2314198K(4176768K), 0.0348000 secs] [Times: user=0.06 sys=0.00, real=0.03 secs] 
2016-02-21T21:35:14.740+0800: 529911.455: [GC [PSYoungGen: 1378160K->15685K(1380480K)] 3677142K->2314919K(4176704K), 0.0378980 secs] [Times: user=0.08 sys=0.00, real=0.04 secs] 
2016-02-21T21:35:46.688+0800: 529943.402: [GC [PSYoungGen: 1378629K->14448K(1380608K)] 3677863K->2313875K(4176832K), 0.0425330 secs] [Times: user=0.08 sys=0.00, real=0.04 secs] 
2016-02-21T21:36:21.622+0800: 529978.336: [GC [PSYoungGen: 1377712K->16960K(1380288K)] 3677139K->2316651K(4176512K), 0.0492570 secs] [Times: user=0.07 sys=0.00, real=0.04 secs] 
2016-02-21T21:36:55.470+0800: 530012.184: [GC [PSYoungGen: 1380224K->16624K(1380096K)] 3679915K->2316523K(4176320K), 0.0390950 secs] [Times: user=0.07 sys=0.01, real=0.04 secs] 
2016-02-21T21:37:27.138+0800: 530043.852: [GC [PSYoungGen: 1378992K->14304K(1376704K)] 3678891K->2314360K(4172928K), 0.0352240 secs] [Times: user=0.06 sys=0.01, real=0.03 secs] 
2016-02-21T21:37:59.937+0800: 530076.651: [GC [PSYoungGen: 1376672K->17664K(1379136K)] 3676728K->2318008K(4175360K), 0.0388800 secs] [Times: user=0.08 sys=0.00, real=0.04 secs] 
2016-02-21T21:38:31.627+0800: 530108.342: [GC [PSYoungGen: 1378880K->16656K(1377920K)] 3679224K->2317461K(4174144K), 0.0387870 secs] [Times: user=0.07 sys=0.00, real=0.04 secs] 
2016-02-21T21:39:02.354+0800: 530139.068: [GC [PSYoungGen: 1377872K->15392K(1379776K)] 3678677K->2316369K(4176000K), 0.0365530 secs] [Times: user=0.08 sys=0.00, real=0.03 secs] 
2016-02-21T21:39:32.173+0800: 530168.887: [GC [PSYoungGen: 1376672K->17008K(1379584K)] 3677649K->2318535K(4175808K), 0.0411920 secs] [Times: user=0.09 sys=0.00, real=0.04 secs] 
2016-02-21T21:40:05.411+0800: 530202.126: [GC [PSYoungGen: 1378288K->14240K(1379456K)] 3679815K->2316035K(4175680K), 0.0352160 secs] [Times: user=0.07 sys=0.00, real=0.03 secs] 
2016-02-21T21:40:39.833+0800: 530236.548: [GC [PSYoungGen: 1375200K->15424K(1379520K)] 3676995K->2317456K(4175744K), 0.0400320 secs] [Times: user=0.08 sys=0.00, real=0.04 secs] 
2016-02-21T21:41:11.693+0800: 530268.407: [GC [PSYoungGen: 1376384K->15344K(1379904K)] 3678416K->2317909K(4176128K), 0.0427520 secs] [Times: user=0.09 sys=0.00, real=0.04 secs] 
2016-02-21T21:41:44.343+0800: 530301.057: [GC [PSYoungGen: 1376880K->16528K(1379712K)] 3679445K->2319330K(4175936K), 0.0395950 secs] [Times: user=0.07 sys=0.00, real=0.04 secs] 
2016-02-21T21:42:18.785+0800: 530335.500: [GC [PSYoungGen: 1378064K->15584K(1380032K)] 3680866K->2318766K(4176256K), 0.0411320 secs] [Times: user=0.08 sys=0.00, real=0.04 secs] 
2016-02-21T21:42:52.915+0800: 530369.629: [GC [PSYoungGen: 1377376K->15632K(1379840K)] 3680558K->2318990K(4176064K), 0.0386370 secs] [Times: user=0.07 sys=0.00, real=0.04 secs] 
2016-02-21T21:43:29.078+0800: 530405.793: [GC [PSYoungGen: 1377424K->15280K(1380352K)] 3680782K->2318962K(4176576K), 0.0373400 secs] [Times: user=0.06 sys=0.00, real=0.03 secs] 
2016-02-21T21:44:03.429+0800: 530440.143: [GC [PSYoungGen: 1377840K->16048K(1380288K)] 3681522K->2319883K(4176512K), 0.0397520 secs] [Times: user=0.08 sys=0.00, real=0.04 secs] 
2016-02-21T21:44:39.973+0800: 530476.687: [GC [PSYoungGen: 1378608K->17120K(1379840K)] 3682443K->2321071K(4176064K), 0.0373920 secs] [Times: user=0.07 sys=0.00, real=0.03 secs] 
2016-02-21T21:45:15.241+0800: 530511.956: [GC [PSYoungGen: 1379360K->16784K(1379072K)] 3683311K->2320887K(4175296K), 0.0440450 secs] [Times: user=0.08 sys=0.00, real=0.04 secs] 
2016-02-21T21:45:48.720+0800: 530545.434: [GC [PSYoungGen: 1379024K->16439K(1380032K)] 3683127K->2320887K(4176256K), 0.0377580 secs] [Times: user=0.08 sys=0.00, real=0.04 secs] 
2016-02-21T21:46:19.087+0800: 530575.802: [GC [PSYoungGen: 1378423K->13616K(1375616K)] 3682871K->2318208K(4171840K), 0.0352950 secs] [Times: user=0.06 sys=0.00, real=0.03 secs] 
2016-02-21T21:46:53.140+0800: 530609.854: [GC [PSYoungGen: 1375600K->15888K(1380032K)] 3680192K->2320653K(4176256K), 0.0379510 secs] [Times: user=0.08 sys=0.00, real=0.04 secs] 
2016-02-21T21:47:24.354+0800: 530641.068: [GC [PSYoungGen: 1377680K->16528K(1379840K)] 3682445K->2321645K(4176064K), 0.0421150 secs] [Times: user=0.08 sys=0.00, real=0.04 secs] 
2016-02-21T21:47:56.717+0800: 530673.431: [GC [PSYoungGen: 1378320K->16208K(1380096K)] 3683437K->2321718K(4176320K), 0.0382440 secs] [Times: user=0.07 sys=0.00, real=0.03 secs] 
2016-02-21T21:48:31.248+0800: 530707.962: [GC [PSYoungGen: 1378192K->16960K(1379008K)] 3683702K->2322906K(4175232K), 0.0400780 secs] [Times: user=0.08 sys=0.00, real=0.04 secs] 
2016-02-21T21:49:05.136+0800: 530741.851: [GC [PSYoungGen: 1378944K->16640K(1379904K)] 3684890K->2322715K(4176128K), 0.0393810 secs] [Times: user=0.07 sys=0.00, real=0.04 secs] 
2016-02-21T21:49:36.787+0800: 530773.501: [GC [PSYoungGen: 1378368K->12320K(1374080K)] 3684443K->2318879K(4170304K), 0.0326690 secs] [Times: user=0.07 sys=0.00, real=0.03 secs] 
2016-02-21T21:50:06.374+0800: 530803.088: [GC [PSYoungGen: 1374048K->14416K(1379520K)] 3680607K->2321148K(4175744K), 0.0347760 secs] [Times: user=0.06 sys=0.00, real=0.04 secs] 
2016-02-21T21:50:37.527+0800: 530834.242: [GC [PSYoungGen: 1375312K->13984K(1379456K)] 3682044K->2321107K(4175680K), 0.0348200 secs] [Times: user=0.07 sys=0.01, real=0.04 secs] 
2016-02-21T21:51:09.700+0800: 530866.415: [GC [PSYoungGen: 1374880K->14496K(1379712K)] 3682003K->2321808K(4175936K), 0.0417450 secs] [Times: user=0.08 sys=0.00, real=0.04 secs] 
2016-02-21T21:51:44.756+0800: 530901.470: [GC [PSYoungGen: 1375648K->16304K(1379520K)] 3682960K->2323731K(4175744K), 0.0384640 secs] [Times: user=0.08 sys=0.00, real=0.04 secs] 
2016-02-21T21:52:19.497+0800: 530936.212: [GC [PSYoungGen: 1377456K->16272K(1379648K)] 3684883K->2323827K(4175872K), 0.0354200 secs] [Times: user=0.07 sys=0.00, real=0.04 secs] 
2016-02-21T21:52:53.842+0800: 530970.556: [GC [PSYoungGen: 1377488K->15824K(1379648K)] 3685043K->2323559K(4175872K), 0.0371350 secs] [Times: user=0.07 sys=0.00, real=0.03 secs] 
2016-02-21T21:53:25.471+0800: 531002.185: [GC [PSYoungGen: 1377040K->15840K(1379968K)] 3684775K->2323731K(4176192K), 0.0399350 secs] [Times: user=0.08 sys=0.00, real=0.04 secs] 
2016-02-21T21:53:58.022+0800: 531034.736: [GC [PSYoungGen: 1377504K->14848K(1379776K)] 3685395K->2323116K(4176000K), 0.0367900 secs] [Times: user=0.06 sys=0.00, real=0.04 secs] 
2016-02-21T21:54:29.593+0800: 531066.308: [GC [PSYoungGen: 1376512K->14416K(1380160K)] 3684780K->2323012K(4176384K), 0.0432520 secs] [Times: user=0.09 sys=0.00, real=0.04 secs] 
2016-02-21T21:55:01.932+0800: 531098.647: [GC [PSYoungGen: 1376592K->14816K(1380096K)] 3685188K->2323701K(4176320K), 0.0361010 secs] [Times: user=0.07 sys=0.00, real=0.03 secs] 
2016-02-21T21:55:33.702+0800: 531130.417: [GC [PSYoungGen: 1376992K->15312K(1380544K)] 3685877K->2324396K(4176768K), 0.0356110 secs] [Times: user=0.07 sys=0.00, real=0.03 secs] 
2016-02-21T21:56:05.874+0800: 531162.588: [GC [PSYoungGen: 1378064K->15312K(1380288K)] 3687148K->2324557K(4176512K), 0.0369330 secs] [Times: user=0.07 sys=0.01, real=0.04 secs] 
2016-02-21T21:56:44.615+0800: 531201.329: [GC [PSYoungGen: 1378064K->17152K(1379840K)] 3687309K->2326782K(4176064K), 0.0436110 secs] [Times: user=0.08 sys=0.00, real=0.05 secs] 
2016-02-21T21:57:21.068+0800: 531237.783: [GC [PSYoungGen: 1379648K->16560K(1379072K)] 3689278K->2326546K(4175296K), 0.0373840 secs] [Times: user=0.08 sys=0.00, real=0.04 secs] 
2016-02-21T21:57:55.900+0800: 531272.614: [GC [PSYoungGen: 1379056K->16112K(1380160K)] 3689042K->2326206K(4176384K), 0.0369320 secs] [Times: user=0.06 sys=0.00, real=0.04 secs] 
2016-02-21T21:58:31.112+0800: 531307.826: [GC [PSYoungGen: 1378288K->16640K(1378880K)] 3688382K->2327087K(4175104K), 0.0393640 secs] [Times: user=0.06 sys=0.01, real=0.04 secs] 
2016-02-21T21:59:04.674+0800: 531341.388: [GC [PSYoungGen: 1378816K->15120K(1380160K)] 3689263K->2325711K(4176384K), 0.0371540 secs] [Times: user=0.07 sys=0.00, real=0.04 secs] 
2016-02-21T21:59:37.492+0800: 531374.207: [GC [PSYoungGen: 1377232K->16416K(1380032K)] 3687823K->2327176K(4176256K), 0.0363820 secs] [Times: user=0.07 sys=0.01, real=0.04 secs] 
2016-02-21T22:00:09.699+0800: 531406.413: [GC [PSYoungGen: 1378528K->14992K(1380160K)] 3689288K->2326100K(4176384K), 0.0367400 secs] [Times: user=0.07 sys=0.00, real=0.04 secs] 
2016-02-21T22:00:43.310+0800: 531440.025: [GC [PSYoungGen: 1377168K->15184K(1380096K)] 3688276K->2326672K(4176320K), 0.0387890 secs] [Times: user=0.07 sys=0.00, real=0.04 secs] 
2016-02-21T22:01:18.594+0800: 531475.308: [GC [PSYoungGen: 1377360K->15472K(1380480K)] 3688848K->2327177K(4176704K), 0.0422990 secs] [Times: user=0.09 sys=0.00, real=0.05 secs] 
2016-02-21T22:01:51.876+0800: 531508.590: [GC [PSYoungGen: 1378160K->15104K(1380288K)] 3689865K->2326954K(4176512K), 0.0437690 secs] [Times: user=0.09 sys=0.00, real=0.05 secs] 
2016-02-21T22:02:24.567+0800: 531541.282: [GC [PSYoungGen: 1377792K->15488K(1380800K)] 3689642K->2327609K(4177024K), 0.0354960 secs] [Times: user=0.07 sys=0.00, real=0.03 secs] 
2016-02-21T22:02:58.930+0800: 531575.644: [GC [PSYoungGen: 1378816K->15472K(1380608K)] 3690937K->2327922K(4176832K), 0.0366250 secs] [Times: user=0.07 sys=0.00, real=0.04 secs] 
2016-02-21T22:03:31.581+0800: 531608.295: [GC [PSYoungGen: 1378800K->15600K(1381056K)] 3691250K->2328302K(4177280K), 0.0433900 secs] [Times: user=0.09 sys=0.00, real=0.04 secs] 
2016-02-21T22:04:04.821+0800: 531641.535: [GC [PSYoungGen: 1379504K->16016K(1380928K)] 3692206K->2328934K(4177152K), 0.0368970 secs] [Times: user=0.07 sys=0.00, real=0.04 secs] 
2016-02-21T22:04:38.335+0800: 531675.050: [GC [PSYoungGen: 1379920K->15456K(1381184K)] 3692838K->2328630K(4177408K), 0.0364780 secs] [Times: user=0.07 sys=0.01, real=0.04 secs] 
2016-02-21T22:05:12.932+0800: 531709.646: [GC [PSYoungGen: 1379616K->15424K(1381056K)] 3692790K->2328702K(4177280K), 0.0402680 secs] [Times: user=0.07 sys=0.01, real=0.04 secs] 
2016-02-21T22:05:46.273+0800: 531742.987: [GC [PSYoungGen: 1379584K->15856K(1381248K)] 3692862K->2329478K(4177472K), 0.0362740 secs] [Times: user=0.07 sys=0.01, real=0.03 secs] 
2016-02-21T22:06:17.462+0800: 531774.176: [GC [PSYoungGen: 1380272K->15084K(1381248K)] 3693894K->2328831K(4177472K), 0.0353490 secs] [Times: user=0.07 sys=0.00, real=0.03 secs] 
2016-02-21T22:06:48.261+0800: 531804.976: [GC [PSYoungGen: 1379500K->16741K(1380160K)] 3693247K->2331173K(4176384K), 0.0401440 secs] [Times: user=0.07 sys=0.00, real=0.04 secs] 
2016-02-21T22:07:20.719+0800: 531837.434: [GC [PSYoungGen: 1380133K->16189K(1380736K)] 3694565K->2330812K(4176960K), 0.0337010 secs] [Times: user=0.07 sys=0.00, real=0.03 secs] 
2016-02-21T22:07:53.581+0800: 531870.295: [GC [PSYoungGen: 1379581K->14784K(1380736K)] 3694204K->2330087K(4176960K), 0.0337520 secs] [Times: user=0.06 sys=0.00, real=0.04 secs] 
2016-02-21T22:08:28.037+0800: 531904.751: [GC [PSYoungGen: 1378176K->16080K(1380736K)] 3693479K->2331760K(4176960K), 0.0393330 secs] [Times: user=0.08 sys=0.00, real=0.04 secs] 
2016-02-21T22:08:59.861+0800: 531936.575: [GC [PSYoungGen: 1379472K->14240K(1380480K)] 3695152K->2330261K(4176704K), 0.0329760 secs] [Times: user=0.07 sys=0.00, real=0.03 secs] 
2016-02-21T22:09:30.961+0800: 531967.676: [GC [PSYoungGen: 1377376K->15040K(1380608K)] 3693397K->2331406K(4176832K), 0.0357630 secs] [Times: user=0.07 sys=0.00, real=0.04 secs] 
2016-02-21T22:10:04.235+0800: 532000.949: [GC [PSYoungGen: 1378176K->15056K(1380800K)] 3694542K->2331834K(4177024K), 0.0373270 secs] [Times: user=0.08 sys=0.00, real=0.04 secs] 
2016-02-21T22:10:35.581+0800: 532032.295: [GC [PSYoungGen: 1378512K->16336K(1379840K)] 3695290K->2333398K(4176064K), 0.0433890 secs] [Times: user=0.09 sys=0.00, real=0.05 secs] 
2016-02-21T22:11:11.325+0800: 532068.040: [GC [PSYoungGen: 1379792K->13600K(1380416K)] 3696854K->2331102K(4176640K), 0.0381050 secs] [Times: user=0.07 sys=0.00, real=0.04 secs] 
2016-02-21T22:11:45.871+0800: 532102.586: [GC [PSYoungGen: 1376608K->14784K(1380544K)] 3694110K->2332486K(4176768K), 0.0375400 secs] [Times: user=0.08 sys=0.00, real=0.04 secs] 
2016-02-21T22:12:20.741+0800: 532137.455: [GC [PSYoungGen: 1377792K->15360K(1380864K)] 3695494K->2333375K(4177088K), 0.0376800 secs] [Times: user=0.07 sys=0.00, real=0.04 secs] 
2016-02-21T22:12:54.627+0800: 532171.342: [GC [PSYoungGen: 1378816K->16112K(1380672K)] 3696831K->2334595K(4176896K), 0.0388690 secs] [Times: user=0.07 sys=0.00, real=0.04 secs] 
2016-02-21T22:13:26.226+0800: 532202.941: [GC [PSYoungGen: 1379568K->14800K(1380800K)] 3698051K->2333588K(4177024K), 0.0347470 secs] [Times: user=0.06 sys=0.00, real=0.03 secs] 
2016-02-21T22:14:04.103+0800: 532240.817: [GC [PSYoungGen: 1378256K->16992K(1380480K)] 3697044K->2335985K(4176704K), 0.0389150 secs] [Times: user=0.07 sys=0.00, real=0.04 secs] 
2016-02-21T22:14:38.692+0800: 532275.406: [GC [PSYoungGen: 1380448K->17072K(1379584K)] 3699441K->2336281K(4175808K), 0.0402570 secs] [Times: user=0.07 sys=0.00, real=0.04 secs] 
2016-02-21T22:15:12.732+0800: 532309.446: [GC [PSYoungGen: 1379056K->13808K(1375808K)] 3698265K->2333250K(4172032K), 0.0349840 secs] [Times: user=0.07 sys=0.00, real=0.04 secs] 
2016-02-21T22:15:45.309+0800: 532342.023: [GC [PSYoungGen: 1375792K->15094K(1380160K)] 3695234K->2334785K(4176384K), 0.0343480 secs] [Times: user=0.06 sys=0.01, real=0.03 secs] 
2016-02-21T22:16:21.554+0800: 532378.269: [GC [PSYoungGen: 1377142K->16400K(1379968K)] 3696833K->2336290K(4176192K), 0.0375720 secs] [Times: user=0.08 sys=0.00, real=0.04 secs] 
2016-02-21T22:16:56.316+0800: 532413.030: [GC [PSYoungGen: 1378448K->15936K(1380160K)] 3698338K->2335957K(4176384K), 0.0391890 secs] [Times: user=0.07 sys=0.00, real=0.04 secs] 
2016-02-21T22:17:31.320+0800: 532448.034: [GC [PSYoungGen: 1378048K->15440K(1380032K)] 3698069K->2335638K(4176256K), 0.0366320 secs] [Times: user=0.07 sys=0.00, real=0.04 secs] 
2016-02-21T22:18:06.747+0800: 532483.462: [GC [PSYoungGen: 1377552K->15968K(1380416K)] 3697750K->2336274K(4176640K), 0.0417410 secs] [Times: user=0.09 sys=0.00, real=0.04 secs] 
2016-02-21T22:18:39.199+0800: 532515.914: [GC [PSYoungGen: 1378656K->14739K(1380352K)] 3698962K->2335294K(4176576K), 0.0335400 secs] [Times: user=0.07 sys=0.00, real=0.04 secs] 
2016-02-21T22:19:13.907+0800: 532550.621: [GC [PSYoungGen: 1377427K->15312K(1380672K)] 3697982K->2336158K(4176896K), 0.0464460 secs] [Times: user=0.08 sys=0.00, real=0.05 secs] 
2016-02-21T22:19:46.411+0800: 532583.125: [GC [PSYoungGen: 1378384K->14784K(1380480K)] 3699230K->2335850K(4176704K), 0.0359750 secs] [Times: user=0.07 sys=0.00, real=0.03 secs] 
2016-02-21T22:20:19.401+0800: 532616.116: [GC [PSYoungGen: 1377856K->14208K(1380608K)] 3698922K->2335763K(4176832K), 0.0342100 secs] [Times: user=0.06 sys=0.00, real=0.03 secs] 
2016-02-21T22:20:52.226+0800: 532648.940: [GC [PSYoungGen: 1377472K->15868K(1380672K)] 3699027K->2337588K(4176896K), 0.0379050 secs] [Times: user=0.07 sys=0.00, real=0.03 secs] 
2016-02-21T22:21:27.674+0800: 532684.388: [GC [PSYoungGen: 1379132K->17040K(1379904K)] 3700852K->2339004K(4176128K), 0.0403980 secs] [Times: user=0.08 sys=0.00, real=0.04 secs] 
2016-02-21T22:22:04.374+0800: 532721.088: [GC [PSYoungGen: 1379536K->17784K(1380288K)] 3701500K->2340284K(4176512K), 0.0377850 secs] [Times: user=0.07 sys=0.00, real=0.04 secs] 
2016-02-21T22:22:43.059+0800: 532759.773: [GC [PSYoungGen: 1380280K->17776K(1377344K)] 3702780K->2340849K(4173568K), 0.0397020 secs] [Times: user=0.08 sys=0.00, real=0.04 secs] 
2016-02-21T22:23:15.128+0800: 532791.843: [GC [PSYoungGen: 1377328K->13688K(1373248K)] 3700401K->2336945K(4169472K), 0.0366410 secs] [Times: user=0.08 sys=0.00, real=0.04 secs] 
2016-02-21T22:23:46.701+0800: 532823.415: [GC [PSYoungGen: 1373240K->13840K(1378752K)] 3696497K->2337562K(4174976K), 0.0351380 secs] [Times: user=0.07 sys=0.00, real=0.04 secs] 
2016-02-21T22:24:21.527+0800: 532858.242: [GC [PSYoungGen: 1373200K->16000K(1378688K)] 3696922K->2340036K(4174912K), 0.0374760 secs] [Times: user=0.07 sys=0.00, real=0.04 secs] 
2016-02-21T22:24:57.664+0800: 532894.378: [GC [PSYoungGen: 1375360K->15216K(1379200K)] 3699396K->2339508K(4175424K), 0.0434970 secs] [Times: user=0.08 sys=0.00, real=0.04 secs] 
2016-02-21T22:25:29.163+0800: 532925.878: [GC [PSYoungGen: 1375280K->14656K(1378944K)] 3699572K->2339123K(4175168K), 0.0358010 secs] [Times: user=0.07 sys=0.00, real=0.04 secs] 
2016-02-21T22:26:06.146+0800: 532962.860: [GC [PSYoungGen: 1374720K->16576K(1379264K)] 3699187K->2341431K(4175488K), 0.0380610 secs] [Times: user=0.08 sys=0.00, real=0.04 secs] 
2016-02-21T22:26:40.214+0800: 532996.928: [GC [PSYoungGen: 1377152K->12288K(1372928K)] 3702007K->2337283K(4169152K), 0.0330500 secs] [Times: user=0.07 sys=0.00, real=0.03 secs] 
2016-02-21T22:27:15.176+0800: 533031.891: [GC [PSYoungGen: 1372864K->15728K(1379264K)] 3697859K->2340947K(4175488K), 0.0421180 secs] [Times: user=0.07 sys=0.00, real=0.04 secs] 
2016-02-21T22:27:49.313+0800: 533066.027: [GC [PSYoungGen: 1375984K->12512K(1379072K)] 3701203K->2338071K(4175296K), 0.0317240 secs] [Times: user=0.06 sys=0.00, real=0.03 secs] 
2016-02-21T22:28:24.789+0800: 533101.503: [GC [PSYoungGen: 1372768K->15264K(1379456K)] 3698327K->2340983K(4175680K), 0.0432770 secs] [Times: user=0.08 sys=0.00, real=0.04 secs] 
2016-02-21T22:28:57.323+0800: 533134.038: [GC [PSYoungGen: 1375776K->13536K(1379136K)] 3701495K->2339443K(4175360K), 0.0347430 secs] [Times: user=0.07 sys=0.00, real=0.04 secs] 
2016-02-21T22:29:27.938+0800: 533164.652: [GC [PSYoungGen: 1374048K->13232K(1379584K)] 3699955K->2339533K(4175808K), 0.0341750 secs] [Times: user=0.07 sys=0.00, real=0.04 secs] 
2016-02-21T22:29:59.110+0800: 533195.825: [GC [PSYoungGen: 1374256K->14128K(1379520K)] 3700557K->2340526K(4175744K), 0.0391740 secs] [Times: user=0.07 sys=0.00, real=0.04 secs] 
2016-02-21T22:30:27.649+0800: 533224.364: [GC [PSYoungGen: 1375152K->12976K(1379904K)] 3701550K->2339559K(4176128K), 0.0322640 secs] [Times: user=0.06 sys=0.00, real=0.03 secs] 
2016-02-21T22:31:01.212+0800: 533257.927: [GC [PSYoungGen: 1374640K->14032K(1379840K)] 3701223K->2340939K(4176064K), 0.0445070 secs] [Times: user=0.09 sys=0.00, real=0.05 secs] 
2016-02-21T22:31:35.031+0800: 533291.745: [GC [PSYoungGen: 1375696K->14320K(1380480K)] 3702603K->2341519K(4176704K), 0.0371110 secs] [Times: user=0.07 sys=0.00, real=0.04 secs] 
2016-02-21T22:32:04.598+0800: 533321.312: [GC [PSYoungGen: 1376944K->17572K(1380224K)] 3704143K->2346326K(4176448K), 0.0406410 secs] [Times: user=0.08 sys=0.00, real=0.04 secs] 
2016-02-21T22:32:38.496+0800: 533355.210: [GC [PSYoungGen: 1380196K->13152K(1378176K)] 3708950K->2342266K(4174400K), 0.0339920 secs] [Times: user=0.06 sys=0.01, real=0.03 secs] 
2016-02-21T22:33:15.505+0800: 533392.220: [GC [PSYoungGen: 1373472K->15456K(1379200K)] 3702586K->2344947K(4175424K), 0.0375100 secs] [Times: user=0.07 sys=0.00, real=0.04 secs] 
2016-02-21T22:33:49.133+0800: 533425.847: [GC [PSYoungGen: 1375776K->13520K(1379520K)] 3705267K->2343195K(4175744K), 0.0332690 secs] [Times: user=0.07 sys=0.00, real=0.04 secs] 
2016-02-21T22:34:24.093+0800: 533460.807: [GC [PSYoungGen: 1374288K->14256K(1379328K)] 3703963K->2344079K(4175552K), 0.0461310 secs] [Times: user=0.09 sys=0.00, real=0.04 secs] 
2016-02-21T22:35:00.021+0800: 533496.735: [GC [PSYoungGen: 1375024K->16144K(1379456K)] 3704847K->2346251K(4175680K), 0.0448330 secs] [Times: user=0.08 sys=0.00, real=0.04 secs] 
2016-02-21T22:35:34.927+0800: 533531.641: [GC [PSYoungGen: 1377360K->13953K(1379648K)] 3707467K->2344256K(4175872K), 0.0332970 secs] [Times: user=0.07 sys=0.00, real=0.04 secs] 
2016-02-21T22:36:09.254+0800: 533565.968: [GC [PSYoungGen: 1375169K->17789K(1378304K)] 3705472K->2348370K(4174528K), 0.0412840 secs] [Times: user=0.08 sys=0.00, real=0.04 secs] 
2016-02-21T22:36:45.659+0800: 533602.374: [GC [PSYoungGen: 1377853K->16592K(1376704K)] 3708434K->2347597K(4172928K), 0.0430480 secs] [Times: user=0.07 sys=0.00, real=0.04 secs] 
2016-02-21T22:37:26.577+0800: 533643.292: [GC [PSYoungGen: 1376656K->14928K(1379200K)] 3707661K->2346034K(4175424K), 0.0387890 secs] [Times: user=0.07 sys=0.00, real=0.04 secs] 
2016-02-21T22:38:05.206+0800: 533681.920: [GC [PSYoungGen: 1374928K->16464K(1378880K)] 3706034K->2347866K(4175104K), 0.0403110 secs] [Times: user=0.07 sys=0.00, real=0.04 secs] 
2016-02-21T22:38:41.219+0800: 533717.933: [GC [PSYoungGen: 1376464K->14704K(1379392K)] 3707866K->2346431K(4175616K), 0.0355700 secs] [Times: user=0.07 sys=0.00, real=0.03 secs] 
2016-02-21T22:39:18.420+0800: 533755.134: [GC [PSYoungGen: 1375152K->15872K(1379136K)] 3706879K->2347959K(4175360K), 0.0432590 secs] [Times: user=0.08 sys=0.00, real=0.04 secs] 
2016-02-21T22:39:50.819+0800: 533787.533: [GC [PSYoungGen: 1376320K->13520K(1379520K)] 3708407K->2346040K(4175744K), 0.0482220 secs] [Times: user=0.08 sys=0.00, real=0.05 secs] 
2016-02-21T22:40:23.861+0800: 533820.576: [GC [PSYoungGen: 1374416K->15008K(1379456K)] 3706936K->2347777K(4175680K), 0.0389070 secs] [Times: user=0.08 sys=0.00, real=0.04 secs] 
2016-02-21T22:40:57.745+0800: 533854.460: [GC [PSYoungGen: 1375904K->14784K(1380096K)] 3708673K->2347825K(4176320K), 0.0402920 secs] [Times: user=0.08 sys=0.00, real=0.04 secs] 
2016-02-21T22:41:37.375+0800: 533894.089: [GC [PSYoungGen: 1376640K->15856K(1379840K)] 3709681K->2349238K(4176064K), 0.0378320 secs] [Times: user=0.08 sys=0.00, real=0.04 secs] 
2016-02-21T22:42:13.451+0800: 533930.166: [GC [PSYoungGen: 1377712K->15888K(1380096K)] 3711094K->2349582K(4176320K), 0.0397800 secs] [Times: user=0.08 sys=0.00, real=0.04 secs] 
2016-02-21T22:42:51.646+0800: 533968.360: [GC [PSYoungGen: 1378000K->15808K(1380096K)] 3711694K->2349959K(4176320K), 0.0355170 secs] [Times: user=0.07 sys=0.00, real=0.04 secs] 
2016-02-21T22:43:26.536+0800: 534003.251: [GC [PSYoungGen: 1377920K->14704K(1380288K)] 3712071K->2349123K(4176512K), 0.0342720 secs] [Times: user=0.07 sys=0.00, real=0.04 secs] 
2016-02-21T22:44:04.859+0800: 534041.573: [GC [PSYoungGen: 1377072K->15920K(1380160K)] 3711491K->2350516K(4176384K), 0.0364520 secs] [Times: user=0.07 sys=0.00, real=0.03 secs] 
2016-02-21T22:44:41.937+0800: 534078.651: [GC [PSYoungGen: 1378288K->13936K(1380352K)] 3712884K->2348905K(4176576K), 0.0380680 secs] [Times: user=0.07 sys=0.00, real=0.03 secs] 
2016-02-21T22:45:19.528+0800: 534116.243: [GC [PSYoungGen: 1376496K->15824K(1380288K)] 3711465K->2351077K(4176512K), 0.0384970 secs] [Times: user=0.07 sys=0.01, real=0.04 secs] 
2016-02-21T22:45:54.224+0800: 534150.938: [GC [PSYoungGen: 1378384K->14672K(1380480K)] 3713637K->2350150K(4176704K), 0.0364250 secs] [Times: user=0.07 sys=0.00, real=0.04 secs] 
2016-02-21T22:46:33.076+0800: 534189.791: [GC [PSYoungGen: 1377424K->16016K(1380352K)] 3712902K->2351678K(4176576K), 0.0371440 secs] [Times: user=0.07 sys=0.00, real=0.04 secs] 
2016-02-21T22:47:09.956+0800: 534226.670: [GC [PSYoungGen: 1378768K->17648K(1378880K)] 3714430K->2353546K(4175104K), 0.0400090 secs] [Times: user=0.07 sys=0.01, real=0.04 secs] 
2016-02-21T22:47:45.531+0800: 534262.245: [GC [PSYoungGen: 1378864K->17552K(1378816K)] 3714762K->2353591K(4175040K), 0.0444470 secs] [Times: user=0.07 sys=0.00, real=0.05 secs] 
2016-02-21T22:48:22.442+0800: 534299.156: [GC [PSYoungGen: 1378768K->15152K(1379456K)] 3714807K->2351382K(4175680K), 0.0472540 secs] [Times: user=0.08 sys=0.00, real=0.04 secs] 
2016-02-21T22:48:58.676+0800: 534335.390: [GC [PSYoungGen: 1375728K->18496K(1379136K)] 3711958K->2355063K(4175360K), 0.0397370 secs] [Times: user=0.07 sys=0.00, real=0.04 secs] 
2016-02-21T22:49:38.387+0800: 534375.101: [GC [PSYoungGen: 1379072K->16304K(1378624K)] 3715639K->2353014K(4174848K), 0.0369490 secs] [Times: user=0.07 sys=0.00, real=0.04 secs] 
2016-02-21T22:50:16.150+0800: 534412.864: [GC [PSYoungGen: 1375984K->17376K(1377088K)] 3712694K->2354207K(4173312K), 0.0391390 secs] [Times: user=0.08 sys=0.00, real=0.04 secs] 
2016-02-21T22:50:52.636+0800: 534449.350: [GC [PSYoungGen: 1377056K->15797K(1378944K)] 3713887K->2353028K(4175168K), 0.0428780 secs] [Times: user=0.07 sys=0.00, real=0.04 secs] 
2016-02-21T22:51:33.568+0800: 534490.282: [GC [PSYoungGen: 1375349K->15504K(1378688K)] 3712580K->2353095K(4174912K), 0.0365340 secs] [Times: user=0.07 sys=0.00, real=0.04 secs] 
2016-02-21T22:52:14.571+0800: 534531.285: [GC [PSYoungGen: 1375056K->18480K(1377984K)] 3712647K->2356251K(4174208K), 0.0380580 secs] [Times: user=0.08 sys=0.00, real=0.04 secs] 
2016-02-21T22:52:56.259+0800: 534572.973: [GC [PSYoungGen: 1377520K->15521K(1378560K)] 3715291K->2353521K(4174784K), 0.0359510 secs] [Times: user=0.07 sys=0.00, real=0.03 secs] 
2016-02-21T22:53:36.543+0800: 534613.257: [GC [PSYoungGen: 1374561K->13429K(1378368K)] 3712561K->2351851K(4174592K), 0.0337420 secs] [Times: user=0.07 sys=0.00, real=0.03 secs] 
2016-02-21T22:54:18.395+0800: 534655.109: [GC [PSYoungGen: 1372469K->16048K(1378560K)] 3710891K->2354679K(4174784K), 0.0340490 secs] [Times: user=0.07 sys=0.00, real=0.04 secs] 
2016-02-21T22:55:00.319+0800: 534697.033: [GC [PSYoungGen: 1375088K->13360K(1378624K)] 3713719K->2352236K(4174848K), 0.0314530 secs] [Times: user=0.06 sys=0.00, real=0.03 secs] 
2016-02-21T22:55:37.753+0800: 534734.467: [GC [PSYoungGen: 1372784K->14128K(1378752K)] 3711660K->2353280K(4174976K), 0.0379260 secs] [Times: user=0.08 sys=0.00, real=0.04 secs] 
2016-02-21T22:56:16.598+0800: 534773.313: [GC [PSYoungGen: 1373552K->16848K(1378624K)] 3712704K->2356377K(4174848K), 0.0350720 secs] [Times: user=0.07 sys=0.00, real=0.04 secs] 
2016-02-21T22:56:49.574+0800: 534806.288: [GC [PSYoungGen: 1376272K->12976K(1372416K)] 3715801K->2352649K(4168640K), 0.0352340 secs] [Times: user=0.06 sys=0.00, real=0.04 secs] 
2016-02-21T22:57:33.247+0800: 534849.961: [GC [PSYoungGen: 1372400K->16864K(1378368K)] 3712073K->2356641K(4174592K), 0.0434670 secs] [Times: user=0.07 sys=0.00, real=0.05 secs] 
2016-02-21T22:58:09.921+0800: 534886.635: [GC [PSYoungGen: 1375776K->15664K(1378496K)] 3715553K->2355773K(4174720K), 0.0413330 secs] [Times: user=0.07 sys=0.00, real=0.04 secs] 
2016-02-21T22:58:52.715+0800: 534929.429: [GC [PSYoungGen: 1374576K->15184K(1379136K)] 3714685K->2355577K(4175360K), 0.0419420 secs] [Times: user=0.07 sys=0.00, real=0.04 secs] 
2016-02-21T22:59:34.733+0800: 534971.447: [GC [PSYoungGen: 1375120K->14224K(1378880K)] 3715513K->2354773K(4175104K), 0.0390910 secs] [Times: user=0.08 sys=0.00, real=0.04 secs] 
2016-02-21T23:00:10.203+0800: 535006.917: [GC [PSYoungGen: 1374160K->15216K(1379584K)] 3714709K->2355905K(4175808K), 0.0388180 secs] [Times: user=0.08 sys=0.01, real=0.04 secs] 
2016-02-21T23:00:44.359+0800: 535041.074: [GC [PSYoungGen: 1375984K->16192K(1379264K)] 3716673K->2357074K(4175488K), 0.0355470 secs] [Times: user=0.07 sys=0.00, real=0.03 secs] 
2016-02-21T23:01:23.377+0800: 535080.091: [GC [PSYoungGen: 1376960K->15312K(1379840K)] 3717842K->2356606K(4176064K), 0.0371520 secs] [Times: user=0.07 sys=0.00, real=0.04 secs] 
2016-02-21T23:02:03.894+0800: 535120.608: [GC [PSYoungGen: 1376656K->14976K(1379584K)] 3717950K->2356447K(4175808K), 0.0359980 secs] [Times: user=0.06 sys=0.00, real=0.04 secs] 
2016-02-21T23:02:40.174+0800: 535156.888: [GC [PSYoungGen: 1376320K->13840K(1379968K)] 3717791K->2355728K(4176192K), 0.0333940 secs] [Times: user=0.06 sys=0.00, real=0.03 secs] 
2016-02-21T23:03:22.145+0800: 535198.859: [GC [PSYoungGen: 1375824K->16384K(1378432K)] 3717712K->2358641K(4174656K), 0.0391670 secs] [Times: user=0.08 sys=0.00, real=0.04 secs] 
2016-02-21T23:04:02.254+0800: 535238.969: [GC [PSYoungGen: 1378368K->12976K(1379648K)] 3720625K->2355569K(4175872K), 0.0317320 secs] [Times: user=0.07 sys=0.00, real=0.03 secs] 
2016-02-21T23:04:40.626+0800: 535277.340: [GC [PSYoungGen: 1374448K->13792K(1379776K)] 3717041K->2356590K(4176000K), 0.0331780 secs] [Times: user=0.07 sys=0.00, real=0.03 secs] 
2016-02-21T23:05:18.906+0800: 535315.621: [GC [PSYoungGen: 1375264K->14112K(1380032K)] 3718062K->2357150K(4176256K), 0.0415120 secs] [Times: user=0.08 sys=0.00, real=0.05 secs] 
2016-02-21T23:06:01.444+0800: 535358.158: [GC [PSYoungGen: 1375968K->15409K(1379904K)] 3719006K->2358751K(4176128K), 0.0380240 secs] [Times: user=0.08 sys=0.00, real=0.04 secs] 
2016-02-21T23:06:46.255+0800: 535402.970: [GC [PSYoungGen: 1377265K->14576K(1380416K)] 3720607K->2358355K(4176640K), 0.0367360 secs] [Times: user=0.06 sys=0.00, real=0.04 secs] 
2016-02-21T23:07:27.796+0800: 535444.511: [GC [PSYoungGen: 1377072K->15104K(1380160K)] 3720851K->2359064K(4176384K), 0.0416630 secs] [Times: user=0.07 sys=0.00, real=0.04 secs] 
2016-02-21T23:08:11.196+0800: 535487.910: [GC [PSYoungGen: 1377600K->15216K(1380736K)] 3721560K->2359525K(4176960K), 0.0382130 secs] [Times: user=0.06 sys=0.01, real=0.04 secs] 
2016-02-21T23:08:55.622+0800: 535532.337: [GC [PSYoungGen: 1378480K->15824K(1380608K)] 3722789K->2360429K(4176832K), 0.0402960 secs] [Times: user=0.08 sys=0.00, real=0.04 secs] 
2016-02-21T23:09:35.058+0800: 535571.772: [GC [PSYoungGen: 1379088K->14592K(1380800K)] 3723693K->2359485K(4177024K), 0.0382780 secs] [Times: user=0.06 sys=0.00, real=0.04 secs] 
2016-02-21T23:10:13.664+0800: 535610.379: [GC [PSYoungGen: 1377984K->14432K(1380672K)] 3722877K->2359737K(4176896K), 0.0365100 secs] [Times: user=0.07 sys=0.00, real=0.04 secs] 
2016-02-21T23:10:58.518+0800: 535655.233: [GC [PSYoungGen: 1377824K->13952K(1380992K)] 3723129K->2359597K(4177216K), 0.0349390 secs] [Times: user=0.07 sys=0.00, real=0.03 secs] 
2016-02-21T23:11:43.610+0800: 535700.324: [GC [PSYoungGen: 1377792K->15648K(1380928K)] 3723437K->2361478K(4177152K), 0.0455380 secs] [Times: user=0.09 sys=0.00, real=0.05 secs] 
2016-02-21T23:12:31.849+0800: 535748.563: [GC [PSYoungGen: 1379488K->14592K(1381056K)] 3725318K->2360759K(4177280K), 0.0432590 secs] [Times: user=0.08 sys=0.00, real=0.05 secs] 
2016-02-21T23:13:17.355+0800: 535794.069: [GC [PSYoungGen: 1378496K->14624K(1380928K)] 3724663K->2361075K(4177152K), 0.0355890 secs] [Times: user=0.07 sys=0.00, real=0.04 secs] 
2016-02-21T23:14:02.407+0800: 535839.121: [GC [PSYoungGen: 1378528K->15696K(1380992K)] 3724979K->2362463K(4177216K), 0.0386170 secs] [Times: user=0.08 sys=0.00, real=0.04 secs] 
2016-02-21T23:14:43.525+0800: 535880.239: [GC [PSYoungGen: 1379856K->14853K(1381120K)] 3726623K->2362060K(4177344K), 0.0367990 secs] [Times: user=0.07 sys=0.00, real=0.03 secs] 
2016-02-21T23:15:29.976+0800: 535926.691: [GC [PSYoungGen: 1379013K->13424K(1381184K)] 3726220K->2360807K(4177408K), 0.0344110 secs] [Times: user=0.06 sys=0.00, real=0.04 secs] 
2016-02-21T23:16:13.371+0800: 535970.085: [GC [PSYoungGen: 1377840K->15888K(1380352K)] 3725223K->2363532K(4176576K), 0.0358410 secs] [Times: user=0.08 sys=0.00, real=0.03 secs] 
2016-02-21T23:16:59.030+0800: 536015.745: [GC [PSYoungGen: 1380304K->15392K(1381056K)] 3727948K->2363413K(4177280K), 0.0377880 secs] [Times: user=0.07 sys=0.00, real=0.04 secs] 
2016-02-21T23:17:45.467+0800: 536062.182: [GC [PSYoungGen: 1379424K->14912K(1381056K)] 3727445K->2363269K(4177280K), 0.0348220 secs] [Times: user=0.07 sys=0.00, real=0.04 secs] 
2016-02-21T23:18:33.527+0800: 536110.242: [GC [PSYoungGen: 1378944K->15744K(1380992K)] 3727301K->2364434K(4177216K), 0.0407460 secs] [Times: user=0.08 sys=0.00, real=0.05 secs] 
2016-02-21T23:19:18.550+0800: 536155.264: [GC [PSYoungGen: 1379904K->16240K(1380416K)] 3728594K->2365138K(4176640K), 0.0386060 secs] [Times: user=0.08 sys=0.00, real=0.04 secs] 
2016-02-21T23:20:01.373+0800: 536198.087: [GC [PSYoungGen: 1380400K->15200K(1381056K)] 3729298K->2364371K(4177280K), 0.0462570 secs] [Times: user=0.07 sys=0.00, real=0.04 secs] 
2016-02-21T23:20:49.335+0800: 536246.050: [GC [PSYoungGen: 1379040K->14560K(1380864K)] 3728211K->2364080K(4177088K), 0.0421980 secs] [Times: user=0.09 sys=0.00, real=0.04 secs] 
2016-02-21T23:21:35.940+0800: 536292.654: [GC [PSYoungGen: 1378400K->15312K(1381248K)] 3727920K->2365092K(4177472K), 0.0419280 secs] [Times: user=0.07 sys=0.01, real=0.04 secs] 
2016-02-21T23:22:23.623+0800: 536340.338: [GC [PSYoungGen: 1379600K->15728K(1381120K)] 3729380K->2365701K(4177344K), 0.0374330 secs] [Times: user=0.08 sys=0.00, real=0.04 secs] 
2016-02-21T23:23:14.064+0800: 536390.779: [GC [PSYoungGen: 1380016K->15426K(1381248K)] 3729989K->2365739K(4177472K), 0.0376090 secs] [Times: user=0.08 sys=0.00, real=0.04 secs] 
2016-02-21T23:23:56.406+0800: 536433.121: [GC [PSYoungGen: 1379778K->16816K(1381184K)] 3730091K->2367541K(4177408K), 0.0419840 secs] [Times: user=0.07 sys=0.00, real=0.05 secs] 
2016-02-21T23:24:42.569+0800: 536479.283: [GC [PSYoungGen: 1381168K->14640K(1380288K)] 3731893K->2365724K(4176512K), 0.0350070 secs] [Times: user=0.08 sys=0.00, real=0.03 secs] 
2016-02-21T23:25:36.822+0800: 536533.536: [GC [PSYoungGen: 1378032K->16784K(1380224K)] 3729116K->2368179K(4176448K), 0.0407990 secs] [Times: user=0.08 sys=0.00, real=0.04 secs] 
2016-02-21T23:26:28.248+0800: 536584.962: [GC [PSYoungGen: 1380176K->15424K(1380608K)] 3731571K->2367039K(4176832K), 0.0372040 secs] [Times: user=0.07 sys=0.00, real=0.04 secs] 
2016-02-21T23:27:17.188+0800: 536633.903: [GC [PSYoungGen: 1378368K->15904K(1380416K)] 3729983K->2367732K(4176640K), 0.0422430 secs] [Times: user=0.09 sys=0.00, real=0.04 secs] 
2016-02-21T23:28:09.999+0800: 536686.714: [GC [PSYoungGen: 1378848K->17152K(1379776K)] 3730676K->2369288K(4176000K), 0.0389320 secs] [Times: user=0.07 sys=0.00, real=0.04 secs] 
2016-02-21T23:29:00.698+0800: 536737.412: [GC [PSYoungGen: 1379520K->17120K(1379520K)] 3731656K->2369457K(4175744K), 0.0448950 secs] [Times: user=0.08 sys=0.00, real=0.05 secs] 
2016-02-21T23:29:46.728+0800: 536783.443: [GC [PSYoungGen: 1379488K->13136K(1379520K)] 3731825K->2365717K(4175744K), 0.0337270 secs] [Times: user=0.07 sys=0.00, real=0.03 secs] 
2016-02-21T23:30:33.764+0800: 536830.479: [GC [PSYoungGen: 1374480K->15024K(1379712K)] 3727061K->2367913K(4175936K), 0.0381640 secs] [Times: user=0.08 sys=0.00, real=0.03 secs] 
2016-02-21T23:31:21.831+0800: 536878.546: [GC [PSYoungGen: 1376368K->15552K(1380096K)] 3729257K->2368783K(4176320K), 0.0379010 secs] [Times: user=0.07 sys=0.00, real=0.04 secs] 
2016-02-21T23:32:12.196+0800: 536928.910: [GC [PSYoungGen: 1377472K->14720K(1379904K)] 3730703K->2368407K(4176128K), 0.0400380 secs] [Times: user=0.08 sys=0.00, real=0.04 secs] 
2016-02-21T23:33:09.958+0800: 536986.672: [GC [PSYoungGen: 1376640K->16336K(1380096K)] 3730327K->2370251K(4176320K), 0.0431240 secs] [Times: user=0.08 sys=0.00, real=0.04 secs] 
2016-02-21T23:34:00.755+0800: 537037.470: [GC [PSYoungGen: 1378576K->13728K(1376000K)] 3732491K->2368000K(4172224K), 0.0341700 secs] [Times: user=0.07 sys=0.00, real=0.03 secs] 
2016-02-21T23:34:53.702+0800: 537090.416: [GC [PSYoungGen: 1375968K->16480K(1379712K)] 3730240K->2370864K(4175936K), 0.0440680 secs] [Times: user=0.08 sys=0.00, real=0.04 secs] 
2016-02-21T23:35:46.724+0800: 537143.439: [GC [PSYoungGen: 1378208K->14448K(1379904K)] 3732592K->2369180K(4176128K), 0.0424440 secs] [Times: user=0.08 sys=0.00, real=0.04 secs] 
2016-02-21T23:36:39.929+0800: 537196.644: [GC [PSYoungGen: 1376176K->15408K(1380224K)] 3730908K->2370301K(4176448K), 0.0412690 secs] [Times: user=0.09 sys=0.00, real=0.04 secs] 
2016-02-21T23:37:38.632+0800: 537255.346: [GC [PSYoungGen: 1377584K->14096K(1380032K)] 3732477K->2369265K(4176256K), 0.0370710 secs] [Times: user=0.07 sys=0.00, real=0.04 secs] 
2016-02-21T23:38:36.015+0800: 537312.729: [GC [PSYoungGen: 1376272K->16848K(1379648K)] 3731441K->2372226K(4175872K), 0.0383350 secs] [Times: user=0.07 sys=0.00, real=0.04 secs] 
2016-02-21T23:39:23.967+0800: 537360.681: [GC [PSYoungGen: 1378704K->14833K(1379968K)] 3734082K->2370556K(4176192K), 0.0362150 secs] [Times: user=0.07 sys=0.00, real=0.04 secs] 
2016-02-21T23:40:18.441+0800: 537415.155: [GC [PSYoungGen: 1376689K->13280K(1379968K)] 3732412K->2369576K(4176192K), 0.0346700 secs] [Times: user=0.07 sys=0.00, real=0.03 secs] 
2016-02-21T23:41:13.867+0800: 537470.581: [GC [PSYoungGen: 1375264K->13536K(1380032K)] 3731560K->2369980K(4176256K), 0.0341030 secs] [Times: user=0.08 sys=0.00, real=0.03 secs] 
2016-02-21T23:42:13.987+0800: 537530.701: [GC [PSYoungGen: 1375520K->15792K(1380032K)] 3731964K->2372368K(4176256K), 0.0399000 secs] [Times: user=0.07 sys=0.00, real=0.04 secs] 
2016-02-21T23:43:11.143+0800: 537587.857: [GC [PSYoungGen: 1377776K->15152K(1380032K)] 3734352K->2372117K(4176256K), 0.0357630 secs] [Times: user=0.08 sys=0.00, real=0.04 secs] 
2016-02-21T23:44:12.338+0800: 537649.052: [GC [PSYoungGen: 1377136K->17408K(1379136K)] 3734101K->2374594K(4175360K), 0.0385580 secs] [Times: user=0.08 sys=0.00, real=0.04 secs] 
2016-02-21T23:45:07.501+0800: 537704.215: [GC [PSYoungGen: 1378752K->13440K(1379712K)] 3735938K->2370834K(4175936K), 0.0338850 secs] [Times: user=0.07 sys=0.00, real=0.03 secs] 
2016-02-21T23:46:00.171+0800: 537756.885: [GC [PSYoungGen: 1374784K->15536K(1379840K)] 3732178K->2373122K(4176064K), 0.0436740 secs] [Times: user=0.08 sys=0.00, real=0.04 secs] 
2016-02-21T23:47:00.718+0800: 537817.432: [GC [PSYoungGen: 1377008K->16752K(1378240K)] 3734594K->2374470K(4174464K), 0.0385980 secs] [Times: user=0.08 sys=0.00, real=0.04 secs] 
2016-02-21T23:48:03.241+0800: 537879.955: [GC [PSYoungGen: 1378224K->15552K(1379776K)] 3735942K->2373531K(4176000K), 0.0367100 secs] [Times: user=0.06 sys=0.01, real=0.04 secs] 
2016-02-21T23:49:01.487+0800: 537938.201: [GC [PSYoungGen: 1376832K->15056K(1379584K)] 3734811K->2373327K(4175808K), 0.0375250 secs] [Times: user=0.08 sys=0.00, real=0.04 secs] 
2016-02-21T23:49:58.289+0800: 537995.003: [GC [PSYoungGen: 1376336K->15168K(1380288K)] 3734607K->2373739K(4176512K), 0.0399560 secs] [Times: user=0.07 sys=0.00, real=0.04 secs] 
2016-02-21T23:50:59.739+0800: 538056.454: [GC [PSYoungGen: 1377408K->14384K(1380032K)] 3735979K->2373163K(4176256K), 0.0402240 secs] [Times: user=0.08 sys=0.00, real=0.04 secs] 
2016-02-21T23:51:52.404+0800: 538109.119: [GC [PSYoungGen: 1376624K->12544K(1379968K)] 3735403K->2371780K(4176192K), 0.0311060 secs] [Times: user=0.06 sys=0.00, real=0.03 secs] 
2016-02-21T23:52:56.689+0800: 538173.403: [GC [PSYoungGen: 1374784K->15504K(1380160K)] 3734020K->2374899K(4176384K), 0.0371190 secs] [Times: user=0.07 sys=0.00, real=0.03 secs] 
2016-02-21T23:54:00.064+0800: 538236.779: [GC [PSYoungGen: 1377744K->16976K(1379264K)] 3737139K->2376492K(4175488K), 0.0453880 secs] [Times: user=0.08 sys=0.00, real=0.04 secs] 
2016-02-21T23:55:01.052+0800: 538297.766: [GC [PSYoungGen: 1378448K->14480K(1379776K)] 3737964K->2374305K(4176000K), 0.0376440 secs] [Times: user=0.08 sys=0.00, real=0.04 secs] 
2016-02-21T23:55:57.906+0800: 538354.621: [GC [PSYoungGen: 1375952K->13744K(1380032K)] 3735777K->2373797K(4176256K), 0.0351290 secs] [Times: user=0.07 sys=0.01, real=0.04 secs] 
2016-02-21T23:57:02.727+0800: 538419.441: [GC [PSYoungGen: 1375664K->14992K(1379968K)] 3735717K->2375393K(4176192K), 0.0369530 secs] [Times: user=0.08 sys=0.00, real=0.04 secs] 
2016-02-21T23:58:12.743+0800: 538489.457: [GC [PSYoungGen: 1376912K->14864K(1380608K)] 3737313K->2375522K(4176832K), 0.0380670 secs] [Times: user=0.07 sys=0.00, real=0.04 secs] 
2016-02-21T23:59:19.447+0800: 538556.161: [GC [PSYoungGen: 1377744K->15248K(1380352K)] 3738402K->2376059K(4176576K), 0.0355630 secs] [Times: user=0.06 sys=0.00, real=0.03 secs] 
2016-02-22T00:00:13.094+0800: 538609.808: [GC [PSYoungGen: 1378128K->12186K(1380224K)] 3738939K->2373281K(4176448K), 0.0311110 secs] [Times: user=0.07 sys=0.00, real=0.03 secs] 
2016-02-22T00:01:22.022+0800: 538678.736: [GC [PSYoungGen: 1375066K->15152K(1380480K)] 3736161K->2376882K(4176704K), 0.0351280 secs] [Times: user=0.07 sys=0.00, real=0.04 secs] 
2016-02-22T00:02:31.981+0800: 538748.695: [GC [PSYoungGen: 1378032K->15088K(1380736K)] 3739762K->2377164K(4176960K), 0.0365570 secs] [Times: user=0.08 sys=0.00, real=0.04 secs] 
2016-02-22T00:03:43.375+0800: 538820.090: [GC [PSYoungGen: 1378352K->15824K(1380608K)] 3740428K->2378440K(4176832K), 0.0464190 secs] [Times: user=0.08 sys=0.00, real=0.05 secs] 
2016-02-22T00:04:54.212+0800: 538890.927: [GC [PSYoungGen: 1379088K->15404K(1380672K)] 3741704K->2378308K(4176896K), 0.0365700 secs] [Times: user=0.06 sys=0.00, real=0.04 secs] 
2016-02-22T00:06:02.531+0800: 538959.246: [GC [PSYoungGen: 1378604K->15328K(1380608K)] 3741508K->2378426K(4176832K), 0.0401920 secs] [Times: user=0.08 sys=0.00, real=0.04 secs] 
2016-02-22T00:07:07.414+0800: 539024.128: [GC [PSYoungGen: 1378528K->14272K(1380928K)] 3741626K->2377610K(4177152K), 0.0393770 secs] [Times: user=0.08 sys=0.00, real=0.04 secs] 
2016-02-22T00:08:25.157+0800: 539101.871: [GC [PSYoungGen: 1377920K->14432K(1380800K)] 3741258K->2378034K(4177024K), 0.0377450 secs] [Times: user=0.07 sys=0.00, real=0.04 secs] 
2016-02-22T00:09:39.390+0800: 539176.104: [GC [PSYoungGen: 1378080K->13152K(1380928K)] 3741682K->2376954K(4177152K), 0.0359520 secs] [Times: user=0.08 sys=0.00, real=0.03 secs] 
2016-02-22T00:10:56.980+0800: 539253.695: [GC [PSYoungGen: 1377056K->12544K(1376512K)] 3740858K->2376519K(4172736K), 0.0372380 secs] [Times: user=0.07 sys=0.00, real=0.03 secs] 
2016-02-22T00:12:16.342+0800: 539333.057: [GC [PSYoungGen: 1376448K->15120K(1380864K)] 3740423K->2379272K(4177088K), 0.0364880 secs] [Times: user=0.07 sys=0.00, real=0.04 secs] 
2016-02-22T00:13:40.191+0800: 539416.905: [GC [PSYoungGen: 1378768K->16096K(1379776K)] 3742920K->2380500K(4176000K), 0.0437110 secs] [Times: user=0.09 sys=0.00, real=0.05 secs] 
2016-02-22T00:15:02.281+0800: 539498.995: [GC [PSYoungGen: 1379744K->14320K(1380800K)] 3744148K->2379025K(4177024K), 0.0355050 secs] [Times: user=0.07 sys=0.00, real=0.04 secs] 
2016-02-22T00:16:27.837+0800: 539584.551: [GC [PSYoungGen: 1377584K->13904K(1380544K)] 3742289K->2378949K(4176768K), 0.0381810 secs] [Times: user=0.08 sys=0.00, real=0.04 secs] 
2016-02-22T00:18:06.845+0800: 539683.560: [GC [PSYoungGen: 1377168K->15616K(1380672K)] 3742213K->2380998K(4176896K), 0.0380400 secs] [Times: user=0.07 sys=0.00, real=0.03 secs] 
2016-02-22T00:19:29.055+0800: 539765.770: [GC [PSYoungGen: 1379136K->12224K(1375808K)] 3744518K->2377870K(4172032K), 0.0309790 secs] [Times: user=0.06 sys=0.00, real=0.03 secs] 
2016-02-22T00:20:44.869+0800: 539841.583: [GC [PSYoungGen: 1375744K->14865K(1380736K)] 3741390K->2380720K(4176960K), 0.0329460 secs] [Times: user=0.06 sys=0.00, real=0.03 secs] 
2016-02-22T00:22:32.121+0800: 539948.836: [GC [PSYoungGen: 1378129K->14256K(1380608K)] 3743984K->2380640K(4176832K), 0.0373400 secs] [Times: user=0.08 sys=0.00, real=0.03 secs] 
2016-02-22T00:24:07.951+0800: 540044.665: [GC [PSYoungGen: 1377520K->14560K(1381248K)] 3743904K->2381240K(4177472K), 0.0409220 secs] [Times: user=0.06 sys=0.00, real=0.05 secs] 
2016-02-22T00:25:39.058+0800: 540135.772: [GC [PSYoungGen: 1378720K->12096K(1380992K)] 3745400K->2379060K(4177216K), 0.0346470 secs] [Times: user=0.06 sys=0.00, real=0.03 secs] 
2016-02-22T00:27:13.453+0800: 540230.167: [GC [PSYoungGen: 1376256K->12832K(1381120K)] 3743220K->2379912K(4177344K), 0.0320320 secs] [Times: user=0.07 sys=0.00, real=0.03 secs] 
2016-02-22T00:28:56.144+0800: 540332.859: [GC [PSYoungGen: 1376928K->12272K(1381056K)] 3744008K->2379560K(4177280K), 0.0359560 secs] [Times: user=0.08 sys=0.00, real=0.03 secs] 
2016-02-22T00:30:31.164+0800: 540427.878: [GC [PSYoungGen: 1376368K->14816K(1381056K)] 3743656K->2382324K(4177280K), 0.0398600 secs] [Times: user=0.08 sys=0.00, real=0.04 secs] 
2016-02-22T00:31:58.326+0800: 540515.040: [GC [PSYoungGen: 1378848K->12864K(1381056K)] 3746356K->2380705K(4177280K), 0.0322300 secs] [Times: user=0.07 sys=0.00, real=0.03 secs] 
2016-02-22T00:33:55.949+0800: 540632.664: [GC [PSYoungGen: 1376896K->13920K(1381440K)] 3744737K->2382193K(4177664K), 0.0374590 secs] [Times: user=0.08 sys=0.00, real=0.04 secs] 
2016-02-22T00:35:32.464+0800: 540729.178: [GC [PSYoungGen: 1378400K->13312K(1381120K)] 3746673K->2381701K(4177344K), 0.0326590 secs] [Times: user=0.07 sys=0.00, real=0.03 secs] 
2016-02-22T00:37:14.752+0800: 540831.466: [GC [PSYoungGen: 1377792K->13056K(1381760K)] 3746181K->2381605K(4177984K), 0.0323030 secs] [Times: user=0.06 sys=0.00, real=0.03 secs] 
2016-02-22T00:38:55.836+0800: 540932.551: [GC [PSYoungGen: 1378368K->15024K(1380352K)] 3746917K->2383829K(4176576K), 0.0446400 secs] [Times: user=0.09 sys=0.00, real=0.04 secs] 
2016-02-22T00:40:44.112+0800: 541040.826: [GC [PSYoungGen: 1380336K->14032K(1381760K)] 3749141K->2383030K(4177984K), 0.0333370 secs] [Times: user=0.07 sys=0.00, real=0.03 secs] 
2016-02-22T00:42:26.597+0800: 541143.312: [GC [PSYoungGen: 1379216K->13760K(1381504K)] 3748214K->2383087K(4177728K), 0.0341500 secs] [Times: user=0.06 sys=0.00, real=0.03 secs] 
2016-02-22T00:44:44.829+0800: 541281.544: [GC [PSYoungGen: 1378944K->15088K(1381568K)] 3748271K->2384700K(4177792K), 0.0368440 secs] [Times: user=0.08 sys=0.00, real=0.04 secs] 
2016-02-22T00:46:55.761+0800: 541412.475: [GC [PSYoungGen: 1380528K->15808K(1381312K)] 3750140K->2385869K(4177536K), 0.0385060 secs] [Times: user=0.07 sys=0.00, real=0.04 secs] 
2016-02-22T00:49:02.170+0800: 541538.885: [GC [PSYoungGen: 1381248K->16208K(1380288K)] 3751309K->2386481K(4176512K), 0.0386310 secs] [Times: user=0.07 sys=0.00, real=0.04 secs] 
2016-02-22T00:51:03.889+0800: 541660.604: [GC [PSYoungGen: 1379728K->15936K(1379456K)] 3750001K->2386385K(4175680K), 0.0368910 secs] [Times: user=0.07 sys=0.00, real=0.04 secs] 
2016-02-22T00:53:21.229+0800: 541797.943: [GC [PSYoungGen: 1379456K->13088K(1380544K)] 3749905K->2383705K(4176768K), 0.0387940 secs] [Times: user=0.07 sys=0.00, real=0.04 secs] 
2016-02-22T00:55:42.053+0800: 541938.767: [GC [PSYoungGen: 1376096K->14048K(1380544K)] 3746713K->2384809K(4176768K), 0.0349410 secs] [Times: user=0.07 sys=0.00, real=0.03 secs] 
2016-02-22T00:58:24.082+0800: 542100.796: [GC [PSYoungGen: 1377056K->15216K(1380800K)] 3747817K->2386235K(4177024K), 0.0388630 secs] [Times: user=0.07 sys=0.00, real=0.04 secs] 
2016-02-22T01:00:42.869+0800: 542239.583: [GC [PSYoungGen: 1378736K->14736K(1380800K)] 3749755K->2386024K(4177024K), 0.0414910 secs] [Times: user=0.08 sys=0.00, real=0.04 secs] 
2016-02-22T01:03:04.771+0800: 542381.485: [GC [PSYoungGen: 1378256K->13072K(1380992K)] 3749544K->2384712K(4177216K), 0.0409540 secs] [Times: user=0.08 sys=0.00, real=0.04 secs] 
2016-02-22T01:05:13.847+0800: 542510.562: [GC [PSYoungGen: 1376976K->12144K(1376064K)] 3748616K->2384013K(4172288K), 0.0301530 secs] [Times: user=0.07 sys=0.00, real=0.03 secs] 
2016-02-22T01:07:34.110+0800: 542650.825: [GC [PSYoungGen: 1376048K->12896K(1380992K)] 3747917K->2384921K(4177216K), 0.0329610 secs] [Times: user=0.07 sys=0.00, real=0.03 secs] 
2016-02-22T01:10:01.721+0800: 542798.435: [GC [PSYoungGen: 1376672K->14416K(1380864K)] 3748697K->2386642K(4177088K), 0.0403980 secs] [Times: user=0.08 sys=0.00, real=0.04 secs] 
2016-02-22T01:12:28.722+0800: 542945.436: [GC [PSYoungGen: 1378192K->16240K(1380096K)] 3750418K->2388741K(4176320K), 0.0372320 secs] [Times: user=0.08 sys=0.00, real=0.03 secs] 
2016-02-22T01:15:08.245+0800: 543104.960: [GC [PSYoungGen: 1379376K->15328K(1378496K)] 3751877K->2388082K(4174720K), 0.0433620 secs] [Times: user=0.09 sys=0.00, real=0.04 secs] 
2016-02-22T01:17:51.290+0800: 543268.004: [GC [PSYoungGen: 1378464K->12960K(1380608K)] 3751218K->2385858K(4176832K), 0.0315860 secs] [Times: user=0.07 sys=0.00, real=0.04 secs] 
2016-02-22T01:20:43.170+0800: 543439.884: [GC [PSYoungGen: 1376032K->12416K(1380544K)] 3748930K->2385450K(4176768K), 0.0310770 secs] [Times: user=0.06 sys=0.00, real=0.03 secs] 
2016-02-22T01:23:49.354+0800: 543626.068: [GC [PSYoungGen: 1375488K->16256K(1379712K)] 3748522K->2389544K(4175936K), 0.0368920 secs] [Times: user=0.07 sys=0.00, real=0.04 secs] 
2016-02-22T01:27:18.882+0800: 543835.596: [GC [PSYoungGen: 1378496K->15264K(1380160K)] 3751784K->2388752K(4176384K), 0.0430820 secs] [Times: user=0.08 sys=0.00, real=0.05 secs] 
2016-02-22T01:30:18.459+0800: 544015.174: [GC [PSYoungGen: 1377504K->11440K(1379776K)] 3750992K->2385377K(4176000K), 0.0287990 secs] [Times: user=0.06 sys=0.00, real=0.03 secs] 
2016-02-22T01:34:03.530+0800: 544240.244: [GC [PSYoungGen: 1373296K->15841K(1377728K)] 3747233K->2389966K(4173952K), 0.0428400 secs] [Times: user=0.09 sys=0.00, real=0.04 secs] 
2016-02-22T01:37:38.757+0800: 544455.471: [GC [PSYoungGen: 1377697K->12432K(1379840K)] 3751822K->2386759K(4176064K), 0.0330360 secs] [Times: user=0.07 sys=0.00, real=0.03 secs] 
2016-02-22T01:41:07.955+0800: 544664.670: [GC [PSYoungGen: 1373904K->12128K(1379712K)] 3748231K->2386776K(4175936K), 0.0322630 secs] [Times: user=0.06 sys=0.00, real=0.03 secs] 
2016-02-22T01:45:00.249+0800: 544896.963: [GC [PSYoungGen: 1373600K->13872K(1380352K)] 3748248K->2388652K(4176576K), 0.0410410 secs] [Times: user=0.07 sys=0.00, real=0.04 secs] 
2016-02-22T01:48:26.794+0800: 545103.508: [GC [PSYoungGen: 1376048K->12480K(1379904K)] 3750828K->2387476K(4176128K), 0.0326600 secs] [Times: user=0.06 sys=0.00, real=0.04 secs] 
2016-02-22T01:52:45.508+0800: 545362.222: [GC [PSYoungGen: 1374656K->13968K(1380800K)] 3749652K->2389170K(4177024K), 0.0332100 secs] [Times: user=0.06 sys=0.00, real=0.03 secs] 
2016-02-22T01:57:13.603+0800: 545630.317: [GC [PSYoungGen: 1377168K->11888K(1380480K)] 3752370K->2387422K(4176704K), 0.0376560 secs] [Times: user=0.09 sys=0.00, real=0.04 secs] 
2016-02-22T02:01:31.901+0800: 545888.616: [GC [PSYoungGen: 1375088K->16033K(1379776K)] 3750622K->2391784K(4176000K), 0.0367580 secs] [Times: user=0.07 sys=0.00, real=0.04 secs] 
2016-02-22T02:05:22.377+0800: 546119.091: [GC [PSYoungGen: 1378529K->16499K(1379008K)] 3754280K->2392552K(4175232K), 0.0457870 secs] [Times: user=0.07 sys=0.00, real=0.04 secs] 
2016-02-22T02:06:18.638+0800: 546175.353: [GC [PSYoungGen: 1378995K->3888K(1377088K)] 3755048K->2381982K(4173312K), 0.0171130 secs] [Times: user=0.05 sys=0.00, real=0.02 secs] 
2016-02-22T02:09:29.973+0800: 546366.687: [GC [PSYoungGen: 1362544K->10175K(1378368K)] 3740638K->2388398K(4174592K), 0.0266930 secs] [Times: user=0.06 sys=0.00, real=0.03 secs] 
2016-02-22T02:10:54.543+0800: 546451.257: [GC [PSYoungGen: 1368831K->6247K(1377664K)] 3747054K->2384684K(4173888K), 0.0222420 secs] [Times: user=0.06 sys=0.00, real=0.02 secs] 
2016-02-22T02:15:29.487+0800: 546726.201: [GC [PSYoungGen: 1364391K->13192K(1378112K)] 3742828K->2391858K(4174336K), 0.0334530 secs] [Times: user=0.06 sys=0.00, real=0.03 secs] 
2016-02-22T02:20:19.444+0800: 547016.158: [GC [PSYoungGen: 1371336K->11470K(1379072K)] 3750002K->2390966K(4175296K), 0.0341530 secs] [Times: user=0.07 sys=0.00, real=0.04 secs] 
2016-02-22T02:25:23.608+0800: 547320.322: [GC [PSYoungGen: 1370958K->11727K(1378496K)] 3750454K->2391820K(4174720K), 0.0345720 secs] [Times: user=0.07 sys=0.00, real=0.04 secs] 
2016-02-22T02:31:03.773+0800: 547660.488: [GC [PSYoungGen: 1371215K->14307K(1379328K)] 3751308K->2394729K(4175552K), 0.0407240 secs] [Times: user=0.09 sys=0.00, real=0.04 secs] 
2016-02-22T02:38:50.446+0800: 548127.160: [GC [PSYoungGen: 1375267K->16422K(1377408K)] 3755689K->2397076K(4173632K), 0.0398140 secs] [Times: user=0.07 sys=0.00, real=0.04 secs] 
2016-02-22T02:45:22.973+0800: 548519.688: [GC [PSYoungGen: 1377382K->10240K(1378880K)] 3758036K->2391252K(4175104K), 0.0320990 secs] [Times: user=0.07 sys=0.00, real=0.03 secs] 
2016-02-22T02:53:25.664+0800: 549002.378: [GC [PSYoungGen: 1369664K->13248K(1378624K)] 3750676K->2394512K(4174848K), 0.0341630 secs] [Times: user=0.06 sys=0.01, real=0.03 secs] 
2016-02-22T03:00:09.997+0800: 549406.711: [GC [PSYoungGen: 1372672K->13200K(1379648K)] 3753936K->2394596K(4175872K), 0.0373810 secs] [Times: user=0.08 sys=0.00, real=0.03 secs] 
2016-02-22T03:07:35.614+0800: 549852.329: [GC [PSYoungGen: 1374032K->12112K(1379264K)] 3755428K->2393633K(4175488K), 0.0332890 secs] [Times: user=0.06 sys=0.00, real=0.03 secs] 
2016-02-22T03:15:24.379+0800: 550321.094: [GC [PSYoungGen: 1372944K->12080K(1380608K)] 3754465K->2393810K(4176832K), 0.0304050 secs] [Times: user=0.07 sys=0.00, real=0.04 secs] 
2016-02-22T03:24:18.174+0800: 550854.889: [GC [PSYoungGen: 1374768K->13058K(1380160K)] 3756498K->2395048K(4176384K), 0.0331090 secs] [Times: user=0.07 sys=0.00, real=0.03 secs] 
2016-02-22T03:33:32.185+0800: 551408.899: [GC [PSYoungGen: 1375746K->12640K(1381312K)] 3757736K->2394882K(4177536K), 0.0321970 secs] [Times: user=0.07 sys=0.00, real=0.03 secs] 
2016-02-22T03:43:06.000+0800: 551982.714: [GC [PSYoungGen: 1376736K->13920K(1380864K)] 3758978K->2396322K(4177088K), 0.0342020 secs] [Times: user=0.07 sys=0.00, real=0.03 secs] 
2016-02-22T03:53:40.446+0800: 552617.160: [GC [PSYoungGen: 1378016K->13920K(1381120K)] 3760418K->2396467K(4177344K), 0.0337060 secs] [Times: user=0.07 sys=0.00, real=0.04 secs] 
2016-02-22T04:05:25.888+0800: 553322.603: [GC [PSYoungGen: 1378152K->11746K(1381184K)] 3760699K->2394456K(4177408K), 0.0329010 secs] [Times: user=0.07 sys=0.00, real=0.03 secs] 
2016-02-22T04:16:25.094+0800: 553981.808: [GC [PSYoungGen: 1376034K->12320K(1381760K)] 3758744K->2395315K(4177984K), 0.0315220 secs] [Times: user=0.06 sys=0.00, real=0.03 secs] 
2016-02-22T04:29:58.785+0800: 554795.500: [GC [PSYoungGen: 1377440K->13216K(1381440K)] 3760435K->2396291K(4177664K), 0.0307670 secs] [Times: user=0.06 sys=0.00, real=0.03 secs] 
2016-02-22T04:41:42.268+0800: 555498.983: [GC [PSYoungGen: 1378336K->11168K(1381952K)] 3761411K->2394488K(4178176K), 0.0411850 secs] [Times: user=0.07 sys=0.00, real=0.04 secs] 
2016-02-22T04:53:20.102+0800: 556196.817: [GC [PSYoungGen: 1376928K->12816K(1381888K)] 3760248K->2396284K(4178112K), 0.0303190 secs] [Times: user=0.06 sys=0.00, real=0.04 secs] 
2016-02-22T05:05:18.245+0800: 556914.959: [GC [PSYoungGen: 1378576K->12672K(1382528K)] 3762044K->2396228K(4178752K), 0.0362480 secs] [Times: user=0.06 sys=0.00, real=0.04 secs] 
2016-02-22T05:16:46.823+0800: 557603.537: [GC [PSYoungGen: 1379328K->14192K(1382208K)] 3762884K->2397868K(4178432K), 0.0338840 secs] [Times: user=0.06 sys=0.00, real=0.04 secs] 
2016-02-22T05:27:12.593+0800: 558229.307: [GC [PSYoungGen: 1380848K->11168K(1382272K)] 3764524K->2394929K(4178496K), 0.0291850 secs] [Times: user=0.06 sys=0.00, real=0.03 secs] 
2016-02-22T05:39:02.543+0800: 558939.257: [GC [PSYoungGen: 1377632K->11312K(1382272K)] 3761393K->2395249K(4178496K), 0.0350070 secs] [Times: user=0.06 sys=0.00, real=0.03 secs] 
2016-02-22T05:48:40.524+0800: 559517.239: [GC [PSYoungGen: 1377776K->11344K(1382464K)] 3761713K->2395389K(4178688K), 0.0332370 secs] [Times: user=0.08 sys=0.00, real=0.03 secs] 
2016-02-22T05:57:26.967+0800: 560043.681: [GC [PSYoungGen: 1378128K->12608K(1382400K)] 3762173K->2396805K(4178624K), 0.0314360 secs] [Times: user=0.06 sys=0.00, real=0.03 secs] 
2016-02-22T06:07:44.901+0800: 560661.615: [GC [PSYoungGen: 1379392K->12112K(1382976K)] 3763589K->2396446K(4179200K), 0.0315380 secs] [Times: user=0.07 sys=0.00, real=0.04 secs] 
2016-02-22T06:15:31.903+0800: 561128.617: [GC [PSYoungGen: 1379728K->13597K(1382720K)] 3764062K->2398184K(4178944K), 0.0324400 secs] [Times: user=0.07 sys=0.00, real=0.03 secs] 
2016-02-22T06:22:59.405+0800: 561576.119: [GC [PSYoungGen: 1381213K->10560K(1382656K)] 3765800K->2395363K(4178880K), 0.0359310 secs] [Times: user=0.07 sys=0.00, real=0.04 secs] 
2016-02-22T06:30:08.777+0800: 562005.492: [GC [PSYoungGen: 1377920K->14480K(1381888K)] 3762723K->2399491K(4178112K), 0.0353380 secs] [Times: user=0.07 sys=0.00, real=0.04 secs] 
2016-02-22T06:36:34.201+0800: 562390.916: [GC [PSYoungGen: 1381840K->11856K(1382464K)] 3766851K->2396907K(4178688K), 0.0307520 secs] [Times: user=0.07 sys=0.00, real=0.03 secs] 
2016-02-22T06:42:42.388+0800: 562759.102: [GC [PSYoungGen: 1378448K->13184K(1382208K)] 3763499K->2398472K(4178432K), 0.0379300 secs] [Times: user=0.08 sys=0.00, real=0.04 secs] 
2016-02-22T06:48:44.291+0800: 563121.005: [GC [PSYoungGen: 1379776K->14496K(1381696K)] 3765064K->2399900K(4177920K), 0.0336120 secs] [Times: user=0.07 sys=0.00, real=0.03 secs] 
2016-02-22T06:53:48.192+0800: 563424.906: [GC [PSYoungGen: 1380576K->13024K(1382080K)] 3765980K->2398552K(4178304K), 0.0308830 secs] [Times: user=0.06 sys=0.00, real=0.04 secs] 
2016-02-22T06:59:09.578+0800: 563746.293: [GC [PSYoungGen: 1379104K->13392K(1382336K)] 3764632K->2399060K(4178560K), 0.0346020 secs] [Times: user=0.07 sys=0.00, real=0.04 secs] 
2016-02-22T07:04:00.489+0800: 564037.203: [GC [PSYoungGen: 1379920K->13056K(1382272K)] 3765588K->2398912K(4178496K), 0.0351390 secs] [Times: user=0.07 sys=0.00, real=0.04 secs] 
2016-02-22T07:08:03.263+0800: 564279.977: [GC [PSYoungGen: 1379584K->12897K(1382784K)] 3765440K->2398973K(4179008K), 0.0338620 secs] [Times: user=0.06 sys=0.00, real=0.04 secs] 
2016-02-22T07:12:00.937+0800: 564517.652: [GC [PSYoungGen: 1380129K->13120K(1382528K)] 3766205K->2399418K(4178752K), 0.0363200 secs] [Times: user=0.08 sys=0.00, real=0.04 secs] 
2016-02-22T07:15:43.079+0800: 564739.794: [GC [PSYoungGen: 1380352K->12992K(1383104K)] 3766650K->2399555K(4179328K), 0.0333820 secs] [Times: user=0.07 sys=0.00, real=0.04 secs] 
2016-02-22T07:19:15.768+0800: 564952.482: [GC [PSYoungGen: 1380928K->12800K(1382912K)] 3767491K->2399507K(4179136K), 0.0321330 secs] [Times: user=0.06 sys=0.00, real=0.03 secs] 
2016-02-22T07:22:30.571+0800: 565147.286: [GC [PSYoungGen: 1380736K->12267K(1383360K)] 3767443K->2399162K(4179584K), 0.0343840 secs] [Times: user=0.07 sys=0.00, real=0.04 secs] 
2016-02-22T07:25:44.562+0800: 565341.276: [GC [PSYoungGen: 1380843K->12816K(1383296K)] 3767738K->2399940K(4179520K), 0.0391990 secs] [Times: user=0.09 sys=0.00, real=0.04 secs] 
2016-02-22T07:29:05.251+0800: 565541.966: [GC [PSYoungGen: 1381392K->14512K(1381504K)] 3768516K->2403126K(4177728K), 0.0386100 secs] [Times: user=0.08 sys=0.00, real=0.04 secs] 
2016-02-22T07:32:30.285+0800: 565746.999: [GC [PSYoungGen: 1381488K->13744K(1382528K)] 3770102K->2402591K(4178752K), 0.0367020 secs] [Times: user=0.08 sys=0.00, real=0.03 secs] 
2016-02-22T07:36:12.798+0800: 565969.512: [GC [PSYoungGen: 1380720K->14408K(1382080K)] 3769567K->2403520K(4178304K), 0.0343080 secs] [Times: user=0.07 sys=0.00, real=0.04 secs] 
2016-02-22T07:39:23.479+0800: 566160.193: [GC [PSYoungGen: 1381000K->13424K(1382336K)] 3770112K->2402740K(4178560K), 0.0383700 secs] [Times: user=0.08 sys=0.00, real=0.04 secs] 
2016-02-22T07:42:22.601+0800: 566339.315: [GC [PSYoungGen: 1380016K->13408K(1382720K)] 3769332K->2403008K(4178944K), 0.0341610 secs] [Times: user=0.06 sys=0.00, real=0.03 secs] 
2016-02-22T07:45:15.528+0800: 566512.243: [GC [PSYoungGen: 1380576K->15136K(1382336K)] 3770176K->2404912K(4178560K), 0.0360660 secs] [Times: user=0.07 sys=0.00, real=0.03 secs] 
2016-02-22T07:48:05.002+0800: 566681.716: [GC [PSYoungGen: 1382304K->12992K(1382400K)] 3772080K->2403077K(4178624K), 0.0333690 secs] [Times: user=0.06 sys=0.00, real=0.03 secs] 
2016-02-22T07:51:25.365+0800: 566882.079: [GC [PSYoungGen: 1379648K->14400K(1381056K)] 3769733K->2404589K(4177280K), 0.0398930 secs] [Times: user=0.07 sys=0.00, real=0.04 secs] 
2016-02-22T07:54:49.762+0800: 567086.477: [GC [PSYoungGen: 1381056K->14320K(1382144K)] 3771245K->2404704K(4178368K), 0.0334180 secs] [Times: user=0.07 sys=0.00, real=0.04 secs] 
2016-02-22T07:57:41.545+0800: 567258.260: [GC [PSYoungGen: 1380656K->14192K(1382208K)] 3771040K->2404701K(4178432K), 0.0372750 secs] [Times: user=0.08 sys=0.00, real=0.04 secs] 
2016-02-22T08:00:13.865+0800: 567410.580: [GC [PSYoungGen: 1380528K->13024K(1382336K)] 3771037K->2404017K(4178560K), 0.0329470 secs] [Times: user=0.07 sys=0.00, real=0.03 secs] 
2016-02-22T08:03:11.684+0800: 567588.399: [GC [PSYoungGen: 1379488K->12976K(1382208K)] 3770481K->2404086K(4178432K), 0.0322680 secs] [Times: user=0.06 sys=0.00, real=0.03 secs] 
2016-02-22T08:05:41.947+0800: 567738.662: [GC [PSYoungGen: 1379440K->12880K(1382528K)] 3770550K->2404186K(4178752K), 0.0314290 secs] [Times: user=0.07 sys=0.00, real=0.03 secs] 
2016-02-22T08:08:38.407+0800: 567915.122: [GC [PSYoungGen: 1379728K->14560K(1381440K)] 3771034K->2406159K(4177664K), 0.0371870 secs] [Times: user=0.07 sys=0.00, real=0.04 secs] 
2016-02-22T08:11:07.555+0800: 568064.270: [GC [PSYoungGen: 1381408K->15713K(1380800K)] 3773007K->2407872K(4177024K), 0.0436300 secs] [Times: user=0.08 sys=0.00, real=0.04 secs] 
2016-02-22T08:13:34.830+0800: 568211.544: [GC [PSYoungGen: 1380769K->14624K(1379712K)] 3772928K->2407097K(4175936K), 0.0376490 secs] [Times: user=0.07 sys=0.01, real=0.04 secs] 
2016-02-22T08:15:53.853+0800: 568350.567: [GC [PSYoungGen: 1379680K->14736K(1381504K)] 3772153K->2407589K(4177728K), 0.0443540 secs] [Times: user=0.09 sys=0.00, real=0.04 secs] 
2016-02-22T08:17:50.185+0800: 568466.899: [GC [PSYoungGen: 1379664K->15312K(1380288K)] 3772517K->2408381K(4176512K), 0.0383360 secs] [Times: user=0.08 sys=0.00, real=0.03 secs] 
2016-02-22T08:19:53.557+0800: 568590.271: [GC [PSYoungGen: 1380240K->14688K(1381312K)] 3773309K->2408053K(4177536K), 0.0334160 secs] [Times: user=0.07 sys=0.00, real=0.04 secs] 
2016-02-22T08:22:22.916+0800: 568739.630: [GC [PSYoungGen: 1379168K->16608K(1381120K)] 3772533K->2410381K(4177344K), 0.0397620 secs] [Times: user=0.07 sys=0.00, real=0.04 secs] 
2016-02-22T08:24:38.891+0800: 568875.605: [GC [PSYoungGen: 1381088K->16576K(1379328K)] 3774861K->2410574K(4175552K), 0.0391130 secs] [Times: user=0.08 sys=0.00, real=0.04 secs] 
2016-02-22T08:26:36.972+0800: 568993.686: [GC [PSYoungGen: 1378944K->14528K(1380224K)] 3772942K->2408675K(4176448K), 0.0339580 secs] [Times: user=0.07 sys=0.00, real=0.04 secs] 
2016-02-22T08:28:35.833+0800: 569112.548: [GC [PSYoungGen: 1376896K->13888K(1380672K)] 3771043K->2408324K(4176896K), 0.0346050 secs] [Times: user=0.07 sys=0.00, real=0.04 secs] 
2016-02-22T08:30:31.832+0800: 569228.547: [GC [PSYoungGen: 1376960K->13792K(1380480K)] 3771396K->2408512K(4176704K), 0.0330610 secs] [Times: user=0.08 sys=0.00, real=0.03 secs] 
2016-02-22T08:32:30.041+0800: 569346.755: [GC [PSYoungGen: 1376864K->17249K(1379008K)] 3771584K->2412337K(4175232K), 0.0390900 secs] [Times: user=0.08 sys=0.00, real=0.04 secs] 
2016-02-22T08:34:24.365+0800: 569461.079: [GC [PSYoungGen: 1378977K->17152K(1378944K)] 3774065K->2412666K(4175168K), 0.0406570 secs] [Times: user=0.08 sys=0.00, real=0.04 secs] 
2016-02-22T08:36:03.846+0800: 569560.561: [GC [PSYoungGen: 1378880K->13088K(1379392K)] 3774394K->2408973K(4175616K), 0.0403870 secs] [Times: user=0.09 sys=0.00, real=0.04 secs] 
2016-02-22T08:38:01.357+0800: 569678.072: [GC [PSYoungGen: 1373792K->15040K(1379392K)] 3769677K->2411158K(4175616K), 0.0361500 secs] [Times: user=0.07 sys=0.00, real=0.04 secs] 
2016-02-22T08:39:51.464+0800: 569788.178: [GC [PSYoungGen: 1375744K->17664K(1378304K)] 3771862K->2413902K(4174528K), 0.0400000 secs] [Times: user=0.07 sys=0.00, real=0.04 secs] 
2016-02-22T08:41:30.436+0800: 569887.150: [GC [PSYoungGen: 1377600K->14896K(1379008K)] 3773838K->2411243K(4175232K), 0.0388590 secs] [Times: user=0.08 sys=0.00, real=0.03 secs] 
2016-02-22T08:42:59.453+0800: 569976.168: [GC [PSYoungGen: 1374832K->15392K(1379648K)] 3771179K->2412195K(4175872K), 0.0416830 secs] [Times: user=0.08 sys=0.00, real=0.04 secs] 
2016-02-22T08:44:33.753+0800: 570070.467: [GC [PSYoungGen: 1376352K->16848K(1377856K)] 3773155K->2413811K(4174080K), 0.0387540 secs] [Times: user=0.07 sys=0.00, real=0.04 secs] 
2016-02-22T08:46:10.617+0800: 570167.331: [GC [PSYoungGen: 1377808K->14752K(1379584K)] 3774771K->2411879K(4175808K), 0.0361110 secs] [Times: user=0.07 sys=0.00, real=0.04 secs] 
2016-02-22T08:47:50.301+0800: 570267.016: [GC [PSYoungGen: 1375584K->14880K(1379328K)] 3772711K->2412432K(4175552K), 0.0375220 secs] [Times: user=0.07 sys=0.00, real=0.04 secs] 
2016-02-22T08:49:28.449+0800: 570365.164: [GC [PSYoungGen: 1375712K->16097K(1379712K)] 3773264K->2413978K(4175936K), 0.0405760 secs] [Times: user=0.07 sys=0.00, real=0.04 secs] 
2016-02-22T08:50:59.297+0800: 570456.012: [GC [PSYoungGen: 1377569K->12544K(1374016K)] 3775450K->2410745K(4170240K), 0.0388480 secs] [Times: user=0.08 sys=0.00, real=0.04 secs] 
2016-02-22T08:52:36.440+0800: 570553.154: [GC [PSYoungGen: 1374016K->15120K(1379904K)] 3772217K->2413538K(4176128K), 0.0383240 secs] [Times: user=0.07 sys=0.00, real=0.04 secs] 
2016-02-22T08:54:33.462+0800: 570670.177: [GC [PSYoungGen: 1376592K->17313K(1378816K)] 3775010K->2415911K(4175040K), 0.0437580 secs] [Times: user=0.08 sys=0.00, real=0.04 secs] 
2016-02-22T08:56:05.825+0800: 570762.540: [GC [PSYoungGen: 1378785K->13907K(1379520K)] 3777383K->2412871K(4175744K), 0.0402650 secs] [Times: user=0.07 sys=0.00, real=0.04 secs] 
2016-02-22T08:57:50.004+0800: 570866.719: [GC [PSYoungGen: 1374739K->14352K(1379392K)] 3773703K->2413412K(4175616K), 0.0392040 secs] [Times: user=0.08 sys=0.00, real=0.03 secs] 
2016-02-22T08:59:19.628+0800: 570956.342: [GC [PSYoungGen: 1375184K->16320K(1379456K)] 3774244K->2415580K(4175680K), 0.0393480 secs] [Times: user=0.08 sys=0.00, real=0.04 secs] 
2016-02-22T09:00:42.864+0800: 571039.579: [GC [PSYoungGen: 1377408K->14992K(1379584K)] 3776668K->2414412K(4175808K), 0.0345270 secs] [Times: user=0.07 sys=0.00, real=0.03 secs] 
2016-02-22T09:02:29.755+0800: 571146.469: [GC [PSYoungGen: 1376080K->15536K(1380032K)] 3775500K->2415133K(4176256K), 0.0358200 secs] [Times: user=0.07 sys=0.00, real=0.04 secs] 
2016-02-22T09:04:12.774+0800: 571249.488: [GC [PSYoungGen: 1377392K->16880K(1378752K)] 3776989K->2416706K(4174976K), 0.0406260 secs] [Times: user=0.07 sys=0.00, real=0.04 secs] 
2016-02-22T09:05:35.060+0800: 571331.774: [GC [PSYoungGen: 1378736K->15408K(1379968K)] 3778562K->2415550K(4176192K), 0.0378910 secs] [Times: user=0.07 sys=0.00, real=0.04 secs] 
2016-02-22T09:07:12.489+0800: 571429.203: [GC [PSYoungGen: 1377008K->16128K(1379712K)] 3777150K->2416658K(4175936K), 0.0373650 secs] [Times: user=0.08 sys=0.00, real=0.04 secs] 
2016-02-22T09:08:38.500+0800: 571515.214: [GC [PSYoungGen: 1377728K->16448K(1379712K)] 3778258K->2417230K(4175936K), 0.0434060 secs] [Times: user=0.08 sys=0.00, real=0.04 secs] 
2016-02-22T09:09:59.850+0800: 571596.564: [GC [PSYoungGen: 1378048K->17136K(1378752K)] 3778830K->2418039K(4174976K), 0.0404790 secs] [Times: user=0.07 sys=0.00, real=0.04 secs] 
2016-02-22T09:11:17.963+0800: 571674.677: [GC [PSYoungGen: 1378736K->16400K(1379584K)] 3779639K->2417563K(4175808K), 0.0399220 secs] [Times: user=0.08 sys=0.00, real=0.04 secs] 
2016-02-22T09:12:46.218+0800: 571762.933: [GC [PSYoungGen: 1377424K->16080K(1379520K)] 3778587K->2417429K(4175744K), 0.0452230 secs] [Times: user=0.08 sys=0.00, real=0.05 secs] 
2016-02-22T09:14:16.226+0800: 571852.940: [GC [PSYoungGen: 1377104K->16224K(1379840K)] 3778453K->2417778K(4176064K), 0.0401470 secs] [Times: user=0.08 sys=0.00, real=0.04 secs] 
2016-02-22T09:15:42.873+0800: 571939.587: [GC [PSYoungGen: 1377696K->17632K(1379136K)] 3779250K->2419431K(4175360K), 0.0430810 secs] [Times: user=0.08 sys=0.00, real=0.04 secs] 
2016-02-22T09:17:16.825+0800: 572033.539: [GC [PSYoungGen: 1379104K->16096K(1379648K)] 3780903K->2418275K(4175872K), 0.0386380 secs] [Times: user=0.08 sys=0.00, real=0.04 secs] 
2016-02-22T09:18:31.326+0800: 572108.040: [GC [PSYoungGen: 1377056K->14736K(1379392K)] 3779235K->2417071K(4175616K), 0.0369240 secs] [Times: user=0.08 sys=0.00, real=0.04 secs] 
2016-02-22T09:19:44.607+0800: 572181.322: [GC [PSYoungGen: 1375696K->16224K(1379776K)] 3778031K->2418736K(4176000K), 0.0463840 secs] [Times: user=0.09 sys=0.00, real=0.05 secs] 
2016-02-22T09:21:06.688+0800: 572263.402: [GC [PSYoungGen: 1377568K->17792K(1379200K)] 3780080K->2420572K(4175424K), 0.0407530 secs] [Times: user=0.08 sys=0.00, real=0.04 secs] 
2016-02-22T09:22:26.510+0800: 572343.224: [GC [PSYoungGen: 1379136K->14848K(1379392K)] 3781916K->2417980K(4175616K), 0.0357390 secs] [Times: user=0.07 sys=0.00, real=0.04 secs] 
2016-02-22T09:23:44.775+0800: 572421.489: [GC [PSYoungGen: 1375488K->14528K(1379328K)] 3778620K->2417808K(4175552K), 0.0422540 secs] [Times: user=0.09 sys=0.00, real=0.04 secs] 
2016-02-22T09:24:57.175+0800: 572493.890: [GC [PSYoungGen: 1375168K->15968K(1379648K)] 3778448K->2419412K(4175872K), 0.0414690 secs] [Times: user=0.08 sys=0.00, real=0.05 secs] 
2016-02-22T09:26:19.452+0800: 572576.166: [GC [PSYoungGen: 1376928K->16576K(1379392K)] 3780372K->2420224K(4175616K), 0.0385790 secs] [Times: user=0.07 sys=0.00, real=0.04 secs] 
2016-02-22T09:27:34.909+0800: 572651.624: [GC [PSYoungGen: 1377536K->16000K(1379840K)] 3781184K->2419749K(4176064K), 0.0422360 secs] [Times: user=0.08 sys=0.00, real=0.04 secs] 
2016-02-22T09:28:48.140+0800: 572724.854: [GC [PSYoungGen: 1377408K->13888K(1379648K)] 3781157K->2417922K(4175872K), 0.0341840 secs] [Times: user=0.06 sys=0.01, real=0.03 secs] 
2016-02-22T09:30:02.012+0800: 572798.726: [GC [PSYoungGen: 1375296K->14336K(1379712K)] 3779330K->2418544K(4175936K), 0.0366480 secs] [Times: user=0.07 sys=0.00, real=0.04 secs] 
2016-02-22T09:31:10.676+0800: 572867.391: [GC [PSYoungGen: 1375680K->13808K(1379712K)] 3779888K->2418324K(4175936K), 0.0344330 secs] [Times: user=0.07 sys=0.00, real=0.03 secs] 
2016-02-22T09:32:21.359+0800: 572938.073: [GC [PSYoungGen: 1375152K->16224K(1379712K)] 3779668K->2421017K(4175936K), 0.0386180 secs] [Times: user=0.07 sys=0.00, real=0.04 secs] 
2016-02-22T09:33:31.339+0800: 573008.054: [GC [PSYoungGen: 1377568K->15168K(1379712K)] 3782361K->2420134K(4175936K), 0.0425650 secs] [Times: user=0.09 sys=0.00, real=0.05 secs] 
2016-02-22T09:34:46.228+0800: 573082.942: [GC [PSYoungGen: 1376512K->14336K(1380032K)] 3781478K->2419542K(4176256K), 0.0349580 secs] [Times: user=0.08 sys=0.00, real=0.04 secs] 
2016-02-22T09:35:56.909+0800: 573153.623: [GC [PSYoungGen: 1376192K->15568K(1379904K)] 3781398K->2421104K(4176128K), 0.0389130 secs] [Times: user=0.08 sys=0.00, real=0.04 secs] 
2016-02-22T09:37:11.787+0800: 573228.501: [GC [PSYoungGen: 1377424K->17360K(1379200K)] 3782960K->2423092K(4175424K), 0.0380730 secs] [Times: user=0.07 sys=0.00, real=0.04 secs] 
2016-02-22T09:38:30.209+0800: 573306.923: [GC [PSYoungGen: 1378704K->14704K(1379712K)] 3784436K->2420741K(4175936K), 0.0393960 secs] [Times: user=0.07 sys=0.00, real=0.04 secs] 
2016-02-22T09:39:45.012+0800: 573381.727: [GC [PSYoungGen: 1376048K->15872K(1379968K)] 3782085K->2422008K(4176192K), 0.0409690 secs] [Times: user=0.09 sys=0.00, real=0.04 secs] 
2016-02-22T09:40:53.982+0800: 573450.696: [GC [PSYoungGen: 1377600K->13728K(1379840K)] 3783736K->2420041K(4176064K), 0.0345780 secs] [Times: user=0.06 sys=0.00, real=0.04 secs] 
2016-02-22T09:42:03.782+0800: 573520.496: [GC [PSYoungGen: 1375456K->14368K(1380032K)] 3781769K->2421013K(4176256K), 0.0361060 secs] [Times: user=0.07 sys=0.00, real=0.03 secs] 
2016-02-22T09:43:14.349+0800: 573591.063: [GC [PSYoungGen: 1376224K->16144K(1379904K)] 3782869K->2423006K(4176128K), 0.0415340 secs] [Times: user=0.07 sys=0.00, real=0.04 secs] 
2016-02-22T09:44:23.026+0800: 573659.741: [GC [PSYoungGen: 1378000K->14784K(1380160K)] 3784862K->2421929K(4176384K), 0.0431960 secs] [Times: user=0.08 sys=0.00, real=0.04 secs] 
2016-02-22T09:45:25.434+0800: 573722.149: [GC [PSYoungGen: 1376832K->13952K(1379968K)] 3783977K->2421414K(4176192K), 0.0330490 secs] [Times: user=0.06 sys=0.00, real=0.03 secs] 
2016-02-22T09:46:35.801+0800: 573792.515: [GC [PSYoungGen: 1376000K->14768K(1380416K)] 3783462K->2422401K(4176640K), 0.0364000 secs] [Times: user=0.07 sys=0.00, real=0.04 secs] 
2016-02-22T09:47:46.887+0800: 573863.602: [GC [PSYoungGen: 1377264K->16896K(1379456K)] 3784897K->2424693K(4175680K), 0.0380750 secs] [Times: user=0.08 sys=0.00, real=0.04 secs] 
2016-02-22T09:48:53.552+0800: 573930.267: [GC [PSYoungGen: 1379392K->18092K(1378048K)] 3787189K->2426550K(4174272K), 0.0443240 secs] [Times: user=0.09 sys=0.00, real=0.05 secs] 
2016-02-22T09:49:53.096+0800: 573989.811: [GC [PSYoungGen: 1378028K->13616K(1379008K)] 3786486K->2422744K(4175232K), 0.0338840 secs] [Times: user=0.07 sys=0.00, real=0.03 secs] 
2016-02-22T09:51:04.166+0800: 574060.880: [GC [PSYoungGen: 1373552K->14608K(1379200K)] 3782680K->2423932K(4175424K), 0.0394420 secs] [Times: user=0.08 sys=0.00, real=0.04 secs] 
2016-02-22T09:52:15.004+0800: 574131.719: [GC [PSYoungGen: 1374736K->17568K(1377728K)] 3784060K->2427137K(4173952K), 0.0376890 secs] [Times: user=0.07 sys=0.00, real=0.04 secs] 
2016-02-22T09:53:31.524+0800: 574208.238: [GC [PSYoungGen: 1377696K->15872K(1379008K)] 3787265K->2425638K(4175232K), 0.0409410 secs] [Times: user=0.06 sys=0.01, real=0.04 secs] 
2016-02-22T09:54:36.587+0800: 574273.302: [GC [PSYoungGen: 1375552K->14320K(1378752K)] 3785318K->2424346K(4174976K), 0.0379430 secs] [Times: user=0.06 sys=0.00, real=0.04 secs] 
2016-02-22T09:55:37.667+0800: 574334.381: [GC [PSYoungGen: 1374000K->15264K(1379456K)] 3784026K->2425515K(4175680K), 0.0373630 secs] [Times: user=0.07 sys=0.00, real=0.04 secs] 
2016-02-22T09:56:47.206+0800: 574403.920: [GC [PSYoungGen: 1375776K->15392K(1379136K)] 3786027K->2426104K(4175360K), 0.0399600 secs] [Times: user=0.08 sys=0.00, real=0.04 secs] 
2016-02-22T09:58:03.579+0800: 574480.293: [GC [PSYoungGen: 1375904K->16912K(1379200K)] 3786616K->2427845K(4175424K), 0.0432130 secs] [Times: user=0.08 sys=0.00, real=0.05 secs] 
2016-02-22T09:59:11.418+0800: 574548.132: [GC [PSYoungGen: 1377744K->17079K(1377920K)] 3788677K->2428200K(4174144K), 0.0457120 secs] [Times: user=0.09 sys=0.00, real=0.04 secs] 
2016-02-22T10:00:21.577+0800: 574618.291: [GC [PSYoungGen: 1377911K->16544K(1379264K)] 3789032K->2428124K(4175488K), 0.0391790 secs] [Times: user=0.07 sys=0.00, real=0.04 secs] 
2016-02-22T10:01:32.285+0800: 574688.999: [GC [PSYoungGen: 1376928K->15968K(1379200K)] 3788508K->2427652K(4175424K), 0.0438220 secs] [Times: user=0.07 sys=0.00, real=0.05 secs] 
2016-02-22T10:02:43.889+0800: 574760.604: [GC [PSYoungGen: 1376352K->15680K(1379712K)] 3788036K->2427569K(4175936K), 0.0373150 secs] [Times: user=0.07 sys=0.00, real=0.04 secs] 
2016-02-22T10:03:55.283+0800: 574831.998: [GC [PSYoungGen: 1376768K->16896K(1379456K)] 3788657K->2429050K(4175680K), 0.0380740 secs] [Times: user=0.06 sys=0.01, real=0.04 secs] 
2016-02-22T10:05:05.196+0800: 574901.911: [GC [PSYoungGen: 1377984K->16752K(1379456K)] 3790138K->2429146K(4175680K), 0.0413920 secs] [Times: user=0.07 sys=0.00, real=0.04 secs] 
2016-02-22T10:06:03.156+0800: 574959.871: [GC [PSYoungGen: 1377712K->14112K(1375104K)] 3790106K->2426806K(4171328K), 0.0438310 secs] [Times: user=0.09 sys=0.00, real=0.05 secs] 
2016-02-22T10:07:16.250+0800: 575032.964: [GC [PSYoungGen: 1375072K->15296K(1379648K)] 3787766K->2428130K(4175872K), 0.0372310 secs] [Times: user=0.08 sys=0.00, real=0.04 secs] 
2016-02-22T10:08:19.192+0800: 575095.906: [GC [PSYoungGen: 1376320K->16592K(1379456K)] 3789154K->2429599K(4175680K), 0.0407330 secs] [Times: user=0.07 sys=0.00, real=0.04 secs] 
2016-02-22T10:09:22.376+0800: 575159.090: [GC [PSYoungGen: 1377616K->16112K(1379776K)] 3790623K->2429395K(4176000K), 0.0374060 secs] [Times: user=0.08 sys=0.00, real=0.04 secs] 
2016-02-22T10:10:26.366+0800: 575223.080: [GC [PSYoungGen: 1377392K->15680K(1379584K)] 3790675K->2429171K(4175808K), 0.0375700 secs] [Times: user=0.07 sys=0.00, real=0.03 secs] 
2016-02-22T10:11:32.528+0800: 575289.242: [GC [PSYoungGen: 1376960K->14288K(1379840K)] 3790451K->2427959K(4176064K), 0.0366170 secs] [Times: user=0.07 sys=0.00, real=0.04 secs] 
2016-02-22T10:12:44.701+0800: 575361.415: [GC [PSYoungGen: 1376016K->15984K(1379904K)] 3789687K->2429831K(4176128K), 0.0452570 secs] [Times: user=0.08 sys=0.00, real=0.05 secs] 
2016-02-22T10:13:36.382+0800: 575413.097: [GC [PSYoungGen: 1377712K->13840K(1379840K)] 3791559K->2427916K(4176064K), 0.0380960 secs] [Times: user=0.07 sys=0.00, real=0.04 secs] 
2016-02-22T10:14:37.851+0800: 575474.566: [GC [PSYoungGen: 1375696K->14432K(1379968K)] 3789772K->2428864K(4176192K), 0.0344040 secs] [Times: user=0.07 sys=0.00, real=0.03 secs] 
2016-02-22T10:15:43.821+0800: 575540.535: [GC [PSYoungGen: 1376288K->15456K(1380288K)] 3790720K->2430049K(4176512K), 0.0353040 secs] [Times: user=0.08 sys=0.00, real=0.04 secs] 
2016-02-22T10:16:50.418+0800: 575607.133: [GC [PSYoungGen: 1377696K->15376K(1380032K)] 3792289K->2430109K(4176256K), 0.0442480 secs] [Times: user=0.08 sys=0.00, real=0.05 secs] 
2016-02-22T10:17:59.429+0800: 575676.144: [GC [PSYoungGen: 1377616K->15905K(1380544K)] 3792349K->2430949K(4176768K), 0.0390010 secs] [Times: user=0.08 sys=0.00, real=0.04 secs] 
2016-02-22T10:19:02.559+0800: 575739.273: [GC [PSYoungGen: 1378849K->14832K(1380480K)] 3793893K->2430097K(4176704K), 0.0351840 secs] [Times: user=0.07 sys=0.00, real=0.04 secs] 
2016-02-22T10:20:03.116+0800: 575799.830: [GC [PSYoungGen: 1377776K->15920K(1380672K)] 3793041K->2431398K(4176896K), 0.0392230 secs] [Times: user=0.07 sys=0.01, real=0.04 secs] 
2016-02-22T10:21:03.454+0800: 575860.168: [GC [PSYoungGen: 1379120K->16288K(1379520K)] 3794598K->2432002K(4175744K), 0.0363130 secs] [Times: user=0.07 sys=0.00, real=0.03 secs] 
2016-02-22T10:22:06.068+0800: 575922.782: [GC [PSYoungGen: 1379488K->14864K(1380608K)] 3795202K->2430950K(4176832K), 0.0412880 secs] [Times: user=0.08 sys=0.00, real=0.05 secs] 
2016-02-22T10:23:08.258+0800: 575984.972: [GC [PSYoungGen: 1377936K->13856K(1380544K)] 3794022K->2430190K(4176768K), 0.0387980 secs] [Times: user=0.08 sys=0.00, real=0.04 secs] 
2016-02-22T10:24:07.093+0800: 576043.807: [GC [PSYoungGen: 1376928K->15584K(1380672K)] 3793262K->2432167K(4176896K), 0.0413570 secs] [Times: user=0.08 sys=0.00, real=0.04 secs] 
2016-02-22T10:25:05.677+0800: 576102.391: [GC [PSYoungGen: 1378720K->15136K(1380544K)] 3795303K->2431927K(4176768K), 0.0371500 secs] [Times: user=0.08 sys=0.00, real=0.04 secs] 
2016-02-22T10:26:00.246+0800: 576156.960: [GC [PSYoungGen: 1378272K->17127K(1379904K)] 3795063K->2434279K(4176128K), 0.0450340 secs] [Times: user=0.09 sys=0.00, real=0.04 secs] 
2016-02-22T10:26:53.577+0800: 576210.291: [GC [PSYoungGen: 1379751K->16336K(1379008K)] 3796903K->2433916K(4175232K), 0.0359500 secs] [Times: user=0.08 sys=0.00, real=0.04 secs] 
2016-02-22T10:27:58.689+0800: 576275.403: [GC [PSYoungGen: 1378960K->14672K(1380352K)] 3796540K->2432684K(4176576K), 0.0400970 secs] [Times: user=0.08 sys=0.00, real=0.04 secs] 
2016-02-22T10:28:58.321+0800: 576335.036: [GC [PSYoungGen: 1377232K->15728K(1380288K)] 3795244K->2433989K(4176512K), 0.0451390 secs] [Times: user=0.08 sys=0.00, real=0.05 secs] 
2016-02-22T10:29:57.133+0800: 576393.847: [GC [PSYoungGen: 1378288K->15456K(1380672K)] 3796549K->2434057K(4176896K), 0.0439680 secs] [Times: user=0.08 sys=0.00, real=0.04 secs] 
2016-02-22T10:30:48.864+0800: 576445.578: [GC [PSYoungGen: 1378528K->14080K(1380480K)] 3797129K->2432941K(4176704K), 0.0346660 secs] [Times: user=0.07 sys=0.00, real=0.04 secs] 
2016-02-22T10:31:49.320+0800: 576506.034: [GC [PSYoungGen: 1377152K->15664K(1380672K)] 3796013K->2434821K(4176896K), 0.0502360 secs] [Times: user=0.11 sys=0.00, real=0.05 secs] 
2016-02-22T10:32:50.417+0800: 576567.132: [GC [PSYoungGen: 1378864K->15200K(1380608K)] 3798021K->2434453K(4176832K), 0.0385060 secs] [Times: user=0.08 sys=0.00, real=0.04 secs] 
2016-02-22T10:33:54.630+0800: 576631.344: [GC [PSYoungGen: 1378400K->15152K(1380992K)] 3797653K->2434526K(4177216K), 0.0369630 secs] [Times: user=0.07 sys=0.00, real=0.04 secs] 
2016-02-22T10:34:55.747+0800: 576692.461: [GC [PSYoungGen: 1378928K->15648K(1380864K)] 3798302K->2435262K(4177088K), 0.0374840 secs] [Times: user=0.07 sys=0.00, real=0.04 secs] 
2016-02-22T10:35:46.935+0800: 576743.650: [GC [PSYoungGen: 1379424K->15232K(1381184K)] 3799038K->2434962K(4177408K), 0.0366510 secs] [Times: user=0.08 sys=0.00, real=0.04 secs] 
2016-02-22T10:36:46.859+0800: 576803.574: [GC [PSYoungGen: 1379392K->16576K(1380800K)] 3799122K->2436536K(4177024K), 0.0402940 secs] [Times: user=0.08 sys=0.00, real=0.04 secs] 
2016-02-22T10:37:57.543+0800: 576874.257: [GC [PSYoungGen: 1380736K->17136K(1379136K)] 3800696K->2438165K(4175360K), 0.0416250 secs] [Times: user=0.08 sys=0.00, real=0.04 secs] 
2016-02-22T10:39:03.429+0800: 576940.144: [GC [PSYoungGen: 1379120K->16880K(1378880K)] 3800149K->2438109K(4175104K), 0.0381120 secs] [Times: user=0.07 sys=0.00, real=0.03 secs] 
2016-02-22T10:40:11.331+0800: 577008.046: [GC [PSYoungGen: 1378864K->15472K(1380032K)] 3800093K->2436990K(4176256K), 0.0389000 secs] [Times: user=0.07 sys=0.00, real=0.04 secs] 
2016-02-22T10:41:13.883+0800: 577070.597: [GC [PSYoungGen: 1377264K->17424K(1379264K)] 3798782K->2439162K(4175488K), 0.0485380 secs] [Times: user=0.10 sys=0.00, real=0.05 secs] 
2016-02-22T10:42:13.270+0800: 577129.984: [GC [PSYoungGen: 1379216K->15934K(1379904K)] 3800954K->2437965K(4176128K), 0.0356570 secs] [Times: user=0.08 sys=0.00, real=0.04 secs] 
2016-02-22T10:43:14.509+0800: 577191.223: [GC [PSYoungGen: 1377406K->15905K(1379648K)] 3799437K->2438143K(4175872K), 0.0420120 secs] [Times: user=0.08 sys=0.00, real=0.04 secs] 
2016-02-22T10:44:13.465+0800: 577250.179: [GC [PSYoungGen: 1377377K->15680K(1380224K)] 3799615K->2438163K(4176448K), 0.0408920 secs] [Times: user=0.08 sys=0.00, real=0.04 secs] 
2016-02-22T10:45:19.122+0800: 577315.837: [GC [PSYoungGen: 1377920K->16496K(1380096K)] 3800403K->2439139K(4176320K), 0.0428980 secs] [Times: user=0.07 sys=0.00, real=0.05 secs] 
2016-02-22T10:46:19.206+0800: 577375.920: [GC [PSYoungGen: 1378736K->15408K(1380288K)] 3801379K->2438243K(4176512K), 0.0391950 secs] [Times: user=0.08 sys=0.00, real=0.04 secs] 
2016-02-22T10:47:07.342+0800: 577424.056: [GC [PSYoungGen: 1377840K->13712K(1376192K)] 3800675K->2436757K(4172416K), 0.0350080 secs] [Times: user=0.07 sys=0.00, real=0.04 secs] 
2016-02-22T10:47:30.366+0800: 577447.080: [GC [PSYoungGen: 1376144K->7968K(1377920K)] 3799189K->2431265K(4174144K), 0.0305840 secs] [Times: user=0.08 sys=0.00, real=0.03 secs] 
2016-02-22T10:47:45.397+0800: 577462.112: [GC [PSYoungGen: 1367904K->4928K(1364864K)] 3791201K->2428325K(4161088K), 0.0368500 secs] [Times: user=0.07 sys=0.00, real=0.04 secs] 
2016-02-22T10:48:01.621+0800: 577478.335: [GC [PSYoungGen: 1364864K->5088K(1375936K)] 3788261K->2428601K(4172160K), 0.0292260 secs] [Times: user=0.07 sys=0.00, real=0.03 secs] 
2016-02-22T10:48:56.116+0800: 577532.831: [GC [PSYoungGen: 1360672K->15335K(1376832K)] 3784185K->2438961K(4173056K), 0.0414910 secs] [Times: user=0.07 sys=0.00, real=0.04 secs] 
2016-02-22T10:49:56.457+0800: 577593.171: [GC [PSYoungGen: 1370919K->15728K(1376576K)] 3794545K->2439553K(4172800K), 0.0408430 secs] [Times: user=0.07 sys=0.00, real=0.04 secs] 
2016-02-22T10:50:55.003+0800: 577651.718: [GC [PSYoungGen: 1371056K->14160K(1376704K)] 3794881K->2438169K(4172928K), 0.0349390 secs] [Times: user=0.08 sys=0.00, real=0.03 secs] 
2016-02-22T10:51:47.969+0800: 577704.683: [GC [PSYoungGen: 1369488K->17312K(1375872K)] 3793497K->2441522K(4172096K), 0.0403870 secs] [Times: user=0.08 sys=0.00, real=0.04 secs] 
2016-02-22T10:52:47.911+0800: 577764.625: [GC [PSYoungGen: 1372384K->15440K(1376576K)] 3796594K->2439754K(4172800K), 0.0373980 secs] [Times: user=0.07 sys=0.00, real=0.04 secs] 
2016-02-22T10:53:46.175+0800: 577822.890: [GC [PSYoungGen: 1370512K->15040K(1377152K)] 3794826K->2439638K(4173376K), 0.0384080 secs] [Times: user=0.07 sys=0.00, real=0.04 secs] 
2016-02-22T10:54:45.045+0800: 577881.759: [GC [PSYoungGen: 1370944K->15616K(1376832K)] 3795542K->2440451K(4173056K), 0.0384230 secs] [Times: user=0.07 sys=0.00, real=0.04 secs] 
2016-02-22T10:55:41.660+0800: 577938.375: [GC [PSYoungGen: 1371520K->17456K(1376320K)] 3796355K->2442555K(4172544K), 0.0410540 secs] [Times: user=0.07 sys=0.00, real=0.04 secs] 
2016-02-22T10:56:40.649+0800: 577997.364: [GC [PSYoungGen: 1373040K->14080K(1376832K)] 3798139K->2439668K(4173056K), 0.0327460 secs] [Times: user=0.06 sys=0.00, real=0.04 secs] 
2016-02-22T10:57:43.497+0800: 578060.212: [GC [PSYoungGen: 1369664K->14624K(1377984K)] 3795252K->2440316K(4174208K), 0.0519690 secs] [Times: user=0.09 sys=0.00, real=0.05 secs] 
2016-02-22T10:58:43.276+0800: 578119.990: [GC [PSYoungGen: 1371872K->16448K(1377344K)] 3797564K->2442396K(4173568K), 0.0421810 secs] [Times: user=0.08 sys=0.01, real=0.04 secs] 
2016-02-22T10:59:50.640+0800: 578187.354: [GC [PSYoungGen: 1373696K->17136K(1377216K)] 3799644K->2443392K(4173440K), 0.0389220 secs] [Times: user=0.07 sys=0.00, real=0.03 secs] 
2016-02-22T11:00:49.827+0800: 578246.542: [GC [PSYoungGen: 1374128K->14064K(1377536K)] 3800384K->2440612K(4173760K), 0.0435640 secs] [Times: user=0.09 sys=0.00, real=0.04 secs] 
2016-02-22T11:01:55.791+0800: 578312.506: [GC [PSYoungGen: 1371056K->16576K(1377664K)] 3797604K->2443348K(4173888K), 0.0460060 secs] [Times: user=0.09 sys=0.00, real=0.05 secs] 
2016-02-22T11:02:53.752+0800: 578370.467: [GC [PSYoungGen: 1374080K->17008K(1374528K)] 3800852K->2443936K(4170752K), 0.0506010 secs] [Times: user=0.09 sys=0.00, real=0.05 secs] 
2016-02-22T11:03:56.622+0800: 578433.337: [GC [PSYoungGen: 1374512K->15920K(1377920K)] 3801440K->2442996K(4174144K), 0.0408550 secs] [Times: user=0.07 sys=0.00, real=0.04 secs] 
2016-02-22T11:04:57.917+0800: 578494.631: [GC [PSYoungGen: 1373360K->15808K(1377600K)] 3800436K->2442957K(4173824K), 0.0426840 secs] [Times: user=0.07 sys=0.00, real=0.05 secs] 
2016-02-22T11:06:03.953+0800: 578560.668: [GC [PSYoungGen: 1373248K->15936K(1378432K)] 3800397K->2443585K(4174656K), 0.0450440 secs] [Times: user=0.09 sys=0.00, real=0.05 secs] 
2016-02-22T11:07:06.271+0800: 578622.985: [GC [PSYoungGen: 1374464K->15184K(1378176K)] 3802113K->2442961K(4174400K), 0.0360340 secs] [Times: user=0.08 sys=0.00, real=0.04 secs] 
2016-02-22T11:08:04.506+0800: 578681.220: [GC [PSYoungGen: 1373712K->16400K(1378816K)] 3801489K->2444370K(4175040K), 0.0401990 secs] [Times: user=0.07 sys=0.01, real=0.04 secs] 
2016-02-22T11:08:58.584+0800: 578735.298: [GC [PSYoungGen: 1375952K->15616K(1378816K)] 3803922K->2443894K(4175040K), 0.0442850 secs] [Times: user=0.08 sys=0.01, real=0.04 secs] 
2016-02-22T11:09:56.926+0800: 578793.640: [GC [PSYoungGen: 1375168K->16736K(1378944K)] 3803446K->2445454K(4175168K), 0.0392030 secs] [Times: user=0.07 sys=0.00, real=0.04 secs] 
2016-02-22T11:10:53.108+0800: 578849.823: [GC [PSYoungGen: 1376800K->15456K(1379072K)] 3805518K->2444290K(4175296K), 0.0374050 secs] [Times: user=0.08 sys=0.00, real=0.03 secs] 
2016-02-22T11:11:55.726+0800: 578912.440: [GC [PSYoungGen: 1375520K->15088K(1379584K)] 3804354K->2444119K(4175808K), 0.0390790 secs] [Times: user=0.07 sys=0.00, real=0.04 secs] 
2016-02-22T11:13:02.421+0800: 578979.135: [GC [PSYoungGen: 1375920K->17281K(1378176K)] 3804951K->2446600K(4174400K), 0.0420380 secs] [Times: user=0.08 sys=0.00, real=0.04 secs] 
2016-02-22T11:13:59.155+0800: 579035.869: [GC [PSYoungGen: 1378113K->16320K(1379328K)] 3807432K->2446016K(4175552K), 0.0390260 secs] [Times: user=0.07 sys=0.00, real=0.04 secs] 
2016-02-22T11:14:50.749+0800: 579087.464: [GC [PSYoungGen: 1376768K->16416K(1379200K)] 3806464K->2446293K(4175424K), 0.0373180 secs] [Times: user=0.08 sys=0.00, real=0.04 secs] 
2016-02-22T11:15:42.088+0800: 579138.802: [GC [PSYoungGen: 1376864K->18624K(1377856K)] 3806741K->2448970K(4174080K), 0.0465510 secs] [Times: user=0.08 sys=0.00, real=0.04 secs] 
2016-02-22T11:16:35.532+0800: 579192.246: [GC [PSYoungGen: 1377792K->16448K(1378624K)] 3808138K->2447121K(4174848K), 0.0385800 secs] [Times: user=0.07 sys=0.01, real=0.04 secs] 
2016-02-22T11:17:40.164+0800: 579256.879: [GC [PSYoungGen: 1375616K->16144K(1379136K)] 3806289K->2447372K(4175360K), 0.0368990 secs] [Times: user=0.07 sys=0.00, real=0.04 secs] 
2016-02-22T11:18:43.847+0800: 579320.562: [GC [PSYoungGen: 1376080K->16144K(1378880K)] 3807308K->2447621K(4175104K), 0.0375670 secs] [Times: user=0.08 sys=0.00, real=0.04 secs] 
2016-02-22T11:19:49.445+0800: 579386.160: [GC [PSYoungGen: 1376080K->18176K(1378432K)] 3807557K->2449989K(4174656K), 0.0412820 secs] [Times: user=0.08 sys=0.00, real=0.04 secs] 
2016-02-22T11:20:42.497+0800: 579439.212: [GC [PSYoungGen: 1377984K->13440K(1373248K)] 3809797K->2445899K(4169472K), 0.0361970 secs] [Times: user=0.07 sys=0.00, real=0.04 secs] 
2016-02-22T11:21:41.863+0800: 579498.577: [GC [PSYoungGen: 1373248K->15808K(1379008K)] 3805707K->2448427K(4175232K), 0.0361570 secs] [Times: user=0.07 sys=0.00, real=0.04 secs] 
2016-02-22T11:22:38.903+0800: 579555.618: [GC [PSYoungGen: 1375424K->16128K(1378688K)] 3808043K->2448952K(4174912K), 0.0372940 secs] [Times: user=0.07 sys=0.00, real=0.04 secs] 
2016-02-22T11:23:37.653+0800: 579614.368: [GC [PSYoungGen: 1375744K->16576K(1379328K)] 3808568K->2449523K(4175552K), 0.0390370 secs] [Times: user=0.08 sys=0.00, real=0.04 secs] 
2016-02-22T11:24:36.941+0800: 579673.656: [GC [PSYoungGen: 1377088K->14944K(1379264K)] 3810035K->2448104K(4175488K), 0.0396040 secs] [Times: user=0.07 sys=0.00, real=0.04 secs] 
2016-02-22T11:25:33.265+0800: 579729.979: [GC [PSYoungGen: 1375456K->14592K(1379456K)] 3808616K->2448052K(4175680K), 0.0372170 secs] [Times: user=0.08 sys=0.00, real=0.04 secs] 
2016-02-22T11:26:32.319+0800: 579789.034: [GC [PSYoungGen: 1375360K->15856K(1379392K)] 3808820K->2449716K(4175616K), 0.0375010 secs] [Times: user=0.07 sys=0.00, real=0.04 secs] 
2016-02-22T11:27:33.878+0800: 579850.592: [GC [PSYoungGen: 1376624K->17200K(1379200K)] 3810484K->2451209K(4175424K), 0.0388390 secs] [Times: user=0.08 sys=0.00, real=0.04 secs] 
2016-02-22T11:28:31.721+0800: 579908.435: [GC [PSYoungGen: 1378032K->15120K(1379456K)] 3812041K->2449417K(4175680K), 0.0393930 secs] [Times: user=0.08 sys=0.00, real=0.04 secs] 
2016-02-22T11:29:27.277+0800: 579963.991: [GC [PSYoungGen: 1375952K->15808K(1379840K)] 3810249K->2450453K(4176064K), 0.0383350 secs] [Times: user=0.07 sys=0.00, real=0.03 secs] 
2016-02-22T11:30:21.981+0800: 580018.695: [GC [PSYoungGen: 1377152K->13296K(1379584K)] 3811797K->2448285K(4175808K), 0.0371280 secs] [Times: user=0.07 sys=0.00, real=0.04 secs] 
2016-02-22T11:31:27.147+0800: 580083.861: [GC [PSYoungGen: 1374640K->15472K(1379840K)] 3809629K->2450674K(4176064K), 0.0371940 secs] [Times: user=0.08 sys=0.00, real=0.04 secs] 
2016-02-22T11:32:33.500+0800: 580150.214: [GC [PSYoungGen: 1376816K->16032K(1379584K)] 3812018K->2451462K(4175808K), 0.0377300 secs] [Times: user=0.07 sys=0.00, real=0.04 secs] 
2016-02-22T11:33:36.813+0800: 580213.527: [GC [PSYoungGen: 1377376K->18080K(1378304K)] 3812806K->2453979K(4174528K), 0.0371490 secs] [Times: user=0.08 sys=0.00, real=0.03 secs] 
2016-02-22T11:34:37.188+0800: 580273.903: [GC [PSYoungGen: 1378272K->15296K(1379136K)] 3814171K->2451423K(4175360K), 0.0353280 secs] [Times: user=0.07 sys=0.00, real=0.03 secs] 
2016-02-22T11:35:29.192+0800: 580325.906: [GC [PSYoungGen: 1375488K->12016K(1378560K)] 3811615K->2448404K(4174784K), 0.0321040 secs] [Times: user=0.06 sys=0.01, real=0.04 secs] 
2016-02-22T11:36:26.735+0800: 580383.450: [GC [PSYoungGen: 1371824K->14272K(1378944K)] 3808212K->2450780K(4175168K), 0.0408320 secs] [Times: user=0.07 sys=0.00, real=0.04 secs] 
2016-02-22T11:37:18.838+0800: 580435.553: [GC [PSYoungGen: 1374080K->13425K(1379136K)] 3810588K->2450173K(4175360K), 0.0347760 secs] [Times: user=0.08 sys=0.00, real=0.03 secs] 
2016-02-22T11:38:07.631+0800: 580484.345: [GC [PSYoungGen: 1373553K->16367K(1379072K)] 3810301K->2453498K(4175296K), 0.0364770 secs] [Times: user=0.07 sys=0.00, real=0.04 secs] 
2016-02-22T11:38:59.166+0800: 580535.880: [GC [PSYoungGen: 1376495K->18272K(1377536K)] 3813626K->2455554K(4173760K), 0.0487560 secs] [Times: user=0.09 sys=0.00, real=0.05 secs] 
2016-02-22T11:39:36.351+0800: 580573.065: [GC [PSYoungGen: 1376800K->17520K(1376064K)] 3814082K->2454995K(4172288K), 0.0449010 secs] [Times: user=0.08 sys=0.00, real=0.04 secs] 
2016-02-22T11:40:13.921+0800: 580610.635: [GC [PSYoungGen: 1376048K->17344K(1377664K)] 3813523K->2455179K(4173888K), 0.0476330 secs] [Times: user=0.09 sys=0.00, real=0.05 secs] 
2016-02-22T11:40:56.484+0800: 580653.199: [GC [PSYoungGen: 1374976K->16208K(1377856K)] 3812811K->2454389K(4174080K), 0.0402990 secs] [Times: user=0.08 sys=0.00, real=0.04 secs] 
2016-02-22T11:41:44.872+0800: 580701.587: [GC [PSYoungGen: 1373840K->16752K(1378304K)] 3812021K->2455146K(4174528K), 0.0393090 secs] [Times: user=0.07 sys=0.00, real=0.04 secs] 
2016-02-22T11:42:36.258+0800: 580752.972: [GC [PSYoungGen: 1375152K->17120K(1378176K)] 3813546K->2455751K(4174400K), 0.0450560 secs] [Times: user=0.08 sys=0.00, real=0.04 secs] 
2016-02-22T11:43:24.022+0800: 580800.737: [GC [PSYoungGen: 1375520K->14912K(1378432K)] 3814151K->2454067K(4174656K), 0.0375350 secs] [Times: user=0.07 sys=0.00, real=0.04 secs] 
2016-02-22T11:44:18.180+0800: 580854.894: [GC [PSYoungGen: 1373504K->17136K(1378240K)] 3812659K->2456447K(4174464K), 0.0406460 secs] [Times: user=0.08 sys=0.00, real=0.04 secs] 
2016-02-22T11:45:10.586+0800: 580907.300: [GC [PSYoungGen: 1375728K->15232K(1378560K)] 3815039K->2454736K(4174784K), 0.0347770 secs] [Times: user=0.07 sys=0.00, real=0.04 secs] 
2016-02-22T11:46:02.592+0800: 580959.307: [GC [PSYoungGen: 1374080K->14960K(1378368K)] 3813584K->2454576K(4174592K), 0.0369470 secs] [Times: user=0.08 sys=0.00, real=0.04 secs] 
2016-02-22T11:46:53.801+0800: 581010.515: [GC [PSYoungGen: 1373808K->14896K(1378880K)] 3813424K->2454737K(4175104K), 0.0364430 secs] [Times: user=0.08 sys=0.00, real=0.03 secs] 
2016-02-22T11:47:53.875+0800: 581070.589: [GC [PSYoungGen: 1374448K->16304K(1378752K)] 3814289K->2456421K(4174976K), 0.0371320 secs] [Times: user=0.07 sys=0.00, real=0.04 secs] 
2016-02-22T11:48:54.221+0800: 581130.936: [GC [PSYoungGen: 1375856K->16960K(1378816K)] 3815973K->2457301K(4175040K), 0.0420480 secs] [Times: user=0.08 sys=0.01, real=0.04 secs] 
2016-02-22T11:49:47.175+0800: 581183.890: [GC [PSYoungGen: 1376768K->15744K(1378944K)] 3817109K->2456266K(4175168K), 0.0377890 secs] [Times: user=0.08 sys=0.00, real=0.04 secs] 
2016-02-22T11:50:42.591+0800: 581239.305: [GC [PSYoungGen: 1375552K->16480K(1379328K)] 3816074K->2457267K(4175552K), 0.0384430 secs] [Times: user=0.08 sys=0.00, real=0.04 secs] 
2016-02-22T11:51:38.500+0800: 581295.215: [GC [PSYoungGen: 1376928K->15088K(1379200K)] 3817715K->2456111K(4175424K), 0.0370950 secs] [Times: user=0.07 sys=0.00, real=0.04 secs] 
2016-02-22T11:52:36.897+0800: 581353.611: [GC [PSYoungGen: 1375536K->16368K(1379520K)] 3816559K->2457635K(4175744K), 0.0388840 secs] [Times: user=0.08 sys=0.00, real=0.04 secs] 
2016-02-22T11:53:39.415+0800: 581416.129: [GC [PSYoungGen: 1377264K->15616K(1379456K)] 3818531K->2457068K(4175680K), 0.0369020 secs] [Times: user=0.08 sys=0.00, real=0.04 secs] 
2016-02-22T11:54:33.415+0800: 581470.130: [GC [PSYoungGen: 1376512K->14496K(1379712K)] 3817964K->2456117K(4175936K), 0.0356650 secs] [Times: user=0.08 sys=0.00, real=0.03 secs] 
2016-02-22T11:55:25.156+0800: 581521.870: [GC [PSYoungGen: 1375840K->13936K(1375296K)] 3817461K->2455794K(4171520K), 0.0346050 secs] [Times: user=0.07 sys=0.00, real=0.04 secs] 
2016-02-22T11:56:24.329+0800: 581581.043: [GC [PSYoungGen: 1375280K->15456K(1379904K)] 3817138K->2457506K(4176128K), 0.0354640 secs] [Times: user=0.08 sys=0.00, real=0.03 secs] 
2016-02-22T11:57:19.955+0800: 581636.669: [GC [PSYoungGen: 1376928K->15456K(1379648K)] 3818978K->2457703K(4175872K), 0.0362400 secs] [Times: user=0.07 sys=0.00, real=0.03 secs] 
2016-02-22T11:58:23.109+0800: 581699.823: [GC [PSYoungGen: 1376928K->15136K(1380288K)] 3819175K->2457765K(4176512K), 0.0398640 secs] [Times: user=0.08 sys=0.00, real=0.04 secs] 
2016-02-22T11:59:18.170+0800: 581754.884: [GC [PSYoungGen: 1377504K->15712K(1380160K)] 3820133K->2458481K(4176384K), 0.0357260 secs] [Times: user=0.07 sys=0.00, real=0.04 secs] 
2016-02-22T12:00:09.252+0800: 581805.966: [GC [PSYoungGen: 1378080K->14624K(1380480K)] 3820849K->2457601K(4176704K), 0.0350680 secs] [Times: user=0.07 sys=0.00, real=0.03 secs] 
2016-02-22T12:01:02.537+0800: 581859.252: [GC [PSYoungGen: 1377504K->15312K(1380480K)] 3820481K->2458481K(4176704K), 0.0408510 secs] [Times: user=0.08 sys=0.00, real=0.04 secs] 
2016-02-22T12:02:09.750+0800: 581926.465: [GC [PSYoungGen: 1378192K->15664K(1380800K)] 3821361K->2458982K(4177024K), 0.0378560 secs] [Times: user=0.07 sys=0.00, real=0.04 secs] 
2016-02-22T12:03:09.827+0800: 581986.542: [GC [PSYoungGen: 1379056K->15488K(1380672K)] 3822374K->2459062K(4176896K), 0.0390920 secs] [Times: user=0.08 sys=0.00, real=0.04 secs] 
2016-02-22T12:04:07.721+0800: 582044.435: [GC [PSYoungGen: 1378880K->14528K(1380992K)] 3822454K->2458523K(4177216K), 0.0362120 secs] [Times: user=0.07 sys=0.00, real=0.04 secs] 
2016-02-22T12:05:05.559+0800: 582102.273: [GC [PSYoungGen: 1378432K->16160K(1380096K)] 3822427K->2460380K(4176320K), 0.0402810 secs] [Times: user=0.07 sys=0.00, real=0.04 secs] 
2016-02-22T12:06:00.905+0800: 582157.620: [GC [PSYoungGen: 1380064K->12464K(1380224K)] 3824284K->2456944K(4176448K), 0.0358480 secs] [Times: user=0.08 sys=0.00, real=0.04 secs] 
2016-02-22T12:07:00.249+0800: 582216.963: [GC [PSYoungGen: 1375472K->14832K(1380544K)] 3819952K->2459452K(4176768K), 0.0354600 secs] [Times: user=0.07 sys=0.00, real=0.03 secs] 
2016-02-22T12:08:06.407+0800: 582283.122: [GC [PSYoungGen: 1377840K->15652K(1380736K)] 3822460K->2460561K(4176960K), 0.0373920 secs] [Times: user=0.07 sys=0.00, real=0.04 secs] 
2016-02-22T12:09:10.701+0800: 582347.416: [GC [PSYoungGen: 1378980K->14432K(1380672K)] 3823889K->2459670K(4176896K), 0.0349850 secs] [Times: user=0.07 sys=0.00, real=0.03 secs] 
2016-02-22T12:10:14.474+0800: 582411.188: [GC [PSYoungGen: 1377760K->15904K(1380672K)] 3822998K->2461414K(4176896K), 0.0406190 secs] [Times: user=0.09 sys=0.00, real=0.04 secs] 
2016-02-22T12:11:21.656+0800: 582478.370: [GC [PSYoungGen: 1379296K->15984K(1379392K)] 3824806K->2461731K(4175616K), 0.0522600 secs] [Times: user=0.11 sys=0.00, real=0.05 secs] 
2016-02-22T12:12:21.816+0800: 582538.530: [GC [PSYoungGen: 1379376K->15344K(1380800K)] 3825123K->2461411K(4177024K), 0.0356300 secs] [Times: user=0.07 sys=0.00, real=0.04 secs] 
2016-02-22T12:13:24.415+0800: 582601.130: [GC [PSYoungGen: 1378736K->16272K(1380672K)] 3824803K->2462520K(4176896K), 0.0369290 secs] [Times: user=0.07 sys=0.00, real=0.04 secs] 
2016-02-22T12:14:24.479+0800: 582661.193: [GC [PSYoungGen: 1379664K->16224K(1380416K)] 3825912K->2462773K(4176640K), 0.0409120 secs] [Times: user=0.08 sys=0.00, real=0.05 secs] 
2016-02-22T12:15:25.834+0800: 582722.548: [GC [PSYoungGen: 1379232K->14048K(1377088K)] 3825781K->2460944K(4173312K), 0.0382500 secs] [Times: user=0.07 sys=0.00, real=0.04 secs] 
2016-02-22T12:16:33.461+0800: 582790.175: [GC [PSYoungGen: 1377056K->17360K(1379456K)] 3823952K->2464485K(4175680K), 0.0444520 secs] [Times: user=0.09 sys=0.00, real=0.04 secs] 
2016-02-22T12:17:27.374+0800: 582844.088: [GC [PSYoungGen: 1379216K->14576K(1379968K)] 3826341K->2461885K(4176192K), 0.0352370 secs] [Times: user=0.06 sys=0.00, real=0.04 secs] 
2016-02-22T12:18:34.403+0800: 582911.118: [GC [PSYoungGen: 1376432K->17952K(1377920K)] 3823741K->2466322K(4174144K), 0.0437980 secs] [Times: user=0.08 sys=0.00, real=0.05 secs] 
2016-02-22T12:19:34.145+0800: 582970.860: [GC [PSYoungGen: 1377888K->15824K(1379008K)] 3826258K->2464674K(4175232K), 0.0413280 secs] [Times: user=0.07 sys=0.00, real=0.04 secs] 
2016-02-22T12:20:29.069+0800: 583025.784: [GC [PSYoungGen: 1375760K->14976K(1379456K)] 3824610K->2464155K(4175680K), 0.0344020 secs] [Times: user=0.06 sys=0.00, real=0.03 secs] 
2016-02-22T12:21:28.080+0800: 583084.794: [GC [PSYoungGen: 1375680K->15376K(1379328K)] 3824859K->2464791K(4175552K), 0.0530150 secs] [Times: user=0.12 sys=0.00, real=0.06 secs] 
2016-02-22T12:22:23.429+0800: 583140.143: [GC [PSYoungGen: 1376080K->15504K(1379904K)] 3825495K->2465143K(4176128K), 0.0387890 secs] [Times: user=0.07 sys=0.00, real=0.03 secs] 
2016-02-22T12:23:21.879+0800: 583198.594: [GC [PSYoungGen: 1377040K->16976K(1379712K)] 3826679K->2466908K(4175936K), 0.0387920 secs] [Times: user=0.07 sys=0.00, real=0.04 secs] 
2016-02-22T12:24:21.919+0800: 583258.634: [GC [PSYoungGen: 1378512K->16288K(1379776K)] 3828444K->2466428K(4176000K), 0.0400330 secs] [Times: user=0.08 sys=0.00, real=0.04 secs] 
2016-02-22T12:25:15.872+0800: 583312.587: [GC [PSYoungGen: 1377696K->13792K(1375232K)] 3827836K->2464072K(4171456K), 0.0330400 secs] [Times: user=0.07 sys=0.00, real=0.03 secs] 
2016-02-22T12:26:15.301+0800: 583372.016: [GC [PSYoungGen: 1375200K->18144K(1378368K)] 3825480K->2468521K(4174592K), 0.0411910 secs] [Times: user=0.08 sys=0.00, real=0.04 secs] 
2016-02-22T12:27:09.467+0800: 583426.181: [GC [PSYoungGen: 1378080K->14688K(1379008K)] 3828457K->2465489K(4175232K), 0.0354900 secs] [Times: user=0.07 sys=0.00, real=0.04 secs] 
2016-02-22T12:28:02.281+0800: 583478.995: [GC [PSYoungGen: 1374624K->15296K(1379328K)] 3825425K->2466333K(4175552K), 0.0412780 secs] [Times: user=0.08 sys=0.00, real=0.04 secs] 
2016-02-22T12:29:03.073+0800: 583539.787: [GC [PSYoungGen: 1375680K->16144K(1379136K)] 3826717K->2467366K(4175360K), 0.0429630 secs] [Times: user=0.08 sys=0.01, real=0.04 secs] 
2016-02-22T12:29:58.563+0800: 583595.277: [GC [PSYoungGen: 1376528K->17328K(1378880K)] 3827750K->2468942K(4175104K), 0.0400990 secs] [Times: user=0.08 sys=0.00, real=0.04 secs] 
2016-02-22T12:30:50.249+0800: 583646.964: [GC [PSYoungGen: 1377648K->14336K(1379200K)] 3829262K->2466294K(4175424K), 0.0370920 secs] [Times: user=0.06 sys=0.01, real=0.03 secs] 
2016-02-22T12:31:39.271+0800: 583695.985: [GC [PSYoungGen: 1374656K->13760K(1379200K)] 3826614K->2465958K(4175424K), 0.0336350 secs] [Times: user=0.07 sys=0.00, real=0.04 secs] 
2016-02-22T12:32:31.129+0800: 583747.844: [GC [PSYoungGen: 1374080K->14528K(1379200K)] 3826278K->2466935K(4175424K), 0.0336120 secs] [Times: user=0.07 sys=0.00, real=0.04 secs] 
2016-02-22T12:33:20.959+0800: 583797.674: [GC [PSYoungGen: 1374848K->15952K(1379456K)] 3827255K->2468551K(4175680K), 0.0400680 secs] [Times: user=0.07 sys=0.00, real=0.04 secs] 
2016-02-22T12:34:09.428+0800: 583846.143: [GC [PSYoungGen: 1376656K->15136K(1379328K)] 3829255K->2468144K(4175552K), 0.0375830 secs] [Times: user=0.08 sys=0.00, real=0.04 secs] 
2016-02-22T12:34:59.866+0800: 583896.580: [GC [PSYoungGen: 1375840K->14640K(1379840K)] 3828848K->2467928K(4176064K), 0.0380180 secs] [Times: user=0.07 sys=0.00, real=0.04 secs] 
2016-02-22T12:35:46.304+0800: 583943.019: [GC [PSYoungGen: 1376112K->14064K(1379712K)] 3829400K->2467600K(4175936K), 0.0422970 secs] [Times: user=0.07 sys=0.00, real=0.04 secs] 
2016-02-22T12:36:38.806+0800: 583995.521: [GC [PSYoungGen: 1375536K->15248K(1380224K)] 3829072K->2469181K(4176448K), 0.0369590 secs] [Times: user=0.08 sys=0.01, real=0.03 secs] 
2016-02-22T12:37:28.683+0800: 584045.398: [GC [PSYoungGen: 1377296K->15024K(1379904K)] 3831229K->2469150K(4176128K), 0.0411050 secs] [Times: user=0.09 sys=0.00, real=0.05 secs] 
2016-02-22T12:38:18.077+0800: 584094.791: [GC [PSYoungGen: 1377072K->16928K(1379648K)] 3831198K->2471394K(4175872K), 0.0368070 secs] [Times: user=0.07 sys=0.00, real=0.04 secs] 
2016-02-22T12:39:11.741+0800: 584148.455: [GC [PSYoungGen: 1378912K->15104K(1380032K)] 3833378K->2469722K(4176256K), 0.0404720 secs] [Times: user=0.07 sys=0.00, real=0.04 secs] 
2016-02-22T12:39:58.606+0800: 584195.321: [GC [PSYoungGen: 1377088K->17584K(1379072K)] 3831706K->2472402K(4175296K), 0.0376790 secs] [Times: user=0.08 sys=0.00, real=0.04 secs] 
2016-02-22T12:40:48.771+0800: 584245.485: [GC [PSYoungGen: 1378800K->14816K(1379648K)] 3833618K->2469769K(4175872K), 0.0360160 secs] [Times: user=0.08 sys=0.00, real=0.03 secs] 
2016-02-22T12:41:44.343+0800: 584301.058: [GC [PSYoungGen: 1376032K->15600K(1380032K)] 3830985K->2470670K(4176256K), 0.0367470 secs] [Times: user=0.07 sys=0.00, real=0.04 secs] 
2016-02-22T12:42:30.733+0800: 584347.447: [GC [PSYoungGen: 1377392K->15056K(1379840K)] 3832462K->2470573K(4176064K), 0.0366070 secs] [Times: user=0.07 sys=0.00, real=0.03 secs] 
2016-02-22T12:43:20.761+0800: 584397.476: [GC [PSYoungGen: 1376848K->16194K(1380224K)] 3832365K->2471907K(4176448K), 0.0388800 secs] [Times: user=0.08 sys=0.00, real=0.04 secs] 
2016-02-22T12:44:07.341+0800: 584444.055: [GC [PSYoungGen: 1378562K->14656K(1380224K)] 3834275K->2470802K(4176448K), 0.0464200 secs] [Times: user=0.09 sys=0.00, real=0.04 secs] 
2016-02-22T12:45:00.938+0800: 584497.652: [GC [PSYoungGen: 1377024K->15680K(1380416K)] 3833170K->2472050K(4176640K), 0.0443120 secs] [Times: user=0.09 sys=0.00, real=0.04 secs] 
2016-02-22T12:45:47.586+0800: 584544.300: [GC [PSYoungGen: 1378304K->13264K(1380288K)] 3834674K->2469794K(4176512K), 0.0366990 secs] [Times: user=0.06 sys=0.00, real=0.04 secs] 
2016-02-22T12:46:38.746+0800: 584595.461: [GC [PSYoungGen: 1375888K->15527K(1380416K)] 3832418K->2472238K(4176640K), 0.0384830 secs] [Times: user=0.08 sys=0.00, real=0.04 secs] 
2016-02-22T12:47:29.655+0800: 584646.370: [GC [PSYoungGen: 1378151K->14480K(1380288K)] 3834862K->2471398K(4176512K), 0.0345060 secs] [Times: user=0.07 sys=0.00, real=0.04 secs] 
2016-02-22T12:48:19.741+0800: 584696.456: [GC [PSYoungGen: 1377104K->15104K(1380736K)] 3834022K->2472314K(4176960K), 0.0376150 secs] [Times: user=0.07 sys=0.00, real=0.03 secs] 
2016-02-22T12:49:17.013+0800: 584753.727: [GC [PSYoungGen: 1378304K->17056K(1380288K)] 3835514K->2474419K(4176512K), 0.0415870 secs] [Times: user=0.07 sys=0.00, real=0.04 secs] 
2016-02-22T12:50:07.990+0800: 584804.705: [GC [PSYoungGen: 1380256K->14688K(1380352K)] 3837619K->2472420K(4176576K), 0.0399660 secs] [Times: user=0.07 sys=0.00, real=0.04 secs] 
2016-02-22T12:50:57.007+0800: 584853.722: [GC [PSYoungGen: 1377248K->13616K(1380288K)] 3834980K->2471499K(4176512K), 0.0320330 secs] [Times: user=0.07 sys=0.00, real=0.03 secs] 
2016-02-22T12:51:49.918+0800: 584906.632: [GC [PSYoungGen: 1376176K->13808K(1380352K)] 3834059K->2471856K(4176576K), 0.0364860 secs] [Times: user=0.07 sys=0.01, real=0.04 secs] 
2016-02-22T12:52:39.408+0800: 584956.122: [GC [PSYoungGen: 1376432K->16001K(1378688K)] 3834480K->2474177K(4174912K), 0.0393070 secs] [Times: user=0.07 sys=0.00, real=0.04 secs] 
2016-02-22T12:53:22.160+0800: 584998.875: [GC [PSYoungGen: 1378625K->12432K(1379968K)] 3836801K->2470853K(4176192K), 0.0361670 secs] [Times: user=0.08 sys=0.00, real=0.04 secs] 
2016-02-22T12:54:18.323+0800: 585055.038: [GC [PSYoungGen: 1374544K->16160K(1378304K)] 3832965K->2474673K(4174528K), 0.0381230 secs] [Times: user=0.08 sys=0.00, real=0.04 secs] 
2016-02-22T12:55:14.307+0800: 585111.021: [GC [PSYoungGen: 1378272K->16304K(1379520K)] 3836785K->2475117K(4175744K), 0.0397070 secs] [Times: user=0.08 sys=0.00, real=0.04 secs] 
2016-02-22T12:56:12.657+0800: 585169.372: [GC [PSYoungGen: 1377648K->15177K(1379712K)] 3836461K->2474083K(4175936K), 0.0439560 secs] [Times: user=0.09 sys=0.00, real=0.05 secs] 
2016-02-22T12:57:06.327+0800: 585223.042: [GC [PSYoungGen: 1376521K->17376K(1378880K)] 3835427K->2476489K(4175104K), 0.0502410 secs] [Times: user=0.09 sys=0.00, real=0.05 secs] 
2016-02-22T12:58:05.282+0800: 585281.996: [GC [PSYoungGen: 1378208K->18592K(1379456K)] 3837321K->2478798K(4175680K), 0.0433190 secs] [Times: user=0.08 sys=0.01, real=0.05 secs] 
2016-02-22T12:58:55.430+0800: 585332.144: [GC [PSYoungGen: 1379424K->16784K(1377024K)] 3839630K->2477094K(4173248K), 0.0388450 secs] [Times: user=0.08 sys=0.00, real=0.04 secs] 
2016-02-22T12:59:48.379+0800: 585385.093: [GC [PSYoungGen: 1375184K->15163K(1378240K)] 3835494K->2475658K(4174464K), 0.0395150 secs] [Times: user=0.08 sys=0.00, real=0.04 secs] 
2016-02-22T13:00:41.886+0800: 585438.601: [GC [PSYoungGen: 1373563K->15152K(1378752K)] 3834058K->2475875K(4174976K), 0.0441340 secs] [Times: user=0.09 sys=0.00, real=0.04 secs] 
2016-02-22T13:01:40.450+0800: 585497.164: [GC [PSYoungGen: 1374320K->17024K(1378496K)] 3835043K->2477975K(4174720K), 0.0374520 secs] [Times: user=0.07 sys=0.00, real=0.04 secs] 
2016-02-22T13:02:42.372+0800: 585559.086: [GC [PSYoungGen: 1376192K->14880K(1378816K)] 3837143K->2475943K(4175040K), 0.0473880 secs] [Times: user=0.10 sys=0.00, real=0.05 secs] 
2016-02-22T13:03:32.868+0800: 585609.582: [GC [PSYoungGen: 1374240K->12736K(1378624K)] 3835303K->2474044K(4174848K), 0.0335380 secs] [Times: user=0.07 sys=0.00, real=0.03 secs] 
2016-02-22T13:04:30.138+0800: 585666.852: [GC [PSYoungGen: 1372096K->13136K(1378624K)] 3833404K->2474640K(4174848K), 0.0370750 secs] [Times: user=0.07 sys=0.01, real=0.04 secs] 
2016-02-22T13:05:27.439+0800: 585724.153: [GC [PSYoungGen: 1372304K->14609K(1378624K)] 3833808K->2476310K(4174848K), 0.0374740 secs] [Times: user=0.07 sys=0.00, real=0.04 secs] 
2016-02-22T13:06:17.396+0800: 585774.111: [GC [PSYoungGen: 1373777K->17136K(1378304K)] 3835478K->2479382K(4174528K), 0.0446810 secs] [Times: user=0.10 sys=0.00, real=0.04 secs] 
2016-02-22T13:07:09.233+0800: 585825.948: [GC [PSYoungGen: 1376304K->14080K(1378624K)] 3838550K->2476478K(4174848K), 0.0428790 secs] [Times: user=0.08 sys=0.00, real=0.04 secs] 
2016-02-22T13:08:09.936+0800: 585886.651: [GC [PSYoungGen: 1373248K->18352K(1377280K)] 3835646K->2480878K(4173504K), 0.0429170 secs] [Times: user=0.08 sys=0.01, real=0.04 secs] 
2016-02-22T13:09:09.705+0800: 585946.420: [GC [PSYoungGen: 1376368K->16592K(1378048K)] 3838894K->2479291K(4174272K), 0.0413680 secs] [Times: user=0.08 sys=0.00, real=0.04 secs] 
2016-02-22T13:10:06.613+0800: 586003.328: [GC [PSYoungGen: 1374608K->15040K(1378432K)] 3837307K->2478239K(4174656K), 0.0369470 secs] [Times: user=0.07 sys=0.00, real=0.04 secs] 
2016-02-22T13:10:58.908+0800: 586055.622: [GC [PSYoungGen: 1373504K->14912K(1378112K)] 3836703K->2478231K(4174336K), 0.0359730 secs] [Times: user=0.07 sys=0.00, real=0.04 secs] 
2016-02-22T13:11:52.929+0800: 586109.644: [GC [PSYoungGen: 1373376K->15024K(1379008K)] 3836695K->2478528K(4175232K), 0.0428810 secs] [Times: user=0.09 sys=0.00, real=0.05 secs] 
2016-02-22T13:12:50.734+0800: 586167.449: [GC [PSYoungGen: 1374704K->16240K(1378752K)] 3838208K->2480033K(4174976K), 0.0396130 secs] [Times: user=0.08 sys=0.00, real=0.04 secs] 
2016-02-22T13:13:46.376+0800: 586223.090: [GC [PSYoungGen: 1375920K->15264K(1379392K)] 3839713K->2479434K(4175616K), 0.0385290 secs] [Times: user=0.07 sys=0.00, real=0.04 secs] 
2016-02-22T13:14:38.824+0800: 586275.539: [GC [PSYoungGen: 1375648K->15652K(1379072K)] 3839818K->2480118K(4175296K), 0.0370190 secs] [Times: user=0.07 sys=0.00, real=0.03 secs] 
2016-02-22T13:15:30.181+0800: 586326.896: [GC [PSYoungGen: 1376036K->14320K(1379712K)] 3840502K->2479122K(4175936K), 0.0414810 secs] [Times: user=0.07 sys=0.00, real=0.04 secs] 
2016-02-22T13:16:24.345+0800: 586381.060: [GC [PSYoungGen: 1375600K->15872K(1379648K)] 3840402K->2480970K(4175872K), 0.0395070 secs] [Times: user=0.07 sys=0.00, real=0.04 secs] 
2016-02-22T13:17:20.506+0800: 586437.221: [GC [PSYoungGen: 1377152K->14528K(1379968K)] 3842250K->2479994K(4176192K), 0.0383510 secs] [Times: user=0.08 sys=0.00, real=0.04 secs] 
2016-02-22T13:18:18.326+0800: 586495.040: [GC [PSYoungGen: 1376256K->14432K(1379840K)] 3841722K->2480054K(4176064K), 0.0352300 secs] [Times: user=0.07 sys=0.00, real=0.04 secs] 
2016-02-22T13:19:13.243+0800: 586549.957: [GC [PSYoungGen: 1376160K->13312K(1379968K)] 3841782K->2479214K(4176192K), 0.0349840 secs] [Times: user=0.07 sys=0.00, real=0.04 secs] 
2016-02-22T13:20:06.766+0800: 586603.481: [GC [PSYoungGen: 1375296K->14080K(1380032K)] 3841198K->2480150K(4176256K), 0.0353700 secs] [Times: user=0.07 sys=0.00, real=0.03 secs] 
2016-02-22T13:21:04.985+0800: 586661.700: [GC [PSYoungGen: 1376064K->15520K(1380224K)] 3842134K->2481982K(4176448K), 0.0392910 secs] [Times: user=0.08 sys=0.00, real=0.04 secs] 
2016-02-22T13:21:56.913+0800: 586713.627: [GC [PSYoungGen: 1377824K->14752K(1380160K)] 3844286K->2481467K(4176384K), 0.0359560 secs] [Times: user=0.07 sys=0.00, real=0.04 secs] 
2016-02-22T13:22:48.892+0800: 586765.606: [GC [PSYoungGen: 1377056K->14581K(1380672K)] 3843771K->2481553K(4176896K), 0.0334480 secs] [Times: user=0.06 sys=0.01, real=0.03 secs] 
2016-02-22T13:23:45.770+0800: 586822.484: [GC [PSYoungGen: 1377653K->16128K(1380480K)] 3844625K->2483530K(4176704K), 0.0374520 secs] [Times: user=0.07 sys=0.00, real=0.03 secs] 
2016-02-22T13:24:40.937+0800: 586877.651: [GC [PSYoungGen: 1379200K->14848K(1380672K)] 3846602K->2482810K(4176896K), 0.0351000 secs] [Times: user=0.07 sys=0.00, real=0.03 secs] 
2016-02-22T13:25:37.016+0800: 586933.731: [GC [PSYoungGen: 1377920K->16320K(1379456K)] 3845882K->2484422K(4175680K), 0.0411950 secs] [Times: user=0.08 sys=0.00, real=0.04 secs] 
2016-02-22T13:26:38.002+0800: 586994.717: [GC [PSYoungGen: 1379392K->15104K(1380672K)] 3847494K->2483351K(4176896K), 0.0388150 secs] [Times: user=0.08 sys=0.00, real=0.04 secs] 
2016-02-22T13:27:37.783+0800: 587054.497: [GC [PSYoungGen: 1378112K->17392K(1380416K)] 3846359K->2487265K(4176640K), 0.0398200 secs] [Times: user=0.07 sys=0.00, real=0.04 secs] 
2016-02-22T13:28:37.226+0800: 587113.940: [GC [PSYoungGen: 1380400K->14176K(1378624K)] 3850273K->2484585K(4174848K), 0.0361750 secs] [Times: user=0.07 sys=0.00, real=0.04 secs] 
2016-02-22T13:29:39.180+0800: 587175.894: [GC [PSYoungGen: 1375136K->13376K(1379520K)] 3845545K->2483926K(4175744K), 0.0426000 secs] [Times: user=0.09 sys=0.00, real=0.04 secs] 
2016-02-22T13:30:31.993+0800: 587228.708: [GC [PSYoungGen: 1374336K->12896K(1379392K)] 3844886K->2483622K(4175616K), 0.0366300 secs] [Times: user=0.08 sys=0.00, real=0.03 secs] 
2016-02-22T13:31:28.069+0800: 587284.783: [GC [PSYoungGen: 1373728K->13328K(1379456K)] 3844454K->2484398K(4175680K), 0.0348240 secs] [Times: user=0.07 sys=0.00, real=0.03 secs] 
2016-02-22T13:32:27.651+0800: 587344.366: [GC [PSYoungGen: 1374160K->14192K(1379776K)] 3845230K->2485431K(4176000K), 0.0369890 secs] [Times: user=0.07 sys=0.00, real=0.04 secs] 
2016-02-22T13:33:24.929+0800: 587401.643: [GC [PSYoungGen: 1375408K->15168K(1379520K)] 3846647K->2486754K(4175744K), 0.0381510 secs] [Times: user=0.08 sys=0.00, real=0.04 secs] 
2016-02-22T13:34:26.397+0800: 587463.111: [GC [PSYoungGen: 1376384K->16144K(1379712K)] 3847970K->2487910K(4175936K), 0.0486710 secs] [Times: user=0.09 sys=0.00, real=0.05 secs] 
2016-02-22T13:35:21.133+0800: 587517.847: [GC [PSYoungGen: 1377744K->12896K(1374528K)] 3849510K->2484831K(4170752K), 0.0317500 secs] [Times: user=0.06 sys=0.00, real=0.04 secs] 
2016-02-22T13:36:21.912+0800: 587578.627: [GC [PSYoungGen: 1374496K->16832K(1379008K)] 3846431K->2489020K(4175232K), 0.0452930 secs] [Times: user=0.09 sys=0.00, real=0.04 secs] 
2016-02-22T13:37:26.042+0800: 587642.756: [GC [PSYoungGen: 1377536K->15712K(1379392K)] 3849724K->2488116K(4175616K), 0.0385780 secs] [Times: user=0.08 sys=0.00, real=0.04 secs] 
2016-02-22T13:38:16.056+0800: 587692.770: [GC [PSYoungGen: 1376416K->16320K(1379200K)] 3848820K->2488888K(4175424K), 0.0378170 secs] [Times: user=0.08 sys=0.00, real=0.03 secs] 
2016-02-22T13:39:14.627+0800: 587751.341: [GC [PSYoungGen: 1376896K->14000K(1379328K)] 3849464K->2487093K(4175552K), 0.0362900 secs] [Times: user=0.07 sys=0.00, real=0.04 secs] 
2016-02-22T13:40:17.182+0800: 587813.896: [GC [PSYoungGen: 1374576K->15456K(1379712K)] 3847669K->2488714K(4175936K), 0.0356470 secs] [Times: user=0.07 sys=0.00, real=0.04 secs] 
2016-02-22T13:41:14.492+0800: 587871.206: [GC [PSYoungGen: 1376608K->15386K(1379520K)] 3849866K->2488961K(4175744K), 0.0382970 secs] [Times: user=0.07 sys=0.00, real=0.04 secs] 
2016-02-22T13:42:20.072+0800: 587936.787: [GC [PSYoungGen: 1376538K->18160K(1377344K)] 3850113K->2492998K(4173568K), 0.0506040 secs] [Times: user=0.09 sys=0.00, real=0.05 secs] 
2016-02-22T13:43:17.553+0800: 587994.267: [GC [PSYoungGen: 1377328K->15488K(1378624K)] 3852166K->2490630K(4174848K), 0.0371590 secs] [Times: user=0.07 sys=0.00, real=0.04 secs] 
2016-02-22T13:44:25.976+0800: 588062.690: [GC [PSYoungGen: 1374656K->17297K(1378368K)] 3849798K->2492604K(4174592K), 0.0402790 secs] [Times: user=0.07 sys=0.00, real=0.04 secs] 
2016-02-22T13:45:23.587+0800: 588120.301: [GC [PSYoungGen: 1376593K->14160K(1378688K)] 3851900K->2490097K(4174912K), 0.0342100 secs] [Times: user=0.06 sys=0.00, real=0.04 secs] 
2016-02-22T13:46:28.117+0800: 588184.831: [GC [PSYoungGen: 1373456K->17600K(1378048K)] 3849393K->2493781K(4174272K), 0.0449480 secs] [Times: user=0.09 sys=0.00, real=0.04 secs] 
2016-02-22T13:47:27.192+0800: 588243.907: [GC [PSYoungGen: 1376384K->15184K(1378432K)] 3852565K->2491665K(4174656K), 0.0356880 secs] [Times: user=0.07 sys=0.00, real=0.04 secs] 
2016-02-22T13:48:28.043+0800: 588304.757: [GC [PSYoungGen: 1373968K->14224K(1378816K)] 3850449K->2491042K(4175040K), 0.0383810 secs] [Times: user=0.08 sys=0.00, real=0.04 secs] 
2016-02-22T13:49:24.763+0800: 588361.478: [GC [PSYoungGen: 1373648K->14976K(1378688K)] 3850466K->2492122K(4174912K), 0.0352860 secs] [Times: user=0.08 sys=0.00, real=0.04 secs] 
2016-02-22T13:50:22.332+0800: 588419.047: [GC [PSYoungGen: 1374400K->15152K(1379392K)] 3851546K->2492679K(4175616K), 0.0428950 secs] [Times: user=0.07 sys=0.01, real=0.04 secs] 
2016-02-22T13:51:18.698+0800: 588475.412: [GC [PSYoungGen: 1375536K->14112K(1379072K)] 3853063K->2491790K(4175296K), 0.0443290 secs] [Times: user=0.08 sys=0.01, real=0.04 secs] 
2016-02-22T13:52:15.434+0800: 588532.149: [GC [PSYoungGen: 1374496K->14336K(1379648K)] 3852174K->2492242K(4175872K), 0.0355890 secs] [Times: user=0.07 sys=0.00, real=0.03 secs] 
2016-02-22T13:53:16.527+0800: 588593.242: [GC [PSYoungGen: 1375360K->14784K(1379456K)] 3853266K->2492883K(4175680K), 0.0354640 secs] [Times: user=0.07 sys=0.00, real=0.04 secs] 
2016-02-22T13:54:21.470+0800: 588658.185: [GC [PSYoungGen: 1375808K->13008K(1379712K)] 3853907K->2491488K(4175936K), 0.0334890 secs] [Times: user=0.07 sys=0.00, real=0.04 secs] 
2016-02-22T13:55:19.309+0800: 588716.023: [GC [PSYoungGen: 1374480K->15360K(1379776K)] 3852960K->2494088K(4176000K), 0.0502230 secs] [Times: user=0.09 sys=0.00, real=0.05 secs] 
2016-02-22T13:56:20.849+0800: 588777.563: [GC [PSYoungGen: 1376832K->15984K(1379840K)] 3855560K->2495012K(4176064K), 0.0415890 secs] [Times: user=0.09 sys=0.00, real=0.04 secs] 
2016-02-22T13:57:19.566+0800: 588836.281: [GC [PSYoungGen: 1377712K->14704K(1379904K)] 3856740K->2493925K(4176128K), 0.0380380 secs] [Times: user=0.07 sys=0.00, real=0.04 secs] 
2016-02-22T13:58:21.109+0800: 588897.824: [GC [PSYoungGen: 1376432K->15440K(1380288K)] 3855653K->2494982K(4176512K), 0.0457760 secs] [Times: user=0.10 sys=0.00, real=0.04 secs] 
2016-02-22T13:59:21.970+0800: 588958.685: [GC [PSYoungGen: 1377808K->17616K(1380032K)] 3857350K->2497442K(4176256K), 0.0404210 secs] [Times: user=0.07 sys=0.01, real=0.04 secs] 
2016-02-22T14:00:24.539+0800: 589021.254: [GC [PSYoungGen: 1379984K->15360K(1379904K)] 3859810K->2495530K(4176128K), 0.0358180 secs] [Times: user=0.07 sys=0.00, real=0.04 secs] 
2016-02-22T14:01:27.001+0800: 589083.715: [GC [PSYoungGen: 1377216K->14912K(1379968K)] 3857386K->2495302K(4176192K), 0.0393240 secs] [Times: user=0.09 sys=0.00, real=0.04 secs] 
2016-02-22T14:02:20.447+0800: 589137.162: [GC [PSYoungGen: 1376768K->16112K(1380032K)] 3857158K->2496630K(4176256K), 0.0354420 secs] [Times: user=0.07 sys=0.00, real=0.03 secs] 
2016-02-22T14:03:18.408+0800: 589195.123: [GC [PSYoungGen: 1378224K->16672K(1378816K)] 3858742K->2497467K(4175040K), 0.0376450 secs] [Times: user=0.07 sys=0.00, real=0.04 secs] 
2016-02-22T14:04:13.741+0800: 589250.455: [GC [PSYoungGen: 1378784K->14624K(1379968K)] 3859579K->2495743K(4176192K), 0.0406000 secs] [Times: user=0.08 sys=0.00, real=0.04 secs] 
2016-02-22T14:05:12.496+0800: 589309.211: [GC [PSYoungGen: 1376416K->13872K(1379904K)] 3857535K->2495335K(4176128K), 0.0341100 secs] [Times: user=0.07 sys=0.00, real=0.03 secs] 
2016-02-22T14:06:07.607+0800: 589364.321: [GC [PSYoungGen: 1375664K->13264K(1379840K)] 3857127K->2495112K(4176064K), 0.0330980 secs] [Times: user=0.07 sys=0.00, real=0.04 secs] 
2016-02-22T14:07:05.149+0800: 589421.863: [GC [PSYoungGen: 1374992K->15003K(1379904K)] 3856840K->2497047K(4176128K), 0.0438510 secs] [Times: user=0.07 sys=0.00, real=0.04 secs] 
2016-02-22T14:08:06.660+0800: 589483.374: [GC [PSYoungGen: 1376731K->15952K(1380096K)] 3858775K->2498223K(4176320K), 0.0403560 secs] [Times: user=0.07 sys=0.00, real=0.04 secs] 
2016-02-22T14:09:09.348+0800: 589546.062: [GC [PSYoungGen: 1378192K->15456K(1380160K)] 3860463K->2497984K(4176384K), 0.0400320 secs] [Times: user=0.08 sys=0.01, real=0.04 secs] 
2016-02-22T14:10:13.009+0800: 589609.723: [GC [PSYoungGen: 1377696K->16240K(1380096K)] 3860224K->2498931K(4176320K), 0.0428980 secs] [Times: user=0.09 sys=0.00, real=0.04 secs] 
2016-02-22T14:11:12.474+0800: 589669.189: [GC [PSYoungGen: 1378608K->13792K(1380224K)] 3861299K->2496789K(4176448K), 0.0363720 secs] [Times: user=0.07 sys=0.00, real=0.03 secs] 
2016-02-22T14:12:14.409+0800: 589731.123: [GC [PSYoungGen: 1376160K->14960K(1380416K)] 3859157K->2498125K(4176640K), 0.0376270 secs] [Times: user=0.06 sys=0.00, real=0.03 secs] 
2016-02-22T14:13:13.153+0800: 589789.868: [GC [PSYoungGen: 1377520K->15851K(1380224K)] 3860685K->2499312K(4176448K), 0.0413370 secs] [Times: user=0.08 sys=0.00, real=0.04 secs] 
2016-02-22T14:14:14.585+0800: 589851.299: [GC [PSYoungGen: 1378411K->15904K(1380416K)] 3861872K->2499930K(4176640K), 0.0437790 secs] [Times: user=0.08 sys=0.00, real=0.05 secs] 
2016-02-22T14:15:14.030+0800: 589910.744: [GC [PSYoungGen: 1378656K->16800K(1379584K)] 3862682K->2501023K(4175808K), 0.0461790 secs] [Times: user=0.08 sys=0.00, real=0.05 secs] 
2016-02-22T14:16:20.394+0800: 589977.109: [GC [PSYoungGen: 1379552K->17888K(1378688K)] 3863775K->2502371K(4174912K), 0.0462990 secs] [Times: user=0.09 sys=0.00, real=0.05 secs] 
2016-02-22T14:17:18.982+0800: 590035.697: [GC [PSYoungGen: 1378592K->15872K(1379392K)] 3863075K->2500735K(4175616K), 0.0378420 secs] [Times: user=0.07 sys=0.00, real=0.04 secs] 
2016-02-22T14:18:12.289+0800: 590089.004: [GC [PSYoungGen: 1376576K->15584K(1379904K)] 3861439K->2500619K(4176128K), 0.0371400 secs] [Times: user=0.08 sys=0.00, real=0.04 secs] 
2016-02-22T14:19:03.014+0800: 590139.728: [GC [PSYoungGen: 1377056K->14064K(1379648K)] 3862091K->2499215K(4175872K), 0.0474200 secs] [Times: user=0.08 sys=0.01, real=0.05 secs] 
2016-02-22T14:19:56.018+0800: 590192.732: [GC [PSYoungGen: 1375536K->13552K(1379712K)] 3860687K->2498823K(4175936K), 0.0332680 secs] [Times: user=0.07 sys=0.00, real=0.03 secs] 
2016-02-22T14:20:53.056+0800: 590249.770: [GC [PSYoungGen: 1375024K->15632K(1379776K)] 3860295K->2501055K(4176000K), 0.0368100 secs] [Times: user=0.07 sys=0.00, real=0.04 secs] 
2016-02-22T14:21:54.774+0800: 590311.488: [GC [PSYoungGen: 1377104K->15712K(1380096K)] 3862527K->2501295K(4176320K), 0.0380120 secs] [Times: user=0.07 sys=0.00, real=0.03 secs] 
2016-02-22T14:22:52.089+0800: 590368.804: [GC [PSYoungGen: 1377696K->17664K(1379712K)] 3863279K->2503635K(4175936K), 0.0485350 secs] [Times: user=0.09 sys=0.01, real=0.05 secs] 
2016-02-22T14:23:48.684+0800: 590425.398: [GC [PSYoungGen: 1379648K->13184K(1379072K)] 3865619K->2499527K(4175296K), 0.0364000 secs] [Times: user=0.06 sys=0.00, real=0.03 secs] 
2016-02-22T14:24:43.199+0800: 590479.913: [GC [PSYoungGen: 1373888K->14160K(1379392K)] 3860231K->2500711K(4175616K), 0.0356470 secs] [Times: user=0.07 sys=0.00, real=0.04 secs] 
2016-02-22T14:25:34.866+0800: 590531.580: [GC [PSYoungGen: 1374864K->13536K(1379584K)] 3861415K->2500247K(4175808K), 0.0368330 secs] [Times: user=0.07 sys=0.00, real=0.04 secs] 
2016-02-22T14:26:32.166+0800: 590588.880: [GC [PSYoungGen: 1374560K->13712K(1379520K)] 3861271K->2500708K(4175744K), 0.0348370 secs] [Times: user=0.07 sys=0.01, real=0.03 secs] 
2016-02-22T14:27:24.348+0800: 590641.062: [GC [PSYoungGen: 1374736K->13504K(1379776K)] 3861732K->2500887K(4176000K), 0.0359990 secs] [Times: user=0.07 sys=0.00, real=0.03 secs] 
2016-02-22T14:28:23.327+0800: 590700.041: [GC [PSYoungGen: 1374848K->17200K(1378560K)] 3862231K->2504723K(4174784K), 0.0422440 secs] [Times: user=0.08 sys=0.00, real=0.05 secs] 
2016-02-22T14:29:21.592+0800: 590758.306: [GC [PSYoungGen: 1378544K->17136K(1378432K)] 3866067K->2504804K(4174656K), 0.0453660 secs] [Times: user=0.09 sys=0.00, real=0.05 secs] 
2016-02-22T14:30:25.519+0800: 590822.233: [GC [PSYoungGen: 1376688K->15872K(1378816K)] 3864356K->2503876K(4175040K), 0.0372100 secs] [Times: user=0.06 sys=0.00, real=0.04 secs] 
2016-02-22T14:31:30.633+0800: 590887.347: [GC [PSYoungGen: 1375424K->14976K(1379328K)] 3863428K->2503260K(4175552K), 0.0393800 secs] [Times: user=0.07 sys=0.00, real=0.04 secs] 
2016-02-22T14:32:32.840+0800: 590949.554: [GC [PSYoungGen: 1375232K->17318K(1377600K)] 3863516K->2505830K(4173824K), 0.0503190 secs] [Times: user=0.10 sys=0.00, real=0.04 secs] 
2016-02-22T14:33:29.191+0800: 591005.905: [GC [PSYoungGen: 1377574K->16544K(1378880K)] 3866086K->2505196K(4175104K), 0.0393520 secs] [Times: user=0.08 sys=0.00, real=0.04 secs] 
2016-02-22T14:34:24.883+0800: 591061.597: [GC [PSYoungGen: 1376224K->15696K(1378880K)] 3864876K->2504849K(4175104K), 0.0385080 secs] [Times: user=0.08 sys=0.00, real=0.04 secs] 
2016-02-22T14:35:22.474+0800: 591119.188: [GC [PSYoungGen: 1375376K->15376K(1379456K)] 3864529K->2504733K(4175680K), 0.0393950 secs] [Times: user=0.07 sys=0.00, real=0.04 secs] 
2016-02-22T14:36:28.969+0800: 591185.683: [GC [PSYoungGen: 1375952K->17264K(1377856K)] 3865309K->2506802K(4174080K), 0.0423810 secs] [Times: user=0.09 sys=0.00, real=0.04 secs] 
2016-02-22T14:37:30.175+0800: 591246.890: [GC [PSYoungGen: 1377840K->17504K(1378496K)] 3867378K->2507298K(4174720K), 0.0396950 secs] [Times: user=0.08 sys=0.00, real=0.04 secs] 
2016-02-22T14:38:28.133+0800: 591304.847: [GC [PSYoungGen: 1377056K->16656K(1378816K)] 3866850K->2506618K(4175040K), 0.0438360 secs] [Times: user=0.08 sys=0.00, real=0.04 secs] 
2016-02-22T14:39:21.666+0800: 591358.380: [GC [PSYoungGen: 1376208K->14256K(1378880K)] 3866170K->2504514K(4175104K), 0.0341110 secs] [Times: user=0.07 sys=0.00, real=0.03 secs] 
2016-02-22T14:40:19.531+0800: 591416.246: [GC [PSYoungGen: 1373936K->15744K(1378880K)] 3864194K->2506307K(4175104K), 0.0382180 secs] [Times: user=0.08 sys=0.00, real=0.04 secs] 
2016-02-22T14:41:15.086+0800: 591471.801: [GC [PSYoungGen: 1375424K->16048K(1379456K)] 3865987K->2506815K(4175680K), 0.0356000 secs] [Times: user=0.07 sys=0.00, real=0.04 secs] 
2016-02-22T14:42:12.118+0800: 591528.833: [GC [PSYoungGen: 1376624K->15936K(1379200K)] 3867391K->2506868K(4175424K), 0.0381700 secs] [Times: user=0.07 sys=0.00, real=0.04 secs] 
2016-02-22T14:43:08.925+0800: 591585.640: [GC [PSYoungGen: 1376512K->16976K(1379392K)] 3867444K->2508229K(4175616K), 0.0403240 secs] [Times: user=0.07 sys=0.01, real=0.04 secs] 
2016-02-22T14:44:07.131+0800: 591643.845: [GC [PSYoungGen: 1377936K->16048K(1379520K)] 3869189K->2507489K(4175744K), 0.0409140 secs] [Times: user=0.07 sys=0.00, real=0.04 secs] 
2016-02-22T14:45:02.658+0800: 591699.373: [GC [PSYoungGen: 1377008K->15584K(1379904K)] 3868449K->2507282K(4176128K), 0.0462390 secs] [Times: user=0.09 sys=0.00, real=0.05 secs] 
2016-02-22T14:46:05.666+0800: 591762.381: [GC [PSYoungGen: 1377120K->16224K(1379712K)] 3868818K->2508070K(4175936K), 0.0406700 secs] [Times: user=0.08 sys=0.00, real=0.04 secs] 
2016-02-22T14:47:09.890+0800: 591826.604: [GC [PSYoungGen: 1377760K->16320K(1380096K)] 3869606K->2508623K(4176320K), 0.0435790 secs] [Times: user=0.07 sys=0.00, real=0.04 secs] 
2016-02-22T14:48:01.099+0800: 591877.814: [GC [PSYoungGen: 1378368K->14736K(1380032K)] 3870671K->2507311K(4176256K), 0.0568830 secs] [Times: user=0.13 sys=0.00, real=0.06 secs] 
2016-02-22T14:48:56.588+0800: 591933.303: [GC [PSYoungGen: 1376784K->15872K(1380288K)] 3869359K->2508775K(4176512K), 0.0417200 secs] [Times: user=0.08 sys=0.00, real=0.04 secs] 
2016-02-22T14:50:01.559+0800: 591998.273: [GC [PSYoungGen: 1378176K->15344K(1380096K)] 3871079K->2508520K(4176320K), 0.0389640 secs] [Times: user=0.08 sys=0.00, real=0.04 secs] 
2016-02-22T14:50:53.163+0800: 592049.878: [GC [PSYoungGen: 1377648K->14160K(1380224K)] 3870824K->2507553K(4176448K), 0.0353640 secs] [Times: user=0.07 sys=0.00, real=0.03 secs] 
2016-02-22T14:51:50.860+0800: 592107.575: [GC [PSYoungGen: 1375989K->17763K(1380288K)] 3869382K->2514656K(4176512K), 0.0832470 secs] [Times: user=0.13 sys=0.01, real=0.08 secs] 
2016-02-22T14:52:47.639+0800: 592164.354: [GC [PSYoungGen: 1380259K->16272K(1377216K)] 3877152K->2513525K(4173440K), 0.0404640 secs] [Times: user=0.08 sys=0.00, real=0.04 secs] 
2016-02-22T14:53:39.210+0800: 592215.925: [GC [PSYoungGen: 1375696K->16112K(1378752K)] 3872949K->2513681K(4174976K), 0.0389580 secs] [Times: user=0.08 sys=0.00, real=0.04 secs] 
2016-02-22T14:54:30.684+0800: 592267.398: [GC [PSYoungGen: 1375536K->15824K(1379264K)] 3873105K->2513805K(4175488K), 0.0428090 secs] [Times: user=0.08 sys=0.00, real=0.04 secs] 
2016-02-22T14:55:18.215+0800: 592314.929: [GC [PSYoungGen: 1376016K->14912K(1379008K)] 3873997K->2513082K(4175232K), 0.0375760 secs] [Times: user=0.07 sys=0.00, real=0.04 secs] 
2016-02-22T14:56:13.055+0800: 592369.769: [GC [PSYoungGen: 1375104K->15776K(1379520K)] 3873274K->2514111K(4175744K), 0.0354670 secs] [Times: user=0.08 sys=0.00, real=0.03 secs] 
2016-02-22T14:57:04.648+0800: 592421.362: [GC [PSYoungGen: 1376480K->16144K(1379264K)] 3874815K->2514715K(4175488K), 0.0417960 secs] [Times: user=0.08 sys=0.00, real=0.04 secs] 
2016-02-22T14:57:57.250+0800: 592473.964: [GC [PSYoungGen: 1376848K->15936K(1379968K)] 3875419K->2514688K(4176192K), 0.0372330 secs] [Times: user=0.07 sys=0.00, real=0.04 secs] 
2016-02-22T14:58:49.258+0800: 592525.972: [GC [PSYoungGen: 1377536K->16048K(1379712K)] 3876288K->2515113K(4175936K), 0.0425130 secs] [Times: user=0.07 sys=0.00, real=0.04 secs] 
2016-02-22T14:59:41.707+0800: 592578.421: [GC [PSYoungGen: 1377648K->16208K(1380288K)] 3876713K->2515558K(4176512K), 0.0391730 secs] [Times: user=0.08 sys=0.00, real=0.04 secs] 
2016-02-22T15:00:36.645+0800: 592633.360: [GC [PSYoungGen: 1378576K->15936K(1380160K)] 3877926K->2515647K(4176384K), 0.0368580 secs] [Times: user=0.07 sys=0.00, real=0.03 secs] 
2016-02-22T15:01:31.831+0800: 592688.545: [GC [PSYoungGen: 1378304K->15760K(1380544K)] 3878015K->2515897K(4176768K), 0.0374470 secs] [Times: user=0.07 sys=0.00, real=0.04 secs] 
2016-02-22T15:02:28.442+0800: 592745.156: [GC [PSYoungGen: 1378640K->16433K(1380416K)] 3878777K->2516806K(4176640K), 0.0426190 secs] [Times: user=0.08 sys=0.00, real=0.04 secs] 
2016-02-22T15:03:20.153+0800: 592796.868: [GC [PSYoungGen: 1379313K->14160K(1380160K)] 3879686K->2514907K(4176384K), 0.0342050 secs] [Times: user=0.08 sys=0.00, real=0.04 secs] 
2016-02-22T15:04:14.709+0800: 592851.423: [GC [PSYoungGen: 1376784K->16064K(1380352K)] 3877531K->2517203K(4176576K), 0.0392080 secs] [Times: user=0.08 sys=0.00, real=0.04 secs] 
2016-02-22T15:05:07.775+0800: 592904.490: [GC [PSYoungGen: 1378688K->13920K(1380096K)] 3879827K->2515220K(4176320K), 0.0387410 secs] [Times: user=0.08 sys=0.00, real=0.04 secs] 
2016-02-22T15:05:59.181+0800: 592955.895: [GC [PSYoungGen: 1376416K->14848K(1380288K)] 3877716K->2516327K(4176512K), 0.0452530 secs] [Times: user=0.08 sys=0.00, real=0.05 secs] 
2016-02-22T15:06:55.190+0800: 593011.905: [GC [PSYoungGen: 1377344K->16112K(1380352K)] 3878823K->2517816K(4176576K), 0.0417290 secs] [Times: user=0.08 sys=0.00, real=0.05 secs] 
2016-02-22T15:07:49.812+0800: 593066.526: [GC [PSYoungGen: 1378736K->16736K(1379392K)] 3880440K->2518636K(4175616K), 0.0449370 secs] [Times: user=0.09 sys=0.00, real=0.04 secs] 
2016-02-22T15:08:43.936+0800: 593120.650: [GC [PSYoungGen: 1379360K->16304K(1380160K)] 3881260K->2518332K(4176384K), 0.0430700 secs] [Times: user=0.08 sys=0.00, real=0.05 secs] 
2016-02-22T15:09:44.055+0800: 593180.770: [GC [PSYoungGen: 1378544K->17904K(1380160K)] 3880572K->2520668K(4176384K), 0.0455630 secs] [Times: user=0.08 sys=0.00, real=0.05 secs] 
2016-02-22T15:10:43.260+0800: 593239.975: [GC [PSYoungGen: 1380144K->17696K(1377856K)] 3882908K->2520717K(4174080K), 0.0448690 secs] [Times: user=0.07 sys=0.00, real=0.04 secs] 
2016-02-22T15:11:30.758+0800: 593287.472: [GC [PSYoungGen: 1377632K->17760K(1377728K)] 3880653K->2521193K(4173952K), 0.0422510 secs] [Times: user=0.08 sys=0.00, real=0.04 secs] 
2016-02-22T15:12:24.462+0800: 593341.176: [GC [PSYoungGen: 1377696K->16320K(1379008K)] 3881129K->2520113K(4175232K), 0.0465510 secs] [Times: user=0.09 sys=0.00, real=0.04 secs] 
2016-02-22T15:13:24.005+0800: 593400.719: [GC [PSYoungGen: 1376000K->16432K(1378752K)] 3879793K->2520338K(4174976K), 0.0378290 secs] [Times: user=0.07 sys=0.00, real=0.04 secs] 
2016-02-22T15:14:24.131+0800: 593460.845: [GC [PSYoungGen: 1376112K->16320K(1379520K)] 3880018K->2520511K(4175744K), 0.0381520 secs] [Times: user=0.08 sys=0.00, real=0.04 secs] 
2016-02-22T15:15:20.515+0800: 593517.229: [GC [PSYoungGen: 1377024K->16656K(1379264K)] 3881215K->2521059K(4175488K), 0.0396600 secs] [Times: user=0.08 sys=0.00, real=0.04 secs] 
2016-02-22T15:16:16.245+0800: 593572.960: [GC [PSYoungGen: 1377360K->16032K(1379712K)] 3881763K->2520784K(4175936K), 0.0467430 secs] [Times: user=0.09 sys=0.00, real=0.05 secs] 
2016-02-22T15:17:05.939+0800: 593622.654: [GC [PSYoungGen: 1377248K->15808K(1379584K)] 3882000K->2521057K(4175808K), 0.0392300 secs] [Times: user=0.08 sys=0.00, real=0.04 secs] 
2016-02-22T15:18:01.092+0800: 593677.806: [GC [PSYoungGen: 1377024K->16192K(1380032K)] 3882273K->2521749K(4176256K), 0.0451540 secs] [Times: user=0.09 sys=0.00, real=0.04 secs] 
2016-02-22T15:18:56.495+0800: 593733.209: [GC [PSYoungGen: 1377984K->16736K(1379840K)] 3883541K->2522445K(4176064K), 0.0500810 secs] [Times: user=0.09 sys=0.00, real=0.05 secs] 
2016-02-22T15:19:53.037+0800: 593789.751: [GC [PSYoungGen: 1378528K->16384K(1380160K)] 3884237K->2522214K(4176384K), 0.0458730 secs] [Times: user=0.09 sys=0.00, real=0.04 secs] 
2016-02-22T15:20:44.359+0800: 593841.074: [GC [PSYoungGen: 1378496K->15360K(1380032K)] 3884326K->2521527K(4176256K), 0.0373780 secs] [Times: user=0.08 sys=0.00, real=0.04 secs] 
2016-02-22T15:21:38.210+0800: 593894.924: [GC [PSYoungGen: 1377472K->14896K(1380032K)] 3883639K->2521351K(4176256K), 0.0352170 secs] [Times: user=0.08 sys=0.00, real=0.03 secs] 
2016-02-22T15:22:32.219+0800: 593948.934: [GC [PSYoungGen: 1377008K->15344K(1380096K)] 3883463K->2522179K(4176320K), 0.0450430 secs] [Times: user=0.08 sys=0.00, real=0.05 secs] 
2016-02-22T15:23:23.404+0800: 594000.119: [GC [PSYoungGen: 1377456K->15079K(1380160K)] 3884291K->2522063K(4176384K), 0.0426080 secs] [Times: user=0.08 sys=0.00, real=0.04 secs] 
2016-02-22T15:24:17.149+0800: 594053.863: [GC [PSYoungGen: 1377319K->14784K(1380160K)] 3884303K->2522087K(4176384K), 0.0357600 secs] [Times: user=0.08 sys=0.00, real=0.03 secs] 
2016-02-22T15:25:09.388+0800: 594106.102: [GC [PSYoungGen: 1377024K->16000K(1380288K)] 3884327K->2523575K(4176512K), 0.0430010 secs] [Times: user=0.08 sys=0.00, real=0.04 secs] 
2016-02-22T15:25:59.851+0800: 594156.565: [GC [PSYoungGen: 1378368K->15584K(1380160K)] 3885943K->2523444K(4176384K), 0.0366500 secs] [Times: user=0.07 sys=0.00, real=0.04 secs] 
2016-02-22T15:26:52.035+0800: 594208.749: [GC [PSYoungGen: 1377952K->17056K(1379840K)] 3885812K->2525304K(4176064K), 0.0411000 secs] [Times: user=0.07 sys=0.00, real=0.05 secs] 
2016-02-22T15:27:39.438+0800: 594256.153: [GC [PSYoungGen: 1379296K->15088K(1380160K)] 3887544K->2523617K(4176384K), 0.0355950 secs] [Times: user=0.08 sys=0.00, real=0.04 secs] 
2016-02-22T15:28:30.524+0800: 594307.238: [GC [PSYoungGen: 1377328K->15952K(1380352K)] 3885857K->2524641K(4176576K), 0.0406870 secs] [Times: user=0.08 sys=0.00, real=0.04 secs] 
2016-02-22T15:29:18.679+0800: 594355.393: [GC [PSYoungGen: 1378448K->16512K(1380224K)] 3887137K->2525342K(4176448K), 0.0494080 secs] [Times: user=0.10 sys=0.00, real=0.05 secs] 
2016-02-22T15:30:08.113+0800: 594404.828: [GC [PSYoungGen: 1379008K->15040K(1380352K)] 3887838K->2524143K(4176576K), 0.0421990 secs] [Times: user=0.08 sys=0.00, real=0.05 secs] 
2016-02-22T15:31:01.074+0800: 594457.788: [GC [PSYoungGen: 1377664K->15488K(1380352K)] 3886767K->2524992K(4176576K), 0.0389120 secs] [Times: user=0.09 sys=0.00, real=0.04 secs] 
2016-02-22T15:31:58.616+0800: 594515.331: [GC [PSYoungGen: 1378112K->16560K(1380224K)] 3887616K->2526376K(4176448K), 0.0458650 secs] [Times: user=0.10 sys=0.00, real=0.04 secs] 
2016-02-22T15:32:50.849+0800: 594567.563: [GC [PSYoungGen: 1379184K->14465K(1377152K)] 3889000K->2524652K(4173376K), 0.0370710 secs] [Times: user=0.08 sys=0.00, real=0.04 secs] 
2016-02-22T15:33:46.143+0800: 594622.858: [GC [PSYoungGen: 1377089K->16080K(1380416K)] 3887276K->2526469K(4176640K), 0.0366370 secs] [Times: user=0.07 sys=0.00, real=0.04 secs] 
2016-02-22T15:34:42.145+0800: 594678.859: [GC [PSYoungGen: 1378704K->16432K(1380288K)] 3889093K->2526994K(4176512K), 0.0434670 secs] [Times: user=0.07 sys=0.00, real=0.05 secs] 
2016-02-22T15:35:37.999+0800: 594734.713: [GC [PSYoungGen: 1379056K->14914K(1380352K)] 3889618K->2525644K(4176576K), 0.0434140 secs] [Times: user=0.09 sys=0.00, real=0.04 secs] 
2016-02-22T15:36:34.063+0800: 594790.777: [GC [PSYoungGen: 1377538K->17712K(1380352K)] 3888268K->2528688K(4176576K), 0.0476280 secs] [Times: user=0.09 sys=0.00, real=0.04 secs] 
2016-02-22T15:37:23.930+0800: 594840.644: [GC [PSYoungGen: 1380336K->13536K(1378816K)] 3891312K->2524708K(4175040K), 0.0367220 secs] [Times: user=0.08 sys=0.00, real=0.03 secs] 
2016-02-22T15:38:16.536+0800: 594893.250: [GC [PSYoungGen: 1374624K->16752K(1377856K)] 3885796K->2528156K(4174080K), 0.0439470 secs] [Times: user=0.07 sys=0.00, real=0.04 secs] 
2016-02-22T15:39:06.176+0800: 594942.891: [GC [PSYoungGen: 1377840K->13792K(1379328K)] 3889244K->2525434K(4175552K), 0.0477640 secs] [Times: user=0.09 sys=0.00, real=0.05 secs] 
2016-02-22T15:39:54.796+0800: 594991.510: [GC [PSYoungGen: 1374496K->13669K(1374400K)] 3886138K->2525496K(4170624K), 0.0421750 secs] [Times: user=0.08 sys=0.00, real=0.04 secs] 
2016-02-22T15:40:43.519+0800: 595040.234: [GC [PSYoungGen: 1374373K->14144K(1379456K)] 3886200K->2526243K(4175680K), 0.0424710 secs] [Times: user=0.07 sys=0.00, real=0.04 secs] 
2016-02-22T15:41:32.079+0800: 595088.794: [GC [PSYoungGen: 1374848K->15744K(1379328K)] 3886947K->2528236K(4175552K), 0.0394200 secs] [Times: user=0.08 sys=0.00, real=0.04 secs] 
2016-02-22T15:42:27.887+0800: 595144.601: [GC [PSYoungGen: 1376448K->14272K(1379776K)] 3888940K->2526992K(4176000K), 0.0363550 secs] [Times: user=0.07 sys=0.00, real=0.04 secs] 
2016-02-22T15:43:19.806+0800: 595196.521: [GC [PSYoungGen: 1375616K->14528K(1379648K)] 3888336K->2527416K(4175872K), 0.0351760 secs] [Times: user=0.07 sys=0.00, real=0.03 secs] 
2016-02-22T15:44:08.505+0800: 595245.220: [GC [PSYoungGen: 1375872K->15376K(1380160K)] 3888760K->2528416K(4176384K), 0.0407980 secs] [Times: user=0.07 sys=0.01, real=0.04 secs] 
2016-02-22T15:44:59.429+0800: 595296.143: [GC [PSYoungGen: 1377424K->15552K(1379968K)] 3890464K->2528876K(4176192K), 0.0391940 secs] [Times: user=0.08 sys=0.00, real=0.04 secs] 
2016-02-22T15:45:48.019+0800: 595344.733: [GC [PSYoungGen: 1377600K->14592K(1380416K)] 3890924K->2528120K(4176640K), 0.0369420 secs] [Times: user=0.08 sys=0.00, real=0.04 secs] 
2016-02-22T15:46:44.330+0800: 595401.044: [GC [PSYoungGen: 1377216K->15782K(1380288K)] 3890744K->2529602K(4176512K), 0.0413860 secs] [Times: user=0.09 sys=0.00, real=0.04 secs] 
2016-02-22T15:47:33.541+0800: 595450.256: [GC [PSYoungGen: 1378406K->15536K(1380544K)] 3892226K->2529619K(4176768K), 0.0395190 secs] [Times: user=0.07 sys=0.00, real=0.04 secs] 
2016-02-22T15:48:27.877+0800: 595504.592: [GC [PSYoungGen: 1378480K->15120K(1380480K)] 3892563K->2529592K(4176704K), 0.0422570 secs] [Times: user=0.06 sys=0.01, real=0.04 secs] 
2016-02-22T15:49:22.670+0800: 595559.384: [GC [PSYoungGen: 1378064K->16656K(1380160K)] 3892536K->2531357K(4176384K), 0.0364650 secs] [Times: user=0.08 sys=0.00, real=0.04 secs] 
2016-02-22T15:50:11.524+0800: 595608.238: [GC [PSYoungGen: 1379536K->15168K(1380480K)] 3894237K->2530114K(4176704K), 0.0413630 secs] [Times: user=0.08 sys=0.01, real=0.04 secs] 
2016-02-22T15:50:58.550+0800: 595655.265: [GC [PSYoungGen: 1378048K->15680K(1380736K)] 3892994K->2530714K(4176960K), 0.0391460 secs] [Times: user=0.07 sys=0.00, real=0.04 secs] 
2016-02-22T15:51:44.756+0800: 595701.470: [GC [PSYoungGen: 1378944K->14976K(1380608K)] 3893978K->2530342K(4176832K), 0.0398090 secs] [Times: user=0.07 sys=0.00, real=0.04 secs] 
2016-02-22T15:52:41.205+0800: 595757.920: [GC [PSYoungGen: 1378240K->15104K(1380992K)] 3893606K->2530577K(4177216K), 0.0358190 secs] [Times: user=0.07 sys=0.00, real=0.04 secs] 
2016-02-22T15:53:39.526+0800: 595816.240: [GC [PSYoungGen: 1378880K->16528K(1380352K)] 3894353K->2532214K(4176576K), 0.0383900 secs] [Times: user=0.08 sys=0.00, real=0.04 secs] 
2016-02-22T15:54:34.507+0800: 595871.222: [GC [PSYoungGen: 1380304K->17312K(1379584K)] 3895990K->2533214K(4175808K), 0.0458750 secs] [Times: user=0.09 sys=0.00, real=0.05 secs] 
2016-02-22T15:55:32.329+0800: 595929.043: [GC [PSYoungGen: 1379552K->17904K(1380160K)] 3895454K->2536797K(4176384K), 0.0441280 secs] [Times: user=0.09 sys=0.00, real=0.04 secs] 
2016-02-22T15:56:21.958+0800: 595978.673: [GC [PSYoungGen: 1380144K->13920K(1376576K)] 3899037K->2533266K(4172800K), 0.0358360 secs] [Times: user=0.07 sys=0.00, real=0.03 secs] 
2016-02-22T15:57:02.086+0800: 596018.800: [GC [PSYoungGen: 1372546K->18753K(1377472K)] 3891892K->2538356K(4173696K), 0.0649570 secs] [Times: user=0.17 sys=0.01, real=0.06 secs] 
2016-02-22T15:57:46.079+0800: 596062.793: [GC [PSYoungGen: 1377409K->13824K(1377728K)] 3897012K->2533737K(4173952K), 0.0359100 secs] [Times: user=0.08 sys=0.00, real=0.04 secs] 
2016-02-22T15:58:33.520+0800: 596110.235: [GC [PSYoungGen: 1371200K->15136K(1377728K)] 3891113K->2535141K(4173952K), 0.0368550 secs] [Times: user=0.07 sys=0.00, real=0.03 secs] 
2016-02-22T15:59:23.623+0800: 596160.337: [GC [PSYoungGen: 1372512K->16528K(1378176K)] 3892517K->2536805K(4174400K), 0.0435650 secs] [Times: user=0.09 sys=0.00, real=0.05 secs] 
2016-02-22T16:00:10.817+0800: 596207.531: [GC [PSYoungGen: 1374608K->14592K(1377984K)] 3894885K->2535061K(4174208K), 0.0460990 secs] [Times: user=0.08 sys=0.00, real=0.05 secs] 
2016-02-22T16:00:53.048+0800: 596249.762: [GC [PSYoungGen: 1372672K->13249K(1378240K)] 3893141K->2533958K(4174464K), 0.0343850 secs] [Times: user=0.08 sys=0.00, real=0.03 secs] 
2016-02-22T16:01:47.613+0800: 596304.327: [GC [PSYoungGen: 1371777K->16144K(1378304K)] 3892486K->2537254K(4174528K), 0.0394110 secs] [Times: user=0.08 sys=0.00, real=0.04 secs] 
2016-02-22T16:02:33.933+0800: 596350.648: [GC [PSYoungGen: 1374672K->15168K(1378816K)] 3895782K->2536454K(4175040K), 0.0387500 secs] [Times: user=0.08 sys=0.00, real=0.04 secs] 
2016-02-22T16:03:24.821+0800: 596401.535: [GC [PSYoungGen: 1374400K->14032K(1378496K)] 3895686K->2535471K(4174720K), 0.0382140 secs] [Times: user=0.08 sys=0.00, real=0.03 secs] 
2016-02-22T16:04:17.271+0800: 596453.985: [GC [PSYoungGen: 1373264K->15888K(1379136K)] 3894703K->2537567K(4175360K), 0.0466520 secs] [Times: user=0.09 sys=0.00, real=0.05 secs] 
2016-02-22T16:05:08.621+0800: 596505.336: [GC [PSYoungGen: 1375888K->16016K(1378944K)] 3897567K->2537875K(4175168K), 0.0440860 secs] [Times: user=0.09 sys=0.00, real=0.05 secs] 
2016-02-22T16:06:04.430+0800: 596561.144: [GC [PSYoungGen: 1376016K->17120K(1378752K)] 3897875K->2539295K(4174976K), 0.0435130 secs] [Times: user=0.08 sys=0.00, real=0.04 secs] 
2016-02-22T16:06:56.810+0800: 596613.524: [GC [PSYoungGen: 1377056K->14640K(1379008K)] 3899231K->2537251K(4175232K), 0.0371610 secs] [Times: user=0.08 sys=0.00, real=0.03 secs] 
2016-02-22T16:07:43.871+0800: 596660.586: [GC [PSYoungGen: 1374576K->14512K(1379328K)] 3897187K->2537364K(4175552K), 0.0365160 secs] [Times: user=0.07 sys=0.00, real=0.04 secs] 
2016-02-22T16:08:35.648+0800: 596712.363: [GC [PSYoungGen: 1374896K->14464K(1379136K)] 3897748K->2537572K(4175360K), 0.0373020 secs] [Times: user=0.08 sys=0.00, real=0.04 secs] 
2016-02-22T16:09:33.870+0800: 596770.584: [GC [PSYoungGen: 1374848K->17152K(1378816K)] 3897956K->2540544K(4175040K), 0.0427770 secs] [Times: user=0.08 sys=0.00, real=0.04 secs] 
2016-02-22T16:10:26.192+0800: 596822.906: [GC [PSYoungGen: 1377344K->17072K(1377280K)] 3900736K->2540841K(4173504K), 0.0416180 secs] [Times: user=0.08 sys=0.00, real=0.05 secs] 
2016-02-22T16:11:13.465+0800: 596870.179: [GC [PSYoungGen: 1377264K->13952K(1378944K)] 3901033K->2538221K(4175168K), 0.0362360 secs] [Times: user=0.08 sys=0.00, real=0.04 secs] 
2016-02-22T16:12:05.713+0800: 596922.427: [GC [PSYoungGen: 1373696K->16160K(1378880K)] 3897965K->2540621K(4175104K), 0.0410690 secs] [Times: user=0.08 sys=0.00, real=0.04 secs] 
2016-02-22T16:13:00.958+0800: 596977.673: [GC [PSYoungGen: 1375904K->15856K(1379328K)] 3900365K->2540478K(4175552K), 0.0433570 secs] [Times: user=0.09 sys=0.00, real=0.04 secs] 
2016-02-22T16:13:52.678+0800: 597029.392: [GC [PSYoungGen: 1376176K->17185K(1379072K)] 3900798K->2541995K(4175296K), 0.0405510 secs] [Times: user=0.08 sys=0.00, real=0.04 secs] 
2016-02-22T16:14:48.860+0800: 597085.574: [GC [PSYoungGen: 1377505K->15440K(1379328K)] 3902315K->2540760K(4175552K), 0.0433800 secs] [Times: user=0.09 sys=0.00, real=0.04 secs] 
2016-02-22T16:15:41.507+0800: 597138.222: [GC [PSYoungGen: 1375760K->15424K(1379072K)] 3901080K->2540913K(4175296K), 0.0407330 secs] [Times: user=0.08 sys=0.00, real=0.04 secs] 
2016-02-22T16:16:36.145+0800: 597192.860: [GC [PSYoungGen: 1375744K->16768K(1379328K)] 3901233K->2542537K(4175552K), 0.0402720 secs] [Times: user=0.08 sys=0.00, real=0.04 secs] 
2016-02-22T16:17:26.599+0800: 597243.314: [GC [PSYoungGen: 1377600K->15472K(1379456K)] 3903369K->2541617K(4175680K), 0.0479000 secs] [Times: user=0.09 sys=0.00, real=0.04 secs] 
2016-02-22T16:18:28.834+0800: 597305.549: [GC [PSYoungGen: 1376304K->17552K(1378880K)] 3902449K->2543997K(4175104K), 0.0443960 secs] [Times: user=0.08 sys=0.00, real=0.04 secs] 
2016-02-22T16:19:22.466+0800: 597359.180: [GC [PSYoungGen: 1378000K->16944K(1377408K)] 3904445K->2543558K(4173632K), 0.0442720 secs] [Times: user=0.09 sys=0.00, real=0.05 secs] 
2016-02-22T16:20:09.872+0800: 597406.586: [GC [PSYoungGen: 1377392K->15168K(1379328K)] 3904006K->2542307K(4175552K), 0.0435540 secs] [Times: user=0.08 sys=0.00, real=0.04 secs] 
2016-02-22T16:21:01.993+0800: 597458.708: [GC [PSYoungGen: 1375616K->14512K(1379200K)] 3902755K->2541895K(4175424K), 0.0439720 secs] [Times: user=0.08 sys=0.00, real=0.04 secs] 
2016-02-22T16:21:54.178+0800: 597510.893: [GC [PSYoungGen: 1374960K->16176K(1379520K)] 3902343K->2543891K(4175744K), 0.0376720 secs] [Times: user=0.08 sys=0.00, real=0.04 secs] 
2016-02-22T16:22:52.580+0800: 597569.295: [GC [PSYoungGen: 1376944K->16161K(1379328K)] 3904659K->2544208K(4175552K), 0.0378720 secs] [Times: user=0.08 sys=0.00, real=0.04 secs] 
2016-02-22T16:23:44.313+0800: 597621.028: [GC [PSYoungGen: 1376929K->12960K(1379136K)] 3904976K->2541473K(4175360K), 0.0409210 secs] [Times: user=0.08 sys=0.00, real=0.04 secs] 
2016-02-22T16:24:39.230+0800: 597675.944: [GC [PSYoungGen: 1373664K->13504K(1374272K)] 3902177K->2542169K(4170496K), 0.0348970 secs] [Times: user=0.07 sys=0.00, real=0.04 secs] 
2016-02-22T16:25:35.879+0800: 597732.594: [GC [PSYoungGen: 1374208K->17232K(1378688K)] 3902873K->2546137K(4174912K), 0.0378700 secs] [Times: user=0.07 sys=0.00, real=0.04 secs] 
2016-02-22T16:26:32.282+0800: 597788.996: [GC [PSYoungGen: 1377168K->16000K(1379008K)] 3906073K->2545186K(4175232K), 0.0391210 secs] [Times: user=0.08 sys=0.00, real=0.04 secs] 
2016-02-22T16:27:21.158+0800: 597837.872: [GC [PSYoungGen: 1375936K->15344K(1379456K)] 3905122K->2544754K(4175680K), 0.0390050 secs] [Times: user=0.08 sys=0.00, real=0.04 secs] 
2016-02-22T16:28:12.132+0800: 597888.847: [GC [PSYoungGen: 1375920K->17328K(1377920K)] 3905330K->2547015K(4174144K), 0.0467220 secs] [Times: user=0.08 sys=0.00, real=0.05 secs] 
2016-02-22T16:29:08.155+0800: 597944.869: [GC [PSYoungGen: 1377904K->15808K(1379456K)] 3907591K->2545887K(4175680K), 0.0432230 secs] [Times: user=0.08 sys=0.00, real=0.04 secs] 
2016-02-22T16:30:05.753+0800: 598002.467: [GC [PSYoungGen: 1376320K->16384K(1379136K)] 3906399K->2546567K(4175360K), 0.0437260 secs] [Times: user=0.08 sys=0.00, real=0.04 secs] 
2016-02-22T16:31:00.057+0800: 598056.771: [GC [PSYoungGen: 1376896K->16476K(1379520K)] 3907079K->2547028K(4175744K), 0.0425660 secs] [Times: user=0.08 sys=0.00, real=0.04 secs] 
2016-02-22T16:31:56.192+0800: 598112.907: [GC [PSYoungGen: 1377372K->17584K(1378496K)] 3907924K->2548508K(4174720K), 0.0448800 secs] [Times: user=0.09 sys=0.01, real=0.04 secs] 
2016-02-22T16:32:49.582+0800: 598166.297: [GC [PSYoungGen: 1378480K->15856K(1379392K)] 3909404K->2547141K(4175616K), 0.0362690 secs] [Times: user=0.07 sys=0.00, real=0.03 secs] 
2016-02-22T16:33:41.434+0800: 598218.149: [GC [PSYoungGen: 1376304K->14784K(1379136K)] 3907589K->2546249K(4175360K), 0.0374570 secs] [Times: user=0.07 sys=0.00, real=0.04 secs] 
2016-02-22T16:34:38.696+0800: 598275.411: [GC [PSYoungGen: 1375232K->16267K(1379584K)] 3906697K->2547929K(4175808K), 0.0372520 secs] [Times: user=0.07 sys=0.00, real=0.04 secs] 
2016-02-22T16:35:31.518+0800: 598328.232: [GC [PSYoungGen: 1377227K->15968K(1379456K)] 3908889K->2547701K(4175680K), 0.0352330 secs] [Times: user=0.07 sys=0.00, real=0.04 secs] 
2016-02-22T16:36:30.916+0800: 598387.630: [GC [PSYoungGen: 1376928K->16416K(1379904K)] 3908661K->2548561K(4176128K), 0.0471420 secs] [Times: user=0.10 sys=0.00, real=0.05 secs] 
2016-02-22T16:37:34.746+0800: 598451.460: [GC [PSYoungGen: 1378080K->17120K(1378816K)] 3910225K->2549509K(4175040K), 0.0404120 secs] [Times: user=0.08 sys=0.00, real=0.04 secs] 
2016-02-22T16:38:37.275+0800: 598513.990: [GC [PSYoungGen: 1378784K->18337K(1377408K)] 3911173K->2552095K(4173632K), 0.0439810 secs] [Times: user=0.08 sys=0.00, real=0.05 secs] 
2016-02-22T16:39:29.774+0800: 598566.489: [GC [PSYoungGen: 1377377K->14323K(1373376K)] 3911135K->2548314K(4169600K), 0.0425410 secs] [Times: user=0.08 sys=0.00, real=0.05 secs] 
2016-02-22T16:40:21.631+0800: 598618.345: [GC [PSYoungGen: 1373363K->14848K(1378624K)] 3907354K->2549095K(4174848K), 0.0424270 secs] [Times: user=0.08 sys=0.00, real=0.05 secs] 
2016-02-22T16:41:14.224+0800: 598670.938: [GC [PSYoungGen: 1373888K->14704K(1378496K)] 3908135K->2549087K(4174720K), 0.0382560 secs] [Times: user=0.07 sys=0.01, real=0.04 secs] 
2016-02-22T16:42:05.441+0800: 598722.155: [GC [PSYoungGen: 1373744K->15840K(1379008K)] 3908127K->2550375K(4175232K), 0.0371350 secs] [Times: user=0.07 sys=0.00, real=0.04 secs] 
2016-02-22T16:42:58.771+0800: 598775.485: [GC [PSYoungGen: 1375456K->15632K(1378688K)] 3909991K->2550456K(4174912K), 0.0375940 secs] [Times: user=0.07 sys=0.00, real=0.04 secs] 
2016-02-22T16:44:01.431+0800: 598838.145: [GC [PSYoungGen: 1375248K->18032K(1378240K)] 3910072K->2553200K(4174464K), 0.0502890 secs] [Times: user=0.08 sys=0.00, real=0.05 secs] 
2016-02-22T16:44:58.170+0800: 598894.884: [GC [PSYoungGen: 1377456K->19005K(1378432K)] 3912624K->2554639K(4174656K), 0.0466550 secs] [Times: user=0.09 sys=0.01, real=0.05 secs] 
2016-02-22T16:45:53.064+0800: 598949.778: [GC [PSYoungGen: 1378429K->15344K(1377920K)] 3914063K->2551281K(4174144K), 0.0401800 secs] [Times: user=0.07 sys=0.00, real=0.04 secs] 
2016-02-22T16:46:48.085+0800: 599004.800: [GC [PSYoungGen: 1373616K->16576K(1378176K)] 3909553K->2552970K(4174400K), 0.0406100 secs] [Times: user=0.08 sys=0.00, real=0.04 secs] 
2016-02-22T16:47:38.152+0800: 599054.866: [GC [PSYoungGen: 1374848K->16048K(1378752K)] 3911242K->2552723K(4174976K), 0.0376830 secs] [Times: user=0.07 sys=0.00, real=0.04 secs] 
2016-02-22T16:48:29.441+0800: 599106.155: [GC [PSYoungGen: 1375152K->17728K(1378432K)] 3911827K->2554824K(4174656K), 0.0407610 secs] [Times: user=0.08 sys=0.00, real=0.04 secs] 
2016-02-22T16:49:26.106+0800: 599162.821: [GC [PSYoungGen: 1376832K->16176K(1378752K)] 3913928K->2553472K(4174976K), 0.0453370 secs] [Times: user=0.09 sys=0.00, real=0.05 secs] 
2016-02-22T16:50:19.773+0800: 599216.488: [GC [PSYoungGen: 1375344K->14912K(1378496K)] 3912640K->2552644K(4174720K), 0.0543690 secs] [Times: user=0.12 sys=0.00, real=0.05 secs] 
2016-02-22T16:51:16.264+0800: 599272.979: [GC [PSYoungGen: 1374080K->16096K(1379072K)] 3911812K->2553984K(4175296K), 0.0458210 secs] [Times: user=0.09 sys=0.00, real=0.04 secs] 
2016-02-22T16:52:11.531+0800: 599328.246: [GC [PSYoungGen: 1375904K->15920K(1378816K)] 3913792K->2553956K(4175040K), 0.0376390 secs] [Times: user=0.08 sys=0.00, real=0.04 secs] 
2016-02-22T16:53:02.397+0800: 599379.111: [GC [PSYoungGen: 1375728K->15344K(1379392K)] 3913764K->2553481K(4175616K), 0.0366400 secs] [Times: user=0.08 sys=0.00, real=0.04 secs] 
2016-02-22T16:53:55.071+0800: 599431.786: [GC [PSYoungGen: 1375920K->16850K(1379264K)] 3914057K->2555295K(4175488K), 0.0438750 secs] [Times: user=0.08 sys=0.00, real=0.05 secs] 
2016-02-22T16:54:52.208+0800: 599488.922: [GC [PSYoungGen: 1377426K->14464K(1379264K)] 3915871K->2553325K(4175488K), 0.0356340 secs] [Times: user=0.07 sys=0.00, real=0.03 secs] 
2016-02-22T16:55:44.553+0800: 599541.267: [GC [PSYoungGen: 1375040K->18752K(1379328K)] 3913901K->2559552K(4175552K), 0.0448960 secs] [Times: user=0.09 sys=0.00, real=0.04 secs] 
2016-02-22T16:56:45.312+0800: 599602.026: [GC [PSYoungGen: 1379328K->18729K(1372032K)] 3920128K->2564162K(4168256K), 0.0543750 secs] [Times: user=0.10 sys=0.01, real=0.05 secs] 
2016-02-22T16:57:32.698+0800: 599649.412: [GC [PSYoungGen: 1372009K->14576K(1375680K)] 3917442K->2560225K(4171904K), 0.0366420 secs] [Times: user=0.07 sys=0.00, real=0.03 secs] 
2016-02-22T16:58:36.536+0800: 599713.250: [GC [PSYoungGen: 1367856K->17536K(1376064K)] 3913505K->2563557K(4172288K), 0.0447670 secs] [Times: user=0.08 sys=0.00, real=0.04 secs] 
2016-02-22T16:59:25.800+0800: 599762.514: [GC [PSYoungGen: 1371264K->15120K(1375744K)] 3917285K->2561454K(4171968K), 0.0366740 secs] [Times: user=0.07 sys=0.00, real=0.03 secs] 
2016-02-22T17:00:19.577+0800: 599816.291: [GC [PSYoungGen: 1368848K->14721K(1376384K)] 3915182K->2561283K(4172608K), 0.0422990 secs] [Times: user=0.09 sys=0.00, real=0.04 secs] 
2016-02-22T17:01:19.431+0800: 599876.145: [GC [PSYoungGen: 1369281K->18736K(1373312K)] 3915843K->2565596K(4169536K), 0.0431690 secs] [Times: user=0.08 sys=0.00, real=0.05 secs] 
2016-02-22T17:02:15.081+0800: 599931.795: [GC [PSYoungGen: 1373296K->16793K(1376640K)] 3920156K->2564014K(4172864K), 0.0419700 secs] [Times: user=0.08 sys=0.00, real=0.04 secs] 
2016-02-22T17:03:10.350+0800: 599987.064: [GC [PSYoungGen: 1371481K->15168K(1376128K)] 3918702K->2562738K(4172352K), 0.0379090 secs] [Times: user=0.07 sys=0.00, real=0.04 secs] 
2016-02-22T17:04:00.371+0800: 600037.085: [GC [PSYoungGen: 1369856K->14096K(1376832K)] 3917426K->2561818K(4173056K), 0.0432600 secs] [Times: user=0.08 sys=0.00, real=0.05 secs] 
2016-02-22T17:04:58.767+0800: 600095.481: [GC [PSYoungGen: 1369680K->16368K(1376832K)] 3917402K->2564254K(4173056K), 0.0409030 secs] [Times: user=0.08 sys=0.00, real=0.05 secs] 
2016-02-22T17:05:50.030+0800: 600146.744: [GC [PSYoungGen: 1371952K->14080K(1377344K)] 3919838K->2562447K(4173568K), 0.0365360 secs] [Times: user=0.08 sys=0.00, real=0.04 secs] 
2016-02-22T17:06:43.188+0800: 600199.902: [GC [PSYoungGen: 1370688K->16832K(1377344K)] 3919055K->2565560K(4173568K), 0.0397590 secs] [Times: user=0.07 sys=0.01, real=0.04 secs] 
2016-02-22T17:07:37.308+0800: 600254.023: [GC [PSYoungGen: 1373440K->14720K(1377728K)] 3922168K->2563924K(4173952K), 0.0456800 secs] [Times: user=0.08 sys=0.00, real=0.04 secs] 
2016-02-22T17:08:31.539+0800: 600308.253: [GC [PSYoungGen: 1371904K->13616K(1377536K)] 3921108K->2562945K(4173760K), 0.0359080 secs] [Times: user=0.07 sys=0.00, real=0.03 secs] 
2016-02-22T17:09:24.448+0800: 600361.162: [GC [PSYoungGen: 1370800K->17680K(1377216K)] 3920129K->2567282K(4173440K), 0.0404830 secs] [Times: user=0.07 sys=0.00, real=0.04 secs] 
2016-02-22T17:10:22.391+0800: 600419.105: [GC [PSYoungGen: 1374544K->15488K(1377472K)] 3924146K->2565270K(4173696K), 0.0469730 secs] [Times: user=0.09 sys=0.00, real=0.04 secs] 
2016-02-22T17:11:25.129+0800: 600481.843: [GC [PSYoungGen: 1372352K->16832K(1377984K)] 3922134K->2567027K(4174208K), 0.0411640 secs] [Times: user=0.08 sys=0.00, real=0.04 secs] 
2016-02-22T17:12:26.227+0800: 600542.941: [GC [PSYoungGen: 1374592K->15504K(1377856K)] 3924787K->2565883K(4174080K), 0.0381200 secs] [Times: user=0.08 sys=0.00, real=0.04 secs] 
2016-02-22T17:13:25.440+0800: 600602.154: [GC [PSYoungGen: 1373264K->17536K(1377920K)] 3923643K->2568100K(4174144K), 0.0401240 secs] [Times: user=0.08 sys=0.00, real=0.04 secs] 
2016-02-22T17:14:22.145+0800: 600658.859: [GC [PSYoungGen: 1375680K->16161K(1378112K)] 3926244K->2567057K(4174336K), 0.0393180 secs] [Times: user=0.07 sys=0.00, real=0.04 secs] 
2016-02-22T17:15:16.561+0800: 600713.275: [GC [PSYoungGen: 1374305K->14976K(1378624K)] 3925201K->2566334K(4174848K), 0.0439410 secs] [Times: user=0.08 sys=0.00, real=0.04 secs] 
2016-02-22T17:16:15.792+0800: 600772.506: [GC [PSYoungGen: 1373952K->15216K(1378432K)] 3925310K->2567010K(4174656K), 0.0370670 secs] [Times: user=0.07 sys=0.00, real=0.04 secs] 
2016-02-22T17:17:16.061+0800: 600832.776: [GC [PSYoungGen: 1374192K->15360K(1379008K)] 3925986K->2567530K(4175232K), 0.0391530 secs] [Times: user=0.08 sys=0.00, real=0.04 secs] 
2016-02-22T17:18:15.716+0800: 600892.430: [GC [PSYoungGen: 1375104K->16192K(1378816K)] 3927274K->2568490K(4175040K), 0.0463060 secs] [Times: user=0.10 sys=0.01, real=0.05 secs] 
2016-02-22T17:19:16.217+0800: 600952.931: [GC [PSYoungGen: 1375936K->15792K(1379520K)] 3928234K->2568291K(4175744K), 0.0373880 secs] [Times: user=0.07 sys=0.00, real=0.03 secs] 
2016-02-22T17:20:10.826+0800: 601007.540: [GC [PSYoungGen: 1376496K->15856K(1379264K)] 3928995K->2568530K(4175488K), 0.0396390 secs] [Times: user=0.08 sys=0.00, real=0.04 secs] 
2016-02-22T17:21:04.365+0800: 601061.080: [GC [PSYoungGen: 1376560K->16448K(1379776K)] 3929234K->2569498K(4176000K), 0.0446470 secs] [Times: user=0.08 sys=0.00, real=0.05 secs] 
2016-02-22T17:22:06.245+0800: 601122.959: [GC [PSYoungGen: 1377920K->17856K(1379392K)] 3930970K->2571215K(4175616K), 0.0446320 secs] [Times: user=0.08 sys=0.00, real=0.04 secs] 
2016-02-22T17:23:14.432+0800: 601191.146: [GC [PSYoungGen: 1379328K->18000K(1378368K)] 3932687K->2571731K(4174592K), 0.0413810 secs] [Times: user=0.08 sys=0.00, real=0.04 secs] 
2016-02-22T17:24:12.647+0800: 601249.361: [GC [PSYoungGen: 1377680K->17984K(1377728K)] 3931411K->2571996K(4173952K), 0.0418160 secs] [Times: user=0.08 sys=0.00, real=0.05 secs] 
2016-02-22T17:25:09.584+0800: 601306.298: [GC [PSYoungGen: 1377664K->16784K(1378752K)] 3931676K->2571124K(4174976K), 0.0391050 secs] [Times: user=0.07 sys=0.00, real=0.03 secs] 
2016-02-22T17:26:09.601+0800: 601366.316: [GC [PSYoungGen: 1376016K->17168K(1378560K)] 3930356K->2571808K(4174784K), 0.0448810 secs] [Times: user=0.08 sys=0.00, real=0.04 secs] 
2016-02-22T17:27:07.680+0800: 601424.395: [GC [PSYoungGen: 1376400K->14944K(1378688K)] 3931040K->2569968K(4174912K), 0.0370190 secs] [Times: user=0.08 sys=0.00, real=0.04 secs] 
2016-02-22T17:27:58.762+0800: 601475.477: [GC [PSYoungGen: 1374368K->13904K(1373376K)] 3929392K->2569100K(4169600K), 0.0353920 secs] [Times: user=0.07 sys=0.00, real=0.04 secs] 
2016-02-22T17:28:56.536+0800: 601533.250: [GC [PSYoungGen: 1373328K->16480K(1378880K)] 3928524K->2572033K(4175104K), 0.0397810 secs] [Times: user=0.08 sys=0.00, real=0.04 secs] 
2016-02-22T17:29:59.298+0800: 601596.013: [GC [PSYoungGen: 1375904K->17040K(1378624K)] 3931457K->2572769K(4174848K), 0.0417120 secs] [Times: user=0.08 sys=0.00, real=0.04 secs] 
2016-02-22T17:31:02.079+0800: 601658.794: [GC [PSYoungGen: 1376464K->16944K(1378880K)] 3932193K->2573133K(4175104K), 0.0396260 secs] [Times: user=0.08 sys=0.00, real=0.04 secs] 
2016-02-22T17:32:02.033+0800: 601718.748: [GC [PSYoungGen: 1376560K->14544K(1378816K)] 3932749K->2570941K(4175040K), 0.0404660 secs] [Times: user=0.07 sys=0.00, real=0.04 secs] 
2016-02-22T17:33:02.870+0800: 601779.584: [GC [PSYoungGen: 1374160K->14544K(1378880K)] 3930557K->2571049K(4175104K), 0.0469320 secs] [Times: user=0.10 sys=0.00, real=0.05 secs] 
2016-02-22T17:34:08.725+0800: 601845.440: [GC [PSYoungGen: 1374224K->16160K(1378880K)] 3930729K->2572930K(4175104K), 0.0436010 secs] [Times: user=0.07 sys=0.01, real=0.05 secs] 
2016-02-22T17:35:09.605+0800: 601906.319: [GC [PSYoungGen: 1375840K->16080K(1379392K)] 3932610K->2573146K(4175616K), 0.0364330 secs] [Times: user=0.07 sys=0.00, real=0.03 secs] 
2016-02-22T17:36:11.211+0800: 601967.925: [GC [PSYoungGen: 1376528K->13776K(1379136K)] 3933594K->2571210K(4175360K), 0.0342520 secs] [Times: user=0.07 sys=0.00, real=0.04 secs] 
2016-02-22T17:37:15.883+0800: 602032.597: [GC [PSYoungGen: 1374224K->15344K(1379520K)] 3931658K->2572966K(4175744K), 0.0447160 secs] [Times: user=0.09 sys=0.00, real=0.05 secs] 
2016-02-22T17:38:23.365+0800: 602100.080: [GC [PSYoungGen: 1376048K->17201K(1379264K)] 3933670K->2574995K(4175488K), 0.0391620 secs] [Times: user=0.08 sys=0.00, real=0.04 secs] 
2016-02-22T17:39:25.298+0800: 602162.013: [GC [PSYoungGen: 1377905K->15200K(1379392K)] 3935699K->2573464K(4175616K), 0.0385360 secs] [Times: user=0.08 sys=0.00, real=0.04 secs] 
2016-02-22T17:40:27.843+0800: 602224.558: [GC [PSYoungGen: 1375776K->14672K(1379264K)] 3934040K->2573209K(4175488K), 0.0360860 secs] [Times: user=0.06 sys=0.01, real=0.04 secs] 
2016-02-22T17:41:29.568+0800: 602286.282: [GC [PSYoungGen: 1375248K->14336K(1379520K)] 3933785K->2573141K(4175744K), 0.0354840 secs] [Times: user=0.07 sys=0.00, real=0.03 secs] 
2016-02-22T17:42:31.982+0800: 602348.697: [GC [PSYoungGen: 1375296K->15136K(1379520K)] 3934101K->2574150K(4175744K), 0.0356570 secs] [Times: user=0.07 sys=0.00, real=0.03 secs] 
2016-02-22T17:43:44.512+0800: 602421.226: [GC [PSYoungGen: 1376096K->14416K(1379840K)] 3935110K->2573870K(4176064K), 0.0445100 secs] [Times: user=0.08 sys=0.01, real=0.04 secs] 
2016-02-22T17:44:52.385+0800: 602489.099: [GC [PSYoungGen: 1375952K->15792K(1379776K)] 3935406K->2575507K(4176000K), 0.0473950 secs] [Times: user=0.09 sys=0.00, real=0.05 secs] 
2016-02-22T17:45:49.860+0800: 602546.574: [GC [PSYoungGen: 1377328K->15088K(1380160K)] 3937043K->2574959K(4176384K), 0.0372990 secs] [Times: user=0.07 sys=0.00, real=0.04 secs] 
2016-02-22T17:46:53.218+0800: 602609.933: [GC [PSYoungGen: 1377136K->14624K(1379968K)] 3937007K->2574963K(4176192K), 0.0359920 secs] [Times: user=0.06 sys=0.00, real=0.04 secs] 
2016-02-22T17:47:58.494+0800: 602675.208: [GC [PSYoungGen: 1376672K->15616K(1380416K)] 3937011K->2576144K(4176640K), 0.0382340 secs] [Times: user=0.07 sys=0.00, real=0.04 secs] 
2016-02-22T17:49:03.708+0800: 602740.422: [GC [PSYoungGen: 1378240K->15888K(1380288K)] 3938768K->2576660K(4176512K), 0.0432130 secs] [Times: user=0.09 sys=0.00, real=0.04 secs] 
2016-02-22T17:50:06.849+0800: 602803.563: [GC [PSYoungGen: 1378512K->14112K(1380480K)] 3939284K->2575152K(4176704K), 0.0387350 secs] [Times: user=0.08 sys=0.00, real=0.04 secs] 
2016-02-22T17:51:04.213+0800: 602860.928: [GC [PSYoungGen: 1376992K->14240K(1380480K)] 3938032K->2575636K(4176704K), 0.0377270 secs] [Times: user=0.08 sys=0.00, real=0.04 secs] 
2016-02-22T17:52:12.407+0800: 602929.121: [GC [PSYoungGen: 1377120K->17534K(1378112K)] 3938516K->2580492K(4174336K), 0.0401460 secs] [Times: user=0.08 sys=0.01, real=0.04 secs] 
2016-02-22T17:53:16.767+0800: 602993.481: [GC [PSYoungGen: 1378110K->15312K(1379328K)] 3941068K->2578706K(4175552K), 0.0355970 secs] [Times: user=0.08 sys=0.00, real=0.04 secs] 
2016-02-22T17:54:25.085+0800: 603061.799: [GC [PSYoungGen: 1375888K->13712K(1379584K)] 3939282K->2577415K(4175808K), 0.0343260 secs] [Times: user=0.08 sys=0.00, real=0.03 secs] 
2016-02-22T17:55:26.318+0800: 603123.032: [GC [PSYoungGen: 1374800K->13872K(1379584K)] 3938503K->2577908K(4175808K), 0.0417230 secs] [Times: user=0.09 sys=0.00, real=0.04 secs] 
2016-02-22T17:56:32.707+0800: 603189.421: [GC [PSYoungGen: 1374960K->14816K(1379840K)] 3938996K->2579132K(4176064K), 0.0389390 secs] [Times: user=0.07 sys=0.00, real=0.04 secs] 
2016-02-22T17:57:33.637+0800: 603250.352: [GC [PSYoungGen: 1376160K->14608K(1379584K)] 3940476K->2579249K(4175808K), 0.0367870 secs] [Times: user=0.07 sys=0.00, real=0.04 secs] 
2016-02-22T17:58:31.201+0800: 603307.916: [GC [PSYoungGen: 1375952K->14560K(1380288K)] 3940593K->2579368K(4176512K), 0.0402890 secs] [Times: user=0.08 sys=0.00, real=0.04 secs] 
2016-02-22T17:59:32.085+0800: 603368.800: [GC [PSYoungGen: 1376864K->14336K(1380096K)] 3941672K->2579472K(4176320K), 0.0353250 secs] [Times: user=0.07 sys=0.00, real=0.03 secs] 
2016-02-22T18:00:30.490+0800: 603427.204: [GC [PSYoungGen: 1376640K->12992K(1380288K)] 3941776K->2578585K(4176512K), 0.0354880 secs] [Times: user=0.06 sys=0.00, real=0.04 secs] 
2016-02-22T18:01:34.941+0800: 603491.655: [GC [PSYoungGen: 1375616K->15920K(1378560K)] 3941209K->2581706K(4174784K), 0.0466250 secs] [Times: user=0.10 sys=0.01, real=0.04 secs] 
2016-02-22T18:02:32.346+0800: 603549.061: [GC [PSYoungGen: 1378544K->13744K(1380288K)] 3944330K->2579750K(4176512K), 0.0398930 secs] [Times: user=0.07 sys=0.00, real=0.04 secs] 
2016-02-22T18:03:29.019+0800: 603605.733: [GC [PSYoungGen: 1376176K->15600K(1380224K)] 3942182K->2581826K(4176448K), 0.0370380 secs] [Times: user=0.08 sys=0.00, real=0.04 secs] 
2016-02-22T18:04:33.797+0800: 603670.511: [GC [PSYoungGen: 1378032K->15632K(1380288K)] 3944258K->2582118K(4176512K), 0.0375430 secs] [Times: user=0.07 sys=0.00, real=0.03 secs] 
2016-02-22T18:05:42.162+0800: 603738.877: [GC [PSYoungGen: 1378128K->14320K(1380288K)] 3944614K->2581114K(4176512K), 0.0386890 secs] [Times: user=0.07 sys=0.00, real=0.04 secs] 
2016-02-22T18:06:48.076+0800: 603804.791: [GC [PSYoungGen: 1376816K->13664K(1380544K)] 3943610K->2580691K(4176768K), 0.0410510 secs] [Times: user=0.07 sys=0.00, real=0.04 secs] 
2016-02-22T18:07:51.861+0800: 603868.575: [GC [PSYoungGen: 1376608K->14512K(1380480K)] 3943635K->2581915K(4176704K), 0.0434860 secs] [Times: user=0.08 sys=0.00, real=0.05 secs] 
2016-02-22T18:08:58.365+0800: 603935.079: [GC [PSYoungGen: 1377456K->14304K(1380928K)] 3944859K->2581852K(4177152K), 0.0390350 secs] [Times: user=0.08 sys=0.00, real=0.04 secs] 
2016-02-22T18:09:58.187+0800: 603994.902: [GC [PSYoungGen: 1377952K->14528K(1380800K)] 3945500K->2582420K(4177024K), 0.0355210 secs] [Times: user=0.08 sys=0.00, real=0.03 secs] 
2016-02-22T18:10:56.968+0800: 604053.683: [GC [PSYoungGen: 1378176K->12752K(1380928K)] 3946068K->2581026K(4177152K), 0.0323930 secs] [Times: user=0.06 sys=0.00, real=0.04 secs] 
2016-02-22T18:12:10.658+0800: 604127.372: [GC [PSYoungGen: 1376784K->13824K(1381056K)] 3945058K->2582418K(4177280K), 0.0352740 secs] [Times: user=0.08 sys=0.00, real=0.03 secs] 
2016-02-22T18:13:19.092+0800: 604195.807: [GC [PSYoungGen: 1377856K->16896K(1379392K)] 3946450K->2586116K(4175616K), 0.0586410 secs] [Times: user=0.16 sys=0.00, real=0.05 secs] 
2016-02-22T18:14:29.190+0800: 604265.904: [GC [PSYoungGen: 1379392K->15376K(1380288K)] 3948612K->2584760K(4176512K), 0.0368860 secs] [Times: user=0.07 sys=0.00, real=0.03 secs] 
2016-02-22T18:15:39.503+0800: 604336.218: [GC [PSYoungGen: 1377872K->17455K(1378944K)] 3947256K->2587268K(4175168K), 0.0412320 secs] [Times: user=0.07 sys=0.01, real=0.05 secs] 
2016-02-22T18:16:48.577+0800: 604405.292: [GC [PSYoungGen: 1378671K->14528K(1379648K)] 3948484K->2584670K(4175872K), 0.0353970 secs] [Times: user=0.07 sys=0.00, real=0.04 secs] 
2016-02-22T18:18:04.285+0800: 604481.000: [GC [PSYoungGen: 1375744K->16368K(1379520K)] 3945886K->2586666K(4175744K), 0.0388400 secs] [Times: user=0.08 sys=0.00, real=0.04 secs] 
2016-02-22T18:19:16.331+0800: 604553.046: [GC [PSYoungGen: 1377712K->15504K(1379712K)] 3948010K->2586059K(4175936K), 0.0418190 secs] [Times: user=0.09 sys=0.00, real=0.05 secs] 
2016-02-22T18:20:23.053+0800: 604619.767: [GC [PSYoungGen: 1376848K->14080K(1380032K)] 3947403K->2584836K(4176256K), 0.0362210 secs] [Times: user=0.07 sys=0.00, real=0.04 secs] 
2016-02-22T18:21:31.763+0800: 604688.477: [GC [PSYoungGen: 1375936K->14928K(1379904K)] 3946692K->2586048K(4176128K), 0.0390180 secs] [Times: user=0.09 sys=0.00, real=0.04 secs] 
2016-02-22T18:22:46.067+0800: 604762.782: [GC [PSYoungGen: 1376784K->14496K(1380480K)] 3947904K->2585900K(4176704K), 0.0359770 secs] [Times: user=0.07 sys=0.01, real=0.04 secs] 
2016-02-22T18:23:49.373+0800: 604826.087: [GC [PSYoungGen: 1377184K->13184K(1380288K)] 3948588K->2584889K(4176512K), 0.0357760 secs] [Times: user=0.07 sys=0.00, real=0.03 secs] 
2016-02-22T18:25:04.262+0800: 604900.977: [GC [PSYoungGen: 1375872K->17232K(1379136K)] 3947577K->2589209K(4175360K), 0.0417840 secs] [Times: user=0.08 sys=0.00, real=0.04 secs] 
2016-02-22T18:26:13.003+0800: 604969.718: [GC [PSYoungGen: 1378704K->16896K(1378432K)] 3950681K->2589225K(4174656K), 0.0406070 secs] [Times: user=0.08 sys=0.00, real=0.05 secs] 
2016-02-22T18:27:26.094+0800: 605042.808: [GC [PSYoungGen: 1378368K->16448K(1379200K)] 3950697K->2588938K(4175424K), 0.0362540 secs] [Times: user=0.08 sys=0.00, real=0.04 secs] 
2016-02-22T18:28:26.269+0800: 605102.984: [GC [PSYoungGen: 1377024K->15280K(1379328K)] 3949514K->2587918K(4175552K), 0.0435180 secs] [Times: user=0.09 sys=0.00, real=0.04 secs] 
2016-02-22T18:29:35.998+0800: 605172.712: [GC [PSYoungGen: 1375856K->15040K(1379904K)] 3948494K->2588035K(4176128K), 0.0381230 secs] [Times: user=0.07 sys=0.01, real=0.04 secs] 
2016-02-22T18:30:41.687+0800: 605238.402: [GC [PSYoungGen: 1376512K->13856K(1379648K)] 3949507K->2587087K(4175872K), 0.0333090 secs] [Times: user=0.08 sys=0.00, real=0.04 secs] 
2016-02-22T18:31:44.535+0800: 605301.250: [GC [PSYoungGen: 1375328K->14160K(1380032K)] 3948559K->2587623K(4176256K), 0.0390490 secs] [Times: user=0.08 sys=0.00, real=0.04 secs] 
2016-02-22T18:32:53.352+0800: 605370.066: [GC [PSYoungGen: 1376016K->15232K(1379904K)] 3949479K->2588991K(4176128K), 0.0414640 secs] [Times: user=0.08 sys=0.00, real=0.04 secs] 
2016-02-22T18:33:59.631+0800: 605436.346: [GC [PSYoungGen: 1377088K->14576K(1380480K)] 3950847K->2588715K(4176704K), 0.0353540 secs] [Times: user=0.08 sys=0.00, real=0.04 secs] 
2016-02-22T18:35:05.267+0800: 605501.981: [GC [PSYoungGen: 1377264K->14816K(1380288K)] 3951403K->2589224K(4176512K), 0.0442340 secs] [Times: user=0.09 sys=0.00, real=0.04 secs] 
2016-02-22T18:36:08.720+0800: 605565.434: [GC [PSYoungGen: 1377504K->15552K(1380736K)] 3951912K->2590137K(4176960K), 0.0446900 secs] [Times: user=0.08 sys=0.00, real=0.04 secs] 
2016-02-22T18:37:17.421+0800: 605634.136: [GC [PSYoungGen: 1378880K->16800K(1380160K)] 3953465K->2591642K(4176384K), 0.0405470 secs] [Times: user=0.08 sys=0.00, real=0.04 secs] 
2016-02-22T18:38:22.696+0800: 605699.411: [GC [PSYoungGen: 1380128K->14784K(1380480K)] 3954970K->2590030K(4176704K), 0.0397500 secs] [Times: user=0.06 sys=0.00, real=0.04 secs] 
2016-02-22T18:39:25.557+0800: 605762.272: [GC [PSYoungGen: 1377472K->14016K(1380288K)] 3952718K->2589711K(4176512K), 0.0352080 secs] [Times: user=0.07 sys=0.00, real=0.03 secs] 
2016-02-22T18:40:29.537+0800: 605826.251: [GC [PSYoungGen: 1376704K->14736K(1380672K)] 3952399K->2590650K(4176896K), 0.0395930 secs] [Times: user=0.08 sys=0.00, real=0.04 secs] 
2016-02-22T18:41:32.956+0800: 605889.671: [GC [PSYoungGen: 1377872K->14864K(1380544K)] 3953786K->2590951K(4176768K), 0.0461150 secs] [Times: user=0.08 sys=0.00, real=0.04 secs] 
2016-02-22T18:42:44.242+0800: 605960.957: [GC [PSYoungGen: 1378000K->17136K(1379264K)] 3954087K->2593836K(4175488K), 0.0401130 secs] [Times: user=0.09 sys=0.00, real=0.04 secs] 
2016-02-22T18:43:47.681+0800: 606024.395: [GC [PSYoungGen: 1379248K->15232K(1380096K)] 3955948K->2592460K(4176320K), 0.0381600 secs] [Times: user=0.08 sys=0.00, real=0.03 secs] 
2016-02-22T18:44:44.832+0800: 606081.546: [GC [PSYoungGen: 1377344K->15136K(1380544K)] 3954572K->2592613K(4176768K), 0.0426080 secs] [Times: user=0.08 sys=0.00, real=0.04 secs] 
2016-02-22T18:45:50.121+0800: 606146.836: [GC [PSYoungGen: 1377952K->14992K(1380352K)] 3955429K->2592834K(4176576K), 0.0406520 secs] [Times: user=0.08 sys=0.00, real=0.04 secs] 
2016-02-22T18:47:00.380+0800: 606217.095: [GC [PSYoungGen: 1377808K->14624K(1380864K)] 3955650K->2592874K(4177088K), 0.0374140 secs] [Times: user=0.07 sys=0.01, real=0.04 secs] 
2016-02-22T18:48:00.649+0800: 606277.363: [GC [PSYoungGen: 1378144K->12451K(1376000K)] 3956394K->2590862K(4172224K), 0.0380000 secs] [Times: user=0.07 sys=0.00, real=0.04 secs] 
2016-02-22T18:49:13.385+0800: 606350.099: [GC [PSYoungGen: 1375971K->16512K(1379840K)] 3954382K->2595222K(4176064K), 0.0384550 secs] [Times: user=0.08 sys=0.00, real=0.04 secs] 
2016-02-22T18:50:15.656+0800: 606412.370: [GC [PSYoungGen: 1378880K->14496K(1380224K)] 3957590K->2593366K(4176448K), 0.0363120 secs] [Times: user=0.08 sys=0.00, real=0.04 secs] 
2016-02-22T18:51:21.349+0800: 606478.063: [GC [PSYoungGen: 1376864K->17008K(1379520K)] 3955734K->2596138K(4175744K), 0.0398640 secs] [Times: user=0.07 sys=0.01, real=0.04 secs] 
2016-02-22T18:52:23.277+0800: 606539.992: [GC [PSYoungGen: 1378864K->14480K(1379968K)] 3957994K->2594111K(4176192K), 0.0454380 secs] [Times: user=0.09 sys=0.00, real=0.04 secs] 
2016-02-22T18:53:29.066+0800: 606605.781: [GC [PSYoungGen: 1376336K->16192K(1379840K)] 3955967K->2595987K(4176064K), 0.0373450 secs] [Times: user=0.08 sys=0.00, real=0.04 secs] 
2016-02-22T18:54:27.623+0800: 606664.337: [GC [PSYoungGen: 1378048K->16896K(1378816K)] 3957843K->2597024K(4175040K), 0.0430770 secs] [Times: user=0.09 sys=0.00, real=0.04 secs] 
2016-02-22T18:55:25.989+0800: 606722.703: [GC [PSYoungGen: 1378752K->11904K(1379136K)] 3958880K->2592428K(4175360K), 0.0322000 secs] [Times: user=0.07 sys=0.00, real=0.03 secs] 
2016-02-22T18:56:30.291+0800: 606787.005: [GC [PSYoungGen: 1372608K->15072K(1379392K)] 3953132K->2595773K(4175616K), 0.0385000 secs] [Times: user=0.08 sys=0.00, real=0.04 secs] 
2016-02-22T18:57:30.125+0800: 606846.839: [GC [PSYoungGen: 1375776K->13328K(1379776K)] 3956477K->2594244K(4176000K), 0.0340080 secs] [Times: user=0.07 sys=0.00, real=0.04 secs] 
2016-02-22T18:58:32.493+0800: 606909.207: [GC [PSYoungGen: 1374736K->14448K(1379712K)] 3955652K->2595549K(4175936K), 0.0387990 secs] [Times: user=0.08 sys=0.00, real=0.03 secs] 
2016-02-22T18:59:41.280+0800: 606977.994: [GC [PSYoungGen: 1375856K->15646K(1380032K)] 3956957K->2597151K(4176256K), 0.0390530 secs] [Times: user=0.07 sys=0.01, real=0.03 secs] 
2016-02-22T19:00:34.983+0800: 607031.697: [GC [PSYoungGen: 1377630K->11904K(1373952K)] 3959135K->2593622K(4170176K), 0.0357830 secs] [Times: user=0.07 sys=0.00, real=0.04 secs] 
2016-02-22T19:01:41.997+0800: 607098.711: [GC [PSYoungGen: 1373888K->14320K(1380160K)] 3955606K->2596338K(4176384K), 0.0551510 secs] [Times: user=0.13 sys=0.00, real=0.06 secs] 
2016-02-22T19:02:43.081+0800: 607159.795: [GC [PSYoungGen: 1376240K->17896K(1379840K)] 3958258K->2601841K(4176064K), 0.0454050 secs] [Times: user=0.10 sys=0.00, real=0.04 secs] 
2016-02-22T19:03:45.178+0800: 607221.892: [GC [PSYoungGen: 1379816K->14147K(1377792K)] 3963761K->2598378K(4174016K), 0.0367100 secs] [Times: user=0.07 sys=0.00, real=0.04 secs] 
2016-02-22T19:04:38.997+0800: 607275.712: [GC [PSYoungGen: 1373699K->14240K(1378816K)] 3957930K->2598928K(4175040K), 0.0411170 secs] [Times: user=0.07 sys=0.00, real=0.04 secs] 
2016-02-22T19:05:33.389+0800: 607330.103: [GC [PSYoungGen: 1373792K->13216K(1379200K)] 3958480K->2598072K(4175424K), 0.0453550 secs] [Times: user=0.09 sys=0.00, real=0.04 secs] 
2016-02-22T19:06:35.149+0800: 607391.863: [GC [PSYoungGen: 1373472K->15664K(1379136K)] 3958328K->2600729K(4175360K), 0.0417530 secs] [Times: user=0.08 sys=0.00, real=0.04 secs] 
2016-02-22T19:07:38.377+0800: 607455.092: [GC [PSYoungGen: 1375920K->16208K(1379136K)] 3960985K->2601730K(4175360K), 0.0418850 secs] [Times: user=0.08 sys=0.00, real=0.04 secs] 
2016-02-22T19:08:39.601+0800: 607516.315: [GC [PSYoungGen: 1376528K->15280K(1379200K)] 3962050K->2601102K(4175424K), 0.0420400 secs] [Times: user=0.08 sys=0.00, real=0.04 secs] 
2016-02-22T19:09:44.174+0800: 607580.888: [GC [PSYoungGen: 1375600K->15968K(1379456K)] 3961422K->2602005K(4175680K), 0.0451210 secs] [Times: user=0.08 sys=0.00, real=0.04 secs] 
2016-02-22T19:10:46.363+0800: 607643.077: [GC [PSYoungGen: 1376800K->16032K(1379456K)] 3962837K->2602374K(4175680K), 0.0406130 secs] [Times: user=0.09 sys=0.00, real=0.04 secs] 
2016-02-22T19:11:53.450+0800: 607710.164: [GC [PSYoungGen: 1376864K->16576K(1379200K)] 3963206K->2603162K(4175424K), 0.0420120 secs] [Times: user=0.08 sys=0.00, real=0.05 secs] 
2016-02-22T19:12:58.953+0800: 607775.668: [GC [PSYoungGen: 1377152K->14736K(1379328K)] 3963738K->2601569K(4175552K), 0.0416020 secs] [Times: user=0.08 sys=0.00, real=0.04 secs] 
2016-02-22T19:14:08.794+0800: 607845.508: [GC [PSYoungGen: 1375312K->15280K(1379840K)] 3962145K->2602462K(4176064K), 0.0430630 secs] [Times: user=0.07 sys=0.00, real=0.05 secs] 
2016-02-22T19:15:09.045+0800: 607905.759: [GC [PSYoungGen: 1376560K->14656K(1379520K)] 3963742K->2601918K(4175744K), 0.0362420 secs] [Times: user=0.08 sys=0.00, real=0.04 secs] 
2016-02-22T19:16:15.088+0800: 607971.802: [GC [PSYoungGen: 1375936K->14784K(1380224K)] 3963198K->2602407K(4176448K), 0.0380590 secs] [Times: user=0.08 sys=0.00, real=0.04 secs] 
2016-02-22T19:17:23.130+0800: 608039.844: [GC [PSYoungGen: 1376960K->14240K(1380032K)] 3964583K->2602223K(4176256K), 0.0361810 secs] [Times: user=0.07 sys=0.00, real=0.04 secs] 
2016-02-22T19:18:29.791+0800: 608106.505: [GC [PSYoungGen: 1376416K->15840K(1380352K)] 3964399K->2604120K(4176576K), 0.0479280 secs] [Times: user=0.10 sys=0.00, real=0.04 secs] 
2016-02-22T19:19:43.143+0800: 608179.857: [GC [PSYoungGen: 1378464K->16544K(1379200K)] 3966744K->2604949K(4175424K), 0.0379230 secs] [Times: user=0.08 sys=0.00, real=0.04 secs] 
2016-02-22T19:20:47.404+0800: 608244.118: [GC [PSYoungGen: 1379168K->15952K(1380096K)] 3967573K->2604713K(4176320K), 0.0471980 secs] [Times: user=0.08 sys=0.00, real=0.05 secs] 
2016-02-22T19:21:48.692+0800: 608305.406: [GC [PSYoungGen: 1377346K->17377K(1379520K)] 3966108K->2606431K(4175744K), 0.0529750 secs] [Times: user=0.08 sys=0.01, real=0.06 secs] 
2016-02-22T19:22:53.508+0800: 608370.223: [GC [PSYoungGen: 1379489K->15792K(1379840K)] 3968543K->2604969K(4176064K), 0.0409780 secs] [Times: user=0.08 sys=0.00, real=0.04 secs] 
2016-02-22T19:23:59.577+0800: 608436.292: [GC [PSYoungGen: 1377136K->15072K(1379584K)] 3966313K->2604373K(4175808K), 0.0470910 secs] [Times: user=0.10 sys=0.00, real=0.04 secs] 
2016-02-22T19:24:57.370+0800: 608494.084: [GC [PSYoungGen: 1376416K->15840K(1380160K)] 3965717K->2605373K(4176384K), 0.0427160 secs] [Times: user=0.07 sys=0.00, real=0.04 secs] 
2016-02-22T19:25:54.640+0800: 608551.354: [GC [PSYoungGen: 1377888K->14976K(1379968K)] 3967421K->2604861K(4176192K), 0.0415260 secs] [Times: user=0.09 sys=0.00, real=0.04 secs] 
2016-02-22T19:27:03.784+0800: 608620.498: [GC [PSYoungGen: 1377024K->17761K(1378752K)] 3966909K->2607959K(4174976K), 0.0411510 secs] [Times: user=0.07 sys=0.00, real=0.04 secs] 
2016-02-22T19:28:09.546+0800: 608686.260: [GC [PSYoungGen: 1378721K->16272K(1379520K)] 3968919K->2606911K(4175744K), 0.0393440 secs] [Times: user=0.08 sys=0.00, real=0.04 secs] 
2016-02-22T19:29:06.506+0800: 608743.221: [GC [PSYoungGen: 1377232K->16275K(1379712K)] 3967871K->2607279K(4175936K), 0.0375980 secs] [Times: user=0.07 sys=0.00, real=0.04 secs] 
2016-02-22T19:30:03.860+0800: 608800.574: [GC [PSYoungGen: 1377555K->14929K(1379648K)] 3968559K->2606080K(4175872K), 0.0378040 secs] [Times: user=0.07 sys=0.01, real=0.04 secs] 
2016-02-22T19:31:01.308+0800: 608858.022: [GC [PSYoungGen: 1376209K->15840K(1380032K)] 3967360K->2607473K(4176256K), 0.0435440 secs] [Times: user=0.08 sys=0.00, real=0.04 secs] 
2016-02-22T19:32:00.220+0800: 608916.934: [GC [PSYoungGen: 1377632K->15680K(1379840K)] 3969265K->2607749K(4176064K), 0.0383710 secs] [Times: user=0.07 sys=0.01, real=0.04 secs] 
2016-02-22T19:33:04.847+0800: 608981.561: [GC [PSYoungGen: 1377472K->15456K(1380416K)] 3969541K->2607649K(4176640K), 0.0419880 secs] [Times: user=0.08 sys=0.00, real=0.04 secs] 
2016-02-22T19:34:10.239+0800: 609046.953: [GC [PSYoungGen: 1378016K->16160K(1380224K)] 3970209K->2608578K(4176448K), 0.0413900 secs] [Times: user=0.08 sys=0.00, real=0.05 secs] 
2016-02-22T19:35:05.794+0800: 609102.508: [GC [PSYoungGen: 1378720K->13696K(1380032K)] 3971138K->2606678K(4176256K), 0.0326660 secs] [Times: user=0.06 sys=0.01, real=0.03 secs] 
2016-02-22T19:36:06.566+0800: 609163.281: [GC [PSYoungGen: 1376064K->14032K(1380224K)] 3969046K->2607151K(4176448K), 0.0354160 secs] [Times: user=0.08 sys=0.00, real=0.03 secs] 
2016-02-22T19:37:13.744+0800: 609230.458: [GC [PSYoungGen: 1376400K->16209K(1380096K)] 3969519K->2609439K(4176320K), 0.0455130 secs] [Times: user=0.09 sys=0.00, real=0.05 secs] 
2016-02-22T19:38:15.672+0800: 609292.386: [GC [PSYoungGen: 1378449K->15888K(1380160K)] 3971679K->2609464K(4176384K), 0.0371230 secs] [Times: user=0.08 sys=0.00, real=0.04 secs] 
2016-02-22T19:39:15.328+0800: 609352.042: [GC [PSYoungGen: 1378128K->16224K(1380160K)] 3971704K->2610244K(4176384K), 0.0453950 secs] [Times: user=0.10 sys=0.00, real=0.05 secs] 
2016-02-22T19:40:16.131+0800: 609412.845: [GC [PSYoungGen: 1378592K->15840K(1380224K)] 3972612K->2610024K(4176448K), 0.0380480 secs] [Times: user=0.07 sys=0.00, real=0.04 secs] 
2016-02-22T19:41:10.989+0800: 609467.703: [GC [PSYoungGen: 1378208K->15568K(1380544K)] 3972392K->2610173K(4176768K), 0.0400280 secs] [Times: user=0.07 sys=0.00, real=0.04 secs] 
2016-02-22T19:42:01.828+0800: 609518.543: [GC [PSYoungGen: 1378384K->14592K(1380352K)] 3972989K->2609441K(4176576K), 0.0460070 secs] [Times: user=0.09 sys=0.00, real=0.05 secs] 
2016-02-22T19:42:53.776+0800: 609570.491: [GC [PSYoungGen: 1377408K->15008K(1380672K)] 3972257K->2610053K(4176896K), 0.0470420 secs] [Times: user=0.09 sys=0.00, real=0.04 secs] 
2016-02-22T19:43:50.781+0800: 609627.495: [GC [PSYoungGen: 1378144K->16434K(1379584K)] 3973189K->2611640K(4175808K), 0.0425490 secs] [Times: user=0.09 sys=0.00, real=0.04 secs] 
2016-02-22T19:44:40.737+0800: 609677.452: [GC [PSYoungGen: 1379570K->14976K(1380608K)] 3974776K->2610566K(4176832K), 0.0477500 secs] [Times: user=0.09 sys=0.00, real=0.05 secs] 
2016-02-22T19:45:29.840+0800: 609726.554: [GC [PSYoungGen: 1377984K->14512K(1380480K)] 3973574K->2610514K(4176704K), 0.0360740 secs] [Times: user=0.07 sys=0.00, real=0.04 secs] 
2016-02-22T19:46:27.707+0800: 609784.421: [GC [PSYoungGen: 1377520K->15552K(1380800K)] 3973522K->2611691K(4177024K), 0.0392990 secs] [Times: user=0.07 sys=0.00, real=0.04 secs] 
2016-02-22T19:47:25.283+0800: 609841.997: [GC [PSYoungGen: 1378880K->16400K(1380608K)] 3975019K->2612808K(4176832K), 0.0397520 secs] [Times: user=0.07 sys=0.00, real=0.04 secs] 
2016-02-22T19:48:23.391+0800: 609900.105: [GC [PSYoungGen: 1379728K->15729K(1380736K)] 3976136K->2612381K(4176960K), 0.0445230 secs] [Times: user=0.08 sys=0.00, real=0.04 secs] 
2016-02-22T19:49:16.336+0800: 609953.051: [GC [PSYoungGen: 1378993K->14768K(1380608K)] 3975645K->2611757K(4176832K), 0.0347590 secs] [Times: user=0.07 sys=0.00, real=0.03 secs] 
2016-02-22T19:50:08.357+0800: 610005.071: [GC [PSYoungGen: 1378032K->12928K(1380352K)] 3975021K->2610142K(4176576K), 0.0366900 secs] [Times: user=0.08 sys=0.00, real=0.04 secs] 
2016-02-22T19:51:01.024+0800: 610057.739: [GC [PSYoungGen: 1375936K->14045K(1380544K)] 3973150K->2611415K(4176768K), 0.0411010 secs] [Times: user=0.09 sys=0.00, real=0.04 secs] 
2016-02-22T19:51:52.786+0800: 610109.500: [GC [PSYoungGen: 1377053K->13062K(1380288K)] 3974423K->2610680K(4176512K), 0.0416150 secs] [Times: user=0.09 sys=0.00, real=0.04 secs] 
2016-02-22T19:52:51.640+0800: 610168.355: [GC [PSYoungGen: 1375814K->17587K(1380352K)] 3973432K->2615365K(4176576K), 0.0425950 secs] [Times: user=0.08 sys=0.00, real=0.04 secs] 
2016-02-22T19:53:51.483+0800: 610228.198: [GC [PSYoungGen: 1380339K->16730K(1378560K)] 3978117K->2614836K(4174784K), 0.0402190 secs] [Times: user=0.08 sys=0.00, real=0.04 secs] 
2016-02-22T19:54:47.033+0800: 610283.748: [GC [PSYoungGen: 1377562K->15360K(1379456K)] 3975668K->2613767K(4175680K), 0.0403650 secs] [Times: user=0.07 sys=0.00, real=0.04 secs] 
2016-02-22T19:55:43.585+0800: 610340.300: [GC [PSYoungGen: 1376192K->15872K(1379840K)] 3974599K->2614559K(4176064K), 0.0525260 secs] [Times: user=0.12 sys=0.00, real=0.05 secs] 
2016-02-22T19:56:42.226+0800: 610398.940: [GC [PSYoungGen: 1377408K->15504K(1379776K)] 3976095K->2614432K(4176000K), 0.0399440 secs] [Times: user=0.08 sys=0.00, real=0.04 secs] 
2016-02-22T19:57:35.264+0800: 610451.979: [GC [PSYoungGen: 1377040K->14832K(1380224K)] 3975968K->2614004K(4176448K), 0.0418980 secs] [Times: user=0.08 sys=0.00, real=0.04 secs] 
2016-02-22T19:58:28.422+0800: 610505.136: [GC [PSYoungGen: 1377072K->16176K(1380096K)] 3976244K->2615581K(4176320K), 0.0392500 secs] [Times: user=0.08 sys=0.00, real=0.04 secs] 
2016-02-22T19:59:21.818+0800: 610558.533: [GC [PSYoungGen: 1378416K->15520K(1380416K)] 3977821K->2615120K(4176640K), 0.0368470 secs] [Times: user=0.07 sys=0.00, real=0.03 secs] 
2016-02-22T20:00:13.973+0800: 610610.688: [GC [PSYoungGen: 1378016K->15584K(1380160K)] 3977616K->2615356K(4176384K), 0.0403330 secs] [Times: user=0.08 sys=0.00, real=0.04 secs] 
2016-02-22T20:01:07.747+0800: 610664.461: [GC [PSYoungGen: 1378080K->16240K(1380416K)] 3977852K->2616233K(4176640K), 0.0393170 secs] [Times: user=0.08 sys=0.00, real=0.04 secs] 
2016-02-22T20:02:08.932+0800: 610725.646: [GC [PSYoungGen: 1379120K->16960K(1379904K)] 3979113K->2617197K(4176128K), 0.0400790 secs] [Times: user=0.07 sys=0.00, real=0.04 secs] 
2016-02-22T20:02:58.743+0800: 610775.457: [GC [PSYoungGen: 1379840K->13744K(1379904K)] 3980077K->2614265K(4176128K), 0.0388350 secs] [Times: user=0.08 sys=0.00, real=0.04 secs] 
2016-02-22T20:03:55.655+0800: 610832.369: [GC [PSYoungGen: 1375728K->16096K(1380032K)] 3976249K->2616850K(4176256K), 0.0453550 secs] [Times: user=0.08 sys=0.00, real=0.05 secs] 
2016-02-22T20:04:41.347+0800: 610878.062: [GC [PSYoungGen: 1378080K->14256K(1380096K)] 3978834K->2615255K(4176320K), 0.0360640 secs] [Times: user=0.08 sys=0.00, real=0.03 secs] 
2016-02-22T20:05:29.413+0800: 610926.127: [GC [PSYoungGen: 1376304K->16256K(1380032K)] 3977303K->2617580K(4176256K), 0.0401260 secs] [Times: user=0.08 sys=0.00, real=0.04 secs] 
2016-02-22T20:06:23.910+0800: 610980.624: [GC [PSYoungGen: 1378304K->15872K(1380160K)] 3979628K->2617588K(4176384K), 0.0398060 secs] [Times: user=0.07 sys=0.00, real=0.04 secs] 
2016-02-22T20:07:16.382+0800: 611033.096: [GC [PSYoungGen: 1377984K->16368K(1380032K)] 3979700K->2618389K(4176256K), 0.0395110 secs] [Times: user=0.09 sys=0.00, real=0.04 secs] 
2016-02-22T20:08:12.252+0800: 611088.967: [GC [PSYoungGen: 1378480K->14688K(1380160K)] 3980501K->2616997K(4176384K), 0.0405950 secs] [Times: user=0.08 sys=0.00, real=0.04 secs] 
2016-02-22T20:09:11.241+0800: 611147.955: [GC [PSYoungGen: 1376864K->16352K(1380096K)] 3979173K->2619062K(4176320K), 0.0411360 secs] [Times: user=0.08 sys=0.00, real=0.04 secs] 
2016-02-22T20:10:07.105+0800: 611203.820: [GC [PSYoungGen: 1378528K->16240K(1380096K)] 3981238K->2619293K(4176320K), 0.0379850 secs] [Times: user=0.07 sys=0.00, real=0.03 secs] 
2016-02-22T20:10:57.744+0800: 611254.458: [GC [PSYoungGen: 1378352K->14144K(1376320K)] 3981405K->2617465K(4172544K), 0.0364870 secs] [Times: user=0.06 sys=0.00, real=0.04 secs] 
2016-02-22T20:11:52.464+0800: 611309.179: [GC [PSYoungGen: 1376256K->16800K(1379648K)] 3979577K->2620336K(4175872K), 0.0407550 secs] [Times: user=0.08 sys=0.00, real=0.04 secs] 
2016-02-22T20:12:44.427+0800: 611361.141: [GC [PSYoungGen: 1378400K->15584K(1379840K)] 3981936K->2619384K(4176064K), 0.0383800 secs] [Times: user=0.08 sys=0.00, real=0.04 secs] 
2016-02-22T20:13:39.331+0800: 611416.045: [GC [PSYoungGen: 1377184K->16208K(1380096K)] 3980984K->2620285K(4176320K), 0.0483170 secs] [Times: user=0.09 sys=0.00, real=0.05 secs] 
2016-02-22T20:14:31.959+0800: 611468.674: [GC [PSYoungGen: 1378320K->17312K(1379456K)] 3982397K->2621906K(4175680K), 0.0539840 secs] [Times: user=0.09 sys=0.00, real=0.06 secs] 
2016-02-22T20:15:17.415+0800: 611514.130: [GC [PSYoungGen: 1379424K->14448K(1379712K)] 3984018K->2619299K(4175936K), 0.0356170 secs] [Times: user=0.08 sys=0.00, real=0.04 secs] 
2016-02-22T20:16:09.002+0800: 611565.716: [GC [PSYoungGen: 1375792K->16240K(1379712K)] 3980643K->2621487K(4175936K), 0.0384570 secs] [Times: user=0.08 sys=0.00, real=0.04 secs] 
2016-02-22T20:17:09.431+0800: 611626.146: [GC [PSYoungGen: 1377584K->15104K(1379904K)] 3982831K->2620559K(4176128K), 0.0362960 secs] [Times: user=0.07 sys=0.00, real=0.04 secs] 
2016-02-22T20:18:02.096+0800: 611678.811: [GC [PSYoungGen: 1376704K->14976K(1379776K)] 3982159K->2620691K(4176000K), 0.0365380 secs] [Times: user=0.08 sys=0.00, real=0.03 secs] 
2016-02-22T20:18:58.464+0800: 611735.179: [GC [PSYoungGen: 1376576K->16017K(1380160K)] 3982291K->2621969K(4176384K), 0.0387850 secs] [Times: user=0.08 sys=0.00, real=0.04 secs] 
2016-02-22T20:19:53.720+0800: 611790.434: [GC [PSYoungGen: 1378129K->15168K(1380032K)] 3984081K->2621521K(4176256K), 0.0388920 secs] [Times: user=0.07 sys=0.01, real=0.04 secs] 
2016-02-22T20:20:51.777+0800: 611848.492: [GC [PSYoungGen: 1377280K->15536K(1380480K)] 3983633K->2622290K(4176704K), 0.0473420 secs] [Times: user=0.09 sys=0.00, real=0.05 secs] 
2016-02-22T20:21:47.521+0800: 611904.236: [GC [PSYoungGen: 1378224K->15520K(1380288K)] 3984978K->2622457K(4176512K), 0.0407830 secs] [Times: user=0.07 sys=0.00, real=0.04 secs] 
2016-02-22T20:22:40.704+0800: 611957.418: [GC [PSYoungGen: 1378208K->15664K(1380800K)] 3985145K->2622894K(4177024K), 0.0376130 secs] [Times: user=0.07 sys=0.00, real=0.04 secs] 
2016-02-22T20:23:37.666+0800: 612014.381: [GC [PSYoungGen: 1379056K->17274K(1380672K)] 3986286K->2625625K(4176896K), 0.0481580 secs] [Times: user=0.10 sys=0.00, real=0.04 secs] 
2016-02-22T20:24:30.491+0800: 612067.206: [GC [PSYoungGen: 1380666K->17392K(1378368K)] 3989017K->2626028K(4174592K), 0.0512450 secs] [Times: user=0.10 sys=0.00, real=0.06 secs] 
2016-02-22T20:25:20.889+0800: 612117.604: [GC [PSYoungGen: 1378352K->15408K(1379520K)] 3986988K->2624348K(4175744K), 0.0412170 secs] [Times: user=0.08 sys=0.00, real=0.04 secs] 
2016-02-22T20:26:10.013+0800: 612166.727: [GC [PSYoungGen: 1376368K->15152K(1379712K)] 3985308K->2624380K(4175936K), 0.0458760 secs] [Times: user=0.10 sys=0.00, real=0.05 secs] 
2016-02-22T20:27:03.965+0800: 612220.679: [GC [PSYoungGen: 1376432K->14704K(1379648K)] 3985660K->2624061K(4175872K), 0.0407440 secs] [Times: user=0.08 sys=0.00, real=0.04 secs] 
2016-02-22T20:28:02.990+0800: 612279.704: [GC [PSYoungGen: 1375984K->17793K(1378752K)] 3985341K->2627270K(4174976K), 0.0463600 secs] [Times: user=0.10 sys=0.00, real=0.05 secs] 
2016-02-22T20:28:56.544+0800: 612333.259: [GC [PSYoungGen: 1378241K->16992K(1377472K)] 3987718K->2626890K(4173696K), 0.0389310 secs] [Times: user=0.07 sys=0.00, real=0.03 secs] 
2016-02-22T20:29:54.156+0800: 612390.870: [GC [PSYoungGen: 1377440K->15616K(1379392K)] 3987338K->2625810K(4175616K), 0.0421120 secs] [Times: user=0.08 sys=0.01, real=0.04 secs] 
2016-02-22T20:30:46.846+0800: 612443.561: [GC [PSYoungGen: 1376128K->15648K(1379200K)] 3986322K->2625938K(4175424K), 0.0377780 secs] [Times: user=0.07 sys=0.00, real=0.04 secs] 
2016-02-22T20:31:40.094+0800: 612496.808: [GC [PSYoungGen: 1376160K->15744K(1379776K)] 3986450K->2626327K(4176000K), 0.0422310 secs] [Times: user=0.07 sys=0.00, real=0.04 secs] 
2016-02-22T20:32:28.581+0800: 612545.295: [GC [PSYoungGen: 1377024K->13088K(1374400K)] 3987607K->2623951K(4170624K), 0.0424010 secs] [Times: user=0.08 sys=0.00, real=0.04 secs] 
2016-02-22T20:33:19.751+0800: 612596.465: [GC [PSYoungGen: 1374368K->16528K(1379520K)] 3985231K->2627559K(4175744K), 0.0413570 secs] [Times: user=0.08 sys=0.00, real=0.04 secs] 
2016-02-22T20:34:12.501+0800: 612649.215: [GC [PSYoungGen: 1377488K->15360K(1379520K)] 3988519K->2626587K(4175744K), 0.0456560 secs] [Times: user=0.09 sys=0.00, real=0.05 secs] 
2016-02-22T20:35:03.863+0800: 612700.577: [GC [PSYoungGen: 1376320K->15440K(1379904K)] 3987547K->2626868K(4176128K), 0.0432470 secs] [Times: user=0.08 sys=0.00, real=0.04 secs] 
2016-02-22T20:35:56.966+0800: 612753.681: [GC [PSYoungGen: 1376976K->16720K(1379712K)] 3988404K->2628412K(4175936K), 0.0390550 secs] [Times: user=0.07 sys=0.00, real=0.04 secs] 
2016-02-22T20:36:54.614+0800: 612811.329: [GC [PSYoungGen: 1378256K->16897K(1379520K)] 3989948K->2628945K(4175744K), 0.0406060 secs] [Times: user=0.08 sys=0.00, real=0.04 secs] 
2016-02-22T20:37:42.436+0800: 612859.151: [GC [PSYoungGen: 1378113K->14864K(1379648K)] 3990161K->2627286K(4175872K), 0.0351070 secs] [Times: user=0.07 sys=0.00, real=0.03 secs] 
2016-02-22T20:38:25.945+0800: 612902.659: [GC [PSYoungGen: 1376080K->14304K(1379712K)] 3988502K->2626930K(4175936K), 0.0406790 secs] [Times: user=0.08 sys=0.00, real=0.04 secs] 
2016-02-22T20:39:21.999+0800: 612958.713: [GC [PSYoungGen: 1375648K->17936K(1379328K)] 3988274K->2630875K(4175552K), 0.0440350 secs] [Times: user=0.09 sys=0.00, real=0.04 secs] 
2016-02-22T20:40:14.088+0800: 613010.802: [GC [PSYoungGen: 1379280K->16752K(1378816K)] 3992219K->2630022K(4175040K), 0.0387500 secs] [Times: user=0.08 sys=0.00, real=0.04 secs] 
2016-02-22T20:41:02.462+0800: 613059.176: [GC [PSYoungGen: 1376816K->13536K(1373632K)] 3990086K->2627206K(4169856K), 0.0346520 secs] [Times: user=0.07 sys=0.00, real=0.03 secs] 
2016-02-22T20:41:50.431+0800: 613107.145: [GC [PSYoungGen: 1373600K->16224K(1379136K)] 3987270K->2630042K(4175360K), 0.0400130 secs] [Times: user=0.08 sys=0.00, real=0.04 secs] 
2016-02-22T20:42:45.342+0800: 613162.057: [GC [PSYoungGen: 1376288K->18864K(1378944K)] 3990106K->2632971K(4175168K), 0.0414230 secs] [Times: user=0.07 sys=0.01, real=0.05 secs] 
2016-02-22T20:43:30.127+0800: 613206.841: [GC [PSYoungGen: 1378928K->14704K(1377920K)] 3993035K->2629231K(4174144K), 0.0352170 secs] [Times: user=0.07 sys=0.00, real=0.04 secs] 
2016-02-22T20:44:16.609+0800: 613253.324: [GC [PSYoungGen: 1373488K->17088K(1375936K)] 3988015K->2631863K(4172160K), 0.0412810 secs] [Times: user=0.08 sys=0.00, real=0.04 secs] 
2016-02-22T20:44:58.414+0800: 613295.128: [GC [PSYoungGen: 1375872K->15264K(1378624K)] 3990647K->2630251K(4174848K), 0.0385350 secs] [Times: user=0.08 sys=0.00, real=0.04 secs] 
2016-02-22T20:45:45.079+0800: 613341.794: [GC [PSYoungGen: 1374176K->16688K(1378368K)] 3989163K->2631952K(4174592K), 0.0437780 secs] [Times: user=0.09 sys=0.00, real=0.05 secs] 
2016-02-22T20:46:38.660+0800: 613395.375: [GC [PSYoungGen: 1375600K->17712K(1378176K)] 3990864K->2633228K(4174400K), 0.0493880 secs] [Times: user=0.10 sys=0.00, real=0.05 secs] 
2016-02-22T20:47:22.960+0800: 613439.674: [GC [PSYoungGen: 1376496K->13776K(1372608K)] 3992012K->2629428K(4168832K), 0.0348400 secs] [Times: user=0.07 sys=0.00, real=0.03 secs] 
2016-02-22T20:48:08.739+0800: 613485.454: [GC [PSYoungGen: 1372560K->16560K(1378496K)] 3988212K->2632358K(4174720K), 0.0394210 secs] [Times: user=0.08 sys=0.00, real=0.04 secs] 
2016-02-22T20:48:55.731+0800: 613532.446: [GC [PSYoungGen: 1375280K->14896K(1378304K)] 3991078K->2630839K(4174528K), 0.0430460 secs] [Times: user=0.08 sys=0.00, real=0.04 secs] 
2016-02-22T20:49:51.417+0800: 613588.131: [GC [PSYoungGen: 1373616K->16880K(1378624K)] 3989559K->2632996K(4174848K), 0.0394330 secs] [Times: user=0.08 sys=0.00, real=0.04 secs] 
2016-02-22T20:50:29.811+0800: 613626.526: [GC [PSYoungGen: 1376048K->13952K(1378624K)] 3992164K->2630348K(4174848K), 0.0355410 secs] [Times: user=0.08 sys=0.00, real=0.04 secs] 
2016-02-22T20:51:18.180+0800: 613674.894: [GC [PSYoungGen: 1373120K->17472K(1378112K)] 3989516K->2634185K(4174336K), 0.0420940 secs] [Times: user=0.08 sys=0.00, real=0.04 secs] 
2016-02-22T20:52:07.887+0800: 613724.602: [GC [PSYoungGen: 1376128K->16720K(1378368K)] 3992841K->2633858K(4174592K), 0.0406470 secs] [Times: user=0.08 sys=0.00, real=0.05 secs] 
2016-02-22T20:52:54.641+0800: 613771.355: [GC [PSYoungGen: 1375376K->15408K(1378688K)] 3992514K->2632879K(4174912K), 0.0352570 secs] [Times: user=0.07 sys=0.00, real=0.04 secs] 
2016-02-22T20:53:43.699+0800: 613820.413: [GC [PSYoungGen: 1374512K->16864K(1378496K)] 3991983K->2634731K(4174720K), 0.0494670 secs] [Times: user=0.09 sys=0.00, real=0.05 secs] 
2016-02-22T20:54:31.636+0800: 613868.351: [GC [PSYoungGen: 1375968K->16448K(1378880K)] 3993835K->2634683K(4175104K), 0.0384710 secs] [Times: user=0.08 sys=0.00, real=0.04 secs] 
2016-02-22T20:55:17.338+0800: 613914.053: [GC [PSYoungGen: 1376000K->16144K(1378752K)] 3994235K->2634755K(4174976K), 0.0370840 secs] [Times: user=0.08 sys=0.00, real=0.03 secs] 
2016-02-22T20:55:59.543+0800: 613956.258: [GC [PSYoungGen: 1375696K->13984K(1379072K)] 3994307K->2632811K(4175296K), 0.0435120 secs] [Times: user=0.08 sys=0.00, real=0.05 secs] 
2016-02-22T20:56:46.909+0800: 614003.623: [GC [PSYoungGen: 1374176K->17392K(1377600K)] 3993003K->2636432K(4173824K), 0.0415800 secs] [Times: user=0.07 sys=0.00, real=0.04 secs] 
2016-02-22T20:57:32.632+0800: 614049.346: [GC [PSYoungGen: 1377584K->16416K(1379072K)] 3996624K->2635725K(4175296K), 0.0404100 secs] [Times: user=0.08 sys=0.00, real=0.04 secs] 
2016-02-22T20:58:23.968+0800: 614100.682: [GC [PSYoungGen: 1376288K->16848K(1378880K)] 3995597K->2636865K(4175104K), 0.0414120 secs] [Times: user=0.08 sys=0.00, real=0.04 secs] 
2016-02-22T20:59:18.306+0800: 614155.021: [GC [PSYoungGen: 1376720K->17376K(1378688K)] 3996737K->2637554K(4174912K), 0.0395540 secs] [Times: user=0.08 sys=0.00, real=0.04 secs] 
2016-02-22T21:00:04.766+0800: 614201.480: [GC [PSYoungGen: 1377056K->16240K(1378880K)] 3997234K->2636608K(4175104K), 0.0466300 secs] [Times: user=0.10 sys=0.01, real=0.05 secs] 
2016-02-22T21:00:49.058+0800: 614245.773: [GC [PSYoungGen: 1375920K->16160K(1379392K)] 3996288K->2636800K(4175616K), 0.0430500 secs] [Times: user=0.08 sys=0.00, real=0.04 secs] 
2016-02-22T21:01:30.199+0800: 614286.913: [GC [PSYoungGen: 1376608K->16536K(1379136K)] 3997248K->2637387K(4175360K), 0.0345960 secs] [Times: user=0.08 sys=0.00, real=0.04 secs] 
2016-02-22T21:02:04.545+0800: 614321.259: [GC [PSYoungGen: 1376984K->11904K(1378496K)] 3997835K->2632962K(4174720K), 0.0335100 secs] [Times: user=0.07 sys=0.00, real=0.03 secs] 
2016-02-22T21:02:43.966+0800: 614360.681: [GC [PSYoungGen: 1371840K->14592K(1379008K)] 3992898K->2635742K(4175232K), 0.0376070 secs] [Times: user=0.08 sys=0.00, real=0.04 secs] 
2016-02-22T21:03:22.943+0800: 614399.657: [GC [PSYoungGen: 1374528K->15713K(1379456K)] 3995678K->2636971K(4175680K), 0.0381370 secs] [Times: user=0.07 sys=0.00, real=0.04 secs] 
2016-02-22T21:04:05.502+0800: 614442.216: [GC [PSYoungGen: 1376225K->16608K(1379136K)] 3997483K->2638244K(4175360K), 0.0401800 secs] [Times: user=0.08 sys=0.00, real=0.04 secs] 
2016-02-22T21:04:44.514+0800: 614481.228: [GC [PSYoungGen: 1377120K->17619K(1378624K)] 3998756K->2639612K(4174848K), 0.0392250 secs] [Times: user=0.09 sys=0.00, real=0.04 secs] 
2016-02-22T21:05:25.915+0800: 614522.629: [GC [PSYoungGen: 1377555K->14192K(1379008K)] 3999548K->2636396K(4175232K), 0.0403870 secs] [Times: user=0.09 sys=0.00, real=0.04 secs] 
2016-02-22T21:06:04.658+0800: 614561.372: [GC [PSYoungGen: 1374128K->16064K(1379264K)] 3996332K->2638588K(4175488K), 0.0399310 secs] [Times: user=0.09 sys=0.00, real=0.04 secs] 
2016-02-22T21:06:46.817+0800: 614603.531: [GC [PSYoungGen: 1376256K->18384K(1378624K)] 3998780K->2641173K(4174848K), 0.0541000 secs] [Times: user=0.10 sys=0.01, real=0.05 secs] 
2016-02-22T21:07:27.288+0800: 614644.002: [GC [PSYoungGen: 1378576K->15056K(1378752K)] 4001365K->2638069K(4174976K), 0.0447520 secs] [Times: user=0.09 sys=0.01, real=0.04 secs] 
2016-02-22T21:08:10.188+0800: 614686.902: [GC [PSYoungGen: 1374352K->18320K(1377664K)] 3997365K->2641513K(4173888K), 0.0478220 secs] [Times: user=0.08 sys=0.00, real=0.05 secs] 
2016-02-22T21:08:47.638+0800: 614724.352: [GC [PSYoungGen: 1377616K->17408K(1378112K)] 4000809K->2640805K(4174336K), 0.0414000 secs] [Times: user=0.07 sys=0.00, real=0.04 secs] 
2016-02-22T21:09:20.773+0800: 614757.487: [GC [PSYoungGen: 1375680K->16448K(1378176K)] 3999077K->2640214K(4174400K), 0.0426480 secs] [Times: user=0.08 sys=0.00, real=0.04 secs] 
2016-02-22T21:09:57.020+0800: 614793.735: [GC [PSYoungGen: 1374720K->17440K(1378304K)] 3998486K->2641447K(4174528K), 0.0407280 secs] [Times: user=0.08 sys=0.00, real=0.04 secs] 
2016-02-22T21:10:38.372+0800: 614835.086: [GC [PSYoungGen: 1376096K->15680K(1378368K)] 4000103K->2639783K(4174592K), 0.0386390 secs] [Times: user=0.07 sys=0.00, real=0.04 secs] 
2016-02-22T21:11:14.639+0800: 614871.353: [GC [PSYoungGen: 1374336K->12576K(1377920K)] 3998439K->2636995K(4174144K), 0.0330340 secs] [Times: user=0.07 sys=0.00, real=0.03 secs] 
2016-02-22T21:11:51.307+0800: 614908.022: [GC [PSYoungGen: 1370976K->12848K(1371264K)] 3995395K->2637387K(4167488K), 0.0346870 secs] [Times: user=0.07 sys=0.00, real=0.03 secs] 
2016-02-22T21:12:29.443+0800: 614946.158: [GC [PSYoungGen: 1371248K->14736K(1378368K)] 3995787K->2639544K(4174592K), 0.0375650 secs] [Times: user=0.08 sys=0.00, real=0.04 secs] 
2016-02-22T21:13:04.017+0800: 614980.731: [GC [PSYoungGen: 1373072K->13762K(1378048K)] 3997880K->2638899K(4174272K), 0.0350400 secs] [Times: user=0.07 sys=0.00, real=0.04 secs] 
2016-02-22T21:13:42.204+0800: 615018.918: [GC [PSYoungGen: 1372098K->13792K(1378560K)] 3997235K->2639393K(4174784K), 0.0340030 secs] [Times: user=0.08 sys=0.00, real=0.04 secs] 
2016-02-22T21:14:21.344+0800: 615058.058: [GC [PSYoungGen: 1372704K->15792K(1378432K)] 3998305K->2641566K(4174656K), 0.0390880 secs] [Times: user=0.08 sys=0.00, real=0.04 secs] 
2016-02-22T21:14:59.165+0800: 615095.879: [GC [PSYoungGen: 1374704K->16256K(1378880K)] 4000478K->2642222K(4175104K), 0.0638600 secs] [Times: user=0.10 sys=0.00, real=0.06 secs] 
2016-02-22T21:15:34.748+0800: 615131.462: [GC [PSYoungGen: 1375872K->15248K(1378816K)] 4001838K->2641551K(4175040K), 0.0433590 secs] [Times: user=0.07 sys=0.00, real=0.04 secs] 
2016-02-22T21:16:21.549+0800: 615178.264: [GC [PSYoungGen: 1374864K->16688K(1378944K)] 4001167K->2643335K(4175168K), 0.0404480 secs] [Times: user=0.08 sys=0.00, real=0.04 secs] 
2016-02-22T21:17:01.242+0800: 615217.956: [GC [PSYoungGen: 1376752K->16011K(1379072K)] 4003399K->2642886K(4175296K), 0.0496880 secs] [Times: user=0.09 sys=0.00, real=0.05 secs] 
2016-02-22T21:17:40.796+0800: 615257.511: [GC [PSYoungGen: 1376075K->15744K(1379520K)] 4002950K->2642820K(4175744K), 0.0418250 secs] [Times: user=0.08 sys=0.00, real=0.04 secs] 
2016-02-22T21:18:19.003+0800: 615295.718: [GC [PSYoungGen: 1376384K->15680K(1379200K)] 4003460K->2643052K(4175424K), 0.0365710 secs] [Times: user=0.08 sys=0.00, real=0.04 secs] 
2016-02-22T21:18:59.074+0800: 615335.789: [GC [PSYoungGen: 1376320K->16384K(1379648K)] 4003692K->2644113K(4175872K), 0.0403680 secs] [Times: user=0.07 sys=0.00, real=0.04 secs] 
2016-02-22T21:19:39.027+0800: 615375.741: [GC [PSYoungGen: 1377728K->14768K(1379712K)] 4005457K->2642721K(4175936K), 0.0367440 secs] [Times: user=0.08 sys=0.00, real=0.03 secs] 
2016-02-22T21:20:16.675+0800: 615413.390: [GC [PSYoungGen: 1376112K->15008K(1380032K)] 4004065K->2643205K(4176256K), 0.0365680 secs] [Times: user=0.07 sys=0.00, real=0.04 secs] 
2016-02-22T21:20:47.757+0800: 615444.472: [GC [PSYoungGen: 1376800K->13802K(1379840K)] 4004997K->2642387K(4176064K), 0.0415670 secs] [Times: user=0.08 sys=0.00, real=0.04 secs] 
2016-02-22T21:21:29.211+0800: 615485.925: [GC [PSYoungGen: 1375594K->16672K(1379584K)] 4004179K->2645417K(4175808K), 0.0393180 secs] [Times: user=0.08 sys=0.00, real=0.04 secs] 
2016-02-22T21:22:14.003+0800: 615530.717: [GC [PSYoungGen: 1378144K->15472K(1379776K)] 4006889K->2644413K(4176000K), 0.0384100 secs] [Times: user=0.08 sys=0.00, real=0.04 secs] 
2016-02-22T21:22:55.136+0800: 615571.851: [GC [PSYoungGen: 1376944K->16000K(1380096K)] 4005885K->2645105K(4176320K), 0.0375010 secs] [Times: user=0.08 sys=0.00, real=0.04 secs] 
2016-02-22T21:23:36.674+0800: 615613.389: [GC [PSYoungGen: 1378048K->17952K(1380032K)] 4007153K->2647310K(4176256K), 0.0463290 secs] [Times: user=0.09 sys=0.00, real=0.05 secs] 
2016-02-22T21:24:16.088+0800: 615652.803: [GC [PSYoungGen: 1380000K->14784K(1378880K)] 4009358K->2644846K(4175104K), 0.0345490 secs] [Times: user=0.07 sys=0.00, real=0.03 secs] 
2016-02-22T21:24:57.942+0800: 615694.656: [GC [PSYoungGen: 1375616K->15504K(1379456K)] 4005678K->2645814K(4175680K), 0.0864860 secs] [Times: user=0.13 sys=0.00, real=0.09 secs] 
2016-02-22T21:25:38.712+0800: 615735.427: [GC [PSYoungGen: 1376336K->15168K(1379904K)] 4006646K->2645879K(4176128K), 0.0371560 secs] [Times: user=0.07 sys=0.00, real=0.03 secs] 
2016-02-22T21:26:18.092+0800: 615774.806: [GC [PSYoungGen: 1376704K->15472K(1379712K)] 4007415K->2646427K(4175936K), 0.0380210 secs] [Times: user=0.08 sys=0.00, real=0.04 secs] 
2016-02-22T21:27:01.673+0800: 615818.387: [GC [PSYoungGen: 1377008K->16432K(1379968K)] 4007963K->2647592K(4176192K), 0.0482100 secs] [Times: user=0.09 sys=0.00, real=0.05 secs] 
2016-02-22T21:27:42.335+0800: 615859.049: [GC [PSYoungGen: 1378416K->17728K(1379776K)] 4009576K->2649160K(4176000K), 0.0412760 secs] [Times: user=0.08 sys=0.00, real=0.04 secs] 
2016-02-22T21:28:23.499+0800: 615900.214: [GC [PSYoungGen: 1379712K->16768K(1379136K)] 4011144K->2648529K(4175360K), 0.0458420 secs] [Times: user=0.09 sys=0.00, real=0.05 secs] 
2016-02-22T21:29:03.933+0800: 615940.648: [GC [PSYoungGen: 1377600K->16128K(1379456K)] 4009361K->2648185K(4175680K), 0.0397010 secs] [Times: user=0.08 sys=0.00, real=0.04 secs] 
2016-02-22T21:29:46.328+0800: 615983.043: [GC [PSYoungGen: 1376960K->16960K(1379520K)] 4009017K->2649134K(4175744K), 0.0404860 secs] [Times: user=0.07 sys=0.01, real=0.04 secs] 
2016-02-22T21:30:25.115+0800: 616021.829: [GC [PSYoungGen: 1378048K->14560K(1375680K)] 4010222K->2647050K(4171904K), 0.0360700 secs] [Times: user=0.08 sys=0.00, real=0.03 secs] 
2016-02-22T21:31:13.024+0800: 616069.738: [GC [PSYoungGen: 1375648K->17040K(1379264K)] 4008138K->2649875K(4175488K), 0.0461410 secs] [Times: user=0.08 sys=0.01, real=0.04 secs] 
2016-02-22T21:31:54.864+0800: 616111.578: [GC [PSYoungGen: 1377744K->16528K(1379392K)] 4010579K->2649687K(4175616K), 0.0485560 secs] [Times: user=0.09 sys=0.00, real=0.05 secs] 
2016-02-22T21:32:35.309+0800: 616152.023: [GC [PSYoungGen: 1377232K->15056K(1379520K)] 4010391K->2648463K(4175744K), 0.0454460 secs] [Times: user=0.08 sys=0.00, real=0.04 secs] 
2016-02-22T21:33:18.575+0800: 616195.289: [GC [PSYoungGen: 1375952K->16672K(1379456K)] 4009359K->2650428K(4175680K), 0.0413370 secs] [Times: user=0.08 sys=0.00, real=0.04 secs] 
2016-02-22T21:34:02.933+0800: 616239.647: [GC [PSYoungGen: 1377568K->15744K(1379712K)] 4011324K->2649888K(4175936K), 0.0451920 secs] [Times: user=0.09 sys=0.00, real=0.04 secs] 
2016-02-22T21:34:46.894+0800: 616283.608: [GC [PSYoungGen: 1376896K->16768K(1379520K)] 4011040K->2651137K(4175744K), 0.0470090 secs] [Times: user=0.09 sys=0.00, real=0.05 secs] 
2016-02-22T21:35:24.294+0800: 616321.008: [GC [PSYoungGen: 1377920K->15248K(1379776K)] 4012289K->2649986K(4176000K), 0.0394470 secs] [Times: user=0.07 sys=0.00, real=0.04 secs] 
2016-02-22T21:36:03.042+0800: 616359.756: [GC [PSYoungGen: 1376656K->15232K(1379712K)] 4011394K->2650362K(4175936K), 0.0487910 secs] [Times: user=0.10 sys=0.00, real=0.05 secs] 
2016-02-22T21:36:44.238+0800: 616400.953: [GC [PSYoungGen: 1376640K->17344K(1379328K)] 4011770K->2652854K(4175552K), 0.0466140 secs] [Times: user=0.09 sys=0.00, real=0.05 secs] 
2016-02-22T21:37:22.893+0800: 616439.607: [GC [PSYoungGen: 1378432K->16912K(1378048K)] 4013942K->2652538K(4174272K), 0.0428830 secs] [Times: user=0.08 sys=0.00, real=0.04 secs] 
2016-02-22T21:38:02.688+0800: 616479.402: [GC [PSYoungGen: 1378000K->13888K(1379136K)] 4013626K->2649622K(4175360K), 0.0360120 secs] [Times: user=0.07 sys=0.00, real=0.04 secs] 
2016-02-22T21:38:42.725+0800: 616519.439: [GC [PSYoungGen: 1374464K->15520K(1379328K)] 4010198K->2651503K(4175552K), 0.0396200 secs] [Times: user=0.08 sys=0.00, real=0.04 secs] 
2016-02-22T21:39:20.990+0800: 616557.704: [GC [PSYoungGen: 1376096K->15424K(1379712K)] 4012079K->2651712K(4175936K), 0.0400470 secs] [Times: user=0.08 sys=0.00, real=0.04 secs] 
2016-02-22T21:40:01.611+0800: 616598.325: [GC [PSYoungGen: 1376640K->15200K(1379584K)] 4012928K->2651853K(4175808K), 0.0375540 secs] [Times: user=0.08 sys=0.00, real=0.04 secs] 
2016-02-22T21:40:45.231+0800: 616641.946: [GC [PSYoungGen: 1376416K->14688K(1379904K)] 4013069K->2651481K(4176128K), 0.0368670 secs] [Times: user=0.08 sys=0.00, real=0.04 secs] 
2016-02-22T21:41:18.845+0800: 616675.559: [GC [PSYoungGen: 1376352K->13824K(1379840K)] 4013145K->2650990K(4176064K), 0.0367930 secs] [Times: user=0.07 sys=0.00, real=0.03 secs] 
2016-02-22T21:41:55.769+0800: 616712.484: [GC [PSYoungGen: 1375488K->15527K(1380096K)] 4012654K->2652889K(4176320K), 0.0381720 secs] [Times: user=0.08 sys=0.00, real=0.04 secs] 
2016-02-22T21:42:36.195+0800: 616752.910: [GC [PSYoungGen: 1377383K->15936K(1379840K)] 4014745K->2653622K(4176064K), 0.0419170 secs] [Times: user=0.08 sys=0.00, real=0.05 secs] 
2016-02-22T21:43:17.315+0800: 616794.030: [GC [PSYoungGen: 1377792K->14816K(1380288K)] 4015478K->2652866K(4176512K), 0.0383440 secs] [Times: user=0.08 sys=0.00, real=0.04 secs] 
2016-02-22T21:43:57.462+0800: 616834.176: [GC [PSYoungGen: 1377184K->14528K(1380160K)] 4015234K->2652826K(4176384K), 0.0371220 secs] [Times: user=0.07 sys=0.01, real=0.04 secs] 
2016-02-22T21:44:37.079+0800: 616873.793: [GC [PSYoungGen: 1376896K->17056K(1379584K)] 4015194K->2655599K(4175808K), 0.0382090 secs] [Times: user=0.08 sys=0.00, real=0.04 secs] 
2016-02-22T21:45:12.170+0800: 616908.885: [GC [PSYoungGen: 1378912K->14144K(1379968K)] 4017455K->2652828K(4176192K), 0.0358620 secs] [Times: user=0.08 sys=0.00, real=0.03 secs] 
2016-02-22T21:45:50.327+0800: 616947.041: [GC [PSYoungGen: 1376000K->15264K(1380224K)] 4014684K->2654350K(4176448K), 0.0374390 secs] [Times: user=0.07 sys=0.00, real=0.04 secs] 
2016-02-22T21:46:28.839+0800: 616985.553: [GC [PSYoungGen: 1377376K->14656K(1379968K)] 4016462K->2653943K(4176192K), 0.0364850 secs] [Times: user=0.08 sys=0.01, real=0.04 secs] 
2016-02-22T21:47:10.391+0800: 617027.105: [GC [PSYoungGen: 1376768K->14400K(1380416K)] 4016055K->2654003K(4176640K), 0.0376750 secs] [Times: user=0.07 sys=0.00, real=0.04 secs] 
2016-02-22T21:47:49.124+0800: 617065.838: [GC [PSYoungGen: 1377088K->14704K(1380352K)] 4016691K->2654544K(4176576K), 0.0429360 secs] [Times: user=0.07 sys=0.01, real=0.04 secs] 
2016-02-22T21:48:28.228+0800: 617104.943: [GC [PSYoungGen: 1377392K->15024K(1380800K)] 4017232K->2655100K(4177024K), 0.0519940 secs] [Times: user=0.10 sys=0.00, real=0.05 secs] 
2016-02-22T21:49:05.189+0800: 617141.903: [GC [PSYoungGen: 1378352K->13344K(1380608K)] 4018428K->2653664K(4176832K), 0.0352120 secs] [Times: user=0.07 sys=0.00, real=0.04 secs] 
2016-02-22T21:49:46.164+0800: 617182.879: [GC [PSYoungGen: 1376672K->16864K(1379776K)] 4016992K->2657433K(4176000K), 0.0402070 secs] [Times: user=0.08 sys=0.01, real=0.04 secs] 
2016-02-22T21:50:21.897+0800: 617218.612: [GC [PSYoungGen: 1379232K->15264K(1380224K)] 4019801K->2656014K(4176448K), 0.0365980 secs] [Times: user=0.08 sys=0.00, real=0.04 secs] 
2016-02-22T21:51:00.775+0800: 617257.490: [GC [PSYoungGen: 1377632K->13424K(1380352K)] 4018382K->2654558K(4176576K), 0.0351470 secs] [Times: user=0.08 sys=0.00, real=0.04 secs] 
2016-02-22T21:51:38.702+0800: 617295.416: [GC [PSYoungGen: 1376176K->15440K(1380416K)] 4017310K->2656906K(4176640K), 0.0402490 secs] [Times: user=0.08 sys=0.00, real=0.04 secs] 
2016-02-22T21:52:13.138+0800: 617329.853: [GC [PSYoungGen: 1378192K->17072K(1379584K)] 4019658K->2658746K(4175808K), 0.0403500 secs] [Times: user=0.07 sys=0.00, real=0.04 secs] 
2016-02-22T21:52:48.933+0800: 617365.647: [GC [PSYoungGen: 1379056K->13888K(1380032K)] 4020730K->2655887K(4176256K), 0.0367350 secs] [Times: user=0.07 sys=0.01, real=0.04 secs] 
2016-02-22T21:53:23.397+0800: 617400.111: [GC [PSYoungGen: 1375872K->13968K(1380160K)] 4017871K->2656295K(4176384K), 0.0374020 secs] [Times: user=0.08 sys=0.00, real=0.03 secs] 
2016-02-22T21:53:58.092+0800: 617434.807: [GC [PSYoungGen: 1376080K->14528K(1380032K)] 4018407K->2657055K(4176256K), 0.0443450 secs] [Times: user=0.07 sys=0.01, real=0.05 secs] 
2016-02-22T21:54:42.758+0800: 617479.473: [GC [PSYoungGen: 1376640K->16256K(1379968K)] 4019167K->2658928K(4176192K), 0.0383570 secs] [Times: user=0.07 sys=0.00, real=0.04 secs] 
2016-02-22T21:55:20.626+0800: 617517.341: [GC [PSYoungGen: 1378496K->14784K(1380160K)] 4021168K->2657901K(4176384K), 0.0422030 secs] [Times: user=0.08 sys=0.00, real=0.04 secs] 
2016-02-22T21:56:05.048+0800: 617561.762: [GC [PSYoungGen: 1377024K->17696K(1378048K)] 4020141K->2662109K(4174272K), 0.0458050 secs] [Times: user=0.09 sys=0.00, real=0.04 secs] 
2016-02-22T21:56:40.354+0800: 617597.069: [GC [PSYoungGen: 1378016K->15040K(1379200K)] 4022429K->2659737K(4175424K), 0.0423940 secs] [Times: user=0.09 sys=0.00, real=0.05 secs] 
2016-02-22T21:57:20.277+0800: 617636.991: [GC [PSYoungGen: 1375360K->15824K(1379648K)] 4020057K->2660725K(4175872K), 0.0387500 secs] [Times: user=0.07 sys=0.00, real=0.04 secs] 
2016-02-22T21:58:00.569+0800: 617677.283: [GC [PSYoungGen: 1376848K->16930K(1377984K)] 4021749K->2662036K(4174208K), 0.0417630 secs] [Times: user=0.08 sys=0.00, real=0.04 secs] 
2016-02-22T21:58:38.050+0800: 617714.765: [GC [PSYoungGen: 1377954K->17056K(1378880K)] 4023060K->2662741K(4175104K), 0.0447570 secs] [Times: user=0.08 sys=0.00, real=0.04 secs] 
2016-02-22T21:59:17.057+0800: 617753.772: [GC [PSYoungGen: 1377248K->16272K(1379136K)] 4022933K->2662502K(4175360K), 0.0408370 secs] [Times: user=0.08 sys=0.00, real=0.04 secs] 
2016-02-22T21:59:54.850+0800: 617791.564: [GC [PSYoungGen: 1376464K->15456K(1379520K)] 4022694K->2662038K(4175744K), 0.0436150 secs] [Times: user=0.08 sys=0.00, real=0.05 secs] 
2016-02-22T22:00:32.441+0800: 617829.156: [GC [PSYoungGen: 1376160K->14528K(1379264K)] 4022742K->2661326K(4175488K), 0.0373920 secs] [Times: user=0.07 sys=0.00, real=0.03 secs] 
2016-02-22T22:01:08.490+0800: 617865.204: [GC [PSYoungGen: 1375232K->15022K(1379776K)] 4022030K->2662045K(4176000K), 0.0450330 secs] [Times: user=0.08 sys=0.00, real=0.04 secs] 
2016-02-22T22:01:46.093+0800: 617902.808: [GC [PSYoungGen: 1376302K->16992K(1378304K)] 4023325K->2664335K(4174528K), 0.0397820 secs] [Times: user=0.08 sys=0.00, real=0.04 secs] 
2016-02-22T22:02:21.069+0800: 617937.784: [GC [PSYoungGen: 1378272K->17824K(1378496K)] 4025615K->2665423K(4174720K), 0.0450740 secs] [Times: user=0.09 sys=0.00, real=0.05 secs] 
2016-02-22T22:02:59.100+0800: 617975.815: [GC [PSYoungGen: 1377760K->16080K(1379008K)] 4025359K->2663867K(4175232K), 0.0397800 secs] [Times: user=0.08 sys=0.00, real=0.04 secs] 
2016-02-22T22:03:36.425+0800: 618013.139: [GC [PSYoungGen: 1376016K->15696K(1379520K)] 4023803K->2663915K(4175744K), 0.0382000 secs] [Times: user=0.08 sys=0.00, real=0.04 secs] 
2016-02-22T22:04:11.651+0800: 618048.365: [GC [PSYoungGen: 1376400K->13456K(1379264K)] 4024619K->2662012K(4175488K), 0.0364800 secs] [Times: user=0.07 sys=0.00, real=0.03 secs] 
2016-02-22T22:04:47.760+0800: 618084.475: [GC [PSYoungGen: 1374160K->17792K(1378432K)] 4022716K->2666689K(4174656K), 0.0399560 secs] [Times: user=0.07 sys=0.01, real=0.04 secs] 
2016-02-22T22:05:27.170+0800: 618123.884: [GC [PSYoungGen: 1377472K->15974K(1378880K)] 4026369K->2665135K(4175104K), 0.0403740 secs] [Times: user=0.08 sys=0.00, real=0.04 secs] 
2016-02-22T22:06:07.113+0800: 618163.827: [GC [PSYoungGen: 1375654K->15624K(1379392K)] 4024815K->2664977K(4175616K), 0.0416470 secs] [Times: user=0.09 sys=0.00, real=0.04 secs] 
2016-02-22T22:06:43.075+0800: 618199.789: [GC [PSYoungGen: 1376072K->14672K(1379136K)] 4025425K->2664247K(4175360K), 0.0377560 secs] [Times: user=0.08 sys=0.00, real=0.04 secs] 
2016-02-22T22:07:19.118+0800: 618235.833: [GC [PSYoungGen: 1375120K->14976K(1379648K)] 4024695K->2664959K(4175872K), 0.0377940 secs] [Times: user=0.09 sys=0.00, real=0.04 secs] 
2016-02-22T22:07:56.865+0800: 618273.579: [GC [PSYoungGen: 1376000K->15018K(1379456K)] 4025983K->2665418K(4175680K), 0.0390950 secs] [Times: user=0.08 sys=0.00, real=0.04 secs] 
2016-02-22T22:08:39.367+0800: 618316.081: [GC [PSYoungGen: 1376042K->15312K(1380032K)] 4026442K->2665975K(4176256K), 0.0399650 secs] [Times: user=0.08 sys=0.00, real=0.04 secs] 
2016-02-22T22:09:16.352+0800: 618353.067: [GC [PSYoungGen: 1377040K->15952K(1379776K)] 4027703K->2666735K(4176000K), 0.0375700 secs] [Times: user=0.07 sys=0.00, real=0.04 secs] 
2016-02-22T22:09:55.408+0800: 618392.122: [GC [PSYoungGen: 1377680K->17232K(1379456K)] 4028463K->2668380K(4175680K), 0.0476560 secs] [Times: user=0.09 sys=0.00, real=0.05 secs] 
2016-02-22T22:10:28.839+0800: 618425.553: [GC [PSYoungGen: 1378704K->13392K(1374912K)] 4029852K->2665008K(4171136K), 0.0328740 secs] [Times: user=0.07 sys=0.00, real=0.03 secs] 
2016-02-22T22:11:07.416+0800: 618464.130: [GC [PSYoungGen: 1374864K->16448K(1379584K)] 4026480K->2668265K(4175808K), 0.0385150 secs] [Times: user=0.08 sys=0.00, real=0.04 secs] 
2016-02-22T22:11:40.873+0800: 618497.587: [GC [PSYoungGen: 1377536K->13984K(1379584K)] 4029353K->2666122K(4175808K), 0.0420200 secs] [Times: user=0.08 sys=0.00, real=0.04 secs] 
2016-02-22T22:12:19.401+0800: 618536.115: [GC [PSYoungGen: 1375031K->14752K(1379712K)] 4027170K->2667234K(4175936K), 0.0365020 secs] [Times: user=0.07 sys=0.00, real=0.04 secs] 
2016-02-22T22:12:55.302+0800: 618572.016: [GC [PSYoungGen: 1375968K->14288K(1379584K)] 4028450K->2667163K(4175808K), 0.0400060 secs] [Times: user=0.09 sys=0.00, real=0.04 secs] 
2016-02-22T22:13:31.831+0800: 618608.546: [GC [PSYoungGen: 1375504K->14816K(1380032K)] 4028379K->2667807K(4176256K), 0.0431700 secs] [Times: user=0.08 sys=0.00, real=0.05 secs] 
2016-02-22T22:14:06.263+0800: 618642.978: [GC [PSYoungGen: 1376608K->18032K(1379840K)] 4029599K->2671535K(4176064K), 0.0377270 secs] [Times: user=0.09 sys=0.00, real=0.04 secs] 
2016-02-22T22:14:46.605+0800: 618683.319: [GC [PSYoungGen: 1379824K->17024K(1377920K)] 4033327K->2670828K(4174144K), 0.0542090 secs] [Times: user=0.12 sys=0.00, real=0.06 secs] 
2016-02-22T22:15:23.163+0800: 618719.878: [GC [PSYoungGen: 1376704K->14112K(1378880K)] 4030508K->2668192K(4175104K), 0.0414140 secs] [Times: user=0.09 sys=0.00, real=0.05 secs] 
2016-02-22T22:16:02.190+0800: 618758.904: [GC [PSYoungGen: 1373792K->16192K(1379072K)] 4027872K->2670468K(4175296K), 0.0405300 secs] [Times: user=0.08 sys=0.00, real=0.04 secs] 
2016-02-22T22:16:37.268+0800: 618793.982: [GC [PSYoungGen: 1376192K->15024K(1379008K)] 4030468K->2669497K(4175232K), 0.0384120 secs] [Times: user=0.07 sys=0.00, real=0.04 secs] 
2016-02-22T22:17:10.815+0800: 618827.529: [GC [PSYoungGen: 1375024K->15424K(1379648K)] 4029497K->2670246K(4175872K), 0.0388610 secs] [Times: user=0.08 sys=0.00, real=0.04 secs] 
2016-02-22T22:17:44.833+0800: 618861.548: [GC [PSYoungGen: 1376320K->15024K(1379328K)] 4031142K->2670202K(4175552K), 0.0449790 secs] [Times: user=0.09 sys=0.00, real=0.05 secs] 
2016-02-22T22:18:19.006+0800: 618895.721: [GC [PSYoungGen: 1375920K->13040K(1379456K)] 4031098K->2668578K(4175680K), 0.0357910 secs] [Times: user=0.07 sys=0.00, real=0.03 secs] 
2016-02-22T22:18:57.281+0800: 618933.995: [GC [PSYoungGen: 1374256K->17504K(1378752K)] 4029794K->2673182K(4174976K), 0.0467360 secs] [Times: user=0.10 sys=0.00, real=0.04 secs] 
2016-02-22T22:19:32.662+0800: 618969.376: [GC [PSYoungGen: 1378720K->15776K(1379392K)] 4034398K->2671603K(4175616K), 0.0398380 secs] [Times: user=0.07 sys=0.00, real=0.04 secs] 
2016-02-22T22:20:09.281+0800: 619005.995: [GC [PSYoungGen: 1376224K->14752K(1379136K)] 4032051K->2670739K(4175360K), 0.0376100 secs] [Times: user=0.07 sys=0.00, real=0.04 secs] 
2016-02-22T22:20:42.763+0800: 619039.477: [GC [PSYoungGen: 1375200K->17088K(1378944K)] 4031187K->2673300K(4175168K), 0.0394310 secs] [Times: user=0.08 sys=0.00, real=0.04 secs] 
2016-02-22T22:21:20.299+0800: 619077.014: [GC [PSYoungGen: 1377536K->14590K(1379264K)] 4033748K->2671146K(4175488K), 0.0457930 secs] [Times: user=0.09 sys=0.00, real=0.05 secs] 
2016-02-22T22:22:01.661+0800: 619118.375: [GC [PSYoungGen: 1375038K->17569K(1378496K)] 4031594K->2674417K(4174720K), 0.0498230 secs] [Times: user=0.09 sys=0.00, real=0.04 secs] 
2016-02-22T22:22:39.235+0800: 619155.949: [GC [PSYoungGen: 1377377K->14672K(1378944K)] 4034225K->2671981K(4175168K), 0.0397360 secs] [Times: user=0.08 sys=0.00, real=0.04 secs] 
2016-02-22T22:23:13.421+0800: 619190.135: [GC [PSYoungGen: 1374480K->14560K(1379264K)] 4031789K->2672049K(4175488K), 0.0364840 secs] [Times: user=0.07 sys=0.00, real=0.04 secs] 
2016-02-22T22:23:53.196+0800: 619229.911: [GC [PSYoungGen: 1374880K->15888K(1379136K)] 4032369K->2673549K(4175360K), 0.0475140 secs] [Times: user=0.10 sys=0.00, real=0.05 secs] 
2016-02-22T22:24:31.357+0800: 619268.071: [GC [PSYoungGen: 1376208K->14336K(1379584K)] 4033869K->2672425K(4175808K), 0.0408540 secs] [Times: user=0.09 sys=0.00, real=0.04 secs] 
2016-02-22T22:25:05.226+0800: 619301.940: [GC [PSYoungGen: 1375296K->14496K(1379456K)] 4033385K->2672790K(4175680K), 0.0356980 secs] [Times: user=0.07 sys=0.00, real=0.04 secs] 
2016-02-22T22:25:44.211+0800: 619340.926: [GC [PSYoungGen: 1375456K->13248K(1379584K)] 4033750K->2671934K(4175808K), 0.0341100 secs] [Times: user=0.07 sys=0.00, real=0.03 secs] 
2016-02-22T22:26:21.993+0800: 619378.708: [GC [PSYoungGen: 1374464K->14656K(1379648K)] 4033150K->2673511K(4175872K), 0.0377300 secs] [Times: user=0.07 sys=0.00, real=0.03 secs] 
2016-02-22T22:26:56.646+0800: 619413.361: [GC [PSYoungGen: 1375872K->17552K(1378752K)] 4034727K->2676627K(4174976K), 0.0366920 secs] [Times: user=0.07 sys=0.00, real=0.04 secs] 
2016-02-22T22:27:29.061+0800: 619445.775: [GC [PSYoungGen: 1378128K->12112K(1372736K)] 4037203K->2671684K(4168960K), 0.0355720 secs] [Times: user=0.08 sys=0.00, real=0.03 secs] 
2016-02-22T22:28:02.568+0800: 619479.282: [GC [PSYoungGen: 1372688K->14512K(1379392K)] 4032260K->2674235K(4175616K), 0.0408610 secs] [Times: user=0.08 sys=0.00, real=0.04 secs] 
2016-02-22T22:28:40.298+0800: 619517.012: [GC [PSYoungGen: 1374896K->15120K(1379072K)] 4034619K->2675104K(4175296K), 0.0356640 secs] [Times: user=0.07 sys=0.00, real=0.03 secs] 
2016-02-22T22:29:16.334+0800: 619553.049: [GC [PSYoungGen: 1375504K->16160K(1379456K)] 4035488K->2676457K(4175680K), 0.0401800 secs] [Times: user=0.08 sys=0.00, real=0.04 secs] 
2016-02-22T22:29:51.087+0800: 619587.802: [GC [PSYoungGen: 1377248K->14752K(1379584K)] 4037545K->2675349K(4175808K), 0.0367650 secs] [Times: user=0.07 sys=0.00, real=0.04 secs] 
2016-02-22T22:30:27.379+0800: 619624.093: [GC [PSYoungGen: 1375840K->13520K(1379968K)] 4036437K->2674518K(4176192K), 0.0465690 secs] [Times: user=0.09 sys=0.00, real=0.05 secs] 
2016-02-22T22:30:57.249+0800: 619653.963: [GC [PSYoungGen: 1375312K->13888K(1379904K)] 4036310K->2675098K(4176128K), 0.0413100 secs] [Times: user=0.08 sys=0.01, real=0.04 secs] 
2016-02-22T22:31:30.277+0800: 619686.991: [GC [PSYoungGen: 1375680K->15248K(1380224K)] 4036890K->2676855K(4176448K), 0.0381010 secs] [Times: user=0.08 sys=0.00, real=0.03 secs] 
2016-02-22T22:31:57.899+0800: 619714.613: [GC [PSYoungGen: 1377488K->12256K(1380096K)] 4039095K->2674327K(4176320K), 0.0328490 secs] [Times: user=0.07 sys=0.00, real=0.03 secs] 
2016-02-22T22:32:33.824+0800: 619750.539: [GC [PSYoungGen: 1374496K->16513K(1379328K)] 4036567K->2678696K(4175552K), 0.0438260 secs] [Times: user=0.09 sys=0.00, real=0.04 secs] 
2016-02-22T22:33:11.297+0800: 619788.012: [GC [PSYoungGen: 1377857K->14560K(1379712K)] 4040040K->2677144K(4175936K), 0.0369350 secs] [Times: user=0.08 sys=0.00, real=0.04 secs] 
2016-02-22T22:33:50.018+0800: 619826.733: [GC [PSYoungGen: 1375904K->16784K(1379136K)] 4038488K->2679561K(4175360K), 0.0381480 secs] [Times: user=0.08 sys=0.00, real=0.04 secs] 
2016-02-22T22:34:28.311+0800: 619865.026: [GC [PSYoungGen: 1377872K->15088K(1379584K)] 4040649K->2678041K(4175808K), 0.0533880 secs] [Times: user=0.11 sys=0.00, real=0.06 secs] 
2016-02-22T22:35:02.684+0800: 619899.398: [GC [PSYoungGen: 1376176K->16049K(1379776K)] 4039129K->2679305K(4176000K), 0.0440170 secs] [Times: user=0.08 sys=0.00, real=0.04 secs] 
2016-02-22T22:35:39.381+0800: 619936.095: [GC [PSYoungGen: 1377649K->16288K(1377920K)] 4040905K->2680021K(4174144K), 0.0420860 secs] [Times: user=0.07 sys=0.00, real=0.04 secs] 
2016-02-22T22:36:20.506+0800: 619977.221: [GC [PSYoungGen: 1377888K->16576K(1379328K)] 4041621K->2680606K(4175552K), 0.0400730 secs] [Times: user=0.08 sys=0.00, real=0.04 secs] 
2016-02-22T22:37:00.162+0800: 620016.877: [GC [PSYoungGen: 1377536K->15312K(1379520K)] 4041566K->2679606K(4175744K), 0.0367270 secs] [Times: user=0.08 sys=0.00, real=0.04 secs] 
2016-02-22T22:37:37.205+0800: 620053.919: [GC [PSYoungGen: 1376272K->14416K(1379968K)] 4040566K->2679059K(4176192K), 0.0348370 secs] [Times: user=0.08 sys=0.00, real=0.04 secs] 
2016-02-22T22:38:21.095+0800: 620097.809: [GC [PSYoungGen: 1376144K->13856K(1379840K)] 4040787K->2678831K(4176064K), 0.0365650 secs] [Times: user=0.07 sys=0.00, real=0.04 secs] 
2016-02-22T22:38:58.600+0800: 620135.314: [GC [PSYoungGen: 1375584K->14208K(1380160K)] 4040559K->2679463K(4176384K), 0.0364270 secs] [Times: user=0.07 sys=0.00, real=0.04 secs] 
2016-02-22T22:39:39.132+0800: 620175.847: [GC [PSYoungGen: 1376320K->14896K(1380032K)] 4041575K->2680503K(4176256K), 0.0410930 secs] [Times: user=0.07 sys=0.00, real=0.04 secs] 
2016-02-22T22:40:16.074+0800: 620212.789: [GC [PSYoungGen: 1377008K->14480K(1380608K)] 4042615K->2680368K(4176832K), 0.0379110 secs] [Times: user=0.08 sys=0.00, real=0.04 secs] 
2016-02-22T22:40:52.009+0800: 620248.723: [GC [PSYoungGen: 1377424K->14832K(1380416K)] 4043312K->2680877K(4176640K), 0.0381910 secs] [Times: user=0.08 sys=0.00, real=0.03 secs] 
2016-02-22T22:41:35.323+0800: 620292.038: [GC [PSYoungGen: 1377776K->16256K(1380288K)] 4043821K->2682680K(4176512K), 0.0482280 secs] [Times: user=0.08 sys=0.00, real=0.05 secs] 
2016-02-22T22:42:13.741+0800: 620330.455: [GC [PSYoungGen: 1379264K->14928K(1380544K)] 4045688K->2681620K(4176768K), 0.0384230 secs] [Times: user=0.07 sys=0.00, real=0.04 secs] 
2016-02-22T22:42:54.883+0800: 620371.597: [GC [PSYoungGen: 1377936K->15776K(1380672K)] 4044628K->2682796K(4176896K), 0.0400220 secs] [Times: user=0.08 sys=0.00, real=0.04 secs] 
2016-02-22T22:43:34.130+0800: 620410.845: [GC [PSYoungGen: 1379168K->16080K(1379520K)] 4046188K->2683272K(4175744K), 0.0403200 secs] [Times: user=0.08 sys=0.00, real=0.04 secs] 
2016-02-22T22:44:12.974+0800: 620449.689: [GC [PSYoungGen: 1379472K->15712K(1380672K)] 4046664K->2683409K(4176896K), 0.0374250 secs] [Times: user=0.08 sys=0.00, real=0.04 secs] 
2016-02-22T22:44:50.054+0800: 620486.768: [GC [PSYoungGen: 1378912K->14880K(1380608K)] 4046609K->2682801K(4176832K), 0.0445510 secs] [Times: user=0.10 sys=0.00, real=0.05 secs] 
2016-02-22T22:45:27.105+0800: 620523.819: [GC [PSYoungGen: 1378080K->15504K(1380864K)] 4046001K->2683522K(4177088K), 0.0350500 secs] [Times: user=0.06 sys=0.00, real=0.03 secs] 
2016-02-22T22:46:09.305+0800: 620566.020: [GC [PSYoungGen: 1379088K->17200K(1380800K)] 4047106K->2685698K(4177024K), 0.0448420 secs] [Times: user=0.08 sys=0.00, real=0.05 secs] 
2016-02-22T22:46:49.225+0800: 620605.939: [GC [PSYoungGen: 1380784K->15872K(1379776K)] 4049282K->2684562K(4176000K), 0.0375890 secs] [Times: user=0.07 sys=0.00, real=0.04 secs] 
2016-02-22T22:47:33.681+0800: 620650.396: [GC [PSYoungGen: 1378368K->15408K(1380288K)] 4047058K->2684451K(4176512K), 0.0406480 secs] [Times: user=0.09 sys=0.00, real=0.04 secs] 
2016-02-22T22:48:13.973+0800: 620690.688: [GC [PSYoungGen: 1377904K->17535K(1379456K)] 4046947K->2686890K(4175680K), 0.0437640 secs] [Times: user=0.09 sys=0.00, real=0.04 secs] 
2016-02-22T22:48:54.848+0800: 620731.562: [GC [PSYoungGen: 1379391K->15504K(1379968K)] 4048746K->2685032K(4176192K), 0.0560560 secs] [Times: user=0.12 sys=0.01, real=0.05 secs] 
2016-02-22T22:49:32.820+0800: 620769.535: [GC [PSYoungGen: 1377360K->14224K(1380032K)] 4046888K->2684084K(4176256K), 0.0404070 secs] [Times: user=0.08 sys=0.00, real=0.04 secs] 
2016-02-22T22:50:11.041+0800: 620807.755: [GC [PSYoungGen: 1376336K->15062K(1380096K)] 4046196K->2685219K(4176320K), 0.0405710 secs] [Times: user=0.09 sys=0.00, real=0.04 secs] 
2016-02-22T22:50:45.340+0800: 620842.055: [GC [PSYoungGen: 1377174K->15313K(1380480K)] 4047331K->2685569K(4176704K), 0.0432460 secs] [Times: user=0.09 sys=0.00, real=0.04 secs] 
2016-02-22T22:51:21.729+0800: 620878.444: [GC [PSYoungGen: 1378001K->14816K(1380288K)] 4048257K->2685268K(4176512K), 0.0360110 secs] [Times: user=0.08 sys=0.00, real=0.04 secs] 
2016-02-22T22:51:57.537+0800: 620914.251: [GC [PSYoungGen: 1377504K->14368K(1380608K)] 4047956K->2685052K(4176832K), 0.0367380 secs] [Times: user=0.07 sys=0.00, real=0.03 secs] 
2016-02-22T22:52:32.256+0800: 620948.971: [GC [PSYoungGen: 1377440K->13232K(1376320K)] 4048124K->2684219K(4172544K), 0.0423480 secs] [Times: user=0.08 sys=0.01, real=0.04 secs] 
2016-02-22T22:53:10.191+0800: 620986.906: [GC [PSYoungGen: 1376304K->14208K(1380544K)] 4047291K->2685427K(4176768K), 0.0360260 secs] [Times: user=0.08 sys=0.00, real=0.04 secs] 
2016-02-22T22:53:51.877+0800: 621028.592: [GC [PSYoungGen: 1377088K->17376K(1380288K)] 4048307K->2688732K(4176512K), 0.0419370 secs] [Times: user=0.08 sys=0.00, real=0.04 secs] 
2016-02-22T22:54:30.074+0800: 621066.789: [GC [PSYoungGen: 1380256K->15904K(1379648K)] 4051612K->2687652K(4175872K), 0.0382920 secs] [Times: user=0.08 sys=0.00, real=0.04 secs] 
2016-02-22T22:55:08.056+0800: 621104.770: [GC [PSYoungGen: 1377760K->13760K(1379968K)] 4049508K->2685905K(4176192K), 0.0358850 secs] [Times: user=0.07 sys=0.00, real=0.03 secs] 
2016-02-22T22:55:47.409+0800: 621144.123: [GC [PSYoungGen: 1375616K->16128K(1379840K)] 4047761K->2688481K(4176064K), 0.0399770 secs] [Times: user=0.08 sys=0.00, real=0.04 secs] 
2016-02-22T22:56:32.469+0800: 621189.184: [GC [PSYoungGen: 1377856K->16304K(1378048K)] 4050209K->2688793K(4174272K), 0.0430410 secs] [Times: user=0.07 sys=0.00, real=0.05 secs] 
2016-02-22T22:57:14.942+0800: 621231.657: [GC [PSYoungGen: 1378032K->16112K(1379840K)] 4050521K->2688853K(4176064K), 0.0398150 secs] [Times: user=0.08 sys=0.00, real=0.04 secs] 
2016-02-22T22:57:55.885+0800: 621272.599: [GC [PSYoungGen: 1377712K->15648K(1379840K)] 4050453K->2688605K(4176064K), 0.0362670 secs] [Times: user=0.07 sys=0.00, real=0.03 secs] 
2016-02-22T22:58:40.023+0800: 621316.738: [GC [PSYoungGen: 1377248K->16944K(1379392K)] 4050205K->2690090K(4175616K), 0.0400000 secs] [Times: user=0.09 sys=0.00, real=0.04 secs] 
2016-02-22T22:59:21.295+0800: 621358.010: [GC [PSYoungGen: 1378288K->14192K(1379712K)] 4051434K->2687799K(4175936K), 0.0449680 secs] [Times: user=0.10 sys=0.00, real=0.05 secs] 
2016-02-22T23:00:07.923+0800: 621404.638: [GC [PSYoungGen: 1375536K->15088K(1379968K)] 4049143K->2688783K(4176192K), 0.0400910 secs] [Times: user=0.09 sys=0.00, real=0.04 secs] 
2016-02-22T23:00:48.031+0800: 621444.745: [GC [PSYoungGen: 1376752K->13392K(1379776K)] 4050447K->2687315K(4176000K), 0.0342730 secs] [Times: user=0.07 sys=0.00, real=0.04 secs] 
2016-02-22T23:01:30.187+0800: 621486.902: [GC [PSYoungGen: 1375056K->15904K(1379968K)] 4048979K->2690188K(4176192K), 0.0385430 secs] [Times: user=0.08 sys=0.00, real=0.04 secs] 
2016-02-22T23:02:12.306+0800: 621529.020: [GC [PSYoungGen: 1377696K->14864K(1379904K)] 4051980K->2689393K(4176128K), 0.0363010 secs] [Times: user=0.08 sys=0.00, real=0.04 secs] 
2016-02-22T23:02:57.863+0800: 621574.577: [GC [PSYoungGen: 1376656K->15680K(1380224K)] 4051185K->2690562K(4176448K), 0.0376990 secs] [Times: user=0.08 sys=0.00, real=0.04 secs] 
2016-02-22T23:03:45.145+0800: 621621.859: [GC [PSYoungGen: 1377984K->16016K(1380160K)] 4052866K->2691159K(4176384K), 0.0461000 secs] [Times: user=0.09 sys=0.00, real=0.04 secs] 
2016-02-22T23:04:33.513+0800: 621670.228: [GC [PSYoungGen: 1378320K->14480K(1380352K)] 4053463K->2689884K(4176576K), 0.0374790 secs] [Times: user=0.08 sys=0.00, real=0.03 secs] 
2016-02-22T23:05:17.677+0800: 621714.391: [GC [PSYoungGen: 1376976K->15585K(1380224K)] 4052380K->2691197K(4176448K), 0.0390390 secs] [Times: user=0.08 sys=0.00, real=0.04 secs] 
2016-02-22T23:06:00.450+0800: 621757.164: [GC [PSYoungGen: 1378081K->14928K(1380608K)] 4053693K->2690937K(4176832K), 0.0368920 secs] [Times: user=0.08 sys=0.00, real=0.04 secs] 
2016-02-22T23:06:47.886+0800: 621804.601: [GC [PSYoungGen: 1377936K->14528K(1380480K)] 4053945K->2690689K(4176704K), 0.0398940 secs] [Times: user=0.09 sys=0.00, real=0.04 secs] 
2016-02-22T23:07:31.252+0800: 621847.966: [GC [PSYoungGen: 1377536K->15120K(1380928K)] 4053697K->2691590K(4177152K), 0.0366370 secs] [Times: user=0.07 sys=0.00, real=0.04 secs] 
2016-02-22T23:08:16.110+0800: 621892.824: [GC [PSYoungGen: 1378704K->15904K(1380736K)] 4055174K->2692603K(4176960K), 0.0393310 secs] [Times: user=0.08 sys=0.00, real=0.04 secs] 
2016-02-22T23:09:00.233+0800: 621936.947: [GC [PSYoungGen: 1379488K->15408K(1380992K)] 4056187K->2692460K(4177216K), 0.0359280 secs] [Times: user=0.07 sys=0.00, real=0.03 secs] 
2016-02-22T23:09:46.068+0800: 621982.782: [GC [PSYoungGen: 1379184K->12912K(1376704K)] 4056236K->2690400K(4172928K), 0.0377960 secs] [Times: user=0.08 sys=0.00, real=0.04 secs] 
2016-02-22T23:10:29.596+0800: 622026.310: [GC [PSYoungGen: 1376688K->15472K(1380800K)] 4054176K->2693081K(4177024K), 0.0383270 secs] [Times: user=0.07 sys=0.00, real=0.04 secs] 
2016-02-22T23:11:19.731+0800: 622076.446: [GC [PSYoungGen: 1378928K->15360K(1380736K)] 4056537K->2693277K(4176960K), 0.0473620 secs] [Times: user=0.10 sys=0.00, real=0.05 secs] 
2016-02-22T23:12:08.303+0800: 622125.018: [GC [PSYoungGen: 1378816K->15552K(1380992K)] 4056733K->2693714K(4177216K), 0.0365440 secs] [Times: user=0.08 sys=0.00, real=0.04 secs] 
2016-02-22T23:12:55.505+0800: 622172.220: [GC [PSYoungGen: 1379392K->14688K(1380928K)] 4057554K->2693279K(4177152K), 0.0380400 secs] [Times: user=0.07 sys=0.00, real=0.04 secs] 
2016-02-22T23:13:49.264+0800: 622225.979: [GC [PSYoungGen: 1378528K->14624K(1381184K)] 4057119K->2693375K(4177408K), 0.0375600 secs] [Times: user=0.07 sys=0.00, real=0.03 secs] 
2016-02-22T23:14:31.803+0800: 622268.517: [GC [PSYoungGen: 1378784K->14016K(1381056K)] 4057535K->2693055K(4177280K), 0.0414080 secs] [Times: user=0.09 sys=0.00, real=0.05 secs] 
2016-02-22T23:15:14.898+0800: 622311.613: [GC [PSYoungGen: 1378176K->14592K(1381312K)] 4057215K->2693731K(4177536K), 0.0385570 secs] [Times: user=0.08 sys=0.00, real=0.04 secs] 
2016-02-22T23:16:01.197+0800: 622357.911: [GC [PSYoungGen: 1379008K->16742K(1381184K)] 4058147K->2701847K(4177408K), 0.0636520 secs] [Times: user=0.15 sys=0.01, real=0.06 secs] 
2016-02-22T23:16:45.009+0800: 622401.723: [GC [PSYoungGen: 1381158K->14800K(1376448K)] 4066263K->2700381K(4172672K), 0.0378280 secs] [Times: user=0.08 sys=0.00, real=0.04 secs] 
2016-02-22T23:17:34.954+0800: 622451.669: [GC [PSYoungGen: 1374352K->15344K(1378816K)] 4059933K->2701234K(4175040K), 0.0440820 secs] [Times: user=0.08 sys=0.00, real=0.04 secs] 
2016-02-22T23:18:19.589+0800: 622496.303: [GC [PSYoungGen: 1374896K->14000K(1379200K)] 4060786K->2700406K(4175424K), 0.0396220 secs] [Times: user=0.07 sys=0.00, real=0.04 secs] 
2016-02-22T23:19:10.001+0800: 622546.716: [GC [PSYoungGen: 1374256K->15440K(1379136K)] 4060662K->2702002K(4175360K), 0.0366430 secs] [Times: user=0.08 sys=0.00, real=0.04 secs] 
2016-02-22T23:20:03.367+0800: 622600.081: [GC [PSYoungGen: 1375696K->16097K(1379584K)] 4062258K->2703012K(4175808K), 0.0400730 secs] [Times: user=0.07 sys=0.00, real=0.04 secs] 
2016-02-22T23:20:52.041+0800: 622648.756: [GC [PSYoungGen: 1377121K->14496K(1379520K)] 4064036K->2701856K(4175744K), 0.0381000 secs] [Times: user=0.08 sys=0.00, real=0.03 secs] 
2016-02-22T23:21:46.368+0800: 622703.082: [GC [PSYoungGen: 1375520K->18354K(1376512K)] 4062880K->2708000K(4172736K), 0.0673780 secs] [Times: user=0.11 sys=0.01, real=0.07 secs] 
2016-02-22T23:22:33.188+0800: 622749.902: [GC [PSYoungGen: 1376498K->13728K(1378112K)] 4066144K->2703783K(4174336K), 0.0389170 secs] [Times: user=0.08 sys=0.00, real=0.04 secs] 
2016-02-22T23:23:22.793+0800: 622799.508: [GC [PSYoungGen: 1371872K->16096K(1378368K)] 4061927K->2706432K(4174592K), 0.0405650 secs] [Times: user=0.08 sys=0.00, real=0.04 secs] 
2016-02-22T23:24:06.550+0800: 622843.264: [GC [PSYoungGen: 1374496K->13744K(1378112K)] 4064832K->2704264K(4174336K), 0.0338570 secs] [Times: user=0.07 sys=0.00, real=0.03 secs] 
2016-02-22T23:24:52.626+0800: 622889.340: [GC [PSYoungGen: 1372144K->14400K(1378688K)] 4062664K->2705076K(4174912K), 0.0377380 secs] [Times: user=0.07 sys=0.01, real=0.03 secs] 
2016-02-22T23:25:40.016+0800: 622936.730: [GC [PSYoungGen: 1373440K->14928K(1378432K)] 4064116K->2705880K(4174656K), 0.0366680 secs] [Times: user=0.07 sys=0.01, real=0.04 secs] 
2016-02-22T23:26:27.036+0800: 622983.750: [GC [PSYoungGen: 1373952K->15791K(1379200K)] 4064904K->2707179K(4175424K), 0.0373530 secs] [Times: user=0.08 sys=0.01, real=0.04 secs] 
2016-02-22T23:27:15.874+0800: 623032.588: [GC [PSYoungGen: 1375855K->13600K(1378944K)] 4067243K->2705221K(4175168K), 0.0346000 secs] [Times: user=0.07 sys=0.00, real=0.04 secs] 
2016-02-22T23:28:09.913+0800: 623086.627: [GC [PSYoungGen: 1373664K->16768K(1378816K)] 4065285K->2708590K(4175040K), 0.0409910 secs] [Times: user=0.08 sys=0.00, real=0.04 secs] 
2016-02-22T23:29:03.893+0800: 623140.608: [GC [PSYoungGen: 1376704K->15824K(1379008K)] 4068526K->2708010K(4175232K), 0.0381410 secs] [Times: user=0.07 sys=0.00, real=0.04 secs] 
2016-02-22T23:29:58.995+0800: 623195.709: [GC [PSYoungGen: 1375760K->15504K(1379520K)] 4067946K->2708007K(4175744K), 0.0476840 secs] [Times: user=0.10 sys=0.00, real=0.05 secs] 
2016-02-22T23:30:53.019+0800: 623249.734: [GC [PSYoungGen: 1376144K->15392K(1379200K)] 4068647K->2708368K(4175424K), 0.0448030 secs] [Times: user=0.09 sys=0.00, real=0.05 secs] 
2016-02-22T23:31:43.233+0800: 623299.947: [GC [PSYoungGen: 1376032K->13184K(1379584K)] 4069008K->2706364K(4175808K), 0.0347520 secs] [Times: user=0.07 sys=0.00, real=0.04 secs] 
2016-02-22T23:32:36.742+0800: 623353.456: [GC [PSYoungGen: 1374528K->12928K(1374336K)] 4067708K->2706240K(4170560K), 0.0343610 secs] [Times: user=0.07 sys=0.00, real=0.04 secs] 
2016-02-22T23:33:37.601+0800: 623414.316: [GC [PSYoungGen: 1374272K->15248K(1379904K)] 4067584K->2708777K(4176128K), 0.0368880 secs] [Times: user=0.07 sys=0.00, real=0.03 secs] 
2016-02-22T23:34:34.882+0800: 623471.596: [GC [PSYoungGen: 1376720K->16064K(1379648K)] 4070249K->2709973K(4175872K), 0.0392350 secs] [Times: user=0.08 sys=0.00, real=0.04 secs] 
2016-02-22T23:35:27.927+0800: 623524.641: [GC [PSYoungGen: 1377536K->14368K(1380032K)] 4071445K->2708722K(4176256K), 0.0432590 secs] [Times: user=0.08 sys=0.01, real=0.04 secs] 
2016-02-22T23:36:24.430+0800: 623581.144: [GC [PSYoungGen: 1376160K->15264K(1379840K)] 4070514K->2710055K(4176064K), 0.0375310 secs] [Times: user=0.07 sys=0.00, real=0.04 secs] 
2016-02-22T23:37:21.800+0800: 623638.515: [GC [PSYoungGen: 1377056K->14256K(1380352K)] 4071847K->2709215K(4176576K), 0.0412580 secs] [Times: user=0.08 sys=0.00, real=0.04 secs] 
2016-02-22T23:38:17.885+0800: 623694.599: [GC [PSYoungGen: 1376752K->14144K(1380224K)] 4071711K->2709292K(4176448K), 0.0360360 secs] [Times: user=0.08 sys=0.00, real=0.03 secs] 
2016-02-22T23:39:09.622+0800: 623746.336: [GC [PSYoungGen: 1376640K->13248K(1380480K)] 4071788K->2708653K(4176704K), 0.0347130 secs] [Times: user=0.08 sys=0.00, real=0.03 secs] 
2016-02-22T23:40:01.409+0800: 623798.123: [GC [PSYoungGen: 1376128K->13936K(1380480K)] 4071533K->2709641K(4176704K), 0.0399050 secs] [Times: user=0.08 sys=0.00, real=0.04 secs] 
2016-02-22T23:40:49.342+0800: 623846.057: [GC [PSYoungGen: 1376816K->13680K(1380736K)] 4072521K->2709710K(4176960K), 0.0385090 secs] [Times: user=0.07 sys=0.00, real=0.04 secs] 
2016-02-22T23:41:43.545+0800: 623900.260: [GC [PSYoungGen: 1376944K->14640K(1380608K)] 4072974K->2711002K(4176832K), 0.0350280 secs] [Times: user=0.07 sys=0.00, real=0.04 secs] 
2016-02-22T23:42:33.900+0800: 623950.615: [GC [PSYoungGen: 1377904K->12976K(1380864K)] 4074266K->2709790K(4177088K), 0.0378760 secs] [Times: user=0.07 sys=0.00, real=0.03 secs] 
2016-02-22T23:43:31.255+0800: 624007.969: [GC [PSYoungGen: 1376752K->13440K(1380928K)] 4073566K->2710426K(4177152K), 0.0440870 secs] [Times: user=0.10 sys=0.00, real=0.05 secs] 
2016-02-22T23:44:30.054+0800: 624066.769: [GC [PSYoungGen: 1377216K->14640K(1381184K)] 4074202K->2711774K(4177408K), 0.0378330 secs] [Times: user=0.07 sys=0.00, real=0.04 secs] 
2016-02-22T23:45:27.659+0800: 624124.373: [GC [PSYoungGen: 1378800K->14000K(1381056K)] 4075934K->2711234K(4177280K), 0.0361590 secs] [Times: user=0.07 sys=0.00, real=0.03 secs] 
2016-02-22T23:46:26.778+0800: 624183.493: [GC [PSYoungGen: 1378160K->14128K(1381632K)] 4075394K->2711723K(4177856K), 0.0361820 secs] [Times: user=0.08 sys=0.00, real=0.04 secs] 
2016-02-22T23:47:16.617+0800: 624233.331: [GC [PSYoungGen: 1379056K->12736K(1381376K)] 4076651K->2710613K(4177600K), 0.0340160 secs] [Times: user=0.08 sys=0.00, real=0.03 secs] 
2016-02-22T23:48:15.754+0800: 624292.468: [GC [PSYoungGen: 1377664K->13840K(1381760K)] 4075541K->2711862K(4177984K), 0.0352450 secs] [Times: user=0.08 sys=0.00, real=0.04 secs] 
2016-02-22T23:49:08.465+0800: 624345.179: [GC [PSYoungGen: 1379088K->12544K(1381568K)] 4077110K->2710838K(4177792K), 0.0328420 secs] [Times: user=0.06 sys=0.00, real=0.03 secs] 
2016-02-22T23:50:03.660+0800: 624400.374: [GC [PSYoungGen: 1377792K->13424K(1381824K)] 4076086K->2711891K(4178048K), 0.0457050 secs] [Times: user=0.09 sys=0.00, real=0.05 secs] 
2016-02-22T23:51:11.790+0800: 624468.505: [GC [PSYoungGen: 1378864K->15329K(1380800K)] 4077331K->2714169K(4177024K), 0.0385550 secs] [Times: user=0.07 sys=0.00, real=0.04 secs] 
2016-02-22T23:52:14.234+0800: 624530.949: [GC [PSYoungGen: 1380769K->14448K(1381632K)] 4079609K->2713605K(4177856K), 0.0365970 secs] [Times: user=0.08 sys=0.00, real=0.03 secs] 
2016-02-22T23:53:16.509+0800: 624593.223: [GC [PSYoungGen: 1379568K->14832K(1381568K)] 4078725K->2714398K(4177792K), 0.0445030 secs] [Times: user=0.09 sys=0.00, real=0.04 secs] 
2016-02-22T23:54:24.465+0800: 624661.180: [GC [PSYoungGen: 1379952K->13824K(1381760K)] 4079518K->2713619K(4177984K), 0.0363080 secs] [Times: user=0.08 sys=0.00, real=0.03 secs] 
2016-02-22T23:55:27.507+0800: 624724.221: [GC [PSYoungGen: 1379072K->15184K(1381568K)] 4078867K->2715119K(4177792K), 0.0388160 secs] [Times: user=0.08 sys=0.00, real=0.04 secs] 
2016-02-22T23:56:28.104+0800: 624784.818: [GC [PSYoungGen: 1380432K->15040K(1381440K)] 4080367K->2715215K(4177664K), 0.0436510 secs] [Times: user=0.09 sys=0.01, real=0.04 secs] 
2016-02-22T23:57:24.421+0800: 624841.136: [GC [PSYoungGen: 1379968K->12544K(1377472K)] 4080143K->2712915K(4173696K), 0.0368580 secs] [Times: user=0.07 sys=0.01, real=0.04 secs] 
2016-02-22T23:58:23.037+0800: 624899.752: [GC [PSYoungGen: 1377472K->12240K(1381312K)] 4077843K->2712727K(4177536K), 0.0325300 secs] [Times: user=0.07 sys=0.00, real=0.04 secs] 
2016-02-22T23:59:27.380+0800: 624964.094: [GC [PSYoungGen: 1376912K->13728K(1381376K)] 4077399K->2714336K(4177600K), 0.0350440 secs] [Times: user=0.08 sys=0.00, real=0.03 secs] 
2016-02-23T00:00:24.903+0800: 625021.618: [GC [PSYoungGen: 1378400K->11850K(1381376K)] 4079008K->2712818K(4177600K), 0.0306490 secs] [Times: user=0.07 sys=0.00, real=0.03 secs] 
2016-02-23T00:01:39.349+0800: 625096.063: [GC [PSYoungGen: 1376778K->13952K(1381504K)] 4077746K->2715470K(4177728K), 0.0435870 secs] [Times: user=0.09 sys=0.00, real=0.04 secs] 
2016-02-23T00:02:59.644+0800: 625176.358: [GC [PSYoungGen: 1378880K->14480K(1381696K)] 4080398K->2716198K(4177920K), 0.0347390 secs] [Times: user=0.07 sys=0.00, real=0.03 secs] 
2016-02-23T00:04:11.576+0800: 625248.291: [GC [PSYoungGen: 1379792K->14368K(1381696K)] 4081510K->2716443K(4177920K), 0.0366670 secs] [Times: user=0.08 sys=0.00, real=0.03 secs] 
2016-02-23T00:05:27.522+0800: 625324.237: [GC [PSYoungGen: 1379680K->11824K(1381504K)] 4081755K->2714308K(4177728K), 0.0321000 secs] [Times: user=0.07 sys=0.00, real=0.04 secs] 
2016-02-23T00:06:46.710+0800: 625403.425: [GC [PSYoungGen: 1377008K->13200K(1381632K)] 4079492K->2715837K(4177856K), 0.0404600 secs] [Times: user=0.08 sys=0.00, real=0.04 secs] 
2016-02-23T00:08:01.271+0800: 625477.985: [GC [PSYoungGen: 1378384K->11648K(1381696K)] 4081021K->2714562K(4177920K), 0.0425650 secs] [Times: user=0.09 sys=0.00, real=0.05 secs] 
2016-02-23T00:09:20.191+0800: 625556.906: [GC [PSYoungGen: 1377088K->11152K(1376640K)] 4080002K->2714243K(4172864K), 0.0323470 secs] [Times: user=0.06 sys=0.00, real=0.03 secs] 
2016-02-23T00:10:35.048+0800: 625631.762: [GC [PSYoungGen: 1376592K->14787K(1381120K)] 4079683K->2718137K(4177344K), 0.0362080 secs] [Times: user=0.08 sys=0.00, real=0.04 secs] 
2016-02-23T00:11:51.963+0800: 625708.677: [GC [PSYoungGen: 1379459K->12704K(1381376K)] 4082809K->2716263K(4177600K), 0.0338500 secs] [Times: user=0.07 sys=0.00, real=0.03 secs] 
2016-02-23T00:13:10.950+0800: 625787.665: [GC [PSYoungGen: 1377376K->14432K(1381376K)] 4080935K->2718475K(4177600K), 0.0392470 secs] [Times: user=0.09 sys=0.00, real=0.04 secs] 
2016-02-23T00:14:35.275+0800: 625871.990: [GC [PSYoungGen: 1379360K->11584K(1381504K)] 4083403K->2715815K(4177728K), 0.0332300 secs] [Times: user=0.07 sys=0.00, real=0.04 secs] 
2016-02-23T00:16:02.800+0800: 625959.514: [GC [PSYoungGen: 1376512K->14400K(1381248K)] 4080743K->2718771K(4177472K), 0.0429280 secs] [Times: user=0.08 sys=0.00, real=0.04 secs] 
2016-02-23T00:17:27.406+0800: 626044.121: [GC [PSYoungGen: 1379072K->14581K(1379264K)] 4083443K->2719249K(4175488K), 0.0372880 secs] [Times: user=0.07 sys=0.00, real=0.04 secs] 
2016-02-23T00:18:51.452+0800: 626128.166: [GC [PSYoungGen: 1379253K->13296K(1381568K)] 4083921K->2718224K(4177792K), 0.0337350 secs] [Times: user=0.06 sys=0.00, real=0.04 secs] 
2016-02-23T00:20:11.789+0800: 626208.503: [GC [PSYoungGen: 1378032K->13904K(1381248K)] 4082960K->2719154K(4177472K), 0.0383060 secs] [Times: user=0.08 sys=0.00, real=0.03 secs] 
2016-02-23T00:21:49.346+0800: 626306.060: [GC [PSYoungGen: 1378640K->12608K(1381824K)] 4083890K->2718099K(4178048K), 0.0317860 secs] [Times: user=0.08 sys=0.00, real=0.03 secs] 
2016-02-23T00:23:34.367+0800: 626411.082: [GC [PSYoungGen: 1378048K->14064K(1381696K)] 4083539K->2719795K(4177920K), 0.0341640 secs] [Times: user=0.07 sys=0.00, real=0.03 secs] 
2016-02-23T00:25:10.915+0800: 626507.630: [GC [PSYoungGen: 1379504K->13665K(1382080K)] 4085235K->2719669K(4178304K), 0.0337920 secs] [Times: user=0.07 sys=0.00, real=0.04 secs] 
2016-02-23T00:26:42.074+0800: 626598.789: [GC [PSYoungGen: 1379553K->12384K(1381888K)] 4085557K->2718824K(4178112K), 0.0327150 secs] [Times: user=0.08 sys=0.00, real=0.03 secs] 
2016-02-23T00:28:35.250+0800: 626711.964: [GC [PSYoungGen: 1378272K->15024K(1381376K)] 4084712K->2721645K(4177600K), 0.0475040 secs] [Times: user=0.09 sys=0.00, real=0.05 secs] 
2016-02-23T00:30:10.531+0800: 626807.245: [GC [PSYoungGen: 1380464K->14848K(1380352K)] 4087085K->2721610K(4176576K), 0.0428320 secs] [Times: user=0.08 sys=0.00, real=0.04 secs] 
2016-02-23T00:32:01.114+0800: 626917.828: [GC [PSYoungGen: 1380288K->16496K(1379392K)] 4087050K->2724127K(4175616K), 0.0538960 secs] [Times: user=0.10 sys=0.00, real=0.05 secs] 
2016-02-23T00:33:41.012+0800: 627017.726: [GC [PSYoungGen: 1379376K->12826K(1380480K)] 4087007K->2720790K(4176704K), 0.0442480 secs] [Times: user=0.10 sys=0.00, real=0.05 secs] 
2016-02-23T00:35:36.962+0800: 627133.676: [GC [PSYoungGen: 1375706K->14400K(1380800K)] 4083670K->2722704K(4177024K), 0.0414300 secs] [Times: user=0.09 sys=0.00, real=0.04 secs] 
2016-02-23T00:37:36.799+0800: 627253.514: [GC [PSYoungGen: 1377728K->16784K(1380160K)] 4086032K->2725248K(4176384K), 0.0384990 secs] [Times: user=0.08 sys=0.00, real=0.04 secs] 
2016-02-23T00:39:38.133+0800: 627374.847: [GC [PSYoungGen: 1380112K->14203K(1380480K)] 4088576K->2722935K(4176704K), 0.0400730 secs] [Times: user=0.08 sys=0.00, real=0.04 secs] 
2016-02-23T00:41:37.217+0800: 627493.931: [GC [PSYoungGen: 1376763K->12608K(1380160K)] 4085495K->2721557K(4176384K), 0.0392200 secs] [Times: user=0.07 sys=0.00, real=0.04 secs] 
2016-02-23T00:43:44.254+0800: 627620.968: [GC [PSYoungGen: 1375168K->14864K(1380544K)] 4084117K->2724101K(4176768K), 0.0378710 secs] [Times: user=0.07 sys=0.00, real=0.04 secs] 
2016-02-23T00:45:35.318+0800: 627732.032: [GC [PSYoungGen: 1377808K->12592K(1380480K)] 4087045K->2721960K(4176704K), 0.0361090 secs] [Times: user=0.07 sys=0.00, real=0.04 secs] 
2016-02-23T00:47:58.997+0800: 627875.711: [GC [PSYoungGen: 1375536K->13632K(1380928K)] 4084904K->2723181K(4177152K), 0.0392940 secs] [Times: user=0.08 sys=0.01, real=0.04 secs] 
2016-02-23T00:50:01.499+0800: 627998.213: [GC [PSYoungGen: 1377088K->12944K(1380608K)] 4086637K->2722750K(4176832K), 0.0548990 secs] [Times: user=0.11 sys=0.01, real=0.05 secs] 
2016-02-23T00:51:55.382+0800: 628112.096: [GC [PSYoungGen: 1376400K->13088K(1381248K)] 4086206K->2723005K(4177472K), 0.0366120 secs] [Times: user=0.07 sys=0.00, real=0.04 secs] 
2016-02-23T00:54:11.966+0800: 628248.680: [GC [PSYoungGen: 1377312K->14960K(1381056K)] 4087229K->2725166K(4177280K), 0.0365850 secs] [Times: user=0.08 sys=0.00, real=0.04 secs] 
2016-02-23T00:56:37.376+0800: 628394.090: [GC [PSYoungGen: 1379184K->13687K(1381376K)] 4089390K->2724245K(4177600K), 0.0354730 secs] [Times: user=0.07 sys=0.00, real=0.03 secs] 
2016-02-23T00:59:02.906+0800: 628539.621: [GC [PSYoungGen: 1378103K->13344K(1381120K)] 4088661K->2724054K(4177344K), 0.0350670 secs] [Times: user=0.07 sys=0.00, real=0.04 secs] 
2016-02-23T01:01:41.119+0800: 628697.833: [GC [PSYoungGen: 1377760K->15888K(1380544K)] 4088470K->2726738K(4176768K), 0.0367770 secs] [Times: user=0.08 sys=0.00, real=0.04 secs] 
2016-02-23T01:03:47.476+0800: 628824.191: [GC [PSYoungGen: 1379920K->10752K(1374848K)] 4090770K->2722018K(4171072K), 0.0349750 secs] [Times: user=0.07 sys=0.00, real=0.03 secs] 
2016-02-23T01:06:17.511+0800: 628974.225: [GC [PSYoungGen: 1374784K->12096K(1380864K)] 4086050K->2723634K(4177088K), 0.0335540 secs] [Times: user=0.07 sys=0.00, real=0.04 secs] 
2016-02-23T01:09:05.538+0800: 629142.252: [GC [PSYoungGen: 1375680K->14432K(1380800K)] 4087218K->2726106K(4177024K), 0.0372820 secs] [Times: user=0.08 sys=0.00, real=0.04 secs] 
2016-02-23T01:11:48.416+0800: 629305.130: [GC [PSYoungGen: 1378016K->13216K(1381184K)] 4089690K->2725087K(4177408K), 0.0347550 secs] [Times: user=0.07 sys=0.00, real=0.03 secs] 
2016-02-23T01:14:51.215+0800: 629487.929: [GC [PSYoungGen: 1377248K->15872K(1379968K)] 4089119K->2728032K(4176192K), 0.0423840 secs] [Times: user=0.08 sys=0.00, real=0.04 secs] 
2016-02-23T01:17:57.458+0800: 629674.172: [GC [PSYoungGen: 1379904K->13248K(1380928K)] 4092064K->2725560K(4177152K), 0.0385190 secs] [Times: user=0.09 sys=0.00, real=0.04 secs] 
2016-02-23T01:21:02.808+0800: 629859.523: [GC [PSYoungGen: 1376768K->15040K(1380672K)] 4089080K->2727484K(4176896K), 0.0391110 secs] [Times: user=0.08 sys=0.00, real=0.03 secs] 
2016-02-23T01:23:48.329+0800: 630025.044: [GC [PSYoungGen: 1378560K->12688K(1380928K)] 4091004K->2725332K(4177152K), 0.0370350 secs] [Times: user=0.08 sys=0.00, real=0.03 secs] 
2016-02-23T01:26:53.095+0800: 630209.810: [GC [PSYoungGen: 1376336K->14656K(1380800K)] 4088980K->2727509K(4177024K), 0.0371430 secs] [Times: user=0.07 sys=0.00, real=0.04 secs] 
2016-02-23T01:30:11.770+0800: 630408.485: [GC [PSYoungGen: 1378304K->13632K(1381248K)] 4091157K->2726592K(4177472K), 0.0324500 secs] [Times: user=0.07 sys=0.00, real=0.03 secs] 
2016-02-23T01:33:38.944+0800: 630615.659: [GC [PSYoungGen: 1377728K->13952K(1380928K)] 4090688K->2727064K(4177152K), 0.0345230 secs] [Times: user=0.07 sys=0.00, real=0.03 secs] 
2016-02-23T01:37:06.585+0800: 630823.299: [GC [PSYoungGen: 1378048K->11968K(1381376K)] 4091160K->2725152K(4177600K), 0.0327150 secs] [Times: user=0.07 sys=0.00, real=0.03 secs] 
2016-02-23T01:41:01.275+0800: 631057.989: [GC [PSYoungGen: 1376768K->11872K(1381440K)] 4089952K->2725209K(4177664K), 0.0327030 secs] [Times: user=0.07 sys=0.00, real=0.03 secs] 
2016-02-23T01:44:56.687+0800: 631293.401: [GC [PSYoungGen: 1376672K->12000K(1381504K)] 4090009K->2725501K(4177728K), 0.0415830 secs] [Times: user=0.09 sys=0.00, real=0.05 secs] 
2016-02-23T01:49:19.993+0800: 631556.707: [GC [PSYoungGen: 1376864K->13088K(1381440K)] 4090365K->2726713K(4177664K), 0.0348210 secs] [Times: user=0.08 sys=0.00, real=0.03 secs] 
2016-02-23T01:53:36.906+0800: 631813.621: [GC [PSYoungGen: 1377952K->12704K(1381952K)] 4091577K->2726517K(4178176K), 0.0330900 secs] [Times: user=0.08 sys=0.00, real=0.04 secs] 
2016-02-23T01:58:16.998+0800: 632093.712: [GC [PSYoungGen: 1378336K->14112K(1381760K)] 4092149K->2728242K(4177984K), 0.0400570 secs] [Times: user=0.08 sys=0.00, real=0.04 secs] 
2016-02-23T02:03:13.365+0800: 632390.079: [GC [PSYoungGen: 1379744K->15074K(1381184K)] 4093874K->2729400K(4177408K), 0.0421360 secs] [Times: user=0.08 sys=0.00, real=0.04 secs] 
2016-02-23T02:06:09.275+0800: 632565.990: [GC [PSYoungGen: 1380130K->16505K(1381568K)] 4094456K->2741525K(4177792K), 0.0446620 secs] [Times: user=0.13 sys=0.00, real=0.05 secs] 
2016-02-23T02:07:17.504+0800: 632634.219: [GC [PSYoungGen: 1381561K->11963K(1372352K)] 4106581K->2737964K(4168576K), 0.0198510 secs] [Times: user=0.06 sys=0.00, real=0.02 secs] 
2016-02-23T02:10:43.817+0800: 632840.531: [GC [PSYoungGen: 1367803K->8096K(1363968K)] 4093804K->2742479K(4160192K), 0.0288650 secs] [Times: user=0.07 sys=0.00, real=0.03 secs] 
2016-02-23T02:13:44.939+0800: 633021.653: [GC [PSYoungGen: 1363936K->18717K(1374464K)] 4098319K->2753256K(4170688K), 0.0335540 secs] [Times: user=0.08 sys=0.00, real=0.04 secs] 
2016-02-23T02:18:46.498+0800: 633323.213: [GC [PSYoungGen: 1371613K->11808K(1375488K)] 4106152K->2756186K(4171712K), 0.0337000 secs] [Times: user=0.09 sys=0.00, real=0.04 secs] 
2016-02-23T02:24:30.734+0800: 633667.448: [GC [PSYoungGen: 1364704K->11776K(1376256K)] 4109082K->2756370K(4172480K), 0.0314180 secs] [Times: user=0.07 sys=0.00, real=0.03 secs] 
2016-02-23T02:29:55.592+0800: 633992.307: [GC [PSYoungGen: 1365824K->14465K(1375872K)] 4110418K->2759192K(4172096K), 0.0337160 secs] [Times: user=0.07 sys=0.00, real=0.03 secs] 
2016-02-23T02:35:03.236+0800: 634299.951: [GC [PSYoungGen: 1368513K->13249K(1377408K)] 4113240K->2758269K(4173632K), 0.0404030 secs] [Times: user=0.09 sys=0.00, real=0.04 secs] 
2016-02-23T02:40:44.107+0800: 634640.821: [GC [PSYoungGen: 1369409K->11796K(1376832K)] 4114429K->2757013K(4173056K), 0.0335500 secs] [Times: user=0.07 sys=0.00, real=0.04 secs] 
2016-02-23T02:47:36.632+0800: 635053.346: [GC [PSYoungGen: 1367956K->12832K(1378240K)] 4113173K->2758458K(4174464K), 0.0350120 secs] [Times: user=0.07 sys=0.00, real=0.04 secs] 
2016-02-23T02:54:00.336+0800: 635437.050: [GC [PSYoungGen: 1370720K->11249K(1377728K)] 4116346K->2757071K(4173952K), 0.0367200 secs] [Times: user=0.07 sys=0.01, real=0.04 secs] 
2016-02-23T03:01:01.166+0800: 635857.880: [GC [PSYoungGen: 1369137K->12867K(1379008K)] 4114959K->2758849K(4175232K), 0.0354220 secs] [Times: user=0.08 sys=0.00, real=0.03 secs] 
2016-02-23T03:07:24.370+0800: 636241.085: [GC [PSYoungGen: 1372291K->11320K(1378496K)] 4118273K->2757711K(4174720K), 0.0296780 secs] [Times: user=0.06 sys=0.00, real=0.03 secs] 
2016-02-23T03:15:12.908+0800: 636709.622: [GC [PSYoungGen: 1370744K->17788K(1376960K)] 4117135K->2764500K(4173184K), 0.0333390 secs] [Times: user=0.07 sys=0.00, real=0.04 secs] 
2016-02-23T03:23:05.643+0800: 637182.358: [GC [PSYoungGen: 1375932K->11392K(1378112K)] 4122644K->2758402K(4174336K), 0.0319360 secs] [Times: user=0.08 sys=0.00, real=0.03 secs] 
2016-02-23T03:32:20.704+0800: 637737.418: [GC [PSYoungGen: 1369536K->11648K(1378688K)] 4116546K->2758813K(4174912K), 0.0327770 secs] [Times: user=0.07 sys=0.01, real=0.04 secs] 
2016-02-23T03:41:01.393+0800: 638258.107: [GC [PSYoungGen: 1370624K->12416K(1378368K)] 4117789K->2759657K(4174592K), 0.0530110 secs] [Times: user=0.12 sys=0.00, real=0.05 secs] 
2016-02-23T03:48:57.627+0800: 638734.341: [GC [PSYoungGen: 1371392K->18865K(1362688K)] 4118633K->2784175K(4158912K), 0.0601950 secs] [Times: user=0.11 sys=0.00, real=0.06 secs] 
2016-02-23T03:56:09.773+0800: 639166.488: [GC [PSYoungGen: 1362673K->8014K(1351872K)] 4127983K->2777470K(4148096K), 0.0304780 secs] [Times: user=0.06 sys=0.01, real=0.03 secs] 
2016-02-23T04:09:08.131+0800: 639944.845: [GC [PSYoungGen: 1351822K->12640K(1371712K)] 4121278K->2782304K(4167936K), 0.0348930 secs] [Times: user=0.08 sys=0.00, real=0.03 secs] 
2016-02-23T04:20:15.025+0800: 640611.739: [GC [PSYoungGen: 1357088K->11792K(1370816K)] 4126752K->2781521K(4167040K), 0.0337640 secs] [Times: user=0.07 sys=0.00, real=0.04 secs] 
2016-02-23T04:33:07.083+0800: 641383.798: [GC [PSYoungGen: 1356240K->12464K(1373248K)] 4125969K->2782425K(4169472K), 0.0321930 secs] [Times: user=0.07 sys=0.00, real=0.03 secs] 
2016-02-23T04:43:25.886+0800: 642002.600: [GC [PSYoungGen: 1360048K->9968K(1372416K)] 4130009K->2780122K(4168640K), 0.0297000 secs] [Times: user=0.06 sys=0.01, real=0.03 secs] 
2016-02-23T04:55:08.421+0800: 642705.135: [GC [PSYoungGen: 1357552K->10336K(1374144K)] 4127706K->2780646K(4170368K), 0.0377500 secs] [Times: user=0.08 sys=0.00, real=0.04 secs] 
2016-02-23T05:06:33.207+0800: 643389.921: [GC [PSYoungGen: 1360032K->11328K(1373632K)] 4130342K->2781702K(4169856K), 0.0327330 secs] [Times: user=0.06 sys=0.01, real=0.03 secs] 
2016-02-23T05:14:29.431+0800: 643866.145: [GC [PSYoungGen: 1361024K->8992K(1375168K)] 4131398K->2779521K(4171392K), 0.0285650 secs] [Times: user=0.06 sys=0.00, real=0.03 secs] 
2016-02-23T05:19:50.787+0800: 644187.502: [GC [PSYoungGen: 1360928K->7136K(1374848K)] 4131457K->2777769K(4171072K), 0.0250030 secs] [Times: user=0.07 sys=0.00, real=0.03 secs] 
2016-02-23T05:24:36.709+0800: 644473.423: [GC [PSYoungGen: 1359072K->9744K(1375872K)] 4129705K->2780562K(4172096K), 0.0297050 secs] [Times: user=0.07 sys=0.00, real=0.03 secs] 
2016-02-23T05:31:39.888+0800: 644896.603: [GC [PSYoungGen: 1362768K->8800K(1375232K)] 4133586K->2779798K(4171456K), 0.0277520 secs] [Times: user=0.06 sys=0.00, real=0.02 secs] 
2016-02-23T05:41:04.667+0800: 645461.382: [GC [PSYoungGen: 1361824K->10256K(1377152K)] 4132822K->2781423K(4173376K), 0.0369540 secs] [Times: user=0.09 sys=0.00, real=0.04 secs] 
2016-02-23T05:50:02.760+0800: 645999.474: [GC [PSYoungGen: 1365712K->12272K(1376384K)] 4136879K->2783680K(4172608K), 0.0335670 secs] [Times: user=0.07 sys=0.00, real=0.03 secs] 
2016-02-23T05:56:37.861+0800: 646394.575: [GC [PSYoungGen: 1367728K->9632K(1378368K)] 4139136K->2781280K(4174592K), 0.0327460 secs] [Times: user=0.08 sys=0.00, real=0.03 secs] 
2016-02-23T06:03:51.925+0800: 646828.639: [GC [PSYoungGen: 1367712K->10720K(1377792K)] 4139360K->2782456K(4174016K), 0.0381910 secs] [Times: user=0.08 sys=0.00, real=0.04 secs] 
2016-02-23T06:11:28.282+0800: 647284.996: [GC [PSYoungGen: 1368800K->11408K(1379776K)] 4140536K->2783295K(4176000K), 0.0314100 secs] [Times: user=0.07 sys=0.00, real=0.03 secs] 
2016-02-23T06:16:58.028+0800: 647614.742: [GC [PSYoungGen: 1372176K->9280K(1379072K)] 4144063K->2781315K(4175296K), 0.0359080 secs] [Times: user=0.07 sys=0.00, real=0.03 secs] 
2016-02-23T06:24:27.879+0800: 648064.594: [GC [PSYoungGen: 1370048K->15072K(1378496K)] 4142083K->2787216K(4174720K), 0.0349490 secs] [Times: user=0.07 sys=0.00, real=0.04 secs] 
2016-02-23T06:30:08.112+0800: 648404.827: [GC [PSYoungGen: 1375648K->10512K(1379328K)] 4147792K->2782856K(4175552K), 0.0309650 secs] [Times: user=0.07 sys=0.00, real=0.03 secs] 
2016-02-23T06:35:35.057+0800: 648731.771: [GC [PSYoungGen: 1371088K->11328K(1380544K)] 4143432K->2783881K(4176768K), 0.0309470 secs] [Times: user=0.07 sys=0.00, real=0.04 secs] 
2016-02-23T06:40:59.891+0800: 649056.605: [GC [PSYoungGen: 1373696K->12608K(1379904K)] 4146249K->2785353K(4176128K), 0.0315470 secs] [Times: user=0.07 sys=0.00, real=0.03 secs] 
2016-02-23T06:46:29.701+0800: 649386.415: [GC [PSYoungGen: 1374976K->12976K(1380736K)] 4147721K->2785829K(4176960K), 0.0386960 secs] [Times: user=0.07 sys=0.00, real=0.03 secs] 
2016-02-23T06:50:58.611+0800: 649655.325: [GC [PSYoungGen: 1376368K->11984K(1380736K)] 4149221K->2784982K(4176960K), 0.0314600 secs] [Times: user=0.07 sys=0.00, real=0.04 secs] 
2016-02-23T06:55:10.773+0800: 649907.487: [GC [PSYoungGen: 1375376K->11568K(1381696K)] 4148374K->2785019K(4177920K), 0.0369120 secs] [Times: user=0.08 sys=0.00, real=0.04 secs] 
2016-02-23T06:59:17.068+0800: 650153.782: [GC [PSYoungGen: 1376368K->11696K(1381184K)] 4149819K->2785371K(4177408K), 0.0381600 secs] [Times: user=0.07 sys=0.00, real=0.04 secs] 
2016-02-23T07:03:57.391+0800: 650434.106: [GC [PSYoungGen: 1376496K->12672K(1382208K)] 4150171K->2786495K(4178432K), 0.0333100 secs] [Times: user=0.07 sys=0.00, real=0.04 secs] 
2016-02-23T07:08:05.821+0800: 650682.535: [GC [PSYoungGen: 1378944K->13840K(1380160K)] 4152767K->2787764K(4176384K), 0.0405650 secs] [Times: user=0.09 sys=0.00, real=0.04 secs] 
2016-02-23T07:11:51.729+0800: 650908.443: [GC [PSYoungGen: 1380112K->13184K(1381760K)] 4154036K->2787417K(4177984K), 0.0385630 secs] [Times: user=0.08 sys=0.00, real=0.04 secs] 
2016-02-23T07:15:34.952+0800: 651131.666: [GC [PSYoungGen: 1378752K->12608K(1381824K)] 4152985K->2787121K(4178048K), 0.0406460 secs] [Times: user=0.08 sys=0.00, real=0.04 secs] 
2016-02-23T07:19:04.742+0800: 651341.456: [GC [PSYoungGen: 1378176K->11728K(1382400K)] 4152689K->2786458K(4178624K), 0.0324510 secs] [Times: user=0.07 sys=0.00, real=0.03 secs] 
2016-02-23T07:22:31.109+0800: 651547.824: [GC [PSYoungGen: 1378128K->12160K(1382080K)] 4152858K->2787179K(4178304K), 0.0401230 secs] [Times: user=0.09 sys=0.00, real=0.04 secs] 
2016-02-23T07:25:57.583+0800: 651754.298: [GC [PSYoungGen: 1378560K->13248K(1382464K)] 4153579K->2788427K(4178688K), 0.0339820 secs] [Times: user=0.07 sys=0.00, real=0.03 secs] 
2016-02-23T07:29:29.891+0800: 651966.606: [GC [PSYoungGen: 1380352K->12880K(1382592K)] 4155531K->2788348K(4178816K), 0.0338930 secs] [Times: user=0.07 sys=0.00, real=0.03 secs] 
2016-02-23T07:32:47.702+0800: 652164.416: [GC [PSYoungGen: 1379984K->13536K(1382336K)] 4155452K->2789124K(4178560K), 0.0340620 secs] [Times: user=0.07 sys=0.00, real=0.04 secs] 
2016-02-23T07:35:40.490+0800: 652337.205: [GC [PSYoungGen: 1380512K->13760K(1380800K)] 4156100K->2789549K(4177024K), 0.0411810 secs] [Times: user=0.08 sys=0.01, real=0.04 secs] 
2016-02-23T07:38:55.809+0800: 652532.523: [GC [PSYoungGen: 1380736K->14880K(1381312K)] 4156525K->2790866K(4177536K), 0.0378650 secs] [Times: user=0.07 sys=0.00, real=0.04 secs] 
2016-02-23T07:41:47.027+0800: 652703.741: [GC [PSYoungGen: 1380448K->14256K(1379840K)] 4156434K->2790454K(4176064K), 0.0367130 secs] [Times: user=0.08 sys=0.00, real=0.04 secs] 
2016-02-23T07:44:25.264+0800: 652861.979: [GC [PSYoungGen: 1379824K->12192K(1381824K)] 4156022K->2788627K(4178048K), 0.0371540 secs] [Times: user=0.06 sys=0.01, real=0.04 secs] 
2016-02-23T07:47:04.034+0800: 653020.749: [GC [PSYoungGen: 1377568K->12992K(1381632K)] 4154003K->2789543K(4177856K), 0.0371860 secs] [Times: user=0.07 sys=0.01, real=0.03 secs] 
2016-02-23T07:49:45.448+0800: 653182.163: [GC [PSYoungGen: 1378368K->14016K(1381888K)] 4154919K->2790775K(4178112K), 0.0475040 secs] [Times: user=0.10 sys=0.00, real=0.05 secs] 
2016-02-23T07:52:07.244+0800: 653323.958: [GC [PSYoungGen: 1379968K->11776K(1382016K)] 4156727K->2788747K(4178240K), 0.0317710 secs] [Times: user=0.07 sys=0.00, real=0.03 secs] 
2016-02-23T07:54:55.563+0800: 653492.277: [GC [PSYoungGen: 1377728K->14544K(1381440K)] 4154699K->2791664K(4177664K), 0.0368320 secs] [Times: user=0.08 sys=0.00, real=0.04 secs] 
2016-02-23T07:57:09.753+0800: 653626.467: [GC [PSYoungGen: 1379984K->13968K(1381760K)] 4157104K->2791325K(4177984K), 0.0371290 secs] [Times: user=0.08 sys=0.00, real=0.03 secs] 
2016-02-23T07:59:50.425+0800: 653787.139: [GC [PSYoungGen: 1379408K->14416K(1381504K)] 4156765K->2792085K(4177728K), 0.0381190 secs] [Times: user=0.07 sys=0.00, real=0.03 secs] 
2016-02-23T08:02:29.018+0800: 653945.733: [GC [PSYoungGen: 1379600K->14832K(1380032K)] 4157269K->2792666K(4176256K), 0.0372160 secs] [Times: user=0.08 sys=0.00, real=0.04 secs] 
2016-02-23T08:05:13.188+0800: 654109.902: [GC [PSYoungGen: 1380016K->15056K(1380800K)] 4157850K->2793399K(4177024K), 0.0465050 secs] [Times: user=0.08 sys=0.00, real=0.05 secs] 
2016-02-23T08:07:26.613+0800: 654243.328: [GC [PSYoungGen: 1379088K->13968K(1381056K)] 4157431K->2792556K(4177280K), 0.0354640 secs] [Times: user=0.07 sys=0.00, real=0.04 secs] 
2016-02-23T08:09:39.726+0800: 654376.440: [GC [PSYoungGen: 1378000K->15303K(1380608K)] 4156588K->2794168K(4176832K), 0.0352350 secs] [Times: user=0.08 sys=0.00, real=0.04 secs] 
2016-02-23T08:11:57.250+0800: 654513.965: [GC [PSYoungGen: 1379079K->13632K(1380928K)] 4157944K->2792596K(4177152K), 0.0347720 secs] [Times: user=0.08 sys=0.00, real=0.03 secs] 
2016-02-23T08:14:20.712+0800: 654657.427: [GC [PSYoungGen: 1377408K->13920K(1381504K)] 4156372K->2793064K(4177728K), 0.0376980 secs] [Times: user=0.07 sys=0.00, real=0.04 secs] 
2016-02-23T08:16:25.865+0800: 654782.579: [GC [PSYoungGen: 1378592K->16448K(1381184K)] 4157736K->2795901K(4177408K), 0.0500620 secs] [Times: user=0.08 sys=0.00, real=0.05 secs] 
2016-02-23T08:18:41.197+0800: 654917.911: [GC [PSYoungGen: 1381120K->14720K(1380544K)] 4160573K->2794468K(4176768K), 0.0435780 secs] [Times: user=0.08 sys=0.00, real=0.04 secs] 
2016-02-23T08:20:51.603+0800: 655048.317: [GC [PSYoungGen: 1378368K->13312K(1380864K)] 4158116K->2793412K(4177088K), 0.0336300 secs] [Times: user=0.08 sys=0.00, real=0.04 secs] 
2016-02-23T08:23:02.196+0800: 655178.910: [GC [PSYoungGen: 1376960K->14849K(1381056K)] 4157060K->2795142K(4177280K), 0.0423040 secs] [Times: user=0.08 sys=0.00, real=0.05 secs] 
2016-02-23T08:25:08.535+0800: 655305.249: [GC [PSYoungGen: 1378881K->15616K(1379648K)] 4159174K->2796117K(4175872K), 0.0414290 secs] [Times: user=0.09 sys=0.00, real=0.04 secs] 
2016-02-23T08:27:19.654+0800: 655436.369: [GC [PSYoungGen: 1379648K->14512K(1380992K)] 4160149K->2795117K(4177216K), 0.0411210 secs] [Times: user=0.07 sys=0.00, real=0.04 secs] 
2016-02-23T08:29:27.235+0800: 655563.949: [GC [PSYoungGen: 1378224K->14976K(1380800K)] 4158829K->2795709K(4177024K), 0.0431040 secs] [Times: user=0.09 sys=0.00, real=0.04 secs] 
2016-02-23T08:31:28.333+0800: 655685.047: [GC [PSYoungGen: 1378688K->14832K(1381120K)] 4159421K->2795737K(4177344K), 0.0430910 secs] [Times: user=0.10 sys=0.00, real=0.05 secs] 
2016-02-23T08:33:22.379+0800: 655799.094: [GC [PSYoungGen: 1378864K->14432K(1380992K)] 4159769K->2795549K(4177216K), 0.0438460 secs] [Times: user=0.08 sys=0.00, real=0.04 secs] 
2016-02-23T08:35:05.088+0800: 655901.802: [GC [PSYoungGen: 1378464K->14112K(1381504K)] 4159581K->2795437K(4177728K), 0.0385770 secs] [Times: user=0.08 sys=0.01, real=0.04 secs] 
2016-02-23T08:37:10.153+0800: 656026.867: [GC [PSYoungGen: 1378912K->16080K(1380928K)] 4160237K->2797581K(4177152K), 0.0420000 secs] [Times: user=0.08 sys=0.00, real=0.04 secs] 
2016-02-23T08:39:11.703+0800: 656148.418: [GC [PSYoungGen: 1380880K->13584K(1381184K)] 4162381K->2795374K(4177408K), 0.0338630 secs] [Times: user=0.08 sys=0.00, real=0.04 secs] 
2016-02-23T08:41:16.945+0800: 656273.659: [GC [PSYoungGen: 1377808K->14407K(1381120K)] 4159598K->2796601K(4177344K), 0.0368630 secs] [Times: user=0.07 sys=0.00, real=0.04 secs] 
2016-02-23T08:43:12.417+0800: 656389.131: [GC [PSYoungGen: 1378631K->14880K(1381504K)] 4160825K->2797223K(4177728K), 0.0367250 secs] [Times: user=0.08 sys=0.00, real=0.04 secs] 
2016-02-23T08:45:06.972+0800: 656503.687: [GC [PSYoungGen: 1379744K->15936K(1380864K)] 4162087K->2798431K(4177088K), 0.0415920 secs] [Times: user=0.08 sys=0.00, real=0.04 secs] 
2016-02-23T08:46:57.256+0800: 656613.970: [GC [PSYoungGen: 1380800K->15584K(1380992K)] 4163295K->2798288K(4177216K), 0.0430040 secs] [Times: user=0.10 sys=0.00, real=0.04 secs] 
2016-02-23T08:48:46.624+0800: 656723.338: [GC [PSYoungGen: 1379616K->16138K(1380224K)] 4162320K->2799027K(4176448K), 0.0527550 secs] [Times: user=0.11 sys=0.00, real=0.05 secs] 
2016-02-23T08:50:13.765+0800: 656810.480: [GC [PSYoungGen: 1380170K->13216K(1380608K)] 4163059K->2796281K(4176832K), 0.0369150 secs] [Times: user=0.07 sys=0.00, real=0.03 secs] 
2016-02-23T08:51:59.105+0800: 656915.820: [GC [PSYoungGen: 1376480K->14832K(1380672K)] 4159545K->2798069K(4176896K), 0.0391750 secs] [Times: user=0.08 sys=0.00, real=0.04 secs] 
2016-02-23T08:53:38.691+0800: 657015.405: [GC [PSYoungGen: 1378096K->14640K(1381120K)] 4161333K->2798029K(4177344K), 0.0351230 secs] [Times: user=0.06 sys=0.01, real=0.04 secs] 
2016-02-23T08:55:16.955+0800: 657113.670: [GC [PSYoungGen: 1378608K->14640K(1380928K)] 4161997K->2798145K(4177152K), 0.0370390 secs] [Times: user=0.07 sys=0.00, real=0.04 secs] 
2016-02-23T08:57:08.857+0800: 657225.571: [GC [PSYoungGen: 1378608K->16672K(1379968K)] 4162113K->2800614K(4176192K), 0.0506900 secs] [Times: user=0.09 sys=0.00, real=0.05 secs] 
2016-02-23T08:58:44.743+0800: 657321.457: [GC [PSYoungGen: 1379936K->14272K(1380672K)] 4163878K->2798406K(4176896K), 0.0414640 secs] [Times: user=0.08 sys=0.00, real=0.05 secs] 
2016-02-23T09:00:10.752+0800: 657407.466: [GC [PSYoungGen: 1377536K->15168K(1380928K)] 4161670K->2799671K(4177152K), 0.0435090 secs] [Times: user=0.09 sys=0.00, real=0.04 secs] 
2016-02-23T09:01:29.495+0800: 657486.210: [GC [PSYoungGen: 1378816K->12640K(1376320K)] 4163319K->2797484K(4172544K), 0.0335380 secs] [Times: user=0.07 sys=0.00, real=0.03 secs] 
2016-02-23T09:02:46.298+0800: 657563.012: [GC [PSYoungGen: 1376288K->14192K(1380928K)] 4161132K->2799316K(4177152K), 0.0350720 secs] [Times: user=0.08 sys=0.00, real=0.03 secs] 
2016-02-23T09:04:11.611+0800: 657648.326: [GC [PSYoungGen: 1377776K->15728K(1380736K)] 4162900K->2800988K(4176960K), 0.0469860 secs] [Times: user=0.10 sys=0.00, real=0.05 secs] 
2016-02-23T09:05:25.235+0800: 657721.950: [GC [PSYoungGen: 1379312K->14272K(1380928K)] 4164572K->2799780K(4177152K), 0.0369420 secs] [Times: user=0.07 sys=0.00, real=0.04 secs] 
2016-02-23T09:07:00.268+0800: 657816.983: [GC [PSYoungGen: 1377920K->15904K(1379584K)] 4163428K->2801756K(4175808K), 0.0426500 secs] [Times: user=0.09 sys=0.00, real=0.04 secs] 
2016-02-23T09:08:32.688+0800: 657909.403: [GC [PSYoungGen: 1379552K->14624K(1380928K)] 4165404K->2800668K(4177152K), 0.0393610 secs] [Times: user=0.08 sys=0.00, real=0.04 secs] 
2016-02-23T09:10:01.693+0800: 657998.407: [GC [PSYoungGen: 1378208K->13616K(1380736K)] 4164252K->2799856K(4176960K), 0.0607790 secs] [Times: user=0.14 sys=0.00, real=0.06 secs] 
2016-02-23T09:11:19.478+0800: 658076.192: [GC [PSYoungGen: 1377200K->15424K(1380864K)] 4163440K->2801904K(4177088K), 0.0356250 secs] [Times: user=0.08 sys=0.00, real=0.03 secs] 
2016-02-23T09:12:42.066+0800: 658158.781: [GC [PSYoungGen: 1379200K->15552K(1379392K)] 4165680K->2802309K(4175616K), 0.0370300 secs] [Times: user=0.07 sys=0.01, real=0.04 secs] 
2016-02-23T09:14:07.502+0800: 658244.216: [GC [PSYoungGen: 1379328K->15760K(1380736K)] 4166085K->2802761K(4176960K), 0.0388190 secs] [Times: user=0.08 sys=0.00, real=0.04 secs] 
2016-02-23T09:15:26.455+0800: 658323.169: [GC [PSYoungGen: 1379280K->16960K(1380544K)] 4166281K->2804136K(4176768K), 0.0351140 secs] [Times: user=0.08 sys=0.00, real=0.04 secs] 
2016-02-23T09:16:38.602+0800: 658395.317: [GC [PSYoungGen: 1380480K->13792K(1380032K)] 4167656K->2801221K(4176256K), 0.0423880 secs] [Times: user=0.09 sys=0.00, real=0.05 secs] 
2016-02-23T09:18:09.352+0800: 658486.067: [GC [PSYoungGen: 1376288K->15394K(1380288K)] 4163717K->2802955K(4176512K), 0.0384300 secs] [Times: user=0.08 sys=0.00, real=0.04 secs] 
2016-02-23T09:19:30.247+0800: 658566.961: [GC [PSYoungGen: 1377890K->12928K(1380288K)] 4165451K->2800700K(4176512K), 0.0369210 secs] [Times: user=0.07 sys=0.00, real=0.03 secs] 
2016-02-23T09:20:58.457+0800: 658655.171: [GC [PSYoungGen: 1375552K->15776K(1378432K)] 4163324K->2803830K(4174656K), 0.0411270 secs] [Times: user=0.08 sys=0.00, real=0.04 secs] 
2016-02-23T09:22:12.572+0800: 658729.287: [GC [PSYoungGen: 1378400K->14256K(1380416K)] 4166454K->2802783K(4176640K), 0.0342870 secs] [Times: user=0.07 sys=0.00, real=0.04 secs] 
2016-02-23T09:23:38.747+0800: 658815.461: [GC [PSYoungGen: 1376880K->15776K(1380288K)] 4165407K->2804471K(4176512K), 0.0384670 secs] [Times: user=0.08 sys=0.00, real=0.04 secs] 
2016-02-23T09:25:01.745+0800: 658898.460: [GC [PSYoungGen: 1378400K->17025K(1379456K)] 4167095K->2805897K(4175680K), 0.0394750 secs] [Times: user=0.08 sys=0.00, real=0.04 secs] 
2016-02-23T09:26:16.287+0800: 658973.002: [GC [PSYoungGen: 1378753K->14103K(1379904K)] 4167625K->2803368K(4176128K), 0.0357110 secs] [Times: user=0.07 sys=0.00, real=0.04 secs] 
2016-02-23T09:27:48.644+0800: 659065.359: [GC [PSYoungGen: 1375831K->14944K(1380288K)] 4165096K->2804555K(4176512K), 0.0417000 secs] [Times: user=0.09 sys=0.00, real=0.04 secs] 
2016-02-23T09:29:05.358+0800: 659142.072: [GC [PSYoungGen: 1377120K->16448K(1379968K)] 4166731K->2806224K(4176192K), 0.0405390 secs] [Times: user=0.08 sys=0.00, real=0.04 secs] 
2016-02-23T09:30:19.941+0800: 659216.656: [GC [PSYoungGen: 1378624K->15136K(1380288K)] 4168400K->2805096K(4176512K), 0.0381520 secs] [Times: user=0.07 sys=0.00, real=0.04 secs] 
2016-02-23T09:31:39.347+0800: 659296.062: [GC [PSYoungGen: 1377376K->14224K(1380032K)] 4167336K->2804416K(4176256K), 0.0447240 secs] [Times: user=0.08 sys=0.00, real=0.05 secs] 
2016-02-23T09:32:56.287+0800: 659373.002: [GC [PSYoungGen: 1376464K->17168K(1379392K)] 4166656K->2807649K(4175616K), 0.0387650 secs] [Times: user=0.08 sys=0.00, real=0.04 secs] 
2016-02-23T09:34:16.214+0800: 659452.928: [GC [PSYoungGen: 1378896K->17920K(1379712K)] 4169377K->2808706K(4175936K), 0.0429140 secs] [Times: user=0.07 sys=0.00, real=0.04 secs] 
2016-02-23T09:35:18.496+0800: 659515.210: [GC [PSYoungGen: 1379648K->14672K(1379072K)] 4170434K->2805670K(4175296K), 0.0355680 secs] [Times: user=0.07 sys=0.00, real=0.04 secs] 
2016-02-23T09:36:31.221+0800: 659587.935: [GC [PSYoungGen: 1375376K->15053K(1379392K)] 4166374K->2806267K(4175616K), 0.0407060 secs] [Times: user=0.08 sys=0.00, real=0.04 secs] 
2016-02-23T09:37:49.993+0800: 659666.707: [GC [PSYoungGen: 1375757K->14784K(1379840K)] 4166971K->2806380K(4176064K), 0.0365060 secs] [Times: user=0.08 sys=0.00, real=0.04 secs] 
2016-02-23T09:39:10.533+0800: 659747.247: [GC [PSYoungGen: 1376192K->18208K(1379648K)] 4167788K->2811053K(4175872K), 0.0426180 secs] [Times: user=0.08 sys=0.00, real=0.04 secs] 
2016-02-23T09:40:28.422+0800: 659825.137: [GC [PSYoungGen: 1379616K->15616K(1378240K)] 4172461K->2808730K(4174464K), 0.0442840 secs] [Times: user=0.09 sys=0.00, real=0.05 secs] 
2016-02-23T09:41:53.143+0800: 659909.857: [GC [PSYoungGen: 1375424K->15648K(1378944K)] 4168538K->2809059K(4175168K), 0.0384200 secs] [Times: user=0.08 sys=0.00, real=0.04 secs] 
2016-02-23T09:43:01.146+0800: 659977.860: [GC [PSYoungGen: 1375456K->14100K(1379264K)] 4168867K->2807799K(4175488K), 0.0456150 secs] [Times: user=0.09 sys=0.00, real=0.05 secs] 
2016-02-23T09:44:19.329+0800: 660056.043: [GC [PSYoungGen: 1374548K->17024K(1377472K)] 4168247K->2810927K(4173696K), 0.0401170 secs] [Times: user=0.07 sys=0.00, real=0.04 secs] 
2016-02-23T09:45:30.921+0800: 660127.635: [GC [PSYoungGen: 1377472K->14816K(1379264K)] 4171375K->2808855K(4175488K), 0.0449500 secs] [Times: user=0.09 sys=0.00, real=0.04 secs] 
2016-02-23T09:46:48.614+0800: 660205.329: [GC [PSYoungGen: 1375072K->16304K(1379072K)] 4169111K->2810475K(4175296K), 0.0390970 secs] [Times: user=0.08 sys=0.00, real=0.04 secs] 
2016-02-23T09:48:08.971+0800: 660285.685: [GC [PSYoungGen: 1376560K->16307K(1379392K)] 4170731K->2810822K(4175616K), 0.0389090 secs] [Times: user=0.08 sys=0.00, real=0.04 secs] 
2016-02-23T09:49:27.820+0800: 660364.534: [GC [PSYoungGen: 1376947K->17072K(1377728K)] 4171462K->2811888K(4173952K), 0.0398880 secs] [Times: user=0.08 sys=0.00, real=0.04 secs] 
2016-02-23T09:50:41.081+0800: 660437.796: [GC [PSYoungGen: 1377712K->14976K(1379328K)] 4172528K->2810197K(4175552K), 0.0377290 secs] [Times: user=0.08 sys=0.00, real=0.04 secs] 
2016-02-23T09:51:54.323+0800: 660511.038: [GC [PSYoungGen: 1375424K->15216K(1379200K)] 4170645K->2810690K(4175424K), 0.0354580 secs] [Times: user=0.07 sys=0.00, real=0.04 secs] 
2016-02-23T09:52:56.607+0800: 660573.322: [GC [PSYoungGen: 1375664K->13872K(1379392K)] 4171138K->2809519K(4175616K), 0.0389240 secs] [Times: user=0.08 sys=0.00, real=0.04 secs] 
2016-02-23T09:52:56.646+0800: 660573.361: [Full GC [PSYoungGen: 13872K->0K(1379392K)] [PSOldGen: 2795647K->1483644K(2796224K)] 2809519K->1483644K(4175616K) [PSPermGen: 97025K->97025K(194368K)], 6.2234430 secs] [Times: user=5.77 sys=0.41, real=6.23 secs] 
2016-02-23T09:53:59.181+0800: 660635.896: [GC [PSYoungGen: 1360832K->18611K(1379456K)] 2844476K->1504273K(4175680K), 0.0511870 secs] [Times: user=0.13 sys=0.00, real=0.05 secs] 
2016-02-23T09:55:18.179+0800: 660714.894: [GC [PSYoungGen: 1379443K->18064K(1375744K)] 2865105K->1509741K(4171968K), 0.0418040 secs] [Times: user=0.08 sys=0.00, real=0.05 secs] 
2016-02-23T09:56:32.712+0800: 660789.427: [GC [PSYoungGen: 1375184K->18464K(1375616K)] 2866861K->1510503K(4171840K), 0.0428330 secs] [Times: user=0.06 sys=0.00, real=0.04 secs] 
2016-02-23T09:57:44.833+0800: 660861.547: [GC [PSYoungGen: 1375584K->18640K(1376512K)] 2867623K->1510955K(4172736K), 0.0417420 secs] [Times: user=0.06 sys=0.00, real=0.04 secs] 
2016-02-23T09:58:56.949+0800: 660933.664: [GC [PSYoungGen: 1374224K->20448K(1376064K)] 2866539K->1513179K(4172288K), 0.0441550 secs] [Times: user=0.07 sys=0.00, real=0.04 secs] 
2016-02-23T09:59:54.516+0800: 660991.231: [GC [PSYoungGen: 1376032K->16128K(1376256K)] 2868763K->1509064K(4172480K), 0.0483810 secs] [Times: user=0.09 sys=0.00, real=0.05 secs] 
2016-02-23T10:00:50.829+0800: 661047.543: [GC [PSYoungGen: 1370368K->18784K(1376064K)] 2863304K->1511917K(4172288K), 0.0404080 secs] [Times: user=0.07 sys=0.00, real=0.04 secs] 
2016-02-23T10:01:38.198+0800: 661094.912: [GC [PSYoungGen: 1373024K->18512K(1376064K)] 2866157K->1511962K(4172288K), 0.0364650 secs] [Times: user=0.06 sys=0.00, real=0.03 secs] 
2016-02-23T10:02:28.157+0800: 661144.871: [GC [PSYoungGen: 1372560K->19280K(1373376K)] 2866010K->1512914K(4169600K), 0.0469260 secs] [Times: user=0.08 sys=0.00, real=0.05 secs] 
2016-02-23T10:03:18.878+0800: 661195.592: [GC [PSYoungGen: 1373328K->17872K(1376128K)] 2866962K->1511830K(4172352K), 0.0405080 secs] [Times: user=0.07 sys=0.00, real=0.04 secs] 
2016-02-23T10:04:08.709+0800: 661245.423: [GC [PSYoungGen: 1371664K->19360K(1375744K)] 2865622K->1513563K(4171968K), 0.0425680 secs] [Times: user=0.07 sys=0.00, real=0.04 secs] 
2016-02-23T10:05:08.519+0800: 661305.234: [GC [PSYoungGen: 1373152K->18272K(1376128K)] 2867355K->1512531K(4172352K), 0.0394080 secs] [Times: user=0.07 sys=0.00, real=0.04 secs] 
2016-02-23T10:06:08.940+0800: 661365.654: [GC [PSYoungGen: 1372192K->19904K(1373888K)] 2866451K->1514363K(4170112K), 0.0404590 secs] [Times: user=0.06 sys=0.00, real=0.04 secs] 
2016-02-23T10:07:06.074+0800: 661422.788: [GC [PSYoungGen: 1373824K->16864K(1376000K)] 2868283K->1511523K(4172224K), 0.0430060 secs] [Times: user=0.08 sys=0.00, real=0.05 secs] 
2016-02-23T10:08:10.305+0800: 661487.019: [GC [PSYoungGen: 1370528K->17664K(1375744K)] 2865187K->1512696K(4171968K), 0.0364960 secs] [Times: user=0.07 sys=0.00, real=0.03 secs] 
2016-02-23T10:09:12.721+0800: 661549.435: [GC [PSYoungGen: 1371328K->18000K(1376704K)] 2866360K->1513526K(4172928K), 0.0436600 secs] [Times: user=0.07 sys=0.00, real=0.04 secs] 
2016-02-23T10:10:07.941+0800: 661604.655: [GC [PSYoungGen: 1373008K->18190K(1376384K)] 2868534K->1513914K(4172608K), 0.0413590 secs] [Times: user=0.07 sys=0.00, real=0.04 secs] 
2016-02-23T10:11:04.700+0800: 661661.414: [GC [PSYoungGen: 1373198K->17568K(1377216K)] 2868922K->1513654K(4173440K), 0.0370050 secs] [Times: user=0.06 sys=0.00, real=0.03 secs] 
2016-02-23T10:12:11.343+0800: 661728.057: [GC [PSYoungGen: 1373600K->16672K(1376896K)] 2869686K->1513126K(4173120K), 0.0384480 secs] [Times: user=0.06 sys=0.00, real=0.04 secs] 
2016-02-23T10:13:10.257+0800: 661786.971: [GC [PSYoungGen: 1372704K->17776K(1377600K)] 2869158K->1514522K(4173824K), 0.0395440 secs] [Times: user=0.07 sys=0.00, real=0.04 secs] 
2016-02-23T10:14:11.095+0800: 661847.809: [GC [PSYoungGen: 1374576K->17184K(1377280K)] 2871322K->1514130K(4173504K), 0.0425280 secs] [Times: user=0.07 sys=0.00, real=0.04 secs] 
2016-02-23T10:15:05.246+0800: 661901.960: [GC [PSYoungGen: 1373984K->16304K(1377792K)] 2870930K->1513455K(4174016K), 0.0375550 secs] [Times: user=0.06 sys=0.00, real=0.04 secs] 
2016-02-23T10:16:02.766+0800: 661959.481: [GC [PSYoungGen: 1373744K->15360K(1372864K)] 2870895K->1512808K(4169088K), 0.0361890 secs] [Times: user=0.07 sys=0.00, real=0.03 secs] 
2016-02-23T10:17:05.158+0800: 662021.872: [GC [PSYoungGen: 1372800K->20076K(1376256K)] 2870248K->1517812K(4172480K), 0.0401710 secs] [Times: user=0.07 sys=0.00, real=0.04 secs] 
2016-02-23T10:18:02.942+0800: 662079.656: [GC [PSYoungGen: 1375916K->16048K(1376960K)] 2873652K->1514132K(4173184K), 0.0409220 secs] [Times: user=0.07 sys=0.00, real=0.04 secs] 
2016-02-23T10:19:03.124+0800: 662139.838: [GC [PSYoungGen: 1371888K->19040K(1376640K)] 2869972K->1517477K(4172864K), 0.0425250 secs] [Times: user=0.07 sys=0.00, real=0.04 secs] 
2016-02-23T10:19:59.690+0800: 662196.405: [GC [PSYoungGen: 1374624K->17520K(1376832K)] 2873061K->1516185K(4173056K), 0.0390170 secs] [Times: user=0.06 sys=0.00, real=0.04 secs] 
2016-02-23T10:20:54.275+0800: 662250.989: [GC [PSYoungGen: 1373104K->17776K(1377408K)] 2871769K->1516645K(4173632K), 0.0366120 secs] [Times: user=0.06 sys=0.00, real=0.04 secs] 
2016-02-23T10:21:56.382+0800: 662313.096: [GC [PSYoungGen: 1374256K->17988K(1377152K)] 2873125K->1517138K(4173376K), 0.0394570 secs] [Times: user=0.07 sys=0.00, real=0.04 secs] 
2016-02-23T10:22:58.133+0800: 662374.847: [GC [PSYoungGen: 1374468K->16992K(1377728K)] 2873618K->1516442K(4173952K), 0.0393880 secs] [Times: user=0.07 sys=0.00, real=0.04 secs] 
2016-02-23T10:23:58.488+0800: 662435.203: [GC [PSYoungGen: 1374187K->19667K(1376960K)] 2873638K->1519382K(4173184K), 0.0425270 secs] [Times: user=0.07 sys=0.01, real=0.04 secs] 
2016-02-23T10:24:59.355+0800: 662496.070: [GC [PSYoungGen: 1376915K->16144K(1377280K)] 2876630K->1516306K(4173504K), 0.0327190 secs] [Times: user=0.06 sys=0.00, real=0.04 secs] 
2016-02-23T10:25:57.482+0800: 662554.197: [GC [PSYoungGen: 1372624K->15584K(1372096K)] 2872786K->1515939K(4168320K), 0.0413090 secs] [Times: user=0.06 sys=0.00, real=0.04 secs] 
2016-02-23T10:26:59.535+0800: 662616.249: [GC [PSYoungGen: 1372064K->15776K(1377280K)] 2872419K->1516412K(4173504K), 0.0345430 secs] [Times: user=0.07 sys=0.00, real=0.03 secs] 
2016-02-23T10:28:03.993+0800: 662680.708: [GC [PSYoungGen: 1372192K->18336K(1377216K)] 2872828K->1519271K(4173440K), 0.0461970 secs] [Times: user=0.07 sys=0.00, real=0.05 secs] 
2016-02-23T10:29:03.668+0800: 662740.383: [GC [PSYoungGen: 1374752K->15120K(1377152K)] 2875687K->1516207K(4173376K), 0.0366780 secs] [Times: user=0.05 sys=0.00, real=0.04 secs] 
2016-02-23T10:30:05.881+0800: 662802.596: [GC [PSYoungGen: 1371472K->17296K(1377216K)] 2872559K->1518579K(4173440K), 0.0370700 secs] [Times: user=0.06 sys=0.00, real=0.03 secs] 
2016-02-23T10:30:57.386+0800: 662854.101: [GC [PSYoungGen: 1373648K->16960K(1377856K)] 2874931K->1518700K(4174080K), 0.0367400 secs] [Times: user=0.06 sys=0.00, real=0.04 secs] 
2016-02-23T10:31:57.341+0800: 662914.055: [GC [PSYoungGen: 1374272K->17328K(1377536K)] 2876012K->1519236K(4173760K), 0.0370320 secs] [Times: user=0.06 sys=0.01, real=0.04 secs] 
2016-02-23T10:32:57.060+0800: 662973.774: [GC [PSYoungGen: 1374640K->16992K(1378304K)] 2876548K->1519177K(4174528K), 0.0377700 secs] [Times: user=0.07 sys=0.00, real=0.03 secs] 
2016-02-23T10:34:04.717+0800: 663041.432: [GC [PSYoungGen: 1375264K->17797K(1378048K)] 2877449K->1520187K(4174272K), 0.0373590 secs] [Times: user=0.07 sys=0.00, real=0.03 secs] 
2016-02-23T10:35:11.246+0800: 663107.960: [GC [PSYoungGen: 1376069K->17008K(1378560K)] 2878459K->1520479K(4174784K), 0.0379930 secs] [Times: user=0.07 sys=0.00, real=0.04 secs] 
2016-02-23T10:36:22.804+0800: 663179.518: [GC [PSYoungGen: 1375792K->19168K(1377984K)] 2879263K->1522963K(4174208K), 0.0405990 secs] [Times: user=0.07 sys=0.00, real=0.04 secs] 
2016-02-23T10:37:29.408+0800: 663246.122: [GC [PSYoungGen: 1377952K->19071K(1377280K)] 2881747K->1523151K(4173504K), 0.0430780 secs] [Times: user=0.08 sys=0.00, real=0.04 secs] 
2016-02-23T10:38:29.502+0800: 663306.216: [GC [PSYoungGen: 1376319K->16200K(1377664K)] 2880399K->1521146K(4173888K), 0.0397250 secs] [Times: user=0.07 sys=0.00, real=0.04 secs] 
2016-02-23T10:39:25.540+0800: 663362.255: [GC [PSYoungGen: 1373448K->15808K(1377728K)] 2878394K->1521166K(4173952K), 0.0388660 secs] [Times: user=0.07 sys=0.00, real=0.04 secs] 
2016-02-23T10:40:23.621+0800: 663420.335: [GC [PSYoungGen: 1373184K->16752K(1377728K)] 2878542K->1522395K(4173952K), 0.0347340 secs] [Times: user=0.07 sys=0.00, real=0.03 secs] 
2016-02-23T10:41:27.130+0800: 663483.844: [GC [PSYoungGen: 1374128K->15744K(1377984K)] 2879771K->1521865K(4174208K), 0.0389130 secs] [Times: user=0.06 sys=0.00, real=0.04 secs] 
2016-02-23T10:42:31.074+0800: 663547.788: [GC [PSYoungGen: 1373632K->17280K(1377984K)] 2879753K->1523597K(4174208K), 0.0366850 secs] [Times: user=0.07 sys=0.00, real=0.03 secs] 
2016-02-23T10:43:30.741+0800: 663607.455: [GC [PSYoungGen: 1375168K->16307K(1378368K)] 2881485K->1522748K(4174592K), 0.0362830 secs] [Times: user=0.07 sys=0.00, real=0.03 secs] 
2016-02-23T10:44:34.106+0800: 663670.821: [GC [PSYoungGen: 1374835K->16080K(1378240K)] 2881276K->1522966K(4174464K), 0.0363140 secs] [Times: user=0.07 sys=0.00, real=0.03 secs] 
2016-02-23T10:45:36.370+0800: 663733.085: [GC [PSYoungGen: 1374608K->18416K(1377856K)] 2881494K->1525737K(4174080K), 0.0430200 secs] [Times: user=0.07 sys=0.00, real=0.05 secs] 
2016-02-23T10:46:37.271+0800: 663793.986: [GC [PSYoungGen: 1376688K->16224K(1378176K)] 2884009K->1523690K(4174400K), 0.0333070 secs] [Times: user=0.05 sys=0.00, real=0.03 secs] 
2016-02-23T10:47:33.159+0800: 663849.873: [GC [PSYoungGen: 1374496K->16240K(1378496K)] 2881962K->1524131K(4174720K), 0.0366470 secs] [Times: user=0.07 sys=0.00, real=0.03 secs] 
2016-02-23T10:48:30.436+0800: 663907.150: [GC [PSYoungGen: 1374960K->18290K(1377024K)] 2882851K->1526369K(4173248K), 0.0371450 secs] [Times: user=0.06 sys=0.01, real=0.04 secs] 
2016-02-23T10:49:22.966+0800: 663959.680: [GC [PSYoungGen: 1377010K->15200K(1378112K)] 2885089K->1523756K(4174336K), 0.0336400 secs] [Times: user=0.06 sys=0.00, real=0.04 secs] 
2016-02-23T10:50:14.050+0800: 664010.765: [GC [PSYoungGen: 1373472K->15152K(1378176K)] 2882028K->1524046K(4174400K), 0.0361970 secs] [Times: user=0.07 sys=0.00, real=0.04 secs] 
2016-02-23T10:51:12.947+0800: 664069.661: [GC [PSYoungGen: 1373424K->16976K(1378432K)] 2882318K->1526217K(4174656K), 0.0373380 secs] [Times: user=0.07 sys=0.00, real=0.04 secs] 
2016-02-23T10:52:12.940+0800: 664129.655: [GC [PSYoungGen: 1375504K->15872K(1378176K)] 2884745K->1525253K(4174400K), 0.0341370 secs] [Times: user=0.06 sys=0.01, real=0.03 secs] 
2016-02-23T10:53:17.910+0800: 664194.625: [GC [PSYoungGen: 1374400K->16992K(1378688K)] 2883781K->1526582K(4174912K), 0.0352660 secs] [Times: user=0.06 sys=0.00, real=0.04 secs] 
2016-02-23T10:54:17.165+0800: 664253.879: [GC [PSYoungGen: 1376160K->16656K(1378560K)] 2885750K->1526594K(4174784K), 0.0339350 secs] [Times: user=0.06 sys=0.00, real=0.03 secs] 
2016-02-23T10:55:12.037+0800: 664308.752: [GC [PSYoungGen: 1375824K->14512K(1378752K)] 2885762K->1524835K(4174976K), 0.0360910 secs] [Times: user=0.06 sys=0.00, real=0.03 secs] 
2016-02-23T10:56:15.473+0800: 664372.187: [GC [PSYoungGen: 1374137K->17354K(1377088K)] 2884460K->1527842K(4173312K), 0.0374160 secs] [Times: user=0.07 sys=0.00, real=0.03 secs] 
2016-02-23T10:57:16.861+0800: 664433.575: [GC [PSYoungGen: 1377034K->18080K(1378176K)] 2887522K->1528753K(4174400K), 0.0391840 secs] [Times: user=0.06 sys=0.00, real=0.04 secs] 
2016-02-23T10:58:20.168+0800: 664496.882: [GC [PSYoungGen: 1376992K->17136K(1378496K)] 2887665K->1528013K(4174720K), 0.0371920 secs] [Times: user=0.06 sys=0.00, real=0.04 secs] 
2016-02-23T10:59:19.862+0800: 664556.576: [GC [PSYoungGen: 1376048K->17809K(1378368K)] 2886925K->1529000K(4174592K), 0.0380780 secs] [Times: user=0.07 sys=0.00, real=0.04 secs] 
2016-02-23T11:00:15.039+0800: 664611.754: [GC [PSYoungGen: 1376721K->15600K(1378496K)] 2887912K->1527459K(4174720K), 0.0340870 secs] [Times: user=0.06 sys=0.00, real=0.03 secs] 
2016-02-23T11:01:07.888+0800: 664664.602: [GC [PSYoungGen: 1374512K->16800K(1378816K)] 2886371K->1528947K(4175040K), 0.0365150 secs] [Times: user=0.06 sys=0.00, real=0.04 secs] 
2016-02-23T11:02:07.240+0800: 664723.954: [GC [PSYoungGen: 1376096K->17792K(1378560K)] 2888243K->1530180K(4174784K), 0.0517350 secs] [Times: user=0.08 sys=0.01, real=0.05 secs] 
2016-02-23T11:03:03.015+0800: 664779.730: [GC [PSYoungGen: 1377088K->16336K(1378816K)] 2889476K->1528972K(4175040K), 0.0353920 secs] [Times: user=0.06 sys=0.00, real=0.04 secs] 
2016-02-23T11:04:07.144+0800: 664843.858: [GC [PSYoungGen: 1375760K->17792K(1378688K)] 2888396K->1530560K(4174912K), 0.0385320 secs] [Times: user=0.06 sys=0.00, real=0.03 secs] 
2016-02-23T11:05:09.978+0800: 664906.692: [GC [PSYoungGen: 1377216K->18672K(1377920K)] 2889984K->1531641K(4174144K), 0.0416050 secs] [Times: user=0.07 sys=0.00, real=0.04 secs] 
2016-02-23T11:06:11.366+0800: 664968.081: [GC [PSYoungGen: 1377200K->17808K(1378304K)] 2890169K->1530941K(4174528K), 0.0369630 secs] [Times: user=0.06 sys=0.00, real=0.03 secs] 
2016-02-23T11:07:07.306+0800: 665024.020: [GC [PSYoungGen: 1376336K->17024K(1378496K)] 2889469K->1530361K(4174720K), 0.0343740 secs] [Times: user=0.06 sys=0.00, real=0.04 secs] 
2016-02-23T11:08:06.681+0800: 665083.395: [GC [PSYoungGen: 1375744K->16848K(1378304K)] 2889081K->1530509K(4174528K), 0.0396900 secs] [Times: user=0.07 sys=0.00, real=0.04 secs] 
2016-02-23T11:09:08.923+0800: 665145.637: [GC [PSYoungGen: 1375568K->17632K(1378752K)] 2889229K->1531670K(4174976K), 0.0351350 secs] [Times: user=0.07 sys=0.00, real=0.04 secs] 
2016-02-23T11:10:08.545+0800: 665205.260: [GC [PSYoungGen: 1376992K->17040K(1378688K)] 2891030K->1531286K(4174912K), 0.0386130 secs] [Times: user=0.06 sys=0.00, real=0.04 secs] 
2016-02-23T11:11:07.500+0800: 665264.214: [GC [PSYoungGen: 1376400K->17024K(1379136K)] 2890646K->1531403K(4175360K), 0.0362130 secs] [Times: user=0.06 sys=0.01, real=0.04 secs] 
2016-02-23T11:12:04.724+0800: 665321.439: [GC [PSYoungGen: 1377024K->15751K(1378944K)] 2891403K->1530506K(4175168K), 0.0378230 secs] [Times: user=0.06 sys=0.00, real=0.03 secs] 
2016-02-23T11:13:02.588+0800: 665379.302: [GC [PSYoungGen: 1375751K->18834K(1378048K)] 2890506K->1533890K(4174272K), 0.0389470 secs] [Times: user=0.07 sys=0.00, real=0.04 secs] 
2016-02-23T11:14:01.233+0800: 665437.947: [GC [PSYoungGen: 1377874K->16896K(1378560K)] 2892930K->1532275K(4174784K), 0.0357440 secs] [Times: user=0.06 sys=0.00, real=0.04 secs] 
2016-02-23T11:15:03.067+0800: 665499.781: [GC [PSYoungGen: 1375936K->18544K(1378112K)] 2891315K->1534096K(4174336K), 0.0387680 secs] [Times: user=0.07 sys=0.00, real=0.04 secs] 
2016-02-23T11:15:52.080+0800: 665548.794: [GC [PSYoungGen: 1377328K->15361K(1374208K)] 2892880K->1531077K(4170432K), 0.0349450 secs] [Times: user=0.06 sys=0.00, real=0.04 secs] 
2016-02-23T11:16:54.179+0800: 665610.893: [GC [PSYoungGen: 1374145K->17872K(1378240K)] 2889861K->1534082K(4174464K), 0.0371550 secs] [Times: user=0.06 sys=0.00, real=0.04 secs] 
2016-02-23T11:17:51.584+0800: 665668.298: [GC [PSYoungGen: 1376400K->16620K(1378304K)] 2892610K->1533488K(4174528K), 0.0358170 secs] [Times: user=0.07 sys=0.01, real=0.04 secs] 
2016-02-23T11:18:51.204+0800: 665727.918: [GC [PSYoungGen: 1375148K->15424K(1378368K)] 2892016K->1532383K(4174592K), 0.0324910 secs] [Times: user=0.05 sys=0.00, real=0.04 secs] 
2016-02-23T11:19:52.647+0800: 665789.361: [GC [PSYoungGen: 1374208K->16784K(1378432K)] 2891167K->1534076K(4174656K), 0.0354280 secs] [Times: user=0.07 sys=0.00, real=0.03 secs] 
2016-02-23T11:20:49.577+0800: 665846.292: [GC [PSYoungGen: 1375568K->15616K(1378688K)] 2892860K->1533068K(4174912K), 0.0328050 secs] [Times: user=0.06 sys=0.00, real=0.04 secs] 
2016-02-23T11:21:52.036+0800: 665908.750: [GC [PSYoungGen: 1374912K->16976K(1378688K)] 2892364K->1534597K(4174912K), 0.0348290 secs] [Times: user=0.06 sys=0.00, real=0.04 secs] 
2016-02-23T11:22:47.292+0800: 665964.007: [GC [PSYoungGen: 1376272K->17808K(1378624K)] 2893893K->1535962K(4174848K), 0.0426980 secs] [Times: user=0.07 sys=0.00, real=0.04 secs] 
2016-02-23T11:23:47.774+0800: 666024.489: [GC [PSYoungGen: 1377232K->14224K(1373696K)] 2895386K->1532706K(4169920K), 0.0360680 secs] [Times: user=0.06 sys=0.00, real=0.04 secs] 
2016-02-23T11:24:41.922+0800: 666078.637: [GC [PSYoungGen: 1373648K->16848K(1378752K)] 2892130K->1535583K(4174976K), 0.0366720 secs] [Times: user=0.06 sys=0.00, real=0.04 secs] 
2016-02-23T11:25:37.957+0800: 666134.671: [GC [PSYoungGen: 1376080K->15360K(1378560K)] 2894815K->1534271K(4174784K), 0.0344110 secs] [Times: user=0.06 sys=0.00, real=0.03 secs] 
2016-02-23T11:26:38.745+0800: 666195.460: [GC [PSYoungGen: 1374592K->16128K(1379008K)] 2893503K->1535479K(4175232K), 0.0364460 secs] [Times: user=0.07 sys=0.00, real=0.04 secs] 
2016-02-23T11:27:41.154+0800: 666257.868: [GC [PSYoungGen: 1375872K->16496K(1378816K)] 2895223K->1536263K(4175040K), 0.0366890 secs] [Times: user=0.06 sys=0.00, real=0.03 secs] 
2016-02-23T11:28:49.076+0800: 666325.790: [GC [PSYoungGen: 1376240K->15472K(1379328K)] 2896007K->1535456K(4175552K), 0.0379300 secs] [Times: user=0.06 sys=0.01, real=0.04 secs] 
2016-02-23T11:29:43.987+0800: 666380.701: [GC [PSYoungGen: 1375984K->15696K(1379264K)] 2895968K->1536036K(4175488K), 0.0387700 secs] [Times: user=0.06 sys=0.00, real=0.04 secs] 
2016-02-23T11:30:33.452+0800: 666430.167: [GC [PSYoungGen: 1376208K->13472K(1378880K)] 2896548K->1534140K(4175104K), 0.0304280 secs] [Times: user=0.06 sys=0.00, real=0.02 secs] 
2016-02-23T11:31:35.564+0800: 666492.278: [GC [PSYoungGen: 1373664K->16576K(1379136K)] 2894332K->1537428K(4175360K), 0.0356110 secs] [Times: user=0.06 sys=0.00, real=0.03 secs] 
2016-02-23T11:32:32.394+0800: 666549.109: [GC [PSYoungGen: 1376768K->16480K(1379392K)] 2897620K->1537709K(4175616K), 0.0353820 secs] [Times: user=0.06 sys=0.00, real=0.04 secs] 
2016-02-23T11:33:25.561+0800: 666602.276: [GC [PSYoungGen: 1377056K->17857K(1378496K)] 2898285K->1539249K(4174720K), 0.0438690 secs] [Times: user=0.07 sys=0.00, real=0.05 secs] 
2016-02-23T11:34:19.979+0800: 666656.694: [GC [PSYoungGen: 1378433K->16254K(1379264K)] 2899825K->1538032K(4175488K), 0.0352750 secs] [Times: user=0.06 sys=0.00, real=0.04 secs] 
2016-02-23T11:35:19.337+0800: 666716.051: [GC [PSYoungGen: 1376446K->16512K(1379008K)] 2898224K->1539244K(4175232K), 0.0409920 secs] [Times: user=0.07 sys=0.00, real=0.04 secs] 
2016-02-23T11:36:18.825+0800: 666775.540: [GC [PSYoungGen: 1376704K->15872K(1379584K)] 2899436K->1538724K(4175808K), 0.0390460 secs] [Times: user=0.06 sys=0.00, real=0.04 secs] 
2016-02-23T11:37:10.123+0800: 666826.837: [GC [PSYoungGen: 1376832K->15312K(1379456K)] 2899684K->1538425K(4175680K), 0.0307530 secs] [Times: user=0.06 sys=0.00, real=0.03 secs] 
2016-02-23T11:38:02.717+0800: 666879.431: [GC [PSYoungGen: 1376272K->16016K(1379840K)] 2899385K->1539256K(4176064K), 0.0404600 secs] [Times: user=0.07 sys=0.00, real=0.04 secs] 
2016-02-23T11:38:57.206+0800: 666933.920: [GC [PSYoungGen: 1377424K->15632K(1379648K)] 2900664K->1539104K(4175872K), 0.0343960 secs] [Times: user=0.06 sys=0.00, real=0.04 secs] 
2016-02-23T11:39:46.466+0800: 666983.181: [GC [PSYoungGen: 1377040K->14721K(1379840K)] 2900512K->1538322K(4176064K), 0.0306420 secs] [Times: user=0.06 sys=0.00, real=0.03 secs] 
2016-02-23T11:40:40.319+0800: 667037.034: [GC [PSYoungGen: 1376449K->14912K(1379904K)] 2900050K->1538729K(4176128K), 0.0344440 secs] [Times: user=0.06 sys=0.00, real=0.03 secs] 
2016-02-23T11:41:43.287+0800: 667100.002: [GC [PSYoungGen: 1376640K->16016K(1380096K)] 2900457K->1540059K(4176320K), 0.0336610 secs] [Times: user=0.06 sys=0.00, real=0.04 secs] 
2016-02-23T11:42:43.746+0800: 667160.461: [GC [PSYoungGen: 1378000K->15872K(1379968K)] 2902043K->1540147K(4176192K), 0.0338470 secs] [Times: user=0.07 sys=0.00, real=0.04 secs] 
2016-02-23T11:43:47.502+0800: 667224.216: [GC [PSYoungGen: 1377856K->16880K(1379968K)] 2902131K->1541479K(4176192K), 0.0382710 secs] [Times: user=0.07 sys=0.00, real=0.04 secs] 
2016-02-23T11:44:46.765+0800: 667283.479: [GC [PSYoungGen: 1379120K->16256K(1380160K)] 2903719K->1541108K(4176384K), 0.0342190 secs] [Times: user=0.06 sys=0.00, real=0.03 secs] 
2016-02-23T11:45:42.842+0800: 667339.556: [GC [PSYoungGen: 1378496K->15632K(1380352K)] 2903348K->1540673K(4176576K), 0.0342380 secs] [Times: user=0.06 sys=0.00, real=0.04 secs] 
2016-02-23T11:46:25.674+0800: 667382.388: [GC [PSYoungGen: 1378128K->13488K(1376000K)] 2903169K->1538825K(4172224K), 0.0319380 secs] [Times: user=0.06 sys=0.00, real=0.03 secs] 
2016-02-23T11:47:16.069+0800: 667432.783: [GC [PSYoungGen: 1375984K->13312K(1379712K)] 2901321K->1538941K(4175936K), 0.0319670 secs] [Times: user=0.07 sys=0.00, real=0.04 secs] 
2016-02-23T11:48:08.124+0800: 667484.838: [GC [PSYoungGen: 1375040K->13968K(1379904K)] 2900669K->1539826K(4176128K), 0.0308980 secs] [Times: user=0.05 sys=0.01, real=0.03 secs] 
2016-02-23T11:48:58.803+0800: 667535.518: [GC [PSYoungGen: 1375696K->13776K(1379904K)] 2901554K->1539794K(4176128K), 0.0344980 secs] [Times: user=0.06 sys=0.00, real=0.04 secs] 
2016-02-23T11:49:51.885+0800: 667588.600: [GC [PSYoungGen: 1375504K->16754K(1378496K)] 2901522K->1542928K(4174720K), 0.0364140 secs] [Times: user=0.06 sys=0.00, real=0.04 secs] 
2016-02-23T11:50:47.542+0800: 667644.257: [GC [PSYoungGen: 1378482K->15584K(1379840K)] 2904656K->1542464K(4176064K), 0.0375070 secs] [Times: user=0.06 sys=0.00, real=0.04 secs] 
2016-02-23T11:51:39.846+0800: 667696.560: [GC [PSYoungGen: 1376992K->15232K(1379648K)] 2903872K->1542460K(4175872K), 0.0342660 secs] [Times: user=0.06 sys=0.00, real=0.03 secs] 
2016-02-23T11:52:27.902+0800: 667744.617: [GC [PSYoungGen: 1376640K->16341K(1379968K)] 2903868K->1543750K(4176192K), 0.0359440 secs] [Times: user=0.06 sys=0.00, real=0.03 secs] 
2016-02-23T11:53:14.877+0800: 667791.592: [GC [PSYoungGen: 1378325K->15968K(1380032K)] 2905734K->1543524K(4176256K), 0.0388990 secs] [Times: user=0.07 sys=0.00, real=0.04 secs] 
2016-02-23T11:54:03.201+0800: 667839.916: [GC [PSYoungGen: 1377952K->17328K(1379200K)] 2905508K->1545116K(4175424K), 0.0353120 secs] [Times: user=0.06 sys=0.01, real=0.04 secs] 
2016-02-23T11:54:43.503+0800: 667880.217: [GC [PSYoungGen: 1378544K->17648K(1378880K)] 2906332K->1545560K(4175104K), 0.0418080 secs] [Times: user=0.07 sys=0.00, real=0.05 secs] 
2016-02-23T11:55:16.425+0800: 667913.139: [GC [PSYoungGen: 1378864K->18080K(1378176K)] 2906776K->1546149K(4174400K), 0.0405340 secs] [Times: user=0.07 sys=0.00, real=0.04 secs] 
2016-02-23T11:56:02.880+0800: 667959.594: [GC [PSYoungGen: 1377376K->17520K(1376832K)] 2905445K->1545813K(4173056K), 0.0392080 secs] [Times: user=0.06 sys=0.00, real=0.04 secs] 
2016-02-23T11:56:55.363+0800: 668012.077: [GC [PSYoungGen: 1376816K->18318K(1377600K)] 2905109K->1546959K(4173824K), 0.0391940 secs] [Times: user=0.06 sys=0.00, real=0.04 secs] 
2016-02-23T11:57:53.853+0800: 668070.567: [GC [PSYoungGen: 1376334K->19026K(1377088K)] 2904975K->1548204K(4173312K), 0.0422510 secs] [Times: user=0.07 sys=0.00, real=0.04 secs] 
2016-02-23T11:58:47.656+0800: 668124.370: [GC [PSYoungGen: 1377042K->18608K(1376896K)] 2906220K->1548313K(4173120K), 0.0380560 secs] [Times: user=0.06 sys=0.00, real=0.04 secs] 
2016-02-23T11:59:44.898+0800: 668181.612: [GC [PSYoungGen: 1374832K->18832K(1375104K)] 2904537K->1548842K(4171328K), 0.0403550 secs] [Times: user=0.07 sys=0.00, real=0.04 secs] 
2016-02-23T12:00:35.733+0800: 668232.447: [GC [PSYoungGen: 1375056K->16544K(1377152K)] 2905066K->1546678K(4173376K), 0.0376820 secs] [Times: user=0.06 sys=0.01, real=0.03 secs] 
2016-02-23T12:01:30.014+0800: 668286.728: [GC [PSYoungGen: 1372448K->16672K(1376832K)] 2902582K->1547023K(4173056K), 0.0350450 secs] [Times: user=0.06 sys=0.00, real=0.04 secs] 
2016-02-23T12:02:22.524+0800: 668339.238: [GC [PSYoungGen: 1372576K->15680K(1377600K)] 2902927K->1546487K(4173824K), 0.0367750 secs] [Times: user=0.08 sys=0.00, real=0.03 secs] 
2016-02-23T12:03:15.571+0800: 668392.285: [GC [PSYoungGen: 1372672K->15264K(1377472K)] 2903479K->1546200K(4173696K), 0.0321690 secs] [Times: user=0.06 sys=0.00, real=0.04 secs] 
2016-02-23T12:04:03.331+0800: 668440.046: [GC [PSYoungGen: 1372256K->15744K(1377856K)] 2903192K->1546873K(4174080K), 0.0361320 secs] [Times: user=0.07 sys=0.00, real=0.03 secs] 
2016-02-23T12:05:01.964+0800: 668498.679: [GC [PSYoungGen: 1373184K->18640K(1376128K)] 2904313K->1549963K(4172352K), 0.0402280 secs] [Times: user=0.07 sys=0.00, real=0.04 secs] 
2016-02-23T12:05:57.554+0800: 668554.268: [GC [PSYoungGen: 1376080K->18128K(1377216K)] 2907403K->1549656K(4173440K), 0.0368270 secs] [Times: user=0.07 sys=0.00, real=0.03 secs] 
2016-02-23T12:06:55.463+0800: 668612.177: [GC [PSYoungGen: 1374736K->20712K(1377344K)] 2906264K->1554864K(4173568K), 0.0423810 secs] [Times: user=0.09 sys=0.00, real=0.04 secs] 
2016-02-23T12:07:51.309+0800: 668668.023: [GC [PSYoungGen: 1377320K->18528K(1373760K)] 2911472K->1552920K(4169984K), 0.0407360 secs] [Times: user=0.07 sys=0.00, real=0.04 secs] 
2016-02-23T12:08:46.476+0800: 668723.190: [GC [PSYoungGen: 1371552K->16768K(1375552K)] 2905944K->1551433K(4171776K), 0.0374340 secs] [Times: user=0.05 sys=0.01, real=0.04 secs] 
2016-02-23T12:09:39.191+0800: 668775.906: [GC [PSYoungGen: 1369792K->17415K(1376320K)] 2904457K->1552301K(4172544K), 0.0362950 secs] [Times: user=0.07 sys=0.00, real=0.04 secs] 
2016-02-23T12:10:28.746+0800: 668825.461: [GC [PSYoungGen: 1371527K->18093K(1375872K)] 2906413K->1553354K(4172096K), 0.0338690 secs] [Times: user=0.07 sys=0.00, real=0.03 secs] 
2016-02-23T12:11:19.435+0800: 668876.150: [GC [PSYoungGen: 1372205K->15902K(1376640K)] 2907466K->1551455K(4172864K), 0.0332520 secs] [Times: user=0.06 sys=0.00, real=0.03 secs] 
2016-02-23T12:12:11.110+0800: 668927.824: [GC [PSYoungGen: 1370974K->16832K(1376512K)] 2906527K->1552764K(4172736K), 0.0363580 secs] [Times: user=0.06 sys=0.01, real=0.03 secs] 
2016-02-23T12:12:56.308+0800: 668973.022: [GC [PSYoungGen: 1371904K->16451K(1377152K)] 2907836K->1552552K(4173376K), 0.0332580 secs] [Times: user=0.07 sys=0.00, real=0.03 secs] 
2016-02-23T12:13:42.742+0800: 669019.457: [GC [PSYoungGen: 1372419K->14816K(1376896K)] 2908520K->1551429K(4173120K), 0.0334540 secs] [Times: user=0.06 sys=0.00, real=0.03 secs] 
2016-02-23T12:14:38.265+0800: 669074.979: [GC [PSYoungGen: 1370784K->14960K(1377088K)] 2907397K->1551693K(4173312K), 0.0404740 secs] [Times: user=0.06 sys=0.00, real=0.04 secs] 
2016-02-23T12:15:33.543+0800: 669130.258: [GC [PSYoungGen: 1371056K->16976K(1377088K)] 2907789K->1554002K(4173312K), 0.0408860 secs] [Times: user=0.06 sys=0.00, real=0.05 secs] 
2016-02-23T12:16:25.215+0800: 669181.929: [GC [PSYoungGen: 1373072K->15280K(1377600K)] 2910098K->1552718K(4173824K), 0.0325100 secs] [Times: user=0.06 sys=0.00, real=0.03 secs] 
2016-02-23T12:17:22.429+0800: 669239.143: [GC [PSYoungGen: 1372272K->17904K(1377472K)] 2909710K->1555439K(4173696K), 0.0390260 secs] [Times: user=0.06 sys=0.00, real=0.04 secs] 
2016-02-23T12:18:24.571+0800: 669301.285: [GC [PSYoungGen: 1374896K->16960K(1377792K)] 2912431K->1554747K(4174016K), 0.0470750 secs] [Times: user=0.07 sys=0.01, real=0.05 secs] 
2016-02-23T12:19:16.078+0800: 669352.793: [GC [PSYoungGen: 1374144K->15840K(1377472K)] 2911931K->1553843K(4173696K), 0.0333840 secs] [Times: user=0.06 sys=0.00, real=0.04 secs] 
2016-02-23T12:20:13.048+0800: 669409.763: [GC [PSYoungGen: 1373024K->16416K(1378304K)] 2911027K->1554619K(4174528K), 0.0385920 secs] [Times: user=0.06 sys=0.00, real=0.03 secs] 
2016-02-23T12:21:01.820+0800: 669458.535: [GC [PSYoungGen: 1374624K->13264K(1377984K)] 2912827K->1551740K(4174208K), 0.0475460 secs] [Times: user=0.09 sys=0.01, real=0.05 secs] 
2016-02-23T12:21:53.227+0800: 669509.941: [GC [PSYoungGen: 1371472K->15280K(1378176K)] 2909948K->1553940K(4174400K), 0.0355490 secs] [Times: user=0.06 sys=0.00, real=0.04 secs] 
2016-02-23T12:22:48.610+0800: 669565.325: [GC [PSYoungGen: 1373360K->16225K(1377984K)] 2912020K->1555053K(4174208K), 0.0349010 secs] [Times: user=0.06 sys=0.00, real=0.03 secs] 
2016-02-23T12:23:48.407+0800: 669625.121: [GC [PSYoungGen: 1374305K->16192K(1378880K)] 2913133K->1555365K(4175104K), 0.0362700 secs] [Times: user=0.06 sys=0.00, real=0.03 secs] 
2016-02-23T12:24:41.959+0800: 669678.674: [GC [PSYoungGen: 1375552K->15584K(1378560K)] 2914725K->1555054K(4174784K), 0.0338650 secs] [Times: user=0.06 sys=0.00, real=0.04 secs] 
2016-02-23T12:25:31.621+0800: 669728.336: [GC [PSYoungGen: 1374944K->13776K(1378816K)] 2914414K->1553369K(4175040K), 0.0346210 secs] [Times: user=0.06 sys=0.00, real=0.04 secs] 
2016-02-23T12:26:30.821+0800: 669787.536: [GC [PSYoungGen: 1373584K->18272K(1378112K)] 2913177K->1558106K(4174336K), 0.0432140 secs] [Times: user=0.07 sys=0.00, real=0.05 secs] 
2016-02-23T12:27:20.515+0800: 669837.229: [GC [PSYoungGen: 1378080K->13264K(1378112K)] 2917914K->1553362K(4174336K), 0.0299350 secs] [Times: user=0.05 sys=0.00, real=0.03 secs] 
2016-02-23T12:28:12.495+0800: 669889.210: [GC [PSYoungGen: 1371664K->15648K(1378240K)] 2911762K->1555883K(4174464K), 0.0322930 secs] [Times: user=0.06 sys=0.00, real=0.04 secs] 
2016-02-23T12:29:06.493+0800: 669943.207: [GC [PSYoungGen: 1374048K->16848K(1378560K)] 2914283K->1557332K(4174784K), 0.0346500 secs] [Times: user=0.06 sys=0.00, real=0.03 secs] 
2016-02-23T12:29:57.008+0800: 669993.722: [GC [PSYoungGen: 1375888K->15025K(1378560K)] 2916372K->1555709K(4174784K), 0.0349210 secs] [Times: user=0.06 sys=0.00, real=0.04 secs] 
2016-02-23T12:30:43.334+0800: 670040.048: [GC [PSYoungGen: 1374065K->15120K(1379008K)] 2914749K->1556166K(4175232K), 0.0326840 secs] [Times: user=0.06 sys=0.00, real=0.03 secs] 
2016-02-23T12:31:35.227+0800: 670091.942: [GC [PSYoungGen: 1374800K->17744K(1377472K)] 2915846K->1559226K(4173696K), 0.0377570 secs] [Times: user=0.07 sys=0.00, real=0.04 secs] 
2016-02-23T12:32:30.684+0800: 670147.399: [GC [PSYoungGen: 1377424K->16176K(1378880K)] 2918906K->1557803K(4175104K), 0.0362620 secs] [Times: user=0.07 sys=0.00, real=0.04 secs] 
2016-02-23T12:33:21.647+0800: 670198.362: [GC [PSYoungGen: 1375536K->17488K(1378560K)] 2917163K->1559395K(4174784K), 0.0389880 secs] [Times: user=0.06 sys=0.00, real=0.04 secs] 
2016-02-23T12:34:16.621+0800: 670253.335: [GC [PSYoungGen: 1376848K->17504K(1378240K)] 2918755K->1559716K(4174464K), 0.0357870 secs] [Times: user=0.06 sys=0.00, real=0.04 secs] 
2016-02-23T12:35:02.899+0800: 670299.613: [GC [PSYoungGen: 1376288K->17504K(1376320K)] 2918500K->1560064K(4172544K), 0.0395850 secs] [Times: user=0.08 sys=0.00, real=0.04 secs] 
2016-02-23T12:35:49.880+0800: 670346.594: [GC [PSYoungGen: 1376288K->14992K(1378432K)] 2918848K->1557944K(4174656K), 0.0398640 secs] [Times: user=0.06 sys=0.00, real=0.04 secs] 
2016-02-23T12:36:37.652+0800: 670394.366: [GC [PSYoungGen: 1373712K->13856K(1378368K)] 2916664K->1557168K(4174592K), 0.0344460 secs] [Times: user=0.07 sys=0.00, real=0.04 secs] 
2016-02-23T12:37:33.691+0800: 670450.405: [GC [PSYoungGen: 1372576K->15120K(1378560K)] 2915888K->1558656K(4174784K), 0.0334700 secs] [Times: user=0.06 sys=0.00, real=0.04 secs] 
2016-02-23T12:38:30.202+0800: 670506.917: [GC [PSYoungGen: 1373968K->17232K(1378368K)] 2917504K->1560940K(4174592K), 0.0385230 secs] [Times: user=0.07 sys=0.00, real=0.04 secs] 
2016-02-23T12:39:27.297+0800: 670564.011: [GC [PSYoungGen: 1376080K->17600K(1378048K)] 2919788K->1561664K(4174272K), 0.0474950 secs] [Times: user=0.09 sys=0.00, real=0.05 secs] 
2016-02-23T12:40:21.340+0800: 670618.055: [GC [PSYoungGen: 1376000K->15664K(1378240K)] 2920064K->1559908K(4174464K), 0.0471540 secs] [Times: user=0.08 sys=0.00, real=0.04 secs] 
2016-02-23T12:41:12.247+0800: 670668.961: [GC [PSYoungGen: 1374064K->17888K(1377856K)] 2918308K->1562381K(4174080K), 0.0360330 secs] [Times: user=0.06 sys=0.00, real=0.04 secs] 
2016-02-23T12:42:06.640+0800: 670723.354: [GC [PSYoungGen: 1376160K->17648K(1375936K)] 2920653K->1562554K(4172160K), 0.0365540 secs] [Times: user=0.06 sys=0.00, real=0.04 secs] 
2016-02-23T12:42:58.792+0800: 670775.507: [GC [PSYoungGen: 1375920K->17056K(1378176K)] 2920826K->1562402K(4174400K), 0.0511170 secs] [Times: user=0.09 sys=0.00, real=0.05 secs] 
2016-02-23T12:43:55.277+0800: 670831.992: [GC [PSYoungGen: 1375200K->17296K(1378048K)] 2920546K->1562826K(4174272K), 0.0373180 secs] [Times: user=0.07 sys=0.00, real=0.03 secs] 
2016-02-23T12:44:48.367+0800: 670885.081: [GC [PSYoungGen: 1375440K->16192K(1378496K)] 2920970K->1562007K(4174720K), 0.0344830 secs] [Times: user=0.06 sys=0.00, real=0.03 secs] 
2016-02-23T12:45:33.841+0800: 670930.555: [GC [PSYoungGen: 1374848K->16786K(1378240K)] 2920663K->1562882K(4174464K), 0.0361360 secs] [Times: user=0.07 sys=0.00, real=0.03 secs] 
2016-02-23T12:46:28.749+0800: 670985.463: [GC [PSYoungGen: 1375442K->18160K(1378176K)] 2921538K->1564400K(4174400K), 0.0373760 secs] [Times: user=0.06 sys=0.00, real=0.03 secs] 
2016-02-23T12:47:20.003+0800: 671036.717: [GC [PSYoungGen: 1376944K->16352K(1378432K)] 2923184K->1562872K(4174656K), 0.0339130 secs] [Times: user=0.06 sys=0.00, real=0.04 secs] 
2016-02-23T12:48:15.088+0800: 671091.802: [GC [PSYoungGen: 1375136K->17616K(1378496K)] 2921656K->1564359K(4174720K), 0.0385750 secs] [Times: user=0.07 sys=0.00, real=0.04 secs] 
2016-02-23T12:49:09.124+0800: 671145.838: [GC [PSYoungGen: 1376656K->15712K(1378560K)] 2923399K->1562763K(4174784K), 0.0383900 secs] [Times: user=0.06 sys=0.00, real=0.04 secs] 
2016-02-23T12:50:04.461+0800: 671201.175: [GC [PSYoungGen: 1374752K->16576K(1378880K)] 2921803K->1563783K(4175104K), 0.0437910 secs] [Times: user=0.07 sys=0.00, real=0.05 secs] 
2016-02-23T12:50:55.175+0800: 671251.890: [GC [PSYoungGen: 1376000K->17504K(1378624K)] 2923207K->1564855K(4174848K), 0.0392340 secs] [Times: user=0.07 sys=0.00, real=0.04 secs] 
2016-02-23T12:51:48.058+0800: 671304.772: [GC [PSYoungGen: 1376928K->16417K(1379008K)] 2924279K->1563881K(4175232K), 0.0362540 secs] [Times: user=0.06 sys=0.00, real=0.04 secs] 
2016-02-23T12:52:40.050+0800: 671356.764: [GC [PSYoungGen: 1376161K->17325K(1378816K)] 2923625K->1565061K(4175040K), 0.0428780 secs] [Times: user=0.06 sys=0.00, real=0.04 secs] 
2016-02-23T12:53:30.039+0800: 671406.754: [GC [PSYoungGen: 1377069K->17488K(1379008K)] 2924805K->1565730K(4175232K), 0.0364060 secs] [Times: user=0.06 sys=0.00, real=0.04 secs] 
2016-02-23T12:54:19.591+0800: 671456.305: [GC [PSYoungGen: 1377424K->15006K(1374976K)] 2925666K->1563616K(4171200K), 0.0342990 secs] [Times: user=0.06 sys=0.00, real=0.03 secs] 
2016-02-23T12:55:12.875+0800: 671509.590: [GC [PSYoungGen: 1374942K->16896K(1379072K)] 2923552K->1566094K(4175296K), 0.0383450 secs] [Times: user=0.07 sys=0.00, real=0.04 secs] 
2016-02-23T12:55:53.815+0800: 671550.529: [GC [PSYoungGen: 1376768K->14608K(1378880K)] 2925966K->1563922K(4175104K), 0.0323590 secs] [Times: user=0.06 sys=0.00, real=0.03 secs] 
2016-02-23T12:56:40.322+0800: 671597.036: [GC [PSYoungGen: 1374480K->15568K(1379072K)] 2923794K->1565135K(4175296K), 0.0350980 secs] [Times: user=0.07 sys=0.00, real=0.03 secs] 
2016-02-23T12:57:27.063+0800: 671643.777: [GC [PSYoungGen: 1375504K->15248K(1378944K)] 2925071K->1565030K(4175168K), 0.0373450 secs] [Times: user=0.05 sys=0.00, real=0.04 secs] 
2016-02-23T12:58:15.202+0800: 671691.917: [GC [PSYoungGen: 1375184K->15232K(1379200K)] 2924966K->1565218K(4175424K), 0.0364040 secs] [Times: user=0.06 sys=0.00, real=0.04 secs] 
2016-02-23T12:59:08.706+0800: 671745.420: [GC [PSYoungGen: 1375488K->16288K(1379136K)] 2925474K->1566447K(4175360K), 0.0338710 secs] [Times: user=0.06 sys=0.00, real=0.04 secs] 
2016-02-23T13:00:05.334+0800: 671802.048: [GC [PSYoungGen: 1376544K->16224K(1379648K)] 2926703K->1566732K(4175872K), 0.0381330 secs] [Times: user=0.06 sys=0.00, real=0.04 secs] 
2016-02-23T13:00:54.412+0800: 671851.126: [GC [PSYoungGen: 1377248K->14720K(1379456K)] 2927756K->1565628K(4175680K), 0.0315090 secs] [Times: user=0.06 sys=0.00, real=0.03 secs] 
2016-02-23T13:01:45.351+0800: 671902.065: [GC [PSYoungGen: 1375744K->13072K(1379008K)] 2926652K->1564301K(4175232K), 0.0290200 secs] [Times: user=0.06 sys=0.00, real=0.04 secs] 
2016-02-23T13:02:38.346+0800: 671955.060: [GC [PSYoungGen: 1373648K->16017K(1379328K)] 2924877K->1567447K(4175552K), 0.0409220 secs] [Times: user=0.08 sys=0.00, real=0.04 secs] 
2016-02-23T13:03:31.554+0800: 672008.268: [GC [PSYoungGen: 1376593K->17520K(1378816K)] 2928023K->1569229K(4175040K), 0.0381700 secs] [Times: user=0.06 sys=0.00, real=0.04 secs] 
2016-02-23T13:04:30.518+0800: 672067.233: [GC [PSYoungGen: 1377840K->17136K(1377472K)] 2929549K->1569117K(4173696K), 0.0355020 secs] [Times: user=0.06 sys=0.00, real=0.04 secs] 
2016-02-23T13:05:19.250+0800: 672115.965: [GC [PSYoungGen: 1377456K->14576K(1379072K)] 2929437K->1566877K(4175296K), 0.0337780 secs] [Times: user=0.06 sys=0.00, real=0.03 secs] 
2016-02-23T13:06:12.838+0800: 672169.553: [GC [PSYoungGen: 1374576K->15840K(1379008K)] 2926877K->1568382K(4175232K), 0.0383610 secs] [Times: user=0.07 sys=0.00, real=0.04 secs] 
2016-02-23T13:07:09.581+0800: 672226.295: [GC [PSYoungGen: 1375840K->16624K(1379392K)] 2928382K->1569382K(4175616K), 0.0367170 secs] [Times: user=0.06 sys=0.00, real=0.03 secs] 
2016-02-23T13:08:01.126+0800: 672277.840: [GC [PSYoungGen: 1377328K->16608K(1379392K)] 2930086K->1569599K(4175616K), 0.0388660 secs] [Times: user=0.06 sys=0.00, real=0.04 secs] 
2016-02-23T13:08:58.810+0800: 672335.524: [GC [PSYoungGen: 1377312K->15696K(1379584K)] 2930303K->1569112K(4175808K), 0.0338350 secs] [Times: user=0.07 sys=0.00, real=0.03 secs] 
2016-02-23T13:09:53.392+0800: 672390.106: [GC [PSYoungGen: 1376592K->15280K(1379392K)] 2930008K->1569079K(4175616K), 0.0425480 secs] [Times: user=0.07 sys=0.01, real=0.04 secs] 
2016-02-23T13:10:45.472+0800: 672442.186: [GC [PSYoungGen: 1376176K->16288K(1379840K)] 2929975K->1570304K(4176064K), 0.0349470 secs] [Times: user=0.05 sys=0.00, real=0.03 secs] 
2016-02-23T13:11:35.287+0800: 672492.002: [GC [PSYoungGen: 1377760K->12832K(1374336K)] 2931776K->1567165K(4170560K), 0.0304020 secs] [Times: user=0.06 sys=0.00, real=0.03 secs] 
2016-02-23T13:12:30.211+0800: 672546.925: [GC [PSYoungGen: 1374304K->16720K(1379264K)] 2928637K->1571332K(4175488K), 0.0436360 secs] [Times: user=0.07 sys=0.00, real=0.05 secs] 
2016-02-23T13:13:31.118+0800: 672607.833: [GC [PSYoungGen: 1377424K->18080K(1378816K)] 2932036K->1573028K(4175040K), 0.0379530 secs] [Times: user=0.06 sys=0.00, real=0.04 secs] 
2016-02-23T13:14:26.124+0800: 672662.838: [GC [PSYoungGen: 1378784K->16086K(1379136K)] 2933732K->1571179K(4175360K), 0.0418220 secs] [Times: user=0.06 sys=0.00, real=0.04 secs] 
2016-02-23T13:15:19.216+0800: 672715.930: [GC [PSYoungGen: 1376022K->15648K(1378880K)] 2931115K->1571037K(4175104K), 0.0387960 secs] [Times: user=0.07 sys=0.00, real=0.04 secs] 
2016-02-23T13:16:19.646+0800: 672776.360: [GC [PSYoungGen: 1375584K->17712K(1378624K)] 2930973K->1573305K(4174848K), 0.0391800 secs] [Times: user=0.07 sys=0.00, real=0.04 secs] 
2016-02-23T13:17:20.709+0800: 672837.424: [GC [PSYoungGen: 1377648K->15348K(1379008K)] 2933241K->1571142K(4175232K), 0.0374300 secs] [Times: user=0.06 sys=0.00, real=0.04 secs] 
2016-02-23T13:18:17.053+0800: 672893.768: [GC [PSYoungGen: 1375284K->15920K(1379392K)] 2931078K->1572057K(4175616K), 0.0365520 secs] [Times: user=0.06 sys=0.00, real=0.04 secs] 
2016-02-23T13:19:15.441+0800: 672952.156: [GC [PSYoungGen: 1376368K->15312K(1379136K)] 2932505K->1571641K(4175360K), 0.0336770 secs] [Times: user=0.06 sys=0.00, real=0.03 secs] 
2016-02-23T13:20:09.380+0800: 673006.094: [GC [PSYoungGen: 1375760K->16080K(1379776K)] 2932089K->1572649K(4176000K), 0.0345300 secs] [Times: user=0.06 sys=0.00, real=0.04 secs] 
2016-02-23T13:21:05.750+0800: 673062.465: [GC [PSYoungGen: 1377296K->14048K(1379520K)] 2933865K->1570834K(4175744K), 0.0313230 secs] [Times: user=0.06 sys=0.00, real=0.03 secs] 
2016-02-23T13:22:07.445+0800: 673124.160: [GC [PSYoungGen: 1375264K->16176K(1379776K)] 2932050K->1573211K(4176000K), 0.0353870 secs] [Times: user=0.07 sys=0.00, real=0.03 secs] 
2016-02-23T13:23:01.088+0800: 673177.803: [GC [PSYoungGen: 1377520K->15728K(1379648K)] 2934555K->1573011K(4175872K), 0.0405740 secs] [Times: user=0.08 sys=0.00, real=0.04 secs] 
2016-02-23T13:23:58.380+0800: 673235.095: [GC [PSYoungGen: 1377072K->15232K(1380096K)] 2934355K->1572971K(4176320K), 0.0362650 secs] [Times: user=0.07 sys=0.00, real=0.04 secs] 
2016-02-23T13:24:57.843+0800: 673294.558: [GC [PSYoungGen: 1377280K->17920K(1380032K)] 2935019K->1575824K(4176256K), 0.0454440 secs] [Times: user=0.07 sys=0.00, real=0.05 secs] 
2016-02-23T13:25:53.529+0800: 673350.243: [GC [PSYoungGen: 1379968K->15952K(1379520K)] 2937872K->1574064K(4175744K), 0.0370830 secs] [Times: user=0.06 sys=0.00, real=0.04 secs] 
2016-02-23T13:26:53.855+0800: 673410.569: [GC [PSYoungGen: 1377424K->16448K(1379776K)] 2935536K->1574749K(4176000K), 0.0377070 secs] [Times: user=0.06 sys=0.00, real=0.04 secs] 
2016-02-23T13:27:43.487+0800: 673460.202: [GC [PSYoungGen: 1377920K->16304K(1379968K)] 2936221K->1574858K(4176192K), 0.0371830 secs] [Times: user=0.07 sys=0.00, real=0.04 secs] 
2016-02-23T13:28:33.725+0800: 673510.440: [GC [PSYoungGen: 1378032K->13440K(1375232K)] 2936586K->1572274K(4171456K), 0.0327660 secs] [Times: user=0.06 sys=0.00, real=0.03 secs] 
2016-02-23T13:29:26.909+0800: 673563.623: [GC [PSYoungGen: 1375168K->14208K(1379712K)] 2934002K->1573434K(4175936K), 0.0363380 secs] [Times: user=0.06 sys=0.00, real=0.03 secs] 
2016-02-23T13:30:25.184+0800: 673621.898: [GC [PSYoungGen: 1375552K->14752K(1379712K)] 2934778K->1574155K(4175936K), 0.0317720 secs] [Times: user=0.06 sys=0.00, real=0.04 secs] 
2016-02-23T13:31:18.077+0800: 673674.791: [GC [PSYoungGen: 1376096K->13216K(1379584K)] 2935499K->1572848K(4175808K), 0.0328990 secs] [Times: user=0.05 sys=0.01, real=0.03 secs] 
2016-02-23T13:32:13.501+0800: 673730.216: [GC [PSYoungGen: 1374560K->16736K(1378112K)] 2934192K->1576575K(4174336K), 0.0374960 secs] [Times: user=0.05 sys=0.01, real=0.04 secs] 
2016-02-23T13:33:14.271+0800: 673790.986: [GC [PSYoungGen: 1378080K->17728K(1378432K)] 2937919K->1577800K(4174656K), 0.0394300 secs] [Times: user=0.07 sys=0.00, real=0.04 secs] 
2016-02-23T13:34:14.485+0800: 673851.200: [GC [PSYoungGen: 1377536K->15728K(1378944K)] 2937608K->1576204K(4175168K), 0.0379850 secs] [Times: user=0.06 sys=0.01, real=0.04 secs] 
2016-02-23T13:35:07.721+0800: 673904.435: [GC [PSYoungGen: 1375536K->14720K(1379392K)] 2936012K->1575376K(4175616K), 0.0322040 secs] [Times: user=0.06 sys=0.00, real=0.03 secs] 
2016-02-23T13:36:07.290+0800: 673964.005: [GC [PSYoungGen: 1375296K->17504K(1378112K)] 2935952K->1578249K(4174336K), 0.0397510 secs] [Times: user=0.06 sys=0.00, real=0.04 secs] 
2016-02-23T13:37:07.692+0800: 674024.406: [GC [PSYoungGen: 1378080K->18000K(1377984K)] 2938825K->1579206K(4174208K), 0.0387580 secs] [Times: user=0.07 sys=0.00, real=0.04 secs] 
2016-02-23T13:38:05.771+0800: 674082.485: [GC [PSYoungGen: 1376912K->17133K(1376064K)] 2938118K->1578507K(4172288K), 0.0408790 secs] [Times: user=0.07 sys=0.00, real=0.04 secs] 
2016-02-23T13:39:06.025+0800: 674142.739: [GC [PSYoungGen: 1376045K->15936K(1378752K)] 2937419K->1577752K(4174976K), 0.0363960 secs] [Times: user=0.06 sys=0.01, real=0.04 secs] 
2016-02-23T13:40:02.985+0800: 674199.700: [GC [PSYoungGen: 1375040K->16000K(1378432K)] 2936856K->1578040K(4174656K), 0.0370050 secs] [Times: user=0.07 sys=0.00, real=0.04 secs] 
2016-02-23T13:40:58.203+0800: 674254.918: [GC [PSYoungGen: 1375104K->14368K(1379072K)] 2937144K->1576536K(4175296K), 0.0323230 secs] [Times: user=0.06 sys=0.00, real=0.03 secs] 
2016-02-23T13:41:58.405+0800: 674315.120: [GC [PSYoungGen: 1374432K->15917K(1379072K)] 2936600K->1578197K(4175296K), 0.0364890 secs] [Times: user=0.07 sys=0.00, real=0.04 secs] 
2016-02-23T13:42:58.712+0800: 674375.426: [GC [PSYoungGen: 1375981K->15968K(1379648K)] 2938261K->1578591K(4175872K), 0.0396470 secs] [Times: user=0.07 sys=0.00, real=0.04 secs] 
2016-02-23T13:44:05.024+0800: 674441.738: [GC [PSYoungGen: 1376928K->15424K(1379392K)] 2939551K->1578299K(4175616K), 0.0322940 secs] [Times: user=0.06 sys=0.00, real=0.04 secs] 
2016-02-23T13:45:03.726+0800: 674500.441: [GC [PSYoungGen: 1376384K->14464K(1379776K)] 2939259K->1577636K(4176000K), 0.0317070 secs] [Times: user=0.06 sys=0.00, real=0.03 secs] 
2016-02-23T13:46:02.427+0800: 674559.142: [GC [PSYoungGen: 1375936K->15296K(1379776K)] 2939108K->1578724K(4176000K), 0.0330190 secs] [Times: user=0.07 sys=0.00, real=0.03 secs] 
2016-02-23T13:47:07.688+0800: 674624.403: [GC [PSYoungGen: 1376768K->17008K(1379456K)] 2940196K->1580605K(4175680K), 0.0398430 secs] [Times: user=0.07 sys=0.00, real=0.04 secs] 
2016-02-23T13:48:08.688+0800: 674685.402: [GC [PSYoungGen: 1378352K->17040K(1378432K)] 2941949K->1581026K(4174656K), 0.0420390 secs] [Times: user=0.07 sys=0.00, real=0.04 secs] 
2016-02-23T13:49:09.983+0800: 674746.698: [GC [PSYoungGen: 1378384K->15648K(1379712K)] 2942370K->1579930K(4175936K), 0.0333010 secs] [Times: user=0.06 sys=0.00, real=0.04 secs] 
2016-02-23T13:50:11.396+0800: 674808.111: [GC [PSYoungGen: 1376800K->15680K(1379520K)] 2941082K->1580346K(4175744K), 0.0380010 secs] [Times: user=0.06 sys=0.01, real=0.04 secs] 
2016-02-23T13:51:09.286+0800: 674866.001: [GC [PSYoungGen: 1376832K->14592K(1379904K)] 2941498K->1579455K(4176128K), 0.0369440 secs] [Times: user=0.07 sys=0.00, real=0.03 secs] 
2016-02-23T13:52:14.550+0800: 674931.265: [GC [PSYoungGen: 1376320K->15504K(1379904K)] 2941183K->1580619K(4176128K), 0.0344950 secs] [Times: user=0.06 sys=0.00, real=0.04 secs] 
2016-02-23T13:53:05.384+0800: 674982.098: [GC [PSYoungGen: 1377232K->15344K(1380288K)] 2942347K->1580696K(4176512K), 0.0347160 secs] [Times: user=0.05 sys=0.00, real=0.03 secs] 
2016-02-23T13:54:02.794+0800: 675039.509: [GC [PSYoungGen: 1377648K->15266K(1380096K)] 2943000K->1580755K(4176320K), 0.0325300 secs] [Times: user=0.06 sys=0.00, real=0.04 secs] 
2016-02-23T13:55:03.840+0800: 675100.555: [GC [PSYoungGen: 1377570K->16272K(1380288K)] 2943059K->1582242K(4176512K), 0.0375410 secs] [Times: user=0.06 sys=0.00, real=0.03 secs] 
2016-02-23T13:55:58.312+0800: 675155.027: [GC [PSYoungGen: 1378896K->14176K(1376832K)] 2944866K->1580474K(4173056K), 0.0346550 secs] [Times: user=0.07 sys=0.00, real=0.03 secs] 
2016-02-23T13:57:00.272+0800: 675216.986: [GC [PSYoungGen: 1376800K->16368K(1380160K)] 2943098K->1582870K(4176384K), 0.0385730 secs] [Times: user=0.06 sys=0.01, real=0.03 secs] 
2016-02-23T13:57:53.457+0800: 675270.171: [GC [PSYoungGen: 1378736K->14449K(1380224K)] 2945238K->1581091K(4176448K), 0.0330590 secs] [Times: user=0.06 sys=0.00, real=0.03 secs] 
2016-02-23T13:58:52.073+0800: 675328.787: [GC [PSYoungGen: 1376817K->15248K(1380416K)] 2943459K->1582404K(4176640K), 0.0432280 secs] [Times: user=0.07 sys=0.00, real=0.05 secs] 
2016-02-23T13:59:49.677+0800: 675386.391: [GC [PSYoungGen: 1377808K->15408K(1380224K)] 2944964K->1582775K(4176448K), 0.0391170 secs] [Times: user=0.06 sys=0.01, real=0.04 secs] 
2016-02-23T14:00:43.828+0800: 675440.542: [GC [PSYoungGen: 1377968K->15312K(1380800K)] 2945335K->1582943K(4177024K), 0.0349360 secs] [Times: user=0.06 sys=0.00, real=0.03 secs] 
2016-02-23T14:01:39.730+0800: 675496.445: [GC [PSYoungGen: 1378640K->16320K(1380608K)] 2946271K->1584143K(4176832K), 0.0364710 secs] [Times: user=0.07 sys=0.00, real=0.03 secs] 
2016-02-23T14:02:38.455+0800: 675555.170: [GC [PSYoungGen: 1379648K->15696K(1380800K)] 2947471K->1583619K(4177024K), 0.0357540 secs] [Times: user=0.06 sys=0.00, real=0.03 secs] 
2016-02-23T14:03:36.470+0800: 675613.185: [GC [PSYoungGen: 1379088K->13472K(1376896K)] 2947011K->1581740K(4173120K), 0.0300780 secs] [Times: user=0.06 sys=0.00, real=0.03 secs] 
2016-02-23T14:04:31.264+0800: 675667.979: [GC [PSYoungGen: 1376864K->15328K(1380800K)] 2945132K->1583768K(4177024K), 0.0481330 secs] [Times: user=0.09 sys=0.00, real=0.04 secs] 
2016-02-23T14:05:22.352+0800: 675719.066: [GC [PSYoungGen: 1378656K->14416K(1380608K)] 2947096K->1583008K(4176832K), 0.0377990 secs] [Times: user=0.07 sys=0.00, real=0.03 secs] 
2016-02-23T14:06:21.523+0800: 675778.237: [GC [PSYoungGen: 1377744K->16032K(1380608K)] 2946336K->1584876K(4176832K), 0.0359940 secs] [Times: user=0.06 sys=0.00, real=0.03 secs] 
2016-02-23T14:07:14.833+0800: 675831.547: [GC [PSYoungGen: 1379424K->16128K(1379584K)] 2948268K->1585229K(4175808K), 0.0342330 secs] [Times: user=0.06 sys=0.00, real=0.04 secs] 
2016-02-23T14:08:14.376+0800: 675891.090: [GC [PSYoungGen: 1379520K->16128K(1380544K)] 2948621K->1585554K(4176768K), 0.0417560 secs] [Times: user=0.07 sys=0.00, real=0.04 secs] 
2016-02-23T14:09:10.990+0800: 675947.704: [GC [PSYoungGen: 1379264K->14784K(1380608K)] 2948690K->1584735K(4176832K), 0.0352500 secs] [Times: user=0.06 sys=0.00, real=0.03 secs] 
2016-02-23T14:10:07.575+0800: 676004.290: [GC [PSYoungGen: 1377920K->16833K(1380032K)] 2947871K->1586920K(4176256K), 0.0359470 secs] [Times: user=0.06 sys=0.00, real=0.04 secs] 
2016-02-23T14:11:03.763+0800: 676060.478: [GC [PSYoungGen: 1379457K->17711K(1380352K)] 2949544K->1589850K(4176576K), 0.0383020 secs] [Times: user=0.07 sys=0.00, real=0.04 secs] 
2016-02-23T14:12:04.660+0800: 676121.374: [GC [PSYoungGen: 1380335K->17712K(1375744K)] 2952474K->1591451K(4171968K), 0.0388290 secs] [Times: user=0.07 sys=0.00, real=0.04 secs] 
2016-02-23T14:12:56.904+0800: 676173.618: [GC [PSYoungGen: 1375728K->17184K(1378048K)] 2949467K->1591307K(4174272K), 0.0372340 secs] [Times: user=0.07 sys=0.00, real=0.03 secs] 
2016-02-23T14:13:56.647+0800: 676233.362: [GC [PSYoungGen: 1375200K->16864K(1378304K)] 2949323K->1591463K(4174528K), 0.0355930 secs] [Times: user=0.06 sys=0.00, real=0.04 secs] 
2016-02-23T14:14:51.615+0800: 676288.330: [GC [PSYoungGen: 1375200K->14336K(1378112K)] 2949799K->1589088K(4174336K), 0.0306220 secs] [Times: user=0.05 sys=0.00, real=0.03 secs] 
2016-02-23T14:15:49.546+0800: 676346.260: [GC [PSYoungGen: 1372672K->15360K(1378496K)] 2947424K->1590413K(4174720K), 0.0376810 secs] [Times: user=0.07 sys=0.00, real=0.03 secs] 
2016-02-23T14:16:43.639+0800: 676400.353: [GC [PSYoungGen: 1374016K->15392K(1378240K)] 2949069K->1590742K(4174464K), 0.0473350 secs] [Times: user=0.07 sys=0.00, real=0.05 secs] 
2016-02-23T14:17:44.265+0800: 676460.980: [GC [PSYoungGen: 1374048K->17072K(1378560K)] 2949398K->1592615K(4174784K), 0.0395500 secs] [Times: user=0.07 sys=0.00, real=0.04 secs] 
2016-02-23T14:18:40.936+0800: 676517.651: [GC [PSYoungGen: 1376240K->14464K(1378624K)] 2951783K->1590283K(4174848K), 0.0414790 secs] [Times: user=0.08 sys=0.00, real=0.04 secs] 
2016-02-23T14:19:39.173+0800: 676575.888: [GC [PSYoungGen: 1373632K->15728K(1378944K)] 2949451K->1591820K(4175168K), 0.0353460 secs] [Times: user=0.07 sys=0.00, real=0.04 secs] 
2016-02-23T14:20:42.406+0800: 676639.120: [GC [PSYoungGen: 1375280K->16416K(1378688K)] 2951372K->1592748K(4174912K), 0.0393990 secs] [Times: user=0.07 sys=0.00, real=0.04 secs] 
2016-02-23T14:21:39.721+0800: 676696.435: [GC [PSYoungGen: 1375968K->15904K(1379392K)] 2952300K->1592601K(4175616K), 0.0339830 secs] [Times: user=0.06 sys=0.00, real=0.03 secs] 
2016-02-23T14:22:46.980+0800: 676763.694: [GC [PSYoungGen: 1376352K->15904K(1379136K)] 2953049K->1593013K(4175360K), 0.0380170 secs] [Times: user=0.07 sys=0.00, real=0.04 secs] 
2016-02-23T14:23:44.929+0800: 676821.643: [GC [PSYoungGen: 1376352K->17536K(1379008K)] 2953461K->1594737K(4175232K), 0.0386170 secs] [Times: user=0.07 sys=0.00, real=0.04 secs] 
2016-02-23T14:24:45.825+0800: 676882.539: [GC [PSYoungGen: 1378112K->17953K(1378560K)] 2955313K->1595363K(4174784K), 0.0414640 secs] [Times: user=0.06 sys=0.00, real=0.04 secs] 
2016-02-23T14:25:49.859+0800: 676946.574: [GC [PSYoungGen: 1378529K->15944K(1379136K)] 2955939K->1593751K(4175360K), 0.0361060 secs] [Times: user=0.06 sys=0.00, real=0.03 secs] 
2016-02-23T14:26:50.833+0800: 677007.548: [GC [PSYoungGen: 1375880K->16984K(1378880K)] 2953687K->1595338K(4175104K), 0.0357790 secs] [Times: user=0.06 sys=0.00, real=0.03 secs] 
2016-02-23T14:27:45.948+0800: 677062.663: [GC [PSYoungGen: 1376920K->15008K(1379136K)] 2955274K->1593566K(4175360K), 0.0336660 secs] [Times: user=0.06 sys=0.00, real=0.03 secs] 
2016-02-23T14:28:46.434+0800: 677123.149: [GC [PSYoungGen: 1375200K->16928K(1379136K)] 2953758K->1595650K(4175360K), 0.0367340 secs] [Times: user=0.07 sys=0.00, real=0.04 secs] 
2016-02-23T14:29:46.837+0800: 677183.552: [GC [PSYoungGen: 1377120K->15984K(1379392K)] 2955842K->1594898K(4175616K), 0.0395480 secs] [Times: user=0.07 sys=0.00, real=0.04 secs] 
2016-02-23T14:30:37.882+0800: 677234.597: [GC [PSYoungGen: 1376432K->14848K(1379136K)] 2955346K->1594095K(4175360K), 0.0327650 secs] [Times: user=0.07 sys=0.00, real=0.03 secs] 
2016-02-23T14:31:40.994+0800: 677297.708: [GC [PSYoungGen: 1375296K->15824K(1379584K)] 2954543K->1595243K(4175808K), 0.0368650 secs] [Times: user=0.07 sys=0.00, real=0.03 secs] 
2016-02-23T14:32:38.309+0800: 677355.023: [GC [PSYoungGen: 1376720K->16560K(1379392K)] 2956139K->1596291K(4175616K), 0.0390010 secs] [Times: user=0.07 sys=0.00, real=0.04 secs] 
2016-02-23T14:33:33.218+0800: 677409.933: [GC [PSYoungGen: 1377456K->16736K(1379648K)] 2957187K->1596843K(4175872K), 0.0481240 secs] [Times: user=0.08 sys=0.00, real=0.04 secs] 
2016-02-23T14:34:28.344+0800: 677465.058: [GC [PSYoungGen: 1377952K->17152K(1378432K)] 2958059K->1597600K(4174656K), 0.0526330 secs] [Times: user=0.08 sys=0.00, real=0.05 secs] 
2016-02-23T14:35:28.680+0800: 677525.395: [GC [PSYoungGen: 1378368K->17465K(1379136K)] 2958816K->1598149K(4175360K), 0.0405110 secs] [Times: user=0.07 sys=0.00, real=0.04 secs] 
2016-02-23T14:36:30.511+0800: 677587.225: [GC [PSYoungGen: 1378041K->17041K(1379328K)] 2958725K->1598354K(4175552K), 0.0371270 secs] [Times: user=0.07 sys=0.00, real=0.04 secs] 
2016-02-23T14:37:28.887+0800: 677645.601: [GC [PSYoungGen: 1377617K->15616K(1379392K)] 2958930K->1597763K(4175616K), 0.0357800 secs] [Times: user=0.07 sys=0.00, real=0.03 secs] 
2016-02-23T14:38:23.579+0800: 677700.293: [GC [PSYoungGen: 1376256K->15072K(1379328K)] 2958403K->1597607K(4175552K), 0.0378650 secs] [Times: user=0.07 sys=0.00, real=0.04 secs] 
2016-02-23T14:39:19.447+0800: 677756.161: [GC [PSYoungGen: 1375712K->15792K(1379520K)] 2958247K->1598436K(4175744K), 0.0340380 secs] [Times: user=0.07 sys=0.00, real=0.03 secs] 
2016-02-23T14:40:10.646+0800: 677807.361: [GC [PSYoungGen: 1376624K->14978K(1379392K)] 2959268K->1597834K(4175616K), 0.0321610 secs] [Times: user=0.07 sys=0.00, real=0.03 secs] 
2016-02-23T14:41:04.989+0800: 677861.703: [GC [PSYoungGen: 1375810K->16848K(1379456K)] 2958666K->1600649K(4175680K), 0.0392060 secs] [Times: user=0.06 sys=0.00, real=0.04 secs] 
2016-02-23T14:41:58.834+0800: 677915.548: [GC [PSYoungGen: 1377808K->17888K(1378880K)] 2961609K->1601969K(4175104K), 0.0373400 secs] [Times: user=0.08 sys=0.00, real=0.04 secs] 
2016-02-23T14:42:57.862+0800: 677974.577: [GC [PSYoungGen: 1378848K->15728K(1379264K)] 2962929K->1600162K(4175488K), 0.0330920 secs] [Times: user=0.06 sys=0.00, real=0.03 secs] 
2016-02-23T14:44:00.254+0800: 678036.969: [GC [PSYoungGen: 1376048K->16592K(1379136K)] 2960482K->1601366K(4175360K), 0.0439720 secs] [Times: user=0.09 sys=0.00, real=0.05 secs] 
2016-02-23T14:45:01.099+0800: 678097.813: [GC [PSYoungGen: 1376912K->16128K(1379584K)] 2961686K->1601166K(4175808K), 0.0379500 secs] [Times: user=0.06 sys=0.00, real=0.04 secs] 
2016-02-23T14:46:00.743+0800: 678157.458: [GC [PSYoungGen: 1377024K->14256K(1379392K)] 2962062K->1599467K(4175616K), 0.0344180 secs] [Times: user=0.07 sys=0.00, real=0.03 secs] 
2016-02-23T14:46:58.836+0800: 678215.551: [GC [PSYoungGen: 1375152K->15584K(1379648K)] 2960363K->1600968K(4175872K), 0.0400390 secs] [Times: user=0.06 sys=0.00, real=0.04 secs] 
2016-02-23T14:47:48.911+0800: 678265.625: [GC [PSYoungGen: 1376608K->17536K(1378624K)] 2961992K->1603188K(4174848K), 0.0365000 secs] [Times: user=0.06 sys=0.00, real=0.04 secs] 
2016-02-23T14:48:40.427+0800: 678317.141: [GC [PSYoungGen: 1378560K->16832K(1379328K)] 2964212K->1602781K(4175552K), 0.0370770 secs] [Times: user=0.06 sys=0.00, real=0.04 secs] 
2016-02-23T14:49:33.553+0800: 678370.268: [GC [PSYoungGen: 1377408K->16000K(1379328K)] 2963357K->1602444K(4175552K), 0.0449290 secs] [Times: user=0.07 sys=0.00, real=0.05 secs] 
2016-02-23T14:50:26.398+0800: 678423.112: [GC [PSYoungGen: 1376576K->15392K(1379648K)] 2963020K->1602004K(4175872K), 0.0323790 secs] [Times: user=0.06 sys=0.00, real=0.03 secs] 
2016-02-23T14:51:26.229+0800: 678482.943: [GC [PSYoungGen: 1376480K->16816K(1379520K)] 2963092K->1603628K(4175744K), 0.0440910 secs] [Times: user=0.08 sys=0.00, real=0.04 secs] 
2016-02-23T14:52:24.174+0800: 678540.889: [GC [PSYoungGen: 1377904K->16336K(1379776K)] 2964716K->1603264K(4176000K), 0.0364540 secs] [Times: user=0.06 sys=0.00, real=0.04 secs] 
2016-02-23T14:53:19.645+0800: 678596.360: [GC [PSYoungGen: 1377616K->17424K(1378752K)] 2964544K->1604561K(4174976K), 0.0398680 secs] [Times: user=0.06 sys=0.00, real=0.04 secs] 
2016-02-23T14:54:13.801+0800: 678650.516: [GC [PSYoungGen: 1378704K->17296K(1379264K)] 2965841K->1604617K(4175488K), 0.0397750 secs] [Times: user=0.06 sys=0.01, real=0.04 secs] 
2016-02-23T14:55:12.814+0800: 678709.528: [GC [PSYoungGen: 1378000K->15088K(1379392K)] 2965321K->1602797K(4175616K), 0.0362460 secs] [Times: user=0.07 sys=0.00, real=0.04 secs] 
2016-02-23T14:56:11.435+0800: 678768.150: [GC [PSYoungGen: 1375792K->15168K(1379456K)] 2963501K->1603105K(4175680K), 0.0331790 secs] [Times: user=0.06 sys=0.00, real=0.03 secs] 
2016-02-23T14:57:08.740+0800: 678825.455: [GC [PSYoungGen: 1375936K->15616K(1379392K)] 2963873K->1603689K(4175616K), 0.0395330 secs] [Times: user=0.07 sys=0.00, real=0.04 secs] 
2016-02-23T14:58:08.150+0800: 678884.865: [GC [PSYoungGen: 1376384K->17984K(1378688K)] 2964457K->1606173K(4174912K), 0.0387070 secs] [Times: user=0.06 sys=0.00, real=0.04 secs] 
2016-02-23T14:59:10.034+0800: 678946.748: [GC [PSYoungGen: 1378176K->15984K(1379136K)] 2966365K->1604430K(4175360K), 0.0355180 secs] [Times: user=0.06 sys=0.00, real=0.03 secs] 
2016-02-23T15:00:08.759+0800: 679005.473: [GC [PSYoungGen: 1376176K->16368K(1379520K)] 2964622K->1605035K(4175744K), 0.0349200 secs] [Times: user=0.06 sys=0.00, real=0.03 secs] 
2016-02-23T15:01:00.977+0800: 679057.691: [GC [PSYoungGen: 1377136K->16144K(1379328K)] 2965803K->1605019K(4175552K), 0.0370640 secs] [Times: user=0.06 sys=0.00, real=0.04 secs] 
2016-02-23T15:01:56.904+0800: 679113.618: [GC [PSYoungGen: 1376912K->15216K(1379776K)] 2965787K->1604404K(4176000K), 0.0376560 secs] [Times: user=0.06 sys=0.00, real=0.04 secs] 
2016-02-23T15:02:59.215+0800: 679175.930: [GC [PSYoungGen: 1376624K->16624K(1379712K)] 2965812K->1605933K(4175936K), 0.0345600 secs] [Times: user=0.06 sys=0.00, real=0.04 secs] 
2016-02-23T15:03:56.921+0800: 679233.635: [GC [PSYoungGen: 1378032K->17280K(1379456K)] 2967341K->1606965K(4175680K), 0.0417140 secs] [Times: user=0.07 sys=0.00, real=0.04 secs] 
2016-02-23T15:04:55.775+0800: 679292.489: [GC [PSYoungGen: 1378496K->17408K(1378688K)] 2968181K->1607273K(4174912K), 0.0389050 secs] [Times: user=0.07 sys=0.00, real=0.04 secs] 
2016-02-23T15:05:49.922+0800: 679346.636: [GC [PSYoungGen: 1378624K->14768K(1379328K)] 2968489K->1605029K(4175552K), 0.0331750 secs] [Times: user=0.06 sys=0.00, real=0.03 secs] 
2016-02-23T15:06:49.546+0800: 679406.260: [GC [PSYoungGen: 1375472K->16608K(1379392K)] 2965733K->1607057K(4175616K), 0.0364140 secs] [Times: user=0.06 sys=0.00, real=0.03 secs] 
2016-02-23T15:07:43.833+0800: 679460.548: [GC [PSYoungGen: 1377312K->16944K(1379456K)] 2967761K->1607481K(4175680K), 0.0372720 secs] [Times: user=0.06 sys=0.00, real=0.04 secs] 
2016-02-23T15:08:32.322+0800: 679509.036: [GC [PSYoungGen: 1377776K->17216K(1378112K)] 2968313K->1607910K(4174336K), 0.0375390 secs] [Times: user=0.06 sys=0.00, real=0.04 secs] 
2016-02-23T15:09:29.067+0800: 679565.781: [GC [PSYoungGen: 1378048K->17648K(1378880K)] 2968742K->1608914K(4175104K), 0.0403180 secs] [Times: user=0.07 sys=0.00, real=0.04 secs] 
2016-02-23T15:10:24.406+0800: 679621.121: [GC [PSYoungGen: 1377840K->16032K(1379136K)] 2969106K->1607439K(4175360K), 0.0338620 secs] [Times: user=0.06 sys=0.00, real=0.04 secs] 
2016-02-23T15:11:23.723+0800: 679680.437: [GC [PSYoungGen: 1376224K->17072K(1379328K)] 2967631K->1608691K(4175552K), 0.0387200 secs] [Times: user=0.06 sys=0.01, real=0.04 secs] 
2016-02-23T15:12:22.651+0800: 679739.365: [GC [PSYoungGen: 1377584K->16912K(1379264K)] 2969203K->1608916K(4175488K), 0.0389130 secs] [Times: user=0.06 sys=0.00, real=0.04 secs] 
2016-02-23T15:13:14.454+0800: 679791.169: [GC [PSYoungGen: 1377424K->16064K(1379520K)] 2969428K->1608296K(4175744K), 0.0370610 secs] [Times: user=0.07 sys=0.00, real=0.04 secs] 
2016-02-23T15:14:07.322+0800: 679844.037: [GC [PSYoungGen: 1376896K->14656K(1379392K)] 2969128K->1607256K(4175616K), 0.0333210 secs] [Times: user=0.06 sys=0.00, real=0.04 secs] 
2016-02-23T15:15:03.710+0800: 679900.424: [GC [PSYoungGen: 1375488K->16912K(1379392K)] 2968088K->1609745K(4175616K), 0.0367360 secs] [Times: user=0.08 sys=0.00, real=0.04 secs] 
2016-02-23T15:16:04.506+0800: 679961.220: [GC [PSYoungGen: 1377616K->17984K(1378752K)] 2970449K->1610913K(4174976K), 0.0402810 secs] [Times: user=0.06 sys=0.00, real=0.04 secs] 
2016-02-23T15:16:48.388+0800: 680005.103: [GC [PSYoungGen: 1378688K->17904K(1378560K)] 2971617K->1610981K(4174784K), 0.0375450 secs] [Times: user=0.07 sys=0.00, real=0.04 secs] 
2016-02-23T15:17:39.941+0800: 680056.656: [GC [PSYoungGen: 1377456K->15152K(1378816K)] 2970533K->1608662K(4175040K), 0.0339470 secs] [Times: user=0.06 sys=0.00, real=0.03 secs] 
2016-02-23T15:18:33.062+0800: 680109.777: [GC [PSYoungGen: 1374704K->15104K(1378816K)] 2968214K->1608966K(4175040K), 0.0339810 secs] [Times: user=0.06 sys=0.00, real=0.03 secs] 
2016-02-23T15:19:26.192+0800: 680162.907: [GC [PSYoungGen: 1374656K->16160K(1378816K)] 2968518K->1610223K(4175040K), 0.0425860 secs] [Times: user=0.08 sys=0.00, real=0.04 secs] 
2016-02-23T15:20:18.750+0800: 680215.464: [GC [PSYoungGen: 1375712K->16944K(1379136K)] 2969775K->1611300K(4175360K), 0.0416380 secs] [Times: user=0.07 sys=0.00, real=0.04 secs] 
2016-02-23T15:21:16.326+0800: 680273.040: [GC [PSYoungGen: 1377072K->18336K(1378496K)] 2971428K->1613040K(4174720K), 0.0393380 secs] [Times: user=0.06 sys=0.00, real=0.04 secs] 
2016-02-23T15:22:19.324+0800: 680336.039: [GC [PSYoungGen: 1378464K->16160K(1378880K)] 2973168K->1611188K(4175104K), 0.0369790 secs] [Times: user=0.06 sys=0.00, real=0.03 secs] 
2016-02-23T15:23:24.227+0800: 680400.942: [GC [PSYoungGen: 1375648K->17520K(1378688K)] 2970676K->1612712K(4174912K), 0.0368640 secs] [Times: user=0.06 sys=0.00, real=0.04 secs] 
2016-02-23T15:24:27.479+0800: 680464.194: [GC [PSYoungGen: 1377008K->18192K(1378240K)] 2972200K->1613577K(4174464K), 0.0425480 secs] [Times: user=0.07 sys=0.00, real=0.04 secs] 
2016-02-23T15:25:16.736+0800: 680513.451: [GC [PSYoungGen: 1377104K->16656K(1378496K)] 2972489K->1612342K(4174720K), 0.0364790 secs] [Times: user=0.06 sys=0.01, real=0.04 secs] 
2016-02-23T15:26:19.683+0800: 680576.398: [GC [PSYoungGen: 1375568K->17712K(1378560K)] 2971254K->1613706K(4174784K), 0.0383040 secs] [Times: user=0.07 sys=0.00, real=0.04 secs] 
2016-02-23T15:27:09.755+0800: 680626.469: [GC [PSYoungGen: 1376880K->15408K(1378624K)] 2972874K->1611738K(4174848K), 0.0350260 secs] [Times: user=0.06 sys=0.00, real=0.04 secs] 
2016-02-23T15:28:01.641+0800: 680678.356: [GC [PSYoungGen: 1374576K->17424K(1378624K)] 2970906K->1613999K(4174848K), 0.0394020 secs] [Times: user=0.07 sys=0.00, real=0.04 secs] 
2016-02-23T15:28:49.737+0800: 680726.451: [GC [PSYoungGen: 1376592K->16000K(1378624K)] 2973167K->1612707K(4174848K), 0.0373340 secs] [Times: user=0.07 sys=0.00, real=0.04 secs] 
2016-02-23T15:29:40.517+0800: 680777.232: [GC [PSYoungGen: 1375168K->15136K(1378752K)] 2971875K->1612243K(4174976K), 0.0376300 secs] [Times: user=0.06 sys=0.00, real=0.03 secs] 
2016-02-23T15:30:22.590+0800: 680819.305: [GC [PSYoungGen: 1374560K->15072K(1378752K)] 2971667K->1612407K(4174976K), 0.0372910 secs] [Times: user=0.07 sys=0.00, real=0.04 secs] 
2016-02-23T15:31:13.656+0800: 680870.371: [GC [PSYoungGen: 1374496K->14785K(1378752K)] 2971831K->1612445K(4174976K), 0.0390610 secs] [Times: user=0.06 sys=0.00, real=0.04 secs] 
2016-02-23T15:32:04.489+0800: 680921.204: [GC [PSYoungGen: 1374209K->15856K(1378752K)] 2971869K->1613616K(4174976K), 0.0370150 secs] [Times: user=0.06 sys=0.00, real=0.03 secs] 
2016-02-23T15:33:00.412+0800: 680977.127: [GC [PSYoungGen: 1375280K->18176K(1378112K)] 2973040K->1616317K(4174336K), 0.0385870 secs] [Times: user=0.07 sys=0.00, real=0.03 secs] 
2016-02-23T15:33:54.965+0800: 681031.679: [GC [PSYoungGen: 1377216K->15920K(1378560K)] 2975357K->1614273K(4174784K), 0.0342250 secs] [Times: user=0.06 sys=0.00, real=0.03 secs] 
2016-02-23T15:34:49.056+0800: 681085.770: [GC [PSYoungGen: 1374960K->17072K(1378816K)] 2973313K->1615698K(4175040K), 0.0382570 secs] [Times: user=0.06 sys=0.00, real=0.04 secs] 
2016-02-23T15:35:39.223+0800: 681135.938: [GC [PSYoungGen: 1376624K->14080K(1373696K)] 2975250K->1613118K(4169920K), 0.0334820 secs] [Times: user=0.06 sys=0.00, real=0.04 secs] 
2016-02-23T15:36:34.474+0800: 681191.188: [GC [PSYoungGen: 1373632K->17456K(1378432K)] 2972670K->1616582K(4174656K), 0.0369170 secs] [Times: user=0.07 sys=0.00, real=0.03 secs] 
2016-02-23T15:37:32.253+0800: 681248.967: [GC [PSYoungGen: 1376496K->16001K(1378560K)] 2975622K->1615479K(4174784K), 0.0340190 secs] [Times: user=0.05 sys=0.00, real=0.03 secs] 
2016-02-23T15:38:31.445+0800: 681308.160: [GC [PSYoungGen: 1375041K->17200K(1378688K)] 2974519K->1616995K(4174912K), 0.0378190 secs] [Times: user=0.06 sys=0.00, real=0.03 secs] 
2016-02-23T15:39:32.227+0800: 681368.941: [GC [PSYoungGen: 1376624K->15248K(1378752K)] 2976419K->1615271K(4174976K), 0.0398620 secs] [Times: user=0.07 sys=0.00, real=0.04 secs] 
2016-02-23T15:40:19.633+0800: 681416.347: [GC [PSYoungGen: 1374672K->15472K(1379008K)] 2974695K->1615700K(4175232K), 0.0364190 secs] [Times: user=0.06 sys=0.00, real=0.04 secs] 
2016-02-23T15:41:12.844+0800: 681469.558: [GC [PSYoungGen: 1375280K->16368K(1378880K)] 2975508K->1617014K(4175104K), 0.0372600 secs] [Times: user=0.05 sys=0.01, real=0.03 secs] 
2016-02-23T15:42:04.566+0800: 681521.280: [GC [PSYoungGen: 1376176K->16784K(1379264K)] 2976822K->1617710K(4175488K), 0.0349800 secs] [Times: user=0.06 sys=0.00, real=0.04 secs] 
2016-02-23T15:43:02.206+0800: 681578.920: [GC [PSYoungGen: 1377232K->15696K(1379264K)] 2978158K->1616822K(4175488K), 0.0341750 secs] [Times: user=0.06 sys=0.00, real=0.04 secs] 
2016-02-23T15:43:58.305+0800: 681635.019: [GC [PSYoungGen: 1376144K->14608K(1379328K)] 2977270K->1615846K(4175552K), 0.0373970 secs] [Times: user=0.07 sys=0.00, real=0.03 secs] 
2016-02-23T15:44:56.232+0800: 681692.946: [GC [PSYoungGen: 1375312K->15136K(1379392K)] 2976550K->1616530K(4175616K), 0.0370250 secs] [Times: user=0.06 sys=0.00, real=0.04 secs] 
2016-02-23T15:45:43.188+0800: 681739.902: [GC [PSYoungGen: 1375840K->14560K(1379520K)] 2977234K->1616202K(4175744K), 0.0328080 secs] [Times: user=0.06 sys=0.00, real=0.03 secs] 
2016-02-23T15:46:36.068+0800: 681792.782: [GC [PSYoungGen: 1375520K->15696K(1379520K)] 2977162K->1617666K(4175744K), 0.0393220 secs] [Times: user=0.06 sys=0.00, real=0.04 secs] 
2016-02-23T15:47:27.682+0800: 681844.396: [GC [PSYoungGen: 1376656K->14832K(1379840K)] 2978626K->1617126K(4176064K), 0.0344030 secs] [Times: user=0.06 sys=0.00, real=0.03 secs] 
2016-02-23T15:48:19.189+0800: 681895.904: [GC [PSYoungGen: 1376368K->14688K(1379776K)] 2978662K->1617231K(4176000K), 0.0335290 secs] [Times: user=0.06 sys=0.00, real=0.03 secs] 
2016-02-23T15:49:09.637+0800: 681946.352: [GC [PSYoungGen: 1376224K->15424K(1380160K)] 2978767K->1618115K(4176384K), 0.0330310 secs] [Times: user=0.06 sys=0.00, real=0.03 secs] 
2016-02-23T15:50:02.493+0800: 681999.207: [GC [PSYoungGen: 1377408K->15274K(1379904K)] 2980099K->1618306K(4176128K), 0.0400560 secs] [Times: user=0.07 sys=0.00, real=0.04 secs] 
2016-02-23T15:50:50.047+0800: 682046.761: [GC [PSYoungGen: 1377258K->14624K(1380416K)] 2980290K->1618067K(4176640K), 0.0331330 secs] [Times: user=0.06 sys=0.00, real=0.04 secs] 
2016-02-23T15:51:43.785+0800: 682100.499: [GC [PSYoungGen: 1377312K->16752K(1379456K)] 2980755K->1620383K(4175680K), 0.0384680 secs] [Times: user=0.06 sys=0.00, real=0.03 secs] 
2016-02-23T15:52:33.957+0800: 682150.672: [GC [PSYoungGen: 1379440K->17088K(1379520K)] 2983071K->1620932K(4175744K), 0.0379570 secs] [Times: user=0.07 sys=0.00, real=0.04 secs] 
2016-02-23T15:53:33.289+0800: 682210.003: [GC [PSYoungGen: 1378688K->18208K(1379840K)] 2982532K->1623385K(4176064K), 0.0405600 secs] [Times: user=0.07 sys=0.00, real=0.04 secs] 
2016-02-23T15:54:26.421+0800: 682263.136: [GC [PSYoungGen: 1379808K->18208K(1376000K)] 2984985K->1624230K(4172224K), 0.0387080 secs] [Times: user=0.07 sys=0.00, real=0.04 secs] 
2016-02-23T15:55:18.119+0800: 682314.833: [GC [PSYoungGen: 1375968K->16144K(1377920K)] 2981990K->1622567K(4174144K), 0.0343490 secs] [Times: user=0.06 sys=0.00, real=0.04 secs] 
2016-02-23T15:56:10.681+0800: 682367.395: [GC [PSYoungGen: 1373897K->17832K(1377856K)] 2980320K->1624492K(4174080K), 0.0409910 secs] [Times: user=0.07 sys=0.00, real=0.04 secs] 
2016-02-23T15:57:04.761+0800: 682421.475: [GC [PSYoungGen: 1375848K->17344K(1378048K)] 2982508K->1624244K(4174272K), 0.0384770 secs] [Times: user=0.06 sys=0.00, real=0.04 secs] 
2016-02-23T15:57:54.976+0800: 682471.691: [GC [PSYoungGen: 1375360K->17376K(1378112K)] 2982260K->1624404K(4174336K), 0.0354290 secs] [Times: user=0.06 sys=0.00, real=0.04 secs] 
2016-02-23T15:58:53.362+0800: 682530.076: [GC [PSYoungGen: 1375520K->16752K(1378112K)] 2982548K->1624032K(4174336K), 0.0434870 secs] [Times: user=0.07 sys=0.00, real=0.04 secs] 
2016-02-23T15:59:46.624+0800: 682583.338: [GC [PSYoungGen: 1374896K->18672K(1377536K)] 2982176K->1626300K(4173760K), 0.0370600 secs] [Times: user=0.06 sys=0.00, real=0.03 secs] 
2016-02-23T16:00:40.385+0800: 682637.099: [GC [PSYoungGen: 1376560K->16064K(1377984K)] 2984188K->1624012K(4174208K), 0.0337670 secs] [Times: user=0.06 sys=0.00, real=0.03 secs] 
2016-02-23T16:01:32.556+0800: 682689.271: [GC [PSYoungGen: 1373952K->16704K(1378432K)] 2981900K->1624940K(4174656K), 0.0413490 secs] [Times: user=0.07 sys=0.00, real=0.04 secs] 
2016-02-23T16:02:23.026+0800: 682739.741: [GC [PSYoungGen: 1375232K->16432K(1378176K)] 2983468K->1624881K(4174400K), 0.0347140 secs] [Times: user=0.07 sys=0.00, real=0.03 secs] 
2016-02-23T16:03:13.803+0800: 682790.517: [GC [PSYoungGen: 1374960K->14896K(1378560K)] 2983409K->1623545K(4174784K), 0.0340060 secs] [Times: user=0.06 sys=0.00, real=0.03 secs] 
2016-02-23T16:04:11.745+0800: 682848.459: [GC [PSYoungGen: 1374064K->17392K(1378624K)] 2982713K->1626218K(4174848K), 0.0412060 secs] [Times: user=0.08 sys=0.00, real=0.04 secs] 
2016-02-23T16:05:04.947+0800: 682901.661: [GC [PSYoungGen: 1376560K->15312K(1378624K)] 2985386K->1624567K(4174848K), 0.0332880 secs] [Times: user=0.07 sys=0.00, real=0.03 secs] 
2016-02-23T16:05:59.316+0800: 682956.030: [GC [PSYoungGen: 1374480K->14880K(1378624K)] 2983735K->1624527K(4174848K), 0.0333000 secs] [Times: user=0.07 sys=0.00, real=0.03 secs] 
2016-02-23T16:06:51.763+0800: 683008.477: [GC [PSYoungGen: 1374048K->18112K(1377920K)] 2983695K->1628108K(4174144K), 0.0382080 secs] [Times: user=0.07 sys=0.00, real=0.04 secs] 
2016-02-23T16:07:50.845+0800: 683067.559: [GC [PSYoungGen: 1376640K->18288K(1376832K)] 2986636K->1628452K(4173056K), 0.0471890 secs] [Times: user=0.07 sys=0.00, real=0.05 secs] 
2016-02-23T16:08:40.341+0800: 683117.055: [GC [PSYoungGen: 1376816K->16640K(1378304K)] 2986980K->1626992K(4174528K), 0.0395770 secs] [Times: user=0.07 sys=0.00, real=0.04 secs] 
2016-02-23T16:09:32.550+0800: 683169.264: [GC [PSYoungGen: 1374848K->18447K(1377984K)] 2985200K->1628951K(4174208K), 0.0445230 secs] [Times: user=0.08 sys=0.00, real=0.04 secs] 
2016-02-23T16:10:17.054+0800: 683213.768: [GC [PSYoungGen: 1376655K->15104K(1377984K)] 2987159K->1626086K(4174208K), 0.0347350 secs] [Times: user=0.07 sys=0.00, real=0.04 secs] 
2016-02-23T16:11:10.152+0800: 683266.866: [GC [PSYoungGen: 1372992K->17456K(1377984K)] 2983974K->1628858K(4174208K), 0.0416060 secs] [Times: user=0.07 sys=0.00, real=0.04 secs] 
2016-02-23T16:12:02.050+0800: 683318.764: [GC [PSYoungGen: 1375344K->17248K(1378176K)] 2986746K->1628862K(4174400K), 0.0433230 secs] [Times: user=0.08 sys=0.00, real=0.04 secs] 
2016-02-23T16:12:56.423+0800: 683373.138: [GC [PSYoungGen: 1375392K->18320K(1376512K)] 2987006K->1630159K(4172736K), 0.0365230 secs] [Times: user=0.07 sys=0.00, real=0.04 secs] 
2016-02-23T16:13:46.100+0800: 683422.814: [GC [PSYoungGen: 1376464K->15856K(1378048K)] 2988303K->1628151K(4174272K), 0.0385570 secs] [Times: user=0.06 sys=0.00, real=0.03 secs] 
2016-02-23T16:14:35.413+0800: 683472.127: [GC [PSYoungGen: 1373744K->16304K(1377920K)] 2986039K->1628892K(4174144K), 0.0347040 secs] [Times: user=0.06 sys=0.01, real=0.04 secs] 
2016-02-23T16:15:25.889+0800: 683522.604: [GC [PSYoungGen: 1374192K->15888K(1378432K)] 2986780K->1628752K(4174656K), 0.0352540 secs] [Times: user=0.06 sys=0.00, real=0.04 secs] 
2016-02-23T16:16:18.349+0800: 683575.063: [GC [PSYoungGen: 1374544K->17280K(1378304K)] 2987408K->1630512K(4174528K), 0.0375870 secs] [Times: user=0.07 sys=0.00, real=0.04 secs] 
2016-02-23T16:17:07.802+0800: 683624.517: [GC [PSYoungGen: 1375936K->14400K(1378240K)] 2989168K->1627752K(4174464K), 0.0421060 secs] [Times: user=0.08 sys=0.00, real=0.04 secs] 
2016-02-23T16:17:57.240+0800: 683673.955: [GC [PSYoungGen: 1373056K->13872K(1372544K)] 2986408K->1627454K(4168768K), 0.0364300 secs] [Times: user=0.06 sys=0.00, real=0.04 secs] 
2016-02-23T16:18:44.786+0800: 683721.500: [GC [PSYoungGen: 1372528K->16320K(1378560K)] 2986110K->1630119K(4174784K), 0.0333250 secs] [Times: user=0.06 sys=0.00, real=0.03 secs] 
2016-02-23T16:19:37.148+0800: 683773.862: [GC [PSYoungGen: 1375040K->15152K(1378240K)] 2988839K->1629178K(4174464K), 0.0380200 secs] [Times: user=0.06 sys=0.00, real=0.03 secs] 
2016-02-23T16:20:30.852+0800: 683827.567: [GC [PSYoungGen: 1373872K->17296K(1378560K)] 2987898K->1631570K(4174784K), 0.0390840 secs] [Times: user=0.07 sys=0.00, real=0.04 secs] 
2016-02-23T16:21:20.378+0800: 683877.092: [GC [PSYoungGen: 1376464K->13981K(1373184K)] 2990738K->1628495K(4169408K), 0.0336320 secs] [Times: user=0.05 sys=0.00, real=0.04 secs] 
2016-02-23T16:22:06.197+0800: 683922.911: [GC [PSYoungGen: 1373149K->15904K(1378880K)] 2987663K->1630688K(4175104K), 0.0378040 secs] [Times: user=0.07 sys=0.00, real=0.04 secs] 
2016-02-23T16:22:54.454+0800: 683971.168: [GC [PSYoungGen: 1375264K->15552K(1378560K)] 2990048K->1630472K(4174784K), 0.0333340 secs] [Times: user=0.06 sys=0.00, real=0.03 secs] 
2016-02-23T16:23:40.062+0800: 684016.776: [GC [PSYoungGen: 1374912K->15808K(1379328K)] 2989832K->1631016K(4175552K), 0.0359570 secs] [Times: user=0.06 sys=0.00, real=0.04 secs] 
2016-02-23T16:24:33.733+0800: 684070.448: [GC [PSYoungGen: 1376128K->17504K(1379072K)] 2991336K->1632888K(4175296K), 0.0364550 secs] [Times: user=0.06 sys=0.00, real=0.03 secs] 
2016-02-23T16:25:26.145+0800: 684122.860: [GC [PSYoungGen: 1377824K->16608K(1379136K)] 2993208K->1632249K(4175360K), 0.0391420 secs] [Times: user=0.07 sys=0.00, real=0.04 secs] 
2016-02-23T16:26:23.120+0800: 684179.835: [GC [PSYoungGen: 1376736K->17120K(1379072K)] 2992377K->1633249K(4175296K), 0.0427100 secs] [Times: user=0.08 sys=0.01, real=0.04 secs] 
2016-02-23T16:27:13.016+0800: 684229.731: [GC [PSYoungGen: 1377248K->15872K(1379264K)] 2993377K->1632230K(4175488K), 0.0337570 secs] [Times: user=0.06 sys=0.00, real=0.03 secs] 
2016-02-23T16:28:07.654+0800: 684284.369: [GC [PSYoungGen: 1376128K->18736K(1379008K)] 2992486K->1635342K(4175232K), 0.0403030 secs] [Times: user=0.07 sys=0.00, real=0.04 secs] 
2016-02-23T16:28:59.182+0800: 684335.897: [GC [PSYoungGen: 1378992K->17120K(1378368K)] 2995598K->1634038K(4174592K), 0.0369020 secs] [Times: user=0.06 sys=0.00, real=0.04 secs] 
2016-02-23T16:29:53.419+0800: 684390.134: [GC [PSYoungGen: 1376416K->17280K(1378688K)] 2993334K->1634542K(4174912K), 0.0379290 secs] [Times: user=0.07 sys=0.00, real=0.04 secs] 
2016-02-23T16:30:44.626+0800: 684441.341: [GC [PSYoungGen: 1376576K->15856K(1378816K)] 2993838K->1633238K(4175040K), 0.0339550 secs] [Times: user=0.06 sys=0.00, real=0.04 secs] 
2016-02-23T16:31:36.392+0800: 684493.107: [GC [PSYoungGen: 1375280K->17040K(1378688K)] 2992662K->1634546K(4174912K), 0.0364480 secs] [Times: user=0.06 sys=0.00, real=0.04 secs] 
2016-02-23T16:32:25.865+0800: 684542.579: [GC [PSYoungGen: 1376464K->14896K(1378880K)] 2993970K->1632722K(4175104K), 0.0360490 secs] [Times: user=0.06 sys=0.00, real=0.04 secs] 
2016-02-23T16:33:17.516+0800: 684594.231: [GC [PSYoungGen: 1374576K->15920K(1378880K)] 2992402K->1634046K(4175104K), 0.0379260 secs] [Times: user=0.06 sys=0.00, real=0.03 secs] 
2016-02-23T16:34:06.259+0800: 684642.973: [GC [PSYoungGen: 1375600K->15824K(1379264K)] 2993726K->1634090K(4175488K), 0.0418150 secs] [Times: user=0.08 sys=0.00, real=0.04 secs] 
2016-02-23T16:34:50.521+0800: 684687.236: [GC [PSYoungGen: 1376080K->16320K(1379072K)] 2994346K->1634818K(4175296K), 0.0399140 secs] [Times: user=0.07 sys=0.00, real=0.04 secs] 
2016-02-23T16:35:44.283+0800: 684740.997: [GC [PSYoungGen: 1376576K->16016K(1379648K)] 2995074K->1634787K(4175872K), 0.0394980 secs] [Times: user=0.07 sys=0.00, real=0.04 secs] 
2016-02-23T16:36:35.132+0800: 684791.847: [GC [PSYoungGen: 1377040K->15680K(1379456K)] 2995811K->1634756K(4175680K), 0.0361890 secs] [Times: user=0.06 sys=0.00, real=0.04 secs] 
2016-02-23T16:37:26.729+0800: 684843.443: [GC [PSYoungGen: 1376704K->16960K(1379648K)] 2995780K->1636401K(4175872K), 0.0387080 secs] [Times: user=0.07 sys=0.00, real=0.04 secs] 
2016-02-23T16:38:17.406+0800: 684894.121: [GC [PSYoungGen: 1378304K->16856K(1379712K)] 2997745K->1636445K(4175936K), 0.0374070 secs] [Times: user=0.07 sys=0.00, real=0.04 secs] 
2016-02-23T16:39:11.708+0800: 684948.422: [GC [PSYoungGen: 1378200K->16704K(1379776K)] 2997789K->1636497K(4176000K), 0.0374150 secs] [Times: user=0.07 sys=0.00, real=0.04 secs] 
2016-02-23T16:40:02.244+0800: 684998.959: [GC [PSYoungGen: 1378112K->16320K(1379712K)] 2997905K->1636373K(4175936K), 0.0384260 secs] [Times: user=0.06 sys=0.00, real=0.03 secs] 
2016-02-23T16:40:56.815+0800: 685053.530: [GC [PSYoungGen: 1377728K->14304K(1379584K)] 2997781K->1634557K(4175808K), 0.0319010 secs] [Times: user=0.06 sys=0.00, real=0.03 secs] 
2016-02-23T16:41:45.015+0800: 685101.729: [GC [PSYoungGen: 1375776K->14592K(1376128K)] 2996029K->1634978K(4172352K), 0.0318270 secs] [Times: user=0.06 sys=0.00, real=0.03 secs] 
2016-02-23T16:42:34.918+0800: 685151.633: [GC [PSYoungGen: 1376064K->15552K(1379840K)] 2996450K->1636207K(4176064K), 0.0396140 secs] [Times: user=0.06 sys=0.00, real=0.04 secs] 
2016-02-23T16:43:22.799+0800: 685199.514: [GC [PSYoungGen: 1377024K->18211K(1379712K)] 2997679K->1640867K(4175936K), 0.0386830 secs] [Times: user=0.08 sys=0.00, real=0.04 secs] 
2016-02-23T16:44:10.717+0800: 685247.431: [GC [PSYoungGen: 1379683K->14480K(1377280K)] 3002339K->1637461K(4173504K), 0.0364310 secs] [Times: user=0.06 sys=0.00, real=0.03 secs] 
2016-02-23T16:44:59.469+0800: 685296.184: [GC [PSYoungGen: 1373392K->15888K(1378496K)] 2996373K->1639278K(4174720K), 0.0353300 secs] [Times: user=0.07 sys=0.00, real=0.04 secs] 
2016-02-23T16:45:51.287+0800: 685348.001: [GC [PSYoungGen: 1374800K->15152K(1378944K)] 2998190K->1638722K(4175168K), 0.0336500 secs] [Times: user=0.06 sys=0.00, real=0.04 secs] 
2016-02-23T16:46:46.841+0800: 685403.555: [GC [PSYoungGen: 1374768K->15904K(1378752K)] 2998338K->1639823K(4174976K), 0.0377990 secs] [Times: user=0.07 sys=0.00, real=0.04 secs] 
2016-02-23T16:47:40.151+0800: 685456.865: [GC [PSYoungGen: 1375520K->18112K(1378176K)] 2999439K->1642216K(4174400K), 0.0444910 secs] [Times: user=0.07 sys=0.00, real=0.05 secs] 
2016-02-23T16:48:25.549+0800: 685502.263: [GC [PSYoungGen: 1377408K->15840K(1378688K)] 3001512K->1640184K(4174912K), 0.0399130 secs] [Times: user=0.06 sys=0.00, real=0.04 secs] 
2016-02-23T16:49:15.245+0800: 685551.960: [GC [PSYoungGen: 1375136K->16128K(1379200K)] 2999480K->1640917K(4175424K), 0.0367770 secs] [Times: user=0.07 sys=0.00, real=0.04 secs] 
2016-02-23T16:50:09.654+0800: 685606.369: [GC [PSYoungGen: 1376192K->15806K(1378944K)] 3000981K->1640787K(4175168K), 0.0385580 secs] [Times: user=0.07 sys=0.00, real=0.04 secs] 
2016-02-23T16:51:01.649+0800: 685658.364: [GC [PSYoungGen: 1375870K->14160K(1379264K)] 3000851K->1639598K(4175488K), 0.0355230 secs] [Times: user=0.07 sys=0.00, real=0.04 secs] 
2016-02-23T16:51:47.029+0800: 685703.744: [GC [PSYoungGen: 1374736K->16576K(1379328K)] 3000174K->1642207K(4175552K), 0.0348650 secs] [Times: user=0.06 sys=0.00, real=0.03 secs] 
2016-02-23T16:52:38.886+0800: 685755.601: [GC [PSYoungGen: 1377152K->18672K(1377600K)] 3002783K->1644775K(4173824K), 0.0439150 secs] [Times: user=0.07 sys=0.00, real=0.04 secs] 
2016-02-23T16:53:36.060+0800: 685812.774: [GC [PSYoungGen: 1377584K->16032K(1378496K)] 3003687K->1642392K(4174720K), 0.0386850 secs] [Times: user=0.07 sys=0.00, real=0.04 secs] 
2016-02-23T16:54:32.150+0800: 685868.864: [GC [PSYoungGen: 1374944K->15760K(1378944K)] 3001304K->1642576K(4175168K), 0.0353620 secs] [Times: user=0.07 sys=0.00, real=0.03 secs] 
2016-02-23T16:55:19.287+0800: 685916.002: [GC [PSYoungGen: 1375376K->15856K(1378752K)] 3002192K->1642873K(4174976K), 0.0380100 secs] [Times: user=0.07 sys=0.00, real=0.04 secs] 
2016-02-23T16:56:09.860+0800: 685966.575: [GC [PSYoungGen: 1375472K->15488K(1379328K)] 3002489K->1643013K(4175552K), 0.0354180 secs] [Times: user=0.06 sys=0.00, real=0.04 secs] 
2016-02-23T16:57:01.722+0800: 686018.436: [GC [PSYoungGen: 1375936K->16960K(1379200K)] 3003461K->1644806K(4175424K), 0.0406320 secs] [Times: user=0.07 sys=0.00, real=0.04 secs] 
2016-02-23T16:57:51.891+0800: 686068.605: [GC [PSYoungGen: 1377408K->15121K(1379328K)] 3005254K->1643207K(4175552K), 0.0369910 secs] [Times: user=0.07 sys=0.00, real=0.04 secs] 
2016-02-23T16:58:44.341+0800: 686121.055: [GC [PSYoungGen: 1375633K->16000K(1379264K)] 3003719K->1644539K(4175488K), 0.0361140 secs] [Times: user=0.07 sys=0.00, real=0.04 secs] 
2016-02-23T16:59:31.083+0800: 686167.798: [GC [PSYoungGen: 1376512K->14496K(1379456K)] 3005051K->1643404K(4175680K), 0.0365400 secs] [Times: user=0.07 sys=0.00, real=0.04 secs] 
2016-02-23T17:00:18.027+0800: 686214.742: [GC [PSYoungGen: 1375456K->13952K(1374976K)] 3004364K->1643132K(4171200K), 0.0363720 secs] [Times: user=0.06 sys=0.00, real=0.04 secs] 
2016-02-23T17:01:03.912+0800: 686260.627: [GC [PSYoungGen: 1374912K->15792K(1379712K)] 3004092K->1645316K(4175936K), 0.0388510 secs] [Times: user=0.07 sys=0.00, real=0.03 secs] 
2016-02-23T17:01:52.909+0800: 686309.623: [GC [PSYoungGen: 1376880K->13568K(1379456K)] 3006404K->1643452K(4175680K), 0.0386330 secs] [Times: user=0.07 sys=0.00, real=0.04 secs] 
2016-02-23T17:02:38.213+0800: 686354.928: [GC [PSYoungGen: 1374656K->13360K(1379456K)] 3004540K->1643397K(4175680K), 0.0337920 secs] [Times: user=0.06 sys=0.00, real=0.03 secs] 
2016-02-23T17:03:28.981+0800: 686405.695: [GC [PSYoungGen: 1374320K->15984K(1379520K)] 3004357K->1646109K(4175744K), 0.0348710 secs] [Times: user=0.07 sys=0.00, real=0.03 secs] 
2016-02-23T17:04:22.545+0800: 686459.259: [GC [PSYoungGen: 1376944K->16992K(1379072K)] 3007069K->1647477K(4175296K), 0.0368080 secs] [Times: user=0.07 sys=0.00, real=0.04 secs] 
2016-02-23T17:05:12.154+0800: 686508.868: [GC [PSYoungGen: 1377568K->16138K(1379328K)] 3008053K->1646816K(4175552K), 0.0376970 secs] [Times: user=0.07 sys=0.00, real=0.04 secs] 
2016-02-23T17:06:01.408+0800: 686558.123: [GC [PSYoungGen: 1376714K->14608K(1379520K)] 3007392K->1645538K(4175744K), 0.0324670 secs] [Times: user=0.06 sys=0.00, real=0.03 secs] 
2016-02-23T17:06:55.886+0800: 686612.601: [GC [PSYoungGen: 1375440K->16544K(1379392K)] 3006370K->1647815K(4175616K), 0.0344280 secs] [Times: user=0.06 sys=0.00, real=0.04 secs] 
2016-02-23T17:07:47.442+0800: 686664.156: [GC [PSYoungGen: 1377376K->15040K(1379648K)] 3008647K->1647044K(4175872K), 0.0446790 secs] [Times: user=0.08 sys=0.00, real=0.04 secs] 
2016-02-23T17:08:37.183+0800: 686713.898: [GC [PSYoungGen: 1376064K->14608K(1379456K)] 3008068K->1646780K(4175680K), 0.0436710 secs] [Times: user=0.09 sys=0.00, real=0.05 secs] 
2016-02-23T17:09:26.007+0800: 686762.721: [GC [PSYoungGen: 1375632K->18272K(1377728K)] 3007804K->1651225K(4173952K), 0.0481840 secs] [Times: user=0.11 sys=0.00, real=0.05 secs] 
2016-02-23T17:10:15.673+0800: 686812.387: [GC [PSYoungGen: 1377696K->17008K(1376448K)] 3010649K->1650329K(4172672K), 0.0378940 secs] [Times: user=0.06 sys=0.00, real=0.04 secs] 
2016-02-23T17:11:05.526+0800: 686862.240: [GC [PSYoungGen: 1376432K->16480K(1378816K)] 3009753K->1650233K(4175040K), 0.0347760 secs] [Times: user=0.07 sys=0.00, real=0.04 secs] 
2016-02-23T17:12:02.586+0800: 686919.301: [GC [PSYoungGen: 1375840K->16992K(1378624K)] 3009593K->1650949K(4174848K), 0.0418260 secs] [Times: user=0.06 sys=0.00, real=0.04 secs] 
2016-02-23T17:13:02.166+0800: 686978.880: [GC [PSYoungGen: 1376352K->17904K(1377984K)] 3010309K->1651970K(4174208K), 0.0385480 secs] [Times: user=0.07 sys=0.00, real=0.04 secs] 
2016-02-23T17:13:55.270+0800: 687031.984: [GC [PSYoungGen: 1376560K->16192K(1378368K)] 3010626K->1650598K(4174592K), 0.0370450 secs] [Times: user=0.06 sys=0.00, real=0.04 secs] 
2016-02-23T17:14:42.757+0800: 687079.471: [GC [PSYoungGen: 1374848K->15264K(1378880K)] 3009254K->1650024K(4175104K), 0.0345610 secs] [Times: user=0.06 sys=0.00, real=0.03 secs] 
2016-02-23T17:15:32.771+0800: 687129.486: [GC [PSYoungGen: 1374816K->15648K(1378752K)] 3009576K->1650748K(4174976K), 0.0349970 secs] [Times: user=0.06 sys=0.00, real=0.03 secs] 
2016-02-23T17:16:29.995+0800: 687186.710: [GC [PSYoungGen: 1375200K->15184K(1379200K)] 3010300K->1650597K(4175424K), 0.0387570 secs] [Times: user=0.06 sys=0.00, real=0.04 secs] 
2016-02-23T17:17:21.210+0800: 687237.924: [GC [PSYoungGen: 1375376K->17232K(1377472K)] 3010789K->1652914K(4173696K), 0.0416410 secs] [Times: user=0.07 sys=0.00, real=0.04 secs] 
2016-02-23T17:18:15.294+0800: 687292.009: [GC [PSYoungGen: 1377424K->16160K(1379328K)] 3013106K->1652335K(4175552K), 0.0367940 secs] [Times: user=0.07 sys=0.00, real=0.04 secs] 
2016-02-23T17:19:03.637+0800: 687340.351: [GC [PSYoungGen: 1376416K->15360K(1379008K)] 3012591K->1651969K(4175232K), 0.0400310 secs] [Times: user=0.07 sys=0.00, real=0.04 secs] 
2016-02-23T17:19:51.613+0800: 687388.327: [GC [PSYoungGen: 1375616K->16736K(1379456K)] 3012225K->1653649K(4175680K), 0.0370220 secs] [Times: user=0.06 sys=0.01, real=0.03 secs] 
2016-02-23T17:20:43.027+0800: 687439.742: [GC [PSYoungGen: 1377568K->17264K(1378112K)] 3014481K->1654534K(4174336K), 0.0379610 secs] [Times: user=0.07 sys=0.00, real=0.04 secs] 
2016-02-23T17:21:36.259+0800: 687492.974: [GC [PSYoungGen: 1378096K->16944K(1379264K)] 3015366K->1654519K(4175488K), 0.0360690 secs] [Times: user=0.07 sys=0.00, real=0.03 secs] 
2016-02-23T17:22:25.840+0800: 687542.554: [GC [PSYoungGen: 1377392K->17136K(1377600K)] 3014967K->1655015K(4173824K), 0.0367780 secs] [Times: user=0.06 sys=0.00, real=0.04 secs] 
2016-02-23T17:23:22.617+0800: 687599.332: [GC [PSYoungGen: 1377584K->15408K(1379264K)] 3015463K->1653608K(4175488K), 0.0399530 secs] [Times: user=0.08 sys=0.00, real=0.04 secs] 
2016-02-23T17:24:20.558+0800: 687657.272: [GC [PSYoungGen: 1375792K->16464K(1379200K)] 3013992K->1654912K(4175424K), 0.0412600 secs] [Times: user=0.07 sys=0.00, real=0.04 secs] 
2016-02-23T17:25:11.290+0800: 687708.004: [GC [PSYoungGen: 1376848K->14752K(1379456K)] 3015296K->1653416K(4175680K), 0.0336590 secs] [Times: user=0.06 sys=0.00, real=0.03 secs] 
2016-02-23T17:26:03.690+0800: 687760.405: [GC [PSYoungGen: 1375584K->16624K(1379456K)] 3014248K->1655537K(4175680K), 0.0366870 secs] [Times: user=0.07 sys=0.00, real=0.03 secs] 
2016-02-23T17:27:00.839+0800: 687817.553: [GC [PSYoungGen: 1377456K->14816K(1379520K)] 3016369K->1654133K(4175744K), 0.0341570 secs] [Times: user=0.06 sys=0.00, real=0.03 secs] 
2016-02-23T17:27:58.697+0800: 687875.411: [GC [PSYoungGen: 1375776K->14736K(1379520K)] 3015093K->1654421K(4175744K), 0.0332850 secs] [Times: user=0.06 sys=0.01, real=0.03 secs] 
2016-02-23T17:28:58.483+0800: 687935.197: [GC [PSYoungGen: 1375696K->17168K(1379136K)] 3015381K->1656933K(4175360K), 0.0380660 secs] [Times: user=0.06 sys=0.00, real=0.04 secs] 
2016-02-23T17:29:51.963+0800: 687988.678: [GC [PSYoungGen: 1377744K->13952K(1374592K)] 3017509K->1653990K(4170816K), 0.0322900 secs] [Times: user=0.05 sys=0.01, real=0.04 secs] 
2016-02-23T17:30:40.057+0800: 688036.771: [GC [PSYoungGen: 1374528K->13792K(1379136K)] 3014566K->1654294K(4175360K), 0.0322060 secs] [Times: user=0.07 sys=0.00, real=0.03 secs] 
2016-02-23T17:31:31.074+0800: 688087.788: [GC [PSYoungGen: 1374112K->15008K(1379200K)] 3014614K->1655755K(4175424K), 0.0354190 secs] [Times: user=0.06 sys=0.00, real=0.04 secs] 
2016-02-23T17:32:24.914+0800: 688141.628: [GC [PSYoungGen: 1375328K->15636K(1379712K)] 3016075K->1656664K(4175936K), 0.0338730 secs] [Times: user=0.07 sys=0.00, real=0.04 secs] 
2016-02-23T17:33:17.749+0800: 688194.464: [GC [PSYoungGen: 1376660K->15840K(1379392K)] 3017688K->1657112K(4175616K), 0.0389720 secs] [Times: user=0.08 sys=0.00, real=0.04 secs] 
2016-02-23T17:34:09.829+0800: 688246.543: [GC [PSYoungGen: 1376864K->15840K(1380032K)] 3018136K->1657264K(4176256K), 0.0361220 secs] [Times: user=0.07 sys=0.00, real=0.03 secs] 
2016-02-23T17:35:07.101+0800: 688303.816: [GC [PSYoungGen: 1377632K->16320K(1379840K)] 3019056K->1657919K(4176064K), 0.0399310 secs] [Times: user=0.08 sys=0.00, real=0.04 secs] 
2016-02-23T17:36:16.342+0800: 688373.056: [GC [PSYoungGen: 1378112K->16592K(1379776K)] 3019711K->1658684K(4176000K), 0.0424730 secs] [Times: user=0.08 sys=0.00, real=0.04 secs] 
2016-02-23T17:37:11.758+0800: 688428.472: [GC [PSYoungGen: 1378320K->14656K(1379904K)] 3020412K->1656971K(4176128K), 0.0345330 secs] [Times: user=0.06 sys=0.00, real=0.04 secs] 
2016-02-23T17:38:13.441+0800: 688490.155: [GC [PSYoungGen: 1376384K->16608K(1379712K)] 3018699K->1659120K(4175936K), 0.0398250 secs] [Times: user=0.07 sys=0.00, real=0.04 secs] 
2016-02-23T17:39:12.030+0800: 688548.745: [GC [PSYoungGen: 1378208K->17299K(1378944K)] 3020720K->1659943K(4175168K), 0.0378680 secs] [Times: user=0.06 sys=0.00, real=0.04 secs] 
2016-02-23T17:40:03.542+0800: 688600.256: [GC [PSYoungGen: 1378899K->14816K(1379584K)] 3021543K->1658074K(4175808K), 0.0365540 secs] [Times: user=0.06 sys=0.00, real=0.04 secs] 
2016-02-23T17:41:02.108+0800: 688658.823: [GC [PSYoungGen: 1375840K->16159K(1379520K)] 3019098K->1659569K(4175744K), 0.0382420 secs] [Times: user=0.06 sys=0.00, real=0.04 secs] 
2016-02-23T17:42:01.939+0800: 688718.653: [GC [PSYoungGen: 1377183K->15504K(1379904K)] 3020593K->1659339K(4176128K), 0.0383290 secs] [Times: user=0.07 sys=0.00, real=0.04 secs] 
2016-02-23T17:42:53.190+0800: 688769.904: [GC [PSYoungGen: 1377040K->15136K(1379712K)] 3020875K->1659362K(4175936K), 0.0328700 secs] [Times: user=0.06 sys=0.00, real=0.03 secs] 
2016-02-23T17:43:43.425+0800: 688820.140: [GC [PSYoungGen: 1376672K->13632K(1379776K)] 3020898K->1658306K(4176000K), 0.0312070 secs] [Times: user=0.06 sys=0.00, real=0.03 secs] 
2016-02-23T17:44:42.862+0800: 688879.577: [GC [PSYoungGen: 1375360K->16211K(1379904K)] 3020034K->1661006K(4176128K), 0.0391700 secs] [Times: user=0.06 sys=0.00, real=0.04 secs] 
2016-02-23T17:45:39.173+0800: 688935.887: [GC [PSYoungGen: 1377939K->15088K(1380096K)] 3022734K->1660387K(4176320K), 0.0388990 secs] [Times: user=0.07 sys=0.00, real=0.04 secs] 
2016-02-23T17:46:31.009+0800: 688987.723: [GC [PSYoungGen: 1377008K->14832K(1379904K)] 3022307K->1660251K(4176128K), 0.0376930 secs] [Times: user=0.06 sys=0.00, real=0.04 secs] 
2016-02-23T17:47:28.778+0800: 689045.493: [GC [PSYoungGen: 1376752K->17376K(1379200K)] 3022171K->1663072K(4175424K), 0.0491820 secs] [Times: user=0.09 sys=0.00, real=0.06 secs] 
2016-02-23T17:48:30.838+0800: 689107.552: [GC [PSYoungGen: 1378720K->14896K(1379712K)] 3024416K->1660804K(4175936K), 0.0350890 secs] [Times: user=0.06 sys=0.00, real=0.03 secs] 
2016-02-23T17:49:35.410+0800: 689172.124: [GC [PSYoungGen: 1376240K->16128K(1379904K)] 3022148K->1662200K(4176128K), 0.0346180 secs] [Times: user=0.07 sys=0.00, real=0.04 secs] 
2016-02-23T17:50:28.461+0800: 689225.176: [GC [PSYoungGen: 1377856K->15456K(1379904K)] 3023928K->1661704K(4176128K), 0.0386400 secs] [Times: user=0.07 sys=0.00, real=0.04 secs] 
2016-02-23T17:51:36.821+0800: 689293.535: [GC [PSYoungGen: 1377169K->16586K(1379904K)] 3023418K->1662959K(4176128K), 0.0359470 secs] [Times: user=0.07 sys=0.00, real=0.04 secs] 
2016-02-23T17:52:37.088+0800: 689353.802: [GC [PSYoungGen: 1378570K->15152K(1380032K)] 3024943K->1661728K(4176256K), 0.0372590 secs] [Times: user=0.06 sys=0.01, real=0.04 secs] 
2016-02-23T17:53:37.095+0800: 689413.810: [GC [PSYoungGen: 1377136K->15088K(1380288K)] 3023712K->1661917K(4176512K), 0.0341430 secs] [Times: user=0.06 sys=0.00, real=0.04 secs] 
2016-02-23T17:54:37.207+0800: 689473.922: [GC [PSYoungGen: 1377456K->14976K(1380160K)] 3024285K->1662045K(4176384K), 0.0358090 secs] [Times: user=0.06 sys=0.00, real=0.03 secs] 
2016-02-23T17:55:35.515+0800: 689532.230: [GC [PSYoungGen: 1377344K->17635K(1377088K)] 3024413K->1667532K(4173312K), 0.0353640 secs] [Times: user=0.08 sys=0.00, real=0.04 secs] 
2016-02-23T17:56:39.395+0800: 689596.109: [GC [PSYoungGen: 1377059K->17024K(1378752K)] 3026956K->1667484K(4174976K), 0.0389230 secs] [Times: user=0.07 sys=0.00, real=0.04 secs] 
2016-02-23T17:57:37.993+0800: 689654.708: [GC [PSYoungGen: 1376448K->14928K(1378880K)] 3026908K->1665716K(4175104K), 0.0326770 secs] [Times: user=0.06 sys=0.00, real=0.03 secs] 
2016-02-23T17:58:33.198+0800: 689709.912: [GC [PSYoungGen: 1374480K->16601K(1378752K)] 3025268K->1667718K(4174976K), 0.0458260 secs] [Times: user=0.09 sys=0.00, real=0.05 secs] 
2016-02-23T17:59:30.660+0800: 689767.375: [GC [PSYoungGen: 1376153K->12960K(1378560K)] 3027270K->1664478K(4174784K), 0.0348860 secs] [Times: user=0.06 sys=0.01, real=0.03 secs] 
2016-02-23T18:00:23.866+0800: 689820.580: [GC [PSYoungGen: 1372384K->12752K(1372224K)] 3023902K->1664585K(4168448K), 0.0326770 secs] [Times: user=0.07 sys=0.00, real=0.03 secs] 
2016-02-23T18:01:20.173+0800: 689876.888: [GC [PSYoungGen: 1372176K->13937K(1378688K)] 3024009K->1665986K(4174912K), 0.0358200 secs] [Times: user=0.07 sys=0.00, real=0.04 secs] 
2016-02-23T18:02:17.116+0800: 689933.830: [GC [PSYoungGen: 1373105K->15744K(1378560K)] 3025154K->1668147K(4174784K), 0.0353270 secs] [Times: user=0.06 sys=0.00, real=0.03 secs] 
2016-02-23T18:03:07.079+0800: 689983.794: [GC [PSYoungGen: 1374912K->12720K(1378816K)] 3027315K->1665355K(4175040K), 0.0430240 secs] [Times: user=0.07 sys=0.00, real=0.05 secs] 
2016-02-23T18:04:05.652+0800: 690042.367: [GC [PSYoungGen: 1372400K->13984K(1378880K)] 3025035K->1666843K(4175104K), 0.0375780 secs] [Times: user=0.07 sys=0.00, real=0.04 secs] 
2016-02-23T18:05:05.609+0800: 690102.323: [GC [PSYoungGen: 1373664K->14800K(1379456K)] 3026523K->1667888K(4175680K), 0.0346630 secs] [Times: user=0.06 sys=0.00, real=0.04 secs] 
2016-02-23T18:06:05.975+0800: 690162.690: [GC [PSYoungGen: 1375248K->16448K(1379072K)] 3028336K->1669824K(4175296K), 0.0374900 secs] [Times: user=0.06 sys=0.00, real=0.04 secs] 
2016-02-23T18:07:15.400+0800: 690232.115: [GC [PSYoungGen: 1376896K->15392K(1379520K)] 3030272K->1669128K(4175744K), 0.0398230 secs] [Times: user=0.06 sys=0.01, real=0.04 secs] 
2016-02-23T18:08:07.548+0800: 690284.263: [GC [PSYoungGen: 1376096K->12848K(1379264K)] 3029832K->1666822K(4175488K), 0.0334520 secs] [Times: user=0.06 sys=0.00, real=0.03 secs] 
2016-02-23T18:09:12.701+0800: 690349.415: [GC [PSYoungGen: 1373552K->13728K(1379648K)] 3027526K->1667975K(4175872K), 0.0352980 secs] [Times: user=0.07 sys=0.00, real=0.03 secs] 
2016-02-23T18:10:08.332+0800: 690405.046: [GC [PSYoungGen: 1374752K->15360K(1379456K)] 3028999K->1669823K(4175680K), 0.0351330 secs] [Times: user=0.07 sys=0.00, real=0.04 secs] 
2016-02-23T18:11:06.533+0800: 690463.247: [GC [PSYoungGen: 1376384K->15584K(1379840K)] 3030847K->1670463K(4176064K), 0.0327810 secs] [Times: user=0.06 sys=0.00, real=0.03 secs] 
2016-02-23T18:12:06.852+0800: 690523.566: [GC [PSYoungGen: 1377120K->15312K(1379776K)] 3031999K->1670344K(4176000K), 0.0329370 secs] [Times: user=0.06 sys=0.00, real=0.03 secs] 
2016-02-23T18:13:07.375+0800: 690584.089: [GC [PSYoungGen: 1376848K->16016K(1379904K)] 3031880K->1671356K(4176128K), 0.0360020 secs] [Times: user=0.06 sys=0.00, real=0.03 secs] 
2016-02-23T18:14:07.521+0800: 690644.235: [GC [PSYoungGen: 1377872K->15024K(1379968K)] 3033212K->1670684K(4176192K), 0.0333290 secs] [Times: user=0.06 sys=0.00, real=0.03 secs] 
2016-02-23T18:15:02.249+0800: 690698.963: [GC [PSYoungGen: 1376880K->13584K(1380288K)] 3032540K->1669512K(4176512K), 0.0377070 secs] [Times: user=0.06 sys=0.00, real=0.03 secs] 
2016-02-23T18:15:57.065+0800: 690753.780: [GC [PSYoungGen: 1376080K->13824K(1380288K)] 3032008K->1669895K(4176512K), 0.0306380 secs] [Times: user=0.06 sys=0.00, real=0.03 secs] 
2016-02-23T18:16:52.571+0800: 690809.285: [GC [PSYoungGen: 1376320K->16609K(1379584K)] 3032391K->1672900K(4175808K), 0.0386640 secs] [Times: user=0.06 sys=0.00, real=0.04 secs] 
2016-02-23T18:17:53.482+0800: 690870.196: [GC [PSYoungGen: 1378465K->15994K(1377856K)] 3034756K->1672639K(4174080K), 0.0349690 secs] [Times: user=0.07 sys=0.00, real=0.04 secs] 
2016-02-23T18:18:53.824+0800: 690930.539: [GC [PSYoungGen: 1377850K->13137K(1379904K)] 3034495K->1670150K(4176128K), 0.0330160 secs] [Times: user=0.06 sys=0.01, real=0.03 secs] 
2016-02-23T18:19:58.703+0800: 690995.418: [GC [PSYoungGen: 1374865K->14256K(1379904K)] 3031878K->1671851K(4176128K), 0.0309470 secs] [Times: user=0.06 sys=0.00, real=0.03 secs] 
2016-02-23T18:20:54.628+0800: 691051.343: [GC [PSYoungGen: 1375984K->15616K(1380160K)] 3033579K->1673388K(4176384K), 0.0412410 secs] [Times: user=0.07 sys=0.00, real=0.04 secs] 
2016-02-23T18:21:55.953+0800: 691112.668: [GC [PSYoungGen: 1377792K->16016K(1378240K)] 3035564K->1673903K(4174464K), 0.0374560 secs] [Times: user=0.05 sys=0.01, real=0.03 secs] 
2016-02-23T18:22:58.668+0800: 691175.382: [GC [PSYoungGen: 1378192K->16256K(1379648K)] 3036079K->1674291K(4175872K), 0.0368620 secs] [Times: user=0.07 sys=0.00, real=0.04 secs] 
2016-02-23T18:24:02.223+0800: 691238.937: [GC [PSYoungGen: 1377856K->16176K(1377792K)] 3035891K->1674331K(4174016K), 0.0409090 secs] [Times: user=0.06 sys=0.00, real=0.05 secs] 
2016-02-23T18:24:54.670+0800: 691291.384: [GC [PSYoungGen: 1377776K->13568K(1379776K)] 3035931K->1672068K(4176000K), 0.0322700 secs] [Times: user=0.06 sys=0.00, real=0.03 secs] 
2016-02-23T18:25:58.617+0800: 691355.332: [GC [PSYoungGen: 1375040K->15744K(1379776K)] 3033540K->1674728K(4176000K), 0.0363920 secs] [Times: user=0.06 sys=0.00, real=0.03 secs] 
2016-02-23T18:26:59.908+0800: 691416.623: [GC [PSYoungGen: 1377216K->16496K(1379392K)] 3036200K->1675580K(4175616K), 0.0370130 secs] [Times: user=0.06 sys=0.00, real=0.04 secs] 
2016-02-23T18:27:58.671+0800: 691475.386: [GC [PSYoungGen: 1377712K->15120K(1379648K)] 3036796K->1674340K(4175872K), 0.0341610 secs] [Times: user=0.06 sys=0.00, real=0.03 secs] 
2016-02-23T18:28:57.729+0800: 691534.444: [GC [PSYoungGen: 1376336K->13760K(1379968K)] 3035556K->1673356K(4176192K), 0.0354790 secs] [Times: user=0.06 sys=0.00, real=0.04 secs] 
2016-02-23T18:29:53.653+0800: 691590.367: [GC [PSYoungGen: 1375616K->14896K(1379968K)] 3035212K->1674608K(4176192K), 0.0329610 secs] [Times: user=0.06 sys=0.00, real=0.03 secs] 
2016-02-23T18:30:52.992+0800: 691649.707: [GC [PSYoungGen: 1376752K->15792K(1380288K)] 3036464K->1675648K(4176512K), 0.0375880 secs] [Times: user=0.07 sys=0.00, real=0.04 secs] 
2016-02-23T18:31:55.377+0800: 691712.091: [GC [PSYoungGen: 1378224K->17440K(1379904K)] 3038080K->1677585K(4176128K), 0.0375890 secs] [Times: user=0.06 sys=0.00, real=0.04 secs] 
2016-02-23T18:32:55.176+0800: 691771.891: [GC [PSYoungGen: 1379872K->16608K(1379136K)] 3040017K->1677178K(4175360K), 0.0378650 secs] [Times: user=0.06 sys=0.00, real=0.04 secs] 
2016-02-23T18:33:56.705+0800: 691833.420: [GC [PSYoungGen: 1377568K->15744K(1379520K)] 3038138K->1676582K(4175744K), 0.0367120 secs] [Times: user=0.06 sys=0.00, real=0.03 secs] 
2016-02-23T18:35:03.347+0800: 691900.061: [GC [PSYoungGen: 1376704K->16416K(1379712K)] 3037542K->1677427K(4175936K), 0.0433000 secs] [Times: user=0.07 sys=0.00, real=0.04 secs] 
2016-02-23T18:35:58.656+0800: 691955.371: [GC [PSYoungGen: 1377760K->15053K(1379712K)] 3038771K->1676284K(4175936K), 0.0344950 secs] [Times: user=0.06 sys=0.00, real=0.03 secs] 
2016-02-23T18:37:00.260+0800: 692016.975: [GC [PSYoungGen: 1376397K->15568K(1380096K)] 3037628K->1677366K(4176320K), 0.0365990 secs] [Times: user=0.06 sys=0.00, real=0.04 secs] 
2016-02-23T18:37:57.550+0800: 692074.265: [GC [PSYoungGen: 1377424K->15936K(1379840K)] 3039222K->1677854K(4176064K), 0.0376570 secs] [Times: user=0.06 sys=0.00, real=0.04 secs] 
2016-02-23T18:38:53.857+0800: 692130.571: [GC [PSYoungGen: 1377792K->13808K(1380096K)] 3039710K->1675866K(4176320K), 0.0310330 secs] [Times: user=0.06 sys=0.00, real=0.03 secs] 
2016-02-23T18:39:46.655+0800: 692183.370: [GC [PSYoungGen: 1376048K->14000K(1380160K)] 3038106K->1676367K(4176384K), 0.0327320 secs] [Times: user=0.07 sys=0.00, real=0.03 secs] 
2016-02-23T18:40:41.970+0800: 692238.685: [GC [PSYoungGen: 1376240K->14784K(1380352K)] 3038607K->1677450K(4176576K), 0.0372430 secs] [Times: user=0.07 sys=0.00, real=0.04 secs] 
2016-02-23T18:41:42.662+0800: 692299.376: [GC [PSYoungGen: 1377216K->16448K(1378944K)] 3039882K->1679255K(4175168K), 0.0408350 secs] [Times: user=0.08 sys=0.00, real=0.04 secs] 
2016-02-23T18:42:36.246+0800: 692352.960: [GC [PSYoungGen: 1378880K->13648K(1380096K)] 3041687K->1676635K(4176320K), 0.0347840 secs] [Times: user=0.06 sys=0.00, real=0.03 secs] 
2016-02-23T18:43:31.138+0800: 692407.852: [GC [PSYoungGen: 1375760K->15600K(1380096K)] 3038747K->1678787K(4176320K), 0.0430710 secs] [Times: user=0.07 sys=0.00, real=0.05 secs] 
2016-02-23T18:44:25.348+0800: 692462.062: [GC [PSYoungGen: 1377712K->14352K(1380352K)] 3040899K->1677892K(4176576K), 0.0340580 secs] [Times: user=0.06 sys=0.00, real=0.03 secs] 
2016-02-23T18:45:16.387+0800: 692513.102: [GC [PSYoungGen: 1376848K->13616K(1380224K)] 3040388K->1677304K(4176448K), 0.0310380 secs] [Times: user=0.06 sys=0.00, real=0.03 secs] 
2016-02-23T18:46:14.955+0800: 692571.669: [GC [PSYoungGen: 1376112K->15984K(1380096K)] 3039800K->1679897K(4176320K), 0.0366630 secs] [Times: user=0.07 sys=0.00, real=0.04 secs] 
2016-02-23T18:47:08.717+0800: 692625.431: [GC [PSYoungGen: 1378352K->14288K(1380224K)] 3042265K->1678617K(4176448K), 0.0330270 secs] [Times: user=0.06 sys=0.00, real=0.03 secs] 
2016-02-23T18:48:06.145+0800: 692682.859: [GC [PSYoungGen: 1376656K->15488K(1380480K)] 3040985K->1680074K(4176704K), 0.0347690 secs] [Times: user=0.06 sys=0.00, real=0.03 secs] 
2016-02-23T18:49:02.563+0800: 692739.277: [GC [PSYoungGen: 1378240K->17296K(1380096K)] 3042826K->1682018K(4176320K), 0.0354610 secs] [Times: user=0.07 sys=0.00, real=0.03 secs] 
2016-02-23T18:49:58.330+0800: 692795.045: [GC [PSYoungGen: 1380048K->14240K(1379840K)] 3044770K->1679162K(4176064K), 0.0330800 secs] [Times: user=0.06 sys=0.00, real=0.03 secs] 
2016-02-23T18:50:51.701+0800: 692848.416: [GC [PSYoungGen: 1376096K->16342K(1378240K)] 3041018K->1681485K(4174464K), 0.0318770 secs] [Times: user=0.06 sys=0.00, real=0.03 secs] 
2016-02-23T18:51:44.219+0800: 692900.933: [GC [PSYoungGen: 1378198K->13025K(1379712K)] 3043341K->1678351K(4175936K), 0.0312260 secs] [Times: user=0.06 sys=0.00, real=0.04 secs] 
2016-02-23T18:52:37.672+0800: 692954.386: [GC [PSYoungGen: 1374497K->17008K(1378496K)] 3039823K->1682581K(4174720K), 0.0436930 secs] [Times: user=0.08 sys=0.00, real=0.04 secs] 
2016-02-23T18:53:33.576+0800: 693010.290: [GC [PSYoungGen: 1378480K->15568K(1379584K)] 3044053K->1681481K(4175808K), 0.0405410 secs] [Times: user=0.07 sys=0.00, real=0.04 secs] 
2016-02-23T18:54:31.680+0800: 693068.395: [GC [PSYoungGen: 1376400K->16384K(1379328K)] 3042313K->1682637K(4175552K), 0.0337010 secs] [Times: user=0.06 sys=0.00, real=0.03 secs] 
2016-02-23T18:55:22.191+0800: 693118.906: [GC [PSYoungGen: 1377216K->13392K(1379392K)] 3043469K->1679862K(4175616K), 0.0388370 secs] [Times: user=0.07 sys=0.00, real=0.04 secs] 
2016-02-23T18:56:19.750+0800: 693176.464: [GC [PSYoungGen: 1374224K->17168K(1378048K)] 3040694K->1683794K(4174272K), 0.0365130 secs] [Times: user=0.07 sys=0.00, real=0.04 secs] 
2016-02-23T18:57:18.203+0800: 693234.917: [GC [PSYoungGen: 1378000K->14240K(1379264K)] 3044626K->1681198K(4175488K), 0.0315320 secs] [Times: user=0.06 sys=0.00, real=0.03 secs] 
2016-02-23T18:58:12.198+0800: 693288.913: [GC [PSYoungGen: 1374496K->14944K(1379072K)] 3041454K->1682010K(4175296K), 0.0389280 secs] [Times: user=0.08 sys=0.00, real=0.04 secs] 
2016-02-23T18:59:04.642+0800: 693341.356: [GC [PSYoungGen: 1375200K->14464K(1379712K)] 3042266K->1681774K(4175936K), 0.0368980 secs] [Times: user=0.07 sys=0.00, real=0.03 secs] 
2016-02-23T18:59:58.841+0800: 693395.555: [GC [PSYoungGen: 1375616K->15121K(1379520K)] 3042926K->1682728K(4175744K), 0.0341210 secs] [Times: user=0.06 sys=0.00, real=0.03 secs] 
2016-02-23T19:00:55.548+0800: 693452.262: [GC [PSYoungGen: 1376273K->15040K(1380288K)] 3043880K->1683212K(4176512K), 0.0355150 secs] [Times: user=0.07 sys=0.00, real=0.03 secs] 
2016-02-23T19:01:48.284+0800: 693504.998: [GC [PSYoungGen: 1377280K->15072K(1380032K)] 3045452K->1683496K(4176256K), 0.0407020 secs] [Times: user=0.06 sys=0.00, real=0.04 secs] 
2016-02-23T19:02:43.731+0800: 693560.446: [GC [PSYoungGen: 1377312K->15120K(1380800K)] 3045736K->1683671K(4177024K), 0.0347070 secs] [Times: user=0.07 sys=0.00, real=0.03 secs] 
2016-02-23T19:03:37.070+0800: 693613.784: [GC [PSYoungGen: 1378384K->13920K(1380544K)] 3046935K->1682656K(4176768K), 0.0351150 secs] [Times: user=0.07 sys=0.00, real=0.04 secs] 
2016-02-23T19:04:27.948+0800: 693664.662: [GC [PSYoungGen: 1377184K->14240K(1380864K)] 3045920K->1683332K(4177088K), 0.0328900 secs] [Times: user=0.06 sys=0.00, real=0.04 secs] 
2016-02-23T19:05:22.652+0800: 693719.367: [GC [PSYoungGen: 1377824K->14240K(1380800K)] 3046916K->1683624K(4177024K), 0.0368670 secs] [Times: user=0.06 sys=0.00, real=0.04 secs] 
2016-02-23T19:06:19.154+0800: 693775.868: [GC [PSYoungGen: 1377824K->15499K(1380992K)] 3047208K->1684987K(4177216K), 0.0335610 secs] [Times: user=0.06 sys=0.00, real=0.03 secs] 
2016-02-23T19:07:11.853+0800: 693828.568: [GC [PSYoungGen: 1379403K->14608K(1380992K)] 3048891K->1684251K(4177216K), 0.0374450 secs] [Times: user=0.07 sys=0.00, real=0.03 secs] 
2016-02-23T19:08:05.095+0800: 693881.809: [GC [PSYoungGen: 1378512K->16096K(1380608K)] 3048155K->1685832K(4176832K), 0.0360530 secs] [Times: user=0.07 sys=0.00, real=0.04 secs] 
2016-02-23T19:09:00.430+0800: 693937.144: [GC [PSYoungGen: 1379744K->17040K(1380736K)] 3049480K->1687148K(4176960K), 0.0399020 secs] [Times: user=0.08 sys=0.00, real=0.04 secs] 
2016-02-23T19:09:53.086+0800: 693989.801: [GC [PSYoungGen: 1380688K->14368K(1380224K)] 3050796K->1684872K(4176448K), 0.0434990 secs] [Times: user=0.08 sys=0.00, real=0.04 secs] 
2016-02-23T19:10:43.183+0800: 694039.897: [GC [PSYoungGen: 1377248K->14240K(1380480K)] 3047752K->1684949K(4176704K), 0.0371630 secs] [Times: user=0.07 sys=0.01, real=0.04 secs] 
2016-02-23T19:11:36.381+0800: 694093.095: [GC [PSYoungGen: 1377120K->16352K(1380032K)] 3047829K->1687333K(4176256K), 0.0386790 secs] [Times: user=0.06 sys=0.01, real=0.04 secs] 
2016-02-23T19:12:25.279+0800: 694141.993: [GC [PSYoungGen: 1378848K->15968K(1380288K)] 3049829K->1687129K(4176512K), 0.0361410 secs] [Times: user=0.06 sys=0.00, real=0.04 secs] 
2016-02-23T19:13:18.501+0800: 694195.215: [GC [PSYoungGen: 1378464K->16688K(1379648K)] 3049625K->1688117K(4175872K), 0.0352440 secs] [Times: user=0.07 sys=0.00, real=0.04 secs] 
2016-02-23T19:14:05.142+0800: 694241.857: [GC [PSYoungGen: 1378544K->13536K(1379968K)] 3049973K->1685329K(4176192K), 0.0318370 secs] [Times: user=0.07 sys=0.00, real=0.03 secs] 
2016-02-23T19:14:56.908+0800: 694293.623: [GC [PSYoungGen: 1375392K->16224K(1379712K)] 3047185K->1688282K(4175936K), 0.0426920 secs] [Times: user=0.08 sys=0.00, real=0.04 secs] 
2016-02-23T19:15:46.543+0800: 694343.258: [GC [PSYoungGen: 1377824K->16112K(1379840K)] 3049882K->1688523K(4176064K), 0.0362550 secs] [Times: user=0.07 sys=0.00, real=0.03 secs] 
2016-02-23T19:16:39.327+0800: 694396.042: [GC [PSYoungGen: 1377712K->17008K(1379200K)] 3050123K->1689820K(4175424K), 0.0382590 secs] [Times: user=0.08 sys=0.00, real=0.04 secs] 
2016-02-23T19:17:27.707+0800: 694444.421: [GC [PSYoungGen: 1377968K->13616K(1379520K)] 3050780K->1686836K(4175744K), 0.0310740 secs] [Times: user=0.06 sys=0.00, real=0.03 secs] 
2016-02-23T19:18:20.042+0800: 694496.756: [GC [PSYoungGen: 1374576K->16416K(1379392K)] 3047796K->1689796K(4175616K), 0.0361300 secs] [Times: user=0.07 sys=0.00, real=0.03 secs] 
2016-02-23T19:19:10.368+0800: 694547.082: [GC [PSYoungGen: 1377248K->16768K(1377664K)] 3050628K->1690524K(4173888K), 0.0382730 secs] [Times: user=0.06 sys=0.00, real=0.04 secs] 
2016-02-23T19:20:02.085+0800: 694598.800: [GC [PSYoungGen: 1377600K->16016K(1379456K)] 3051356K->1689980K(4175680K), 0.0353730 secs] [Times: user=0.06 sys=0.00, real=0.03 secs] 
2016-02-23T19:20:54.678+0800: 694651.393: [GC [PSYoungGen: 1376656K->15753K(1379264K)] 3050620K->1689917K(4175488K), 0.0359840 secs] [Times: user=0.07 sys=0.00, real=0.04 secs] 
2016-02-23T19:21:41.840+0800: 694698.555: [GC [PSYoungGen: 1376393K->15808K(1379904K)] 3050557K->1690173K(4176128K), 0.0339330 secs] [Times: user=0.06 sys=0.00, real=0.03 secs] 
2016-02-23T19:22:30.244+0800: 694746.958: [GC [PSYoungGen: 1377344K->14160K(1379712K)] 3051709K->1688941K(4175936K), 0.0328100 secs] [Times: user=0.07 sys=0.00, real=0.03 secs] 
2016-02-23T19:23:14.878+0800: 694791.592: [GC [PSYoungGen: 1375696K->13840K(1379776K)] 3050477K->1688806K(4176000K), 0.0322620 secs] [Times: user=0.06 sys=0.00, real=0.03 secs] 
2016-02-23T19:23:58.959+0800: 694835.674: [GC [PSYoungGen: 1375440K->14864K(1379840K)] 3050406K->1690175K(4176064K), 0.0322410 secs] [Times: user=0.06 sys=0.00, real=0.03 secs] 
2016-02-23T19:24:54.069+0800: 694890.783: [GC [PSYoungGen: 1376464K->16592K(1379584K)] 3051775K->1692075K(4175808K), 0.0339870 secs] [Times: user=0.06 sys=0.00, real=0.03 secs] 
2016-02-23T19:25:39.209+0800: 694935.923: [GC [PSYoungGen: 1378192K->15776K(1379840K)] 3053675K->1691763K(4176064K), 0.0377240 secs] [Times: user=0.06 sys=0.00, real=0.04 secs] 
2016-02-23T19:26:37.942+0800: 694994.656: [GC [PSYoungGen: 1377376K->16672K(1379648K)] 3053363K->1692775K(4175872K), 0.0370360 secs] [Times: user=0.07 sys=0.00, real=0.04 secs] 
2016-02-23T19:27:29.519+0800: 695046.233: [GC [PSYoungGen: 1378272K->16000K(1379840K)] 3054375K->1692267K(4176064K), 0.0372330 secs] [Times: user=0.07 sys=0.00, real=0.04 secs] 
2016-02-23T19:28:15.453+0800: 695092.167: [GC [PSYoungGen: 1377600K->14944K(1380032K)] 3053867K->1691407K(4176256K), 0.0324300 secs] [Times: user=0.06 sys=0.00, real=0.03 secs] 
2016-02-23T19:29:07.610+0800: 695144.325: [GC [PSYoungGen: 1376800K->18016K(1379904K)] 3053263K->1694724K(4176128K), 0.0421370 secs] [Times: user=0.07 sys=0.00, real=0.04 secs] 
2016-02-23T19:30:01.980+0800: 695198.695: [GC [PSYoungGen: 1379872K->15424K(1379136K)] 3056580K->1692584K(4175360K), 0.0371180 secs] [Times: user=0.07 sys=0.00, real=0.04 secs] 
2016-02-23T19:30:42.391+0800: 695239.106: [GC [PSYoungGen: 1376384K->13040K(1374016K)] 3053544K->1690505K(4170240K), 0.0304160 secs] [Times: user=0.06 sys=0.00, real=0.03 secs] 
2016-02-23T19:31:29.716+0800: 695286.431: [GC [PSYoungGen: 1374000K->15162K(1379584K)] 3051465K->1692731K(4175808K), 0.0431120 secs] [Times: user=0.07 sys=0.00, real=0.04 secs] 
2016-02-23T19:32:22.443+0800: 695339.157: [GC [PSYoungGen: 1375994K->16912K(1379328K)] 3053563K->1694609K(4175552K), 0.0367520 secs] [Times: user=0.06 sys=0.00, real=0.04 secs] 
2016-02-23T19:33:13.641+0800: 695390.356: [GC [PSYoungGen: 1377744K->16944K(1379008K)] 3055441K->1694974K(4175232K), 0.0400100 secs] [Times: user=0.07 sys=0.00, real=0.04 secs] 
2016-02-23T19:34:02.459+0800: 695439.173: [GC [PSYoungGen: 1377264K->16672K(1377024K)] 3055294K->1695067K(4173248K), 0.0356740 secs] [Times: user=0.06 sys=0.00, real=0.04 secs] 
2016-02-23T19:34:52.376+0800: 695489.090: [GC [PSYoungGen: 1376992K->16256K(1379328K)] 3055387K->1694916K(4175552K), 0.0388550 secs] [Times: user=0.06 sys=0.00, real=0.03 secs] 
2016-02-23T19:35:34.837+0800: 695531.551: [GC [PSYoungGen: 1376640K->13696K(1379136K)] 3055300K->1692600K(4175360K), 0.0373500 secs] [Times: user=0.06 sys=0.00, real=0.03 secs] 
2016-02-23T19:36:22.055+0800: 695578.769: [GC [PSYoungGen: 1374080K->14640K(1379328K)] 3052984K->1693933K(4175552K), 0.0352500 secs] [Times: user=0.07 sys=0.00, real=0.03 secs] 
2016-02-23T19:37:07.413+0800: 695624.127: [GC [PSYoungGen: 1375088K->16160K(1379200K)] 3054381K->1695673K(4175424K), 0.0517590 secs] [Times: user=0.08 sys=0.00, real=0.05 secs] 
2016-02-23T19:37:52.910+0800: 695669.625: [GC [PSYoungGen: 1376608K->17136K(1378944K)] 3056121K->1696746K(4175168K), 0.0355380 secs] [Times: user=0.07 sys=0.00, real=0.04 secs] 
2016-02-23T19:38:42.943+0800: 695719.657: [GC [PSYoungGen: 1377456K->17024K(1377408K)] 3057066K->1696991K(4173632K), 0.0380290 secs] [Times: user=0.07 sys=0.00, real=0.04 secs] 
2016-02-23T19:39:30.258+0800: 695766.972: [GC [PSYoungGen: 1377344K->15840K(1379328K)] 3057311K->1696203K(4175552K), 0.0352060 secs] [Times: user=0.07 sys=0.00, real=0.04 secs] 
2016-02-23T19:40:17.937+0800: 695814.651: [GC [PSYoungGen: 1376096K->16768K(1379008K)] 3056459K->1697275K(4175232K), 0.0357720 secs] [Times: user=0.06 sys=0.00, real=0.03 secs] 
2016-02-23T19:41:07.313+0800: 695864.028: [GC [PSYoungGen: 1377024K->15568K(1379520K)] 3057531K->1696471K(4175744K), 0.0406600 secs] [Times: user=0.07 sys=0.00, real=0.04 secs] 
2016-02-23T19:41:54.425+0800: 695911.140: [GC [PSYoungGen: 1376272K->16096K(1379264K)] 3057175K->1697360K(4175488K), 0.0367120 secs] [Times: user=0.07 sys=0.00, real=0.04 secs] 
2016-02-23T19:42:41.102+0800: 695957.817: [GC [PSYoungGen: 1376800K->15312K(1379840K)] 3058064K->1696876K(4176064K), 0.0364770 secs] [Times: user=0.07 sys=0.00, real=0.04 secs] 
2016-02-23T19:43:28.217+0800: 696004.932: [GC [PSYoungGen: 1376784K->15456K(1379712K)] 3058348K->1697448K(4175936K), 0.0381860 secs] [Times: user=0.07 sys=0.00, real=0.03 secs] 
2016-02-23T19:44:09.091+0800: 696045.805: [GC [PSYoungGen: 1376928K->14304K(1379968K)] 3058920K->1696521K(4176192K), 0.0338940 secs] [Times: user=0.07 sys=0.00, real=0.04 secs] 
2016-02-23T19:45:01.469+0800: 696098.183: [GC [PSYoungGen: 1376160K->15360K(1379968K)] 3058377K->1697780K(4176192K), 0.0415210 secs] [Times: user=0.07 sys=0.00, real=0.04 secs] 
2016-02-23T19:45:40.824+0800: 696137.538: [GC [PSYoungGen: 1377216K->16664K(1379776K)] 3059636K->1699341K(4176000K), 0.0404890 secs] [Times: user=0.08 sys=0.00, real=0.04 secs] 
2016-02-23T19:46:26.658+0800: 696183.373: [GC [PSYoungGen: 1378520K->15792K(1379968K)] 3061197K->1698801K(4176192K), 0.0342220 secs] [Times: user=0.07 sys=0.00, real=0.04 secs] 
2016-02-23T19:47:14.732+0800: 696231.447: [GC [PSYoungGen: 1377648K->16160K(1380288K)] 3060657K->1699474K(4176512K), 0.0407270 secs] [Times: user=0.07 sys=0.00, real=0.04 secs] 
2016-02-23T19:48:03.160+0800: 696279.875: [GC [PSYoungGen: 1378592K->15984K(1380224K)] 3061906K->1699714K(4176448K), 0.0398360 secs] [Times: user=0.07 sys=0.00, real=0.04 secs] 
2016-02-23T19:48:52.329+0800: 696329.044: [GC [PSYoungGen: 1378416K->16304K(1380416K)] 3062146K->1700394K(4176640K), 0.0470190 secs] [Times: user=0.09 sys=0.00, real=0.05 secs] 
2016-02-23T19:49:42.526+0800: 696379.240: [GC [PSYoungGen: 1379056K->16208K(1380416K)] 3063146K->1700575K(4176640K), 0.0418190 secs] [Times: user=0.07 sys=0.00, real=0.04 secs] 
2016-02-23T19:50:29.585+0800: 696426.300: [GC [PSYoungGen: 1378960K->16320K(1380480K)] 3063327K->1701019K(4176704K), 0.0395320 secs] [Times: user=0.07 sys=0.00, real=0.04 secs] 
2016-02-23T19:51:23.738+0800: 696480.452: [GC [PSYoungGen: 1379200K->17568K(1380480K)] 3063899K->1703284K(4176704K), 0.0382660 secs] [Times: user=0.07 sys=0.00, real=0.04 secs] 
2016-02-23T19:52:12.253+0800: 696528.967: [GC [PSYoungGen: 1380448K->16464K(1379072K)] 3066164K->1702601K(4175296K), 0.0412630 secs] [Times: user=0.08 sys=0.00, real=0.04 secs] 
2016-02-23T19:53:00.842+0800: 696577.556: [GC [PSYoungGen: 1377936K->16976K(1378496K)] 3064073K->1703441K(4174720K), 0.0442020 secs] [Times: user=0.08 sys=0.00, real=0.04 secs] 
2016-02-23T19:53:45.569+0800: 696622.283: [GC [PSYoungGen: 1378448K->15904K(1379840K)] 3064913K->1702649K(4176064K), 0.0401800 secs] [Times: user=0.07 sys=0.00, real=0.04 secs] 
2016-02-23T19:54:36.034+0800: 696672.749: [GC [PSYoungGen: 1377376K->15296K(1379712K)] 3064121K->1702362K(4175936K), 0.0380610 secs] [Times: user=0.06 sys=0.00, real=0.04 secs] 
2016-02-23T19:55:17.170+0800: 696713.884: [GC [PSYoungGen: 1376768K->15360K(1379904K)] 3063834K->1702782K(4176128K), 0.0418820 secs] [Times: user=0.08 sys=0.00, real=0.05 secs] 
2016-02-23T19:55:59.154+0800: 696755.868: [GC [PSYoungGen: 1377024K->14880K(1379840K)] 3064446K->1702547K(4176064K), 0.0388650 secs] [Times: user=0.07 sys=0.01, real=0.04 secs] 
2016-02-23T19:56:47.751+0800: 696804.466: [GC [PSYoungGen: 1376544K->17712K(1379136K)] 3064211K->1705675K(4175360K), 0.0382510 secs] [Times: user=0.07 sys=0.00, real=0.04 secs] 
2016-02-23T19:57:37.683+0800: 696854.397: [GC [PSYoungGen: 1378672K->14864K(1379520K)] 3066635K->1702943K(4175744K), 0.0379910 secs] [Times: user=0.07 sys=0.00, real=0.04 secs] 
2016-02-23T19:58:22.684+0800: 696899.399: [GC [PSYoungGen: 1375824K->15520K(1379712K)] 3063903K->1703855K(4175936K), 0.0422500 secs] [Times: user=0.06 sys=0.00, real=0.04 secs] 
2016-02-23T19:59:04.986+0800: 696941.701: [GC [PSYoungGen: 1376672K->15408K(1379520K)] 3065007K->1703983K(4175744K), 0.0362400 secs] [Times: user=0.06 sys=0.00, real=0.04 secs] 
2016-02-23T19:59:42.062+0800: 696978.776: [GC [PSYoungGen: 1376560K->15280K(1379968K)] 3065135K->1704301K(4176192K), 0.0383770 secs] [Times: user=0.06 sys=0.00, real=0.04 secs] 
2016-02-23T20:00:23.304+0800: 697020.018: [GC [PSYoungGen: 1377008K->16384K(1379840K)] 3066029K->1705781K(4176064K), 0.0376390 secs] [Times: user=0.06 sys=0.00, real=0.04 secs] 
2016-02-23T20:01:03.660+0800: 697060.375: [GC [PSYoungGen: 1378112K->13120K(1379456K)] 3067509K->1702950K(4175680K), 0.0296800 secs] [Times: user=0.06 sys=0.00, real=0.03 secs] 
2016-02-23T20:01:46.692+0800: 697103.406: [GC [PSYoungGen: 1374464K->16657K(1378048K)] 3064294K->1706623K(4174272K), 0.0404950 secs] [Times: user=0.06 sys=0.00, real=0.04 secs] 
2016-02-23T20:02:29.332+0800: 697146.046: [GC [PSYoungGen: 1378001K->16912K(1379328K)] 3067967K->1707204K(4175552K), 0.0407340 secs] [Times: user=0.07 sys=0.00, real=0.05 secs] 
2016-02-23T20:03:09.703+0800: 697186.417: [GC [PSYoungGen: 1377744K->14928K(1379456K)] 3068036K->1705596K(4175680K), 0.0360170 secs] [Times: user=0.07 sys=0.00, real=0.03 secs] 
2016-02-23T20:03:52.253+0800: 697228.967: [GC [PSYoungGen: 1375760K->13872K(1379456K)] 3066428K->1704660K(4175680K), 0.0381530 secs] [Times: user=0.07 sys=0.00, real=0.04 secs] 
2016-02-23T20:04:43.029+0800: 697279.743: [GC [PSYoungGen: 1374832K->18559K(1379520K)] 3065620K->1714262K(4175744K), 0.0451040 secs] [Times: user=0.08 sys=0.00, real=0.04 secs] 
2016-02-23T20:05:27.200+0800: 697323.915: [GC [PSYoungGen: 1379519K->15744K(1375040K)] 3075222K->1711787K(4171264K), 0.0344720 secs] [Times: user=0.06 sys=0.00, real=0.04 secs] 
2016-02-23T20:06:12.163+0800: 697368.878: [GC [PSYoungGen: 1372224K->17200K(1377280K)] 3068267K->1713452K(4173504K), 0.0380530 secs] [Times: user=0.07 sys=0.00, real=0.04 secs] 
2016-02-23T20:06:53.692+0800: 697410.406: [GC [PSYoungGen: 1373680K->15536K(1377664K)] 3069932K->1712216K(4173888K), 0.0406400 secs] [Times: user=0.07 sys=0.00, real=0.04 secs] 
2016-02-23T20:07:36.318+0800: 697453.033: [GC [PSYoungGen: 1372528K->14416K(1377408K)] 3069208K->1711364K(4173632K), 0.0322900 secs] [Times: user=0.07 sys=0.00, real=0.03 secs] 
2016-02-23T20:08:23.109+0800: 697499.823: [GC [PSYoungGen: 1371408K->17664K(1377472K)] 3068356K->1714828K(4173696K), 0.0474340 secs] [Times: user=0.07 sys=0.00, real=0.05 secs] 
2016-02-23T20:09:03.873+0800: 697540.587: [GC [PSYoungGen: 1374784K->16752K(1377600K)] 3071948K->1714277K(4173824K), 0.0362850 secs] [Times: user=0.07 sys=0.00, real=0.04 secs] 
2016-02-23T20:09:45.775+0800: 697582.489: [GC [PSYoungGen: 1373872K->15616K(1378112K)] 3071397K->1713333K(4174336K), 0.0341080 secs] [Times: user=0.07 sys=0.00, real=0.04 secs] 
2016-02-23T20:10:30.749+0800: 697627.464: [GC [PSYoungGen: 1373504K->17408K(1377856K)] 3071221K->1715338K(4174080K), 0.0370960 secs] [Times: user=0.07 sys=0.00, real=0.04 secs] 
2016-02-23T20:11:16.432+0800: 697673.147: [GC [PSYoungGen: 1375296K->15968K(1378368K)] 3073226K->1714506K(4174592K), 0.0365370 secs] [Times: user=0.06 sys=0.00, real=0.03 secs] 
2016-02-23T20:11:57.587+0800: 697714.302: [GC [PSYoungGen: 1374304K->15024K(1378048K)] 3072842K->1713839K(4174272K), 0.0355580 secs] [Times: user=0.06 sys=0.00, real=0.04 secs] 
2016-02-23T20:12:40.155+0800: 697756.869: [GC [PSYoungGen: 1373360K->16352K(1378752K)] 3072175K->1715416K(4174976K), 0.0353330 secs] [Times: user=0.07 sys=0.00, real=0.04 secs] 
2016-02-23T20:13:24.646+0800: 697801.360: [GC [PSYoungGen: 1375456K->15744K(1378432K)] 3074520K->1715196K(4174656K), 0.0362880 secs] [Times: user=0.07 sys=0.00, real=0.03 secs] 
2016-02-23T20:14:02.239+0800: 697838.953: [GC [PSYoungGen: 1374848K->13911K(1378816K)] 3074300K->1713675K(4175040K), 0.0308480 secs] [Times: user=0.06 sys=0.00, real=0.03 secs] 
2016-02-23T20:14:43.362+0800: 697880.076: [GC [PSYoungGen: 1373591K->15584K(1378880K)] 3073355K->1715737K(4175104K), 0.0354830 secs] [Times: user=0.07 sys=0.00, real=0.04 secs] 
2016-02-23T20:15:20.443+0800: 697917.158: [GC [PSYoungGen: 1375264K->12593K(1378624K)] 3075417K->1712914K(4174848K), 0.0315670 secs] [Times: user=0.06 sys=0.01, real=0.03 secs] 
2016-02-23T20:16:02.294+0800: 697959.009: [GC [PSYoungGen: 1372273K->13376K(1378880K)] 3072594K->1713958K(4175104K), 0.0369680 secs] [Times: user=0.07 sys=0.00, real=0.03 secs] 
2016-02-23T20:16:43.976+0800: 698000.690: [GC [PSYoungGen: 1373056K->15536K(1379200K)] 3073638K->1716326K(4175424K), 0.0369480 secs] [Times: user=0.06 sys=0.01, real=0.04 secs] 
2016-02-23T20:17:27.172+0800: 698043.887: [GC [PSYoungGen: 1375536K->16800K(1378880K)] 3076326K->1717940K(4175104K), 0.0381340 secs] [Times: user=0.06 sys=0.01, real=0.04 secs] 
2016-02-23T20:18:11.885+0800: 698088.600: [GC [PSYoungGen: 1376800K->16528K(1379008K)] 3077940K->1717944K(4175232K), 0.0349220 secs] [Times: user=0.06 sys=0.00, real=0.03 secs] 
2016-02-23T20:18:55.823+0800: 698132.538: [GC [PSYoungGen: 1376464K->15494K(1379008K)] 3077880K->1717283K(4175232K), 0.0363260 secs] [Times: user=0.06 sys=0.00, real=0.03 secs] 
2016-02-23T20:19:40.560+0800: 698177.274: [GC [PSYoungGen: 1375430K->15312K(1379584K)] 3077219K->1717377K(4175808K), 0.0352600 secs] [Times: user=0.06 sys=0.00, real=0.03 secs] 
2016-02-23T20:20:17.607+0800: 698214.321: [GC [PSYoungGen: 1376144K->15168K(1379328K)] 3078209K->1717429K(4175552K), 0.0338160 secs] [Times: user=0.07 sys=0.00, real=0.04 secs] 
2016-02-23T20:20:59.832+0800: 698256.547: [GC [PSYoungGen: 1376000K->14768K(1379904K)] 3078261K->1717182K(4176128K), 0.0383650 secs] [Times: user=0.06 sys=0.00, real=0.03 secs] 
2016-02-23T20:21:41.669+0800: 698298.383: [GC [PSYoungGen: 1376368K->16873K(1378496K)] 3078782K->1719367K(4174720K), 0.0365270 secs] [Times: user=0.06 sys=0.00, real=0.04 secs] 
2016-02-23T20:22:26.103+0800: 698342.818: [GC [PSYoungGen: 1378473K->16176K(1379712K)] 3080967K->1719038K(4175936K), 0.0367710 secs] [Times: user=0.07 sys=0.00, real=0.04 secs] 
2016-02-23T20:23:04.153+0800: 698380.867: [GC [PSYoungGen: 1377456K->16560K(1379648K)] 3080318K->1719647K(4175872K), 0.0368820 secs] [Times: user=0.07 sys=0.00, real=0.04 secs] 
2016-02-23T20:23:42.675+0800: 698419.389: [GC [PSYoungGen: 1377840K->14496K(1379712K)] 3080927K->1718119K(4175936K), 0.0327320 secs] [Times: user=0.06 sys=0.00, real=0.03 secs] 
2016-02-23T20:24:22.657+0800: 698459.371: [GC [PSYoungGen: 1375776K->17315K(1378624K)] 3079399K->1721127K(4174848K), 0.0498670 secs] [Times: user=0.10 sys=0.00, real=0.05 secs] 
2016-02-23T20:25:01.451+0800: 698498.165: [GC [PSYoungGen: 1378595K->15520K(1379584K)] 3082407K->1719640K(4175808K), 0.0421900 secs] [Times: user=0.07 sys=0.00, real=0.04 secs] 
2016-02-23T20:25:34.670+0800: 698531.384: [GC [PSYoungGen: 1376416K->13680K(1379392K)] 3080536K->1718104K(4175616K), 0.0318640 secs] [Times: user=0.06 sys=0.00, real=0.03 secs] 
2016-02-23T20:26:10.147+0800: 698566.861: [GC [PSYoungGen: 1374576K->16176K(1379584K)] 3079000K->1720897K(4175808K), 0.0355650 secs] [Times: user=0.06 sys=0.00, real=0.03 secs] 
2016-02-23T20:26:44.113+0800: 698600.827: [GC [PSYoungGen: 1377200K->15472K(1379520K)] 3081921K->1720546K(4175744K), 0.0355750 secs] [Times: user=0.06 sys=0.00, real=0.03 secs] 
2016-02-23T20:27:16.099+0800: 698632.814: [GC [PSYoungGen: 1376496K->14032K(1379840K)] 3081570K->1719374K(4176064K), 0.0328180 secs] [Times: user=0.06 sys=0.00, real=0.04 secs] 
2016-02-23T20:27:55.364+0800: 698672.079: [GC [PSYoungGen: 1375632K->15168K(1379840K)] 3080974K->1720748K(4176064K), 0.0377090 secs] [Times: user=0.06 sys=0.01, real=0.04 secs] 
2016-02-23T20:28:27.277+0800: 698703.991: [GC [PSYoungGen: 1376768K->13936K(1380096K)] 3082348K->1719816K(4176320K), 0.0345610 secs] [Times: user=0.07 sys=0.00, real=0.03 secs] 
2016-02-23T20:29:04.621+0800: 698741.336: [GC [PSYoungGen: 1376048K->16208K(1378368K)] 3081928K->1722257K(4174592K), 0.0341830 secs] [Times: user=0.07 sys=0.00, real=0.04 secs] 
2016-02-23T20:29:39.864+0800: 698776.579: [GC [PSYoungGen: 1378320K->15120K(1380224K)] 3084369K->1721613K(4176448K), 0.0352510 secs] [Times: user=0.07 sys=0.00, real=0.04 secs] 
2016-02-23T20:30:20.695+0800: 698817.410: [GC [PSYoungGen: 1377232K->14192K(1379968K)] 3083725K->1720865K(4176192K), 0.0449720 secs] [Times: user=0.09 sys=0.00, real=0.05 secs] 
2016-02-23T20:30:58.451+0800: 698855.165: [GC [PSYoungGen: 1376304K->14880K(1380480K)] 3082977K->1721906K(4176704K), 0.0395530 secs] [Times: user=0.08 sys=0.00, real=0.04 secs] 
2016-02-23T20:31:37.646+0800: 698894.360: [GC [PSYoungGen: 1377568K->17568K(1380288K)] 3084594K->1727561K(4176512K), 0.0428100 secs] [Times: user=0.08 sys=0.00, real=0.04 secs] 
2016-02-23T20:32:15.624+0800: 698932.339: [GC [PSYoungGen: 1380256K->14208K(1377344K)] 3090249K->1724685K(4173568K), 0.0346390 secs] [Times: user=0.06 sys=0.00, real=0.03 secs] 
2016-02-23T20:32:51.268+0800: 698967.982: [GC [PSYoungGen: 1373760K->17984K(1377600K)] 3084237K->1728592K(4173824K), 0.0428230 secs] [Times: user=0.08 sys=0.00, real=0.04 secs] 
2016-02-23T20:33:24.877+0800: 699001.592: [GC [PSYoungGen: 1377536K->15664K(1378688K)] 3088144K->1726441K(4174912K), 0.0374170 secs] [Times: user=0.06 sys=0.00, real=0.03 secs] 
2016-02-23T20:34:02.661+0800: 699039.375: [GC [PSYoungGen: 1374576K->16800K(1378304K)] 3085353K->1727869K(4174528K), 0.0389940 secs] [Times: user=0.07 sys=0.00, real=0.04 secs] 
2016-02-23T20:34:45.089+0800: 699081.804: [GC [PSYoungGen: 1375712K->16512K(1378752K)] 3086781K->1727790K(4174976K), 0.0364970 secs] [Times: user=0.07 sys=0.00, real=0.04 secs] 
2016-02-23T20:35:22.520+0800: 699119.235: [GC [PSYoungGen: 1375872K->14288K(1378688K)] 3087150K->1725890K(4174912K), 0.0377120 secs] [Times: user=0.07 sys=0.01, real=0.03 secs] 
2016-02-23T20:36:03.018+0800: 699159.733: [GC [PSYoungGen: 1373648K->14528K(1378944K)] 3085250K->1726354K(4175168K), 0.0349100 secs] [Times: user=0.06 sys=0.00, real=0.03 secs] 
2016-02-23T20:36:43.631+0800: 699200.345: [GC [PSYoungGen: 1374208K->16144K(1378816K)] 3086034K->1728158K(4175040K), 0.0349540 secs] [Times: user=0.06 sys=0.00, real=0.04 secs] 
2016-02-23T20:37:16.769+0800: 699233.483: [GC [PSYoungGen: 1375824K->15104K(1379328K)] 3087838K->1727438K(4175552K), 0.0337050 secs] [Times: user=0.07 sys=0.00, real=0.03 secs] 
2016-02-23T20:37:57.959+0800: 699274.674: [GC [PSYoungGen: 1375488K->17008K(1379136K)] 3087822K->1729658K(4175360K), 0.0388540 secs] [Times: user=0.06 sys=0.00, real=0.04 secs] 
2016-02-23T20:38:33.116+0800: 699309.830: [GC [PSYoungGen: 1377392K->13808K(1379136K)] 3090042K->1726794K(4175360K), 0.0336150 secs] [Times: user=0.06 sys=0.00, real=0.04 secs] 
2016-02-23T20:39:13.956+0800: 699350.670: [GC [PSYoungGen: 1374000K->16272K(1379136K)] 3086986K->1729402K(4175360K), 0.0352370 secs] [Times: user=0.07 sys=0.00, real=0.04 secs] 
2016-02-23T20:39:51.800+0800: 699388.514: [GC [PSYoungGen: 1376464K->18115K(1378048K)] 3089594K->1731521K(4174272K), 0.0459730 secs] [Times: user=0.10 sys=0.00, real=0.05 secs] 
2016-02-23T20:40:31.675+0800: 699428.390: [GC [PSYoungGen: 1377283K->15008K(1378624K)] 3090689K->1728975K(4174848K), 0.0388260 secs] [Times: user=0.07 sys=0.00, real=0.04 secs] 
2016-02-23T20:41:09.896+0800: 699466.611: [GC [PSYoungGen: 1374176K->18656K(1377408K)] 3088143K->1732707K(4173632K), 0.0356700 secs] [Times: user=0.06 sys=0.00, real=0.04 secs] 
2016-02-23T20:41:51.156+0800: 699507.871: [GC [PSYoungGen: 1376800K->18144K(1376320K)] 3090851K->1732451K(4172544K), 0.0452260 secs] [Times: user=0.08 sys=0.00, real=0.04 secs] 
2016-02-23T20:42:33.404+0800: 699550.119: [GC [PSYoungGen: 1376288K->16784K(1377984K)] 3090595K->1731451K(4174208K), 0.0373870 secs] [Times: user=0.07 sys=0.00, real=0.03 secs] 
2016-02-23T20:43:09.152+0800: 699585.867: [GC [PSYoungGen: 1374416K->14517K(1377728K)] 3089083K->1729569K(4173952K), 0.0363140 secs] [Times: user=0.07 sys=0.00, real=0.03 secs] 
2016-02-23T20:43:46.739+0800: 699623.454: [GC [PSYoungGen: 1372149K->15457K(1378304K)] 3087201K->1730706K(4174528K), 0.0361930 secs] [Times: user=0.07 sys=0.00, real=0.04 secs] 
2016-02-23T20:44:22.122+0800: 699658.836: [GC [PSYoungGen: 1373729K->17264K(1378048K)] 3088978K->1732890K(4174272K), 0.0382910 secs] [Times: user=0.07 sys=0.00, real=0.04 secs] 
2016-02-23T20:44:56.999+0800: 699693.714: [GC [PSYoungGen: 1375536K->15504K(1378432K)] 3091162K->1731383K(4174656K), 0.0348830 secs] [Times: user=0.07 sys=0.00, real=0.03 secs] 
2016-02-23T20:45:35.001+0800: 699731.716: [GC [PSYoungGen: 1374096K->16592K(1378240K)] 3089975K->1732847K(4174464K), 0.0360730 secs] [Times: user=0.06 sys=0.00, real=0.03 secs] 
2016-02-23T20:46:12.467+0800: 699769.181: [GC [PSYoungGen: 1375184K->15520K(1378816K)] 3091439K->1732117K(4175040K), 0.0344310 secs] [Times: user=0.06 sys=0.00, real=0.04 secs] 
2016-02-23T20:46:46.621+0800: 699803.335: [GC [PSYoungGen: 1374880K->14496K(1378624K)] 3091477K->1731325K(4174848K), 0.0336540 secs] [Times: user=0.06 sys=0.00, real=0.03 secs] 
2016-02-23T20:47:20.599+0800: 699837.313: [GC [PSYoungGen: 1373856K->15248K(1379072K)] 3090685K->1732186K(4175296K), 0.0341660 secs] [Times: user=0.07 sys=0.00, real=0.03 secs] 
2016-02-23T20:48:01.409+0800: 699878.124: [GC [PSYoungGen: 1375120K->17152K(1378880K)] 3092058K->1734383K(4175104K), 0.0426730 secs] [Times: user=0.07 sys=0.00, real=0.05 secs] 
2016-02-23T20:48:36.902+0800: 699913.617: [GC [PSYoungGen: 1377024K->13712K(1378688K)] 3094255K->1731242K(4174912K), 0.0311870 secs] [Times: user=0.06 sys=0.00, real=0.03 secs] 
2016-02-23T20:49:07.275+0800: 699943.990: [GC [PSYoungGen: 1373264K->14032K(1378816K)] 3090794K->1731750K(4175040K), 0.0442170 secs] [Times: user=0.09 sys=0.00, real=0.04 secs] 
2016-02-23T20:49:36.645+0800: 699973.360: [GC [PSYoungGen: 1373584K->13440K(1378880K)] 3091302K->1731246K(4175104K), 0.0329100 secs] [Times: user=0.06 sys=0.01, real=0.04 secs] 
2016-02-23T20:50:12.620+0800: 700009.334: [GC [PSYoungGen: 1373120K->17959K(1377664K)] 3090926K->1736002K(4173888K), 0.0394460 secs] [Times: user=0.07 sys=0.00, real=0.04 secs] 
2016-02-23T20:50:46.390+0800: 700043.104: [GC [PSYoungGen: 1377639K->15248K(1378624K)] 3095682K->1733638K(4174848K), 0.0388570 secs] [Times: user=0.07 sys=0.00, real=0.04 secs] 
2016-02-23T20:51:25.676+0800: 700082.390: [GC [PSYoungGen: 1374096K->16960K(1378304K)] 3092486K->1735634K(4174528K), 0.0560170 secs] [Times: user=0.07 sys=0.01, real=0.06 secs] 
2016-02-23T20:51:59.605+0800: 700116.319: [GC [PSYoungGen: 1375808K->17907K(1377728K)] 3094482K->1736857K(4173952K), 0.0401200 secs] [Times: user=0.07 sys=0.00, real=0.04 secs] 
2016-02-23T20:52:32.548+0800: 700149.263: [GC [PSYoungGen: 1376051K->15024K(1378112K)] 3095001K->1734383K(4174336K), 0.0366690 secs] [Times: user=0.06 sys=0.00, real=0.04 secs] 
2016-02-23T20:53:05.639+0800: 700182.354: [GC [PSYoungGen: 1373168K->19700K(1375040K)] 3092527K->1740639K(4171264K), 0.0479120 secs] [Times: user=0.10 sys=0.00, real=0.05 secs] 
2016-02-23T20:53:43.206+0800: 700219.920: [GC [PSYoungGen: 1375028K->16752K(1376704K)] 3095967K->1737883K(4172928K), 0.0372370 secs] [Times: user=0.06 sys=0.00, real=0.04 secs] 
2016-02-23T20:54:18.892+0800: 700255.606: [GC [PSYoungGen: 1372080K->16672K(1377472K)] 3093211K->1738171K(4173696K), 0.0373260 secs] [Times: user=0.06 sys=0.00, real=0.04 secs] 
2016-02-23T20:54:54.239+0800: 700290.953: [GC [PSYoungGen: 1373152K->16032K(1377088K)] 3094651K->1737896K(4173312K), 0.0346690 secs] [Times: user=0.06 sys=0.00, real=0.03 secs] 
2016-02-23T20:55:28.111+0800: 700324.825: [GC [PSYoungGen: 1372512K->14992K(1377920K)] 3094376K->1737189K(4174144K), 0.0334380 secs] [Times: user=0.07 sys=0.00, real=0.04 secs] 
2016-02-23T20:56:06.677+0800: 700363.392: [GC [PSYoungGen: 1372624K->16800K(1377792K)] 3094821K->1739366K(4174016K), 0.0397660 secs] [Times: user=0.07 sys=0.01, real=0.04 secs] 
2016-02-23T20:56:44.134+0800: 700400.848: [GC [PSYoungGen: 1374432K->15728K(1378368K)] 3096998K->1738658K(4174592K), 0.0509710 secs] [Times: user=0.08 sys=0.00, real=0.05 secs] 
2016-02-23T20:57:22.111+0800: 700438.825: [GC [PSYoungGen: 1374128K->15856K(1378112K)] 3097058K->1738987K(4174336K), 0.0335780 secs] [Times: user=0.06 sys=0.00, real=0.03 secs] 
2016-02-23T20:57:57.888+0800: 700474.603: [GC [PSYoungGen: 1374256K->15072K(1378752K)] 3097387K->1738619K(4174976K), 0.0385280 secs] [Times: user=0.07 sys=0.00, real=0.04 secs] 
2016-02-23T20:58:33.952+0800: 700510.666: [GC [PSYoungGen: 1374368K->16656K(1378624K)] 3097915K->1740339K(4174848K), 0.0362170 secs] [Times: user=0.06 sys=0.01, real=0.04 secs] 
2016-02-23T20:59:10.190+0800: 700546.904: [GC [PSYoungGen: 1375952K->16192K(1379200K)] 3099635K->1740052K(4175424K), 0.0383670 secs] [Times: user=0.06 sys=0.00, real=0.04 secs] 
2016-02-23T20:59:46.074+0800: 700582.789: [GC [PSYoungGen: 1376192K->17344K(1378880K)] 3100052K->1741527K(4175104K), 0.0384500 secs] [Times: user=0.07 sys=0.00, real=0.04 secs] 
2016-02-23T21:00:22.738+0800: 700619.453: [GC [PSYoungGen: 1377344K->16656K(1379136K)] 3101527K->1741072K(4175360K), 0.0356720 secs] [Times: user=0.06 sys=0.00, real=0.03 secs] 
2016-02-23T21:00:58.259+0800: 700654.974: [GC [PSYoungGen: 1376720K->16896K(1379008K)] 3101136K->1741793K(4175232K), 0.0348640 secs] [Times: user=0.07 sys=0.00, real=0.03 secs] 
2016-02-23T21:01:27.101+0800: 700683.815: [GC [PSYoungGen: 1376960K->13792K(1378816K)] 3101857K->1738853K(4175040K), 0.0373600 secs] [Times: user=0.06 sys=0.00, real=0.04 secs] 
2016-02-23T21:01:57.571+0800: 700714.286: [GC [PSYoungGen: 1373728K->13376K(1373376K)] 3098789K->1738825K(4169600K), 0.0297220 secs] [Times: user=0.06 sys=0.00, real=0.04 secs] 
2016-02-23T21:02:29.109+0800: 700745.824: [GC [PSYoungGen: 1373312K->14704K(1378944K)] 3098761K->1740361K(4175168K), 0.0343390 secs] [Times: user=0.06 sys=0.00, real=0.03 secs] 
2016-02-23T21:02:58.713+0800: 700775.428: [GC [PSYoungGen: 1374384K->15521K(1378816K)] 3100041K->1741511K(4175040K), 0.0383600 secs] [Times: user=0.07 sys=0.00, real=0.04 secs] 
2016-02-23T21:03:28.872+0800: 700805.586: [GC [PSYoungGen: 1375201K->15472K(1379520K)] 3101191K->1741771K(4175744K), 0.0327770 secs] [Times: user=0.06 sys=0.00, real=0.04 secs] 
2016-02-23T21:03:57.056+0800: 700833.770: [GC [PSYoungGen: 1376176K->14736K(1379264K)] 3102475K->1741315K(4175488K), 0.0325050 secs] [Times: user=0.06 sys=0.00, real=0.03 secs] 
2016-02-23T21:04:25.083+0800: 700861.798: [GC [PSYoungGen: 1375440K->17856K(1378496K)] 3102019K->1744828K(4174720K), 0.0407850 secs] [Times: user=0.08 sys=0.00, real=0.04 secs] 
2016-02-23T21:04:50.209+0800: 700886.923: [GC [PSYoungGen: 1377920K->17528K(1377600K)] 3104892K->1744816K(4173824K), 0.0366290 secs] [Times: user=0.06 sys=0.00, real=0.03 secs] 
2016-02-23T21:05:16.296+0800: 700913.010: [GC [PSYoungGen: 1377592K->16608K(1378880K)] 3104880K->1744249K(4175104K), 0.0341060 secs] [Times: user=0.07 sys=0.00, real=0.04 secs] 
2016-02-23T21:05:38.928+0800: 700935.642: [GC [PSYoungGen: 1376160K->16880K(1378752K)] 3103801K->1744689K(4174976K), 0.0369980 secs] [Times: user=0.06 sys=0.01, real=0.04 secs] 
2016-02-23T21:05:57.263+0800: 700953.978: [GC [PSYoungGen: 1376432K->17739K(1378368K)] 3104241K->1745669K(4174592K), 0.0355220 secs] [Times: user=0.07 sys=0.00, real=0.04 secs] 
2016-02-23T21:06:15.329+0800: 700972.043: [GC [PSYoungGen: 1376907K->19440K(1378624K)] 3104837K->1748286K(4174848K), 0.0475360 secs] [Times: user=0.09 sys=0.00, real=0.05 secs] 
2016-02-23T21:06:36.517+0800: 700993.232: [GC [PSYoungGen: 1378608K->18304K(1375808K)] 3107454K->1747419K(4172032K), 0.0389510 secs] [Times: user=0.07 sys=0.00, real=0.04 secs] 
2016-02-23T21:07:00.238+0800: 701016.953: [GC [PSYoungGen: 1374656K->17616K(1377216K)] 3103771K->1746827K(4173440K), 0.0384230 secs] [Times: user=0.07 sys=0.00, real=0.04 secs] 
2016-02-23T21:07:24.999+0800: 701041.713: [GC [PSYoungGen: 1373968K->19008K(1376576K)] 3103179K->1748434K(4172800K), 0.0416170 secs] [Times: user=0.07 sys=0.00, real=0.05 secs] 
2016-02-23T21:07:53.467+0800: 701070.181: [GC [PSYoungGen: 1374848K->17152K(1376960K)] 3104274K->1746850K(4173184K), 0.0416480 secs] [Times: user=0.06 sys=0.00, real=0.05 secs] 
2016-02-23T21:08:18.552+0800: 701095.267: [GC [PSYoungGen: 1372992K->17968K(1377408K)] 3102690K->1747903K(4173632K), 0.0400790 secs] [Times: user=0.08 sys=0.00, real=0.04 secs] 
2016-02-23T21:08:46.907+0800: 701123.621: [GC [PSYoungGen: 1374640K->16290K(1377344K)] 3104575K->1746365K(4173568K), 0.0359030 secs] [Times: user=0.07 sys=0.00, real=0.03 secs] 
2016-02-23T21:09:15.006+0800: 701151.720: [GC [PSYoungGen: 1372962K->17024K(1377856K)] 3103037K->1747505K(4174080K), 0.0387650 secs] [Times: user=0.07 sys=0.00, real=0.04 secs] 
2016-02-23T21:09:42.259+0800: 701178.973: [GC [PSYoungGen: 1374400K->17104K(1377600K)] 3104881K->1747838K(4173824K), 0.0391320 secs] [Times: user=0.06 sys=0.00, real=0.04 secs] 
2016-02-23T21:10:10.062+0800: 701206.776: [GC [PSYoungGen: 1374480K->18563K(1377664K)] 3105214K->1749397K(4173888K), 0.0397010 secs] [Times: user=0.07 sys=0.00, real=0.04 secs] 
2016-02-23T21:10:37.143+0800: 701233.857: [GC [PSYoungGen: 1376323K->15792K(1377920K)] 3107157K->1746834K(4174144K), 0.0366890 secs] [Times: user=0.07 sys=0.00, real=0.04 secs] 
2016-02-23T21:11:04.615+0800: 701261.330: [GC [PSYoungGen: 1373552K->18624K(1377472K)] 3104594K->1749997K(4173696K), 0.0392410 secs] [Times: user=0.07 sys=0.00, real=0.04 secs] 
2016-02-23T21:11:36.705+0800: 701293.419: [GC [PSYoungGen: 1376000K->19520K(1376960K)] 3107373K->1751137K(4173184K), 0.0428750 secs] [Times: user=0.07 sys=0.00, real=0.04 secs] 
2016-02-23T21:12:08.673+0800: 701325.387: [GC [PSYoungGen: 1376896K->16592K(1377344K)] 3108513K->1748690K(4173568K), 0.0391160 secs] [Times: user=0.06 sys=0.00, real=0.04 secs] 
2016-02-23T21:12:41.012+0800: 701357.726: [GC [PSYoungGen: 1373008K->17760K(1377152K)] 3105106K->1750002K(4173376K), 0.0377720 secs] [Times: user=0.06 sys=0.01, real=0.03 secs] 
2016-02-23T21:13:13.453+0800: 701390.167: [GC [PSYoungGen: 1374176K->18304K(1377536K)] 3106418K->1750678K(4173760K), 0.0405860 secs] [Times: user=0.07 sys=0.00, real=0.04 secs] 
2016-02-23T21:13:42.872+0800: 701419.586: [GC [PSYoungGen: 1375296K->14400K(1371392K)] 3107670K->1747266K(4167616K), 0.0338010 secs] [Times: user=0.06 sys=0.00, real=0.03 secs] 
2016-02-23T21:14:12.648+0800: 701449.363: [GC [PSYoungGen: 1371392K->16416K(1377536K)] 3104258K->1749472K(4173760K), 0.0357610 secs] [Times: user=0.07 sys=0.00, real=0.04 secs] 
2016-02-23T21:14:43.628+0800: 701480.342: [GC [PSYoungGen: 1373152K->15776K(1377280K)] 3106208K->1749076K(4173504K), 0.0429830 secs] [Times: user=0.07 sys=0.00, real=0.04 secs] 
2016-02-23T21:15:10.672+0800: 701507.386: [GC [PSYoungGen: 1372512K->14960K(1377536K)] 3105812K->1748484K(4173760K), 0.0333320 secs] [Times: user=0.06 sys=0.00, real=0.04 secs] 
2016-02-23T21:15:41.619+0800: 701538.334: [GC [PSYoungGen: 1372080K->16528K(1377600K)] 3105604K->1750361K(4173824K), 0.0363490 secs] [Times: user=0.07 sys=0.00, real=0.04 secs] 
2016-02-23T21:16:11.611+0800: 701568.326: [GC [PSYoungGen: 1373624K->15259K(1378048K)] 3107457K->1749392K(4174272K), 0.0387820 secs] [Times: user=0.05 sys=0.00, real=0.04 secs] 
2016-02-23T21:16:45.624+0800: 701602.339: [GC [PSYoungGen: 1373147K->17920K(1375872K)] 3107280K->1752326K(4172096K), 0.0383240 secs] [Times: user=0.07 sys=0.00, real=0.03 secs] 
2016-02-23T21:17:13.580+0800: 701630.294: [GC [PSYoungGen: 1375808K->15232K(1377984K)] 3110214K->1749927K(4174208K), 0.0352220 secs] [Times: user=0.06 sys=0.00, real=0.04 secs] 
2016-02-23T21:17:44.765+0800: 701661.480: [GC [PSYoungGen: 1372992K->19516K(1377280K)] 3107687K->1754607K(4173504K), 0.0366370 secs] [Times: user=0.07 sys=0.00, real=0.04 secs] 
2016-02-23T21:18:16.136+0800: 701692.851: [GC [PSYoungGen: 1377276K->16896K(1377600K)] 3112367K->1752188K(4173824K), 0.0383180 secs] [Times: user=0.07 sys=0.00, real=0.04 secs] 
2016-02-23T21:18:45.049+0800: 701721.764: [GC [PSYoungGen: 1373696K->17200K(1377280K)] 3108988K->1752659K(4173504K), 0.0389720 secs] [Times: user=0.07 sys=0.00, real=0.04 secs] 
2016-02-23T21:19:15.820+0800: 701752.534: [GC [PSYoungGen: 1374000K->16704K(1378176K)] 3109459K->1752467K(4174400K), 0.0350150 secs] [Times: user=0.06 sys=0.01, real=0.03 secs] 
2016-02-23T21:19:44.923+0800: 701781.637: [GC [PSYoungGen: 1374656K->16784K(1377856K)] 3110419K->1752916K(4174080K), 0.0355070 secs] [Times: user=0.07 sys=0.00, real=0.04 secs] 
2016-02-23T21:20:16.084+0800: 701812.798: [GC [PSYoungGen: 1374736K->16016K(1378560K)] 3110868K->1752341K(4174784K), 0.0360380 secs] [Times: user=0.06 sys=0.00, real=0.04 secs] 
2016-02-23T21:20:44.037+0800: 701840.751: [GC [PSYoungGen: 1374928K->16944K(1378432K)] 3111253K->1753625K(4174656K), 0.0459720 secs] [Times: user=0.08 sys=0.00, real=0.05 secs] 
2016-02-23T21:21:18.282+0800: 701874.996: [GC [PSYoungGen: 1375856K->17696K(1378624K)] 3112537K->1754706K(4174848K), 0.0386860 secs] [Times: user=0.07 sys=0.00, real=0.04 secs] 
2016-02-23T21:21:50.602+0800: 701907.316: [GC [PSYoungGen: 1376992K->18240K(1377600K)] 3114002K->1755607K(4173824K), 0.0378290 secs] [Times: user=0.06 sys=0.00, real=0.04 secs] 
2016-02-23T21:22:21.427+0800: 701938.142: [GC [PSYoungGen: 1377536K->15584K(1378432K)] 3114903K->1753244K(4174656K), 0.0357710 secs] [Times: user=0.07 sys=0.00, real=0.03 secs] 
2016-02-23T21:22:51.245+0800: 701967.959: [GC [PSYoungGen: 1374368K->16704K(1378432K)] 3112028K->1754515K(4174656K), 0.0359060 secs] [Times: user=0.06 sys=0.00, real=0.04 secs] 
2016-02-23T21:23:19.990+0800: 701996.704: [GC [PSYoungGen: 1375488K->17608K(1378688K)] 3113299K->1755696K(4174912K), 0.0366700 secs] [Times: user=0.07 sys=0.00, real=0.04 secs] 
2016-02-23T21:23:52.751+0800: 702029.465: [GC [PSYoungGen: 1376904K->17378K(1378688K)] 3114992K->1755914K(4174912K), 0.0367340 secs] [Times: user=0.07 sys=0.00, real=0.03 secs] 
2016-02-23T21:24:24.201+0800: 702060.915: [GC [PSYoungGen: 1376674K->16144K(1378816K)] 3115210K->1754917K(4175040K), 0.0359760 secs] [Times: user=0.07 sys=0.00, real=0.04 secs] 
2016-02-23T21:24:54.516+0800: 702091.230: [GC [PSYoungGen: 1375632K->17776K(1378752K)] 3114405K->1756813K(4174976K), 0.0388130 secs] [Times: user=0.06 sys=0.01, real=0.03 secs] 
2016-02-23T21:25:26.482+0800: 702123.197: [GC [PSYoungGen: 1377264K->17088K(1378944K)] 3116301K->1756373K(4175168K), 0.0393000 secs] [Times: user=0.07 sys=0.00, real=0.04 secs] 
2016-02-23T21:25:55.970+0800: 702152.684: [GC [PSYoungGen: 1375604K->19113K(1378752K)] 3114889K->1763937K(4174976K), 0.0444990 secs] [Times: user=0.09 sys=0.00, real=0.05 secs] 
2016-02-23T21:26:26.620+0800: 702183.334: [GC [PSYoungGen: 1378729K->16720K(1374272K)] 3123553K->1761832K(4170496K), 0.0394760 secs] [Times: user=0.07 sys=0.00, real=0.04 secs] 
2016-02-23T21:26:57.567+0800: 702214.282: [GC [PSYoungGen: 1371664K->15104K(1376512K)] 3116776K->1760656K(4172736K), 0.0359820 secs] [Times: user=0.06 sys=0.00, real=0.04 secs] 
2016-02-23T21:27:23.866+0800: 702240.580: [GC [PSYoungGen: 1370048K->16736K(1376768K)] 3115600K->1762437K(4172992K), 0.0352640 secs] [Times: user=0.07 sys=0.00, real=0.03 secs] 
2016-02-23T21:27:53.642+0800: 702270.356: [GC [PSYoungGen: 1371936K->16720K(1376512K)] 3117637K->1762729K(4172736K), 0.0471950 secs] [Times: user=0.07 sys=0.00, real=0.05 secs] 
2016-02-23T21:28:20.486+0800: 702297.201: [GC [PSYoungGen: 1371920K->16032K(1377216K)] 3117929K->1762346K(4173440K), 0.0351270 secs] [Times: user=0.06 sys=0.00, real=0.04 secs] 
2016-02-23T21:28:49.079+0800: 702325.793: [GC [PSYoungGen: 1372256K->15776K(1377088K)] 3118570K->1762434K(4173312K), 0.0319400 secs] [Times: user=0.06 sys=0.00, real=0.04 secs] 
2016-02-23T21:29:16.773+0800: 702353.487: [GC [PSYoungGen: 1372000K->16320K(1377600K)] 3118658K->1763169K(4173824K), 0.0420020 secs] [Times: user=0.07 sys=0.00, real=0.04 secs] 
2016-02-23T21:29:46.947+0800: 702383.661: [GC [PSYoungGen: 1373184K->17632K(1377344K)] 3120033K->1764569K(4173568K), 0.0422530 secs] [Times: user=0.08 sys=0.00, real=0.04 secs] 
2016-02-23T21:30:14.244+0800: 702410.959: [GC [PSYoungGen: 1374496K->18881K(1376960K)] 3121433K->1766203K(4173184K), 0.0362660 secs] [Times: user=0.07 sys=0.00, real=0.03 secs] 
2016-02-23T21:30:44.967+0800: 702441.681: [GC [PSYoungGen: 1375489K->15744K(1377344K)] 3122811K->1763438K(4173568K), 0.0351100 secs] [Times: user=0.06 sys=0.00, real=0.03 secs] 
2016-02-23T21:31:16.417+0800: 702473.132: [GC [PSYoungGen: 1372352K->18352K(1377216K)] 3120046K->1766226K(4173440K), 0.0409840 secs] [Times: user=0.07 sys=0.00, real=0.04 secs] 
2016-02-23T21:31:48.189+0800: 702504.903: [GC [PSYoungGen: 1374960K->17616K(1377344K)] 3122834K->1765847K(4173568K), 0.0385530 secs] [Times: user=0.07 sys=0.00, real=0.03 secs] 
2016-02-23T21:32:16.363+0800: 702533.077: [GC [PSYoungGen: 1374224K->14896K(1377408K)] 3122455K->1763451K(4173632K), 0.0341650 secs] [Times: user=0.06 sys=0.00, real=0.04 secs] 
2016-02-23T21:32:44.620+0800: 702561.335: [GC [PSYoungGen: 1371760K->15184K(1377472K)] 3120315K->1764047K(4173696K), 0.0334160 secs] [Times: user=0.06 sys=0.01, real=0.03 secs] 
2016-02-23T21:33:12.855+0800: 702589.569: [GC [PSYoungGen: 1372048K->15296K(1377600K)] 3120911K->1764539K(4173824K), 0.0337850 secs] [Times: user=0.06 sys=0.00, real=0.03 secs] 
2016-02-23T21:33:42.103+0800: 702618.818: [GC [PSYoungGen: 1372352K->16048K(1377536K)] 3121595K->1765468K(4173760K), 0.0348790 secs] [Times: user=0.06 sys=0.00, real=0.03 secs] 
2016-02-23T21:34:14.042+0800: 702650.757: [GC [PSYoungGen: 1373104K->17824K(1377664K)] 3122524K->1767580K(4173888K), 0.0392440 secs] [Times: user=0.07 sys=0.00, real=0.04 secs] 
2016-02-23T21:34:45.278+0800: 702681.992: [GC [PSYoungGen: 1375328K->15680K(1377792K)] 3125084K->1765764K(4174016K), 0.0375800 secs] [Times: user=0.07 sys=0.00, real=0.04 secs] 
2016-02-23T21:35:14.620+0800: 702711.335: [GC [PSYoungGen: 1373184K->15968K(1378176K)] 3123268K->1766184K(4174400K), 0.0370090 secs] [Times: user=0.07 sys=0.00, real=0.04 secs] 
2016-02-23T21:35:41.432+0800: 702738.147: [GC [PSYoungGen: 1373297K->19897K(1377984K)] 3123513K->1772163K(4174208K), 0.0392350 secs] [Times: user=0.07 sys=0.00, real=0.04 secs] 
2016-02-23T21:36:10.198+0800: 702766.912: [GC [PSYoungGen: 1377977K->15648K(1375424K)] 3130243K->1768258K(4171648K), 0.0394640 secs] [Times: user=0.08 sys=0.00, real=0.04 secs] 
2016-02-23T21:36:43.398+0800: 702800.112: [GC [PSYoungGen: 1370976K->16192K(1376704K)] 3123586K->1769139K(4172928K), 0.0363770 secs] [Times: user=0.08 sys=0.00, real=0.04 secs] 
2016-02-23T21:37:12.776+0800: 702829.490: [GC [PSYoungGen: 1371520K->16256K(1377344K)] 3124467K->1769470K(4173568K), 0.0386160 secs] [Times: user=0.08 sys=0.00, real=0.04 secs] 
2016-02-23T21:37:44.898+0800: 702861.613: [GC [PSYoungGen: 1372544K->17808K(1377024K)] 3125758K->1771311K(4173248K), 0.0391430 secs] [Times: user=0.07 sys=0.00, real=0.04 secs] 
2016-02-23T21:38:10.283+0800: 702886.997: [GC [PSYoungGen: 1374096K->14560K(1377344K)] 3127599K->1768375K(4173568K), 0.0353250 secs] [Times: user=0.06 sys=0.00, real=0.04 secs] 
2016-02-23T21:38:38.021+0800: 702914.735: [GC [PSYoungGen: 1371168K->15072K(1377344K)] 3124983K->1769240K(4173568K), 0.0413070 secs] [Times: user=0.07 sys=0.00, real=0.04 secs] 
2016-02-23T21:39:03.033+0800: 702939.747: [GC [PSYoungGen: 1371680K->14896K(1377600K)] 3125848K->1769256K(4173824K), 0.0384610 secs] [Times: user=0.08 sys=0.00, real=0.03 secs] 
2016-02-23T21:39:34.120+0800: 702970.835: [GC [PSYoungGen: 1371888K->15792K(1377472K)] 3126248K->1770605K(4173696K), 0.0340830 secs] [Times: user=0.07 sys=0.00, real=0.03 secs] 
2016-02-23T21:40:04.636+0800: 703001.351: [GC [PSYoungGen: 1372784K->16656K(1378176K)] 3127597K->1771685K(4174400K), 0.0423230 secs] [Times: user=0.08 sys=0.00, real=0.04 secs] 
2016-02-23T21:40:34.063+0800: 703030.778: [GC [PSYoungGen: 1374672K->17840K(1377920K)] 3129701K->1773150K(4174144K), 0.0687530 secs] [Times: user=0.10 sys=0.00, real=0.07 secs] 
2016-02-23T21:41:02.716+0800: 703059.430: [GC [PSYoungGen: 1375856K->15744K(1378176K)] 3131166K->1771511K(4174400K), 0.0454360 secs] [Times: user=0.08 sys=0.00, real=0.04 secs] 
2016-02-23T21:41:34.476+0800: 703091.190: [GC [PSYoungGen: 1373824K->16704K(1377984K)] 3129591K->1772690K(4174208K), 0.0379720 secs] [Times: user=0.07 sys=0.00, real=0.04 secs] 
2016-02-23T21:42:07.460+0800: 703124.175: [GC [PSYoungGen: 1374784K->18099K(1377792K)] 3130770K->1774330K(4174016K), 0.0461940 secs] [Times: user=0.08 sys=0.00, real=0.04 secs] 
2016-02-23T21:42:41.456+0800: 703158.171: [GC [PSYoungGen: 1376243K->16320K(1378112K)] 3132474K->1773076K(4174336K), 0.0366760 secs] [Times: user=0.06 sys=0.00, real=0.03 secs] 
2016-02-23T21:43:13.421+0800: 703190.135: [GC [PSYoungGen: 1374464K->16944K(1378560K)] 3131220K->1773911K(4174784K), 0.0369160 secs] [Times: user=0.07 sys=0.00, real=0.04 secs] 
2016-02-23T21:43:41.786+0800: 703218.501: [GC [PSYoungGen: 1375856K->15154K(1378432K)] 3132823K->1772345K(4174656K), 0.0348400 secs] [Times: user=0.06 sys=0.00, real=0.03 secs] 
2016-02-23T21:44:10.971+0800: 703247.685: [GC [PSYoungGen: 1374066K->16716K(1378816K)] 3131257K->1774065K(4175040K), 0.0380010 secs] [Times: user=0.06 sys=0.00, real=0.04 secs] 
2016-02-23T21:44:42.945+0800: 703279.659: [GC [PSYoungGen: 1376076K->16624K(1378624K)] 3133425K->1774210K(4174848K), 0.0533900 secs] [Times: user=0.09 sys=0.00, real=0.05 secs] 
2016-02-23T21:45:10.239+0800: 703306.953: [GC [PSYoungGen: 1375984K->18976K(1377408K)] 3133570K->1777042K(4173632K), 0.0376070 secs] [Times: user=0.07 sys=0.00, real=0.04 secs] 
2016-02-23T21:45:39.738+0800: 703336.452: [GC [PSYoungGen: 1377376K->17408K(1378240K)] 3135442K->1775719K(4174464K), 0.0426710 secs] [Times: user=0.06 sys=0.00, real=0.04 secs] 
2016-02-23T21:46:11.042+0800: 703367.757: [GC [PSYoungGen: 1375808K->16432K(1378496K)] 3134119K->1775307K(4174720K), 0.0372230 secs] [Times: user=0.07 sys=0.00, real=0.04 secs] 
2016-02-23T21:46:41.646+0800: 703398.361: [GC [PSYoungGen: 1375152K->16304K(1378304K)] 3134027K->1775297K(4174528K), 0.0389170 secs] [Times: user=0.07 sys=0.00, real=0.04 secs] 
2016-02-23T21:47:11.828+0800: 703428.543: [GC [PSYoungGen: 1375024K->15680K(1378752K)] 3134017K->1774806K(4174976K), 0.0390410 secs] [Times: user=0.06 sys=0.00, real=0.04 secs] 
2016-02-23T21:47:45.890+0800: 703462.604: [GC [PSYoungGen: 1375040K->16576K(1378688K)] 3134166K->1776042K(4174912K), 0.0371600 secs] [Times: user=0.07 sys=0.00, real=0.03 secs] 
2016-02-23T21:48:16.926+0800: 703493.641: [GC [PSYoungGen: 1375936K->16496K(1379200K)] 3135402K->1776295K(4175424K), 0.0371950 secs] [Times: user=0.07 sys=0.00, real=0.04 secs] 
2016-02-23T21:48:47.470+0800: 703524.185: [GC [PSYoungGen: 1376624K->16928K(1379008K)] 3136423K->1777189K(4175232K), 0.0372920 secs] [Times: user=0.08 sys=0.00, real=0.04 secs] 
2016-02-23T21:49:18.587+0800: 703555.302: [GC [PSYoungGen: 1377056K->16144K(1379456K)] 3137317K->1776601K(4175680K), 0.0529590 secs] [Times: user=0.10 sys=0.00, real=0.05 secs] 
2016-02-23T21:49:47.593+0800: 703584.307: [GC [PSYoungGen: 1376848K->14896K(1379328K)] 3137305K->1775518K(4175552K), 0.0412290 secs] [Times: user=0.06 sys=0.01, real=0.04 secs] 
2016-02-23T21:50:14.281+0800: 703610.995: [GC [PSYoungGen: 1375600K->14496K(1379200K)] 3136222K->1775523K(4175424K), 0.0354080 secs] [Times: user=0.06 sys=0.00, real=0.03 secs] 
2016-02-23T21:50:45.962+0800: 703642.676: [GC [PSYoungGen: 1374944K->16656K(1379264K)] 3135971K->1777911K(4175488K), 0.0387800 secs] [Times: user=0.07 sys=0.00, real=0.04 secs] 
2016-02-23T21:51:18.476+0800: 703675.190: [GC [PSYoungGen: 1377104K->16320K(1379584K)] 3138359K->1778148K(4175808K), 0.0353920 secs] [Times: user=0.06 sys=0.01, real=0.04 secs] 
2016-02-23T21:51:50.135+0800: 703706.849: [GC [PSYoungGen: 1377152K->16304K(1379328K)] 3138980K->1778224K(4175552K), 0.0369230 secs] [Times: user=0.06 sys=0.00, real=0.04 secs] 
2016-02-23T21:52:18.039+0800: 703734.753: [GC [PSYoungGen: 1377136K->15888K(1379904K)] 3139056K->1778224K(4176128K), 0.0414450 secs] [Times: user=0.08 sys=0.00, real=0.05 secs] 
2016-02-23T21:52:52.137+0800: 703768.852: [GC [PSYoungGen: 1377488K->16960K(1379776K)] 3139824K->1779536K(4176000K), 0.0406240 secs] [Times: user=0.07 sys=0.00, real=0.04 secs] 
2016-02-23T21:53:23.643+0800: 703800.357: [GC [PSYoungGen: 1378560K->15856K(1379968K)] 3141136K->1778614K(4176192K), 0.0442820 secs] [Times: user=0.06 sys=0.01, real=0.04 secs] 
2016-02-23T21:53:55.820+0800: 703832.534: [GC [PSYoungGen: 1377584K->16032K(1379840K)] 3140342K->1779042K(4176064K), 0.0422130 secs] [Times: user=0.07 sys=0.01, real=0.04 secs] 
2016-02-23T21:54:27.105+0800: 703863.819: [GC [PSYoungGen: 1377760K->16816K(1379968K)] 3140770K->1780010K(4176192K), 0.0361260 secs] [Times: user=0.07 sys=0.01, real=0.03 secs] 
2016-02-23T21:54:59.633+0800: 703896.348: [GC [PSYoungGen: 1378800K->15984K(1380032K)] 3141994K->1779522K(4176256K), 0.0360590 secs] [Times: user=0.07 sys=0.00, real=0.03 secs] 
2016-02-23T21:55:29.371+0800: 703926.086: [GC [PSYoungGen: 1377968K->15152K(1380160K)] 3141506K->1778867K(4176384K), 0.0364680 secs] [Times: user=0.06 sys=0.00, real=0.04 secs] 
2016-02-23T21:56:01.831+0800: 703958.545: [GC [PSYoungGen: 1377392K->15502K(1380160K)] 3141107K->1779518K(4176384K), 0.0349790 secs] [Times: user=0.07 sys=0.00, real=0.03 secs] 
2016-02-23T21:56:35.202+0800: 703991.916: [GC [PSYoungGen: 1377742K->15568K(1380288K)] 3141758K->1780336K(4176512K), 0.0360260 secs] [Times: user=0.06 sys=0.00, real=0.04 secs] 
2016-02-23T21:57:01.614+0800: 704018.328: [GC [PSYoungGen: 1378000K->13536K(1376000K)] 3142768K->1778536K(4172224K), 0.0334710 secs] [Times: user=0.07 sys=0.00, real=0.03 secs] 
2016-02-23T21:57:32.589+0800: 704049.303: [GC [PSYoungGen: 1375968K->15539K(1380224K)] 3140968K->1780852K(4176448K), 0.0377770 secs] [Times: user=0.07 sys=0.00, real=0.04 secs] 
2016-02-23T21:58:00.156+0800: 704076.870: [GC [PSYoungGen: 1377715K->14256K(1380032K)] 3143028K->1779928K(4176256K), 0.0370110 secs] [Times: user=0.07 sys=0.00, real=0.04 secs] 
2016-02-23T21:58:29.641+0800: 704106.355: [GC [PSYoungGen: 1376432K->15456K(1380352K)] 3142104K->1781448K(4176576K), 0.0371420 secs] [Times: user=0.07 sys=0.01, real=0.03 secs] 
2016-02-23T21:58:58.623+0800: 704135.337: [GC [PSYoungGen: 1377888K->15728K(1380160K)] 3143880K->1782096K(4176384K), 0.0348170 secs] [Times: user=0.06 sys=0.00, real=0.04 secs] 
2016-02-23T21:59:28.448+0800: 704165.163: [GC [PSYoungGen: 1378160K->16679K(1380032K)] 3144528K->1783267K(4176256K), 0.0405610 secs] [Times: user=0.06 sys=0.01, real=0.04 secs] 
2016-02-23T21:59:57.994+0800: 704194.708: [GC [PSYoungGen: 1379175K->14960K(1380288K)] 3145763K->1781701K(4176512K), 0.0349450 secs] [Times: user=0.07 sys=0.00, real=0.03 secs] 
2016-02-23T22:00:26.143+0800: 704222.857: [GC [PSYoungGen: 1377456K->14046K(1380288K)] 3144197K->1780931K(4176512K), 0.0349160 secs] [Times: user=0.07 sys=0.00, real=0.03 secs] 
2016-02-23T22:00:56.422+0800: 704253.136: [GC [PSYoungGen: 1376670K->17722K(1380352K)] 3143555K->1785344K(4176576K), 0.0385100 secs] [Times: user=0.08 sys=0.00, real=0.04 secs] 
2016-02-23T22:01:28.823+0800: 704285.537: [GC [PSYoungGen: 1380346K->16544K(1378560K)] 3147968K->1784541K(4174784K), 0.0424110 secs] [Times: user=0.08 sys=0.00, real=0.04 secs] 
2016-02-23T22:01:57.958+0800: 704314.673: [GC [PSYoungGen: 1377376K->14176K(1379456K)] 3145373K->1782489K(4175680K), 0.0354270 secs] [Times: user=0.07 sys=0.00, real=0.03 secs] 
2016-02-23T22:02:31.984+0800: 704348.699: [GC [PSYoungGen: 1375008K->17312K(1378816K)] 3143321K->1785750K(4175040K), 0.0407010 secs] [Times: user=0.07 sys=0.00, real=0.04 secs] 
2016-02-23T22:03:03.873+0800: 704380.588: [GC [PSYoungGen: 1377504K->15280K(1379136K)] 3145942K->1783998K(4175360K), 0.0372890 secs] [Times: user=0.06 sys=0.01, real=0.03 secs] 
2016-02-23T22:03:31.704+0800: 704408.418: [GC [PSYoungGen: 1375472K->14096K(1379328K)] 3144190K->1783010K(4175552K), 0.0375360 secs] [Times: user=0.07 sys=0.00, real=0.04 secs] 
2016-02-23T22:04:04.731+0800: 704441.445: [GC [PSYoungGen: 1374672K->15632K(1379328K)] 3143586K->1784914K(4175552K), 0.0363410 secs] [Times: user=0.06 sys=0.00, real=0.03 secs] 
2016-02-23T22:04:34.449+0800: 704471.163: [GC [PSYoungGen: 1376208K->14528K(1379712K)] 3145490K->1784151K(4175936K), 0.0362470 secs] [Times: user=0.06 sys=0.00, real=0.04 secs] 
2016-02-23T22:05:05.033+0800: 704501.747: [GC [PSYoungGen: 1375808K->15072K(1379648K)] 3145431K->1784992K(4175872K), 0.0338460 secs] [Times: user=0.06 sys=0.00, real=0.03 secs] 
2016-02-23T22:05:33.942+0800: 704530.656: [GC [PSYoungGen: 1376352K->16672K(1379584K)] 3146272K->1786796K(4175808K), 0.0404620 secs] [Times: user=0.07 sys=0.00, real=0.04 secs] 
2016-02-23T22:06:01.535+0800: 704558.249: [GC [PSYoungGen: 1378144K->13856K(1375360K)] 3148268K->1784280K(4171584K), 0.0344450 secs] [Times: user=0.07 sys=0.00, real=0.03 secs] 
2016-02-23T22:06:30.887+0800: 704587.601: [GC [PSYoungGen: 1375328K->13664K(1379712K)] 3145752K->1784346K(4175936K), 0.0326830 secs] [Times: user=0.06 sys=0.00, real=0.03 secs] 
2016-02-23T22:07:00.556+0800: 704617.270: [GC [PSYoungGen: 1375008K->16892K(1378240K)] 3145690K->1788015K(4174464K), 0.0387040 secs] [Times: user=0.06 sys=0.00, real=0.03 secs] 
2016-02-23T22:07:33.393+0800: 704650.108: [GC [PSYoungGen: 1378236K->14640K(1379584K)] 3149359K->1785915K(4175808K), 0.0331650 secs] [Times: user=0.06 sys=0.00, real=0.04 secs] 
2016-02-23T22:08:03.600+0800: 704680.315: [GC [PSYoungGen: 1375536K->14496K(1379392K)] 3146811K->1786107K(4175616K), 0.0441000 secs] [Times: user=0.08 sys=0.00, real=0.05 secs] 
2016-02-23T22:08:33.252+0800: 704709.967: [GC [PSYoungGen: 1375392K->14768K(1380032K)] 3147003K->1786559K(4176256K), 0.0335430 secs] [Times: user=0.07 sys=0.00, real=0.03 secs] 
2016-02-23T22:09:04.508+0800: 704741.222: [GC [PSYoungGen: 1376496K->15264K(1379776K)] 3148287K->1787183K(4176000K), 0.0353460 secs] [Times: user=0.07 sys=0.00, real=0.04 secs] 
2016-02-23T22:09:36.702+0800: 704773.417: [GC [PSYoungGen: 1376992K->16256K(1380032K)] 3148911K->1788550K(4176256K), 0.0405000 secs] [Times: user=0.07 sys=0.00, real=0.04 secs] 
2016-02-23T22:10:09.953+0800: 704806.668: [GC [PSYoungGen: 1378496K->14592K(1380160K)] 3150790K->1787211K(4176384K), 0.0322840 secs] [Times: user=0.06 sys=0.00, real=0.04 secs] 
2016-02-23T22:10:39.510+0800: 704836.224: [GC [PSYoungGen: 1376493K->16093K(1380160K)] 3149112K->1788861K(4176384K), 0.0367640 secs] [Times: user=0.07 sys=0.00, real=0.04 secs] 
2016-02-23T22:11:07.299+0800: 704864.013: [GC [PSYoungGen: 1378461K->13488K(1375872K)] 3151229K->1786407K(4172096K), 0.0313440 secs] [Times: user=0.07 sys=0.00, real=0.03 secs] 
2016-02-23T22:11:35.557+0800: 704892.271: [GC [PSYoungGen: 1375856K->15552K(1380288K)] 3148775K->1788667K(4176512K), 0.0358450 secs] [Times: user=0.07 sys=0.00, real=0.04 secs] 
2016-02-23T22:12:06.733+0800: 704923.447: [GC [PSYoungGen: 1377920K->16064K(1380160K)] 3151035K->1789400K(4176384K), 0.0366140 secs] [Times: user=0.06 sys=0.00, real=0.04 secs] 
2016-02-23T22:12:39.346+0800: 704956.061: [GC [PSYoungGen: 1378432K->17648K(1378944K)] 3151768K->1791149K(4175168K), 0.0390280 secs] [Times: user=0.07 sys=0.00, real=0.04 secs] 
2016-02-23T22:13:08.410+0800: 704985.124: [GC [PSYoungGen: 1378736K->15520K(1379584K)] 3152237K->1789469K(4175808K), 0.0352380 secs] [Times: user=0.07 sys=0.00, real=0.04 secs] 
2016-02-23T22:13:40.730+0800: 705017.444: [GC [PSYoungGen: 1376608K->14656K(1379968K)] 3150557K->1789024K(4176192K), 0.0378550 secs] [Times: user=0.08 sys=0.00, real=0.04 secs] 
2016-02-23T22:14:14.225+0800: 705050.939: [GC [PSYoungGen: 1376448K->16640K(1378496K)] 3150816K->1791128K(4174720K), 0.0376060 secs] [Times: user=0.06 sys=0.00, real=0.04 secs] 
2016-02-23T22:14:44.588+0800: 705081.303: [GC [PSYoungGen: 1378432K->17168K(1379136K)] 3152920K->1792017K(4175360K), 0.0552990 secs] [Times: user=0.08 sys=0.00, real=0.05 secs] 
2016-02-23T22:15:18.026+0800: 705114.741: [GC [PSYoungGen: 1378000K->14560K(1379456K)] 3152849K->1789801K(4175680K), 0.0338400 secs] [Times: user=0.06 sys=0.00, real=0.03 secs] 
2016-02-23T22:15:49.704+0800: 705146.418: [GC [PSYoungGen: 1375392K->14640K(1379712K)] 3150633K->1790261K(4175936K), 0.0340390 secs] [Times: user=0.06 sys=0.00, real=0.03 secs] 
2016-02-23T22:16:18.103+0800: 705174.818: [GC [PSYoungGen: 1375856K->14032K(1379584K)] 3151477K->1789830K(4175808K), 0.0311860 secs] [Times: user=0.05 sys=0.00, real=0.03 secs] 
2016-02-23T22:16:49.855+0800: 705206.570: [GC [PSYoungGen: 1375248K->14720K(1379904K)] 3151046K->1790770K(4176128K), 0.0333020 secs] [Times: user=0.06 sys=0.00, real=0.04 secs] 
2016-02-23T22:17:19.116+0800: 705235.831: [GC [PSYoungGen: 1376256K->14256K(1379712K)] 3152306K->1790631K(4175936K), 0.0426590 secs] [Times: user=0.06 sys=0.00, real=0.04 secs] 
2016-02-23T22:17:52.300+0800: 705269.014: [GC [PSYoungGen: 1375792K->15408K(1380224K)] 3152167K->1792103K(4176448K), 0.0469600 secs] [Times: user=0.09 sys=0.00, real=0.05 secs] 
2016-02-23T22:18:22.016+0800: 705298.730: [GC [PSYoungGen: 1377584K->15258K(1380032K)] 3154279K->1792178K(4176256K), 0.0372940 secs] [Times: user=0.06 sys=0.01, real=0.04 secs] 
2016-02-23T22:18:52.559+0800: 705329.273: [GC [PSYoungGen: 1377434K->15648K(1380544K)] 3154354K->1792837K(4176768K), 0.0359530 secs] [Times: user=0.07 sys=0.00, real=0.04 secs] 
2016-02-23T22:19:23.796+0800: 705360.510: [GC [PSYoungGen: 1378592K->15152K(1380480K)] 3155781K->1792669K(4176704K), 0.0336610 secs] [Times: user=0.05 sys=0.01, real=0.04 secs] 
2016-02-23T22:19:57.081+0800: 705393.796: [GC [PSYoungGen: 1378096K->16720K(1380096K)] 3155613K->1794641K(4176320K), 0.0414810 secs] [Times: user=0.07 sys=0.00, real=0.04 secs] 
2016-02-23T22:20:25.372+0800: 705422.087: [GC [PSYoungGen: 1379472K->14359K(1380416K)] 3157393K->1792609K(4176640K), 0.0331320 secs] [Times: user=0.07 sys=0.00, real=0.03 secs] 
2016-02-23T22:20:56.960+0800: 705453.675: [GC [PSYoungGen: 1377111K->14784K(1380608K)] 3155361K->1793192K(4176832K), 0.0366900 secs] [Times: user=0.07 sys=0.00, real=0.04 secs] 
2016-02-23T22:21:31.067+0800: 705487.782: [GC [PSYoungGen: 1377792K->16576K(1379648K)] 3156200K->1795221K(4175872K), 0.0365070 secs] [Times: user=0.06 sys=0.00, real=0.04 secs] 
2016-02-23T22:21:59.668+0800: 705516.383: [GC [PSYoungGen: 1379584K->14944K(1380480K)] 3158229K->1794030K(4176704K), 0.0338560 secs] [Times: user=0.06 sys=0.00, real=0.04 secs] 
2016-02-23T22:22:27.166+0800: 705543.880: [GC [PSYoungGen: 1377696K->12352K(1375104K)] 3156782K->1791870K(4171328K), 0.0284550 secs] [Times: user=0.05 sys=0.00, real=0.03 secs] 
2016-02-23T22:22:56.600+0800: 705573.315: [GC [PSYoungGen: 1375104K->14624K(1380416K)] 3154622K->1794214K(4176640K), 0.0331680 secs] [Times: user=0.06 sys=0.00, real=0.03 secs] 
2016-02-23T22:23:28.380+0800: 705605.094: [GC [PSYoungGen: 1377184K->15824K(1380224K)] 3156774K->1795570K(4176448K), 0.0366010 secs] [Times: user=0.07 sys=0.00, real=0.04 secs] 
2016-02-23T22:23:59.431+0800: 705636.146: [GC [PSYoungGen: 1378384K->15648K(1380416K)] 3158130K->1795799K(4176640K), 0.0405540 secs] [Times: user=0.07 sys=0.00, real=0.05 secs] 
2016-02-23T22:24:29.931+0800: 705666.645: [GC [PSYoungGen: 1378336K->15712K(1380352K)] 3158487K->1796144K(4176576K), 0.0535000 secs] [Times: user=0.11 sys=0.00, real=0.06 secs] 
2016-02-23T22:24:57.547+0800: 705694.262: [GC [PSYoungGen: 1378400K->14144K(1380544K)] 3158832K->1794972K(4176768K), 0.0434400 secs] [Times: user=0.08 sys=0.00, real=0.05 secs] 
2016-02-23T22:25:24.113+0800: 705720.828: [GC [PSYoungGen: 1377088K->12752K(1375744K)] 3157916K->1793680K(4171968K), 0.0343080 secs] [Times: user=0.07 sys=0.00, real=0.03 secs] 
2016-02-23T22:25:53.936+0800: 705750.651: [GC [PSYoungGen: 1375696K->15584K(1380352K)] 3156624K->1796877K(4176576K), 0.0395280 secs] [Times: user=0.07 sys=0.00, real=0.04 secs] 
2016-02-23T22:26:23.643+0800: 705780.357: [GC [PSYoungGen: 1378208K->15344K(1380352K)] 3159501K->1796873K(4176576K), 0.0428750 secs] [Times: user=0.08 sys=0.00, real=0.05 secs] 
2016-02-23T22:26:55.542+0800: 705812.256: [GC [PSYoungGen: 1377968K->16064K(1380224K)] 3159497K->1797929K(4176448K), 0.0374800 secs] [Times: user=0.06 sys=0.00, real=0.03 secs] 
2016-02-23T22:27:28.152+0800: 705844.866: [GC [PSYoungGen: 1378688K->16512K(1379200K)] 3160553K->1798774K(4175424K), 0.0375570 secs] [Times: user=0.06 sys=0.01, real=0.04 secs] 
2016-02-23T22:27:59.240+0800: 705875.954: [GC [PSYoungGen: 1379136K->15136K(1380352K)] 3161398K->1797691K(4176576K), 0.0386920 secs] [Times: user=0.08 sys=0.00, real=0.04 secs] 
2016-02-23T22:28:30.685+0800: 705907.400: [GC [PSYoungGen: 1377504K->15904K(1380096K)] 3160059K->1798656K(4176320K), 0.0379470 secs] [Times: user=0.07 sys=0.00, real=0.03 secs] 
2016-02-23T22:29:07.216+0800: 705943.930: [GC [PSYoungGen: 1378272K->17712K(1378560K)] 3161024K->1801044K(4174784K), 0.0417500 secs] [Times: user=0.07 sys=0.00, real=0.04 secs] 
2016-02-23T22:29:42.280+0800: 705978.995: [GC [PSYoungGen: 1378544K->15152K(1379456K)] 3161876K->1798688K(4175680K), 0.0405790 secs] [Times: user=0.07 sys=0.00, real=0.04 secs] 
2016-02-23T22:30:10.214+0800: 706006.929: [GC [PSYoungGen: 1375984K->12176K(1379072K)] 3159520K->1795836K(4175296K), 0.0365390 secs] [Times: user=0.06 sys=0.00, real=0.04 secs] 
2016-02-23T22:30:43.521+0800: 706040.236: [GC [PSYoungGen: 1372227K->15840K(1379392K)] 3155887K->1799684K(4175616K), 0.0399840 secs] [Times: user=0.07 sys=0.00, real=0.04 secs] 
2016-02-23T22:31:18.261+0800: 706074.975: [GC [PSYoungGen: 1376544K->15824K(1379648K)] 3160388K->1799971K(4175872K), 0.0350680 secs] [Times: user=0.07 sys=0.00, real=0.04 secs] 
2016-02-23T22:31:52.745+0800: 706109.459: [GC [PSYoungGen: 1376912K->15776K(1379520K)] 3161059K->1800116K(4175744K), 0.0379910 secs] [Times: user=0.07 sys=0.00, real=0.03 secs] 
2016-02-23T22:32:23.846+0800: 706140.560: [GC [PSYoungGen: 1376864K->15424K(1380032K)] 3161204K->1800180K(4176256K), 0.0372820 secs] [Times: user=0.07 sys=0.00, real=0.04 secs] 
2016-02-23T22:32:57.509+0800: 706174.223: [GC [PSYoungGen: 1377152K->17808K(1379584K)] 3161908K->1802869K(4175808K), 0.0440050 secs] [Times: user=0.08 sys=0.00, real=0.04 secs] 
2016-02-23T22:33:29.568+0800: 706206.283: [GC [PSYoungGen: 1379536K->15459K(1379648K)] 3164597K->1800833K(4175872K), 0.0369450 secs] [Times: user=0.08 sys=0.00, real=0.03 secs] 
2016-02-23T22:34:01.233+0800: 706237.947: [GC [PSYoungGen: 1376611K->15584K(1379584K)] 3161985K->1801210K(4175808K), 0.0371160 secs] [Times: user=0.06 sys=0.00, real=0.04 secs] 
2016-02-23T22:34:35.410+0800: 706272.124: [GC [PSYoungGen: 1376736K->16544K(1379712K)] 3162362K->1802414K(4175936K), 0.0402360 secs] [Times: user=0.07 sys=0.00, real=0.04 secs] 
2016-02-23T22:35:03.253+0800: 706299.968: [GC [PSYoungGen: 1378144K->13820K(1375424K)] 3164014K->1799995K(4171648K), 0.0318240 secs] [Times: user=0.06 sys=0.00, real=0.03 secs] 
2016-02-23T22:35:33.919+0800: 706330.633: [GC [PSYoungGen: 1375420K->15584K(1380032K)] 3161595K->1802112K(4176256K), 0.0353060 secs] [Times: user=0.07 sys=0.00, real=0.04 secs] 
2016-02-23T22:36:04.525+0800: 706361.239: [GC [PSYoungGen: 1377312K->16112K(1379776K)] 3163840K->1802864K(4176000K), 0.0382490 secs] [Times: user=0.07 sys=0.00, real=0.04 secs] 
2016-02-23T22:36:35.185+0800: 706391.900: [GC [PSYoungGen: 1377840K->15744K(1380224K)] 3164592K->1802912K(4176448K), 0.0367140 secs] [Times: user=0.07 sys=0.00, real=0.03 secs] 
2016-02-23T22:37:11.084+0800: 706427.798: [GC [PSYoungGen: 1377920K->15936K(1380032K)] 3165088K->1803312K(4176256K), 0.0370200 secs] [Times: user=0.06 sys=0.00, real=0.03 secs] 
2016-02-23T22:37:44.335+0800: 706461.049: [GC [PSYoungGen: 1378112K->15696K(1380544K)] 3165488K->1803441K(4176768K), 0.0363600 secs] [Times: user=0.07 sys=0.00, real=0.03 secs] 
2016-02-23T22:38:21.254+0800: 706497.968: [GC [PSYoungGen: 1378512K->16896K(1379776K)] 3166257K->1804938K(4176000K), 0.0389020 secs] [Times: user=0.07 sys=0.00, real=0.04 secs] 
2016-02-23T22:38:52.269+0800: 706528.984: [GC [PSYoungGen: 1379712K->15376K(1380352K)] 3167754K->1803950K(4176576K), 0.0424240 secs] [Times: user=0.07 sys=0.00, real=0.04 secs] 
2016-02-23T22:39:22.749+0800: 706559.464: [GC [PSYoungGen: 1377872K->14768K(1380224K)] 3166446K->1803575K(4176448K), 0.0378590 secs] [Times: user=0.06 sys=0.01, real=0.04 secs] 
2016-02-23T22:39:54.036+0800: 706590.751: [GC [PSYoungGen: 1377264K->15392K(1380544K)] 3166071K->1804419K(4176768K), 0.0375070 secs] [Times: user=0.07 sys=0.00, real=0.04 secs] 
2016-02-23T22:40:23.695+0800: 706620.409: [GC [PSYoungGen: 1378272K->13796K(1380416K)] 3167299K->1803196K(4176640K), 0.0321910 secs] [Times: user=0.06 sys=0.01, real=0.03 secs] 
2016-02-23T22:40:57.376+0800: 706654.090: [GC [PSYoungGen: 1376676K->14432K(1380480K)] 3166076K->1804137K(4176704K), 0.0335840 secs] [Times: user=0.06 sys=0.00, real=0.04 secs] 
2016-02-23T22:41:29.653+0800: 706686.367: [GC [PSYoungGen: 1377312K->14240K(1380480K)] 3167017K->1804329K(4176704K), 0.0346730 secs] [Times: user=0.06 sys=0.00, real=0.03 secs] 
2016-02-23T22:42:05.991+0800: 706722.706: [GC [PSYoungGen: 1377120K->15184K(1380736K)] 3167209K->1805510K(4176960K), 0.0347470 secs] [Times: user=0.07 sys=0.00, real=0.04 secs] 
2016-02-23T22:42:38.297+0800: 706755.011: [GC [PSYoungGen: 1378384K->14768K(1380544K)] 3168710K->1805339K(4176768K), 0.0387310 secs] [Times: user=0.07 sys=0.00, real=0.04 secs] 
2016-02-23T22:43:09.421+0800: 706786.135: [GC [PSYoungGen: 1377968K->14323K(1380928K)] 3168539K->1805234K(4177152K), 0.0336750 secs] [Times: user=0.07 sys=0.00, real=0.03 secs] 
2016-02-23T22:43:43.445+0800: 706820.160: [GC [PSYoungGen: 1378099K->15840K(1379648K)] 3169010K->1807552K(4175872K), 0.0431670 secs] [Times: user=0.08 sys=0.00, real=0.05 secs] 
2016-02-23T22:44:17.765+0800: 706854.480: [GC [PSYoungGen: 1379616K->13760K(1380864K)] 3171328K->1805680K(4177088K), 0.0348170 secs] [Times: user=0.06 sys=0.00, real=0.04 secs] 
2016-02-23T22:44:51.638+0800: 706888.353: [GC [PSYoungGen: 1377408K->15232K(1380864K)] 3169328K->1807298K(4177088K), 0.0400660 secs] [Times: user=0.07 sys=0.00, real=0.04 secs] 
2016-02-23T22:45:23.032+0800: 706919.747: [GC [PSYoungGen: 1378880K->15024K(1381184K)] 3170946K->1807442K(4177408K), 0.0383470 secs] [Times: user=0.08 sys=0.00, real=0.03 secs] 
2016-02-23T22:45:54.786+0800: 706951.500: [GC [PSYoungGen: 1379120K->15329K(1380992K)] 3171538K->1808079K(4177216K), 0.0344800 secs] [Times: user=0.06 sys=0.00, real=0.04 secs] 
2016-02-23T22:46:29.044+0800: 706985.759: [GC [PSYoungGen: 1379425K->16816K(1379840K)] 3172175K->1810126K(4176064K), 0.0388810 secs] [Times: user=0.06 sys=0.00, real=0.04 secs] 
2016-02-23T22:47:04.389+0800: 707021.103: [GC [PSYoungGen: 1379824K->15856K(1380544K)] 3173134K->1809486K(4176768K), 0.0344570 secs] [Times: user=0.06 sys=0.00, real=0.03 secs] 
2016-02-23T22:47:39.955+0800: 707056.670: [GC [PSYoungGen: 1378864K->17328K(1379456K)] 3172494K->1811311K(4175680K), 0.0375710 secs] [Times: user=0.07 sys=0.00, real=0.04 secs] 
2016-02-23T22:48:12.059+0800: 707088.773: [GC [PSYoungGen: 1379312K->15520K(1380032K)] 3173295K->1809723K(4176256K), 0.0346620 secs] [Times: user=0.07 sys=0.00, real=0.04 secs] 
2016-02-23T22:48:43.352+0800: 707120.066: [GC [PSYoungGen: 1377504K->16016K(1380352K)] 3171707K->1810656K(4176576K), 0.0371900 secs] [Times: user=0.07 sys=0.00, real=0.04 secs] 
2016-02-23T22:49:17.292+0800: 707154.006: [GC [PSYoungGen: 1378576K->14480K(1380288K)] 3173216K->1809461K(4176512K), 0.0342830 secs] [Times: user=0.06 sys=0.00, real=0.03 secs] 
2016-02-23T22:49:51.872+0800: 707188.587: [GC [PSYoungGen: 1377040K->15696K(1380480K)] 3172021K->1810961K(4176704K), 0.0446540 secs] [Times: user=0.08 sys=0.00, real=0.05 secs] 
2016-02-23T22:50:20.239+0800: 707216.954: [GC [PSYoungGen: 1378448K->13760K(1380352K)] 3173713K->1809321K(4176576K), 0.0306140 secs] [Times: user=0.06 sys=0.00, real=0.03 secs] 
2016-02-23T22:50:53.703+0800: 707250.418: [GC [PSYoungGen: 1376512K->15712K(1380480K)] 3172073K->1811627K(4176704K), 0.0336040 secs] [Times: user=0.06 sys=0.00, real=0.03 secs] 
2016-02-23T22:51:28.976+0800: 707285.690: [GC [PSYoungGen: 1378528K->15648K(1380416K)] 3174443K->1811907K(4176640K), 0.0340040 secs] [Times: user=0.06 sys=0.00, real=0.04 secs] 
2016-02-23T22:52:02.118+0800: 707318.832: [GC [PSYoungGen: 1378464K->15488K(1380800K)] 3174723K->1811988K(4177024K), 0.0364050 secs] [Times: user=0.07 sys=0.00, real=0.03 secs] 
2016-02-23T22:52:36.845+0800: 707353.559: [GC [PSYoungGen: 1378816K->17251K(1380608K)] 3175316K->1820210K(4176832K), 0.0500890 secs] [Times: user=0.09 sys=0.00, real=0.04 secs] 
2016-02-23T22:53:12.646+0800: 707389.361: [GC [PSYoungGen: 1380579K->15776K(1375872K)] 3183538K->1819122K(4172096K), 0.0402520 secs] [Times: user=0.06 sys=0.00, real=0.04 secs] 
2016-02-23T22:53:48.498+0800: 707425.212: [GC [PSYoungGen: 1374176K->14976K(1378240K)] 3177522K->1818490K(4174464K), 0.0344680 secs] [Times: user=0.07 sys=0.00, real=0.04 secs] 
2016-02-23T22:54:21.930+0800: 707458.644: [GC [PSYoungGen: 1373376K->16288K(1378624K)] 3176890K->1819924K(4174848K), 0.0365100 secs] [Times: user=0.07 sys=0.00, real=0.03 secs] 
2016-02-23T22:55:03.209+0800: 707499.923: [GC [PSYoungGen: 1375200K->16736K(1378368K)] 3178836K->1820668K(4174592K), 0.0361260 secs] [Times: user=0.07 sys=0.00, real=0.03 secs] 
2016-02-23T22:55:35.167+0800: 707531.881: [GC [PSYoungGen: 1375648K->15072K(1378880K)] 3179580K->1819677K(4175104K), 0.0341610 secs] [Times: user=0.07 sys=0.00, real=0.03 secs] 
2016-02-23T22:56:11.229+0800: 707567.943: [GC [PSYoungGen: 1374624K->15297K(1378752K)] 3179229K->1820165K(4174976K), 0.0413680 secs] [Times: user=0.08 sys=0.00, real=0.04 secs] 
2016-02-23T22:56:47.185+0800: 707603.899: [GC [PSYoungGen: 1374849K->16608K(1379136K)] 3179717K->1822042K(4175360K), 0.0412390 secs] [Times: user=0.07 sys=0.01, real=0.04 secs] 
2016-02-23T22:57:25.569+0800: 707642.283: [GC [PSYoungGen: 1376736K->15136K(1379072K)] 3182170K->1820687K(4175296K), 0.0343410 secs] [Times: user=0.06 sys=0.01, real=0.03 secs] 
2016-02-23T22:58:02.913+0800: 707679.627: [GC [PSYoungGen: 1375264K->15232K(1379456K)] 3180815K->1821147K(4175680K), 0.0366840 secs] [Times: user=0.07 sys=0.00, real=0.04 secs] 
2016-02-23T22:58:37.400+0800: 707714.114: [GC [PSYoungGen: 1375872K->17184K(1377856K)] 3181787K->1823252K(4174080K), 0.0382360 secs] [Times: user=0.07 sys=0.00, real=0.04 secs] 
2016-02-23T22:59:15.620+0800: 707752.335: [GC [PSYoungGen: 1377824K->13856K(1379072K)] 3183892K->1820228K(4175296K), 0.0376370 secs] [Times: user=0.05 sys=0.00, real=0.03 secs] 
2016-02-23T22:59:53.163+0800: 707789.877: [GC [PSYoungGen: 1374048K->15648K(1379136K)] 3180420K->1822392K(4175360K), 0.0390620 secs] [Times: user=0.07 sys=0.00, real=0.04 secs] 
2016-02-23T23:00:28.090+0800: 707824.805: [GC [PSYoungGen: 1375840K->15136K(1379584K)] 3182584K->1821996K(4175808K), 0.0354640 secs] [Times: user=0.07 sys=0.00, real=0.04 secs] 
2016-02-23T23:01:05.184+0800: 707861.898: [GC [PSYoungGen: 1376032K->14800K(1379392K)] 3182892K->1822065K(4175616K), 0.0352790 secs] [Times: user=0.06 sys=0.00, real=0.03 secs] 
2016-02-23T23:01:39.817+0800: 707896.531: [GC [PSYoungGen: 1375696K->13872K(1379712K)] 3182961K->1821381K(4175936K), 0.0364310 secs] [Times: user=0.07 sys=0.00, real=0.04 secs] 
2016-02-23T23:02:15.622+0800: 707932.336: [GC [PSYoungGen: 1375216K->15232K(1379712K)] 3182725K->1823142K(4175936K), 0.0359140 secs] [Times: user=0.06 sys=0.00, real=0.03 secs] 
2016-02-23T23:02:51.964+0800: 707968.678: [GC [PSYoungGen: 1376576K->13696K(1379840K)] 3184486K->1821818K(4176064K), 0.0375880 secs] [Times: user=0.07 sys=0.01, real=0.04 secs] 
2016-02-23T23:03:27.941+0800: 708004.655: [GC [PSYoungGen: 1375424K->13905K(1379904K)] 3183546K->1822127K(4176128K), 0.0379730 secs] [Times: user=0.06 sys=0.00, real=0.04 secs] 
2016-02-23T23:04:04.193+0800: 708040.907: [GC [PSYoungGen: 1375633K->13840K(1380032K)] 3183855K->1822571K(4176256K), 0.0385820 secs] [Times: user=0.06 sys=0.00, real=0.03 secs] 
2016-02-23T23:04:42.414+0800: 708079.129: [GC [PSYoungGen: 1375760K->15840K(1379968K)] 3184491K->1824760K(4176192K), 0.0347790 secs] [Times: user=0.07 sys=0.00, real=0.03 secs] 
2016-02-23T23:05:18.324+0800: 708115.038: [GC [PSYoungGen: 1377760K->15264K(1380288K)] 3186680K->1824580K(4176512K), 0.0352550 secs] [Times: user=0.07 sys=0.00, real=0.04 secs] 
2016-02-23T23:05:57.101+0800: 708153.815: [GC [PSYoungGen: 1377504K->13888K(1380032K)] 3186820K->1823425K(4176256K), 0.0334340 secs] [Times: user=0.06 sys=0.00, real=0.03 secs] 
2016-02-23T23:06:31.563+0800: 708188.278: [GC [PSYoungGen: 1376128K->14112K(1380480K)] 3185665K->1824025K(4176704K), 0.0356810 secs] [Times: user=0.06 sys=0.01, real=0.04 secs] 
2016-02-23T23:07:08.035+0800: 708224.750: [GC [PSYoungGen: 1376864K->14016K(1380352K)] 3186777K->1824030K(4176576K), 0.0323040 secs] [Times: user=0.06 sys=0.00, real=0.03 secs] 
2016-02-23T23:07:41.807+0800: 708258.522: [GC [PSYoungGen: 1376768K->13792K(1380672K)] 3186782K->1824101K(4176896K), 0.0330040 secs] [Times: user=0.06 sys=0.00, real=0.04 secs] 
2016-02-23T23:08:27.501+0800: 708304.215: [GC [PSYoungGen: 1376992K->16400K(1379648K)] 3187301K->1827042K(4175872K), 0.0379680 secs] [Times: user=0.06 sys=0.00, real=0.04 secs] 
2016-02-23T23:09:06.544+0800: 708343.259: [GC [PSYoungGen: 1379600K->14945K(1380544K)] 3190242K->1825772K(4176768K), 0.0340890 secs] [Times: user=0.06 sys=0.00, real=0.03 secs] 
2016-02-23T23:09:44.192+0800: 708380.906: [GC [PSYoungGen: 1377697K->15536K(1380288K)] 3188524K->1826768K(4176512K), 0.0448020 secs] [Times: user=0.07 sys=0.00, real=0.04 secs] 
2016-02-23T23:10:20.131+0800: 708416.846: [GC [PSYoungGen: 1378288K->13168K(1380480K)] 3189520K->1824720K(4176704K), 0.0307080 secs] [Times: user=0.06 sys=0.00, real=0.03 secs] 
2016-02-23T23:10:58.841+0800: 708455.555: [GC [PSYoungGen: 1376176K->13968K(1380544K)] 3187728K->1825744K(4176768K), 0.0318420 secs] [Times: user=0.06 sys=0.01, real=0.03 secs] 
2016-02-23T23:11:38.942+0800: 708495.657: [GC [PSYoungGen: 1376976K->13792K(1380800K)] 3188752K->1825753K(4177024K), 0.0402020 secs] [Times: user=0.07 sys=0.00, real=0.04 secs] 
2016-02-23T23:12:17.700+0800: 708534.415: [GC [PSYoungGen: 1377184K->13584K(1380672K)] 3189145K->1825697K(4176896K), 0.0375970 secs] [Times: user=0.08 sys=0.00, real=0.03 secs] 
2016-02-23T23:12:53.916+0800: 708570.631: [GC [PSYoungGen: 1376976K->12800K(1380864K)] 3189089K->1825106K(4177088K), 0.0322340 secs] [Times: user=0.06 sys=0.00, real=0.04 secs] 
2016-02-23T23:13:29.628+0800: 708606.342: [GC [PSYoungGen: 1376448K->13952K(1380864K)] 3188754K->1826549K(4177088K), 0.0397610 secs] [Times: user=0.06 sys=0.00, real=0.03 secs] 
2016-02-23T23:14:06.246+0800: 708642.960: [GC [PSYoungGen: 1377600K->13424K(1381184K)] 3190197K->1826346K(4177408K), 0.0340240 secs] [Times: user=0.06 sys=0.00, real=0.03 secs] 
2016-02-23T23:14:40.442+0800: 708677.156: [GC [PSYoungGen: 1377584K->14864K(1381056K)] 3190506K->1828181K(4177280K), 0.0376280 secs] [Times: user=0.05 sys=0.01, real=0.04 secs] 
2016-02-23T23:15:20.299+0800: 708717.013: [GC [PSYoungGen: 1379024K->13712K(1381376K)] 3192341K->1827141K(4177600K), 0.0327210 secs] [Times: user=0.06 sys=0.00, real=0.03 secs] 
2016-02-23T23:16:00.248+0800: 708756.963: [GC [PSYoungGen: 1378256K->13216K(1381248K)] 3191685K->1826730K(4177472K), 0.0420750 secs] [Times: user=0.08 sys=0.00, real=0.04 secs] 
2016-02-23T23:16:38.481+0800: 708795.195: [GC [PSYoungGen: 1377760K->12007K(1381312K)] 3191274K->1825742K(4177536K), 0.0343230 secs] [Times: user=0.07 sys=0.00, real=0.03 secs] 
2016-02-23T23:17:26.533+0800: 708843.247: [GC [PSYoungGen: 1376679K->16320K(1381056K)] 3190414K->1830318K(4177280K), 0.0403440 secs] [Times: user=0.07 sys=0.00, real=0.04 secs] 
2016-02-23T23:18:12.981+0800: 708889.696: [GC [PSYoungGen: 1380992K->14608K(1380672K)] 3194990K->1828847K(4176896K), 0.0458030 secs] [Times: user=0.09 sys=0.00, real=0.04 secs] 
2016-02-23T23:18:51.761+0800: 708928.476: [GC [PSYoungGen: 1378256K->13776K(1380864K)] 3192495K->1828476K(4177088K), 0.0325650 secs] [Times: user=0.06 sys=0.00, real=0.03 secs] 
2016-02-23T23:19:33.639+0800: 708970.353: [GC [PSYoungGen: 1377424K->14048K(1381376K)] 3192124K->1829036K(4177600K), 0.0336870 secs] [Times: user=0.07 sys=0.00, real=0.03 secs] 
2016-02-23T23:20:12.895+0800: 709009.609: [GC [PSYoungGen: 1378464K->14528K(1381120K)] 3193452K->1829845K(4177344K), 0.0360650 secs] [Times: user=0.06 sys=0.00, real=0.03 secs] 
2016-02-23T23:20:53.717+0800: 709050.432: [GC [PSYoungGen: 1378944K->14464K(1381632K)] 3194261K->1829913K(4177856K), 0.0328860 secs] [Times: user=0.07 sys=0.00, real=0.04 secs] 
2016-02-23T23:21:36.927+0800: 709093.642: [GC [PSYoungGen: 1379520K->14880K(1381504K)] 3194969K->1830594K(4177728K), 0.0350860 secs] [Times: user=0.07 sys=0.00, real=0.04 secs] 
2016-02-23T23:22:17.715+0800: 709134.429: [GC [PSYoungGen: 1379936K->13957K(1381760K)] 3195650K->1829996K(4177984K), 0.0362690 secs] [Times: user=0.07 sys=0.00, real=0.04 secs] 
2016-02-23T23:23:07.686+0800: 709184.401: [GC [PSYoungGen: 1379205K->14784K(1381568K)] 3195244K->1831248K(4177792K), 0.0357570 secs] [Times: user=0.07 sys=0.00, real=0.04 secs] 
2016-02-23T23:23:55.373+0800: 709232.087: [GC [PSYoungGen: 1380032K->13936K(1381888K)] 3196496K->1830791K(4178112K), 0.0343120 secs] [Times: user=0.07 sys=0.00, real=0.03 secs] 
2016-02-23T23:24:37.649+0800: 709274.364: [GC [PSYoungGen: 1379504K->14672K(1381760K)] 3196359K->1831800K(4177984K), 0.0342420 secs] [Times: user=0.06 sys=0.00, real=0.03 secs] 
2016-02-23T23:25:20.838+0800: 709317.553: [GC [PSYoungGen: 1380240K->16096K(1380672K)] 3197368K->1833537K(4176896K), 0.0357360 secs] [Times: user=0.07 sys=0.00, real=0.04 secs] 
2016-02-23T23:26:06.670+0800: 709363.384: [GC [PSYoungGen: 1380640K->12992K(1381312K)] 3198081K->1830952K(4177536K), 0.0310080 secs] [Times: user=0.06 sys=0.00, real=0.03 secs] 
2016-02-23T23:26:55.297+0800: 709412.011: [GC [PSYoungGen: 1377536K->13680K(1381440K)] 3195496K->1831808K(4177664K), 0.0327080 secs] [Times: user=0.06 sys=0.00, real=0.03 secs] 
2016-02-23T23:27:37.939+0800: 709454.653: [GC [PSYoungGen: 1378352K->14560K(1381312K)] 3196480K->1832940K(4177536K), 0.0333800 secs] [Times: user=0.07 sys=0.00, real=0.03 secs] 
2016-02-23T23:28:23.181+0800: 709499.895: [GC [PSYoungGen: 1379232K->16496K(1379904K)] 3197612K->1835413K(4176128K), 0.0409020 secs] [Times: user=0.07 sys=0.01, real=0.04 secs] 
2016-02-23T23:29:07.850+0800: 709544.564: [GC [PSYoungGen: 1379888K->14496K(1380736K)] 3198805K->1833917K(4176960K), 0.0345840 secs] [Times: user=0.06 sys=0.00, real=0.03 secs] 
2016-02-23T23:29:56.207+0800: 709592.921: [GC [PSYoungGen: 1377888K->16464K(1380096K)] 3197309K->1836102K(4176320K), 0.0365010 secs] [Times: user=0.06 sys=0.00, real=0.03 secs] 
2016-02-23T23:30:40.553+0800: 709637.267: [GC [PSYoungGen: 1379472K->11808K(1374848K)] 3199110K->1831782K(4171072K), 0.0402460 secs] [Times: user=0.08 sys=0.00, real=0.04 secs] 
2016-02-23T23:31:23.831+0800: 709680.545: [GC [PSYoungGen: 1374816K->14787K(1380544K)] 3194790K->1834913K(4176768K), 0.0349550 secs] [Times: user=0.07 sys=0.01, real=0.03 secs] 
2016-02-23T23:32:12.394+0800: 709729.108: [GC [PSYoungGen: 1377603K->13728K(1380352K)] 3197729K->1834280K(4176576K), 0.0316760 secs] [Times: user=0.06 sys=0.00, real=0.03 secs] 
2016-02-23T23:33:00.655+0800: 709777.369: [GC [PSYoungGen: 1376544K->15472K(1380480K)] 3197096K->1836440K(4176704K), 0.0365510 secs] [Times: user=0.07 sys=0.01, real=0.03 secs] 
2016-02-23T23:33:44.361+0800: 709821.075: [GC [PSYoungGen: 1378608K->14582K(1380608K)] 3199576K->1835679K(4176832K), 0.0365540 secs] [Times: user=0.07 sys=0.01, real=0.03 secs] 
2016-02-23T23:34:36.829+0800: 709873.543: [GC [PSYoungGen: 1377718K->14864K(1381056K)] 3198815K->1836322K(4177280K), 0.0369430 secs] [Times: user=0.07 sys=0.00, real=0.03 secs] 
2016-02-23T23:35:20.878+0800: 709917.593: [GC [PSYoungGen: 1378704K->15344K(1380864K)] 3200162K->1837090K(4177088K), 0.0373190 secs] [Times: user=0.07 sys=0.00, real=0.04 secs] 
2016-02-23T23:36:08.149+0800: 709964.864: [GC [PSYoungGen: 1379184K->14576K(1381184K)] 3200930K->1836502K(4177408K), 0.0346080 secs] [Times: user=0.06 sys=0.00, real=0.04 secs] 
2016-02-23T23:36:58.510+0800: 710015.224: [GC [PSYoungGen: 1378672K->16096K(1380224K)] 3200598K->1838327K(4176448K), 0.0368110 secs] [Times: user=0.07 sys=0.00, real=0.03 secs] 
2016-02-23T23:37:53.342+0800: 710070.057: [GC [PSYoungGen: 1380192K->14688K(1381120K)] 3202423K->1837259K(4177344K), 0.0345650 secs] [Times: user=0.07 sys=0.00, real=0.04 secs] 
2016-02-23T23:38:44.087+0800: 710120.802: [GC [PSYoungGen: 1378656K->14512K(1380928K)] 3201227K->1837268K(4177152K), 0.0339460 secs] [Times: user=0.07 sys=0.00, real=0.03 secs] 
2016-02-23T23:39:39.190+0800: 710175.905: [GC [PSYoungGen: 1378480K->14848K(1381440K)] 3201236K->1838065K(4177664K), 0.0461850 secs] [Times: user=0.09 sys=0.00, real=0.04 secs] 
2016-02-23T23:40:26.646+0800: 710223.360: [GC [PSYoungGen: 1379520K->11760K(1376448K)] 3202737K->1835169K(4172672K), 0.0310250 secs] [Times: user=0.06 sys=0.00, real=0.03 secs] 
2016-02-23T23:41:22.152+0800: 710278.866: [GC [PSYoungGen: 1376432K->14176K(1381312K)] 3199841K->1837853K(4177536K), 0.0335980 secs] [Times: user=0.06 sys=0.00, real=0.04 secs] 
2016-02-23T23:42:12.466+0800: 710329.180: [GC [PSYoungGen: 1378528K->13648K(1381120K)] 3202205K->1837577K(4177344K), 0.0334710 secs] [Times: user=0.05 sys=0.01, real=0.03 secs] 
2016-02-23T23:43:07.391+0800: 710384.106: [GC [PSYoungGen: 1378000K->15504K(1381056K)] 3201929K->1839558K(4177280K), 0.0348570 secs] [Times: user=0.06 sys=0.00, real=0.04 secs] 
2016-02-23T23:44:04.793+0800: 710441.507: [GC [PSYoungGen: 1379920K->14304K(1381248K)] 3203974K->1838634K(4177472K), 0.0365690 secs] [Times: user=0.07 sys=0.00, real=0.03 secs] 
2016-02-23T23:45:01.494+0800: 710498.208: [GC [PSYoungGen: 1378720K->15283K(1381184K)] 3203050K->1839861K(4177408K), 0.0370630 secs] [Times: user=0.06 sys=0.00, real=0.04 secs] 
2016-02-23T23:45:49.653+0800: 710546.367: [GC [PSYoungGen: 1379827K->14400K(1381312K)] 3204405K->1839563K(4177536K), 0.0331810 secs] [Times: user=0.07 sys=0.00, real=0.04 secs] 
2016-02-23T23:46:51.106+0800: 710607.820: [GC [PSYoungGen: 1378944K->14645K(1381696K)] 3204107K->1840124K(4177920K), 0.0332050 secs] [Times: user=0.06 sys=0.00, real=0.03 secs] 
2016-02-23T23:47:43.862+0800: 710660.576: [GC [PSYoungGen: 1379765K->13280K(1381504K)] 3205244K->1838907K(4177728K), 0.0366470 secs] [Times: user=0.07 sys=0.01, real=0.03 secs] 
2016-02-23T23:48:40.535+0800: 710717.250: [GC [PSYoungGen: 1378400K->16208K(1380736K)] 3204027K->1842024K(4176960K), 0.0356140 secs] [Times: user=0.07 sys=0.00, real=0.04 secs] 
2016-02-23T23:49:32.414+0800: 710769.128: [GC [PSYoungGen: 1380496K->13472K(1381184K)] 3206312K->1839544K(4177408K), 0.0322990 secs] [Times: user=0.07 sys=0.00, real=0.03 secs] 
2016-02-23T23:50:29.049+0800: 710825.763: [GC [PSYoungGen: 1377760K->14240K(1381440K)] 3203832K->1840648K(4177664K), 0.0342390 secs] [Times: user=0.06 sys=0.00, real=0.03 secs] 
2016-02-23T23:51:28.161+0800: 710884.875: [GC [PSYoungGen: 1378848K->14480K(1381248K)] 3205256K->1841112K(4177472K), 0.0331150 secs] [Times: user=0.07 sys=0.00, real=0.03 secs] 
2016-02-23T23:52:29.495+0800: 710946.210: [GC [PSYoungGen: 1379088K->15216K(1381504K)] 3205720K->1842181K(4177728K), 0.0349780 secs] [Times: user=0.06 sys=0.00, real=0.03 secs] 
2016-02-23T23:53:35.107+0800: 711011.822: [GC [PSYoungGen: 1380272K->14752K(1381568K)] 3207237K->1842217K(4177792K), 0.0335010 secs] [Times: user=0.07 sys=0.00, real=0.04 secs] 
2016-02-23T23:54:32.766+0800: 711069.480: [GC [PSYoungGen: 1379808K->13472K(1381632K)] 3207273K->1841162K(4177856K), 0.0329430 secs] [Times: user=0.06 sys=0.00, real=0.03 secs] 
2016-02-23T23:55:29.265+0800: 711125.980: [GC [PSYoungGen: 1378656K->12384K(1377600K)] 3206346K->1840271K(4173824K), 0.0320430 secs] [Times: user=0.07 sys=0.00, real=0.03 secs] 
2016-02-23T23:56:28.938+0800: 711185.652: [GC [PSYoungGen: 1377568K->14128K(1381696K)] 3205455K->1842199K(4177920K), 0.0316860 secs] [Times: user=0.06 sys=0.00, real=0.03 secs] 
2016-02-23T23:57:30.768+0800: 711247.483: [GC [PSYoungGen: 1379248K->14272K(1381504K)] 3207319K->1842608K(4177728K), 0.0369060 secs] [Times: user=0.07 sys=0.00, real=0.04 secs] 
2016-02-23T23:58:39.009+0800: 711315.724: [GC [PSYoungGen: 1379392K->14000K(1382080K)] 3207728K->1842528K(4178304K), 0.0372860 secs] [Times: user=0.07 sys=0.00, real=0.03 secs] 
2016-02-23T23:59:53.151+0800: 711389.865: [GC [PSYoungGen: 1379888K->15857K(1381760K)] 3208416K->1844546K(4177984K), 0.0396630 secs] [Times: user=0.07 sys=0.00, real=0.04 secs] 
2016-02-24T00:00:50.449+0800: 711447.163: [GC [PSYoungGen: 1381745K->13621K(1381632K)] 3210434K->1842755K(4177856K), 0.0351160 secs] [Times: user=0.06 sys=0.00, real=0.03 secs] 
2016-02-24T00:01:54.665+0800: 711511.379: [GC [PSYoungGen: 1378933K->16000K(1381376K)] 3208067K->1845713K(4177600K), 0.0363950 secs] [Times: user=0.06 sys=0.00, real=0.03 secs] 
2016-02-24T00:03:03.253+0800: 711579.967: [GC [PSYoungGen: 1381312K->14544K(1381504K)] 3211025K->1844618K(4177728K), 0.0357830 secs] [Times: user=0.06 sys=0.00, real=0.03 secs] 
2016-02-24T00:04:11.809+0800: 711648.524: [GC [PSYoungGen: 1379344K->13424K(1381376K)] 3209418K->1843758K(4177600K), 0.0319460 secs] [Times: user=0.07 sys=0.00, real=0.03 secs] 
2016-02-24T00:05:21.691+0800: 711718.406: [GC [PSYoungGen: 1378224K->12080K(1381120K)] 3208558K->1842663K(4177344K), 0.0293470 secs] [Times: user=0.06 sys=0.00, real=0.03 secs] 
2016-02-24T00:06:37.098+0800: 711793.812: [GC [PSYoungGen: 1376624K->13872K(1381312K)] 3207207K->1844616K(4177536K), 0.0357530 secs] [Times: user=0.07 sys=0.00, real=0.03 secs] 
2016-02-24T00:07:56.668+0800: 711873.382: [GC [PSYoungGen: 1378416K->15328K(1381056K)] 3209160K->1846264K(4177280K), 0.0383500 secs] [Times: user=0.07 sys=0.00, real=0.04 secs] 
2016-02-24T00:09:07.916+0800: 711944.630: [GC [PSYoungGen: 1379872K->13456K(1381312K)] 3210808K->1844477K(4177536K), 0.0319330 secs] [Times: user=0.06 sys=0.01, real=0.04 secs] 
2016-02-24T00:10:19.689+0800: 712016.404: [GC [PSYoungGen: 1378000K->13104K(1381504K)] 3209021K->1844510K(4177728K), 0.0329570 secs] [Times: user=0.06 sys=0.00, real=0.03 secs] 
2016-02-24T00:11:29.331+0800: 712086.045: [GC [PSYoungGen: 1377968K->16496K(1381376K)] 3209374K->1848127K(4177600K), 0.0380320 secs] [Times: user=0.07 sys=0.00, real=0.04 secs] 
2016-02-24T00:12:45.446+0800: 712162.161: [GC [PSYoungGen: 1381360K->14544K(1380736K)] 3212991K->1846379K(4176960K), 0.0359930 secs] [Times: user=0.06 sys=0.00, real=0.03 secs] 
2016-02-24T00:13:56.484+0800: 712233.199: [GC [PSYoungGen: 1378576K->14480K(1381056K)] 3210411K->1846628K(4177280K), 0.0371070 secs] [Times: user=0.06 sys=0.00, real=0.04 secs] 
2016-02-24T00:15:10.414+0800: 712307.128: [GC [PSYoungGen: 1378512K->16816K(1378944K)] 3210660K->1850277K(4175168K), 0.0358950 secs] [Times: user=0.07 sys=0.00, real=0.04 secs] 
2016-02-24T00:16:32.211+0800: 712388.925: [GC [PSYoungGen: 1378928K->13840K(1380096K)] 3212389K->1847661K(4176320K), 0.0329300 secs] [Times: user=0.07 sys=0.00, real=0.04 secs] 
2016-02-24T00:17:54.902+0800: 712471.616: [GC [PSYoungGen: 1375952K->12816K(1380288K)] 3209773K->1846764K(4176512K), 0.0348880 secs] [Times: user=0.08 sys=0.00, real=0.04 secs] 
2016-02-24T00:19:20.196+0800: 712556.911: [GC [PSYoungGen: 1375312K->13504K(1380288K)] 3209260K->1847665K(4176512K), 0.0328000 secs] [Times: user=0.06 sys=0.00, real=0.03 secs] 
2016-02-24T00:20:46.104+0800: 712642.819: [GC [PSYoungGen: 1376000K->13585K(1380672K)] 3210161K->1848118K(4176896K), 0.0358900 secs] [Times: user=0.07 sys=0.00, real=0.03 secs] 
2016-02-24T00:22:10.867+0800: 712727.581: [GC [PSYoungGen: 1376657K->15265K(1380480K)] 3211190K->1850135K(4176704K), 0.0361580 secs] [Times: user=0.07 sys=0.00, real=0.04 secs] 
2016-02-24T00:23:37.318+0800: 712814.033: [GC [PSYoungGen: 1378337K->12640K(1380608K)] 3213207K->1847963K(4176832K), 0.0333440 secs] [Times: user=0.07 sys=0.00, real=0.03 secs] 
2016-02-24T00:25:04.361+0800: 712901.075: [GC [PSYoungGen: 1375776K->12592K(1380608K)] 3211099K->1848027K(4176832K), 0.0358210 secs] [Times: user=0.07 sys=0.00, real=0.03 secs] 
2016-02-24T00:26:36.075+0800: 712992.789: [GC [PSYoungGen: 1375728K->13129K(1380864K)] 3211163K->1848769K(4177088K), 0.0306610 secs] [Times: user=0.06 sys=0.00, real=0.03 secs] 
2016-02-24T00:28:14.948+0800: 713091.662: [GC [PSYoungGen: 1376585K->14336K(1380672K)] 3212225K->1850325K(4176896K), 0.0384450 secs] [Times: user=0.07 sys=0.00, real=0.03 secs] 
2016-02-24T00:29:52.732+0800: 713189.447: [GC [PSYoungGen: 1377792K->13280K(1381184K)] 3213781K->1849578K(4177408K), 0.0412680 secs] [Times: user=0.09 sys=0.00, real=0.04 secs] 
2016-02-24T00:31:39.504+0800: 713296.219: [GC [PSYoungGen: 1377376K->16884K(1380992K)] 3213674K->1855136K(4177216K), 0.0378570 secs] [Times: user=0.08 sys=0.00, real=0.03 secs] 
2016-02-24T00:33:28.882+0800: 713405.596: [GC [PSYoungGen: 1380980K->14913K(1378816K)] 3219232K->1853592K(4175040K), 0.0336830 secs] [Times: user=0.06 sys=0.00, real=0.03 secs] 
2016-02-24T00:35:10.089+0800: 713506.804: [GC [PSYoungGen: 1376641K->12113K(1373888K)] 3215320K->1851009K(4170112K), 0.0278710 secs] [Times: user=0.06 sys=0.00, real=0.03 secs] 
2016-02-24T00:37:01.164+0800: 713617.878: [GC [PSYoungGen: 1373841K->13392K(1380096K)] 3212737K->1852582K(4176320K), 0.0389740 secs] [Times: user=0.07 sys=0.00, real=0.04 secs] 
2016-02-24T00:38:50.521+0800: 713727.235: [GC [PSYoungGen: 1375248K->13472K(1379840K)] 3214438K->1852935K(4176064K), 0.0397380 secs] [Times: user=0.07 sys=0.00, real=0.04 secs] 
2016-02-24T00:40:55.996+0800: 713852.710: [GC [PSYoungGen: 1375328K->12976K(1380544K)] 3214791K->1852624K(4176768K), 0.0356640 secs] [Times: user=0.07 sys=0.00, real=0.04 secs] 
2016-02-24T00:43:00.888+0800: 713977.602: [GC [PSYoungGen: 1375792K->15473K(1380352K)] 3215440K->1855365K(4176576K), 0.0357320 secs] [Times: user=0.07 sys=0.00, real=0.04 secs] 
2016-02-24T00:44:58.284+0800: 714094.999: [GC [PSYoungGen: 1378289K->12512K(1380416K)] 3218181K->1852838K(4176640K), 0.0330760 secs] [Times: user=0.06 sys=0.00, real=0.03 secs] 
2016-02-24T00:46:55.972+0800: 714212.686: [GC [PSYoungGen: 1375200K->13987K(1380352K)] 3215526K->1854440K(4176576K), 0.0366510 secs] [Times: user=0.06 sys=0.00, real=0.04 secs] 
2016-02-24T00:49:03.042+0800: 714339.757: [GC [PSYoungGen: 1376675K->13152K(1380992K)] 3217128K->1854074K(4177216K), 0.0311780 secs] [Times: user=0.06 sys=0.00, real=0.03 secs] 
2016-02-24T00:51:12.508+0800: 714469.222: [GC [PSYoungGen: 1376864K->15328K(1379072K)] 3217786K->1856575K(4175296K), 0.0397180 secs] [Times: user=0.07 sys=0.00, real=0.04 secs] 
2016-02-24T00:53:28.912+0800: 714605.627: [GC [PSYoungGen: 1379040K->13280K(1380992K)] 3220287K->1854815K(4177216K), 0.0401020 secs] [Times: user=0.09 sys=0.00, real=0.04 secs] 
2016-02-24T00:55:41.381+0800: 714738.095: [GC [PSYoungGen: 1376928K->14192K(1380736K)] 3218463K->1855995K(4176960K), 0.0379580 secs] [Times: user=0.06 sys=0.00, real=0.04 secs] 
2016-02-24T00:58:20.836+0800: 714897.551: [GC [PSYoungGen: 1377840K->14487K(1381312K)] 3219643K->1856490K(4177536K), 0.0369630 secs] [Times: user=0.08 sys=0.00, real=0.04 secs] 
2016-02-24T01:00:51.787+0800: 715048.501: [GC [PSYoungGen: 1378903K->15824K(1380288K)] 3220906K->1858388K(4176512K), 0.0347820 secs] [Times: user=0.06 sys=0.00, real=0.03 secs] 
2016-02-24T01:03:23.451+0800: 715200.165: [GC [PSYoungGen: 1380240K->13376K(1381056K)] 3222804K->1856237K(4177280K), 0.0309720 secs] [Times: user=0.07 sys=0.00, real=0.03 secs] 
2016-02-24T01:06:21.262+0800: 715377.977: [GC [PSYoungGen: 1377216K->15200K(1380864K)] 3220077K->1858429K(4177088K), 0.0391750 secs] [Times: user=0.07 sys=0.00, real=0.04 secs] 
2016-02-24T01:09:02.341+0800: 715539.056: [GC [PSYoungGen: 1379040K->14000K(1381184K)] 3222269K->1857446K(4177408K), 0.0347350 secs] [Times: user=0.06 sys=0.00, real=0.04 secs] 
2016-02-24T01:12:03.561+0800: 715720.275: [GC [PSYoungGen: 1378032K->12976K(1380928K)] 3221478K->1856643K(4177152K), 0.0341520 secs] [Times: user=0.06 sys=0.00, real=0.04 secs] 
2016-02-24T01:15:19.292+0800: 715916.006: [GC [PSYoungGen: 1377008K->12977K(1381312K)] 3220675K->1856841K(4177536K), 0.0321420 secs] [Times: user=0.06 sys=0.00, real=0.04 secs] 
2016-02-24T01:18:55.345+0800: 716132.060: [GC [PSYoungGen: 1377457K->13568K(1381248K)] 3221321K->1857685K(4177472K), 0.0359940 secs] [Times: user=0.06 sys=0.00, real=0.04 secs] 
2016-02-24T01:21:46.369+0800: 716303.084: [GC [PSYoungGen: 1378048K->12929K(1381632K)] 3222165K->1857226K(4177856K), 0.0332070 secs] [Times: user=0.06 sys=0.00, real=0.03 secs] 
2016-02-24T01:25:10.997+0800: 716507.711: [GC [PSYoungGen: 1377985K->14128K(1381504K)] 3222282K->1858622K(4177728K), 0.0339870 secs] [Times: user=0.06 sys=0.00, real=0.03 secs] 
2016-02-24T01:29:05.492+0800: 716742.206: [GC [PSYoungGen: 1379184K->13712K(1382016K)] 3223678K->1858460K(4178240K), 0.0309050 secs] [Times: user=0.06 sys=0.00, real=0.03 secs] 
2016-02-24T01:32:54.142+0800: 716970.857: [GC [PSYoungGen: 1379408K->15680K(1381440K)] 3224156K->1860769K(4177664K), 0.0360730 secs] [Times: user=0.06 sys=0.00, real=0.04 secs] 
2016-02-24T01:36:30.613+0800: 717187.328: [GC [PSYoungGen: 1381376K->13504K(1381696K)] 3226465K->1858790K(4177920K), 0.0358000 secs] [Times: user=0.06 sys=0.00, real=0.03 secs] 
2016-02-24T01:40:08.686+0800: 717405.400: [GC [PSYoungGen: 1378624K->12080K(1381504K)] 3223910K->1857570K(4177728K), 0.0315310 secs] [Times: user=0.06 sys=0.00, real=0.04 secs] 
2016-02-24T01:44:39.360+0800: 717676.075: [GC [PSYoungGen: 1377200K->14896K(1381248K)] 3222690K->1860734K(4177472K), 0.0375790 secs] [Times: user=0.07 sys=0.00, real=0.03 secs] 
2016-02-24T01:48:37.954+0800: 717914.668: [GC [PSYoungGen: 1379696K->12256K(1381440K)] 3225534K->1858230K(4177664K), 0.0292720 secs] [Times: user=0.06 sys=0.00, real=0.03 secs] 
2016-02-24T01:54:10.189+0800: 718246.904: [GC [PSYoungGen: 1377056K->15264K(1380928K)] 3223030K->1861318K(4177152K), 0.0374480 secs] [Times: user=0.06 sys=0.01, real=0.04 secs] 
2016-02-24T01:59:25.057+0800: 718561.771: [GC [PSYoungGen: 1379552K->13856K(1381184K)] 3225606K->1860047K(4177408K), 0.0343780 secs] [Times: user=0.06 sys=0.00, real=0.03 secs] 
2016-02-24T02:04:02.802+0800: 718839.516: [GC [PSYoungGen: 1378144K->16624K(1379648K)] 3224335K->1863251K(4175872K), 0.0452240 secs] [Times: user=0.08 sys=0.00, real=0.04 secs] 
2016-02-24T02:06:13.187+0800: 718969.901: [GC [PSYoungGen: 1379632K->7632K(1370688K)] 3226259K->1856385K(4166912K), 0.0227300 secs] [Times: user=0.06 sys=0.00, real=0.03 secs] 
2016-02-24T02:08:03.686+0800: 719080.400: [GC [PSYoungGen: 1370640K->6752K(1378368K)] 3219393K->1855809K(4174592K), 0.0209710 secs] [Times: user=0.05 sys=0.01, real=0.02 secs] 
2016-02-24T02:10:43.947+0800: 719240.662: [GC [PSYoungGen: 1366816K->8736K(1368832K)] 3215873K->1857925K(4165056K), 0.0323530 secs] [Times: user=0.07 sys=0.00, real=0.03 secs] 
2016-02-24T02:14:13.758+0800: 719450.473: [GC [PSYoungGen: 1368800K->9632K(1379200K)] 3217989K->1858963K(4175424K), 0.0269210 secs] [Times: user=0.06 sys=0.00, real=0.03 secs] 
2016-02-24T02:19:13.475+0800: 719750.189: [GC [PSYoungGen: 1369760K->13487K(1379008K)] 3219091K->1863529K(4175232K), 0.0327830 secs] [Times: user=0.06 sys=0.00, real=0.03 secs] 
2016-02-24T02:24:48.853+0800: 720085.568: [GC [PSYoungGen: 1373615K->13684K(1379456K)] 3223657K->1863965K(4175680K), 0.0337030 secs] [Times: user=0.06 sys=0.00, real=0.03 secs] 
2016-02-24T02:30:37.498+0800: 720434.212: [GC [PSYoungGen: 1374388K->12112K(1379328K)] 3224669K->1862529K(4175552K), 0.0314180 secs] [Times: user=0.06 sys=0.00, real=0.03 secs] 
2016-02-24T02:36:47.296+0800: 720804.010: [GC [PSYoungGen: 1372816K->11488K(1380416K)] 3223233K->1862170K(4176640K), 0.0433880 secs] [Times: user=0.09 sys=0.00, real=0.04 secs] 
2016-02-24T02:44:10.566+0800: 721247.280: [GC [PSYoungGen: 1373856K->14456K(1380032K)] 3224538K->1865379K(4176256K), 0.0352880 secs] [Times: user=0.06 sys=0.01, real=0.04 secs] 
2016-02-24T02:50:11.712+0800: 721608.427: [GC [PSYoungGen: 1376824K->12886K(1380608K)] 3227747K->1864002K(4176832K), 0.0347860 secs] [Times: user=0.07 sys=0.00, real=0.04 secs] 
2016-02-24T02:55:17.389+0800: 721914.103: [GC [PSYoungGen: 1375574K->10112K(1380160K)] 3226690K->1861625K(4176384K), 0.0260020 secs] [Times: user=0.05 sys=0.00, real=0.02 secs] 
2016-02-24T03:02:59.621+0800: 722376.335: [GC [PSYoungGen: 1372800K->11600K(1381056K)] 3224313K->1863242K(4177280K), 0.0321320 secs] [Times: user=0.05 sys=0.00, real=0.03 secs] 
2016-02-24T03:07:55.646+0800: 722672.361: [GC [PSYoungGen: 1375248K->17011K(1380672K)] 3226890K->1886269K(4176896K), 0.0461610 secs] [Times: user=0.09 sys=0.00, real=0.05 secs] 
2016-02-24T03:15:26.866+0800: 723123.580: [GC [PSYoungGen: 1380659K->14240K(1367744K)] 3249917K->1885112K(4163968K), 0.0391310 secs] [Times: user=0.07 sys=0.01, real=0.04 secs] 
2016-02-24T03:24:03.759+0800: 723640.474: [GC [PSYoungGen: 1364576K->13136K(1374208K)] 3235448K->1884224K(4170432K), 0.0325690 secs] [Times: user=0.07 sys=0.00, real=0.03 secs] 
2016-02-24T03:33:20.474+0800: 724197.189: [GC [PSYoungGen: 1363472K->11424K(1375296K)] 3234560K->1882753K(4171520K), 0.0323800 secs] [Times: user=0.06 sys=0.00, real=0.03 secs] 
2016-02-24T03:42:56.698+0800: 724773.413: [GC [PSYoungGen: 1363552K->13078K(1374912K)] 3234881K->1884495K(4171136K), 0.0301690 secs] [Times: user=0.06 sys=0.00, real=0.03 secs] 
2016-02-24T03:54:03.297+0800: 725440.012: [GC [PSYoungGen: 1365206K->13136K(1376704K)] 3236623K->1884811K(4172928K), 0.0339870 secs] [Times: user=0.06 sys=0.00, real=0.03 secs] 
2016-02-24T04:05:12.681+0800: 726109.395: [GC [PSYoungGen: 1367760K->12416K(1376000K)] 3239435K->1884203K(4172224K), 0.0365350 secs] [Times: user=0.06 sys=0.00, real=0.04 secs] 
2016-02-24T04:15:24.028+0800: 726720.742: [GC [PSYoungGen: 1367040K->12064K(1377664K)] 3238827K->1883943K(4173888K), 0.0311950 secs] [Times: user=0.06 sys=0.00, real=0.03 secs] 
2016-02-24T04:25:31.210+0800: 727327.925: [GC [PSYoungGen: 1368864K->10805K(1377216K)] 3240743K->1882772K(4173440K), 0.0262670 secs] [Times: user=0.06 sys=0.00, real=0.03 secs] 
2016-02-24T04:35:43.533+0800: 727940.248: [GC [PSYoungGen: 1367605K->12032K(1378304K)] 3239572K->1884167K(4174528K), 0.0366680 secs] [Times: user=0.07 sys=0.00, real=0.04 secs] 
2016-02-24T04:45:34.952+0800: 728531.667: [GC [PSYoungGen: 1370112K->12416K(1377856K)] 3242247K->1884645K(4174080K), 0.0304970 secs] [Times: user=0.06 sys=0.00, real=0.03 secs] 
2016-02-24T04:55:59.333+0800: 729156.048: [GC [PSYoungGen: 1370496K->11248K(1379136K)] 3242725K->1883686K(4175360K), 0.0294590 secs] [Times: user=0.06 sys=0.00, real=0.02 secs] 
2016-02-24T05:05:39.010+0800: 729735.725: [GC [PSYoungGen: 1371184K->11472K(1378880K)] 3243622K->1884078K(4175104K), 0.0300160 secs] [Times: user=0.06 sys=0.00, real=0.03 secs] 
2016-02-24T05:15:40.414+0800: 730337.128: [GC [PSYoungGen: 1371408K->12944K(1380032K)] 3244014K->1885694K(4176256K), 0.0334600 secs] [Times: user=0.07 sys=0.00, real=0.03 secs] 
2016-02-24T05:25:13.400+0800: 730910.114: [GC [PSYoungGen: 1374416K->12048K(1379520K)] 3247166K->1885031K(4175744K), 0.0357610 secs] [Times: user=0.07 sys=0.01, real=0.04 secs] 
2016-02-24T05:34:58.174+0800: 731494.888: [GC [PSYoungGen: 1373520K->12304K(1380864K)] 3246503K->1885455K(4177088K), 0.0287560 secs] [Times: user=0.06 sys=0.00, real=0.03 secs] 
2016-02-24T05:44:33.009+0800: 732069.723: [GC [PSYoungGen: 1375504K->12224K(1380416K)] 3248655K->1885495K(4176640K), 0.0373980 secs] [Times: user=0.06 sys=0.00, real=0.04 secs] 
2016-02-24T05:51:37.695+0800: 732494.409: [GC [PSYoungGen: 1375424K->10176K(1381248K)] 3248695K->1883655K(4177472K), 0.0278280 secs] [Times: user=0.06 sys=0.00, real=0.03 secs] 
2016-02-24T05:59:37.981+0800: 732974.696: [GC [PSYoungGen: 1374592K->12096K(1381248K)] 3248071K->1885743K(4177472K), 0.0287210 secs] [Times: user=0.05 sys=0.00, real=0.03 secs] 
2016-02-24T06:05:51.118+0800: 733347.832: [GC [PSYoungGen: 1376512K->9760K(1381632K)] 3250159K->1883519K(4177856K), 0.0315630 secs] [Times: user=0.07 sys=0.00, real=0.03 secs] 
2016-02-24T06:13:10.405+0800: 733787.120: [GC [PSYoungGen: 1374944K->11280K(1381632K)] 3248703K->1885156K(4177856K), 0.0308060 secs] [Times: user=0.05 sys=0.00, real=0.03 secs] 
2016-02-24T06:19:40.622+0800: 734177.336: [GC [PSYoungGen: 1376464K->12208K(1382208K)] 3250340K->1886324K(4178432K), 0.0329470 secs] [Times: user=0.07 sys=0.00, real=0.03 secs] 
2016-02-24T06:25:21.124+0800: 734517.838: [GC [PSYoungGen: 1378224K->13200K(1381888K)] 3252340K->1887496K(4178112K), 0.0317460 secs] [Times: user=0.05 sys=0.01, real=0.03 secs] 
2016-02-24T06:31:29.826+0800: 734886.541: [GC [PSYoungGen: 1379216K->12320K(1382464K)] 3253512K->1886801K(4178688K), 0.0299470 secs] [Times: user=0.06 sys=0.00, real=0.03 secs] 
2016-02-24T06:36:53.731+0800: 735210.446: [GC [PSYoungGen: 1378912K->11488K(1382208K)] 3253393K->1886193K(4178432K), 0.0281320 secs] [Times: user=0.06 sys=0.00, real=0.03 secs] 
2016-02-24T06:42:50.550+0800: 735567.265: [GC [PSYoungGen: 1378080K->15328K(1380672K)] 3252785K->1890473K(4176896K), 0.0355060 secs] [Times: user=0.07 sys=0.00, real=0.04 secs] 
2016-02-24T06:48:11.529+0800: 735888.243: [GC [PSYoungGen: 1380640K->10784K(1381696K)] 3255785K->1886206K(4177920K), 0.0313050 secs] [Times: user=0.06 sys=0.00, real=0.04 secs] 
2016-02-24T06:52:51.768+0800: 736168.482: [GC [PSYoungGen: 1376096K->12880K(1381952K)] 3251518K->1888405K(4178176K), 0.0296090 secs] [Times: user=0.06 sys=0.00, real=0.03 secs] 
2016-02-24T06:57:16.106+0800: 736432.820: [GC [PSYoungGen: 1378512K->13120K(1381760K)] 3254037K->1888906K(4177984K), 0.0300220 secs] [Times: user=0.07 sys=0.00, real=0.04 secs] 
2016-02-24T07:01:27.772+0800: 736684.487: [GC [PSYoungGen: 1378752K->13904K(1381696K)] 3254538K->1889794K(4177920K), 0.0381050 secs] [Times: user=0.07 sys=0.00, real=0.03 secs] 
2016-02-24T07:05:13.749+0800: 736910.463: [GC [PSYoungGen: 1379600K->12352K(1381888K)] 3255490K->1888383K(4178112K), 0.0357020 secs] [Times: user=0.07 sys=0.00, real=0.03 secs] 
2016-02-24T07:09:10.430+0800: 737147.144: [GC [PSYoungGen: 1378048K->14224K(1381568K)] 3254079K->1890508K(4177792K), 0.0370360 secs] [Times: user=0.06 sys=0.00, real=0.04 secs] 
2016-02-24T07:11:50.508+0800: 737307.222: [GC [PSYoungGen: 1379920K->10912K(1381888K)] 3256204K->1887344K(4178112K), 0.0285510 secs] [Times: user=0.06 sys=0.00, real=0.03 secs] 
2016-02-24T07:15:04.073+0800: 737500.788: [GC [PSYoungGen: 1376608K->14784K(1380928K)] 3253040K->1891392K(4177152K), 0.0368110 secs] [Times: user=0.07 sys=0.00, real=0.03 secs] 
2016-02-24T07:18:15.535+0800: 737692.249: [GC [PSYoungGen: 1379584K->13440K(1381440K)] 3256192K->1890317K(4177664K), 0.0371380 secs] [Times: user=0.07 sys=0.00, real=0.04 secs] 
2016-02-24T07:21:07.831+0800: 737864.546: [GC [PSYoungGen: 1378240K->11312K(1381696K)] 3255117K->1888305K(4177920K), 0.0277670 secs] [Times: user=0.06 sys=0.00, real=0.02 secs] 
2016-02-24T07:24:18.833+0800: 738055.547: [GC [PSYoungGen: 1376496K->13856K(1381568K)] 3253489K->1891017K(4177792K), 0.0328470 secs] [Times: user=0.06 sys=0.00, real=0.03 secs] 
2016-02-24T07:27:12.322+0800: 738229.036: [GC [PSYoungGen: 1379040K->14064K(1381376K)] 3256201K->1891490K(4177600K), 0.0346940 secs] [Times: user=0.06 sys=0.00, real=0.04 secs] 
2016-02-24T07:30:12.927+0800: 738409.641: [GC [PSYoungGen: 1378992K->15120K(1380096K)] 3256418K->1892794K(4176320K), 0.0345220 secs] [Times: user=0.06 sys=0.00, real=0.03 secs] 
2016-02-24T07:33:05.638+0800: 738582.352: [GC [PSYoungGen: 1380048K->14992K(1380544K)] 3257722K->1892847K(4176768K), 0.0424940 secs] [Times: user=0.09 sys=0.00, real=0.04 secs] 
2016-02-24T07:35:48.779+0800: 738745.494: [GC [PSYoungGen: 1378512K->12160K(1380800K)] 3256367K->1890171K(4177024K), 0.0289430 secs] [Times: user=0.06 sys=0.00, real=0.03 secs] 
2016-02-24T07:38:32.171+0800: 738908.885: [GC [PSYoungGen: 1375680K->13856K(1381120K)] 3253691K->1892090K(4177344K), 0.0315650 secs] [Times: user=0.07 sys=0.00, real=0.03 secs] 
2016-02-24T07:41:15.805+0800: 739072.519: [GC [PSYoungGen: 1377888K->14048K(1380992K)] 3256122K->1892691K(4177216K), 0.0349080 secs] [Times: user=0.07 sys=0.00, real=0.03 secs] 
2016-02-24T07:43:48.947+0800: 739225.661: [GC [PSYoungGen: 1378080K->14592K(1380928K)] 3256723K->1893399K(4177152K), 0.0329030 secs] [Times: user=0.07 sys=0.00, real=0.03 secs] 
2016-02-24T07:46:03.079+0800: 739359.793: [GC [PSYoungGen: 1378624K->13664K(1381056K)] 3257431K->1892571K(4177280K), 0.0316250 secs] [Times: user=0.06 sys=0.00, real=0.03 secs] 
2016-02-24T07:48:15.129+0800: 739491.843: [GC [PSYoungGen: 1377696K->14192K(1381440K)] 3256603K->1893332K(4177664K), 0.0375350 secs] [Times: user=0.06 sys=0.01, real=0.03 secs] 
2016-02-24T07:50:28.776+0800: 739625.490: [GC [PSYoungGen: 1378928K->14000K(1381376K)] 3258068K->1893288K(4177600K), 0.0320150 secs] [Times: user=0.06 sys=0.01, real=0.04 secs] 
2016-02-24T07:53:18.601+0800: 739795.316: [GC [PSYoungGen: 1378736K->15296K(1380928K)] 3258024K->1895033K(4177152K), 0.0347580 secs] [Times: user=0.07 sys=0.00, real=0.04 secs] 
2016-02-24T07:55:46.069+0800: 739942.783: [GC [PSYoungGen: 1379712K->14064K(1381248K)] 3259449K->1893909K(4177472K), 0.0350970 secs] [Times: user=0.08 sys=0.00, real=0.03 secs] 
2016-02-24T07:58:04.901+0800: 740081.616: [GC [PSYoungGen: 1378480K->13280K(1381632K)] 3258325K->1893296K(4177856K), 0.0315170 secs] [Times: user=0.06 sys=0.00, real=0.03 secs] 
2016-02-24T08:00:27.202+0800: 740223.916: [GC [PSYoungGen: 1378272K->13248K(1381440K)] 3258288K->1893517K(4177664K), 0.0354680 secs] [Times: user=0.07 sys=0.00, real=0.03 secs] 
2016-02-24T08:02:43.669+0800: 740360.384: [GC [PSYoungGen: 1378240K->14000K(1381952K)] 3258509K->1894369K(4178176K), 0.0335950 secs] [Times: user=0.06 sys=0.00, real=0.03 secs] 
2016-02-24T08:04:57.673+0800: 740494.388: [GC [PSYoungGen: 1379696K->14849K(1380608K)] 3260065K->1895382K(4176832K), 0.0371910 secs] [Times: user=0.06 sys=0.00, real=0.04 secs] 
2016-02-24T08:07:09.765+0800: 740626.479: [GC [PSYoungGen: 1380545K->14512K(1381760K)] 3261078K->1895262K(4177984K), 0.0348740 secs] [Times: user=0.07 sys=0.00, real=0.03 secs] 
2016-02-24T08:09:40.757+0800: 740777.472: [GC [PSYoungGen: 1379952K->16288K(1381760K)] 3260702K->1897836K(4177984K), 0.0372380 secs] [Times: user=0.07 sys=0.00, real=0.03 secs] 
2016-02-24T08:11:53.365+0800: 740910.080: [GC [PSYoungGen: 1381728K->14752K(1380096K)] 3263276K->1896581K(4176320K), 0.0361580 secs] [Times: user=0.07 sys=0.00, real=0.04 secs] 
2016-02-24T08:14:17.836+0800: 741054.550: [GC [PSYoungGen: 1378528K->16128K(1379968K)] 3260357K->1898370K(4176192K), 0.0435430 secs] [Times: user=0.06 sys=0.00, real=0.04 secs] 
2016-02-24T08:16:24.454+0800: 741181.168: [GC [PSYoungGen: 1379904K->16352K(1379776K)] 3262146K->1898862K(4176000K), 0.0426430 secs] [Times: user=0.08 sys=0.00, real=0.04 secs] 
2016-02-24T08:18:41.898+0800: 741318.612: [GC [PSYoungGen: 1378592K->16384K(1378624K)] 3261102K->1899054K(4174848K), 0.0373110 secs] [Times: user=0.07 sys=0.00, real=0.04 secs] 
2016-02-24T08:20:37.423+0800: 741434.137: [GC [PSYoungGen: 1378624K->15392K(1379968K)] 3261294K->1898182K(4176192K), 0.0394350 secs] [Times: user=0.07 sys=0.00, real=0.04 secs] 
2016-02-24T08:22:29.201+0800: 741545.915: [GC [PSYoungGen: 1377120K->14928K(1379840K)] 3259910K->1897887K(4176064K), 0.0466940 secs] [Times: user=0.08 sys=0.00, real=0.05 secs] 
2016-02-24T08:24:24.367+0800: 741661.081: [GC [PSYoungGen: 1376656K->16464K(1379648K)] 3259615K->1899660K(4175872K), 0.0363310 secs] [Times: user=0.07 sys=0.00, real=0.04 secs] 
2016-02-24T08:26:05.345+0800: 741762.059: [GC [PSYoungGen: 1378320K->14496K(1379968K)] 3261516K->1897952K(4176192K), 0.0353200 secs] [Times: user=0.07 sys=0.00, real=0.03 secs] 
2016-02-24T08:27:47.675+0800: 741864.389: [GC [PSYoungGen: 1376352K->14416K(1380352K)] 3259808K->1898020K(4176576K), 0.0321420 secs] [Times: user=0.06 sys=0.00, real=0.03 secs] 
2016-02-24T08:29:35.896+0800: 741972.611: [GC [PSYoungGen: 1376848K->16208K(1380160K)] 3260452K->1900101K(4176384K), 0.0350200 secs] [Times: user=0.06 sys=0.00, real=0.03 secs] 
2016-02-24T08:31:16.069+0800: 742072.783: [GC [PSYoungGen: 1378640K->14768K(1380416K)] 3262533K->1898910K(4176640K), 0.0333920 secs] [Times: user=0.06 sys=0.00, real=0.03 secs] 
2016-02-24T08:33:05.791+0800: 742182.505: [GC [PSYoungGen: 1377264K->15210K(1380160K)] 3261406K->1899544K(4176384K), 0.0339910 secs] [Times: user=0.07 sys=0.00, real=0.03 secs] 
2016-02-24T08:34:39.571+0800: 742276.285: [GC [PSYoungGen: 1377706K->14736K(1380800K)] 3262040K->1899382K(4177024K), 0.0331550 secs] [Times: user=0.07 sys=0.00, real=0.04 secs] 
2016-02-24T08:36:08.660+0800: 742365.375: [GC [PSYoungGen: 1378064K->14432K(1380608K)] 3262710K->1899178K(4176832K), 0.0343320 secs] [Times: user=0.06 sys=0.00, real=0.03 secs] 
2016-02-24T08:37:54.661+0800: 742471.376: [GC [PSYoungGen: 1377760K->15808K(1380672K)] 3262506K->1900767K(4176896K), 0.0404900 secs] [Times: user=0.07 sys=0.00, real=0.04 secs] 
2016-02-24T08:39:41.475+0800: 742578.189: [GC [PSYoungGen: 1379328K->17249K(1380800K)] 3264287K->1902993K(4177024K), 0.0415310 secs] [Times: user=0.07 sys=0.00, real=0.04 secs] 
2016-02-24T08:41:20.097+0800: 742676.811: [GC [PSYoungGen: 1380769K->13888K(1379136K)] 3266513K->1900101K(4175360K), 0.0430160 secs] [Times: user=0.08 sys=0.00, real=0.04 secs] 
2016-02-24T08:42:55.808+0800: 742772.522: [GC [PSYoungGen: 1375744K->14080K(1379968K)] 3261957K->1900542K(4176192K), 0.0370620 secs] [Times: user=0.07 sys=0.00, real=0.04 secs] 
2016-02-24T08:44:34.764+0800: 742871.478: [GC [PSYoungGen: 1375936K->17312K(1379008K)] 3262398K->1904087K(4175232K), 0.0464190 secs] [Times: user=0.09 sys=0.00, real=0.05 secs] 
2016-02-24T08:46:06.638+0800: 742963.353: [GC [PSYoungGen: 1378272K->15344K(1379520K)] 3265047K->1902328K(4175744K), 0.0356080 secs] [Times: user=0.07 sys=0.00, real=0.04 secs] 
2016-02-24T08:47:44.979+0800: 743061.693: [GC [PSYoungGen: 1376304K->18208K(1377664K)] 3263288K->1905980K(4173888K), 0.0427910 secs] [Times: user=0.08 sys=0.00, real=0.04 secs] 
2016-02-24T08:49:22.549+0800: 743159.264: [GC [PSYoungGen: 1377632K->16832K(1376320K)] 3265404K->1904836K(4172544K), 0.0430040 secs] [Times: user=0.07 sys=0.00, real=0.04 secs] 
2016-02-24T08:50:56.937+0800: 743253.652: [GC [PSYoungGen: 1376256K->15632K(1379008K)] 3264260K->1903837K(4175232K), 0.0360140 secs] [Times: user=0.07 sys=0.00, real=0.04 secs] 
2016-02-24T08:52:12.583+0800: 743329.298: [GC [PSYoungGen: 1375248K->13744K(1378688K)] 3263453K->1902210K(4174912K), 0.0334510 secs] [Times: user=0.07 sys=0.00, real=0.04 secs] 
2016-02-24T08:53:29.595+0800: 743406.310: [GC [PSYoungGen: 1373360K->15184K(1379264K)] 3261826K->1904022K(4175488K), 0.0381900 secs] [Times: user=0.07 sys=0.00, real=0.04 secs] 
2016-02-24T08:54:54.216+0800: 743490.930: [GC [PSYoungGen: 1375376K->14544K(1379008K)] 3264214K->1903666K(4175232K), 0.0415280 secs] [Times: user=0.07 sys=0.00, real=0.04 secs] 
2016-02-24T08:56:16.585+0800: 743573.300: [GC [PSYoungGen: 1374736K->15184K(1379712K)] 3263858K->1904498K(4175936K), 0.0365320 secs] [Times: user=0.07 sys=0.00, real=0.04 secs] 
2016-02-24T08:57:42.557+0800: 743659.272: [GC [PSYoungGen: 1376272K->15696K(1379456K)] 3265586K->1905228K(4175680K), 0.0416300 secs] [Times: user=0.08 sys=0.00, real=0.04 secs] 
2016-02-24T08:59:04.615+0800: 743741.329: [GC [PSYoungGen: 1376784K->15008K(1380096K)] 3266316K->1904968K(4176320K), 0.0365540 secs] [Times: user=0.08 sys=0.00, real=0.03 secs] 
2016-02-24T09:00:28.942+0800: 743825.657: [GC [PSYoungGen: 1376928K->14288K(1379904K)] 3266888K->1904481K(4176128K), 0.0347300 secs] [Times: user=0.06 sys=0.00, real=0.04 secs] 
2016-02-24T09:01:57.044+0800: 743913.759: [GC [PSYoungGen: 1376208K->16512K(1379776K)] 3266401K->1906902K(4176000K), 0.0428160 secs] [Times: user=0.08 sys=0.00, real=0.04 secs] 
2016-02-24T09:03:19.895+0800: 743996.609: [GC [PSYoungGen: 1378368K->17040K(1378944K)] 3268758K->1907679K(4175168K), 0.0377480 secs] [Times: user=0.07 sys=0.00, real=0.04 secs] 
2016-02-24T09:04:43.157+0800: 744079.872: [GC [PSYoungGen: 1378896K->15344K(1379904K)] 3269535K->1906063K(4176128K), 0.0381070 secs] [Times: user=0.06 sys=0.00, real=0.04 secs] 
2016-02-24T09:05:56.477+0800: 744153.191: [GC [PSYoungGen: 1376816K->16048K(1379648K)] 3267535K->1907028K(4175872K), 0.0370300 secs] [Times: user=0.06 sys=0.00, real=0.03 secs] 
2016-02-24T09:07:22.821+0800: 744239.536: [GC [PSYoungGen: 1377520K->18096K(1377536K)] 3268500K->1910419K(4173760K), 0.0448660 secs] [Times: user=0.07 sys=0.00, real=0.04 secs] 
2016-02-24T09:08:43.765+0800: 744320.479: [GC [PSYoungGen: 1377520K->17280K(1376768K)] 3269843K->1909892K(4172992K), 0.0383780 secs] [Times: user=0.06 sys=0.00, real=0.03 secs] 
2016-02-24T09:10:02.990+0800: 744399.704: [GC [PSYoungGen: 1376704K->16224K(1378944K)] 3269316K->1908948K(4175168K), 0.0394990 secs] [Times: user=0.07 sys=0.00, real=0.04 secs] 
2016-02-24T09:11:21.121+0800: 744477.835: [GC [PSYoungGen: 1375712K->16240K(1378624K)] 3268436K->1909327K(4174848K), 0.0347670 secs] [Times: user=0.06 sys=0.00, real=0.03 secs] 
2016-02-24T09:12:35.607+0800: 744552.321: [GC [PSYoungGen: 1375728K->14592K(1379200K)] 3268815K->1907839K(4175424K), 0.0338130 secs] [Times: user=0.06 sys=0.00, real=0.04 secs] 
2016-02-24T09:13:58.967+0800: 744635.682: [GC [PSYoungGen: 1374912K->17744K(1378112K)] 3268159K->1911152K(4174336K), 0.0455630 secs] [Times: user=0.09 sys=0.00, real=0.04 secs] 
2016-02-24T09:15:17.965+0800: 744714.680: [GC [PSYoungGen: 1378064K->17280K(1378560K)] 3271472K->1910836K(4174784K), 0.0395440 secs] [Times: user=0.07 sys=0.00, real=0.04 secs] 
2016-02-24T09:16:29.359+0800: 744786.073: [GC [PSYoungGen: 1376576K->15552K(1378688K)] 3270132K->1909252K(4174912K), 0.0422900 secs] [Times: user=0.08 sys=0.00, real=0.04 secs] 
2016-02-24T09:17:53.376+0800: 744870.090: [GC [PSYoungGen: 1374848K->16783K(1379008K)] 3268548K->1910828K(4175232K), 0.0399210 secs] [Times: user=0.07 sys=0.01, real=0.04 secs] 
2016-02-24T09:19:13.627+0800: 744950.341: [GC [PSYoungGen: 1376591K->16528K(1378880K)] 3270636K->1911370K(4175104K), 0.0408620 secs] [Times: user=0.07 sys=0.00, real=0.04 secs] 
2016-02-24T09:20:26.699+0800: 745023.414: [GC [PSYoungGen: 1376336K->15792K(1379328K)] 3271178K->1911070K(4175552K), 0.0365140 secs] [Times: user=0.07 sys=0.00, real=0.04 secs] 
2016-02-24T09:21:48.463+0800: 745105.177: [GC [PSYoungGen: 1376176K->17200K(1379136K)] 3271454K->1912746K(4175360K), 0.0380310 secs] [Times: user=0.08 sys=0.00, real=0.04 secs] 
2016-02-24T09:23:11.987+0800: 745188.702: [GC [PSYoungGen: 1377584K->17840K(1378688K)] 3273130K->1913534K(4174912K), 0.0389240 secs] [Times: user=0.07 sys=0.00, real=0.04 secs] 
2016-02-24T09:24:36.007+0800: 745272.721: [GC [PSYoungGen: 1377648K->17488K(1377344K)] 3273342K->1913403K(4173568K), 0.0379030 secs] [Times: user=0.07 sys=0.00, real=0.04 secs] 
2016-02-24T09:25:55.392+0800: 745352.107: [GC [PSYoungGen: 1377296K->15664K(1378944K)] 3273211K->1911841K(4175168K), 0.0398650 secs] [Times: user=0.07 sys=0.00, real=0.04 secs] 
2016-02-24T09:27:20.837+0800: 745437.551: [GC [PSYoungGen: 1375344K->16513K(1378816K)] 3271521K->1912986K(4175040K), 0.0361940 secs] [Times: user=0.07 sys=0.00, real=0.03 secs] 
2016-02-24T09:28:33.546+0800: 745510.260: [GC [PSYoungGen: 1376193K->16240K(1379392K)] 3272666K->1913155K(4175616K), 0.0367010 secs] [Times: user=0.06 sys=0.00, real=0.04 secs] 
2016-02-24T09:29:52.601+0800: 745589.315: [GC [PSYoungGen: 1376752K->15792K(1379200K)] 3273667K->1913107K(4175424K), 0.0384930 secs] [Times: user=0.07 sys=0.00, real=0.04 secs] 
2016-02-24T09:31:02.950+0800: 745659.664: [GC [PSYoungGen: 1376304K->14528K(1379328K)] 3273619K->1912012K(4175552K), 0.0361590 secs] [Times: user=0.07 sys=0.00, real=0.04 secs] 
2016-02-24T09:32:09.379+0800: 745726.093: [GC [PSYoungGen: 1375232K->16496K(1379392K)] 3272716K->1914237K(4175616K), 0.0361020 secs] [Times: user=0.07 sys=0.00, real=0.03 secs] 
2016-02-24T09:33:20.482+0800: 745797.197: [GC [PSYoungGen: 1377200K->16368K(1379712K)] 3274941K->1914309K(4175936K), 0.0387400 secs] [Times: user=0.08 sys=0.00, real=0.04 secs] 
2016-02-24T09:34:24.795+0800: 745861.510: [GC [PSYoungGen: 1377520K->16400K(1379520K)] 3275461K->1914562K(4175744K), 0.0369470 secs] [Times: user=0.06 sys=0.00, real=0.04 secs] 
2016-02-24T09:35:31.346+0800: 745928.061: [GC [PSYoungGen: 1377552K->15984K(1379968K)] 3275714K->1914386K(4176192K), 0.0344110 secs] [Times: user=0.07 sys=0.00, real=0.03 secs] 
2016-02-24T09:36:37.610+0800: 745994.324: [GC [PSYoungGen: 1377712K->16176K(1379840K)] 3276114K->1915059K(4176064K), 0.0482750 secs] [Times: user=0.09 sys=0.00, real=0.05 secs] 
2016-02-24T09:37:46.912+0800: 746063.626: [GC [PSYoungGen: 1377904K->17424K(1379648K)] 3276787K->1916575K(4175872K), 0.0385570 secs] [Times: user=0.07 sys=0.00, real=0.04 secs] 
2016-02-24T09:38:50.035+0800: 746126.750: [GC [PSYoungGen: 1379152K->15072K(1376832K)] 3278303K->1914539K(4173056K), 0.0362600 secs] [Times: user=0.06 sys=0.01, real=0.04 secs] 
2016-02-24T09:39:55.130+0800: 746191.844: [GC [PSYoungGen: 1376800K->15104K(1379840K)] 3276267K->1914819K(4176064K), 0.0366710 secs] [Times: user=0.06 sys=0.00, real=0.03 secs] 
2016-02-24T09:40:56.845+0800: 746253.559: [GC [PSYoungGen: 1376704K->14064K(1375680K)] 3276419K->1913911K(4171904K), 0.0311780 secs] [Times: user=0.06 sys=0.00, real=0.03 secs] 
2016-02-24T09:42:01.779+0800: 746318.493: [GC [PSYoungGen: 1375664K->15056K(1379840K)] 3275511K->1915228K(4176064K), 0.0350000 secs] [Times: user=0.06 sys=0.00, real=0.04 secs] 
2016-02-24T09:43:11.441+0800: 746388.155: [GC [PSYoungGen: 1376528K->14384K(1379712K)] 3276700K->1914892K(4175936K), 0.0398510 secs] [Times: user=0.07 sys=0.00, real=0.04 secs] 
2016-02-24T09:44:22.918+0800: 746459.632: [GC [PSYoungGen: 1375856K->16736K(1379456K)] 3276364K->1917353K(4175680K), 0.0432790 secs] [Times: user=0.06 sys=0.01, real=0.05 secs] 
2016-02-24T09:45:26.132+0800: 746522.847: [GC [PSYoungGen: 1377952K->14128K(1379648K)] 3278569K->1915001K(4175872K), 0.0390880 secs] [Times: user=0.07 sys=0.00, real=0.04 secs] 
2016-02-24T09:46:41.053+0800: 746597.767: [GC [PSYoungGen: 1375344K->16480K(1379520K)] 3276217K->1917789K(4175744K), 0.0512570 secs] [Times: user=0.09 sys=0.00, real=0.05 secs] 
2016-02-24T09:47:46.277+0800: 746662.991: [GC [PSYoungGen: 1377568K->16032K(1379584K)] 3278877K->1917474K(4175808K), 0.0365030 secs] [Times: user=0.07 sys=0.00, real=0.04 secs] 
2016-02-24T09:48:48.675+0800: 746725.389: [GC [PSYoungGen: 1377120K->15104K(1379904K)] 3278562K->1916830K(4176128K), 0.0397300 secs] [Times: user=0.07 sys=0.00, real=0.04 secs] 
2016-02-24T09:49:55.713+0800: 746792.428: [GC [PSYoungGen: 1376704K->15216K(1379776K)] 3278430K->1917067K(4176000K), 0.0423200 secs] [Times: user=0.07 sys=0.00, real=0.04 secs] 
2016-02-24T09:50:57.725+0800: 746854.440: [GC [PSYoungGen: 1376816K->13200K(1379712K)] 3278667K->1915304K(4175936K), 0.0366420 secs] [Times: user=0.07 sys=0.00, real=0.04 secs] 
2016-02-24T09:52:07.889+0800: 746924.603: [GC [PSYoungGen: 1374928K->15584K(1379904K)] 3277032K->1917884K(4176128K), 0.0361210 secs] [Times: user=0.07 sys=0.00, real=0.04 secs] 
2016-02-24T09:53:22.871+0800: 746999.586: [GC [PSYoungGen: 1377312K->17457K(1379072K)] 3279612K->1919953K(4175296K), 0.0377760 secs] [Times: user=0.07 sys=0.00, real=0.04 secs] 
2016-02-24T09:54:29.056+0800: 747065.771: [GC [PSYoungGen: 1378545K->16064K(1379584K)] 3281041K->1918845K(4175808K), 0.0365360 secs] [Times: user=0.06 sys=0.00, real=0.04 secs] 
2016-02-24T09:55:45.548+0800: 747142.263: [GC [PSYoungGen: 1377152K->16832K(1379328K)] 3279933K->1919946K(4175552K), 0.0394510 secs] [Times: user=0.07 sys=0.00, real=0.04 secs] 
2016-02-24T09:56:52.173+0800: 747208.888: [GC [PSYoungGen: 1377792K->15777K(1379520K)] 3280906K->1919155K(4175744K), 0.0414660 secs] [Times: user=0.07 sys=0.00, real=0.04 secs] 
2016-02-24T09:58:00.720+0800: 747277.434: [GC [PSYoungGen: 1376737K->18240K(1378176K)] 3280115K->1922091K(4174400K), 0.0361180 secs] [Times: user=0.07 sys=0.00, real=0.04 secs] 
2016-02-24T09:59:05.323+0800: 747342.038: [GC [PSYoungGen: 1378176K->14464K(1379008K)] 3282027K->1918427K(4175232K), 0.0358010 secs] [Times: user=0.07 sys=0.00, real=0.04 secs] 
2016-02-24T10:00:12.414+0800: 747409.129: [GC [PSYoungGen: 1374400K->15552K(1379264K)] 3278363K->1919703K(4175488K), 0.0367780 secs] [Times: user=0.07 sys=0.00, real=0.03 secs] 
2016-02-24T10:01:26.470+0800: 747483.185: [GC [PSYoungGen: 1375744K->18624K(1378880K)] 3279895K->1922928K(4175104K), 0.0407410 secs] [Times: user=0.07 sys=0.00, real=0.04 secs] 
2016-02-24T10:02:34.772+0800: 747551.486: [GC [PSYoungGen: 1378816K->16913K(1378240K)] 3283120K->1921537K(4174464K), 0.0437060 secs] [Times: user=0.09 sys=0.00, real=0.05 secs] 
2016-02-24T10:03:47.048+0800: 747623.762: [GC [PSYoungGen: 1375953K->18288K(1377344K)] 3280577K->1923185K(4173568K), 0.0442030 secs] [Times: user=0.08 sys=0.00, real=0.04 secs] 
2016-02-24T10:05:04.274+0800: 747700.988: [GC [PSYoungGen: 1377328K->18688K(1377152K)] 3282225K->1923977K(4173376K), 0.0436780 secs] [Times: user=0.07 sys=0.00, real=0.04 secs] 
2016-02-24T10:06:13.648+0800: 747770.363: [GC [PSYoungGen: 1375936K->16528K(1377664K)] 3281225K->1921954K(4173888K), 0.0400960 secs] [Times: user=0.07 sys=0.00, real=0.04 secs] 
2016-02-24T10:07:19.917+0800: 747836.632: [GC [PSYoungGen: 1373776K->16976K(1378240K)] 3279202K->1922783K(4174464K), 0.0371750 secs] [Times: user=0.07 sys=0.00, real=0.03 secs] 
2016-02-24T10:08:20.014+0800: 747896.728: [GC [PSYoungGen: 1375120K->15776K(1377984K)] 3280927K->1921838K(4174208K), 0.0344480 secs] [Times: user=0.07 sys=0.00, real=0.03 secs] 
2016-02-24T10:09:23.564+0800: 747960.278: [GC [PSYoungGen: 1373920K->17760K(1378112K)] 3279982K->1924079K(4174336K), 0.0402670 secs] [Times: user=0.07 sys=0.00, real=0.04 secs] 
2016-02-24T10:10:26.334+0800: 748023.049: [GC [PSYoungGen: 1376160K->14989K(1378240K)] 3282479K->1921692K(4174464K), 0.0396160 secs] [Times: user=0.08 sys=0.00, real=0.04 secs] 
2016-02-24T10:11:30.167+0800: 748086.881: [GC [PSYoungGen: 1373389K->14832K(1378304K)] 3280092K->1921864K(4174528K), 0.0418290 secs] [Times: user=0.08 sys=0.00, real=0.05 secs] 
2016-02-24T10:12:26.328+0800: 748143.043: [GC [PSYoungGen: 1373360K->16384K(1378304K)] 3280392K->1923601K(4174528K), 0.0341080 secs] [Times: user=0.06 sys=0.00, real=0.03 secs] 
2016-02-24T10:13:30.243+0800: 748206.957: [GC [PSYoungGen: 1374912K->16160K(1378880K)] 3282129K->1923698K(4175104K), 0.0365810 secs] [Times: user=0.07 sys=0.00, real=0.04 secs] 
2016-02-24T10:14:34.843+0800: 748271.557: [GC [PSYoungGen: 1375584K->15456K(1378624K)] 3283122K->1923346K(4174848K), 0.0428310 secs] [Times: user=0.08 sys=0.00, real=0.04 secs] 
2016-02-24T10:15:40.993+0800: 748337.708: [GC [PSYoungGen: 1374880K->15680K(1379200K)] 3282770K->1923698K(4175424K), 0.0411560 secs] [Times: user=0.07 sys=0.01, real=0.04 secs] 
2016-02-24T10:16:48.895+0800: 748405.610: [GC [PSYoungGen: 1375808K->17120K(1379008K)] 3283826K->1925294K(4175232K), 0.0352440 secs] [Times: user=0.07 sys=0.00, real=0.04 secs] 
2016-02-24T10:17:59.296+0800: 748476.010: [GC [PSYoungGen: 1377248K->14512K(1379008K)] 3285422K->1922851K(4175232K), 0.0323420 secs] [Times: user=0.06 sys=0.00, real=0.04 secs] 
2016-02-24T10:19:05.530+0800: 748542.244: [GC [PSYoungGen: 1374576K->17520K(1377600K)] 3282915K->1926035K(4173824K), 0.0393430 secs] [Times: user=0.07 sys=0.00, real=0.04 secs] 
2016-02-24T10:20:08.872+0800: 748605.587: [GC [PSYoungGen: 1377584K->16352K(1379136K)] 3286099K->1925207K(4175360K), 0.0437260 secs] [Times: user=0.08 sys=0.00, real=0.05 secs] 
2016-02-24T10:21:09.044+0800: 748665.758: [GC [PSYoungGen: 1376288K->14864K(1378880K)] 3285143K->1924003K(4175104K), 0.0388460 secs] [Times: user=0.09 sys=0.00, real=0.04 secs] 
2016-02-24T10:22:11.471+0800: 748728.185: [GC [PSYoungGen: 1374800K->16064K(1379392K)] 3283939K->1925400K(4175616K), 0.0384300 secs] [Times: user=0.07 sys=0.00, real=0.04 secs] 
2016-02-24T10:23:21.340+0800: 748798.054: [GC [PSYoungGen: 1376512K->16096K(1379136K)] 3285848K->1925777K(4175360K), 0.0411310 secs] [Times: user=0.08 sys=0.00, real=0.04 secs] 
2016-02-24T10:24:24.417+0800: 748861.131: [GC [PSYoungGen: 1376544K->17392K(1379136K)] 3286225K->1927313K(4175360K), 0.0403630 secs] [Times: user=0.07 sys=0.00, real=0.04 secs] 
2016-02-24T10:25:25.340+0800: 748922.054: [GC [PSYoungGen: 1378096K->17888K(1378624K)] 3288017K->1928166K(4174848K), 0.0388210 secs] [Times: user=0.07 sys=0.00, real=0.04 secs] 
2016-02-24T10:26:25.794+0800: 748982.508: [GC [PSYoungGen: 1378592K->16560K(1379264K)] 3288870K->1927214K(4175488K), 0.0398970 secs] [Times: user=0.07 sys=0.00, real=0.04 secs] 
2016-02-24T10:27:35.155+0800: 749051.869: [GC [PSYoungGen: 1376816K->16432K(1379072K)] 3287470K->1927459K(4175296K), 0.0350190 secs] [Times: user=0.07 sys=0.00, real=0.04 secs] 
2016-02-24T10:28:32.009+0800: 749108.724: [GC [PSYoungGen: 1376688K->16016K(1379648K)] 3287715K->1927283K(4175872K), 0.0389820 secs] [Times: user=0.07 sys=0.00, real=0.04 secs] 
2016-02-24T10:29:33.990+0800: 749170.704: [GC [PSYoungGen: 1377040K->16352K(1379456K)] 3288307K->1927779K(4175680K), 0.0373770 secs] [Times: user=0.07 sys=0.00, real=0.04 secs] 
2016-02-24T10:30:26.311+0800: 749223.026: [GC [PSYoungGen: 1377376K->16192K(1379968K)] 3288803K->1927915K(4176192K), 0.0421990 secs] [Times: user=0.08 sys=0.00, real=0.04 secs] 
2016-02-24T10:31:25.778+0800: 749282.492: [GC [PSYoungGen: 1377920K->17296K(1379072K)] 3289643K->1929315K(4175296K), 0.0456350 secs] [Times: user=0.07 sys=0.00, real=0.04 secs] 
2016-02-24T10:32:35.261+0800: 749351.976: [GC [PSYoungGen: 1379024K->17280K(1379520K)] 3291043K->1929504K(4175744K), 0.0373690 secs] [Times: user=0.07 sys=0.00, real=0.03 secs] 
2016-02-24T10:33:37.130+0800: 749413.844: [GC [PSYoungGen: 1378496K->17008K(1379648K)] 3290720K->1929592K(4175872K), 0.0401080 secs] [Times: user=0.07 sys=0.00, real=0.04 secs] 
2016-02-24T10:34:36.487+0800: 749473.201: [GC [PSYoungGen: 1378224K->16816K(1379776K)] 3290808K->1929680K(4176000K), 0.0374000 secs] [Times: user=0.07 sys=0.00, real=0.04 secs] 
2016-02-24T10:35:39.894+0800: 749536.608: [GC [PSYoungGen: 1378224K->16656K(1379712K)] 3291088K->1929713K(4175936K), 0.0380220 secs] [Times: user=0.07 sys=0.00, real=0.04 secs] 
2016-02-24T10:36:43.310+0800: 749600.025: [GC [PSYoungGen: 1378064K->16448K(1380032K)] 3291121K->1929749K(4176256K), 0.0397630 secs] [Times: user=0.08 sys=0.00, real=0.04 secs] 
2016-02-24T10:37:41.775+0800: 749658.489: [GC [PSYoungGen: 1378304K->16768K(1379904K)] 3291605K->1930370K(4176128K), 0.0372200 secs] [Times: user=0.06 sys=0.00, real=0.04 secs] 
2016-02-24T10:38:42.671+0800: 749719.386: [GC [PSYoungGen: 1378624K->17413K(1379840K)] 3292226K->1931155K(4176064K), 0.0385630 secs] [Times: user=0.07 sys=0.00, real=0.04 secs] 
2016-02-24T10:39:34.952+0800: 749771.666: [GC [PSYoungGen: 1379269K->16112K(1379968K)] 3293011K->1930292K(4176192K), 0.0358560 secs] [Times: user=0.06 sys=0.00, real=0.04 secs] 
2016-02-24T10:40:36.436+0800: 749833.151: [GC [PSYoungGen: 1377968K->17744K(1379392K)] 3292148K->1932276K(4175616K), 0.0410300 secs] [Times: user=0.07 sys=0.00, real=0.04 secs] 
2016-02-24T10:41:34.219+0800: 749890.933: [GC [PSYoungGen: 1379088K->15984K(1379712K)] 3293620K->1930853K(4175936K), 0.0360930 secs] [Times: user=0.07 sys=0.00, real=0.03 secs] 
2016-02-24T10:42:31.161+0800: 749947.876: [GC [PSYoungGen: 1377328K->17920K(1379136K)] 3292197K->1933102K(4175360K), 0.0394690 secs] [Times: user=0.07 sys=0.00, real=0.04 secs] 
2016-02-24T10:43:30.285+0800: 750006.999: [GC [PSYoungGen: 1378752K->16240K(1379456K)] 3293934K->1931622K(4175680K), 0.0367020 secs] [Times: user=0.07 sys=0.00, real=0.04 secs] 
2016-02-24T10:44:28.799+0800: 750065.513: [GC [PSYoungGen: 1377072K->16768K(1379712K)] 3292454K->1932551K(4175936K), 0.0369780 secs] [Times: user=0.07 sys=0.00, real=0.04 secs] 
2016-02-24T10:45:23.993+0800: 750120.707: [GC [PSYoungGen: 1377920K->13952K(1375104K)] 3293703K->1929967K(4171328K), 0.0348760 secs] [Times: user=0.07 sys=0.01, real=0.03 secs] 
2016-02-24T10:46:25.282+0800: 750181.996: [GC [PSYoungGen: 1375104K->17248K(1379264K)] 3291119K->1933444K(4175488K), 0.0385380 secs] [Times: user=0.07 sys=0.00, real=0.04 secs] 
2016-02-24T10:47:28.664+0800: 750245.379: [GC [PSYoungGen: 1377824K->17008K(1379328K)] 3294020K->1933445K(4175552K), 0.0450710 secs] [Times: user=0.08 sys=0.00, real=0.04 secs] 
2016-02-24T10:48:32.594+0800: 750309.309: [GC [PSYoungGen: 1377584K->16560K(1379584K)] 3294021K->1933393K(4175808K), 0.0421320 secs] [Times: user=0.07 sys=0.00, real=0.04 secs] 
2016-02-24T10:49:43.101+0800: 750379.816: [GC [PSYoungGen: 1377456K->18466K(1379392K)] 3294289K->1937490K(4175616K), 0.0430410 secs] [Times: user=0.07 sys=0.00, real=0.04 secs] 
2016-02-24T10:50:46.101+0800: 750442.815: [GC [PSYoungGen: 1379362K->15856K(1377344K)] 3298386K->1935064K(4173568K), 0.0387560 secs] [Times: user=0.06 sys=0.00, real=0.04 secs] 
2016-02-24T10:51:42.841+0800: 750499.555: [GC [PSYoungGen: 1374512K->16672K(1378368K)] 3293720K->1936393K(4174592K), 0.0394390 secs] [Times: user=0.07 sys=0.00, real=0.04 secs] 
2016-02-24T10:52:43.017+0800: 750559.732: [GC [PSYoungGen: 1375328K->16033K(1378688K)] 3295049K->1935942K(4174912K), 0.0356430 secs] [Times: user=0.06 sys=0.00, real=0.03 secs] 
2016-02-24T10:53:43.188+0800: 750619.902: [GC [PSYoungGen: 1375201K->19012K(1378240K)] 3295110K->1939211K(4174464K), 0.0463450 secs] [Times: user=0.09 sys=0.00, real=0.05 secs] 
2016-02-24T10:54:36.672+0800: 750673.387: [GC [PSYoungGen: 1378180K->18048K(1377856K)] 3298379K->1938435K(4174080K), 0.0404550 secs] [Times: user=0.07 sys=0.00, real=0.04 secs] 
2016-02-24T10:55:38.130+0800: 750734.845: [GC [PSYoungGen: 1376064K->16352K(1378048K)] 3296451K->1936940K(4174272K), 0.0386420 secs] [Times: user=0.07 sys=0.00, real=0.04 secs] 
2016-02-24T10:56:33.146+0800: 750789.861: [GC [PSYoungGen: 1374368K->15632K(1378240K)] 3294956K->1936404K(4174464K), 0.0377940 secs] [Times: user=0.07 sys=0.00, real=0.04 secs] 
2016-02-24T10:57:32.884+0800: 750849.599: [GC [PSYoungGen: 1373968K->16320K(1378176K)] 3294740K->1937412K(4174400K), 0.0360420 secs] [Times: user=0.07 sys=0.00, real=0.04 secs] 
2016-02-24T10:58:38.518+0800: 750915.233: [GC [PSYoungGen: 1374656K->17120K(1378624K)] 3295748K->1938352K(4174848K), 0.0397570 secs] [Times: user=0.07 sys=0.01, real=0.04 secs] 
2016-02-24T10:59:42.432+0800: 750979.146: [GC [PSYoungGen: 1376096K->17344K(1378432K)] 3297328K->1938756K(4174656K), 0.0473680 secs] [Times: user=0.08 sys=0.00, real=0.04 secs] 
2016-02-24T11:00:41.772+0800: 751038.487: [GC [PSYoungGen: 1376320K->13712K(1378048K)] 3297732K->1935212K(4174272K), 0.0312090 secs] [Times: user=0.06 sys=0.01, real=0.04 secs] 
2016-02-24T11:01:37.798+0800: 751094.513: [GC [PSYoungGen: 1372368K->14912K(1378368K)] 3293868K->1936780K(4174592K), 0.0390110 secs] [Times: user=0.07 sys=0.00, real=0.04 secs] 
2016-02-24T11:02:45.419+0800: 751162.133: [GC [PSYoungGen: 1373568K->17600K(1378176K)] 3295436K->1939580K(4174400K), 0.0416370 secs] [Times: user=0.07 sys=0.00, real=0.04 secs] 
2016-02-24T11:03:45.007+0800: 751221.721: [GC [PSYoungGen: 1376128K->18960K(1377536K)] 3298108K->1941072K(4173760K), 0.0409610 secs] [Times: user=0.07 sys=0.00, real=0.04 secs] 
2016-02-24T11:04:48.179+0800: 751284.894: [GC [PSYoungGen: 1377488K->16848K(1378048K)] 3299600K->1939300K(4174272K), 0.0355220 secs] [Times: user=0.07 sys=0.00, real=0.04 secs] 
2016-02-24T11:05:50.066+0800: 751346.780: [GC [PSYoungGen: 1374544K->15680K(1377728K)] 3296996K->1938449K(4173952K), 0.0391890 secs] [Times: user=0.07 sys=0.00, real=0.04 secs] 
2016-02-24T11:06:50.548+0800: 751407.263: [GC [PSYoungGen: 1373376K->15232K(1378240K)] 3296145K->1938114K(4174464K), 0.0401720 secs] [Times: user=0.08 sys=0.00, real=0.04 secs] 
2016-02-24T11:07:47.102+0800: 751463.817: [GC [PSYoungGen: 1373568K->15840K(1378176K)] 3296450K->1938886K(4174400K), 0.0359200 secs] [Times: user=0.06 sys=0.00, real=0.03 secs] 
2016-02-24T11:08:41.977+0800: 751518.692: [GC [PSYoungGen: 1374176K->14912K(1378496K)] 3297222K->1938098K(4174720K), 0.0347590 secs] [Times: user=0.07 sys=0.00, real=0.03 secs] 
2016-02-24T11:09:38.926+0800: 751575.640: [GC [PSYoungGen: 1373824K->16048K(1378496K)] 3297010K->1939591K(4174720K), 0.0383840 secs] [Times: user=0.08 sys=0.00, real=0.04 secs] 
2016-02-24T11:10:29.442+0800: 751626.157: [GC [PSYoungGen: 1374960K->16304K(1379072K)] 3298503K->1940104K(4175296K), 0.0362750 secs] [Times: user=0.07 sys=0.00, real=0.03 secs] 
2016-02-24T11:11:20.355+0800: 751677.069: [GC [PSYoungGen: 1376112K->15655K(1378816K)] 3299912K->1939787K(4175040K), 0.0420450 secs] [Times: user=0.08 sys=0.00, real=0.05 secs] 
2016-02-24T11:12:07.742+0800: 751724.456: [GC [PSYoungGen: 1375463K->14800K(1379264K)] 3299595K->1939133K(4175488K), 0.0377000 secs] [Times: user=0.07 sys=0.00, real=0.04 secs] 
2016-02-24T11:13:03.195+0800: 751779.909: [GC [PSYoungGen: 1375129K->16723K(1379264K)] 3299462K->1941272K(4175488K), 0.0374650 secs] [Times: user=0.07 sys=0.00, real=0.04 secs] 
2016-02-24T11:13:50.417+0800: 751827.132: [GC [PSYoungGen: 1377171K->14656K(1379328K)] 3301720K->1939546K(4175552K), 0.0328980 secs] [Times: user=0.07 sys=0.00, real=0.03 secs] 
2016-02-24T11:14:49.390+0800: 751886.104: [GC [PSYoungGen: 1375168K->18736K(1379264K)] 3300058K->1944255K(4175488K), 0.0409390 secs] [Times: user=0.08 sys=0.00, real=0.04 secs] 
2016-02-24T11:15:38.813+0800: 751935.527: [GC [PSYoungGen: 1379248K->15152K(1377728K)] 3304767K->1940928K(4173952K), 0.0370350 secs] [Times: user=0.07 sys=0.00, real=0.04 secs] 
2016-02-24T11:16:32.405+0800: 751989.119: [GC [PSYoungGen: 1374064K->16896K(1378496K)] 3299840K->1943008K(4174720K), 0.0356730 secs] [Times: user=0.07 sys=0.00, real=0.03 secs] 
2016-02-24T11:17:26.709+0800: 752043.423: [GC [PSYoungGen: 1375808K->15805K(1378816K)] 3301920K->1942165K(4175040K), 0.0378660 secs] [Times: user=0.07 sys=0.00, real=0.04 secs] 
2016-02-24T11:18:25.719+0800: 752102.433: [GC [PSYoungGen: 1375101K->18192K(1377536K)] 3301461K->1944792K(4173760K), 0.0402310 secs] [Times: user=0.06 sys=0.01, real=0.04 secs] 
2016-02-24T11:19:18.401+0800: 752155.116: [GC [PSYoungGen: 1377488K->15968K(1378624K)] 3304088K->1942772K(4174848K), 0.0360710 secs] [Times: user=0.07 sys=0.00, real=0.04 secs] 
2016-02-24T11:20:10.116+0800: 752206.830: [GC [PSYoungGen: 1374880K->14368K(1378368K)] 3301684K->1941404K(4174592K), 0.0350760 secs] [Times: user=0.06 sys=0.00, real=0.03 secs] 
2016-02-24T11:21:09.249+0800: 752265.963: [GC [PSYoungGen: 1373280K->16816K(1378688K)] 3300316K->1944185K(4174912K), 0.0379080 secs] [Times: user=0.07 sys=0.00, real=0.03 secs] 
2016-02-24T11:22:11.967+0800: 752328.682: [GC [PSYoungGen: 1375984K->16369K(1378560K)] 3303353K->1943970K(4174784K), 0.0377920 secs] [Times: user=0.08 sys=0.00, real=0.04 secs] 
2016-02-24T11:23:11.538+0800: 752388.253: [GC [PSYoungGen: 1375537K->16848K(1379008K)] 3303138K->1944792K(4175232K), 0.0435230 secs] [Times: user=0.07 sys=0.00, real=0.05 secs] 
2016-02-24T11:24:09.433+0800: 752446.148: [GC [PSYoungGen: 1376318K->16912K(1378944K)] 3304262K->1945124K(4175168K), 0.0382330 secs] [Times: user=0.07 sys=0.00, real=0.04 secs] 
2016-02-24T11:25:08.825+0800: 752505.540: [GC [PSYoungGen: 1376784K->15659K(1379200K)] 3304996K->1944151K(4175424K), 0.0355260 secs] [Times: user=0.07 sys=0.00, real=0.03 secs] 
2016-02-24T11:26:11.880+0800: 752568.595: [GC [PSYoungGen: 1375851K->16576K(1379072K)] 3304343K->1945323K(4175296K), 0.0465430 secs] [Times: user=0.08 sys=0.00, real=0.04 secs] 
2016-02-24T11:27:13.228+0800: 752629.943: [GC [PSYoungGen: 1376768K->16752K(1379456K)] 3305515K->1945683K(4175680K), 0.0374200 secs] [Times: user=0.07 sys=0.00, real=0.04 secs] 
2016-02-24T11:28:18.400+0800: 752695.115: [GC [PSYoungGen: 1377456K->17840K(1378560K)] 3306387K->1947108K(4174784K), 0.0428590 secs] [Times: user=0.08 sys=0.00, real=0.04 secs] 
2016-02-24T11:29:20.444+0800: 752757.158: [GC [PSYoungGen: 1378544K->17184K(1379136K)] 3307812K->1946800K(4175360K), 0.0441040 secs] [Times: user=0.08 sys=0.00, real=0.05 secs] 
2016-02-24T11:30:17.398+0800: 752814.113: [GC [PSYoungGen: 1377376K->16080K(1379136K)] 3306992K->1945836K(4175360K), 0.0385340 secs] [Times: user=0.08 sys=0.00, real=0.04 secs] 
2016-02-24T11:31:11.111+0800: 752867.825: [GC [PSYoungGen: 1376272K->16064K(1379392K)] 3306028K->1946036K(4175616K), 0.0366930 secs] [Times: user=0.07 sys=0.00, real=0.04 secs] 
2016-02-24T11:32:15.973+0800: 752932.687: [GC [PSYoungGen: 1376640K->18048K(1378688K)] 3306612K->1948168K(4174912K), 0.0382940 secs] [Times: user=0.07 sys=0.01, real=0.04 secs] 
2016-02-24T11:33:08.650+0800: 752985.365: [GC [PSYoungGen: 1378624K->16064K(1379200K)] 3308744K->1946353K(4175424K), 0.0433140 secs] [Times: user=0.08 sys=0.00, real=0.05 secs] 
2016-02-24T11:34:13.895+0800: 753050.610: [GC [PSYoungGen: 1376256K->16896K(1379072K)] 3306545K->1947389K(4175296K), 0.0362940 secs] [Times: user=0.07 sys=0.00, real=0.04 secs] 
2016-02-24T11:35:15.505+0800: 753112.219: [GC [PSYoungGen: 1377088K->14048K(1378880K)] 3307581K->1944985K(4175104K), 0.0347330 secs] [Times: user=0.07 sys=0.00, real=0.03 secs] 
2016-02-24T11:36:14.549+0800: 753171.263: [GC [PSYoungGen: 1374112K->15456K(1379072K)] 3305049K->1946578K(4175296K), 0.0365210 secs] [Times: user=0.07 sys=0.00, real=0.04 secs] 
2016-02-24T11:37:17.481+0800: 753234.195: [GC [PSYoungGen: 1375520K->16400K(1379392K)] 3306642K->1947734K(4175616K), 0.0380870 secs] [Times: user=0.07 sys=0.00, real=0.04 secs] 
2016-02-24T11:38:22.008+0800: 753298.722: [GC [PSYoungGen: 1376912K->17088K(1379200K)] 3308246K->1948574K(4175424K), 0.0389220 secs] [Times: user=0.07 sys=0.00, real=0.04 secs] 
2016-02-24T11:39:22.799+0800: 753359.514: [GC [PSYoungGen: 1377600K->14320K(1379072K)] 3309086K->1946091K(4175296K), 0.0324980 secs] [Times: user=0.07 sys=0.00, real=0.04 secs] 
2016-02-24T11:40:17.824+0800: 753414.538: [GC [PSYoungGen: 1374640K->12816K(1373184K)] 3306411K->1944739K(4169408K), 0.0388720 secs] [Times: user=0.08 sys=0.00, real=0.04 secs] 
2016-02-24T11:41:12.879+0800: 753469.594: [GC [PSYoungGen: 1373136K->12864K(1378560K)] 3305059K->1945032K(4174784K), 0.0333440 secs] [Times: user=0.06 sys=0.00, real=0.04 secs] 
2016-02-24T11:42:08.594+0800: 753525.308: [GC [PSYoungGen: 1372288K->15360K(1378752K)] 3304456K->1947873K(4174976K), 0.0391990 secs] [Times: user=0.07 sys=0.00, real=0.04 secs] 
2016-02-24T11:43:15.199+0800: 753591.913: [GC [PSYoungGen: 1374784K->16112K(1379200K)] 3307297K->1948753K(4175424K), 0.0370420 secs] [Times: user=0.07 sys=0.00, real=0.04 secs] 
2016-02-24T11:44:15.583+0800: 753652.298: [GC [PSYoungGen: 1376304K->15376K(1379072K)] 3308945K->1948192K(4175296K), 0.0355050 secs] [Times: user=0.07 sys=0.00, real=0.03 secs] 
2016-02-24T11:45:10.999+0800: 753707.713: [GC [PSYoungGen: 1375568K->12768K(1379136K)] 3308384K->1945769K(4175360K), 0.0310190 secs] [Times: user=0.06 sys=0.00, real=0.04 secs] 
2016-02-24T11:46:13.682+0800: 753770.396: [GC [PSYoungGen: 1373344K->14960K(1379328K)] 3306345K->1948209K(4175552K), 0.0388330 secs] [Times: user=0.08 sys=0.00, real=0.04 secs] 
2016-02-24T11:47:14.879+0800: 753831.593: [GC [PSYoungGen: 1375536K->14960K(1379904K)] 3308785K->1948389K(4176128K), 0.0380190 secs] [Times: user=0.06 sys=0.00, real=0.04 secs] 
2016-02-24T11:48:15.484+0800: 753892.198: [GC [PSYoungGen: 1376432K->15105K(1379648K)] 3309861K->1948803K(4175872K), 0.0351170 secs] [Times: user=0.07 sys=0.00, real=0.04 secs] 
2016-02-24T11:49:18.417+0800: 753955.132: [GC [PSYoungGen: 1376577K->14784K(1380352K)] 3310275K->1948875K(4176576K), 0.0361820 secs] [Times: user=0.07 sys=0.00, real=0.04 secs] 
2016-02-24T11:50:20.362+0800: 754017.077: [GC [PSYoungGen: 1377216K->15120K(1380160K)] 3311307K->1949467K(4176384K), 0.0378740 secs] [Times: user=0.07 sys=0.00, real=0.04 secs] 
2016-02-24T11:51:22.969+0800: 754079.684: [GC [PSYoungGen: 1377552K->16624K(1379968K)] 3311899K->1951140K(4176192K), 0.0439860 secs] [Times: user=0.08 sys=0.00, real=0.04 secs] 
2016-02-24T11:52:30.435+0800: 754147.150: [GC [PSYoungGen: 1379120K->17248K(1379776K)] 3313636K->1952009K(4176000K), 0.0368770 secs] [Times: user=0.07 sys=0.00, real=0.04 secs] 
2016-02-24T11:53:31.605+0800: 754208.319: [GC [PSYoungGen: 1379744K->16336K(1379712K)] 3314505K->1951373K(4175936K), 0.0499960 secs] [Times: user=0.10 sys=0.00, real=0.05 secs] 
2016-02-24T11:54:21.479+0800: 754258.193: [GC [PSYoungGen: 1377808K->10848K(1372352K)] 3312845K->1946281K(4168576K), 0.0289140 secs] [Times: user=0.07 sys=0.00, real=0.03 secs] 
2016-02-24T11:55:20.568+0800: 754317.282: [GC [PSYoungGen: 1372320K->15952K(1379328K)] 3307753K->1951608K(4175552K), 0.0422480 secs] [Times: user=0.08 sys=0.00, real=0.04 secs] 
2016-02-24T11:56:28.427+0800: 754385.141: [GC [PSYoungGen: 1376464K->16080K(1379264K)] 3312120K->1951928K(4175488K), 0.0342790 secs] [Times: user=0.06 sys=0.00, real=0.03 secs] 
2016-02-24T11:57:36.971+0800: 754453.685: [GC [PSYoungGen: 1376592K->16608K(1379072K)] 3312440K->1952756K(4175296K), 0.0377390 secs] [Times: user=0.07 sys=0.00, real=0.04 secs] 
2016-02-24T11:58:42.560+0800: 754519.275: [GC [PSYoungGen: 1376928K->16896K(1377280K)] 3313076K->1953348K(4173504K), 0.0411420 secs] [Times: user=0.07 sys=0.00, real=0.04 secs] 
2016-02-24T11:59:44.639+0800: 754581.354: [GC [PSYoungGen: 1377216K->15408K(1379328K)] 3313668K->1951997K(4175552K), 0.0398880 secs] [Times: user=0.08 sys=0.00, real=0.04 secs] 
2016-02-24T12:00:39.299+0800: 754636.013: [GC [PSYoungGen: 1375664K->15623K(1379008K)] 3312253K->1952456K(4175232K), 0.0379920 secs] [Times: user=0.07 sys=0.00, real=0.04 secs] 
2016-02-24T12:01:35.626+0800: 754692.340: [GC [PSYoungGen: 1375879K->16080K(1379712K)] 3312712K->1953257K(4175936K), 0.0363080 secs] [Times: user=0.07 sys=0.00, real=0.04 secs] 
2016-02-24T12:02:33.022+0800: 754749.736: [GC [PSYoungGen: 1377296K->14048K(1379584K)] 3314473K->1951525K(4175808K), 0.0393060 secs] [Times: user=0.06 sys=0.00, real=0.04 secs] 
2016-02-24T12:03:34.003+0800: 754810.718: [GC [PSYoungGen: 1375264K->15600K(1379904K)] 3312741K->1953238K(4176128K), 0.0381010 secs] [Times: user=0.08 sys=0.00, real=0.04 secs] 
2016-02-24T12:04:34.544+0800: 754871.258: [GC [PSYoungGen: 1377136K->16704K(1379712K)] 3314774K->1954643K(4175936K), 0.0359160 secs] [Times: user=0.06 sys=0.01, real=0.04 secs] 
2016-02-24T12:05:32.208+0800: 754928.923: [GC [PSYoungGen: 1378240K->13696K(1379712K)] 3316179K->1951955K(4175936K), 0.0360270 secs] [Times: user=0.07 sys=0.00, real=0.04 secs] 
2016-02-24T12:06:33.479+0800: 754990.194: [GC [PSYoungGen: 1375040K->14272K(1379712K)] 3313299K->1952859K(4175936K), 0.0364240 secs] [Times: user=0.07 sys=0.00, real=0.04 secs] 
2016-02-24T12:07:34.227+0800: 755050.942: [GC [PSYoungGen: 1375616K->14960K(1380032K)] 3314203K->1953818K(4176256K), 0.0384880 secs] [Times: user=0.08 sys=0.00, real=0.04 secs] 
2016-02-24T12:08:41.808+0800: 755118.522: [GC [PSYoungGen: 1376688K->17232K(1379008K)] 3315546K->1956326K(4175232K), 0.0372490 secs] [Times: user=0.07 sys=0.00, real=0.04 secs] 
2016-02-24T12:09:39.840+0800: 755176.554: [GC [PSYoungGen: 1378960K->16144K(1379648K)] 3318054K->1955622K(4175872K), 0.0419260 secs] [Times: user=0.08 sys=0.00, real=0.04 secs] 
2016-02-24T12:10:33.045+0800: 755229.759: [GC [PSYoungGen: 1377296K->15600K(1379584K)] 3316774K->1955430K(4175808K), 0.0367570 secs] [Times: user=0.07 sys=0.00, real=0.03 secs] 
2016-02-24T12:11:31.296+0800: 755288.011: [GC [PSYoungGen: 1376752K->15493K(1380160K)] 3316582K->1955492K(4176384K), 0.0408930 secs] [Times: user=0.07 sys=0.00, real=0.04 secs] 
2016-02-24T12:12:31.419+0800: 755348.134: [GC [PSYoungGen: 1377477K->17120K(1379136K)] 3317476K->1957592K(4175360K), 0.0392380 secs] [Times: user=0.07 sys=0.00, real=0.04 secs] 
2016-02-24T12:13:40.721+0800: 755417.435: [GC [PSYoungGen: 1379104K->18272K(1377344K)] 3319576K->1960109K(4173568K), 0.0464160 secs] [Times: user=0.09 sys=0.00, real=0.04 secs] 
2016-02-24T12:14:46.277+0800: 755482.991: [GC [PSYoungGen: 1377312K->15568K(1378560K)] 3319149K->1957818K(4174784K), 0.0497140 secs] [Times: user=0.08 sys=0.00, real=0.04 secs] 
2016-02-24T12:15:44.761+0800: 755541.475: [GC [PSYoungGen: 1374608K->14816K(1378944K)] 3316858K->1957215K(4175168K), 0.0405870 secs] [Times: user=0.07 sys=0.00, real=0.04 secs] 
2016-02-24T12:16:50.070+0800: 755606.785: [GC [PSYoungGen: 1374496K->15728K(1378816K)] 3316895K->1958472K(4175040K), 0.0388060 secs] [Times: user=0.06 sys=0.00, real=0.04 secs] 
2016-02-24T12:17:48.790+0800: 755665.505: [GC [PSYoungGen: 1375408K->16544K(1379264K)] 3318152K->1959740K(4175488K), 0.0389040 secs] [Times: user=0.06 sys=0.00, real=0.04 secs] 
2016-02-24T12:18:49.435+0800: 755726.149: [GC [PSYoungGen: 1376992K->14752K(1379264K)] 3320188K->1958152K(4175488K), 0.0357750 secs] [Times: user=0.06 sys=0.01, real=0.03 secs] 
2016-02-24T12:19:46.285+0800: 755783.000: [GC [PSYoungGen: 1375200K->14416K(1379392K)] 3318600K->1958056K(4175616K), 0.0347060 secs] [Times: user=0.06 sys=0.00, real=0.04 secs] 
2016-02-24T12:20:35.212+0800: 755831.926: [GC [PSYoungGen: 1375120K->15392K(1379392K)] 3318760K->1959249K(4175616K), 0.0410570 secs] [Times: user=0.08 sys=0.00, real=0.04 secs] 
2016-02-24T12:21:23.289+0800: 755880.003: [GC [PSYoungGen: 1376096K->13760K(1379520K)] 3319953K->1957998K(4175744K), 0.0375820 secs] [Times: user=0.07 sys=0.00, real=0.04 secs] 
2016-02-24T12:22:22.283+0800: 755938.997: [GC [PSYoungGen: 1374848K->16160K(1379584K)] 3319086K->1960658K(4175808K), 0.0401780 secs] [Times: user=0.06 sys=0.01, real=0.04 secs] 
2016-02-24T12:23:14.552+0800: 755991.267: [GC [PSYoungGen: 1377248K->16096K(1379712K)] 3321746K->1960742K(4175936K), 0.0419890 secs] [Times: user=0.08 sys=0.00, real=0.04 secs] 
2016-02-24T12:24:13.403+0800: 756050.117: [GC [PSYoungGen: 1377376K->15552K(1379648K)] 3322022K->1960351K(4175872K), 0.0350800 secs] [Times: user=0.07 sys=0.00, real=0.03 secs] 
2016-02-24T12:25:08.386+0800: 756105.100: [GC [PSYoungGen: 1376832K->15920K(1380096K)] 3321631K->1961001K(4176320K), 0.0377160 secs] [Times: user=0.07 sys=0.00, real=0.04 secs] 
2016-02-24T12:26:03.275+0800: 756159.989: [GC [PSYoungGen: 1377904K->16720K(1379968K)] 3322985K->1962217K(4176192K), 0.0381630 secs] [Times: user=0.07 sys=0.00, real=0.04 secs] 
2016-02-24T12:27:03.451+0800: 756220.165: [GC [PSYoungGen: 1378704K->17392K(1379200K)] 3324201K->1963085K(4175424K), 0.0389560 secs] [Times: user=0.08 sys=0.00, real=0.04 secs] 
2016-02-24T12:27:55.288+0800: 756272.002: [GC [PSYoungGen: 1378480K->16336K(1379584K)] 3324173K->1962161K(4175808K), 0.0385370 secs] [Times: user=0.07 sys=0.00, real=0.04 secs] 
2016-02-24T12:28:52.454+0800: 756329.168: [GC [PSYoungGen: 1377424K->16256K(1379776K)] 3323249K->1962446K(4176000K), 0.0363870 secs] [Times: user=0.07 sys=0.00, real=0.04 secs] 
2016-02-24T12:29:45.060+0800: 756381.775: [GC [PSYoungGen: 1377600K->15729K(1379648K)] 3323790K->1962163K(4175872K), 0.0349530 secs] [Times: user=0.07 sys=0.00, real=0.03 secs] 
2016-02-24T12:30:31.668+0800: 756428.382: [GC [PSYoungGen: 1377073K->13696K(1379584K)] 3323507K->1960600K(4175808K), 0.0381920 secs] [Times: user=0.07 sys=0.00, real=0.03 secs] 
2016-02-24T12:31:25.885+0800: 756482.599: [GC [PSYoungGen: 1375168K->18304K(1379776K)] 3322072K->1966024K(4176000K), 0.0368020 secs] [Times: user=0.08 sys=0.00, real=0.03 secs] 
2016-02-24T12:32:15.053+0800: 756531.767: [GC [PSYoungGen: 1379776K->15808K(1378368K)] 3327496K->1963745K(4174592K), 0.0395230 secs] [Times: user=0.08 sys=0.01, real=0.04 secs] 
2016-02-24T12:33:05.001+0800: 756581.716: [GC [PSYoungGen: 1375872K->15408K(1379072K)] 3323809K->1963566K(4175296K), 0.0360310 secs] [Times: user=0.07 sys=0.00, real=0.03 secs] 
2016-02-24T12:33:55.236+0800: 756631.951: [GC [PSYoungGen: 1375472K->15728K(1379520K)] 3323630K->1964026K(4175744K), 0.0364590 secs] [Times: user=0.07 sys=0.00, real=0.03 secs] 
2016-02-24T12:34:41.293+0800: 756678.007: [GC [PSYoungGen: 1376432K->14320K(1379264K)] 3324730K->1962911K(4175488K), 0.0352990 secs] [Times: user=0.07 sys=0.00, real=0.03 secs] 
2016-02-24T12:35:32.313+0800: 756729.027: [GC [PSYoungGen: 1375024K->15088K(1379648K)] 3323615K->1963883K(4175872K), 0.0495820 secs] [Times: user=0.08 sys=0.00, real=0.05 secs] 
2016-02-24T12:36:20.141+0800: 756776.855: [GC [PSYoungGen: 1376112K->18403K(1379456K)] 3324907K->1968135K(4175680K), 0.0530260 secs] [Times: user=0.09 sys=0.00, real=0.05 secs] 
2016-02-24T12:37:07.918+0800: 756824.633: [GC [PSYoungGen: 1379427K->16017K(1378304K)] 3329159K->1966093K(4174528K), 0.0378480 secs] [Times: user=0.08 sys=0.00, real=0.04 secs] 
2016-02-24T12:37:59.661+0800: 756876.376: [GC [PSYoungGen: 1375697K->16096K(1378880K)] 3325773K->1966597K(4175104K), 0.0375370 secs] [Times: user=0.07 sys=0.00, real=0.03 secs] 
2016-02-24T12:38:51.743+0800: 756928.457: [GC [PSYoungGen: 1375776K->17440K(1378688K)] 3326277K->1968341K(4174912K), 0.0418330 secs] [Times: user=0.07 sys=0.00, real=0.04 secs] 
2016-02-24T12:39:43.729+0800: 756980.443: [GC [PSYoungGen: 1377248K->16768K(1378944K)] 3328149K->1967793K(4175168K), 0.0424620 secs] [Times: user=0.06 sys=0.00, real=0.04 secs] 
2016-02-24T12:40:34.179+0800: 757030.893: [GC [PSYoungGen: 1376576K->15888K(1379264K)] 3327601K->1967190K(4175488K), 0.0371090 secs] [Times: user=0.06 sys=0.00, real=0.04 secs] 
2016-02-24T12:41:25.847+0800: 757082.562: [GC [PSYoungGen: 1376144K->15200K(1379072K)] 3327446K->1966978K(4175296K), 0.0350030 secs] [Times: user=0.07 sys=0.00, real=0.04 secs] 
2016-02-24T12:42:16.236+0800: 757132.951: [GC [PSYoungGen: 1375456K->17904K(1378560K)] 3327234K->1969782K(4174784K), 0.0412870 secs] [Times: user=0.07 sys=0.00, real=0.04 secs] 
2016-02-24T12:43:07.232+0800: 757183.947: [GC [PSYoungGen: 1377712K->17120K(1378944K)] 3329590K->1969170K(4175168K), 0.0378320 secs] [Times: user=0.07 sys=0.00, real=0.03 secs] 
2016-02-24T12:43:51.579+0800: 757228.293: [GC [PSYoungGen: 1376928K->17041K(1378944K)] 3328978K->1969407K(4175168K), 0.0392690 secs] [Times: user=0.07 sys=0.00, real=0.04 secs] 
2016-02-24T12:44:34.870+0800: 757271.585: [GC [PSYoungGen: 1376849K->15312K(1378944K)] 3329215K->1968223K(4175168K), 0.0346360 secs] [Times: user=0.07 sys=0.00, real=0.04 secs] 
2016-02-24T12:45:25.210+0800: 757321.925: [GC [PSYoungGen: 1375120K->15696K(1379200K)] 3328031K->1968748K(4175424K), 0.0387770 secs] [Times: user=0.07 sys=0.00, real=0.04 secs] 
2016-02-24T12:46:11.483+0800: 757368.197: [GC [PSYoungGen: 1375824K->15425K(1379008K)] 3328876K->1968745K(4175232K), 0.0420680 secs] [Times: user=0.08 sys=0.00, real=0.04 secs] 
2016-02-24T12:46:59.977+0800: 757416.692: [GC [PSYoungGen: 1375553K->17408K(1378816K)] 3328873K->1971006K(4175040K), 0.0418480 secs] [Times: user=0.07 sys=0.00, real=0.04 secs] 
2016-02-24T12:47:45.528+0800: 757462.243: [GC [PSYoungGen: 1377472K->17545K(1377664K)] 3331070K->1971640K(4173888K), 0.0398070 secs] [Times: user=0.07 sys=0.00, real=0.04 secs] 
2016-02-24T12:48:38.451+0800: 757515.165: [GC [PSYoungGen: 1377609K->16896K(1379008K)] 3331704K->1971170K(4175232K), 0.0374080 secs] [Times: user=0.08 sys=0.00, real=0.04 secs] 
2016-02-24T12:49:27.003+0800: 757563.718: [GC [PSYoungGen: 1376704K->17072K(1378880K)] 3330978K->1971451K(4175104K), 0.0395620 secs] [Times: user=0.07 sys=0.00, real=0.04 secs] 
2016-02-24T12:50:15.912+0800: 757612.626: [GC [PSYoungGen: 1376880K->16529K(1379264K)] 3331259K->1971268K(4175488K), 0.0363480 secs] [Times: user=0.06 sys=0.00, real=0.04 secs] 
2016-02-24T12:51:04.593+0800: 757661.307: [GC [PSYoungGen: 1376785K->16464K(1379072K)] 3331524K->1971509K(4175296K), 0.0376860 secs] [Times: user=0.07 sys=0.00, real=0.03 secs] 
2016-02-24T12:51:59.261+0800: 757715.976: [GC [PSYoungGen: 1376720K->17296K(1379264K)] 3331765K->1972693K(4175488K), 0.0409970 secs] [Times: user=0.08 sys=0.00, real=0.04 secs] 
2016-02-24T12:52:47.928+0800: 757764.643: [GC [PSYoungGen: 1378000K->15328K(1379392K)] 3333397K->1971110K(4175616K), 0.0349790 secs] [Times: user=0.06 sys=0.01, real=0.03 secs] 
2016-02-24T12:53:38.178+0800: 757814.892: [GC [PSYoungGen: 1376032K->16288K(1379584K)] 3331814K->1972450K(4175808K), 0.0469380 secs] [Times: user=0.08 sys=0.00, real=0.05 secs] 
2016-02-24T12:54:25.989+0800: 757862.703: [GC [PSYoungGen: 1377184K->16368K(1379392K)] 3333346K->1972686K(4175616K), 0.0360340 secs] [Times: user=0.06 sys=0.01, real=0.03 secs] 
2016-02-24T12:55:12.521+0800: 757909.235: [GC [PSYoungGen: 1377264K->16864K(1379776K)] 3333582K->1973523K(4176000K), 0.0469040 secs] [Times: user=0.09 sys=0.00, real=0.05 secs] 
2016-02-24T12:55:54.111+0800: 757950.826: [GC [PSYoungGen: 1378336K->14144K(1375680K)] 3334995K->1971052K(4171904K), 0.0380460 secs] [Times: user=0.07 sys=0.00, real=0.04 secs] 
2016-02-24T12:56:40.880+0800: 757997.594: [GC [PSYoungGen: 1375616K->15856K(1379712K)] 3332524K->1973212K(4175936K), 0.0434790 secs] [Times: user=0.08 sys=0.00, real=0.05 secs] 
2016-02-24T12:57:30.292+0800: 758047.006: [GC [PSYoungGen: 1377072K->15456K(1379584K)] 3334428K->1972984K(4175808K), 0.0376690 secs] [Times: user=0.07 sys=0.00, real=0.04 secs] 
2016-02-24T12:58:26.571+0800: 758103.286: [GC [PSYoungGen: 1376672K->16864K(1379712K)] 3334200K->1974501K(4175936K), 0.0356890 secs] [Times: user=0.07 sys=0.00, real=0.04 secs] 
2016-02-24T12:59:21.688+0800: 758158.402: [GC [PSYoungGen: 1378336K->16064K(1379776K)] 3335973K->1974058K(4176000K), 0.0411690 secs] [Times: user=0.08 sys=0.00, real=0.04 secs] 
2016-02-24T13:00:10.943+0800: 758207.658: [GC [PSYoungGen: 1377536K->16096K(1380096K)] 3335530K->1974202K(4176320K), 0.0360090 secs] [Times: user=0.07 sys=0.00, real=0.04 secs] 
2016-02-24T13:01:01.969+0800: 758258.684: [GC [PSYoungGen: 1378016K->15425K(1379904K)] 3336122K->1973695K(4176128K), 0.0397290 secs] [Times: user=0.08 sys=0.00, real=0.04 secs] 
2016-02-24T13:01:58.173+0800: 758314.887: [GC [PSYoungGen: 1377345K->14912K(1380160K)] 3335615K->1973556K(4176384K), 0.0434350 secs] [Times: user=0.08 sys=0.00, real=0.04 secs] 
2016-02-24T13:02:50.919+0800: 758367.633: [GC [PSYoungGen: 1377152K->17089K(1379392K)] 3335796K->1975961K(4175616K), 0.0443560 secs] [Times: user=0.09 sys=0.00, real=0.04 secs] 
2016-02-24T13:03:41.610+0800: 758418.324: [GC [PSYoungGen: 1379329K->16256K(1380032K)] 3338201K->1975502K(4176256K), 0.0370290 secs] [Times: user=0.07 sys=0.00, real=0.04 secs] 
2016-02-24T13:04:35.462+0800: 758472.177: [GC [PSYoungGen: 1378112K->15248K(1379904K)] 3337358K->1974758K(4176128K), 0.0368170 secs] [Times: user=0.06 sys=0.00, real=0.03 secs] 
2016-02-24T13:05:25.470+0800: 758522.184: [GC [PSYoungGen: 1377104K->15168K(1380160K)] 3336614K->1975078K(4176384K), 0.0351910 secs] [Times: user=0.06 sys=0.00, real=0.03 secs] 
2016-02-24T13:06:17.917+0800: 758574.632: [GC [PSYoungGen: 1377344K->15552K(1380096K)] 3337254K->1975603K(4176320K), 0.0357530 secs] [Times: user=0.07 sys=0.00, real=0.03 secs] 
2016-02-24T13:07:13.596+0800: 758630.310: [GC [PSYoungGen: 1377728K->16480K(1380160K)] 3337779K->1976759K(4176384K), 0.0402760 secs] [Times: user=0.08 sys=0.00, real=0.04 secs] 
2016-02-24T13:08:04.847+0800: 758681.561: [GC [PSYoungGen: 1378848K->16346K(1380224K)] 3339127K->1976953K(4176448K), 0.0353770 secs] [Times: user=0.06 sys=0.00, real=0.04 secs] 
2016-02-24T13:09:01.829+0800: 758738.544: [GC [PSYoungGen: 1378714K->16208K(1380416K)] 3339321K->1977223K(4176640K), 0.0402990 secs] [Times: user=0.07 sys=0.00, real=0.04 secs] 
2016-02-24T13:09:51.118+0800: 758787.832: [GC [PSYoungGen: 1378832K->17008K(1379648K)] 3339847K->1978244K(4175872K), 0.0398360 secs] [Times: user=0.06 sys=0.00, real=0.04 secs] 
2016-02-24T13:10:48.798+0800: 758845.513: [GC [PSYoungGen: 1379632K->15648K(1380288K)] 3340868K->1977064K(4176512K), 0.0386940 secs] [Times: user=0.07 sys=0.00, real=0.04 secs] 
2016-02-24T13:11:39.030+0800: 758895.744: [GC [PSYoungGen: 1378016K->16880K(1380160K)] 3339432K->1978392K(4176384K), 0.0382480 secs] [Times: user=0.07 sys=0.00, real=0.04 secs] 
2016-02-24T13:12:29.617+0800: 758946.331: [GC [PSYoungGen: 1379248K->14416K(1379904K)] 3340760K->1976217K(4176128K), 0.0342600 secs] [Times: user=0.06 sys=0.01, real=0.03 secs] 
2016-02-24T13:13:20.117+0800: 758996.832: [GC [PSYoungGen: 1376400K->16016K(1380032K)] 3338201K->1977954K(4176256K), 0.0386010 secs] [Times: user=0.07 sys=0.00, real=0.04 secs] 
2016-02-24T13:14:18.779+0800: 759055.494: [GC [PSYoungGen: 1378000K->16193K(1380352K)] 3339938K->1978342K(4176576K), 0.0383410 secs] [Times: user=0.07 sys=0.00, real=0.04 secs] 
2016-02-24T13:15:15.540+0800: 759112.254: [GC [PSYoungGen: 1378689K->15456K(1380224K)] 3340838K->1978039K(4176448K), 0.0361310 secs] [Times: user=0.07 sys=0.00, real=0.04 secs] 
2016-02-24T13:16:06.511+0800: 759163.226: [GC [PSYoungGen: 1377952K->15552K(1380480K)] 3340535K->1978295K(4176704K), 0.0352980 secs] [Times: user=0.07 sys=0.00, real=0.03 secs] 
2016-02-24T13:17:01.844+0800: 759218.559: [GC [PSYoungGen: 1378368K->17008K(1379840K)] 3341111K->1979864K(4176064K), 0.0454150 secs] [Times: user=0.07 sys=0.01, real=0.04 secs] 
2016-02-24T13:17:56.395+0800: 759273.109: [GC [PSYoungGen: 1379824K->16256K(1380352K)] 3342680K->1979513K(4176576K), 0.0460340 secs] [Times: user=0.09 sys=0.00, real=0.05 secs] 
2016-02-24T13:18:56.503+0800: 759333.217: [GC [PSYoungGen: 1378816K->16832K(1379456K)] 3342073K->1980345K(4175680K), 0.0459390 secs] [Times: user=0.08 sys=0.00, real=0.05 secs] 
2016-02-24T13:19:49.623+0800: 759386.337: [GC [PSYoungGen: 1379392K->15456K(1380288K)] 3342905K->1979242K(4176512K), 0.0369630 secs] [Times: user=0.07 sys=0.00, real=0.04 secs] 
2016-02-24T13:20:44.638+0800: 759441.353: [GC [PSYoungGen: 1377888K->15872K(1380224K)] 3341674K->1979930K(4176448K), 0.0371560 secs] [Times: user=0.07 sys=0.00, real=0.04 secs] 
2016-02-24T13:21:40.363+0800: 759497.077: [GC [PSYoungGen: 1378304K->16608K(1380288K)] 3342362K->1980922K(4176512K), 0.0371610 secs] [Times: user=0.07 sys=0.00, real=0.04 secs] 
2016-02-24T13:22:36.552+0800: 759553.267: [GC [PSYoungGen: 1379232K->15264K(1380352K)] 3343546K->1979843K(4176576K), 0.0378500 secs] [Times: user=0.07 sys=0.00, real=0.03 secs] 
2016-02-24T13:23:25.914+0800: 759602.629: [GC [PSYoungGen: 1377888K->14225K(1380032K)] 3342467K->1979208K(4176256K), 0.0358500 secs] [Times: user=0.07 sys=0.00, real=0.04 secs] 
2016-02-24T13:24:18.916+0800: 759655.631: [GC [PSYoungGen: 1376593K->16992K(1379392K)] 3341576K->1982268K(4175616K), 0.0381870 secs] [Times: user=0.07 sys=0.00, real=0.03 secs] 
2016-02-24T13:25:14.201+0800: 759710.916: [GC [PSYoungGen: 1379360K->14224K(1379776K)] 3344636K->1979704K(4176000K), 0.0347500 secs] [Times: user=0.07 sys=0.00, real=0.04 secs] 
2016-02-24T13:26:12.815+0800: 759769.529: [GC [PSYoungGen: 1375952K->16896K(1378688K)] 3341432K->1982552K(4174912K), 0.0525260 secs] [Times: user=0.10 sys=0.01, real=0.05 secs] 
2016-02-24T13:27:08.974+0800: 759825.688: [GC [PSYoungGen: 1378624K->16368K(1379840K)] 3344280K->1982433K(4176064K), 0.0434560 secs] [Times: user=0.07 sys=0.00, real=0.05 secs] 
2016-02-24T13:28:07.996+0800: 759884.710: [GC [PSYoungGen: 1377904K->15504K(1379776K)] 3343969K->1981833K(4176000K), 0.0419490 secs] [Times: user=0.09 sys=0.00, real=0.04 secs] 
2016-02-24T13:29:09.177+0800: 759945.892: [GC [PSYoungGen: 1377040K->16928K(1379584K)] 3343369K->1983433K(4175808K), 0.0373880 secs] [Times: user=0.07 sys=0.00, real=0.04 secs] 
2016-02-24T13:30:00.244+0800: 759996.958: [GC [PSYoungGen: 1378400K->16032K(1379776K)] 3344905K->1982798K(4176000K), 0.0421810 secs] [Times: user=0.09 sys=0.00, real=0.04 secs] 
2016-02-24T13:30:57.918+0800: 760054.632: [GC [PSYoungGen: 1377504K->16048K(1380224K)] 3344270K->1983309K(4176448K), 0.0363020 secs] [Times: user=0.07 sys=0.00, real=0.04 secs] 
2016-02-24T13:31:46.450+0800: 760103.164: [GC [PSYoungGen: 1378224K->14048K(1380032K)] 3345485K->1981538K(4176256K), 0.0364970 secs] [Times: user=0.06 sys=0.00, real=0.03 secs] 
2016-02-24T13:32:32.122+0800: 760148.836: [GC [PSYoungGen: 1376224K->13184K(1379648K)] 3343714K->1980838K(4175872K), 0.0313790 secs] [Times: user=0.07 sys=0.00, real=0.03 secs] 
2016-02-24T13:33:25.889+0800: 760202.603: [GC [PSYoungGen: 1374754K->16603K(1378240K)] 3342408K->1984433K(4174464K), 0.0380730 secs] [Times: user=0.07 sys=0.00, real=0.04 secs] 
2016-02-24T13:34:27.137+0800: 760263.852: [GC [PSYoungGen: 1378203K->16769K(1379456K)] 3346033K->1984919K(4175680K), 0.0385670 secs] [Times: user=0.07 sys=0.00, real=0.04 secs] 
2016-02-24T13:35:21.124+0800: 760317.839: [GC [PSYoungGen: 1377857K->15808K(1379584K)] 3346007K->1984468K(4175808K), 0.0406600 secs] [Times: user=0.08 sys=0.00, real=0.04 secs] 
2016-02-24T13:36:12.617+0800: 760369.331: [GC [PSYoungGen: 1376896K->13920K(1379712K)] 3345556K->1982748K(4175936K), 0.0310370 secs] [Times: user=0.06 sys=0.00, real=0.03 secs] 
2016-02-24T13:37:12.485+0800: 760429.200: [GC [PSYoungGen: 1375392K->15712K(1379776K)] 3344220K->1984708K(4176000K), 0.0413070 secs] [Times: user=0.08 sys=0.00, real=0.04 secs] 
2016-02-24T13:38:13.373+0800: 760490.088: [GC [PSYoungGen: 1377184K->17008K(1379456K)] 3346180K->1986152K(4175680K), 0.0395980 secs] [Times: user=0.07 sys=0.00, real=0.04 secs] 
2016-02-24T13:39:14.563+0800: 760551.278: [GC [PSYoungGen: 1378352K->16480K(1379712K)] 3347496K->1985857K(4175936K), 0.0387280 secs] [Times: user=0.08 sys=0.00, real=0.04 secs] 
2016-02-24T13:40:16.465+0800: 760613.179: [GC [PSYoungGen: 1377824K->15616K(1379904K)] 3347201K->1985225K(4176128K), 0.0362230 secs] [Times: user=0.07 sys=0.00, real=0.04 secs] 
2016-02-24T13:41:23.400+0800: 760680.114: [GC [PSYoungGen: 1377152K->16896K(1379712K)] 3346761K->1986678K(4175936K), 0.0454680 secs] [Times: user=0.08 sys=0.00, real=0.05 secs] 
2016-02-24T13:42:24.012+0800: 760740.727: [GC [PSYoungGen: 1378432K->14592K(1379776K)] 3348214K->1984655K(4176000K), 0.0409160 secs] [Times: user=0.08 sys=0.00, real=0.04 secs] 
2016-02-24T13:43:22.044+0800: 760798.759: [GC [PSYoungGen: 1376000K->16464K(1379712K)] 3346063K->1986728K(4175936K), 0.0529040 secs] [Times: user=0.10 sys=0.00, real=0.05 secs] 
2016-02-24T13:44:21.087+0800: 760857.802: [GC [PSYoungGen: 1377872K->16672K(1379648K)] 3348136K->1987245K(4175872K), 0.0367060 secs] [Times: user=0.07 sys=0.00, real=0.04 secs] 
2016-02-24T13:45:21.892+0800: 760918.607: [GC [PSYoungGen: 1378016K->17600K(1379008K)] 3348589K->1988617K(4175232K), 0.0446930 secs] [Times: user=0.07 sys=0.01, real=0.05 secs] 
2016-02-24T13:46:24.394+0800: 760981.109: [GC [PSYoungGen: 1378944K->17872K(1378560K)] 3349961K->1989030K(4174784K), 0.0403020 secs] [Times: user=0.07 sys=0.00, real=0.04 secs] 
2016-02-24T13:47:21.654+0800: 761038.368: [GC [PSYoungGen: 1377680K->15712K(1378944K)] 3348838K->1987122K(4175168K), 0.0372240 secs] [Times: user=0.07 sys=0.00, real=0.03 secs] 
2016-02-24T13:48:20.806+0800: 761097.521: [GC [PSYoungGen: 1375520K->15376K(1379264K)] 3346930K->1986935K(4175488K), 0.0359100 secs] [Times: user=0.08 sys=0.00, real=0.04 secs] 
2016-02-24T13:49:19.762+0800: 761156.476: [GC [PSYoungGen: 1375696K->15728K(1379136K)] 3347255K->1987459K(4175360K), 0.0356960 secs] [Times: user=0.07 sys=0.00, real=0.04 secs] 
2016-02-24T13:50:11.862+0800: 761208.577: [GC [PSYoungGen: 1376048K->15648K(1379584K)] 3347779K->1987568K(4175808K), 0.0350450 secs] [Times: user=0.07 sys=0.00, real=0.03 secs] 
2016-02-24T13:51:01.248+0800: 761257.963: [GC [PSYoungGen: 1376608K->15728K(1379456K)] 3348528K->1988013K(4175680K), 0.0456920 secs] [Times: user=0.09 sys=0.00, real=0.04 secs] 
2016-02-24T13:51:58.799+0800: 761315.513: [GC [PSYoungGen: 1376688K->15136K(1379904K)] 3348973K->1987737K(4176128K), 0.0348130 secs] [Times: user=0.07 sys=0.00, real=0.04 secs] 
2016-02-24T13:53:02.031+0800: 761378.745: [GC [PSYoungGen: 1376736K->17792K(1379456K)] 3349337K->1990597K(4175680K), 0.0400620 secs] [Times: user=0.08 sys=0.00, real=0.04 secs] 
2016-02-24T13:53:55.549+0800: 761432.264: [GC [PSYoungGen: 1379392K->17536K(1378816K)] 3352197K->1990566K(4175040K), 0.0375210 secs] [Times: user=0.06 sys=0.00, real=0.04 secs] 
2016-02-24T13:54:51.945+0800: 761488.659: [GC [PSYoungGen: 1377728K->17600K(1377856K)] 3350758K->1990990K(4174080K), 0.0415810 secs] [Times: user=0.08 sys=0.00, real=0.04 secs] 
2016-02-24T13:55:46.321+0800: 761543.035: [GC [PSYoungGen: 1377792K->14784K(1378880K)] 3351182K->1988514K(4175104K), 0.0410280 secs] [Times: user=0.07 sys=0.00, real=0.04 secs] 
2016-02-24T13:56:41.055+0800: 761597.769: [GC [PSYoungGen: 1374464K->15232K(1378880K)] 3348194K->1989430K(4175104K), 0.0344870 secs] [Times: user=0.07 sys=0.00, real=0.04 secs] 
2016-02-24T13:57:46.251+0800: 761662.965: [GC [PSYoungGen: 1374912K->17616K(1378496K)] 3349110K->1991906K(4174720K), 0.0400480 secs] [Times: user=0.08 sys=0.00, real=0.04 secs] 
2016-02-24T13:58:45.524+0800: 761722.239: [GC [PSYoungGen: 1377040K->16304K(1378752K)] 3351330K->1990843K(4174976K), 0.0370130 secs] [Times: user=0.08 sys=0.00, real=0.04 secs] 
2016-02-24T13:59:43.536+0800: 761780.250: [GC [PSYoungGen: 1375728K->15648K(1379200K)] 3350267K->1990339K(4175424K), 0.0402580 secs] [Times: user=0.06 sys=0.00, real=0.04 secs] 
2016-02-24T14:00:35.577+0800: 761832.292: [GC [PSYoungGen: 1375840K->16576K(1379072K)] 3350531K->1991511K(4175296K), 0.0419150 secs] [Times: user=0.08 sys=0.01, real=0.04 secs] 
2016-02-24T14:01:38.395+0800: 761895.110: [GC [PSYoungGen: 1376768K->15840K(1379520K)] 3351703K->1991156K(4175744K), 0.0395310 secs] [Times: user=0.07 sys=0.00, real=0.04 secs] 
2016-02-24T14:02:36.532+0800: 761953.246: [GC [PSYoungGen: 1376608K->16224K(1379328K)] 3351924K->1991768K(4175552K), 0.0369850 secs] [Times: user=0.06 sys=0.00, real=0.03 secs] 
2016-02-24T14:03:40.835+0800: 762017.549: [GC [PSYoungGen: 1376992K->16720K(1379776K)] 3352536K->1992452K(4176000K), 0.0413950 secs] [Times: user=0.07 sys=0.00, real=0.04 secs] 
2016-02-24T14:04:43.675+0800: 762080.389: [GC [PSYoungGen: 1378192K->14912K(1376448K)] 3353924K->1990833K(4172672K), 0.0409630 secs] [Times: user=0.09 sys=0.00, real=0.05 secs] 
2016-02-24T14:05:44.010+0800: 762140.724: [GC [PSYoungGen: 1376384K->16992K(1379584K)] 3352305K->1993224K(4175808K), 0.0404000 secs] [Times: user=0.08 sys=0.00, real=0.04 secs] 
2016-02-24T14:06:53.883+0800: 762210.597: [GC [PSYoungGen: 1378208K->18064K(1379328K)] 3354440K->1994545K(4175552K), 0.0404040 secs] [Times: user=0.07 sys=0.00, real=0.04 secs] 
2016-02-24T14:08:01.916+0800: 762278.630: [GC [PSYoungGen: 1379280K->17104K(1378944K)] 3355761K->1993885K(4175168K), 0.0510490 secs] [Times: user=0.09 sys=0.01, real=0.05 secs] 
2016-02-24T14:09:07.616+0800: 762344.331: [GC [PSYoungGen: 1377296K->17744K(1377984K)] 3354077K->1994702K(4174208K), 0.0496670 secs] [Times: user=0.09 sys=0.00, real=0.05 secs] 
2016-02-24T14:10:06.601+0800: 762403.315: [GC [PSYoungGen: 1377936K->16976K(1379072K)] 3354894K->1994127K(4175296K), 0.0434500 secs] [Times: user=0.08 sys=0.00, real=0.05 secs] 
2016-02-24T14:11:02.402+0800: 762459.116: [GC [PSYoungGen: 1376912K->15328K(1378944K)] 3354063K->1992784K(4175168K), 0.0380380 secs] [Times: user=0.07 sys=0.00, real=0.04 secs] 
2016-02-24T14:12:04.832+0800: 762521.546: [GC [PSYoungGen: 1375264K->17744K(1378688K)] 3352720K->1995592K(4174912K), 0.0442730 secs] [Times: user=0.07 sys=0.00, real=0.05 secs] 
2016-02-24T14:13:04.952+0800: 762581.667: [GC [PSYoungGen: 1377424K->15408K(1378880K)] 3355272K->1993529K(4175104K), 0.0396710 secs] [Times: user=0.07 sys=0.00, real=0.04 secs] 
2016-02-24T14:14:07.394+0800: 762644.109: [GC [PSYoungGen: 1375088K->14624K(1378752K)] 3353209K->1992993K(4174976K), 0.0345790 secs] [Times: user=0.07 sys=0.00, real=0.04 secs] 
2016-02-24T14:15:04.893+0800: 762701.608: [GC [PSYoungGen: 1374176K->18768K(1378368K)] 3352545K->1997282K(4174592K), 0.0444730 secs] [Times: user=0.08 sys=0.00, real=0.05 secs] 
2016-02-24T14:16:03.311+0800: 762760.026: [GC [PSYoungGen: 1378320K->16591K(1378560K)] 3356834K->1995369K(4174784K), 0.0369050 secs] [Times: user=0.07 sys=0.00, real=0.04 secs] 
2016-02-24T14:17:00.591+0800: 762817.305: [GC [PSYoungGen: 1375439K->16881K(1378368K)] 3354217K->1995983K(4174592K), 0.0387000 secs] [Times: user=0.07 sys=0.00, real=0.04 secs] 
2016-02-24T14:17:59.716+0800: 762876.430: [GC [PSYoungGen: 1375729K->14240K(1378432K)] 3354831K->1993820K(4174656K), 0.0334170 secs] [Times: user=0.06 sys=0.00, real=0.03 secs] 
2016-02-24T14:18:56.667+0800: 762933.381: [GC [PSYoungGen: 1373280K->15664K(1378560K)] 3352860K->1995529K(4174784K), 0.0358520 secs] [Times: user=0.07 sys=0.00, real=0.04 secs] 
2016-02-24T14:19:56.074+0800: 762992.789: [GC [PSYoungGen: 1374704K->16048K(1379008K)] 3354569K->1996233K(4175232K), 0.0361970 secs] [Times: user=0.08 sys=0.00, real=0.04 secs] 
2016-02-24T14:20:48.283+0800: 763044.998: [GC [PSYoungGen: 1375728K->14656K(1378752K)] 3355913K->1995069K(4174976K), 0.0344710 secs] [Times: user=0.07 sys=0.00, real=0.04 secs] 
2016-02-24T14:21:55.113+0800: 763111.828: [GC [PSYoungGen: 1374336K->17104K(1378880K)] 3354749K->1997818K(4175104K), 0.0389490 secs] [Times: user=0.07 sys=0.01, real=0.04 secs] 
2016-02-24T14:22:52.585+0800: 763169.299: [GC [PSYoungGen: 1376912K->17280K(1377088K)] 3357626K->1998222K(4173312K), 0.0398590 secs] [Times: user=0.07 sys=0.00, real=0.04 secs] 
2016-02-24T14:23:51.941+0800: 763228.655: [GC [PSYoungGen: 1377088K->16464K(1379072K)] 3358030K->1997546K(4175296K), 0.0433830 secs] [Times: user=0.07 sys=0.00, real=0.05 secs] 
2016-02-24T14:24:55.872+0800: 763292.586: [GC [PSYoungGen: 1376336K->17792K(1377728K)] 3357418K->1999127K(4173952K), 0.0397330 secs] [Times: user=0.07 sys=0.00, real=0.04 secs] 
2016-02-24T14:25:56.759+0800: 763353.473: [GC [PSYoungGen: 1377664K->15792K(1378944K)] 3358999K->1997482K(4175168K), 0.0429510 secs] [Times: user=0.08 sys=0.00, real=0.04 secs] 
2016-02-24T14:26:55.751+0800: 763412.465: [GC [PSYoungGen: 1375472K->15712K(1378816K)] 3357162K->1997690K(4175040K), 0.0525040 secs] [Times: user=0.09 sys=0.00, real=0.06 secs] 
2016-02-24T14:27:55.515+0800: 763472.229: [GC [PSYoungGen: 1375392K->17856K(1378496K)] 3357370K->1999959K(4174720K), 0.0396690 secs] [Times: user=0.08 sys=0.00, real=0.04 secs] 
2016-02-24T14:28:55.588+0800: 763532.303: [GC [PSYoungGen: 1377408K->17345K(1376960K)] 3359511K->1999756K(4173184K), 0.0389510 secs] [Times: user=0.08 sys=0.00, real=0.04 secs] 
2016-02-24T14:29:50.128+0800: 763586.842: [GC [PSYoungGen: 1376897K->14320K(1378624K)] 3359308K->1997172K(4174848K), 0.0352180 secs] [Times: user=0.07 sys=0.00, real=0.04 secs] 
2016-02-24T14:30:39.766+0800: 763636.480: [GC [PSYoungGen: 1373616K->13776K(1373120K)] 3356468K->1996897K(4169344K), 0.0338980 secs] [Times: user=0.07 sys=0.00, real=0.04 secs] 
2016-02-24T14:31:36.205+0800: 763692.919: [GC [PSYoungGen: 1373072K->17072K(1378496K)] 3356193K->2000406K(4174720K), 0.0438690 secs] [Times: user=0.09 sys=0.00, real=0.04 secs] 
2016-02-24T14:32:32.819+0800: 763749.534: [GC [PSYoungGen: 1375984K->16464K(1378496K)] 3359318K->1999898K(4174720K), 0.0385830 secs] [Times: user=0.07 sys=0.00, real=0.04 secs] 
2016-02-24T14:33:29.225+0800: 763805.940: [GC [PSYoungGen: 1375376K->17104K(1378624K)] 3358810K->2000723K(4174848K), 0.0395080 secs] [Times: user=0.07 sys=0.00, real=0.04 secs] 
2016-02-24T14:34:27.543+0800: 763864.258: [GC [PSYoungGen: 1376400K->16128K(1378688K)] 3360019K->2000115K(4174912K), 0.0368990 secs] [Times: user=0.07 sys=0.00, real=0.04 secs] 
2016-02-24T14:35:33.893+0800: 763930.607: [GC [PSYoungGen: 1375424K->15728K(1379200K)] 3359411K->2000088K(4175424K), 0.0379500 secs] [Times: user=0.07 sys=0.00, real=0.04 secs] 
2016-02-24T14:36:33.731+0800: 763990.446: [GC [PSYoungGen: 1375856K->15488K(1379008K)] 3360216K->1999936K(4175232K), 0.0348790 secs] [Times: user=0.07 sys=0.00, real=0.04 secs] 
2016-02-24T14:37:31.205+0800: 764047.919: [GC [PSYoungGen: 1375616K->16384K(1379456K)] 3360064K->2000980K(4175680K), 0.0376740 secs] [Times: user=0.08 sys=0.00, real=0.04 secs] 
2016-02-24T14:38:40.739+0800: 764117.454: [GC [PSYoungGen: 1377088K->17136K(1379328K)] 3361684K->2001909K(4175552K), 0.0381810 secs] [Times: user=0.07 sys=0.00, real=0.04 secs] 
2016-02-24T14:39:36.729+0800: 764173.443: [GC [PSYoungGen: 1377840K->12928K(1378752K)] 3362613K->1997987K(4174976K), 0.0358070 secs] [Times: user=0.08 sys=0.00, real=0.04 secs] 
2016-02-24T14:40:34.143+0800: 764230.858: [GC [PSYoungGen: 1372992K->17328K(1377408K)] 3358051K->2002615K(4173632K), 0.0370830 secs] [Times: user=0.07 sys=0.00, real=0.04 secs] 
2016-02-24T14:41:34.821+0800: 764291.535: [GC [PSYoungGen: 1377392K->18352K(1377792K)] 3362679K->2004127K(4174016K), 0.0393030 secs] [Times: user=0.07 sys=0.00, real=0.04 secs] 
2016-02-24T14:42:32.434+0800: 764349.148: [GC [PSYoungGen: 1376880K->17536K(1376128K)] 3362655K->2003572K(4172352K), 0.0394410 secs] [Times: user=0.08 sys=0.00, real=0.04 secs] 
2016-02-24T14:43:29.502+0800: 764406.216: [GC [PSYoungGen: 1376064K->16336K(1378496K)] 3362100K->2002496K(4174720K), 0.0383600 secs] [Times: user=0.07 sys=0.00, real=0.04 secs] 
2016-02-24T14:44:29.322+0800: 764466.036: [GC [PSYoungGen: 1374928K->16864K(1378176K)] 3361088K->2003395K(4174400K), 0.0422220 secs] [Times: user=0.08 sys=0.00, real=0.05 secs] 
2016-02-24T14:45:24.579+0800: 764521.293: [GC [PSYoungGen: 1375456K->16656K(1378880K)] 3361987K->2003320K(4175104K), 0.0358440 secs] [Times: user=0.07 sys=0.00, real=0.04 secs] 
2016-02-24T14:46:21.964+0800: 764578.679: [GC [PSYoungGen: 1376144K->16320K(1378688K)] 3362808K->2003514K(4174912K), 0.0381130 secs] [Times: user=0.06 sys=0.00, real=0.04 secs] 
2016-02-24T14:47:22.526+0800: 764639.241: [GC [PSYoungGen: 1375808K->16128K(1379328K)] 3363002K->2003687K(4175552K), 0.0404970 secs] [Times: user=0.07 sys=0.00, real=0.04 secs] 
2016-02-24T14:48:20.230+0800: 764696.945: [GC [PSYoungGen: 1376512K->16544K(1379136K)] 3364071K->2004339K(4175360K), 0.0395470 secs] [Times: user=0.07 sys=0.00, real=0.04 secs] 
2016-02-24T14:49:14.440+0800: 764751.154: [GC [PSYoungGen: 1376928K->16832K(1379584K)] 3364723K->2004951K(4175808K), 0.0379810 secs] [Times: user=0.07 sys=0.01, real=0.04 secs] 
2016-02-24T14:50:13.873+0800: 764810.587: [GC [PSYoungGen: 1377856K->15936K(1379520K)] 3365975K->2004443K(4175744K), 0.0362890 secs] [Times: user=0.07 sys=0.00, real=0.04 secs] 
2016-02-24T14:51:10.534+0800: 764867.249: [GC [PSYoungGen: 1376960K->14912K(1379520K)] 3365467K->2003539K(4175744K), 0.0461060 secs] [Times: user=0.10 sys=0.00, real=0.05 secs] 
2016-02-24T14:52:03.001+0800: 764919.715: [GC [PSYoungGen: 1376000K->15072K(1379584K)] 3364627K->2003984K(4175808K), 0.0417780 secs] [Times: user=0.08 sys=0.00, real=0.04 secs] 
2016-02-24T14:52:59.637+0800: 764976.352: [GC [PSYoungGen: 1376160K->17024K(1379392K)] 3365072K->2006368K(4175616K), 0.0384020 secs] [Times: user=0.07 sys=0.00, real=0.04 secs] 
2016-02-24T14:53:57.334+0800: 765034.048: [GC [PSYoungGen: 1377984K->17104K(1378112K)] 3367328K->2006872K(4174336K), 0.0384000 secs] [Times: user=0.07 sys=0.00, real=0.04 secs] 
2016-02-24T14:54:46.914+0800: 765083.629: [GC [PSYoungGen: 1378064K->15872K(1379584K)] 3367832K->2005988K(4175808K), 0.0451350 secs] [Times: user=0.10 sys=0.00, real=0.05 secs] 
2016-02-24T14:55:43.090+0800: 765139.805: [GC [PSYoungGen: 1376832K->14880K(1379456K)] 3366948K->2005129K(4175680K), 0.0364160 secs] [Times: user=0.07 sys=0.00, real=0.04 secs] 
2016-02-24T14:56:38.172+0800: 765194.886: [GC [PSYoungGen: 1375840K->15088K(1379648K)] 3366089K->2005545K(4175872K), 0.0452400 secs] [Times: user=0.08 sys=0.00, real=0.04 secs] 
2016-02-24T14:57:35.506+0800: 765252.221: [GC [PSYoungGen: 1376240K->15072K(1379584K)] 3366697K->2005672K(4175808K), 0.0394840 secs] [Times: user=0.07 sys=0.01, real=0.04 secs] 
2016-02-24T14:58:35.802+0800: 765312.516: [GC [PSYoungGen: 1376224K->16992K(1379328K)] 3366824K->2007761K(4175552K), 0.0394530 secs] [Times: user=0.07 sys=0.00, real=0.04 secs] 
2016-02-24T14:59:33.053+0800: 765369.768: [GC [PSYoungGen: 1377952K->15520K(1379520K)] 3368721K->2006534K(4175744K), 0.0363920 secs] [Times: user=0.07 sys=0.00, real=0.04 secs] 
2016-02-24T15:00:24.563+0800: 765421.278: [GC [PSYoungGen: 1376480K->15904K(1379904K)] 3367494K->2007303K(4176128K), 0.0405530 secs] [Times: user=0.08 sys=0.00, real=0.04 secs] 
2016-02-24T15:01:19.262+0800: 765475.977: [GC [PSYoungGen: 1377440K->15440K(1379712K)] 3368839K->2007279K(4175936K), 0.0356610 secs] [Times: user=0.07 sys=0.00, real=0.04 secs] 
2016-02-24T15:02:22.225+0800: 765538.940: [GC [PSYoungGen: 1376976K->18032K(1378112K)] 3368815K->2011004K(4174336K), 0.0423120 secs] [Times: user=0.08 sys=0.00, real=0.04 secs] 
2016-02-24T15:03:15.552+0800: 765592.266: [GC [PSYoungGen: 1378096K->17728K(1377856K)] 3371068K->2011013K(4174080K), 0.0393440 secs] [Times: user=0.07 sys=0.00, real=0.04 secs] 
2016-02-24T15:04:05.242+0800: 765641.957: [GC [PSYoungGen: 1377792K->16672K(1378944K)] 3371077K->2010146K(4175168K), 0.0377950 secs] [Times: user=0.07 sys=0.00, real=0.04 secs] 
2016-02-24T15:04:58.745+0800: 765695.459: [GC [PSYoungGen: 1376352K->14544K(1378816K)] 3369826K->2008369K(4175040K), 0.0417010 secs] [Times: user=0.08 sys=0.00, real=0.04 secs] 
2016-02-24T15:05:51.346+0800: 765748.060: [GC [PSYoungGen: 1374224K->15520K(1379072K)] 3368049K->2009621K(4175296K), 0.0401690 secs] [Times: user=0.08 sys=0.00, real=0.04 secs] 
2016-02-24T15:06:53.753+0800: 765810.467: [GC [PSYoungGen: 1375456K->17408K(1377344K)] 3369557K->2011637K(4173568K), 0.0440230 secs] [Times: user=0.08 sys=0.00, real=0.04 secs] 
2016-02-24T15:07:50.235+0800: 765866.950: [GC [PSYoungGen: 1377344K->17376K(1378752K)] 3371573K->2011773K(4174976K), 0.0377850 secs] [Times: user=0.06 sys=0.00, real=0.04 secs] 
2016-02-24T15:08:44.135+0800: 765920.850: [GC [PSYoungGen: 1376928K->16496K(1378816K)] 3371325K->2011065K(4175040K), 0.0376130 secs] [Times: user=0.08 sys=0.00, real=0.04 secs] 
2016-02-24T15:09:45.298+0800: 765982.012: [GC [PSYoungGen: 1376048K->16160K(1379264K)] 3370617K->2010938K(4175488K), 0.0394150 secs] [Times: user=0.07 sys=0.00, real=0.04 secs] 
2016-02-24T15:10:35.909+0800: 766032.624: [GC [PSYoungGen: 1376352K->14896K(1379008K)] 3371130K->2010062K(4175232K), 0.0394310 secs] [Times: user=0.09 sys=0.00, real=0.04 secs] 
2016-02-24T15:11:32.461+0800: 766089.175: [GC [PSYoungGen: 1375088K->16544K(1379392K)] 3370254K->2012086K(4175616K), 0.0394630 secs] [Times: user=0.07 sys=0.00, real=0.04 secs] 
2016-02-24T15:12:30.414+0800: 766147.128: [GC [PSYoungGen: 1377120K->16336K(1379264K)] 3372662K->2012222K(4175488K), 0.0378620 secs] [Times: user=0.08 sys=0.00, real=0.04 secs] 
2016-02-24T15:13:30.323+0800: 766207.037: [GC [PSYoungGen: 1376912K->18080K(1378688K)] 3372798K->2014279K(4174912K), 0.0397700 secs] [Times: user=0.07 sys=0.00, real=0.04 secs] 
2016-02-24T15:14:23.719+0800: 766260.434: [GC [PSYoungGen: 1378272K->16528K(1379136K)] 3374471K->2012944K(4175360K), 0.0381960 secs] [Times: user=0.07 sys=0.00, real=0.04 secs] 
2016-02-24T15:15:21.942+0800: 766318.656: [GC [PSYoungGen: 1376720K->17760K(1378880K)] 3373136K->2014456K(4175104K), 0.0378780 secs] [Times: user=0.07 sys=0.00, real=0.04 secs] 
2016-02-24T15:16:22.548+0800: 766379.263: [GC [PSYoungGen: 1377952K->16800K(1379136K)] 3374648K->2013769K(4175360K), 0.0432300 secs] [Times: user=0.09 sys=0.00, real=0.04 secs] 
2016-02-24T15:17:14.471+0800: 766431.186: [GC [PSYoungGen: 1376992K->17280K(1379264K)] 3373961K->2014621K(4175488K), 0.0419500 secs] [Times: user=0.07 sys=0.00, real=0.05 secs] 
2016-02-24T15:18:04.963+0800: 766481.678: [GC [PSYoungGen: 1377728K->15264K(1375744K)] 3375069K->2012746K(4171968K), 0.0333980 secs] [Times: user=0.06 sys=0.00, real=0.03 secs] 
2016-02-24T15:18:58.197+0800: 766534.911: [GC [PSYoungGen: 1375712K->17280K(1379072K)] 3373194K->2015226K(4175296K), 0.0397780 secs] [Times: user=0.07 sys=0.00, real=0.04 secs] 
2016-02-24T15:19:56.556+0800: 766593.270: [GC [PSYoungGen: 1377472K->18032K(1378240K)] 3375418K->2016202K(4174464K), 0.0447770 secs] [Times: user=0.08 sys=0.00, real=0.04 secs] 
2016-02-24T15:20:52.014+0800: 766648.729: [GC [PSYoungGen: 1378224K->16880K(1379072K)] 3376394K->2015359K(4175296K), 0.0393000 secs] [Times: user=0.08 sys=0.00, real=0.04 secs] 
2016-02-24T15:21:45.730+0800: 766702.444: [GC [PSYoungGen: 1376752K->16864K(1378880K)] 3375231K->2015635K(4175104K), 0.0454410 secs] [Times: user=0.07 sys=0.00, real=0.04 secs] 
2016-02-24T15:22:43.993+0800: 766760.707: [GC [PSYoungGen: 1376736K->18784K(1377472K)] 3375507K->2018504K(4173696K), 0.0468540 secs] [Times: user=0.08 sys=0.00, real=0.04 secs] 
2016-02-24T15:23:40.648+0800: 766817.362: [GC [PSYoungGen: 1377440K->17472K(1378368K)] 3377160K->2017440K(4174592K), 0.0429040 secs] [Times: user=0.07 sys=0.00, real=0.05 secs] 
2016-02-24T15:24:37.131+0800: 766873.845: [GC [PSYoungGen: 1376128K->15648K(1378496K)] 3376096K->2015992K(4174720K), 0.0376020 secs] [Times: user=0.07 sys=0.01, real=0.04 secs] 
2016-02-24T15:25:32.330+0800: 766929.045: [GC [PSYoungGen: 1374560K->18653K(1377600K)] 3374904K->2019130K(4173824K), 0.0425510 secs] [Times: user=0.08 sys=0.00, real=0.05 secs] 
2016-02-24T15:26:22.044+0800: 766978.758: [GC [PSYoungGen: 1377565K->16688K(1378304K)] 3378042K->2017812K(4174528K), 0.0393160 secs] [Times: user=0.06 sys=0.01, real=0.04 secs] 
2016-02-24T15:27:07.019+0800: 767023.734: [GC [PSYoungGen: 1375024K->17216K(1378112K)] 3376148K->2018472K(4174336K), 0.0381060 secs] [Times: user=0.07 sys=0.00, real=0.04 secs] 
2016-02-24T15:27:54.426+0800: 767071.141: [GC [PSYoungGen: 1375552K->17216K(1378752K)] 3376808K->2018852K(4174976K), 0.0401970 secs] [Times: user=0.07 sys=0.00, real=0.04 secs] 
2016-02-24T15:28:52.920+0800: 767129.634: [GC [PSYoungGen: 1376384K->16845K(1378496K)] 3378020K->2018666K(4174720K), 0.0416280 secs] [Times: user=0.07 sys=0.00, real=0.05 secs] 
2016-02-24T15:29:52.774+0800: 767189.489: [GC [PSYoungGen: 1376013K->16800K(1379072K)] 3377834K->2018812K(4175296K), 0.0434970 secs] [Times: user=0.08 sys=0.00, real=0.05 secs] 
2016-02-24T15:30:49.053+0800: 767245.768: [GC [PSYoungGen: 1376672K->17232K(1378880K)] 3378684K->2019433K(4175104K), 0.0443510 secs] [Times: user=0.08 sys=0.00, real=0.04 secs] 
2016-02-24T15:31:45.023+0800: 767301.737: [GC [PSYoungGen: 1377104K->18176K(1378688K)] 3379305K->2020481K(4174912K), 0.0430220 secs] [Times: user=0.07 sys=0.00, real=0.04 secs] 
2016-02-24T15:32:39.542+0800: 767356.256: [GC [PSYoungGen: 1377984K->16848K(1378944K)] 3380289K->2019408K(4175168K), 0.0366320 secs] [Times: user=0.07 sys=0.00, real=0.04 secs] 
2016-02-24T15:33:34.326+0800: 767411.041: [GC [PSYoungGen: 1376656K->14064K(1378432K)] 3379216K->2016833K(4174656K), 0.0351870 secs] [Times: user=0.07 sys=0.00, real=0.04 secs] 
2016-02-24T15:34:33.844+0800: 767470.559: [GC [PSYoungGen: 1373488K->14813K(1374272K)] 3376257K->2017974K(4170496K), 0.0419370 secs] [Times: user=0.07 sys=0.00, real=0.04 secs] 
2016-02-24T15:35:24.410+0800: 767521.125: [GC [PSYoungGen: 1374237K->16384K(1378880K)] 3377398K->2019839K(4175104K), 0.0384580 secs] [Times: user=0.08 sys=0.00, real=0.04 secs] 
2016-02-24T15:36:15.711+0800: 767572.426: [GC [PSYoungGen: 1375808K->15712K(1378624K)] 3379263K->2019303K(4174848K), 0.0363220 secs] [Times: user=0.07 sys=0.01, real=0.04 secs] 
2016-02-24T15:37:09.535+0800: 767626.249: [GC [PSYoungGen: 1375136K->18112K(1378240K)] 3378727K->2021915K(4174464K), 0.0422740 secs] [Times: user=0.08 sys=0.00, real=0.04 secs] 
2016-02-24T15:38:06.773+0800: 767683.487: [GC [PSYoungGen: 1377280K->15520K(1378624K)] 3381083K->2019675K(4174848K), 0.0388670 secs] [Times: user=0.08 sys=0.00, real=0.04 secs] 
2016-02-24T15:38:57.394+0800: 767734.108: [GC [PSYoungGen: 1374688K->15168K(1378752K)] 3378843K->2019536K(4174976K), 0.0394550 secs] [Times: user=0.07 sys=0.00, real=0.04 secs] 
2016-02-24T15:39:46.131+0800: 767782.845: [GC [PSYoungGen: 1374592K->15680K(1378752K)] 3378960K->2020180K(4174976K), 0.0375850 secs] [Times: user=0.08 sys=0.00, real=0.04 secs] 
2016-02-24T15:40:31.703+0800: 767828.417: [GC [PSYoungGen: 1375104K->14529K(1378816K)] 3379604K->2019434K(4175040K), 0.0406300 secs] [Times: user=0.09 sys=0.00, real=0.04 secs] 
2016-02-24T15:41:26.778+0800: 767883.492: [GC [PSYoungGen: 1374209K->16816K(1378880K)] 3379114K->2022182K(4175104K), 0.0435820 secs] [Times: user=0.08 sys=0.00, real=0.04 secs] 
2016-02-24T15:42:15.807+0800: 767932.522: [GC [PSYoungGen: 1376496K->15376K(1379072K)] 3381862K->2021091K(4175296K), 0.0351180 secs] [Times: user=0.07 sys=0.00, real=0.04 secs] 
2016-02-24T15:43:00.313+0800: 767977.027: [GC [PSYoungGen: 1375312K->14864K(1378944K)] 3381027K->2020859K(4175168K), 0.0412550 secs] [Times: user=0.07 sys=0.00, real=0.04 secs] 
2016-02-24T15:43:43.404+0800: 768020.118: [GC [PSYoungGen: 1374800K->15824K(1379392K)] 3380795K->2021999K(4175616K), 0.0399930 secs] [Times: user=0.08 sys=0.00, real=0.05 secs] 
2016-02-24T15:44:31.648+0800: 768068.362: [GC [PSYoungGen: 1376272K->16512K(1379136K)] 3382447K->2022864K(4175360K), 0.0366260 secs] [Times: user=0.07 sys=0.00, real=0.04 secs] 
2016-02-24T15:45:20.161+0800: 768116.875: [GC [PSYoungGen: 1376960K->15456K(1379648K)] 3383312K->2022191K(4175872K), 0.0429030 secs] [Times: user=0.08 sys=0.00, real=0.04 secs] 
2016-02-24T15:46:18.577+0800: 768175.291: [GC [PSYoungGen: 1376480K->18177K(1379264K)] 3383215K->2025145K(4175488K), 0.0446650 secs] [Times: user=0.08 sys=0.00, real=0.04 secs] 
2016-02-24T15:47:11.235+0800: 768227.949: [GC [PSYoungGen: 1379201K->17264K(1378624K)] 3386169K->2024588K(4174848K), 0.0426760 secs] [Times: user=0.08 sys=0.00, real=0.04 secs] 
2016-02-24T15:47:58.719+0800: 768275.433: [GC [PSYoungGen: 1377072K->16688K(1378944K)] 3384396K->2024179K(4175168K), 0.0368870 secs] [Times: user=0.07 sys=0.00, real=0.03 secs] 
2016-02-24T15:49:01.475+0800: 768338.189: [GC [PSYoungGen: 1376496K->17536K(1378816K)] 3383987K->2025284K(4175040K), 0.0485980 secs] [Times: user=0.09 sys=0.00, real=0.04 secs] 
2016-02-24T15:49:59.921+0800: 768396.635: [GC [PSYoungGen: 1377344K->18128K(1377984K)] 3385092K->2026147K(4174208K), 0.0388970 secs] [Times: user=0.07 sys=0.00, real=0.03 secs] 
2016-02-24T15:50:53.010+0800: 768449.724: [GC [PSYoungGen: 1377936K->17312K(1378624K)] 3385955K->2025700K(4174848K), 0.0379670 secs] [Times: user=0.07 sys=0.00, real=0.04 secs] 
2016-02-24T15:51:47.901+0800: 768504.616: [GC [PSYoungGen: 1376416K->15552K(1378560K)] 3384804K->2024536K(4174784K), 0.0392020 secs] [Times: user=0.08 sys=0.00, real=0.04 secs] 
2016-02-24T15:52:40.063+0800: 768556.777: [GC [PSYoungGen: 1374656K->15296K(1378752K)] 3383640K->2024625K(4174976K), 0.0406840 secs] [Times: user=0.08 sys=0.00, real=0.04 secs] 
2016-02-24T15:53:36.223+0800: 768612.938: [GC [PSYoungGen: 1374656K->19328K(1378688K)] 3383985K->2029341K(4174912K), 0.0442050 secs] [Times: user=0.08 sys=0.00, real=0.04 secs] 
2016-02-24T15:54:27.225+0800: 768663.939: [GC [PSYoungGen: 1378688K->18624K(1376128K)] 3388701K->2028866K(4172352K), 0.0408010 secs] [Times: user=0.07 sys=0.00, real=0.04 secs] 
2016-02-24T15:55:14.407+0800: 768711.121: [GC [PSYoungGen: 1375360K->18544K(1375296K)] 3385602K->2028943K(4171520K), 0.0490350 secs] [Times: user=0.09 sys=0.00, real=0.05 secs] 
2016-02-24T15:56:04.535+0800: 768761.249: [GC [PSYoungGen: 1375280K->16416K(1377408K)] 3385679K->2027263K(4173632K), 0.0361410 secs] [Times: user=0.07 sys=0.00, real=0.04 secs] 
2016-02-24T15:57:01.198+0800: 768817.912: [GC [PSYoungGen: 1372960K->17120K(1377216K)] 3383807K->2028126K(4173440K), 0.0524510 secs] [Times: user=0.09 sys=0.01, real=0.05 secs] 
2016-02-24T15:57:53.659+0800: 768870.373: [GC [PSYoungGen: 1373664K->16176K(1377920K)] 3384670K->2027259K(4174144K), 0.0383140 secs] [Times: user=0.07 sys=0.00, real=0.04 secs] 
2016-02-24T15:58:48.387+0800: 768925.101: [GC [PSYoungGen: 1373808K->16688K(1377792K)] 3384891K->2028095K(4174016K), 0.0400740 secs] [Times: user=0.08 sys=0.00, real=0.04 secs] 
2016-02-24T15:59:36.327+0800: 768973.042: [GC [PSYoungGen: 1374320K->16800K(1378432K)] 3385727K->2028411K(4174656K), 0.0438670 secs] [Times: user=0.08 sys=0.00, real=0.04 secs] 
2016-02-24T16:00:24.241+0800: 769020.956: [GC [PSYoungGen: 1375328K->16592K(1378176K)] 3386939K->2028572K(4174400K), 0.0424500 secs] [Times: user=0.08 sys=0.00, real=0.04 secs] 
2016-02-24T16:01:15.643+0800: 769072.357: [GC [PSYoungGen: 1375120K->19369K(1374336K)] 3387100K->2035342K(4170560K), 0.0428000 secs] [Times: user=0.10 sys=0.00, real=0.04 secs] 
2016-02-24T16:02:10.507+0800: 769127.222: [GC [PSYoungGen: 1374313K->17773K(1376512K)] 3390286K->2033915K(4172736K), 0.0373200 secs] [Times: user=0.07 sys=0.00, real=0.04 secs] 
2016-02-24T16:03:11.092+0800: 769187.807: [GC [PSYoungGen: 1372717K->17568K(1377216K)] 3388859K->2034209K(4173440K), 0.0401080 secs] [Times: user=0.07 sys=0.00, real=0.04 secs] 
2016-02-24T16:04:04.017+0800: 769240.731: [GC [PSYoungGen: 1373536K->17472K(1376832K)] 3390177K->2034333K(4173056K), 0.0378710 secs] [Times: user=0.07 sys=0.00, real=0.03 secs] 
2016-02-24T16:04:57.594+0800: 769294.308: [GC [PSYoungGen: 1373440K->18304K(1377536K)] 3390301K->2035486K(4173760K), 0.0444600 secs] [Times: user=0.08 sys=0.00, real=0.05 secs] 
2016-02-24T16:05:46.374+0800: 769343.088: [GC [PSYoungGen: 1375296K->16560K(1377536K)] 3392478K->2033939K(4173760K), 0.0461340 secs] [Times: user=0.09 sys=0.00, real=0.05 secs] 
2016-02-24T16:06:41.337+0800: 769398.051: [GC [PSYoungGen: 1373552K->17403K(1377920K)] 3390931K->2035095K(4174144K), 0.0407860 secs] [Times: user=0.08 sys=0.00, real=0.04 secs] 
2016-02-24T16:07:37.242+0800: 769453.956: [GC [PSYoungGen: 1374907K->16512K(1377664K)] 3392599K->2034500K(4173888K), 0.0382610 secs] [Times: user=0.08 sys=0.00, real=0.04 secs] 
2016-02-24T16:08:25.576+0800: 769502.291: [GC [PSYoungGen: 1374016K->15936K(1377984K)] 3392004K->2034144K(4174208K), 0.0372390 secs] [Times: user=0.07 sys=0.00, real=0.04 secs] 
2016-02-24T16:09:12.794+0800: 769549.508: [GC [PSYoungGen: 1373824K->16304K(1377984K)] 3392032K->2034748K(4174208K), 0.0400910 secs] [Times: user=0.07 sys=0.00, real=0.04 secs] 
2016-02-24T16:10:00.665+0800: 769597.379: [GC [PSYoungGen: 1374192K->17280K(1378368K)] 3392636K->2035988K(4174592K), 0.0380960 secs] [Times: user=0.08 sys=0.00, real=0.03 secs] 
2016-02-24T16:10:48.598+0800: 769645.313: [GC [PSYoungGen: 1375680K->14304K(1378112K)] 3394388K->2033380K(4174336K), 0.0371400 secs] [Times: user=0.07 sys=0.00, real=0.04 secs] 
2016-02-24T16:11:36.049+0800: 769692.764: [GC [PSYoungGen: 1372704K->16256K(1378304K)] 3391780K->2035484K(4174528K), 0.0404630 secs] [Times: user=0.07 sys=0.00, real=0.04 secs] 
2016-02-24T16:12:21.600+0800: 769738.314: [GC [PSYoungGen: 1374592K->15104K(1378112K)] 3393820K->2034457K(4174336K), 0.0362740 secs] [Times: user=0.07 sys=0.00, real=0.04 secs] 
2016-02-24T16:13:16.031+0800: 769792.746: [GC [PSYoungGen: 1373440K->18144K(1377792K)] 3392793K->2037666K(4174016K), 0.0402410 secs] [Times: user=0.07 sys=0.00, real=0.04 secs] 
2016-02-24T16:14:12.422+0800: 769849.137: [GC [PSYoungGen: 1376160K->17888K(1375936K)] 3395682K->2037602K(4172160K), 0.0395630 secs] [Times: user=0.07 sys=0.00, real=0.04 secs] 
2016-02-24T16:15:01.815+0800: 769898.529: [GC [PSYoungGen: 1375904K->16496K(1378240K)] 3395618K->2036623K(4174464K), 0.0540300 secs] [Times: user=0.08 sys=0.00, real=0.06 secs] 
2016-02-24T16:15:52.727+0800: 769949.441: [GC [PSYoungGen: 1374640K->15648K(1377984K)] 3394767K->2036047K(4174208K), 0.0412950 secs] [Times: user=0.09 sys=0.00, real=0.04 secs] 
2016-02-24T16:16:41.342+0800: 769998.056: [GC [PSYoungGen: 1373792K->14848K(1378304K)] 3394191K->2035623K(4174528K), 0.0350950 secs] [Times: user=0.07 sys=0.00, real=0.03 secs] 
2016-02-24T16:17:32.185+0800: 770048.900: [GC [PSYoungGen: 1373376K->17954K(1376512K)] 3394151K->2038885K(4172736K), 0.0396140 secs] [Times: user=0.07 sys=0.00, real=0.04 secs] 
2016-02-24T16:18:23.389+0800: 770100.103: [GC [PSYoungGen: 1376482K->15088K(1378176K)] 3397413K->2036462K(4174400K), 0.0398550 secs] [Times: user=0.07 sys=0.00, real=0.04 secs] 
2016-02-24T16:19:10.404+0800: 770147.118: [GC [PSYoungGen: 1373296K->15584K(1378112K)] 3394670K->2037126K(4174336K), 0.0415850 secs] [Times: user=0.07 sys=0.00, real=0.04 secs] 
2016-02-24T16:20:00.002+0800: 770196.716: [GC [PSYoungGen: 1373792K->16112K(1378560K)] 3395334K->2037934K(4174784K), 0.0379250 secs] [Times: user=0.07 sys=0.00, real=0.04 secs] 
2016-02-24T16:20:48.526+0800: 770245.241: [GC [PSYoungGen: 1374896K->17952K(1378304K)] 3396718K->2040090K(4174528K), 0.0467830 secs] [Times: user=0.09 sys=0.00, real=0.04 secs] 
2016-02-24T16:21:43.783+0800: 770300.497: [GC [PSYoungGen: 1376736K->17584K(1378176K)] 3398874K->2040091K(4174400K), 0.0399830 secs] [Times: user=0.07 sys=0.00, real=0.04 secs] 
2016-02-24T16:22:32.360+0800: 770349.075: [GC [PSYoungGen: 1375984K->15200K(1378240K)] 3398491K->2037919K(4174464K), 0.0385620 secs] [Times: user=0.08 sys=0.00, real=0.03 secs] 
2016-02-24T16:23:18.370+0800: 770395.085: [GC [PSYoungGen: 1373600K->15072K(1378432K)] 3396319K->2037927K(4174656K), 0.0360980 secs] [Times: user=0.06 sys=0.01, real=0.04 secs] 
2016-02-24T16:24:06.820+0800: 770443.534: [GC [PSYoungGen: 1373728K->17968K(1376640K)] 3396583K->2040943K(4172864K), 0.0393290 secs] [Times: user=0.07 sys=0.00, real=0.04 secs] 
2016-02-24T16:24:58.685+0800: 770495.399: [GC [PSYoungGen: 1376624K->17072K(1378304K)] 3399599K->2040384K(4174528K), 0.0411420 secs] [Times: user=0.07 sys=0.01, real=0.04 secs] 
2016-02-24T16:25:50.224+0800: 770546.938: [GC [PSYoungGen: 1375408K->17264K(1378112K)] 3398720K->2040981K(4174336K), 0.0417490 secs] [Times: user=0.07 sys=0.00, real=0.04 secs] 
2016-02-24T16:26:37.073+0800: 770593.787: [GC [PSYoungGen: 1375600K->17952K(1377984K)] 3399317K->2042024K(4174208K), 0.0419700 secs] [Times: user=0.08 sys=0.00, real=0.04 secs] 
2016-02-24T16:27:29.883+0800: 770646.597: [GC [PSYoungGen: 1376224K->16240K(1378176K)] 3400296K->2040501K(4174400K), 0.0347210 secs] [Times: user=0.07 sys=0.00, real=0.03 secs] 
2016-02-24T16:28:24.189+0800: 770700.903: [GC [PSYoungGen: 1374512K->17280K(1378496K)] 3398773K->2041749K(4174720K), 0.0397500 secs] [Times: user=0.08 sys=0.00, real=0.04 secs] 
2016-02-24T16:29:14.259+0800: 770750.973: [GC [PSYoungGen: 1376064K->17216K(1378368K)] 3400533K->2042102K(4174592K), 0.0370290 secs] [Times: user=0.06 sys=0.00, real=0.04 secs] 
2016-02-24T16:30:05.694+0800: 770802.409: [GC [PSYoungGen: 1376000K->15488K(1378624K)] 3400886K->2040528K(4174848K), 0.0351910 secs] [Times: user=0.07 sys=0.00, real=0.04 secs] 
2016-02-24T16:31:00.903+0800: 770857.618: [GC [PSYoungGen: 1374656K->18016K(1377216K)] 3399696K->2043320K(4173440K), 0.0426350 secs] [Times: user=0.09 sys=0.00, real=0.04 secs] 
2016-02-24T16:31:50.898+0800: 770907.612: [GC [PSYoungGen: 1377184K->16992K(1378624K)] 3402488K->2042452K(4174848K), 0.0385560 secs] [Times: user=0.07 sys=0.00, real=0.04 secs] 
2016-02-24T16:32:41.703+0800: 770958.417: [GC [PSYoungGen: 1375968K->16240K(1378432K)] 3401428K->2042033K(4174656K), 0.0385690 secs] [Times: user=0.08 sys=0.00, real=0.04 secs] 
2016-02-24T16:33:35.469+0800: 771012.184: [GC [PSYoungGen: 1375216K->17584K(1378688K)] 3401009K->2043717K(4174912K), 0.0361900 secs] [Times: user=0.07 sys=0.00, real=0.03 secs] 
2016-02-24T16:34:25.630+0800: 771062.344: [GC [PSYoungGen: 1377008K->15440K(1378752K)] 3403141K->2041801K(4174976K), 0.0468110 secs] [Times: user=0.09 sys=0.00, real=0.05 secs] 
2016-02-24T16:35:12.521+0800: 771109.236: [GC [PSYoungGen: 1374864K->14768K(1378624K)] 3401225K->2041362K(4174848K), 0.0362310 secs] [Times: user=0.07 sys=0.00, real=0.03 secs] 
2016-02-24T16:36:01.901+0800: 771158.615: [GC [PSYoungGen: 1374064K->16336K(1378688K)] 3400658K->2043126K(4174912K), 0.0383500 secs] [Times: user=0.08 sys=0.00, real=0.04 secs] 
2016-02-24T16:36:56.894+0800: 771213.609: [GC [PSYoungGen: 1375632K->17344K(1378816K)] 3402422K->2044631K(4175040K), 0.0388350 secs] [Times: user=0.07 sys=0.00, real=0.04 secs] 
2016-02-24T16:37:47.669+0800: 771264.384: [GC [PSYoungGen: 1377024K->16288K(1378880K)] 3404311K->2044019K(4175104K), 0.0399040 secs] [Times: user=0.08 sys=0.00, real=0.04 secs] 
2016-02-24T16:38:39.863+0800: 771316.577: [GC [PSYoungGen: 1375968K->16992K(1379136K)] 3403699K->2044911K(4175360K), 0.0393500 secs] [Times: user=0.08 sys=0.00, real=0.04 secs] 
2016-02-24T16:39:32.764+0800: 771369.478: [GC [PSYoungGen: 1377120K->17152K(1379072K)] 3405039K->2045355K(4175296K), 0.0420650 secs] [Times: user=0.08 sys=0.00, real=0.04 secs] 
2016-02-24T16:40:26.759+0800: 771423.474: [GC [PSYoungGen: 1377280K->15760K(1379264K)] 3405483K->2044243K(4175488K), 0.0373230 secs] [Times: user=0.06 sys=0.00, real=0.04 secs] 
2016-02-24T16:41:22.266+0800: 771478.981: [GC [PSYoungGen: 1376144K->18800K(1379200K)] 3404627K->2047539K(4175424K), 0.0471640 secs] [Times: user=0.08 sys=0.00, real=0.05 secs] 
2016-02-24T16:42:25.983+0800: 771542.697: [GC [PSYoungGen: 1379184K->18658K(1377024K)] 3407923K->2047846K(4173248K), 0.0405550 secs] [Times: user=0.08 sys=0.00, real=0.04 secs] 
2016-02-24T16:43:22.320+0800: 771599.034: [GC [PSYoungGen: 1376802K->17376K(1378112K)] 3405990K->2046992K(4174336K), 0.0389280 secs] [Times: user=0.07 sys=0.01, real=0.04 secs] 
2016-02-24T16:44:12.326+0800: 771649.041: [GC [PSYoungGen: 1375520K->16800K(1378496K)] 3405136K->2046689K(4174720K), 0.0394000 secs] [Times: user=0.07 sys=0.00, real=0.04 secs] 
2016-02-24T16:45:08.833+0800: 771705.547: [GC [PSYoungGen: 1375520K->17664K(1378304K)] 3405409K->2047857K(4174528K), 0.0487110 secs] [Times: user=0.08 sys=0.00, real=0.04 secs] 
2016-02-24T16:45:58.827+0800: 771755.541: [GC [PSYoungGen: 1376384K->16144K(1378624K)] 3406577K->2046606K(4174848K), 0.0383930 secs] [Times: user=0.07 sys=0.00, real=0.04 secs] 
2016-02-24T16:46:54.033+0800: 771810.748: [GC [PSYoungGen: 1375248K->16880K(1378560K)] 3405710K->2047638K(4174784K), 0.0372580 secs] [Times: user=0.07 sys=0.00, real=0.04 secs] 
2016-02-24T16:47:39.786+0800: 771856.501: [GC [PSYoungGen: 1375984K->17616K(1378816K)] 3406742K->2048598K(4175040K), 0.0417160 secs] [Times: user=0.08 sys=0.00, real=0.04 secs] 
2016-02-24T16:48:28.511+0800: 771905.226: [GC [PSYoungGen: 1377168K->16560K(1378816K)] 3408150K->2047695K(4175040K), 0.0398100 secs] [Times: user=0.06 sys=0.00, real=0.04 secs] 
2016-02-24T16:49:15.504+0800: 771952.219: [GC [PSYoungGen: 1376112K->15425K(1378816K)] 3407247K->2046700K(4175040K), 0.0375980 secs] [Times: user=0.07 sys=0.00, real=0.04 secs] 
2016-02-24T16:50:04.605+0800: 772001.319: [GC [PSYoungGen: 1375105K->15440K(1378880K)] 3406380K->2047184K(4175104K), 0.0365630 secs] [Times: user=0.07 sys=0.00, real=0.03 secs] 
2016-02-24T16:50:53.388+0800: 772050.102: [GC [PSYoungGen: 1375120K->14912K(1378752K)] 3406864K->2046873K(4174976K), 0.0398080 secs] [Times: user=0.08 sys=0.00, real=0.04 secs] 
2016-02-24T16:51:45.390+0800: 772102.104: [GC [PSYoungGen: 1374464K->15904K(1378816K)] 3406425K->2048077K(4175040K), 0.0417400 secs] [Times: user=0.08 sys=0.00, real=0.04 secs] 
2016-02-24T16:52:41.769+0800: 772158.484: [GC [PSYoungGen: 1375456K->17408K(1378880K)] 3407629K->2049857K(4175104K), 0.0404680 secs] [Times: user=0.07 sys=0.00, real=0.04 secs] 
2016-02-24T16:53:35.273+0800: 772211.988: [GC [PSYoungGen: 1377216K->18574K(1378432K)] 3409665K->2051392K(4174656K), 0.0397300 secs] [Times: user=0.08 sys=0.00, real=0.04 secs] 
2016-02-24T16:54:20.461+0800: 772257.175: [GC [PSYoungGen: 1378382K->15984K(1378560K)] 3411200K->2049378K(4174784K), 0.0393090 secs] [Times: user=0.07 sys=0.00, real=0.04 secs] 
2016-02-24T16:55:10.850+0800: 772307.564: [GC [PSYoungGen: 1374896K->16032K(1378432K)] 3408290K->2049546K(4174656K), 0.0348860 secs] [Times: user=0.06 sys=0.00, real=0.04 secs] 
2016-02-24T16:56:00.357+0800: 772357.071: [GC [PSYoungGen: 1374944K->16224K(1378944K)] 3408458K->2050059K(4175168K), 0.0375080 secs] [Times: user=0.07 sys=0.00, real=0.04 secs] 
2016-02-24T16:56:46.741+0800: 772403.455: [GC [PSYoungGen: 1375840K->14112K(1378752K)] 3409675K->2048355K(4174976K), 0.0385810 secs] [Times: user=0.07 sys=0.00, real=0.03 secs] 
2016-02-24T16:57:43.320+0800: 772460.035: [GC [PSYoungGen: 1373728K->16704K(1378944K)] 3407971K->2051167K(4175168K), 0.0417640 secs] [Times: user=0.07 sys=0.00, real=0.04 secs] 
2016-02-24T16:58:33.003+0800: 772509.718: [GC [PSYoungGen: 1376384K->16000K(1378816K)] 3410847K->2050603K(4175040K), 0.0439270 secs] [Times: user=0.08 sys=0.00, real=0.05 secs] 
2016-02-24T16:59:30.442+0800: 772567.156: [GC [PSYoungGen: 1375680K->18592K(1377984K)] 3410283K->2053443K(4174208K), 0.0450470 secs] [Times: user=0.07 sys=0.00, real=0.04 secs] 
2016-02-24T17:00:24.250+0800: 772620.965: [GC [PSYoungGen: 1377632K->16752K(1378560K)] 3412483K->2051807K(4174784K), 0.0389370 secs] [Times: user=0.07 sys=0.00, real=0.04 secs] 
2016-02-24T17:01:20.140+0800: 772676.854: [GC [PSYoungGen: 1375792K->16320K(1379008K)] 3410847K->2051636K(4175232K), 0.0366400 secs] [Times: user=0.07 sys=0.00, real=0.04 secs] 
2016-02-24T17:02:14.784+0800: 772731.499: [GC [PSYoungGen: 1376064K->16480K(1378816K)] 3411380K->2052092K(4175040K), 0.0437970 secs] [Times: user=0.09 sys=0.00, real=0.05 secs] 
2016-02-24T17:03:02.791+0800: 772779.505: [GC [PSYoungGen: 1376224K->15792K(1379328K)] 3411836K->2051609K(4175552K), 0.0345030 secs] [Times: user=0.06 sys=0.00, real=0.03 secs] 
2016-02-24T17:03:53.755+0800: 772830.469: [GC [PSYoungGen: 1376304K->17568K(1378112K)] 3412121K->2053861K(4174336K), 0.0421890 secs] [Times: user=0.08 sys=0.00, real=0.04 secs] 
2016-02-24T17:04:48.420+0800: 772885.134: [GC [PSYoungGen: 1378080K->15456K(1379200K)] 3414373K->2052021K(4175424K), 0.0397990 secs] [Times: user=0.08 sys=0.00, real=0.04 secs] 
2016-02-24T17:05:34.863+0800: 772931.577: [GC [PSYoungGen: 1375712K->14176K(1374464K)] 3412277K->2050917K(4170688K), 0.0336330 secs] [Times: user=0.07 sys=0.00, real=0.04 secs] 
2016-02-24T17:06:29.820+0800: 772986.535: [GC [PSYoungGen: 1374432K->17376K(1378688K)] 3411173K->2054357K(4174912K), 0.0455730 secs] [Times: user=0.09 sys=0.00, real=0.05 secs] 
2016-02-24T17:07:18.122+0800: 773034.836: [GC [PSYoungGen: 1377056K->14720K(1378880K)] 3414037K->2051949K(4175104K), 0.0392350 secs] [Times: user=0.08 sys=0.00, real=0.04 secs] 
2016-02-24T17:08:13.870+0800: 773090.585: [GC [PSYoungGen: 1374400K->15984K(1379200K)] 3411629K->2053506K(4175424K), 0.0391950 secs] [Times: user=0.07 sys=0.00, real=0.04 secs] 
2016-02-24T17:09:04.721+0800: 773141.436: [GC [PSYoungGen: 1375984K->18863K(1378880K)] 3413506K->2057442K(4175104K), 0.0434430 secs] [Times: user=0.10 sys=0.00, real=0.05 secs] 
2016-02-24T17:09:54.114+0800: 773190.828: [GC [PSYoungGen: 1378863K->16944K(1377600K)] 3417442K->2059622K(4173824K), 0.0444060 secs] [Times: user=0.10 sys=0.00, real=0.04 secs] 
2016-02-24T17:10:36.968+0800: 773233.682: [GC [PSYoungGen: 1375344K->13472K(1371904K)] 3418022K->2056514K(4168128K), 0.0347650 secs] [Times: user=0.07 sys=0.00, real=0.04 secs] 
2016-02-24T17:11:30.024+0800: 773286.738: [GC [PSYoungGen: 1371872K->15968K(1378368K)] 3414914K->2059137K(4174592K), 0.0377040 secs] [Times: user=0.07 sys=0.00, real=0.04 secs] 
2016-02-24T17:12:19.929+0800: 773336.643: [GC [PSYoungGen: 1374304K->16448K(1378048K)] 3417473K->2059733K(4174272K), 0.0440010 secs] [Times: user=0.08 sys=0.00, real=0.05 secs] 
2016-02-24T17:13:14.716+0800: 773391.430: [GC [PSYoungGen: 1374784K->18176K(1377856K)] 3418069K->2061606K(4174080K), 0.0436360 secs] [Times: user=0.07 sys=0.00, real=0.05 secs] 
2016-02-24T17:14:08.088+0800: 773444.802: [GC [PSYoungGen: 1376576K->19264K(1377728K)] 3420006K->2062999K(4173952K), 0.0487760 secs] [Times: user=0.09 sys=0.00, real=0.05 secs] 
2016-02-24T17:14:59.220+0800: 773495.934: [GC [PSYoungGen: 1377664K->16256K(1377856K)] 3421399K->2060403K(4174080K), 0.0439590 secs] [Times: user=0.09 sys=0.00, real=0.04 secs] 
2016-02-24T17:15:52.753+0800: 773549.468: [GC [PSYoungGen: 1373760K->15808K(1377728K)] 3417907K->2060055K(4173952K), 0.0431970 secs] [Times: user=0.08 sys=0.00, real=0.04 secs] 
2016-02-24T17:16:47.375+0800: 773604.089: [GC [PSYoungGen: 1373312K->17600K(1377920K)] 3417559K->2061987K(4174144K), 0.0414200 secs] [Times: user=0.07 sys=0.00, real=0.05 secs] 
2016-02-24T17:17:39.463+0800: 773656.177: [GC [PSYoungGen: 1375488K->18016K(1375936K)] 3419875K->2062547K(4172160K), 0.0398930 secs] [Times: user=0.08 sys=0.00, real=0.04 secs] 
2016-02-24T17:18:38.018+0800: 773714.732: [GC [PSYoungGen: 1375904K->18288K(1377472K)] 3420435K->2063068K(4173696K), 0.0413440 secs] [Times: user=0.08 sys=0.00, real=0.04 secs] 
2016-02-24T17:19:26.554+0800: 773763.268: [GC [PSYoungGen: 1375536K->14416K(1371712K)] 3420316K->2059572K(4167936K), 0.0333280 secs] [Times: user=0.06 sys=0.00, real=0.04 secs] 
2016-02-24T17:20:13.550+0800: 773810.265: [GC [PSYoungGen: 1371664K->16160K(1377856K)] 3416820K->2061585K(4174080K), 0.0388120 secs] [Times: user=0.07 sys=0.00, real=0.04 secs] 
2016-02-24T17:21:04.418+0800: 773861.132: [GC [PSYoungGen: 1373472K->15424K(1377536K)] 3418897K->2061025K(4173760K), 0.0376160 secs] [Times: user=0.06 sys=0.00, real=0.04 secs] 
2016-02-24T17:21:59.301+0800: 773916.015: [GC [PSYoungGen: 1372736K->16864K(1378240K)] 3418337K->2062653K(4174464K), 0.0482110 secs] [Times: user=0.08 sys=0.00, real=0.05 secs] 
2016-02-24T17:22:50.636+0800: 773967.351: [GC [PSYoungGen: 1375008K->15296K(1377984K)] 3420797K->2061249K(4174208K), 0.0407700 secs] [Times: user=0.08 sys=0.00, real=0.04 secs] 
2016-02-24T17:23:37.330+0800: 774014.044: [GC [PSYoungGen: 1373440K->13552K(1378048K)] 3419393K->2059658K(4174272K), 0.0351530 secs] [Times: user=0.07 sys=0.00, real=0.03 secs] 
2016-02-24T17:24:28.123+0800: 774064.838: [GC [PSYoungGen: 1371824K->14048K(1378176K)] 3417930K->2060570K(4174400K), 0.0360860 secs] [Times: user=0.07 sys=0.00, real=0.04 secs] 
2016-02-24T17:25:21.265+0800: 774117.980: [GC [PSYoungGen: 1372320K->14816K(1378368K)] 3418842K->2061602K(4174592K), 0.0362690 secs] [Times: user=0.06 sys=0.01, real=0.03 secs] 
2016-02-24T17:26:20.414+0800: 774177.128: [GC [PSYoungGen: 1373280K->17856K(1376384K)] 3420066K->2064783K(4172608K), 0.0389820 secs] [Times: user=0.06 sys=0.00, real=0.04 secs] 
2016-02-24T17:27:17.384+0800: 774234.099: [GC [PSYoungGen: 1376320K->16736K(1378176K)] 3423247K->2063955K(4174400K), 0.0436810 secs] [Times: user=0.07 sys=0.00, real=0.04 secs] 
2016-02-24T17:28:17.188+0800: 774293.902: [GC [PSYoungGen: 1374816K->16416K(1377984K)] 3422035K->2063980K(4174208K), 0.0414030 secs] [Times: user=0.08 sys=0.01, real=0.04 secs] 
2016-02-24T17:29:15.205+0800: 774351.920: [GC [PSYoungGen: 1374496K->18192K(1377536K)] 3422060K->2066277K(4173760K), 0.0424300 secs] [Times: user=0.08 sys=0.00, real=0.05 secs] 
2016-02-24T17:30:12.487+0800: 774409.201: [GC [PSYoungGen: 1376080K->14784K(1377984K)] 3424165K->2063129K(4174208K), 0.0356490 secs] [Times: user=0.07 sys=0.00, real=0.03 secs] 
2016-02-24T17:31:04.526+0800: 774461.240: [GC [PSYoungGen: 1372672K->14145K(1378112K)] 3421017K->2062654K(4174336K), 0.0389830 secs] [Times: user=0.08 sys=0.00, real=0.04 secs] 
2016-02-24T17:32:05.730+0800: 774522.445: [GC [PSYoungGen: 1372289K->15632K(1378112K)] 3420798K->2064375K(4174336K), 0.0377480 secs] [Times: user=0.08 sys=0.00, real=0.04 secs] 
2016-02-24T17:33:05.077+0800: 774581.792: [GC [PSYoungGen: 1373776K->16480K(1378624K)] 3422519K->2065536K(4174848K), 0.0390740 secs] [Times: user=0.07 sys=0.00, real=0.04 secs] 
2016-02-24T17:34:00.790+0800: 774637.504: [GC [PSYoungGen: 1375520K->15264K(1378496K)] 3424576K->2064608K(4174720K), 0.0342320 secs] [Times: user=0.07 sys=0.00, real=0.04 secs] 
2016-02-24T17:34:58.481+0800: 774695.195: [GC [PSYoungGen: 1374304K->17152K(1378624K)] 3423648K->2066693K(4174848K), 0.0404010 secs] [Times: user=0.08 sys=0.00, real=0.04 secs] 
2016-02-24T17:36:00.567+0800: 774757.282: [GC [PSYoungGen: 1376576K->16912K(1378752K)] 3426117K->2066637K(4174976K), 0.0382050 secs] [Times: user=0.07 sys=0.00, real=0.04 secs] 
2016-02-24T17:37:04.600+0800: 774821.315: [GC [PSYoungGen: 1376336K->15168K(1378880K)] 3426061K->2065166K(4175104K), 0.0382770 secs] [Times: user=0.06 sys=0.00, real=0.03 secs] 
2016-02-24T17:38:00.702+0800: 774877.416: [GC [PSYoungGen: 1374720K->18064K(1377664K)] 3424718K->2068183K(4173888K), 0.0380090 secs] [Times: user=0.06 sys=0.00, real=0.04 secs] 
2016-02-24T17:39:05.645+0800: 774942.360: [GC [PSYoungGen: 1377616K->17632K(1378048K)] 3427735K->2067968K(4174272K), 0.0384440 secs] [Times: user=0.07 sys=0.00, real=0.04 secs] 
2016-02-24T17:40:09.313+0800: 775006.027: [GC [PSYoungGen: 1376032K->15760K(1378240K)] 3426368K->2066556K(4174464K), 0.0380430 secs] [Times: user=0.07 sys=0.00, real=0.04 secs] 
2016-02-24T17:41:05.204+0800: 775061.918: [GC [PSYoungGen: 1374160K->16326K(1378816K)] 3424956K->2067210K(4175040K), 0.0395250 secs] [Times: user=0.08 sys=0.00, real=0.03 secs] 
2016-02-24T17:42:06.283+0800: 775122.997: [GC [PSYoungGen: 1375558K->15504K(1378496K)] 3426442K->2066668K(4174720K), 0.0377620 secs] [Times: user=0.08 sys=0.00, real=0.04 secs] 
2016-02-24T17:43:02.763+0800: 775179.478: [GC [PSYoungGen: 1374736K->15456K(1379136K)] 3425900K->2066837K(4175360K), 0.0359910 secs] [Times: user=0.07 sys=0.00, real=0.04 secs] 
2016-02-24T17:43:57.617+0800: 775234.332: [GC [PSYoungGen: 1375520K->14400K(1379008K)] 3426901K->2065921K(4175232K), 0.0336850 secs] [Times: user=0.07 sys=0.00, real=0.03 secs] 
2016-02-24T17:44:57.490+0800: 775294.204: [GC [PSYoungGen: 1374464K->17312K(1378624K)] 3425985K->2069009K(4174848K), 0.0371510 secs] [Times: user=0.07 sys=0.00, real=0.03 secs] 
2016-02-24T17:45:45.981+0800: 775342.696: [GC [PSYoungGen: 1376992K->14944K(1378880K)] 3428689K->2066845K(4175104K), 0.0340030 secs] [Times: user=0.07 sys=0.00, real=0.03 secs] 
2016-02-24T17:46:45.107+0800: 775401.822: [GC [PSYoungGen: 1374624K->18032K(1378112K)] 3426525K->2070151K(4174336K), 0.0391490 secs] [Times: user=0.08 sys=0.00, real=0.04 secs] 
2016-02-24T17:47:43.288+0800: 775460.002: [GC [PSYoungGen: 1377072K->17136K(1378560K)] 3429191K->2069756K(4174784K), 0.0384820 secs] [Times: user=0.07 sys=0.01, real=0.03 secs] 
2016-02-24T17:48:47.018+0800: 775523.733: [GC [PSYoungGen: 1376176K->17605K(1378176K)] 3428796K->2070438K(4174400K), 0.0427340 secs] [Times: user=0.07 sys=0.00, real=0.04 secs] 
2016-02-24T17:49:44.122+0800: 775580.836: [GC [PSYoungGen: 1376261K->16048K(1378368K)] 3429094K->2069224K(4174592K), 0.0366750 secs] [Times: user=0.08 sys=0.00, real=0.03 secs] 
2016-02-24T17:50:40.659+0800: 775637.373: [GC [PSYoungGen: 1374704K->15877K(1378880K)] 3427880K->2069505K(4175104K), 0.0429840 secs] [Times: user=0.08 sys=0.00, real=0.04 secs] 
2016-02-24T17:51:38.876+0800: 775695.590: [GC [PSYoungGen: 1375301K->14550K(1378624K)] 3428929K->2068571K(4174848K), 0.0341960 secs] [Times: user=0.06 sys=0.00, real=0.03 secs] 
2016-02-24T17:52:35.079+0800: 775751.793: [GC [PSYoungGen: 1373974K->17072K(1378816K)] 3427995K->2071278K(4175040K), 0.0396990 secs] [Times: user=0.08 sys=0.00, real=0.04 secs] 
2016-02-24T17:53:34.903+0800: 775811.617: [GC [PSYoungGen: 1376624K->15504K(1378816K)] 3430830K->2069838K(4175040K), 0.0365320 secs] [Times: user=0.07 sys=0.00, real=0.04 secs] 
2016-02-24T17:54:32.700+0800: 775869.415: [GC [PSYoungGen: 1375056K->16769K(1379072K)] 3429390K->2071315K(4175296K), 0.0388040 secs] [Times: user=0.08 sys=0.00, real=0.04 secs] 
2016-02-24T17:55:29.683+0800: 775926.398: [GC [PSYoungGen: 1376769K->14816K(1379008K)] 3431315K->2069839K(4175232K), 0.0332540 secs] [Times: user=0.07 sys=0.00, real=0.03 secs] 
2016-02-24T17:56:29.195+0800: 775985.909: [GC [PSYoungGen: 1374816K->16192K(1379328K)] 3429839K->2071419K(4175552K), 0.0383190 secs] [Times: user=0.08 sys=0.00, real=0.04 secs] 
2016-02-24T17:57:17.051+0800: 776033.765: [GC [PSYoungGen: 1376512K->15616K(1379072K)] 3431739K->2071003K(4175296K), 0.0356700 secs] [Times: user=0.06 sys=0.00, real=0.04 secs] 
2016-02-24T17:58:08.081+0800: 776084.795: [GC [PSYoungGen: 1375936K->15632K(1379712K)] 3431323K->2071136K(4175936K), 0.0377330 secs] [Times: user=0.07 sys=0.00, real=0.03 secs] 
2016-02-24T17:59:05.227+0800: 776141.941: [GC [PSYoungGen: 1376784K->14848K(1379520K)] 3432288K->2070796K(4175744K), 0.0347510 secs] [Times: user=0.07 sys=0.00, real=0.04 secs] 
2016-02-24T17:59:57.526+0800: 776194.240: [GC [PSYoungGen: 1376000K->15664K(1379904K)] 3431948K->2071909K(4176128K), 0.0423930 secs] [Times: user=0.07 sys=0.00, real=0.04 secs] 
2016-02-24T18:00:49.585+0800: 776246.300: [GC [PSYoungGen: 1377200K->15184K(1379712K)] 3433445K->2071658K(4175936K), 0.0405620 secs] [Times: user=0.08 sys=0.00, real=0.04 secs] 
2016-02-24T18:01:54.549+0800: 776311.263: [GC [PSYoungGen: 1376720K->17104K(1379520K)] 3433194K->2073871K(4175744K), 0.0411510 secs] [Times: user=0.08 sys=0.00, real=0.04 secs] 
2016-02-24T18:02:57.581+0800: 776374.296: [GC [PSYoungGen: 1378576K->15760K(1379776K)] 3435343K->2072979K(4176000K), 0.0414200 secs] [Times: user=0.08 sys=0.00, real=0.04 secs] 
2016-02-24T18:03:54.260+0800: 776430.974: [GC [PSYoungGen: 1377232K->15968K(1380160K)] 3434451K->2073308K(4176384K), 0.0374980 secs] [Times: user=0.07 sys=0.00, real=0.04 secs] 
2016-02-24T18:04:50.799+0800: 776487.513: [GC [PSYoungGen: 1378016K->16832K(1379968K)] 3435356K->2074377K(4176192K), 0.0347900 secs] [Times: user=0.06 sys=0.01, real=0.03 secs] 
2016-02-24T18:05:48.174+0800: 776544.888: [GC [PSYoungGen: 1378880K->15328K(1380096K)] 3436425K->2073181K(4176320K), 0.0413190 secs] [Times: user=0.07 sys=0.01, real=0.04 secs] 
2016-02-24T18:06:49.665+0800: 776606.379: [GC [PSYoungGen: 1377376K->16608K(1380032K)] 3435229K->2074705K(4176256K), 0.0386850 secs] [Times: user=0.08 sys=0.00, real=0.04 secs] 
2016-02-24T18:07:55.757+0800: 776672.471: [GC [PSYoungGen: 1378656K->16096K(1380224K)] 3436753K->2074353K(4176448K), 0.0360000 secs] [Times: user=0.07 sys=0.00, real=0.04 secs] 
2016-02-24T18:09:02.382+0800: 776739.097: [GC [PSYoungGen: 1378336K->16096K(1380096K)] 3436593K->2074433K(4176320K), 0.0387690 secs] [Times: user=0.08 sys=0.00, real=0.04 secs] 
2016-02-24T18:10:04.772+0800: 776801.487: [GC [PSYoungGen: 1378336K->14800K(1380288K)] 3436673K->2073325K(4176512K), 0.0360680 secs] [Times: user=0.07 sys=0.00, real=0.04 secs] 
2016-02-24T18:11:03.409+0800: 776860.124: [GC [PSYoungGen: 1377424K->15697K(1380352K)] 3435949K->2074471K(4176576K), 0.0421470 secs] [Times: user=0.07 sys=0.01, real=0.05 secs] 
2016-02-24T18:12:06.149+0800: 776922.864: [GC [PSYoungGen: 1378321K->16624K(1380224K)] 3437095K->2075867K(4176448K), 0.0389440 secs] [Times: user=0.07 sys=0.00, real=0.04 secs] 
2016-02-24T18:13:07.561+0800: 776984.275: [GC [PSYoungGen: 1379248K->14816K(1380352K)] 3438491K->2074368K(4176576K), 0.0432580 secs] [Times: user=0.08 sys=0.00, real=0.05 secs] 
2016-02-24T18:14:14.893+0800: 777051.607: [GC [PSYoungGen: 1377440K->16160K(1380416K)] 3436992K->2075852K(4176640K), 0.0379150 secs] [Times: user=0.08 sys=0.00, real=0.04 secs] 
2016-02-24T18:15:17.131+0800: 777113.845: [GC [PSYoungGen: 1378848K->15696K(1380352K)] 3438540K->2075516K(4176576K), 0.0353970 secs] [Times: user=0.07 sys=0.00, real=0.04 secs] 
2016-02-24T18:16:17.724+0800: 777174.438: [GC [PSYoungGen: 1378384K->16256K(1380608K)] 3438204K->2076405K(4176832K), 0.0377250 secs] [Times: user=0.07 sys=0.01, real=0.04 secs] 
2016-02-24T18:17:24.564+0800: 777241.279: [GC [PSYoungGen: 1379328K->17440K(1380544K)] 3439477K->2077701K(4176768K), 0.0439250 secs] [Times: user=0.08 sys=0.00, real=0.05 secs] 
2016-02-24T18:18:22.000+0800: 777298.714: [GC [PSYoungGen: 1380512K->13904K(1379392K)] 3440773K->2074370K(4175616K), 0.0343500 secs] [Times: user=0.06 sys=0.00, real=0.04 secs] 
2016-02-24T18:19:27.732+0800: 777364.446: [GC [PSYoungGen: 1375760K->16128K(1379968K)] 3436226K->2076923K(4176192K), 0.0386880 secs] [Times: user=0.08 sys=0.01, real=0.04 secs] 
2016-02-24T18:20:27.023+0800: 777423.737: [GC [PSYoungGen: 1377984K->13664K(1379712K)] 3438779K->2074711K(4175936K), 0.0351840 secs] [Times: user=0.06 sys=0.00, real=0.04 secs] 
2016-02-24T18:21:29.247+0800: 777485.961: [GC [PSYoungGen: 1375392K->14048K(1379904K)] 3436439K->2075259K(4176128K), 0.0354530 secs] [Times: user=0.08 sys=0.00, real=0.03 secs] 
2016-02-24T18:22:35.709+0800: 777552.423: [GC [PSYoungGen: 1375776K->17488K(1379008K)] 3436987K->2078823K(4175232K), 0.0447430 secs] [Times: user=0.07 sys=0.00, real=0.04 secs] 
2016-02-24T18:23:42.099+0800: 777618.814: [GC [PSYoungGen: 1378320K->17632K(1378496K)] 3439655K->2079227K(4174720K), 0.0395550 secs] [Times: user=0.08 sys=0.00, real=0.04 secs] 
2016-02-24T18:24:49.590+0800: 777686.304: [GC [PSYoungGen: 1378464K->17169K(1378624K)] 3440059K->2078932K(4174848K), 0.0388090 secs] [Times: user=0.08 sys=0.00, real=0.04 secs] 
2016-02-24T18:25:54.397+0800: 777751.111: [GC [PSYoungGen: 1376721K->16080K(1378816K)] 3438484K->2078284K(4175040K), 0.0363260 secs] [Times: user=0.07 sys=0.00, real=0.03 secs] 
2016-02-24T18:26:58.714+0800: 777815.429: [GC [PSYoungGen: 1375632K->17008K(1379008K)] 3437836K->2079512K(4175232K), 0.0372340 secs] [Times: user=0.06 sys=0.01, real=0.04 secs] 
2016-02-24T18:28:02.861+0800: 777879.575: [GC [PSYoungGen: 1377072K->15952K(1379072K)] 3439576K->2078673K(4175296K), 0.0363550 secs] [Times: user=0.07 sys=0.00, real=0.04 secs] 
2016-02-24T18:29:04.977+0800: 777941.692: [GC [PSYoungGen: 1376016K->15024K(1379392K)] 3438737K->2078013K(4175616K), 0.0365680 secs] [Times: user=0.07 sys=0.00, real=0.04 secs] 
2016-02-24T18:30:05.750+0800: 778002.465: [GC [PSYoungGen: 1375664K->16208K(1379328K)] 3438653K->2079352K(4175552K), 0.0426950 secs] [Times: user=0.08 sys=0.00, real=0.04 secs] 
2016-02-24T18:30:57.600+0800: 778054.314: [GC [PSYoungGen: 1376848K->12528K(1378944K)] 3439992K->2076004K(4175168K), 0.0376520 secs] [Times: user=0.08 sys=0.00, real=0.04 secs] 
2016-02-24T18:31:55.421+0800: 778112.135: [GC [PSYoungGen: 1372976K->14736K(1379264K)] 3436452K->2078412K(4175488K), 0.0538010 secs] [Times: user=0.09 sys=0.00, real=0.06 secs] 
2016-02-24T18:33:00.337+0800: 778177.052: [GC [PSYoungGen: 1375184K->17872K(1378368K)] 3438860K->2081812K(4174592K), 0.0409020 secs] [Times: user=0.07 sys=0.00, real=0.04 secs] 
2016-02-24T18:34:07.752+0800: 778244.466: [GC [PSYoungGen: 1377552K->17504K(1377216K)] 3441492K->2081657K(4173440K), 0.0381540 secs] [Times: user=0.07 sys=0.00, real=0.04 secs] 
2016-02-24T18:35:08.068+0800: 778304.782: [GC [PSYoungGen: 1377184K->16681K(1378624K)] 3441337K->2081090K(4174848K), 0.0401800 secs] [Times: user=0.07 sys=0.00, real=0.04 secs] 
2016-02-24T18:36:05.691+0800: 778362.406: [GC [PSYoungGen: 1375785K->14576K(1378560K)] 3440194K->2079461K(4174784K), 0.0350540 secs] [Times: user=0.06 sys=0.00, real=0.03 secs] 
2016-02-24T18:37:08.867+0800: 778425.582: [GC [PSYoungGen: 1373680K->16096K(1379008K)] 3438565K->2081149K(4175232K), 0.0363590 secs] [Times: user=0.07 sys=0.00, real=0.04 secs] 
2016-02-24T18:38:06.855+0800: 778483.569: [GC [PSYoungGen: 1375776K->17456K(1378752K)] 3440829K->2082742K(4174976K), 0.0436110 secs] [Times: user=0.08 sys=0.01, real=0.04 secs] 
2016-02-24T18:39:11.821+0800: 778548.535: [GC [PSYoungGen: 1377136K->17008K(1378752K)] 3442422K->2082610K(4174976K), 0.0466200 secs] [Times: user=0.08 sys=0.00, real=0.05 secs] 
2016-02-24T18:40:11.917+0800: 778608.632: [GC [PSYoungGen: 1376432K->15072K(1378752K)] 3442034K->2080850K(4174976K), 0.0407120 secs] [Times: user=0.08 sys=0.00, real=0.04 secs] 
2016-02-24T18:41:14.875+0800: 778671.589: [GC [PSYoungGen: 1374496K->17088K(1378752K)] 3440274K->2083147K(4174976K), 0.0454890 secs] [Times: user=0.08 sys=0.00, real=0.05 secs] 
2016-02-24T18:42:17.105+0800: 778733.819: [GC [PSYoungGen: 1376640K->18848K(1378432K)] 3442699K->2085256K(4174656K), 0.0497730 secs] [Times: user=0.09 sys=0.00, real=0.04 secs] 
2016-02-24T18:43:20.221+0800: 778796.935: [GC [PSYoungGen: 1378400K->16880K(1378176K)] 3444808K->2083613K(4174400K), 0.0409640 secs] [Times: user=0.07 sys=0.00, real=0.04 secs] 
2016-02-24T18:44:17.816+0800: 778854.530: [GC [PSYoungGen: 1375408K->17760K(1376320K)] 3442141K->2085001K(4172544K), 0.0405380 secs] [Times: user=0.07 sys=0.00, real=0.05 secs] 
2016-02-24T18:45:20.093+0800: 778916.808: [GC [PSYoungGen: 1376288K->19953K(1374016K)] 3443529K->2090402K(4170240K), 0.0604030 secs] [Times: user=0.09 sys=0.00, real=0.06 secs] 
2016-02-24T18:46:14.407+0800: 778971.121: [GC [PSYoungGen: 1374001K->15888K(1376064K)] 3444450K->2086705K(4172288K), 0.0378460 secs] [Times: user=0.07 sys=0.00, real=0.04 secs] 
2016-02-24T18:47:10.202+0800: 779026.916: [GC [PSYoungGen: 1369936K->15920K(1376576K)] 3440753K->2087117K(4172800K), 0.0433320 secs] [Times: user=0.09 sys=0.00, real=0.05 secs] 
2016-02-24T18:48:08.805+0800: 779085.519: [GC [PSYoungGen: 1370672K->16912K(1376256K)] 3441869K->2088490K(4172480K), 0.0396830 secs] [Times: user=0.07 sys=0.00, real=0.04 secs] 
2016-02-24T18:49:10.914+0800: 779147.628: [GC [PSYoungGen: 1371664K->14912K(1377024K)] 3443242K->2086802K(4173248K), 0.0356930 secs] [Times: user=0.07 sys=0.00, real=0.04 secs] 
2016-02-24T18:50:06.731+0800: 779203.445: [GC [PSYoungGen: 1370816K->15824K(1376960K)] 3442706K->2087830K(4173184K), 0.0385890 secs] [Times: user=0.07 sys=0.00, real=0.04 secs] 
2016-02-24T18:50:57.872+0800: 779254.586: [GC [PSYoungGen: 1371728K->16160K(1377600K)] 3443734K->2088375K(4173824K), 0.0426760 secs] [Times: user=0.07 sys=0.00, real=0.04 secs] 
2016-02-24T18:51:43.603+0800: 779300.318: [GC [PSYoungGen: 1372960K->19829K(1376640K)] 3445175K->2092412K(4172864K), 0.0374210 secs] [Times: user=0.09 sys=0.00, real=0.04 secs] 
2016-02-24T18:52:36.738+0800: 779353.452: [GC [PSYoungGen: 1376629K->14992K(1376896K)] 3449212K->2087915K(4173120K), 0.0396960 secs] [Times: user=0.07 sys=0.00, real=0.04 secs] 
2016-02-24T18:53:33.617+0800: 779410.332: [GC [PSYoungGen: 1370640K->16272K(1376832K)] 3443563K->2089347K(4173056K), 0.0397160 secs] [Times: user=0.07 sys=0.00, real=0.04 secs] 
2016-02-24T18:54:27.339+0800: 779464.053: [GC [PSYoungGen: 1371920K->15952K(1377536K)] 3444995K->2089107K(4173760K), 0.0382570 secs] [Times: user=0.07 sys=0.00, real=0.04 secs] 
2016-02-24T18:55:20.420+0800: 779517.134: [GC [PSYoungGen: 1372688K->16528K(1377280K)] 3445843K->2089855K(4173504K), 0.0381720 secs] [Times: user=0.07 sys=0.00, real=0.04 secs] 
2016-02-24T18:56:21.486+0800: 779578.201: [GC [PSYoungGen: 1373264K->14768K(1377920K)] 3446591K->2088551K(4174144K), 0.0355530 secs] [Times: user=0.07 sys=0.00, real=0.04 secs] 
2016-02-24T18:57:20.723+0800: 779637.438: [GC [PSYoungGen: 1372528K->18048K(1375808K)] 3446311K->2092015K(4172032K), 0.0436660 secs] [Times: user=0.08 sys=0.00, real=0.04 secs] 
2016-02-24T18:58:18.075+0800: 779694.789: [GC [PSYoungGen: 1375808K->16544K(1378048K)] 3449775K->2090664K(4174272K), 0.0385630 secs] [Times: user=0.07 sys=0.00, real=0.04 secs] 
2016-02-24T18:59:14.986+0800: 779751.701: [GC [PSYoungGen: 1374240K->15168K(1377728K)] 3448360K->2089556K(4173952K), 0.0401670 secs] [Times: user=0.07 sys=0.00, real=0.04 secs] 
2016-02-24T19:00:05.658+0800: 779802.373: [GC [PSYoungGen: 1372864K->18256K(1377536K)] 3447252K->2092960K(4173760K), 0.0392180 secs] [Times: user=0.08 sys=0.00, real=0.04 secs] 
2016-02-24T19:00:58.242+0800: 779854.956: [GC [PSYoungGen: 1375888K->14608K(1377856K)] 3450592K->2089500K(4174080K), 0.0347960 secs] [Times: user=0.07 sys=0.00, real=0.04 secs] 
2016-02-24T19:01:59.110+0800: 779915.825: [GC [PSYoungGen: 1372240K->17744K(1377600K)] 3447132K->2092844K(4173824K), 0.0386090 secs] [Times: user=0.08 sys=0.00, real=0.04 secs] 
2016-02-24T19:03:00.485+0800: 779977.200: [GC [PSYoungGen: 1375120K->17040K(1377728K)] 3450220K->2092388K(4173952K), 0.0380280 secs] [Times: user=0.07 sys=0.00, real=0.04 secs] 
2016-02-24T19:03:58.405+0800: 780035.120: [GC [PSYoungGen: 1374416K->18432K(1377280K)] 3449764K->2094180K(4173504K), 0.0491200 secs] [Times: user=0.08 sys=0.00, real=0.05 secs] 
2016-02-24T19:04:53.394+0800: 780090.109: [GC [PSYoungGen: 1375552K->17200K(1377600K)] 3451300K->2093294K(4173824K), 0.0421820 secs] [Times: user=0.08 sys=0.00, real=0.04 secs] 
2016-02-24T19:05:47.194+0800: 780143.909: [GC [PSYoungGen: 1374320K->16672K(1378176K)] 3450414K->2093191K(4174400K), 0.0385070 secs] [Times: user=0.07 sys=0.00, real=0.04 secs] 
2016-02-24T19:06:40.757+0800: 780197.472: [GC [PSYoungGen: 1374624K->16576K(1377856K)] 3451143K->2093364K(4174080K), 0.0394300 secs] [Times: user=0.07 sys=0.01, real=0.04 secs] 
2016-02-24T19:07:33.679+0800: 780250.393: [GC [PSYoungGen: 1374528K->15248K(1378432K)] 3451316K->2092341K(4174656K), 0.0408600 secs] [Times: user=0.08 sys=0.00, real=0.05 secs] 
2016-02-24T19:08:30.575+0800: 780307.289: [GC [PSYoungGen: 1374032K->16656K(1378432K)] 3451125K->2094140K(4174656K), 0.0390490 secs] [Times: user=0.07 sys=0.00, real=0.04 secs] 
2016-02-24T19:09:22.336+0800: 780359.051: [GC [PSYoungGen: 1375440K->16176K(1378944K)] 3452924K->2094016K(4175168K), 0.0462540 secs] [Times: user=0.08 sys=0.00, real=0.04 secs] 
2016-02-24T19:10:13.097+0800: 780409.811: [GC [PSYoungGen: 1375792K->16672K(1378752K)] 3453632K->2094784K(4174976K), 0.0388040 secs] [Times: user=0.08 sys=0.01, real=0.04 secs] 
2016-02-24T19:11:09.221+0800: 780465.936: [GC [PSYoungGen: 1376288K->18800K(1377984K)] 3454400K->2097084K(4174208K), 0.0401460 secs] [Times: user=0.08 sys=0.00, real=0.04 secs] 
2016-02-24T19:12:06.190+0800: 780522.905: [GC [PSYoungGen: 1377840K->16608K(1378560K)] 3456124K->2095292K(4174784K), 0.0429400 secs] [Times: user=0.07 sys=0.01, real=0.05 secs] 
2016-02-24T19:13:01.948+0800: 780578.663: [GC [PSYoungGen: 1375648K->16464K(1379008K)] 3454332K->2095289K(4175232K), 0.0402320 secs] [Times: user=0.07 sys=0.01, real=0.04 secs] 
2016-02-24T19:13:53.713+0800: 780630.428: [GC [PSYoungGen: 1376208K->16992K(1378816K)] 3455033K->2096049K(4175040K), 0.0381370 secs] [Times: user=0.07 sys=0.00, real=0.04 secs] 
2016-02-24T19:14:43.029+0800: 780679.744: [GC [PSYoungGen: 1376736K->15504K(1379136K)] 3455793K->2094930K(4175360K), 0.0373320 secs] [Times: user=0.08 sys=0.00, real=0.04 secs] 
2016-02-24T19:15:28.760+0800: 780725.475: [GC [PSYoungGen: 1375696K->14144K(1374400K)] 3455122K->2093956K(4170624K), 0.0362200 secs] [Times: user=0.06 sys=0.00, real=0.03 secs] 
2016-02-24T19:16:25.723+0800: 780782.437: [GC [PSYoungGen: 1374336K->18000K(1378304K)] 3454148K->2098053K(4174528K), 0.0449850 secs] [Times: user=0.08 sys=0.00, real=0.05 secs] 
2016-02-24T19:17:20.406+0800: 780837.120: [GC [PSYoungGen: 1377168K->17440K(1376640K)] 3457221K->2097777K(4172864K), 0.0415750 secs] [Times: user=0.08 sys=0.00, real=0.04 secs] 
2016-02-24T19:18:14.008+0800: 780890.723: [GC [PSYoungGen: 1376608K->16880K(1378752K)] 3456945K->2097549K(4174976K), 0.0393330 secs] [Times: user=0.07 sys=0.00, real=0.03 secs] 
2016-02-24T19:19:06.615+0800: 780943.329: [GC [PSYoungGen: 1376112K->14768K(1378560K)] 3456781K->2095689K(4174784K), 0.0351700 secs] [Times: user=0.07 sys=0.00, real=0.04 secs] 
2016-02-24T19:19:59.628+0800: 780996.342: [GC [PSYoungGen: 1374000K->16608K(1378944K)] 3454921K->2097682K(4175168K), 0.0397660 secs] [Times: user=0.08 sys=0.00, real=0.04 secs] 
2016-02-24T19:20:47.599+0800: 781044.313: [GC [PSYoungGen: 1376160K->17312K(1378688K)] 3457234K->2098722K(4174912K), 0.0366410 secs] [Times: user=0.06 sys=0.00, real=0.04 secs] 
2016-02-24T19:21:37.264+0800: 781093.979: [GC [PSYoungGen: 1376864K->17296K(1378880K)] 3458274K->2098959K(4175104K), 0.0428000 secs] [Times: user=0.09 sys=0.00, real=0.04 secs] 
2016-02-24T19:22:27.148+0800: 781143.862: [GC [PSYoungGen: 1376976K->15488K(1378880K)] 3458639K->2097636K(4175104K), 0.0366080 secs] [Times: user=0.07 sys=0.00, real=0.04 secs] 
2016-02-24T19:23:13.739+0800: 781190.453: [GC [PSYoungGen: 1375168K->15584K(1379072K)] 3457316K->2097960K(4175296K), 0.0398120 secs] [Times: user=0.08 sys=0.00, real=0.04 secs] 
2016-02-24T19:24:02.347+0800: 781239.062: [GC [PSYoungGen: 1375520K->17008K(1378944K)] 3457896K->2099628K(4175168K), 0.0387340 secs] [Times: user=0.08 sys=0.00, real=0.04 secs] 
2016-02-24T19:24:48.326+0800: 781285.040: [GC [PSYoungGen: 1376944K->14352K(1378816K)] 3459564K->2097444K(4175040K), 0.0370710 secs] [Times: user=0.07 sys=0.00, real=0.03 secs] 
2016-02-24T19:25:31.986+0800: 781328.701: [GC [PSYoungGen: 1374160K->12752K(1372608K)] 3457252K->2095996K(4168832K), 0.0321220 secs] [Times: user=0.07 sys=0.00, real=0.03 secs] 
2016-02-24T19:26:17.971+0800: 781374.685: [GC [PSYoungGen: 1372560K->15792K(1378944K)] 3455804K->2099285K(4175168K), 0.0351370 secs] [Times: user=0.07 sys=0.00, real=0.03 secs] 
2016-02-24T19:27:05.743+0800: 781422.458: [GC [PSYoungGen: 1375280K->15489K(1378624K)] 3458773K->2099243K(4174848K), 0.0372990 secs] [Times: user=0.07 sys=0.00, real=0.04 secs] 
2016-02-24T19:27:56.978+0800: 781473.693: [GC [PSYoungGen: 1374977K->17888K(1378304K)] 3458731K->2101905K(4174528K), 0.0409910 secs] [Times: user=0.07 sys=0.00, real=0.04 secs] 
2016-02-24T19:28:44.660+0800: 781521.374: [GC [PSYoungGen: 1377312K->15920K(1378752K)] 3461329K->2100201K(4174976K), 0.0383530 secs] [Times: user=0.07 sys=0.00, real=0.03 secs] 
2016-02-24T19:29:37.472+0800: 781574.186: [GC [PSYoungGen: 1375344K->17296K(1378688K)] 3459625K->2101793K(4174912K), 0.0475610 secs] [Times: user=0.08 sys=0.00, real=0.05 secs] 
2016-02-24T19:30:28.843+0800: 781625.557: [GC [PSYoungGen: 1376976K->16113K(1378880K)] 3461473K->2100898K(4175104K), 0.0379830 secs] [Times: user=0.07 sys=0.00, real=0.04 secs] 
2016-02-24T19:31:22.222+0800: 781678.936: [GC [PSYoungGen: 1375793K->18720K(1377792K)] 3460578K->2103815K(4174016K), 0.0459390 secs] [Times: user=0.08 sys=0.00, real=0.04 secs] 
2016-02-24T19:32:15.833+0800: 781732.547: [GC [PSYoungGen: 1377632K->15952K(1378496K)] 3462727K->2101435K(4174720K), 0.0386350 secs] [Times: user=0.07 sys=0.00, real=0.04 secs] 
2016-02-24T19:33:05.113+0800: 781781.827: [GC [PSYoungGen: 1374864K->16604K(1378944K)] 3460347K->2102388K(4175168K), 0.0386630 secs] [Times: user=0.08 sys=0.00, real=0.04 secs] 
2016-02-24T19:33:57.754+0800: 781834.468: [GC [PSYoungGen: 1376220K->16672K(1378752K)] 3462004K->2102808K(4174976K), 0.0375580 secs] [Times: user=0.07 sys=0.00, real=0.03 secs] 
2016-02-24T19:34:49.178+0800: 781885.892: [GC [PSYoungGen: 1376288K->18928K(1377600K)] 3462424K->2105225K(4173824K), 0.0430150 secs] [Times: user=0.08 sys=0.00, real=0.04 secs] 
2016-02-24T19:35:38.553+0800: 781935.267: [GC [PSYoungGen: 1377584K->17824K(1376512K)] 3463881K->2104594K(4172736K), 0.0400650 secs] [Times: user=0.07 sys=0.00, real=0.04 secs] 
2016-02-24T19:36:26.503+0800: 781983.218: [GC [PSYoungGen: 1376480K->15616K(1378368K)] 3463250K->2102682K(4174592K), 0.0371220 secs] [Times: user=0.07 sys=0.00, real=0.04 secs] 
2016-02-24T19:37:14.748+0800: 782031.462: [GC [PSYoungGen: 1374144K->15984K(1378240K)] 3461210K->2103178K(4174464K), 0.0373050 secs] [Times: user=0.07 sys=0.01, real=0.03 secs] 
2016-02-24T19:38:02.299+0800: 782079.013: [GC [PSYoungGen: 1374512K->19104K(1377280K)] 3461706K->2106515K(4173504K), 0.0399080 secs] [Times: user=0.08 sys=0.00, real=0.04 secs] 
2016-02-24T19:38:51.249+0800: 782127.963: [GC [PSYoungGen: 1376864K->18368K(1376192K)] 3464275K->2106095K(4172416K), 0.0476670 secs] [Times: user=0.08 sys=0.00, real=0.05 secs] 
2016-02-24T19:39:42.433+0800: 782179.147: [GC [PSYoungGen: 1376128K->17936K(1377664K)] 3463855K->2106003K(4173888K), 0.0388230 secs] [Times: user=0.06 sys=0.00, real=0.04 secs] 
2016-02-24T19:40:35.450+0800: 782232.165: [GC [PSYoungGen: 1375184K->16112K(1377664K)] 3463251K->2104448K(4173888K), 0.0432460 secs] [Times: user=0.08 sys=0.00, real=0.04 secs] 
2016-02-24T19:41:26.460+0800: 782283.175: [GC [PSYoungGen: 1373360K->17744K(1377856K)] 3461696K->2106397K(4174080K), 0.0408990 secs] [Times: user=0.08 sys=0.00, real=0.04 secs] 
2016-02-24T19:42:16.084+0800: 782332.798: [GC [PSYoungGen: 1375376K->17248K(1377856K)] 3464029K->2106181K(4174080K), 0.0440290 secs] [Times: user=0.08 sys=0.01, real=0.05 secs] 
2016-02-24T19:43:05.984+0800: 782382.699: [GC [PSYoungGen: 1374880K->16192K(1378240K)] 3463813K->2105225K(4174464K), 0.0498300 secs] [Times: user=0.08 sys=0.00, real=0.05 secs] 
2016-02-24T19:43:54.863+0800: 782431.577: [GC [PSYoungGen: 1374464K->16784K(1378112K)] 3463497K->2105998K(4174336K), 0.0380140 secs] [Times: user=0.07 sys=0.00, real=0.04 secs] 
2016-02-24T19:44:43.798+0800: 782480.513: [GC [PSYoungGen: 1375056K->17024K(1378752K)] 3464270K->2106562K(4174976K), 0.0375300 secs] [Times: user=0.07 sys=0.00, real=0.04 secs] 
2016-02-24T19:45:27.395+0800: 782524.110: [GC [PSYoungGen: 1376192K->14288K(1378496K)] 3465730K->2104123K(4174720K), 0.0397750 secs] [Times: user=0.08 sys=0.00, real=0.04 secs] 
2016-02-24T19:46:20.001+0800: 782576.715: [GC [PSYoungGen: 1372793K->19582K(1376064K)] 3462627K->2110639K(4172288K), 0.0431410 secs] [Times: user=0.07 sys=0.00, real=0.05 secs] 
2016-02-24T19:47:06.840+0800: 782623.555: [GC [PSYoungGen: 1376062K->15920K(1377280K)] 3467119K->2107356K(4173504K), 0.0383820 secs] [Times: user=0.07 sys=0.00, real=0.03 secs] 
2016-02-24T19:47:55.427+0800: 782672.141: [GC [PSYoungGen: 1372400K->16064K(1377664K)] 3463836K->2107884K(4173888K), 0.0375320 secs] [Times: user=0.06 sys=0.00, real=0.04 secs] 
2016-02-24T19:48:35.462+0800: 782712.176: [GC [PSYoungGen: 1373120K->14720K(1377472K)] 3464940K->2106813K(4173696K), 0.0345190 secs] [Times: user=0.07 sys=0.00, real=0.04 secs] 
2016-02-24T19:49:22.623+0800: 782759.338: [GC [PSYoungGen: 1371776K->16480K(1377984K)] 3463869K->2108813K(4174208K), 0.0369100 secs] [Times: user=0.07 sys=0.00, real=0.04 secs] 
2016-02-24T19:50:05.809+0800: 782802.523: [GC [PSYoungGen: 1373984K->14384K(1377600K)] 3466317K->2106909K(4173824K), 0.0369600 secs] [Times: user=0.08 sys=0.00, real=0.03 secs] 
2016-02-24T19:50:50.599+0800: 782847.314: [GC [PSYoungGen: 1371888K->18560K(1377024K)] 3464413K->2111505K(4173248K), 0.0438690 secs] [Times: user=0.08 sys=0.00, real=0.04 secs] 
2016-02-24T19:51:38.086+0800: 782894.800: [GC [PSYoungGen: 1375424K->18482K(1375360K)] 3468369K->2111709K(4171584K), 0.0413730 secs] [Times: user=0.07 sys=0.00, real=0.04 secs] 
2016-02-24T19:52:29.039+0800: 782945.754: [GC [PSYoungGen: 1375346K->19715K(1375808K)] 3468573K->2113153K(4172032K), 0.0439500 secs] [Times: user=0.08 sys=0.00, real=0.05 secs] 
2016-02-24T19:53:13.141+0800: 782989.855: [GC [PSYoungGen: 1374659K->17280K(1376512K)] 3468097K->2111099K(4172736K), 0.0387730 secs] [Times: user=0.07 sys=0.00, real=0.04 secs] 
2016-02-24T19:54:00.371+0800: 783037.086: [GC [PSYoungGen: 1372224K->15360K(1377024K)] 3466043K->2109500K(4173248K), 0.0417820 secs] [Times: user=0.09 sys=0.00, real=0.04 secs] 
2016-02-24T19:54:48.035+0800: 783084.749: [GC [PSYoungGen: 1370669K->21041K(1376896K)] 3464809K->2115781K(4173120K), 0.0406480 secs] [Times: user=0.08 sys=0.00, real=0.04 secs] 
2016-02-24T19:55:33.561+0800: 783130.275: [GC [PSYoungGen: 1376881K->16898K(1375360K)] 3471621K->2111883K(4171584K), 0.0418040 secs] [Times: user=0.07 sys=0.00, real=0.04 secs] 
2016-02-24T19:56:22.267+0800: 783178.981: [GC [PSYoungGen: 1371074K->16161K(1376128K)] 3466059K->2111477K(4172352K), 0.0358510 secs] [Times: user=0.06 sys=0.00, real=0.04 secs] 
2016-02-24T19:57:08.965+0800: 783225.679: [GC [PSYoungGen: 1370337K->15376K(1376448K)] 3465653K->2111146K(4172672K), 0.0395980 secs] [Times: user=0.08 sys=0.00, real=0.04 secs] 
2016-02-24T19:57:54.704+0800: 783271.418: [GC [PSYoungGen: 1370064K->14816K(1376320K)] 3465834K->2110682K(4172544K), 0.0349920 secs] [Times: user=0.07 sys=0.00, real=0.03 secs] 
2016-02-24T19:58:42.440+0800: 783319.155: [GC [PSYoungGen: 1369504K->15600K(1376768K)] 3465370K->2111662K(4172992K), 0.0396050 secs] [Times: user=0.08 sys=0.00, real=0.04 secs] 
2016-02-24T19:59:28.009+0800: 783364.723: [GC [PSYoungGen: 1370800K->18000K(1376512K)] 3466862K->2114415K(4172736K), 0.0401770 secs] [Times: user=0.08 sys=0.00, real=0.04 secs] 
2016-02-24T20:00:17.520+0800: 783414.234: [GC [PSYoungGen: 1373200K->15824K(1377024K)] 3469615K->2112496K(4173248K), 0.0353440 secs] [Times: user=0.07 sys=0.01, real=0.04 secs] 
2016-02-24T20:01:03.516+0800: 783460.231: [GC [PSYoungGen: 1371536K->14816K(1376768K)] 3468208K->2111989K(4172992K), 0.0362710 secs] [Times: user=0.07 sys=0.00, real=0.04 secs] 
2016-02-24T20:01:54.482+0800: 783511.197: [GC [PSYoungGen: 1370528K->17200K(1377344K)] 3467701K->2114518K(4173568K), 0.0360470 secs] [Times: user=0.07 sys=0.00, real=0.04 secs] 
2016-02-24T20:02:42.074+0800: 783558.788: [GC [PSYoungGen: 1373616K->15808K(1377152K)] 3470934K->2113342K(4173376K), 0.0356650 secs] [Times: user=0.07 sys=0.00, real=0.03 secs] 
2016-02-24T20:03:29.526+0800: 783606.240: [GC [PSYoungGen: 1372224K->15568K(1377856K)] 3469758K->2113387K(4174080K), 0.0409400 secs] [Times: user=0.07 sys=0.00, real=0.04 secs] 
2016-02-24T20:04:15.418+0800: 783652.132: [GC [PSYoungGen: 1372944K->15952K(1377600K)] 3470763K->2114036K(4173824K), 0.0465140 secs] [Times: user=0.08 sys=0.00, real=0.04 secs] 
2016-02-24T20:05:03.496+0800: 783700.211: [GC [PSYoungGen: 1373328K->15968K(1378432K)] 3471412K->2114143K(4174656K), 0.0400270 secs] [Times: user=0.07 sys=0.00, real=0.04 secs] 
2016-02-24T20:05:52.104+0800: 783748.818: [GC [PSYoungGen: 1374432K->16384K(1378112K)] 3472607K->2114808K(4174336K), 0.0399170 secs] [Times: user=0.07 sys=0.00, real=0.04 secs] 
2016-02-24T20:06:38.977+0800: 783795.691: [GC [PSYoungGen: 1374848K->15344K(1378880K)] 3473272K->2114108K(4175104K), 0.0395560 secs] [Times: user=0.07 sys=0.00, real=0.04 secs] 
2016-02-24T20:07:24.617+0800: 783841.331: [GC [PSYoungGen: 1374896K->16406K(1378752K)] 3473660K->2115326K(4174976K), 0.0438560 secs] [Times: user=0.08 sys=0.00, real=0.04 secs] 
2016-02-24T20:08:13.057+0800: 783889.771: [GC [PSYoungGen: 1375958K->15696K(1379264K)] 3474878K->2114906K(4175488K), 0.0432950 secs] [Times: user=0.08 sys=0.00, real=0.05 secs] 
2016-02-24T20:09:00.529+0800: 783937.243: [GC [PSYoungGen: 1375952K->17616K(1377920K)] 3475162K->2117122K(4174144K), 0.0394910 secs] [Times: user=0.07 sys=0.00, real=0.04 secs] 
2016-02-24T20:09:52.329+0800: 783989.043: [GC [PSYoungGen: 1377872K->18496K(1377984K)] 3477378K->2118403K(4174208K), 0.0468590 secs] [Times: user=0.07 sys=0.00, real=0.04 secs] 
2016-02-24T20:10:39.932+0800: 784036.646: [GC [PSYoungGen: 1377408K->17568K(1376512K)] 3477315K->2117599K(4172736K), 0.0410740 secs] [Times: user=0.07 sys=0.00, real=0.04 secs] 
2016-02-24T20:11:37.337+0800: 784094.052: [GC [PSYoungGen: 1376480K->18400K(1377664K)] 3476511K->2118956K(4173888K), 0.0440370 secs] [Times: user=0.08 sys=0.01, real=0.05 secs] 
2016-02-24T20:12:26.530+0800: 784143.244: [GC [PSYoungGen: 1376416K->16256K(1378048K)] 3476972K->2117140K(4174272K), 0.0396940 secs] [Times: user=0.07 sys=0.00, real=0.04 secs] 
2016-02-24T20:13:11.590+0800: 784188.304: [GC [PSYoungGen: 1374272K->17008K(1378496K)] 3475156K->2118172K(4174720K), 0.0381450 secs] [Times: user=0.07 sys=0.00, real=0.04 secs] 
2016-02-24T20:13:57.669+0800: 784234.384: [GC [PSYoungGen: 1375728K->19104K(1377856K)] 3476892K->2120492K(4174080K), 0.0428210 secs] [Times: user=0.08 sys=0.00, real=0.05 secs] 
2016-02-24T20:14:42.490+0800: 784279.205: [GC [PSYoungGen: 1377824K->16064K(1378048K)] 3479212K->2117736K(4174272K), 0.0387100 secs] [Times: user=0.08 sys=0.00, real=0.04 secs] 
2016-02-24T20:15:21.918+0800: 784318.633: [GC [PSYoungGen: 1373952K->15232K(1377920K)] 3475624K->2117353K(4174144K), 0.0401480 secs] [Times: user=0.07 sys=0.00, real=0.04 secs] 
2016-02-24T20:16:08.543+0800: 784365.258: [GC [PSYoungGen: 1373120K->16208K(1378304K)] 3475241K->2118485K(4174528K), 0.0432840 secs] [Times: user=0.08 sys=0.00, real=0.05 secs] 
2016-02-24T20:16:50.143+0800: 784406.858: [GC [PSYoungGen: 1374480K->17126K(1378048K)] 3476757K->2119704K(4174272K), 0.0393420 secs] [Times: user=0.07 sys=0.00, real=0.04 secs] 
2016-02-24T20:17:37.676+0800: 784454.391: [GC [PSYoungGen: 1375398K->16912K(1378688K)] 3477976K->2119852K(4174912K), 0.0425840 secs] [Times: user=0.08 sys=0.00, real=0.04 secs] 
2016-02-24T20:18:24.232+0800: 784500.946: [GC [PSYoungGen: 1375952K->17520K(1378432K)] 3478892K->2120881K(4174656K), 0.0381390 secs] [Times: user=0.07 sys=0.00, real=0.04 secs] 
2016-02-24T20:19:08.065+0800: 784544.779: [GC [PSYoungGen: 1376560K->16432K(1378816K)] 3479921K->2120110K(4175040K), 0.0372020 secs] [Times: user=0.07 sys=0.00, real=0.04 secs] 
2016-02-24T20:19:48.331+0800: 784585.046: [GC [PSYoungGen: 1375856K->15760K(1378688K)] 3479534K->2119698K(4174912K), 0.0358640 secs] [Times: user=0.07 sys=0.00, real=0.03 secs] 
2016-02-24T20:20:27.357+0800: 784624.072: [GC [PSYoungGen: 1375184K->16000K(1379008K)] 3479122K->2120299K(4175232K), 0.0412030 secs] [Times: user=0.07 sys=0.00, real=0.04 secs] 
2016-02-24T20:21:09.670+0800: 784666.385: [GC [PSYoungGen: 1375808K->13440K(1373248K)] 3480107K->2118079K(4169472K), 0.0319560 secs] [Times: user=0.07 sys=0.00, real=0.03 secs] 
2016-02-24T20:21:46.630+0800: 784703.345: [GC [PSYoungGen: 1373248K->13760K(1378496K)] 3477887K->2118559K(4174720K), 0.0421860 secs] [Times: user=0.07 sys=0.00, real=0.05 secs] 
2016-02-24T20:22:25.130+0800: 784741.845: [GC [PSYoungGen: 1372928K->16064K(1378624K)] 3477727K->2121039K(4174848K), 0.0364310 secs] [Times: user=0.08 sys=0.00, real=0.03 secs] 
2016-02-24T20:23:09.083+0800: 784785.798: [GC [PSYoungGen: 1375232K->16048K(1379264K)] 3480207K->2121211K(4175488K), 0.0377410 secs] [Times: user=0.07 sys=0.00, real=0.04 secs] 
2016-02-24T20:23:52.344+0800: 784829.058: [GC [PSYoungGen: 1376176K->16240K(1378944K)] 3481339K->2121647K(4175168K), 0.0387360 secs] [Times: user=0.07 sys=0.00, real=0.03 secs] 
2016-02-24T20:24:37.755+0800: 784874.469: [GC [PSYoungGen: 1376368K->17632K(1378816K)] 3481775K->2123391K(4175040K), 0.0392510 secs] [Times: user=0.07 sys=0.00, real=0.04 secs] 
2016-02-24T20:25:19.603+0800: 784916.317: [GC [PSYoungGen: 1377824K->15040K(1379136K)] 3483583K->2120927K(4175360K), 0.0459660 secs] [Times: user=0.09 sys=0.00, real=0.05 secs] 
2016-02-24T20:26:07.574+0800: 784964.288: [GC [PSYoungGen: 1375232K->17408K(1378816K)] 3481119K->2123467K(4175040K), 0.0458000 secs] [Times: user=0.07 sys=0.00, real=0.05 secs] 
2016-02-24T20:26:51.465+0800: 785008.179: [GC [PSYoungGen: 1377344K->17536K(1377536K)] 3483403K->2123844K(4173760K), 0.0410780 secs] [Times: user=0.07 sys=0.00, real=0.04 secs] 
2016-02-24T20:27:31.494+0800: 785048.209: [GC [PSYoungGen: 1377472K->15728K(1378944K)] 3483780K->2122376K(4175168K), 0.0383530 secs] [Times: user=0.07 sys=0.00, real=0.04 secs] 
2016-02-24T20:28:16.990+0800: 785093.704: [GC [PSYoungGen: 1375408K->16864K(1378816K)] 3482056K->2123772K(4175040K), 0.0412410 secs] [Times: user=0.07 sys=0.00, real=0.04 secs] 
2016-02-24T20:29:02.915+0800: 785139.629: [GC [PSYoungGen: 1376544K->17904K(1378496K)] 3483452K->2124997K(4174720K), 0.0388100 secs] [Times: user=0.07 sys=0.00, real=0.04 secs] 
2016-02-24T20:29:46.666+0800: 785183.380: [GC [PSYoungGen: 1377328K->18128K(1377600K)] 3484421K->2125530K(4173824K), 0.0394440 secs] [Times: user=0.07 sys=0.00, real=0.04 secs] 
2016-02-24T20:30:26.478+0800: 785223.192: [GC [PSYoungGen: 1377552K->14560K(1378304K)] 3484954K->2122287K(4174528K), 0.0408430 secs] [Times: user=0.07 sys=0.00, real=0.04 secs] 
2016-02-24T20:31:02.486+0800: 785259.201: [GC [PSYoungGen: 1373216K->15712K(1378368K)] 3480943K->2123727K(4174592K), 0.0373730 secs] [Times: user=0.08 sys=0.00, real=0.04 secs] 
2016-02-24T20:31:39.420+0800: 785296.134: [GC [PSYoungGen: 1374368K->13888K(1378304K)] 3482383K->2122104K(4174528K), 0.0353550 secs] [Times: user=0.07 sys=0.00, real=0.04 secs] 
2016-02-24T20:32:19.732+0800: 785336.446: [GC [PSYoungGen: 1372672K->15968K(1378432K)] 3480888K->2124356K(4174656K), 0.0386610 secs] [Times: user=0.07 sys=0.00, real=0.04 secs] 
2016-02-24T20:32:59.505+0800: 785376.219: [GC [PSYoungGen: 1374752K->15456K(1378944K)] 3483140K->2124197K(4175168K), 0.0368600 secs] [Times: user=0.07 sys=0.00, real=0.04 secs] 
2016-02-24T20:33:39.433+0800: 785416.147: [GC [PSYoungGen: 1375072K->14832K(1378752K)] 3483813K->2124269K(4174976K), 0.0361570 secs] [Times: user=0.07 sys=0.00, real=0.04 secs] 
2016-02-24T20:34:22.742+0800: 785459.456: [GC [PSYoungGen: 1374448K->14576K(1379136K)] 3483885K->2124246K(4175360K), 0.0364190 secs] [Times: user=0.07 sys=0.00, real=0.04 secs] 
2016-02-24T20:35:02.575+0800: 785499.289: [GC [PSYoungGen: 1374704K->15376K(1379072K)] 3484374K->2125162K(4175296K), 0.0349580 secs] [Times: user=0.07 sys=0.00, real=0.03 secs] 
2016-02-24T20:35:43.676+0800: 785540.390: [GC [PSYoungGen: 1375504K->15984K(1379584K)] 3485290K->2126087K(4175808K), 0.0418610 secs] [Times: user=0.08 sys=0.00, real=0.04 secs] 
2016-02-24T20:36:26.597+0800: 785583.312: [GC [PSYoungGen: 1376880K->16192K(1379392K)] 3486983K->2126688K(4175616K), 0.0392910 secs] [Times: user=0.07 sys=0.00, real=0.04 secs] 
2016-02-24T20:37:08.589+0800: 785625.303: [GC [PSYoungGen: 1377088K->16784K(1379456K)] 3487584K->2127460K(4175680K), 0.0404250 secs] [Times: user=0.06 sys=0.00, real=0.04 secs] 
2016-02-24T20:37:45.857+0800: 785662.571: [GC [PSYoungGen: 1377872K->17360K(1378496K)] 3488548K->2128334K(4174720K), 0.0371210 secs] [Times: user=0.07 sys=0.00, real=0.04 secs] 
2016-02-24T20:38:23.065+0800: 785699.780: [GC [PSYoungGen: 1378448K->14960K(1379392K)] 3489422K->2126262K(4175616K), 0.0363410 secs] [Times: user=0.06 sys=0.00, real=0.04 secs] 
2016-02-24T20:39:01.083+0800: 785737.797: [GC [PSYoungGen: 1375600K->14720K(1379328K)] 3486902K->2126175K(4175552K), 0.0395130 secs] [Times: user=0.07 sys=0.00, real=0.04 secs] 
2016-02-24T20:39:42.248+0800: 785778.962: [GC [PSYoungGen: 1375360K->14384K(1379456K)] 3486815K->2126251K(4175680K), 0.0379400 secs] [Times: user=0.07 sys=0.00, real=0.04 secs] 
2016-02-24T20:40:22.274+0800: 785818.988: [GC [PSYoungGen: 1375216K->16576K(1379456K)] 3487083K->2128739K(4175680K), 0.0363080 secs] [Times: user=0.07 sys=0.00, real=0.03 secs] 
2016-02-24T20:41:02.196+0800: 785858.911: [GC [PSYoungGen: 1377408K->16080K(1379584K)] 3489571K->2128439K(4175808K), 0.0415500 secs] [Times: user=0.08 sys=0.00, real=0.04 secs] 
2016-02-24T20:41:41.746+0800: 785898.461: [GC [PSYoungGen: 1377040K->17184K(1378176K)] 3489399K->2129895K(4174400K), 0.0412480 secs] [Times: user=0.08 sys=0.00, real=0.04 secs] 
2016-02-24T20:42:20.056+0800: 785936.770: [GC [PSYoungGen: 1378144K->18000K(1378368K)] 3490855K->2131007K(4174592K), 0.0415310 secs] [Times: user=0.06 sys=0.00, real=0.04 secs] 
2016-02-24T20:43:01.842+0800: 785978.557: [GC [PSYoungGen: 1377680K->17232K(1376960K)] 3490687K->2130671K(4173184K), 0.0481310 secs] [Times: user=0.08 sys=0.00, real=0.04 secs] 
2016-02-24T20:43:43.314+0800: 786020.028: [GC [PSYoungGen: 1376912K->14592K(1378816K)] 3490351K->2128176K(4175040K), 0.0369400 secs] [Times: user=0.08 sys=0.00, real=0.04 secs] 
2016-02-24T20:44:16.970+0800: 786053.684: [GC [PSYoungGen: 1374080K->13872K(1378752K)] 3487664K->2127657K(4174976K), 0.0318960 secs] [Times: user=0.06 sys=0.00, real=0.03 secs] 
2016-02-24T20:44:54.592+0800: 786091.306: [GC [PSYoungGen: 1373360K->16945K(1378624K)] 3487145K->2130886K(4174848K), 0.0348960 secs] [Times: user=0.06 sys=0.00, real=0.04 secs] 
2016-02-24T20:45:30.596+0800: 786127.310: [GC [PSYoungGen: 1376241K->15424K(1378688K)] 3490182K->2129850K(4174912K), 0.0371580 secs] [Times: user=0.07 sys=0.00, real=0.04 secs] 
2016-02-24T20:46:11.122+0800: 786167.836: [GC [PSYoungGen: 1374720K->17232K(1378560K)] 3489146K->2131942K(4174784K), 0.0409220 secs] [Times: user=0.08 sys=0.00, real=0.04 secs] 
2016-02-24T20:46:53.094+0800: 786209.808: [GC [PSYoungGen: 1376656K->17824K(1377280K)] 3491366K->2132670K(4173504K), 0.0384750 secs] [Times: user=0.07 sys=0.00, real=0.04 secs] 
2016-02-24T20:47:31.671+0800: 786248.385: [GC [PSYoungGen: 1377248K->17568K(1378048K)] 3492094K->2132542K(4174272K), 0.0426840 secs] [Times: user=0.08 sys=0.00, real=0.04 secs] 
2016-02-24T20:48:12.535+0800: 786289.249: [GC [PSYoungGen: 1375968K->16944K(1378240K)] 3490942K->2132298K(4174464K), 0.0401640 secs] [Times: user=0.08 sys=0.00, real=0.04 secs] 
2016-02-24T20:48:48.635+0800: 786325.349: [GC [PSYoungGen: 1375344K->16160K(1378688K)] 3490698K->2131659K(4174912K), 0.0378870 secs] [Times: user=0.07 sys=0.00, real=0.04 secs] 
2016-02-24T20:49:26.189+0800: 786362.904: [GC [PSYoungGen: 1375136K->15504K(1378368K)] 3490635K->2131347K(4174592K), 0.0406110 secs] [Times: user=0.07 sys=0.00, real=0.04 secs] 
2016-02-24T20:50:07.282+0800: 786403.996: [GC [PSYoungGen: 1374480K->17376K(1378560K)] 3490323K->2133475K(4174784K), 0.0403820 secs] [Times: user=0.08 sys=0.00, real=0.04 secs] 
2016-02-24T20:50:49.551+0800: 786446.265: [GC [PSYoungGen: 1376672K->16113K(1378688K)] 3492771K->2132497K(4174912K), 0.0381660 secs] [Times: user=0.07 sys=0.00, real=0.04 secs] 
2016-02-24T20:51:31.400+0800: 786488.115: [GC [PSYoungGen: 1375409K->16384K(1379200K)] 3491793K->2133024K(4175424K), 0.0364340 secs] [Times: user=0.07 sys=0.00, real=0.03 secs] 
2016-02-24T20:52:08.694+0800: 786525.408: [GC [PSYoungGen: 1376448K->14816K(1378944K)] 3493088K->2131592K(4175168K), 0.0363170 secs] [Times: user=0.07 sys=0.00, real=0.04 secs] 
2016-02-24T20:52:49.553+0800: 786566.267: [GC [PSYoungGen: 1374880K->18858K(1376000K)] 3491656K->2137988K(4172224K), 0.0429120 secs] [Times: user=0.08 sys=0.01, real=0.04 secs] 
2016-02-24T20:53:29.591+0800: 786606.306: [GC [PSYoungGen: 1375978K->16208K(1377600K)] 3495108K->2135698K(4173824K), 0.0368160 secs] [Times: user=0.07 sys=0.00, real=0.04 secs] 
2016-02-24T20:54:03.668+0800: 786640.383: [GC [PSYoungGen: 1373328K->14672K(1377920K)] 3492818K->2134391K(4174144K), 0.0375980 secs] [Times: user=0.07 sys=0.01, real=0.03 secs] 
2016-02-24T20:54:41.425+0800: 786678.139: [GC [PSYoungGen: 1372432K->17728K(1375552K)] 3492151K->2137675K(4171776K), 0.0482150 secs] [Times: user=0.09 sys=0.00, real=0.05 secs] 
2016-02-24T20:55:18.078+0800: 786714.792: [GC [PSYoungGen: 1375488K->14656K(1377856K)] 3495435K->2134920K(4174080K), 0.0392330 secs] [Times: user=0.08 sys=0.00, real=0.04 secs] 
2016-02-24T20:55:55.618+0800: 786752.333: [GC [PSYoungGen: 1372224K->15776K(1377792K)] 3492488K->2136416K(4174016K), 0.0372160 secs] [Times: user=0.07 sys=0.00, real=0.04 secs] 
2016-02-24T20:56:38.029+0800: 786794.743: [GC [PSYoungGen: 1373344K->16400K(1378432K)] 3493984K->2137268K(4174656K), 0.0376830 secs] [Times: user=0.07 sys=0.00, real=0.04 secs] 
2016-02-24T20:57:18.699+0800: 786835.413: [GC [PSYoungGen: 1374864K->16720K(1378112K)] 3495732K->2137809K(4174336K), 0.0389900 secs] [Times: user=0.07 sys=0.00, real=0.04 secs] 
2016-02-24T20:57:58.918+0800: 786875.632: [GC [PSYoungGen: 1375184K->17312K(1378624K)] 3496273K->2138761K(4174848K), 0.0365690 secs] [Times: user=0.07 sys=0.00, real=0.03 secs] 
2016-02-24T20:58:40.515+0800: 786917.230: [GC [PSYoungGen: 1376480K->19136K(1378368K)] 3497929K->2140825K(4174592K), 0.0415370 secs] [Times: user=0.08 sys=0.00, real=0.04 secs] 
2016-02-24T20:59:20.644+0800: 786957.359: [GC [PSYoungGen: 1378304K->15392K(1377728K)] 3499993K->2137409K(4173952K), 0.0382530 secs] [Times: user=0.07 sys=0.00, real=0.04 secs] 
2016-02-24T21:00:00.837+0800: 786997.551: [GC [PSYoungGen: 1373408K->17424K(1378048K)] 3495425K->2139717K(4174272K), 0.0448440 secs] [Times: user=0.09 sys=0.00, real=0.04 secs] 
2016-02-24T21:00:37.583+0800: 787034.297: [GC [PSYoungGen: 1375440K->16128K(1378304K)] 3497733K->2138625K(4174528K), 0.0369950 secs] [Times: user=0.07 sys=0.00, real=0.04 secs] 
2016-02-24T21:01:12.500+0800: 787069.214: [GC [PSYoungGen: 1374400K->16112K(1378048K)] 3496897K->2138750K(4174272K), 0.0550440 secs] [Times: user=0.09 sys=0.00, real=0.06 secs] 
2016-02-24T21:01:40.709+0800: 787097.423: [GC [PSYoungGen: 1374384K->13696K(1378112K)] 3497022K->2136747K(4174336K), 0.0372190 secs] [Times: user=0.08 sys=0.00, real=0.04 secs] 
2016-02-24T21:02:12.329+0800: 787129.044: [GC [PSYoungGen: 1372224K->14592K(1378304K)] 3495275K->2138047K(4174528K), 0.0324950 secs] [Times: user=0.06 sys=0.00, real=0.03 secs] 
2016-02-24T21:02:43.745+0800: 787160.460: [GC [PSYoungGen: 1373120K->14160K(1378432K)] 3496575K->2137887K(4174656K), 0.0349480 secs] [Times: user=0.06 sys=0.00, real=0.04 secs] 
2016-02-24T21:03:19.784+0800: 787196.498: [GC [PSYoungGen: 1372880K->14016K(1378368K)] 3496607K->2137851K(4174592K), 0.0394010 secs] [Times: user=0.07 sys=0.00, real=0.03 secs] 
2016-02-24T21:03:53.993+0800: 787230.707: [GC [PSYoungGen: 1372736K->15185K(1378752K)] 3496571K->2139360K(4174976K), 0.0408730 secs] [Times: user=0.06 sys=0.00, real=0.04 secs] 
2016-02-24T21:04:27.840+0800: 787264.555: [GC [PSYoungGen: 1374289K->15136K(1378432K)] 3498464K->2139732K(4174656K), 0.0370760 secs] [Times: user=0.07 sys=0.00, real=0.03 secs] 
2016-02-24T21:05:02.561+0800: 787299.275: [GC [PSYoungGen: 1374240K->15854K(1379264K)] 3498836K->2140651K(4175488K), 0.0371740 secs] [Times: user=0.08 sys=0.00, real=0.03 secs] 
2016-02-24T21:05:37.135+0800: 787333.849: [GC [PSYoungGen: 1376046K->14144K(1379008K)] 3500843K->2139672K(4175232K), 0.0409040 secs] [Times: user=0.08 sys=0.00, real=0.04 secs] 
2016-02-24T21:06:11.965+0800: 787368.679: [GC [PSYoungGen: 1374336K->14416K(1379456K)] 3499864K->2140152K(4175680K), 0.0356250 secs] [Times: user=0.08 sys=0.00, real=0.03 secs] 
2016-02-24T21:06:49.891+0800: 787406.605: [GC [PSYoungGen: 1375120K->16992K(1377728K)] 3500856K->2142948K(4173952K), 0.0399350 secs] [Times: user=0.07 sys=0.00, real=0.04 secs] 
2016-02-24T21:07:26.236+0800: 787442.951: [GC [PSYoungGen: 1377696K->15936K(1379392K)] 3503652K->2142233K(4175616K), 0.0425760 secs] [Times: user=0.08 sys=0.00, real=0.04 secs] 
2016-02-24T21:07:59.591+0800: 787476.305: [GC [PSYoungGen: 1376448K->15600K(1379200K)] 3502745K->2142217K(4175424K), 0.0407850 secs] [Times: user=0.07 sys=0.00, real=0.04 secs] 
2016-02-24T21:08:34.381+0800: 787511.095: [GC [PSYoungGen: 1376112K->16480K(1379584K)] 3502729K->2143290K(4175808K), 0.0392840 secs] [Times: user=0.08 sys=0.00, real=0.04 secs] 
2016-02-24T21:09:06.832+0800: 787543.546: [GC [PSYoungGen: 1377696K->14608K(1379648K)] 3504506K->2141634K(4175872K), 0.0456420 secs] [Times: user=0.09 sys=0.00, real=0.04 secs] 
2016-02-24T21:09:41.566+0800: 787578.280: [GC [PSYoungGen: 1375824K->15488K(1379968K)] 3502850K->2142662K(4176192K), 0.0345150 secs] [Times: user=0.07 sys=0.00, real=0.04 secs] 
2016-02-24T21:10:15.143+0800: 787611.857: [GC [PSYoungGen: 1377088K->17936K(1379584K)] 3504262K->2145411K(4175808K), 0.0408220 secs] [Times: user=0.08 sys=0.00, real=0.04 secs] 
2016-02-24T21:10:50.522+0800: 787647.237: [GC [PSYoungGen: 1379536K->15392K(1379584K)] 3507011K->2143319K(4175808K), 0.0374810 secs] [Times: user=0.08 sys=0.00, real=0.04 secs] 
2016-02-24T21:11:22.596+0800: 787679.310: [GC [PSYoungGen: 1376480K->13888K(1374976K)] 3504407K->2141915K(4171200K), 0.0413700 secs] [Times: user=0.07 sys=0.00, real=0.04 secs] 
2016-02-24T21:11:59.264+0800: 787715.979: [GC [PSYoungGen: 1374976K->17712K(1378496K)] 3503003K->2145892K(4174720K), 0.0415030 secs] [Times: user=0.07 sys=0.00, real=0.04 secs] 
2016-02-24T21:12:38.792+0800: 787755.507: [GC [PSYoungGen: 1377648K->16128K(1379008K)] 3505828K->2144485K(4175232K), 0.0396490 secs] [Times: user=0.07 sys=0.00, real=0.04 secs] 
2016-02-24T21:13:15.292+0800: 787792.006: [GC [PSYoungGen: 1376064K->15696K(1379520K)] 3504421K->2144417K(4175744K), 0.0408350 secs] [Times: user=0.07 sys=0.01, real=0.04 secs] 
2016-02-24T21:13:48.671+0800: 787825.386: [GC [PSYoungGen: 1376336K->16752K(1379200K)] 3505057K->2145769K(4175424K), 0.0371380 secs] [Times: user=0.08 sys=0.00, real=0.04 secs] 
2016-02-24T21:14:21.354+0800: 787858.068: [GC [PSYoungGen: 1377392K->14928K(1379520K)] 3506409K->2144137K(4175744K), 0.0384710 secs] [Times: user=0.07 sys=0.00, real=0.04 secs] 
2016-02-24T21:14:57.749+0800: 787894.463: [GC [PSYoungGen: 1375824K->16608K(1379456K)] 3505033K->2146121K(4175680K), 0.0406460 secs] [Times: user=0.07 sys=0.00, real=0.04 secs] 
2016-02-24T21:15:32.192+0800: 787928.906: [GC [PSYoungGen: 1377504K->15712K(1379776K)] 3507017K->2145430K(4176000K), 0.0406930 secs] [Times: user=0.07 sys=0.00, real=0.04 secs] 
2016-02-24T21:16:07.709+0800: 787964.424: [GC [PSYoungGen: 1376928K->15760K(1379520K)] 3506646K->2145850K(4175744K), 0.0387980 secs] [Times: user=0.07 sys=0.00, real=0.04 secs] 
2016-02-24T21:16:42.901+0800: 787999.615: [GC [PSYoungGen: 1376976K->16368K(1380032K)] 3507066K->2146823K(4176256K), 0.0376330 secs] [Times: user=0.08 sys=0.00, real=0.04 secs] 
2016-02-24T21:17:16.140+0800: 788032.854: [GC [PSYoungGen: 1378288K->14592K(1379968K)] 3508743K->2145492K(4176192K), 0.0364910 secs] [Times: user=0.07 sys=0.00, real=0.04 secs] 
2016-02-24T21:17:50.363+0800: 788067.078: [GC [PSYoungGen: 1376512K->16272K(1380032K)] 3507412K->2147256K(4176256K), 0.0366270 secs] [Times: user=0.08 sys=0.00, real=0.04 secs] 
2016-02-24T21:18:22.843+0800: 788099.557: [GC [PSYoungGen: 1378192K->15360K(1379968K)] 3509176K->2146449K(4176192K), 0.0433290 secs] [Times: user=0.08 sys=0.00, real=0.04 secs] 
2016-02-24T21:18:53.757+0800: 788130.472: [GC [PSYoungGen: 1377280K->17888K(1378624K)] 3508369K->2149545K(4174848K), 0.0380580 secs] [Times: user=0.08 sys=0.00, real=0.03 secs] 
2016-02-24T21:19:28.572+0800: 788165.286: [GC [PSYoungGen: 1378592K->16528K(1379392K)] 3510249K->2148545K(4175616K), 0.0379060 secs] [Times: user=0.06 sys=0.00, real=0.04 secs] 
2016-02-24T21:20:04.679+0800: 788201.393: [GC [PSYoungGen: 1377232K->16176K(1379712K)] 3509249K->2148634K(4175936K), 0.0451300 secs] [Times: user=0.08 sys=0.00, real=0.05 secs] 
2016-02-24T21:20:39.367+0800: 788236.082: [GC [PSYoungGen: 1377264K->17336K(1379456K)] 3509722K->2150067K(4175680K), 0.0425790 secs] [Times: user=0.09 sys=0.00, real=0.04 secs] 
2016-02-24T21:21:12.800+0800: 788269.514: [GC [PSYoungGen: 1378424K->16144K(1379712K)] 3511155K->2148927K(4175936K), 0.0408310 secs] [Times: user=0.07 sys=0.00, real=0.04 secs] 
2016-02-24T21:21:44.338+0800: 788301.053: [GC [PSYoungGen: 1377232K->14432K(1379456K)] 3510015K->2147652K(4175680K), 0.0324760 secs] [Times: user=0.06 sys=0.00, real=0.03 secs] 
2016-02-24T21:22:19.001+0800: 788335.716: [GC [PSYoungGen: 1375520K->15360K(1379712K)] 3508740K->2148976K(4175936K), 0.0381900 secs] [Times: user=0.07 sys=0.00, real=0.04 secs] 
2016-02-24T21:22:51.077+0800: 788367.792: [GC [PSYoungGen: 1376576K->15824K(1379584K)] 3510192K->2149628K(4175808K), 0.0424330 secs] [Times: user=0.08 sys=0.00, real=0.05 secs] 
2016-02-24T21:23:26.205+0800: 788402.920: [GC [PSYoungGen: 1377040K->15168K(1380032K)] 3510844K->2149261K(4176256K), 0.0400570 secs] [Times: user=0.08 sys=0.00, real=0.04 secs] 
2016-02-24T21:23:57.310+0800: 788434.025: [GC [PSYoungGen: 1377024K->14881K(1379904K)] 3511117K->2149106K(4176128K), 0.0359120 secs] [Times: user=0.07 sys=0.00, real=0.03 secs] 
2016-02-24T21:24:27.453+0800: 788464.167: [GC [PSYoungGen: 1376737K->15456K(1380224K)] 3510962K->2150162K(4176448K), 0.0360090 secs] [Times: user=0.07 sys=0.00, real=0.04 secs] 
2016-02-24T21:24:58.675+0800: 788495.389: [GC [PSYoungGen: 1377632K->15216K(1380032K)] 3512338K->2150282K(4176256K), 0.0416960 secs] [Times: user=0.08 sys=0.00, real=0.04 secs] 
2016-02-24T21:25:29.613+0800: 788526.327: [GC [PSYoungGen: 1377392K->14816K(1380416K)] 3512458K->2150151K(4176640K), 0.0387610 secs] [Times: user=0.08 sys=0.00, real=0.04 secs] 
2016-02-24T21:26:00.041+0800: 788556.755: [GC [PSYoungGen: 1377504K->15008K(1380352K)] 3512839K->2150463K(4176576K), 0.0361250 secs] [Times: user=0.07 sys=0.00, real=0.03 secs] 
2016-02-24T21:26:29.461+0800: 788586.176: [GC [PSYoungGen: 1377696K->15184K(1380608K)] 3513151K->2150823K(4176832K), 0.0361100 secs] [Times: user=0.07 sys=0.00, real=0.03 secs] 
2016-02-24T21:27:01.233+0800: 788617.947: [GC [PSYoungGen: 1378192K->15248K(1380480K)] 3513831K->2151256K(4176704K), 0.0363720 secs] [Times: user=0.07 sys=0.00, real=0.04 secs] 
2016-02-24T21:27:36.439+0800: 788653.153: [GC [PSYoungGen: 1378256K->16496K(1380416K)] 3514264K->2152920K(4176640K), 0.0391110 secs] [Times: user=0.07 sys=0.00, real=0.04 secs] 
2016-02-24T21:28:09.619+0800: 788686.334: [GC [PSYoungGen: 1379632K->16000K(1380608K)] 3516056K->2152680K(4176832K), 0.0371520 secs] [Times: user=0.07 sys=0.00, real=0.04 secs] 
2016-02-24T21:28:43.588+0800: 788720.302: [GC [PSYoungGen: 1379136K->14864K(1380672K)] 3515816K->2151721K(4176896K), 0.0390680 secs] [Times: user=0.08 sys=0.00, real=0.03 secs] 
2016-02-24T21:29:18.663+0800: 788755.378: [GC [PSYoungGen: 1378064K->16720K(1379968K)] 3514921K->2153773K(4176192K), 0.0391310 secs] [Times: user=0.08 sys=0.00, real=0.04 secs] 
2016-02-24T21:29:54.417+0800: 788791.132: [GC [PSYoungGen: 1379920K->16112K(1380480K)] 3516973K->2153494K(4176704K), 0.0359030 secs] [Times: user=0.07 sys=0.00, real=0.03 secs] 
2016-02-24T21:30:29.925+0800: 788826.639: [GC [PSYoungGen: 1378928K->15968K(1380416K)] 3516310K->2153698K(4176640K), 0.0404740 secs] [Times: user=0.07 sys=0.00, real=0.04 secs] 
2016-02-24T21:30:59.317+0800: 788856.031: [GC [PSYoungGen: 1378784K->16448K(1380416K)] 3516514K->2154547K(4176640K), 0.0439340 secs] [Times: user=0.08 sys=0.00, real=0.05 secs] 
2016-02-24T21:31:30.323+0800: 788887.038: [GC [PSYoungGen: 1379328K->15616K(1380480K)] 3517427K->2153987K(4176704K), 0.0411320 secs] [Times: user=0.07 sys=0.00, real=0.04 secs] 
2016-02-24T21:32:04.761+0800: 788921.476: [GC [PSYoungGen: 1378496K->15568K(1380736K)] 3516867K->2154199K(4176960K), 0.0376010 secs] [Times: user=0.07 sys=0.00, real=0.04 secs] 
2016-02-24T21:32:38.092+0800: 788954.807: [GC [PSYoungGen: 1378832K->15120K(1380608K)] 3517463K->2153948K(4176832K), 0.0419400 secs] [Times: user=0.06 sys=0.00, real=0.04 secs] 
2016-02-24T21:33:12.712+0800: 788989.426: [GC [PSYoungGen: 1378384K->16496K(1380544K)] 3517212K->2155740K(4176768K), 0.0455800 secs] [Times: user=0.08 sys=0.00, real=0.04 secs] 
2016-02-24T21:33:44.928+0800: 789021.642: [GC [PSYoungGen: 1379760K->16048K(1380672K)] 3519004K->2155420K(4176896K), 0.0429000 secs] [Times: user=0.09 sys=0.01, real=0.04 secs] 
2016-02-24T21:34:18.693+0800: 789055.408: [GC [PSYoungGen: 1379312K->16064K(1380736K)] 3518684K->2155677K(4176960K), 0.0381140 secs] [Times: user=0.07 sys=0.00, real=0.04 secs] 
2016-02-24T21:34:48.364+0800: 789085.078: [GC [PSYoungGen: 1379456K->15456K(1380736K)] 3519069K->2155490K(4176960K), 0.0393320 secs] [Times: user=0.07 sys=0.00, real=0.04 secs] 
2016-02-24T21:35:19.982+0800: 789116.697: [GC [PSYoungGen: 1378848K->14912K(1380864K)] 3518882K->2155214K(4177088K), 0.0459800 secs] [Times: user=0.08 sys=0.00, real=0.05 secs] 
2016-02-24T21:35:51.042+0800: 789147.756: [GC [PSYoungGen: 1378560K->16096K(1380864K)] 3518862K->2156831K(4177088K), 0.0403940 secs] [Times: user=0.07 sys=0.00, real=0.04 secs] 
2016-02-24T21:36:22.699+0800: 789179.413: [GC [PSYoungGen: 1379744K->15601K(1380992K)] 3520479K->2156448K(4177216K), 0.0389420 secs] [Times: user=0.07 sys=0.00, real=0.04 secs] 
2016-02-24T21:36:51.374+0800: 789208.089: [GC [PSYoungGen: 1379377K->17072K(1380864K)] 3520224K->2162987K(4177088K), 0.0559250 secs] [Times: user=0.10 sys=0.02, real=0.06 secs] 
2016-02-24T21:37:26.719+0800: 789243.433: [GC [PSYoungGen: 1380848K->16928K(1376768K)] 3526763K->2163051K(4172992K), 0.0381480 secs] [Times: user=0.07 sys=0.00, real=0.04 secs] 
2016-02-24T21:37:59.221+0800: 789275.935: [GC [PSYoungGen: 1376480K->17072K(1378816K)] 3522603K->2163520K(4175040K), 0.0518520 secs] [Times: user=0.09 sys=0.00, real=0.05 secs] 
2016-02-24T21:38:33.561+0800: 789310.275: [GC [PSYoungGen: 1376624K->14144K(1378624K)] 3523072K->2161004K(4174848K), 0.0341550 secs] [Times: user=0.07 sys=0.00, real=0.04 secs] 
2016-02-24T21:39:04.631+0800: 789341.346: [GC [PSYoungGen: 1373568K->17264K(1376704K)] 3520428K->2164228K(4172928K), 0.0403760 secs] [Times: user=0.08 sys=0.00, real=0.05 secs] 
2016-02-24T21:39:41.174+0800: 789377.889: [GC [PSYoungGen: 1376688K->14304K(1378560K)] 3523652K->2161860K(4174784K), 0.0343570 secs] [Times: user=0.07 sys=0.00, real=0.04 secs] 
2016-02-24T21:40:13.878+0800: 789410.592: [GC [PSYoungGen: 1373472K->16895K(1378624K)] 3521028K->2164800K(4174848K), 0.0434280 secs] [Times: user=0.09 sys=0.00, real=0.04 secs] 
2016-02-24T21:40:51.506+0800: 789448.220: [GC [PSYoungGen: 1376063K->16304K(1378944K)] 3523968K->2164494K(4175168K), 0.0456230 secs] [Times: user=0.09 sys=0.00, real=0.04 secs] 
2016-02-24T21:41:24.444+0800: 789481.158: [GC [PSYoungGen: 1375856K->14976K(1378688K)] 3524046K->2163474K(4174912K), 0.0409710 secs] [Times: user=0.07 sys=0.00, real=0.04 secs] 
2016-02-24T21:41:57.651+0800: 789514.365: [GC [PSYoungGen: 1374528K->16752K(1379072K)] 3523026K->2165427K(4175296K), 0.0448460 secs] [Times: user=0.09 sys=0.00, real=0.05 secs] 
2016-02-24T21:42:32.853+0800: 789549.568: [GC [PSYoungGen: 1376752K->18080K(1378112K)] 3525427K->2167015K(4174336K), 0.0443170 secs] [Times: user=0.08 sys=0.00, real=0.04 secs] 
2016-02-24T21:43:05.274+0800: 789581.988: [GC [PSYoungGen: 1378080K->15456K(1378816K)] 3527015K->2164784K(4175040K), 0.0461010 secs] [Times: user=0.09 sys=0.00, real=0.05 secs] 
2016-02-24T21:43:36.226+0800: 789612.941: [GC [PSYoungGen: 1374816K->14240K(1378624K)] 3524144K->2163825K(4174848K), 0.0347780 secs] [Times: user=0.06 sys=0.01, real=0.03 secs] 
2016-02-24T21:44:10.825+0800: 789647.539: [GC [PSYoungGen: 1373600K->15392K(1378944K)] 3523185K->2165337K(4175168K), 0.0452090 secs] [Times: user=0.08 sys=0.00, real=0.04 secs] 
2016-02-24T21:44:47.242+0800: 789683.957: [GC [PSYoungGen: 1375008K->17056K(1378752K)] 3524953K->2167169K(4174976K), 0.0385390 secs] [Times: user=0.07 sys=0.00, real=0.04 secs] 
2016-02-24T21:45:19.023+0800: 789715.738: [GC [PSYoungGen: 1376672K->16464K(1379072K)] 3526785K->2166822K(4175296K), 0.0421220 secs] [Times: user=0.08 sys=0.00, real=0.04 secs] 
2016-02-24T21:45:50.964+0800: 789747.679: [GC [PSYoungGen: 1376336K->15952K(1378880K)] 3526694K->2166658K(4175104K), 0.0391200 secs] [Times: user=0.07 sys=0.00, real=0.03 secs] 
2016-02-24T21:46:23.775+0800: 789780.490: [GC [PSYoungGen: 1375824K->14944K(1379392K)] 3526530K->2166099K(4175616K), 0.0356580 secs] [Times: user=0.06 sys=0.00, real=0.03 secs] 
2016-02-24T21:46:57.120+0800: 789813.834: [GC [PSYoungGen: 1375584K->15616K(1379328K)] 3526739K->2166915K(4175552K), 0.0419070 secs] [Times: user=0.08 sys=0.00, real=0.05 secs] 
2016-02-24T21:47:30.976+0800: 789847.690: [GC [PSYoungGen: 1376256K->14560K(1379584K)] 3527555K->2166196K(4175808K), 0.0437120 secs] [Times: user=0.08 sys=0.00, real=0.04 secs] 
2016-02-24T21:48:02.440+0800: 789879.155: [GC [PSYoungGen: 1375648K->15440K(1379584K)] 3527284K->2167272K(4175808K), 0.0444460 secs] [Times: user=0.08 sys=0.00, real=0.04 secs] 
2016-02-24T21:48:31.265+0800: 789907.980: [GC [PSYoungGen: 1376528K->15536K(1379968K)] 3528360K->2167740K(4176192K), 0.0407900 secs] [Times: user=0.08 sys=0.00, real=0.04 secs] 
2016-02-24T21:49:03.493+0800: 789940.207: [GC [PSYoungGen: 1377200K->16112K(1379776K)] 3529404K->2168652K(4176000K), 0.0379210 secs] [Times: user=0.07 sys=0.00, real=0.03 secs] 
2016-02-24T21:49:35.674+0800: 789972.388: [GC [PSYoungGen: 1377776K->17981K(1376640K)] 3530316K->2173593K(4172864K), 0.0485070 secs] [Times: user=0.09 sys=0.00, real=0.05 secs] 
2016-02-24T21:50:07.810+0800: 790004.524: [GC [PSYoungGen: 1376637K->16432K(1378368K)] 3532249K->2172496K(4174592K), 0.0390060 secs] [Times: user=0.07 sys=0.00, real=0.04 secs] 
2016-02-24T21:50:39.040+0800: 790035.754: [GC [PSYoungGen: 1375088K->17168K(1378624K)] 3531152K->2173416K(4174848K), 0.0390810 secs] [Times: user=0.08 sys=0.00, real=0.04 secs] 
2016-02-24T21:51:11.156+0800: 790067.871: [GC [PSYoungGen: 1376336K->16160K(1378624K)] 3532584K->2172684K(4174848K), 0.0451720 secs] [Times: user=0.08 sys=0.00, real=0.04 secs] 
2016-02-24T21:51:44.042+0800: 790100.757: [GC [PSYoungGen: 1375328K->15232K(1379008K)] 3531852K->2172028K(4175232K), 0.0393640 secs] [Times: user=0.07 sys=0.01, real=0.04 secs] 
2016-02-24T21:52:20.401+0800: 790137.115: [GC [PSYoungGen: 1375040K->17712K(1377536K)] 3531836K->2174676K(4173760K), 0.0470010 secs] [Times: user=0.09 sys=0.00, real=0.04 secs] 
2016-02-24T21:52:53.601+0800: 790170.316: [GC [PSYoungGen: 1377520K->15568K(1378880K)] 3534484K->2172824K(4175104K), 0.0413950 secs] [Times: user=0.08 sys=0.00, real=0.04 secs] 
2016-02-24T21:53:20.200+0800: 790196.914: [GC [PSYoungGen: 1375120K->14160K(1378752K)] 3532376K->2171633K(4174976K), 0.0350200 secs] [Times: user=0.07 sys=0.00, real=0.03 secs] 
2016-02-24T21:53:49.372+0800: 790226.087: [GC [PSYoungGen: 1373712K->14352K(1378816K)] 3531185K->2172229K(4175040K), 0.0403100 secs] [Times: user=0.09 sys=0.00, real=0.04 secs] 
2016-02-24T21:54:17.980+0800: 790254.695: [GC [PSYoungGen: 1373904K->16272K(1378816K)] 3531781K->2174690K(4175040K), 0.0393790 secs] [Times: user=0.08 sys=0.00, real=0.04 secs] 
2016-02-24T21:54:50.397+0800: 790287.112: [GC [PSYoungGen: 1375824K->18256K(1377984K)] 3534242K->2176881K(4174208K), 0.0437710 secs] [Times: user=0.08 sys=0.00, real=0.04 secs] 
2016-02-24T21:55:21.832+0800: 790318.547: [GC [PSYoungGen: 1377168K->15536K(1378496K)] 3535793K->2174605K(4174720K), 0.0411950 secs] [Times: user=0.09 sys=0.00, real=0.04 secs] 
2016-02-24T21:55:50.049+0800: 790346.764: [GC [PSYoungGen: 1374448K->15776K(1378944K)] 3533517K->2175026K(4175168K), 0.0389610 secs] [Times: user=0.08 sys=0.00, real=0.04 secs] 
2016-02-24T21:56:20.303+0800: 790377.018: [GC [PSYoungGen: 1375328K->15584K(1378688K)] 3534578K->2175015K(4174912K), 0.0372350 secs] [Times: user=0.08 sys=0.00, real=0.04 secs] 
2016-02-24T21:56:48.577+0800: 790405.292: [GC [PSYoungGen: 1375136K->14656K(1379200K)] 3534567K->2174497K(4175424K), 0.0384840 secs] [Times: user=0.07 sys=0.00, real=0.04 secs] 
2016-02-24T21:57:17.647+0800: 790434.361: [GC [PSYoungGen: 1374976K->13808K(1374144K)] 3534817K->2173902K(4170368K), 0.0347060 secs] [Times: user=0.07 sys=0.00, real=0.03 secs] 
2016-02-24T21:57:46.194+0800: 790462.909: [GC [PSYoungGen: 1374128K->13328K(1379008K)] 3534222K->2173687K(4175232K), 0.0380870 secs] [Times: user=0.06 sys=0.00, real=0.04 secs] 
2016-02-24T21:58:19.999+0800: 790496.713: [GC [PSYoungGen: 1373392K->15872K(1379072K)] 3533751K->2176719K(4175296K), 0.0381000 secs] [Times: user=0.07 sys=0.00, real=0.04 secs] 
2016-02-24T21:58:47.266+0800: 790523.980: [GC [PSYoungGen: 1375936K->15328K(1379584K)] 3536783K->2176376K(4175808K), 0.0418780 secs] [Times: user=0.07 sys=0.00, real=0.04 secs] 
2016-02-24T21:59:18.875+0800: 790555.589: [GC [PSYoungGen: 1376096K->15488K(1379264K)] 3537144K->2177021K(4175488K), 0.0350460 secs] [Times: user=0.07 sys=0.00, real=0.04 secs] 
2016-02-24T21:59:50.034+0800: 790586.749: [GC [PSYoungGen: 1376256K->14624K(1379968K)] 3537789K->2176417K(4176192K), 0.0349480 secs] [Times: user=0.06 sys=0.00, real=0.03 secs] 
2016-02-24T22:00:18.530+0800: 790615.244: [GC [PSYoungGen: 1376352K->14944K(1379840K)] 3538145K->2176905K(4176064K), 0.0388720 secs] [Times: user=0.08 sys=0.00, real=0.04 secs] 
2016-02-24T22:00:50.852+0800: 790647.566: [GC [PSYoungGen: 1376672K->16133K(1380160K)] 3538633K->2178306K(4176384K), 0.0473260 secs] [Times: user=0.09 sys=0.00, real=0.04 secs] 
2016-02-24T22:01:20.404+0800: 790677.118: [GC [PSYoungGen: 1378373K->16096K(1380160K)] 3540546K->2178522K(4176384K), 0.0391560 secs] [Times: user=0.07 sys=0.00, real=0.04 secs] 
2016-02-24T22:01:48.686+0800: 790705.400: [GC [PSYoungGen: 1378336K->15216K(1380352K)] 3540762K->2177999K(4176576K), 0.0355310 secs] [Times: user=0.06 sys=0.01, real=0.03 secs] 
2016-02-24T22:02:17.430+0800: 790734.144: [GC [PSYoungGen: 1377648K->17408K(1379840K)] 3540431K->2180555K(4176064K), 0.0382600 secs] [Times: user=0.07 sys=0.00, real=0.04 secs] 
2016-02-24T22:02:47.952+0800: 790764.666: [GC [PSYoungGen: 1379840K->16144K(1379904K)] 3542987K->2179399K(4176128K), 0.0364150 secs] [Times: user=0.07 sys=0.00, real=0.04 secs] 
2016-02-24T22:03:17.462+0800: 790794.176: [GC [PSYoungGen: 1377808K->15760K(1379840K)] 3541063K->2179135K(4176064K), 0.0368410 secs] [Times: user=0.07 sys=0.00, real=0.03 secs] 
2016-02-24T22:03:52.515+0800: 790829.229: [GC [PSYoungGen: 1377424K->17904K(1378496K)] 3540799K->2181819K(4174720K), 0.0402400 secs] [Times: user=0.08 sys=0.00, real=0.04 secs] 
2016-02-24T22:04:24.593+0800: 790861.307: [GC [PSYoungGen: 1378480K->17456K(1378048K)] 3542395K->2181536K(4174272K), 0.0427620 secs] [Times: user=0.08 sys=0.00, real=0.04 secs] 
2016-02-24T22:04:54.107+0800: 790890.822: [GC [PSYoungGen: 1378032K->16544K(1379200K)] 3542112K->2181128K(4175424K), 0.0375270 secs] [Times: user=0.07 sys=0.00, real=0.04 secs] 
2016-02-24T22:05:23.387+0800: 790920.102: [GC [PSYoungGen: 1376736K->17168K(1379072K)] 3541320K->2181968K(4175296K), 0.0409640 secs] [Times: user=0.08 sys=0.00, real=0.04 secs] 
2016-02-24T22:05:51.934+0800: 790948.648: [GC [PSYoungGen: 1377360K->15680K(1379264K)] 3542160K->2180684K(4175488K), 0.0369460 secs] [Times: user=0.07 sys=0.00, real=0.03 secs] 
2016-02-24T22:06:20.322+0800: 790977.037: [GC [PSYoungGen: 1376000K->16848K(1379136K)] 3541004K->2182241K(4175360K), 0.0430190 secs] [Times: user=0.08 sys=0.00, real=0.04 secs] 
2016-02-24T22:06:51.223+0800: 791007.938: [GC [PSYoungGen: 1377168K->15776K(1379456K)] 3542561K->2181373K(4175680K), 0.0498610 secs] [Times: user=0.08 sys=0.00, real=0.05 secs] 
2016-02-24T22:07:19.410+0800: 791036.124: [GC [PSYoungGen: 1376480K->15424K(1379328K)] 3542077K->2181602K(4175552K), 0.0395770 secs] [Times: user=0.08 sys=0.00, real=0.04 secs] 
2016-02-24T22:07:50.811+0800: 791067.526: [GC [PSYoungGen: 1376128K->18480K(1377792K)] 3542306K->2185263K(4174016K), 0.0477720 secs] [Times: user=0.09 sys=0.00, real=0.05 secs] 
2016-02-24T22:08:20.768+0800: 791097.483: [GC [PSYoungGen: 1377776K->16016K(1378688K)] 3544559K->2183163K(4174912K), 0.0422410 secs] [Times: user=0.08 sys=0.00, real=0.04 secs] 
2016-02-24T22:08:52.905+0800: 791129.620: [GC [PSYoungGen: 1375312K->16400K(1379200K)] 3542459K->2183812K(4175424K), 0.0393180 secs] [Times: user=0.07 sys=0.00, real=0.04 secs] 
2016-02-24T22:09:24.015+0800: 791160.729: [GC [PSYoungGen: 1376464K->15040K(1378944K)] 3543876K->2182817K(4175168K), 0.0352740 secs] [Times: user=0.08 sys=0.00, real=0.04 secs] 
2016-02-24T22:09:52.961+0800: 791189.675: [GC [PSYoungGen: 1375104K->15296K(1379328K)] 3542881K->2183309K(4175552K), 0.0374210 secs] [Times: user=0.07 sys=0.00, real=0.04 secs] 
2016-02-24T22:10:23.831+0800: 791220.546: [GC [PSYoungGen: 1375744K->16576K(1379200K)] 3543757K->2184757K(4175424K), 0.0510440 secs] [Times: user=0.11 sys=0.00, real=0.05 secs] 
2016-02-24T22:10:50.896+0800: 791247.610: [GC [PSYoungGen: 1377024K->16016K(1379648K)] 3545205K->2184457K(4175872K), 0.0473600 secs] [Times: user=0.08 sys=0.01, real=0.05 secs] 
2016-02-24T22:11:18.014+0800: 791274.729: [GC [PSYoungGen: 1376976K->15328K(1379392K)] 3545417K->2184046K(4175616K), 0.0363280 secs] [Times: user=0.07 sys=0.00, real=0.03 secs] 
2016-02-24T22:11:44.845+0800: 791301.559: [GC [PSYoungGen: 1376288K->15840K(1379904K)] 3545006K->2184990K(4176128K), 0.0406040 secs] [Times: user=0.07 sys=0.00, real=0.04 secs] 
2016-02-24T22:12:14.005+0800: 791330.719: [GC [PSYoungGen: 1377376K->18160K(1379712K)] 3546526K->2187827K(4175936K), 0.0501450 secs] [Times: user=0.10 sys=0.00, real=0.05 secs] 
2016-02-24T22:12:41.474+0800: 791358.189: [GC [PSYoungGen: 1379696K->14656K(1378432K)] 3549363K->2184603K(4174656K), 0.0354330 secs] [Times: user=0.07 sys=0.00, real=0.04 secs] 
2016-02-24T22:13:07.686+0800: 791384.401: [GC [PSYoungGen: 1374720K->16032K(1379072K)] 3544667K->2186132K(4175296K), 0.0385650 secs] [Times: user=0.08 sys=0.00, real=0.04 secs] 
2016-02-24T22:13:34.341+0800: 791411.056: [GC [PSYoungGen: 1376096K->15600K(1379520K)] 3546196K->2185888K(4175744K), 0.0366410 secs] [Times: user=0.07 sys=0.01, real=0.03 secs] 
2016-02-24T22:14:02.955+0800: 791439.670: [GC [PSYoungGen: 1376368K->16608K(1379328K)] 3546656K->2187060K(4175552K), 0.0435740 secs] [Times: user=0.08 sys=0.00, real=0.04 secs] 
2016-02-24T22:14:30.740+0800: 791467.455: [GC [PSYoungGen: 1377376K->14800K(1379584K)] 3547828K->2185473K(4175808K), 0.0364640 secs] [Times: user=0.08 sys=0.00, real=0.03 secs] 
2016-02-24T22:14:57.222+0800: 791493.936: [GC [PSYoungGen: 1375888K->14894K(1379584K)] 3546561K->2185839K(4175808K), 0.0372290 secs] [Times: user=0.07 sys=0.00, real=0.04 secs] 
2016-02-24T22:15:28.849+0800: 791525.563: [GC [PSYoungGen: 1375982K->17280K(1379136K)] 3546927K->2188546K(4175360K), 0.0424870 secs] [Times: user=0.08 sys=0.00, real=0.04 secs] 
2016-02-24T22:16:02.723+0800: 791559.437: [GC [PSYoungGen: 1377984K->16704K(1379392K)] 3549250K->2188326K(4175616K), 0.0382110 secs] [Times: user=0.07 sys=0.00, real=0.04 secs] 
2016-02-24T22:16:33.303+0800: 791590.017: [GC [PSYoungGen: 1377408K->15856K(1379584K)] 3549030K->2187874K(4175808K), 0.0378660 secs] [Times: user=0.08 sys=0.00, real=0.04 secs] 
2016-02-24T22:17:01.985+0800: 791618.700: [GC [PSYoungGen: 1376752K->13840K(1379392K)] 3548770K->2186226K(4175616K), 0.0386020 secs] [Times: user=0.07 sys=0.00, real=0.04 secs] 
2016-02-24T22:17:29.884+0800: 791646.599: [GC [PSYoungGen: 1374736K->15312K(1379648K)] 3547122K->2187806K(4175872K), 0.0384730 secs] [Times: user=0.07 sys=0.00, real=0.04 secs] 
2016-02-24T22:17:59.571+0800: 791676.286: [GC [PSYoungGen: 1376336K->15340K(1379456K)] 3548830K->2188203K(4175680K), 0.0371170 secs] [Times: user=0.07 sys=0.00, real=0.04 secs] 
2016-02-24T22:18:32.633+0800: 791709.348: [GC [PSYoungGen: 1376364K->16737K(1379584K)] 3549227K->2189924K(4175808K), 0.0406310 secs] [Times: user=0.07 sys=0.00, real=0.04 secs] 
2016-02-24T22:19:03.931+0800: 791740.645: [GC [PSYoungGen: 1378081K->14176K(1375552K)] 3551268K->2187872K(4171776K), 0.0342290 secs] [Times: user=0.07 sys=0.00, real=0.04 secs] 
2016-02-24T22:19:35.484+0800: 791772.199: [GC [PSYoungGen: 1375520K->15554K(1379904K)] 3549216K->2189374K(4176128K), 0.0388170 secs] [Times: user=0.07 sys=0.01, real=0.04 secs] 
2016-02-24T22:20:05.963+0800: 791802.678: [GC [PSYoungGen: 1377026K->16240K(1379648K)] 3550846K->2190333K(4175872K), 0.0428740 secs] [Times: user=0.09 sys=0.00, real=0.04 secs] 
2016-02-24T22:20:36.431+0800: 791833.146: [GC [PSYoungGen: 1377712K->18080K(1378176K)] 3551805K->2192777K(4174400K), 0.0439050 secs] [Times: user=0.08 sys=0.00, real=0.04 secs] 
2016-02-24T22:21:07.637+0800: 791864.351: [GC [PSYoungGen: 1378144K->16352K(1379072K)] 3552841K->2191453K(4175296K), 0.0460270 secs] [Times: user=0.08 sys=0.00, real=0.04 secs] 
2016-02-24T22:21:36.804+0800: 791893.518: [GC [PSYoungGen: 1376416K->15360K(1379392K)] 3551517K->2190830K(4175616K), 0.0414690 secs] [Times: user=0.07 sys=0.00, real=0.04 secs] 
2016-02-24T22:22:07.738+0800: 791924.453: [GC [PSYoungGen: 1375936K->15840K(1379264K)] 3551406K->2191565K(4175488K), 0.0390340 secs] [Times: user=0.08 sys=0.00, real=0.04 secs] 
2016-02-24T22:22:38.689+0800: 791955.403: [GC [PSYoungGen: 1376416K->16848K(1379520K)] 3552141K->2192802K(4175744K), 0.0464950 secs] [Times: user=0.09 sys=0.00, real=0.04 secs] 
2016-02-24T22:23:10.719+0800: 791987.433: [GC [PSYoungGen: 1377936K->15664K(1379584K)] 3553890K->2191861K(4175808K), 0.0399530 secs] [Times: user=0.08 sys=0.00, real=0.04 secs] 
2016-02-24T22:23:37.716+0800: 792014.430: [GC [PSYoungGen: 1376752K->14864K(1379776K)] 3552949K->2191282K(4176000K), 0.0526320 secs] [Times: user=0.10 sys=0.00, real=0.06 secs] 
2016-02-24T22:24:08.533+0800: 792045.248: [GC [PSYoungGen: 1376336K->16192K(1379776K)] 3552754K->2192838K(4176000K), 0.0359430 secs] [Times: user=0.07 sys=0.00, real=0.03 secs] 
2016-02-24T22:24:39.009+0800: 792075.724: [GC [PSYoungGen: 1377664K->15904K(1380096K)] 3554310K->2192798K(4176320K), 0.0360320 secs] [Times: user=0.07 sys=0.00, real=0.04 secs] 
2016-02-24T22:25:08.988+0800: 792105.702: [GC [PSYoungGen: 1377824K->15520K(1379904K)] 3554718K->2192585K(4176128K), 0.0366540 secs] [Times: user=0.07 sys=0.00, real=0.04 secs] 
2016-02-24T22:25:38.908+0800: 792135.622: [GC [PSYoungGen: 1377440K->13152K(1379712K)] 3554505K->2190442K(4175936K), 0.0391980 secs] [Times: user=0.08 sys=0.00, real=0.03 secs] 
2016-02-24T22:26:09.889+0800: 792166.603: [GC [PSYoungGen: 1375008K->15328K(1379968K)] 3552298K->2192862K(4176192K), 0.0378830 secs] [Times: user=0.07 sys=0.00, real=0.04 secs] 
2016-02-24T22:26:41.683+0800: 792198.398: [GC [PSYoungGen: 1377184K->16384K(1380032K)] 3554718K->2194282K(4176256K), 0.0395130 secs] [Times: user=0.07 sys=0.00, real=0.04 secs] 
2016-02-24T22:27:14.896+0800: 792231.610: [GC [PSYoungGen: 1378496K->16384K(1380096K)] 3556394K->2194478K(4176320K), 0.0385900 secs] [Times: user=0.07 sys=0.00, real=0.04 secs] 
2016-02-24T22:27:47.737+0800: 792264.451: [GC [PSYoungGen: 1378496K->16608K(1379840K)] 3556590K->2194950K(4176064K), 0.0511060 secs] [Times: user=0.09 sys=0.00, real=0.06 secs] 
2016-02-24T22:28:19.459+0800: 792296.174: [GC [PSYoungGen: 1378464K->16359K(1379968K)] 3556806K->2194873K(4176192K), 0.0464280 secs] [Times: user=0.08 sys=0.00, real=0.04 secs] 
2016-02-24T22:28:51.290+0800: 792328.005: [GC [PSYoungGen: 1378215K->14768K(1380032K)] 3556729K->2193489K(4176256K), 0.0371990 secs] [Times: user=0.08 sys=0.00, real=0.04 secs] 
2016-02-24T22:29:23.905+0800: 792360.620: [GC [PSYoungGen: 1376752K->14944K(1380032K)] 3555473K->2193937K(4176256K), 0.0358680 secs] [Times: user=0.07 sys=0.00, real=0.03 secs] 
2016-02-24T22:29:53.378+0800: 792390.092: [GC [PSYoungGen: 1376928K->15120K(1380224K)] 3555921K->2194225K(4176448K), 0.0359330 secs] [Times: user=0.07 sys=0.00, real=0.04 secs] 
2016-02-24T22:30:23.842+0800: 792420.556: [GC [PSYoungGen: 1377360K->16032K(1380096K)] 3556465K->2195330K(4176320K), 0.0364230 secs] [Times: user=0.07 sys=0.00, real=0.03 secs] 
2016-02-24T22:30:57.462+0800: 792454.177: [GC [PSYoungGen: 1378272K->16912K(1379776K)] 3557570K->2196691K(4176000K), 0.0374350 secs] [Times: user=0.06 sys=0.00, real=0.04 secs] 
2016-02-24T22:31:30.738+0800: 792487.452: [GC [PSYoungGen: 1378896K->15152K(1380032K)] 3558675K->2195087K(4176256K), 0.0370490 secs] [Times: user=0.07 sys=0.00, real=0.03 secs] 
2016-02-24T22:32:04.340+0800: 792521.054: [GC [PSYoungGen: 1377136K->17681K(1379136K)] 3557071K->2197996K(4175360K), 0.0402950 secs] [Times: user=0.08 sys=0.00, real=0.04 secs] 
2016-02-24T22:32:41.061+0800: 792557.776: [GC [PSYoungGen: 1378897K->17552K(1378816K)] 3559212K->2198425K(4175040K), 0.0440750 secs] [Times: user=0.08 sys=0.00, real=0.04 secs] 
2016-02-24T22:33:12.978+0800: 792589.693: [GC [PSYoungGen: 1378768K->16224K(1379520K)] 3559641K->2197318K(4175744K), 0.0360160 secs] [Times: user=0.07 sys=0.00, real=0.04 secs] 
2016-02-24T22:33:48.214+0800: 792624.928: [GC [PSYoungGen: 1376992K->18208K(1379008K)] 3558086K->2199626K(4175232K), 0.0396700 secs] [Times: user=0.07 sys=0.00, real=0.04 secs] 
2016-02-24T22:34:23.943+0800: 792660.657: [GC [PSYoungGen: 1378976K->16688K(1379136K)] 3560394K->2198415K(4175360K), 0.0399540 secs] [Times: user=0.07 sys=0.00, real=0.04 secs] 
2016-02-24T22:34:59.854+0800: 792696.568: [GC [PSYoungGen: 1376752K->17408K(1379008K)] 3558479K->2199588K(4175232K), 0.0377970 secs] [Times: user=0.08 sys=0.00, real=0.03 secs] 
2016-02-24T22:35:27.764+0800: 792724.479: [GC [PSYoungGen: 1377472K->14048K(1378624K)] 3559652K->2196384K(4174848K), 0.0354550 secs] [Times: user=0.07 sys=0.00, real=0.03 secs] 
2016-02-24T22:36:03.333+0800: 792760.047: [GC [PSYoungGen: 1373600K->18096K(1377664K)] 3555936K->2200660K(4173888K), 0.0442870 secs] [Times: user=0.08 sys=0.00, real=0.05 secs] 
2016-02-24T22:36:36.047+0800: 792792.761: [GC [PSYoungGen: 1377648K->15104K(1378560K)] 3560212K->2198025K(4174784K), 0.0435110 secs] [Times: user=0.09 sys=0.00, real=0.04 secs] 
2016-02-24T22:37:08.326+0800: 792825.040: [GC [PSYoungGen: 1374016K->15248K(1378432K)] 3556937K->2198497K(4174656K), 0.0370440 secs] [Times: user=0.08 sys=0.00, real=0.03 secs] 
2016-02-24T22:37:40.251+0800: 792856.965: [GC [PSYoungGen: 1374160K->16032K(1379008K)] 3557409K->2199622K(4175232K), 0.0368360 secs] [Times: user=0.07 sys=0.00, real=0.04 secs] 
2016-02-24T22:38:11.574+0800: 792888.289: [GC [PSYoungGen: 1375648K->14928K(1378688K)] 3559238K->2198807K(4174912K), 0.0357970 secs] [Times: user=0.08 sys=0.00, real=0.04 secs] 
2016-02-24T22:38:45.905+0800: 792922.619: [GC [PSYoungGen: 1374544K->16944K(1378944K)] 3558423K->2201131K(4175168K), 0.0413780 secs] [Times: user=0.08 sys=0.00, real=0.04 secs] 
2016-02-24T22:39:19.052+0800: 792955.767: [GC [PSYoungGen: 1376880K->15840K(1379008K)] 3561067K->2200452K(4175232K), 0.0376620 secs] [Times: user=0.07 sys=0.00, real=0.04 secs] 
2016-02-24T22:39:52.606+0800: 792989.320: [GC [PSYoungGen: 1375776K->15072K(1379392K)] 3560388K->2199956K(4175616K), 0.0426490 secs] [Times: user=0.09 sys=0.00, real=0.04 secs] 
2016-02-24T22:40:29.912+0800: 793026.626: [GC [PSYoungGen: 1375648K->15104K(1379264K)] 3560532K->2200105K(4175488K), 0.0485860 secs] [Times: user=0.10 sys=0.00, real=0.05 secs] 
2016-02-24T22:41:01.507+0800: 793058.222: [GC [PSYoungGen: 1375680K->14816K(1379584K)] 3560681K->2200146K(4175808K), 0.0418530 secs] [Times: user=0.09 sys=0.00, real=0.05 secs] 
2016-02-24T22:41:34.986+0800: 793091.700: [GC [PSYoungGen: 1375776K->16784K(1379456K)] 3561106K->2202366K(4175680K), 0.0435700 secs] [Times: user=0.08 sys=0.00, real=0.05 secs] 
2016-02-24T22:42:06.698+0800: 793123.413: [GC [PSYoungGen: 1377744K->15136K(1379584K)] 3563326K->2200986K(4175808K), 0.0375280 secs] [Times: user=0.08 sys=0.00, real=0.04 secs] 
2016-02-24T22:42:41.203+0800: 793157.917: [GC [PSYoungGen: 1376096K->15424K(1379456K)] 3561946K->2201686K(4175680K), 0.0361750 secs] [Times: user=0.07 sys=0.00, real=0.04 secs] 
2016-02-24T22:43:15.394+0800: 793192.108: [GC [PSYoungGen: 1376384K->15872K(1380032K)] 3562646K->2202303K(4176256K), 0.0375300 secs] [Times: user=0.07 sys=0.00, real=0.03 secs] 
2016-02-24T22:43:52.115+0800: 793228.830: [GC [PSYoungGen: 1377600K->16016K(1379776K)] 3564031K->2202653K(4176000K), 0.0403590 secs] [Times: user=0.08 sys=0.00, real=0.04 secs] 
2016-02-24T22:44:28.724+0800: 793265.439: [GC [PSYoungGen: 1377744K->17304K(1379520K)] 3564381K->2204081K(4175744K), 0.0389450 secs] [Times: user=0.07 sys=0.00, real=0.03 secs] 
2016-02-24T22:45:04.541+0800: 793301.255: [GC [PSYoungGen: 1378904K->17792K(1379456K)] 3565681K->2204882K(4175680K), 0.0467100 secs] [Times: user=0.09 sys=0.00, real=0.05 secs] 
2016-02-24T22:45:33.642+0800: 793330.357: [GC [PSYoungGen: 1379392K->15248K(1379456K)] 3566482K->2202736K(4175680K), 0.0459710 secs] [Times: user=0.08 sys=0.00, real=0.04 secs] 
2016-02-24T22:46:09.439+0800: 793366.153: [GC [PSYoungGen: 1376080K->16352K(1379456K)] 3563568K->2204128K(4175680K), 0.0370770 secs] [Times: user=0.07 sys=0.00, real=0.04 secs] 
2016-02-24T22:46:42.087+0800: 793398.802: [GC [PSYoungGen: 1377184K->14944K(1379648K)] 3564960K->2202840K(4175872K), 0.0410660 secs] [Times: user=0.08 sys=0.00, real=0.05 secs] 
2016-02-24T22:47:16.641+0800: 793433.355: [GC [PSYoungGen: 1376096K->15904K(1379584K)] 3563992K->2204009K(4175808K), 0.0369220 secs] [Times: user=0.07 sys=0.00, real=0.04 secs] 
2016-02-24T22:47:53.349+0800: 793470.063: [GC [PSYoungGen: 1377056K->16832K(1379648K)] 3565161K->2205229K(4175872K), 0.0443690 secs] [Times: user=0.08 sys=0.00, real=0.05 secs] 
2016-02-24T22:48:32.400+0800: 793509.115: [GC [PSYoungGen: 1378304K->16048K(1379776K)] 3566701K->2204618K(4176000K), 0.0392530 secs] [Times: user=0.07 sys=0.00, real=0.03 secs] 
2016-02-24T22:49:04.503+0800: 793541.217: [GC [PSYoungGen: 1377520K->14123K(1379712K)] 3566090K->2202950K(4175936K), 0.0336840 secs] [Times: user=0.06 sys=0.01, real=0.03 secs] 
2016-02-24T22:49:40.332+0800: 793577.046: [GC [PSYoungGen: 1375723K->14112K(1375744K)] 3564550K->2203284K(4171968K), 0.0345210 secs] [Times: user=0.07 sys=0.00, real=0.03 secs] 
2016-02-24T22:50:13.003+0800: 793609.717: [GC [PSYoungGen: 1375712K->15424K(1380032K)] 3564884K->2204884K(4176256K), 0.0344820 secs] [Times: user=0.07 sys=0.00, real=0.04 secs] 
2016-02-24T22:50:46.192+0800: 793642.907: [GC [PSYoungGen: 1377152K->17088K(1378880K)] 3566612K->2206901K(4175104K), 0.0386830 secs] [Times: user=0.08 sys=0.00, real=0.03 secs] 
2016-02-24T22:51:22.843+0800: 793679.557: [GC [PSYoungGen: 1378816K->15952K(1379904K)] 3568629K->2206205K(4176128K), 0.0399700 secs] [Times: user=0.07 sys=0.00, real=0.04 secs] 
2016-02-24T22:51:58.833+0800: 793715.548: [GC [PSYoungGen: 1377488K->17088K(1379712K)] 3567741K->2207541K(4175936K), 0.0379310 secs] [Times: user=0.07 sys=0.00, real=0.04 secs] 
2016-02-24T22:52:36.169+0800: 793752.883: [GC [PSYoungGen: 1378624K->15257K(1379840K)] 3569077K->2205995K(4176064K), 0.0388180 secs] [Times: user=0.07 sys=0.00, real=0.04 secs] 
2016-02-24T22:53:09.417+0800: 793786.131: [GC [PSYoungGen: 1376729K->14912K(1379712K)] 3567467K->2205886K(4175936K), 0.0359950 secs] [Times: user=0.07 sys=0.00, real=0.04 secs] 
2016-02-24T22:53:44.894+0800: 793821.609: [GC [PSYoungGen: 1376384K->14320K(1379904K)] 3567358K->2205655K(4176128K), 0.0393140 secs] [Times: user=0.08 sys=0.00, real=0.04 secs] 
2016-02-24T22:54:16.719+0800: 793853.433: [GC [PSYoungGen: 1376048K->13168K(1374912K)] 3567383K->2204839K(4171136K), 0.0348710 secs] [Times: user=0.08 sys=0.00, real=0.04 secs] 
2016-02-24T22:54:54.701+0800: 793891.416: [GC [PSYoungGen: 1374896K->16112K(1379712K)] 3566567K->2207988K(4175936K), 0.0414100 secs] [Times: user=0.08 sys=0.00, real=0.04 secs] 
2016-02-24T22:55:28.291+0800: 793925.005: [GC [PSYoungGen: 1377456K->14881K(1379712K)] 3569332K->2207069K(4175936K), 0.0354020 secs] [Times: user=0.07 sys=0.00, real=0.04 secs] 
2016-02-24T22:56:03.603+0800: 793960.317: [GC [PSYoungGen: 1376225K->16016K(1379968K)] 3568413K->2208582K(4176192K), 0.0357920 secs] [Times: user=0.08 sys=0.00, real=0.04 secs] 
2016-02-24T22:56:38.549+0800: 793995.263: [GC [PSYoungGen: 1377808K->14304K(1379904K)] 3570374K->2207226K(4176128K), 0.0389200 secs] [Times: user=0.07 sys=0.00, real=0.04 secs] 
2016-02-24T22:57:10.286+0800: 794027.000: [GC [PSYoungGen: 1376096K->13777K(1380032K)] 3569018K->2206868K(4176256K), 0.0336770 secs] [Times: user=0.06 sys=0.00, real=0.03 secs] 
2016-02-24T22:57:45.912+0800: 794062.627: [GC [PSYoungGen: 1375761K->16112K(1378112K)] 3568852K->2209586K(4174336K), 0.0387380 secs] [Times: user=0.07 sys=0.00, real=0.04 secs] 
2016-02-24T22:58:17.857+0800: 794094.571: [GC [PSYoungGen: 1378096K->14032K(1380032K)] 3571570K->2207822K(4176256K), 0.0327650 secs] [Times: user=0.07 sys=0.00, real=0.03 secs] 
2016-02-24T22:58:52.138+0800: 794128.852: [GC [PSYoungGen: 1375952K->14096K(1379968K)] 3569742K->2208355K(4176192K), 0.0364350 secs] [Times: user=0.07 sys=0.00, real=0.04 secs] 
2016-02-24T22:59:28.233+0800: 794164.948: [GC [PSYoungGen: 1376016K->14544K(1380352K)] 3570275K->2208948K(4176576K), 0.0396490 secs] [Times: user=0.08 sys=0.00, real=0.04 secs] 
2016-02-24T23:00:08.412+0800: 794205.126: [GC [PSYoungGen: 1376976K->16144K(1380160K)] 3571380K->2210804K(4176384K), 0.0408030 secs] [Times: user=0.07 sys=0.00, real=0.04 secs] 
2016-02-24T23:00:43.685+0800: 794240.399: [GC [PSYoungGen: 1378576K->15552K(1380288K)] 3573236K->2210508K(4176512K), 0.0410610 secs] [Times: user=0.08 sys=0.00, real=0.04 secs] 
2016-02-24T23:01:22.332+0800: 794279.047: [GC [PSYoungGen: 1377920K->15792K(1380160K)] 3572876K->2211116K(4176384K), 0.0426250 secs] [Times: user=0.07 sys=0.00, real=0.04 secs] 
2016-02-24T23:01:59.676+0800: 794316.390: [GC [PSYoungGen: 1378160K->15660K(1380416K)] 3573484K->2211224K(4176640K), 0.0362680 secs] [Times: user=0.07 sys=0.00, real=0.04 secs] 
2016-02-24T23:02:32.679+0800: 794349.394: [GC [PSYoungGen: 1378348K->15616K(1380352K)] 3573912K->2211516K(4176576K), 0.0369300 secs] [Times: user=0.08 sys=0.00, real=0.04 secs] 
2016-02-24T23:03:08.620+0800: 794385.335: [GC [PSYoungGen: 1378304K->15840K(1380544K)] 3574204K->2212093K(4176768K), 0.0374500 secs] [Times: user=0.07 sys=0.00, real=0.04 secs] 
2016-02-24T23:03:45.454+0800: 794422.169: [GC [PSYoungGen: 1378848K->15936K(1380544K)] 3575101K->2212574K(4176768K), 0.0391840 secs] [Times: user=0.07 sys=0.00, real=0.04 secs] 
2016-02-24T23:04:19.570+0800: 794456.285: [GC [PSYoungGen: 1378944K->13309K(1380288K)] 3575582K->2210364K(4176512K), 0.0341860 secs] [Times: user=0.07 sys=0.00, real=0.04 secs] 
2016-02-24T23:04:53.882+0800: 794490.597: [GC [PSYoungGen: 1376061K->15936K(1378752K)] 3573116K->2213907K(4174976K), 0.0400410 secs] [Times: user=0.08 sys=0.00, real=0.04 secs] 
2016-02-24T23:05:32.098+0800: 794528.812: [GC [PSYoungGen: 1378688K->14434K(1380480K)] 3576659K->2212690K(4176704K), 0.0364850 secs] [Times: user=0.08 sys=0.00, real=0.03 secs] 
2016-02-24T23:06:12.857+0800: 794569.571: [GC [PSYoungGen: 1377186K->15376K(1380352K)] 3575442K->2213906K(4176576K), 0.0412770 secs] [Times: user=0.07 sys=0.01, real=0.04 secs] 
2016-02-24T23:06:53.958+0800: 794610.673: [GC [PSYoungGen: 1378128K->15648K(1380672K)] 3576658K->2214522K(4176896K), 0.0361520 secs] [Times: user=0.07 sys=0.00, real=0.04 secs] 
2016-02-24T23:07:32.755+0800: 794649.470: [GC [PSYoungGen: 1378848K->15056K(1380608K)] 3577722K->2214322K(4176832K), 0.0380140 secs] [Times: user=0.07 sys=0.00, real=0.04 secs] 
2016-02-24T23:08:14.011+0800: 794690.726: [GC [PSYoungGen: 1378256K->15824K(1380864K)] 3577522K->2215210K(4177088K), 0.0360800 secs] [Times: user=0.07 sys=0.00, real=0.03 secs] 
2016-02-24T23:08:51.484+0800: 794728.198: [GC [PSYoungGen: 1379472K->15101K(1380864K)] 3578858K->2214595K(4177088K), 0.0361350 secs] [Times: user=0.08 sys=0.00, real=0.04 secs] 
2016-02-24T23:09:32.186+0800: 794768.900: [GC [PSYoungGen: 1378749K->16224K(1380608K)] 3578243K->2216088K(4176832K), 0.0407820 secs] [Times: user=0.08 sys=0.00, real=0.04 secs] 
2016-02-24T23:10:07.466+0800: 794804.180: [GC [PSYoungGen: 1379744K->13527K(1377088K)] 3579608K->2213723K(4173312K), 0.0365230 secs] [Times: user=0.07 sys=0.00, real=0.04 secs] 
2016-02-24T23:10:47.017+0800: 794843.732: [GC [PSYoungGen: 1375034K->17377K(1377344K)] 3575229K->2220511K(4173568K), 0.0395100 secs] [Times: user=0.09 sys=0.00, real=0.04 secs] 
2016-02-24T23:11:26.519+0800: 794883.234: [GC [PSYoungGen: 1377313K->15008K(1379008K)] 3580447K->2218387K(4175232K), 0.0395120 secs] [Times: user=0.07 sys=0.00, real=0.04 secs] 
2016-02-24T23:12:00.856+0800: 794917.571: [GC [PSYoungGen: 1374944K->13616K(1379136K)] 3578323K->2217095K(4175360K), 0.0449120 secs] [Times: user=0.09 sys=0.00, real=0.04 secs] 
2016-02-24T23:12:41.226+0800: 794957.941: [GC [PSYoungGen: 1373936K->17152K(1377536K)] 3577415K->2220944K(4173760K), 0.0440310 secs] [Times: user=0.08 sys=0.00, real=0.04 secs] 
2016-02-24T23:13:25.420+0800: 795002.134: [GC [PSYoungGen: 1377472K->16625K(1378816K)] 3581264K->2220745K(4175040K), 0.0411460 secs] [Times: user=0.08 sys=0.00, real=0.04 secs] 
2016-02-24T23:14:10.449+0800: 795047.163: [GC [PSYoungGen: 1376305K->15789K(1378880K)] 3580425K->2220315K(4175104K), 0.0445650 secs] [Times: user=0.09 sys=0.00, real=0.04 secs] 
2016-02-24T23:14:46.101+0800: 795082.815: [GC [PSYoungGen: 1375469K->13408K(1379072K)] 3579995K->2218703K(4175296K), 0.0401220 secs] [Times: user=0.08 sys=0.00, real=0.04 secs] 
2016-02-24T23:15:24.795+0800: 795121.509: [GC [PSYoungGen: 1373600K->14304K(1379136K)] 3578895K->2219856K(4175360K), 0.0329840 secs] [Times: user=0.07 sys=0.00, real=0.04 secs] 
2016-02-24T23:16:06.688+0800: 795163.402: [GC [PSYoungGen: 1374496K->15313K(1379584K)] 3580048K->2220969K(4175808K), 0.0375470 secs] [Times: user=0.06 sys=0.01, real=0.04 secs] 
2016-02-24T23:16:46.796+0800: 795203.510: [GC [PSYoungGen: 1376081K->14620K(1379264K)] 3581737K->2220755K(4175488K), 0.0390810 secs] [Times: user=0.07 sys=0.00, real=0.03 secs] 
2016-02-24T23:17:28.352+0800: 795245.067: [GC [PSYoungGen: 1375388K->14800K(1380032K)] 3581523K->2221038K(4176256K), 0.0351400 secs] [Times: user=0.07 sys=0.01, real=0.03 secs] 
2016-02-24T23:18:10.080+0800: 795286.794: [GC [PSYoungGen: 1376528K->14224K(1379776K)] 3582766K->2220746K(4176000K), 0.0354120 secs] [Times: user=0.07 sys=0.01, real=0.04 secs] 
2016-02-24T23:18:53.953+0800: 795330.667: [GC [PSYoungGen: 1375952K->15776K(1380160K)] 3582474K->2222478K(4176384K), 0.0364270 secs] [Times: user=0.07 sys=0.00, real=0.04 secs] 
2016-02-24T23:19:30.816+0800: 795367.530: [GC [PSYoungGen: 1377952K->13808K(1380096K)] 3584654K->2220655K(4176320K), 0.0393730 secs] [Times: user=0.07 sys=0.01, real=0.03 secs] 
2016-02-24T23:20:09.444+0800: 795406.159: [GC [PSYoungGen: 1375984K->13952K(1380288K)] 3582831K->2220879K(4176512K), 0.0454250 secs] [Times: user=0.09 sys=0.00, real=0.04 secs] 
2016-02-24T23:20:51.360+0800: 795448.074: [GC [PSYoungGen: 1376320K->15232K(1380160K)] 3583247K->2222327K(4176384K), 0.0363160 secs] [Times: user=0.08 sys=0.00, real=0.04 secs] 
2016-02-24T23:21:35.526+0800: 795492.240: [GC [PSYoungGen: 1377600K->14560K(1380672K)] 3584695K->2221920K(4176896K), 0.0383910 secs] [Times: user=0.07 sys=0.00, real=0.04 secs] 
2016-02-24T23:22:20.041+0800: 795536.756: [GC [PSYoungGen: 1377632K->14848K(1380480K)] 3584992K->2222616K(4176704K), 0.0361090 secs] [Times: user=0.08 sys=0.00, real=0.04 secs] 
2016-02-24T23:23:01.084+0800: 795577.798: [GC [PSYoungGen: 1377920K->14752K(1381056K)] 3585688K->2222700K(4177280K), 0.0356770 secs] [Times: user=0.08 sys=0.00, real=0.03 secs] 
2016-02-24T23:23:43.104+0800: 795619.819: [GC [PSYoungGen: 1378592K->16992K(1380864K)] 3586540K->2225608K(4177088K), 0.0401270 secs] [Times: user=0.08 sys=0.00, real=0.04 secs] 
2016-02-24T23:24:29.821+0800: 795666.535: [GC [PSYoungGen: 1380832K->14608K(1379968K)] 3589448K->2223493K(4176192K), 0.0359780 secs] [Times: user=0.07 sys=0.00, real=0.04 secs] 
2016-02-24T23:25:14.520+0800: 795711.235: [GC [PSYoungGen: 1377360K->13664K(1380416K)] 3586245K->2223034K(4176640K), 0.0397470 secs] [Times: user=0.07 sys=0.00, real=0.04 secs] 
2016-02-24T23:25:57.314+0800: 795754.028: [GC [PSYoungGen: 1376416K->12752K(1380160K)] 3585786K->2222274K(4176384K), 0.0387170 secs] [Times: user=0.08 sys=0.00, real=0.04 secs] 
2016-02-24T23:26:47.449+0800: 795804.164: [GC [PSYoungGen: 1375248K->17056K(1379584K)] 3584770K->2226851K(4175808K), 0.0418580 secs] [Times: user=0.07 sys=0.00, real=0.04 secs] 
2016-02-24T23:27:30.993+0800: 795847.707: [GC [PSYoungGen: 1379552K->13808K(1379904K)] 3589347K->2223843K(4176128K), 0.0362500 secs] [Times: user=0.07 sys=0.01, real=0.04 secs] 
2016-02-24T23:28:16.634+0800: 795893.349: [GC [PSYoungGen: 1375408K->15328K(1379776K)] 3585443K->2225659K(4176000K), 0.0358940 secs] [Times: user=0.07 sys=0.00, real=0.03 secs] 
2016-02-24T23:28:58.166+0800: 795934.881: [GC [PSYoungGen: 1376928K->14913K(1380352K)] 3587259K->2225528K(4176576K), 0.0344670 secs] [Times: user=0.07 sys=0.00, real=0.04 secs] 
2016-02-24T23:29:44.010+0800: 795980.724: [GC [PSYoungGen: 1377217K->12320K(1380032K)] 3587832K->2223424K(4176256K), 0.0326500 secs] [Times: user=0.07 sys=0.00, real=0.03 secs] 
2016-02-24T23:30:31.208+0800: 796027.922: [GC [PSYoungGen: 1374624K->12407K(1380160K)] 3585728K->2223648K(4176384K), 0.0309380 secs] [Times: user=0.06 sys=0.01, real=0.03 secs] 
2016-02-24T23:31:20.483+0800: 796077.198: [GC [PSYoungGen: 1374647K->15328K(1380160K)] 3585888K->2226768K(4176384K), 0.0357570 secs] [Times: user=0.07 sys=0.00, real=0.03 secs] 
2016-02-24T23:32:07.766+0800: 796124.480: [GC [PSYoungGen: 1376229K->17900K(1376192K)] 3587669K->2232203K(4172416K), 0.0405540 secs] [Times: user=0.09 sys=0.00, real=0.04 secs] 
2016-02-24T23:32:55.798+0800: 796172.513: [GC [PSYoungGen: 1376172K->15024K(1378176K)] 3590475K->2229675K(4174400K), 0.0375480 secs] [Times: user=0.07 sys=0.00, real=0.04 secs] 
2016-02-24T23:33:45.098+0800: 796221.812: [GC [PSYoungGen: 1373296K->13888K(1378816K)] 3587947K->2228944K(4175040K), 0.0339690 secs] [Times: user=0.07 sys=0.00, real=0.03 secs] 
2016-02-24T23:34:37.134+0800: 796273.849: [GC [PSYoungGen: 1373248K->14896K(1378624K)] 3588304K->2230329K(4174848K), 0.0373000 secs] [Times: user=0.07 sys=0.00, real=0.04 secs] 
2016-02-24T23:35:21.615+0800: 796318.330: [GC [PSYoungGen: 1374256K->14716K(1379584K)] 3589689K->2230281K(4175808K), 0.0357240 secs] [Times: user=0.07 sys=0.00, real=0.04 secs] 
2016-02-24T23:36:11.127+0800: 796367.841: [GC [PSYoungGen: 1375484K->14848K(1379264K)] 3591049K->2230926K(4175488K), 0.0371170 secs] [Times: user=0.08 sys=0.00, real=0.04 secs] 
2016-02-24T23:37:04.936+0800: 796421.650: [GC [PSYoungGen: 1375616K->16032K(1379776K)] 3591694K->2232418K(4176000K), 0.0390690 secs] [Times: user=0.08 sys=0.00, real=0.04 secs] 
2016-02-24T23:37:51.423+0800: 796468.138: [GC [PSYoungGen: 1377632K->16272K(1377920K)] 3594018K->2232971K(4174144K), 0.0382650 secs] [Times: user=0.07 sys=0.00, real=0.04 secs] 
2016-02-24T23:38:42.950+0800: 796519.665: [GC [PSYoungGen: 1377872K->14800K(1379968K)] 3594571K->2231771K(4176192K), 0.0339050 secs] [Times: user=0.07 sys=0.00, real=0.04 secs] 
2016-02-24T23:39:33.122+0800: 796569.836: [GC [PSYoungGen: 1376400K->15079K(1379712K)] 3593371K->2232303K(4175936K), 0.0393130 secs] [Times: user=0.07 sys=0.00, real=0.04 secs] 
2016-02-24T23:40:21.744+0800: 796618.458: [GC [PSYoungGen: 1376679K->14736K(1380416K)] 3593903K->2232747K(4176640K), 0.0407140 secs] [Times: user=0.06 sys=0.00, real=0.04 secs] 
2016-02-24T23:41:11.368+0800: 796668.083: [GC [PSYoungGen: 1377296K->14256K(1380224K)] 3595307K->2232824K(4176448K), 0.0419540 secs] [Times: user=0.07 sys=0.00, real=0.04 secs] 
2016-02-24T23:42:08.226+0800: 796724.941: [GC [PSYoungGen: 1376816K->17515K(1378752K)] 3595384K->2236607K(4174976K), 0.0430310 secs] [Times: user=0.08 sys=0.00, real=0.05 secs] 
2016-02-24T23:43:03.805+0800: 796780.520: [GC [PSYoungGen: 1378731K->15696K(1379648K)] 3597823K->2235053K(4175872K), 0.0359000 secs] [Times: user=0.08 sys=0.00, real=0.04 secs] 
2016-02-24T23:43:56.706+0800: 796833.421: [GC [PSYoungGen: 1376912K->13376K(1379712K)] 3596269K->2233006K(4175936K), 0.0332240 secs] [Times: user=0.06 sys=0.00, real=0.03 secs] 
2016-02-24T23:44:50.570+0800: 796887.285: [GC [PSYoungGen: 1374848K->14448K(1379776K)] 3594478K->2234278K(4176000K), 0.0373150 secs] [Times: user=0.07 sys=0.00, real=0.04 secs] 
2016-02-24T23:45:44.683+0800: 796941.398: [GC [PSYoungGen: 1375920K->14704K(1380224K)] 3595750K->2234655K(4176448K), 0.0359650 secs] [Times: user=0.07 sys=0.00, real=0.04 secs] 
2016-02-24T23:46:36.385+0800: 796993.100: [GC [PSYoungGen: 1376816K->13872K(1379968K)] 3596767K->2234165K(4176192K), 0.0339280 secs] [Times: user=0.07 sys=0.00, real=0.03 secs] 
2016-02-24T23:47:30.020+0800: 797046.735: [GC [PSYoungGen: 1375984K->17772K(1376576K)] 3596277K->2241052K(4172800K), 0.0425470 secs] [Times: user=0.10 sys=0.00, real=0.04 secs] 
2016-02-24T23:48:25.301+0800: 797102.015: [GC [PSYoungGen: 1376556K->16336K(1378432K)] 3599836K->2240048K(4174656K), 0.0378230 secs] [Times: user=0.07 sys=0.00, real=0.04 secs] 
2016-02-24T23:49:18.206+0800: 797154.921: [GC [PSYoungGen: 1375120K->13985K(1378624K)] 3598832K->2237982K(4174848K), 0.0352260 secs] [Times: user=0.06 sys=0.00, real=0.03 secs] 
2016-02-24T23:50:10.911+0800: 797207.625: [GC [PSYoungGen: 1373025K->14064K(1378496K)] 3597022K->2238293K(4174720K), 0.0335220 secs] [Times: user=0.06 sys=0.00, real=0.03 secs] 
2016-02-24T23:51:08.077+0800: 797264.792: [GC [PSYoungGen: 1373104K->13968K(1378944K)] 3597333K->2238461K(4175168K), 0.0410180 secs] [Times: user=0.09 sys=0.00, real=0.04 secs] 
2016-02-24T23:52:12.839+0800: 797329.553: [GC [PSYoungGen: 1373648K->16833K(1376576K)] 3598141K->2241710K(4172800K), 0.0390610 secs] [Times: user=0.08 sys=0.00, real=0.04 secs] 
2016-02-24T23:53:14.465+0800: 797391.179: [GC [PSYoungGen: 1376513K->15554K(1379072K)] 3601390K->2240841K(4175296K), 0.0361600 secs] [Times: user=0.07 sys=0.00, real=0.04 secs] 
2016-02-24T23:54:10.767+0800: 797447.481: [GC [PSYoungGen: 1375298K->13040K(1378752K)] 3600585K->2238450K(4174976K), 0.0407940 secs] [Times: user=0.09 sys=0.00, real=0.04 secs] 
2016-02-24T23:55:12.249+0800: 797508.964: [GC [PSYoungGen: 1372784K->14976K(1379392K)] 3598194K->2240539K(4175616K), 0.0369250 secs] [Times: user=0.07 sys=0.00, real=0.04 secs] 
2016-02-24T23:56:14.139+0800: 797570.853: [GC [PSYoungGen: 1375296K->15216K(1379008K)] 3600859K->2240927K(4175232K), 0.0377200 secs] [Times: user=0.08 sys=0.00, real=0.04 secs] 
2016-02-24T23:57:20.398+0800: 797637.112: [GC [PSYoungGen: 1375536K->16992K(1378944K)] 3601247K->2243095K(4175168K), 0.0384100 secs] [Times: user=0.07 sys=0.00, real=0.04 secs] 
2016-02-24T23:58:32.617+0800: 797709.332: [GC [PSYoungGen: 1377568K->16208K(1379328K)] 3603671K->2242564K(4175552K), 0.0392850 secs] [Times: user=0.07 sys=0.00, real=0.04 secs] 
2016-02-24T23:59:38.812+0800: 797775.526: [GC [PSYoungGen: 1376784K->16031K(1379456K)] 3603140K->2242607K(4175680K), 0.0385790 secs] [Times: user=0.08 sys=0.00, real=0.04 secs] 
2016-02-25T00:00:36.321+0800: 797833.036: [GC [PSYoungGen: 1376735K->12181K(1372928K)] 3603311K->2239061K(4169152K), 0.0332730 secs] [Times: user=0.08 sys=0.00, real=0.03 secs] 
2016-02-25T00:01:51.918+0800: 797908.633: [GC [PSYoungGen: 1372885K->16400K(1378944K)] 3599765K->2243687K(4175168K), 0.0386820 secs] [Times: user=0.07 sys=0.00, real=0.04 secs] 
2016-02-25T00:03:01.509+0800: 797978.224: [GC [PSYoungGen: 1376464K->14544K(1379072K)] 3603751K->2242155K(4175296K), 0.0481010 secs] [Times: user=0.11 sys=0.00, real=0.05 secs] 
2016-02-25T00:04:13.544+0800: 798050.258: [GC [PSYoungGen: 1374608K->14304K(1379520K)] 3602219K->2242120K(4175744K), 0.0575220 secs] [Times: user=0.13 sys=0.00, real=0.06 secs] 
2016-02-25T00:05:26.989+0800: 798123.704: [GC [PSYoungGen: 1375072K->15920K(1379328K)] 3602888K->2244067K(4175552K), 0.0376960 secs] [Times: user=0.07 sys=0.00, real=0.04 secs] 
2016-02-25T00:06:46.125+0800: 798202.840: [GC [PSYoungGen: 1376688K->14336K(1379776K)] 3604835K->2242787K(4176000K), 0.0339310 secs] [Times: user=0.06 sys=0.00, real=0.04 secs] 
2016-02-25T00:08:00.403+0800: 798277.117: [GC [PSYoungGen: 1375616K->13589K(1379584K)] 3604067K->2242205K(4175808K), 0.0346890 secs] [Times: user=0.08 sys=0.00, real=0.04 secs] 
2016-02-25T00:09:19.259+0800: 798355.973: [GC [PSYoungGen: 1374869K->16720K(1379200K)] 3603485K->2245436K(4175424K), 0.0401010 secs] [Times: user=0.08 sys=0.00, real=0.04 secs] 
2016-02-25T00:10:39.995+0800: 798436.709: [GC [PSYoungGen: 1377680K->14944K(1379520K)] 3606396K->2243800K(4175744K), 0.0416650 secs] [Times: user=0.08 sys=0.00, real=0.04 secs] 
2016-02-25T00:12:00.034+0800: 798516.749: [GC [PSYoungGen: 1375904K->14928K(1380096K)] 3604760K->2244092K(4176320K), 0.0380550 secs] [Times: user=0.08 sys=0.00, real=0.04 secs] 
2016-02-25T00:13:15.744+0800: 798592.459: [GC [PSYoungGen: 1376784K->14512K(1379840K)] 3605948K->2243965K(4176064K), 0.0361430 secs] [Times: user=0.07 sys=0.00, real=0.03 secs] 
2016-02-25T00:14:27.158+0800: 798663.872: [GC [PSYoungGen: 1376368K->13504K(1380288K)] 3605821K->2243149K(4176512K), 0.0388680 secs] [Times: user=0.07 sys=0.00, real=0.04 secs] 
2016-02-25T00:15:43.994+0800: 798740.708: [GC [PSYoungGen: 1376000K->15440K(1380288K)] 3605645K->2245265K(4176512K), 0.0346850 secs] [Times: user=0.08 sys=0.00, real=0.03 secs] 
2016-02-25T00:17:05.436+0800: 798822.150: [GC [PSYoungGen: 1377936K->15216K(1380544K)] 3607761K->2245217K(4176768K), 0.0360240 secs] [Times: user=0.07 sys=0.00, real=0.04 secs] 
2016-02-25T00:18:22.894+0800: 798899.609: [GC [PSYoungGen: 1378032K->14416K(1380352K)] 3608033K->2244630K(4176576K), 0.0402480 secs] [Times: user=0.07 sys=0.00, real=0.04 secs] 
2016-02-25T00:19:49.810+0800: 798986.524: [GC [PSYoungGen: 1377232K->12912K(1380480K)] 3607446K->2243407K(4176704K), 0.0333330 secs] [Times: user=0.06 sys=0.01, real=0.03 secs] 
2016-02-25T00:21:13.654+0800: 799070.369: [GC [PSYoungGen: 1376048K->13536K(1380608K)] 3606543K->2244263K(4176832K), 0.0365820 secs] [Times: user=0.07 sys=0.00, real=0.03 secs] 
2016-02-25T00:22:48.686+0800: 799165.400: [GC [PSYoungGen: 1376672K->15872K(1380288K)] 3607399K->2247043K(4176512K), 0.0394270 secs] [Times: user=0.07 sys=0.00, real=0.04 secs] 
2016-02-25T00:24:18.875+0800: 799255.590: [GC [PSYoungGen: 1378752K->14577K(1380480K)] 3609923K->2245881K(4176704K), 0.0339500 secs] [Times: user=0.07 sys=0.00, real=0.03 secs] 
2016-02-25T00:25:49.779+0800: 799346.493: [GC [PSYoungGen: 1377457K->14144K(1380928K)] 3608761K->2245787K(4177152K), 0.0356630 secs] [Times: user=0.06 sys=0.00, real=0.03 secs] 
2016-02-25T00:27:29.754+0800: 799446.468: [GC [PSYoungGen: 1377728K->15537K(1380736K)] 3609371K->2247348K(4176960K), 0.0375940 secs] [Times: user=0.07 sys=0.00, real=0.04 secs] 
2016-02-25T00:29:02.077+0800: 799538.792: [GC [PSYoungGen: 1379121K->15040K(1380992K)] 3610932K->2247145K(4177216K), 0.0356760 secs] [Times: user=0.07 sys=0.00, real=0.04 secs] 
2016-02-25T00:30:42.072+0800: 799638.787: [GC [PSYoungGen: 1378816K->14512K(1380864K)] 3610921K->2247074K(4177088K), 0.0443150 secs] [Times: user=0.08 sys=0.00, real=0.05 secs] 
2016-02-25T00:32:24.265+0800: 799740.979: [GC [PSYoungGen: 1378288K->13760K(1381184K)] 3610850K->2246506K(4177408K), 0.0372520 secs] [Times: user=0.08 sys=0.00, real=0.04 secs] 
2016-02-25T00:34:04.081+0800: 799840.796: [GC [PSYoungGen: 1378048K->12992K(1377280K)] 3610794K->2245902K(4173504K), 0.0415700 secs] [Times: user=0.09 sys=0.00, real=0.04 secs] 
2016-02-25T00:35:49.583+0800: 799946.297: [GC [PSYoungGen: 1377280K->14992K(1381184K)] 3610190K->2248079K(4177408K), 0.0370920 secs] [Times: user=0.07 sys=0.00, real=0.04 secs] 
2016-02-25T00:37:35.081+0800: 800051.796: [GC [PSYoungGen: 1379216K->14305K(1381120K)] 3612303K->2247571K(4177344K), 0.0364300 secs] [Times: user=0.07 sys=0.00, real=0.03 secs] 
2016-02-25T00:39:28.603+0800: 800165.318: [GC [PSYoungGen: 1378529K->16700K(1379584K)] 3611795K->2250872K(4175808K), 0.0378990 secs] [Times: user=0.07 sys=0.00, real=0.04 secs] 
2016-02-25T00:41:10.026+0800: 800266.740: [GC [PSYoungGen: 1379580K->13088K(1376000K)] 3613752K->2247756K(4172224K), 0.0322290 secs] [Times: user=0.06 sys=0.00, real=0.03 secs] 
2016-02-25T00:42:48.974+0800: 800365.689: [GC [PSYoungGen: 1375968K->12448K(1380288K)] 3610636K->2247448K(4176512K), 0.0312850 secs] [Times: user=0.07 sys=0.00, real=0.03 secs] 
2016-02-25T00:44:46.343+0800: 800483.057: [GC [PSYoungGen: 1375072K->14352K(1380352K)] 3610072K->2249480K(4176576K), 0.0362980 secs] [Times: user=0.08 sys=0.00, real=0.04 secs] 
2016-02-25T00:46:44.699+0800: 800601.414: [GC [PSYoungGen: 1376976K->13776K(1380864K)] 3612104K->2249204K(4177088K), 0.0348280 secs] [Times: user=0.07 sys=0.00, real=0.03 secs] 
2016-02-25T00:49:04.214+0800: 800740.928: [GC [PSYoungGen: 1377232K->15856K(1379328K)] 3612660K->2251497K(4175552K), 0.0447830 secs] [Times: user=0.07 sys=0.00, real=0.04 secs] 
2016-02-25T00:51:21.603+0800: 800878.317: [GC [PSYoungGen: 1379312K->14976K(1380736K)] 3614953K->2250821K(4176960K), 0.0337090 secs] [Times: user=0.07 sys=0.00, real=0.03 secs] 
2016-02-25T00:53:59.136+0800: 801035.851: [GC [PSYoungGen: 1378240K->16672K(1379968K)] 3614085K->2252714K(4176192K), 0.0398520 secs] [Times: user=0.07 sys=0.00, real=0.04 secs] 
2016-02-25T00:56:09.769+0800: 801166.483: [GC [PSYoungGen: 1379936K->15376K(1380288K)] 3615978K->2251790K(4176512K), 0.0425520 secs] [Times: user=0.07 sys=0.01, real=0.04 secs] 
2016-02-25T00:58:29.507+0800: 801306.221: [GC [PSYoungGen: 1377808K->14592K(1380224K)] 3614222K->2251507K(4176448K), 0.0384110 secs] [Times: user=0.07 sys=0.00, real=0.04 secs] 
2016-02-25T01:01:01.954+0800: 801458.669: [GC [PSYoungGen: 1377024K->14752K(1380800K)] 3613939K->2251803K(4177024K), 0.0350660 secs] [Times: user=0.07 sys=0.00, real=0.03 secs] 
2016-02-25T01:03:20.880+0800: 801597.595: [GC [PSYoungGen: 1378016K->11408K(1374720K)] 3615067K->2248571K(4170944K), 0.0286910 secs] [Times: user=0.06 sys=0.00, real=0.03 secs] 
2016-02-25T01:05:56.585+0800: 801753.300: [GC [PSYoungGen: 1374672K->14439K(1380800K)] 3611835K->2251822K(4177024K), 0.0406540 secs] [Times: user=0.05 sys=0.01, real=0.02 secs] 
2016-02-25T01:08:45.081+0800: 801921.795: [GC [PSYoungGen: 1377639K->14752K(1380480K)] 3615022K->2252364K(4176704K), 0.0374780 secs] [Times: user=0.07 sys=0.00, real=0.04 secs] 
2016-02-25T01:11:22.111+0800: 802078.826: [GC [PSYoungGen: 1377952K->16410K(1380032K)] 3615564K->2254210K(4176256K), 0.0370080 secs] [Times: user=0.07 sys=0.00, real=0.04 secs] 
2016-02-25T01:14:27.420+0800: 802264.135: [GC [PSYoungGen: 1379290K->16128K(1379008K)] 3617090K->2254192K(4175232K), 0.0458900 secs] [Times: user=0.08 sys=0.00, real=0.05 secs] 
2016-02-25T01:17:29.364+0800: 802446.078: [GC [PSYoungGen: 1379008K->14304K(1380480K)] 3617072K->2252516K(4176704K), 0.0376350 secs] [Times: user=0.08 sys=0.00, real=0.03 secs] 
2016-02-25T01:20:54.809+0800: 802651.524: [GC [PSYoungGen: 1376928K->15216K(1380224K)] 3615140K->2253575K(4176448K), 0.0345050 secs] [Times: user=0.06 sys=0.00, real=0.03 secs] 
2016-02-25T01:24:37.373+0800: 802874.087: [GC [PSYoungGen: 1377840K->15456K(1380608K)] 3616199K->2253971K(4176832K), 0.0394600 secs] [Times: user=0.08 sys=0.00, real=0.04 secs] 
2016-02-25T01:27:47.046+0800: 803063.760: [GC [PSYoungGen: 1378592K->14640K(1380608K)] 3617107K->2253392K(4176832K), 0.0404120 secs] [Times: user=0.07 sys=0.00, real=0.04 secs] 
2016-02-25T01:31:13.554+0800: 803270.268: [GC [PSYoungGen: 1377776K->13824K(1380864K)] 3616528K->2252800K(4177088K), 0.0410810 secs] [Times: user=0.08 sys=0.00, real=0.04 secs] 
2016-02-25T01:35:11.129+0800: 803507.843: [GC [PSYoungGen: 1377408K->14352K(1380800K)] 3616384K->2253529K(4177024K), 0.0353510 secs] [Times: user=0.07 sys=0.00, real=0.04 secs] 
2016-02-25T01:39:14.002+0800: 803750.717: [GC [PSYoungGen: 1377936K->13281K(1381056K)] 3617113K->2252647K(4177280K), 0.0520560 secs] [Times: user=0.11 sys=0.00, real=0.05 secs] 
2016-02-25T01:42:50.567+0800: 803967.281: [GC [PSYoungGen: 1377313K->12368K(1376448K)] 3616679K->2252008K(4172672K), 0.0308210 secs] [Times: user=0.06 sys=0.00, real=0.04 secs] 
2016-02-25T01:47:04.353+0800: 804221.067: [GC [PSYoungGen: 1376400K->13520K(1381056K)] 3616040K->2253440K(4177280K), 0.0360830 secs] [Times: user=0.07 sys=0.00, real=0.03 secs] 
2016-02-25T01:50:29.641+0800: 804426.355: [GC [PSYoungGen: 1377424K->12147K(1380928K)] 3617344K->2252297K(4177152K), 0.0340840 secs] [Times: user=0.07 sys=0.00, real=0.03 secs] 
2016-02-25T01:55:12.215+0800: 804708.930: [GC [PSYoungGen: 1376051K->12327K(1380992K)] 3616201K->2252885K(4177216K), 0.0314700 secs] [Times: user=0.06 sys=0.00, real=0.03 secs] 
2016-02-25T01:59:43.614+0800: 804980.329: [GC [PSYoungGen: 1376231K->13344K(1380992K)] 3616789K->2254173K(4177216K), 0.0313330 secs] [Times: user=0.07 sys=0.00, real=0.03 secs] 
2016-02-25T02:03:58.566+0800: 805235.281: [GC [PSYoungGen: 1377248K->16560K(1379776K)] 3618077K->2257550K(4176000K), 0.0432250 secs] [Times: user=0.08 sys=0.00, real=0.05 secs] 
2016-02-25T02:06:09.209+0800: 805365.923: [GC [PSYoungGen: 1379440K->17596K(1380480K)] 3620430K->2266200K(4176704K), 0.0444680 secs] [Times: user=0.14 sys=0.00, real=0.04 secs] 
2016-02-25T02:07:15.696+0800: 805432.410: [GC [PSYoungGen: 1380476K->3296K(1370112K)] 3629080K->2252304K(4166336K), 0.0173550 secs] [Times: user=0.05 sys=0.01, real=0.01 secs] 
2016-02-25T02:10:36.925+0800: 805633.639: [GC [PSYoungGen: 1355808K->11861K(1375296K)] 3604816K->2261498K(4171520K), 0.0302880 secs] [Times: user=0.07 sys=0.00, real=0.03 secs] 
2016-02-25T02:13:02.039+0800: 805778.753: [GC [PSYoungGen: 1364373K->6241K(1374912K)] 3614010K->2256169K(4171136K), 0.0215540 secs] [Times: user=0.05 sys=0.00, real=0.02 secs] 
2016-02-25T02:18:59.470+0800: 806136.185: [GC [PSYoungGen: 1358881K->15053K(1375360K)] 3608809K->2265751K(4171584K), 0.0366100 secs] [Times: user=0.06 sys=0.00, real=0.04 secs] 
2016-02-25T02:25:02.481+0800: 806499.196: [GC [PSYoungGen: 1367693K->15904K(1375488K)] 3618391K->2266947K(4171712K), 0.0373550 secs] [Times: user=0.08 sys=0.00, real=0.03 secs] 
2016-02-25T02:30:41.427+0800: 806838.141: [GC [PSYoungGen: 1368928K->12465K(1375552K)] 3619971K->2263685K(4171776K), 0.0319420 secs] [Times: user=0.07 sys=0.00, real=0.04 secs] 
2016-02-25T02:37:25.354+0800: 807242.069: [GC [PSYoungGen: 1365489K->15675K(1376256K)] 3616709K->2267144K(4172480K), 0.0360900 secs] [Times: user=0.07 sys=0.00, real=0.03 secs] 
2016-02-25T02:44:46.453+0800: 807683.167: [GC [PSYoungGen: 1370107K->14995K(1376256K)] 3621576K->2266841K(4172480K), 0.0378430 secs] [Times: user=0.07 sys=0.01, real=0.04 secs] 
2016-02-25T02:51:14.828+0800: 808071.543: [GC [PSYoungGen: 1369427K->12304K(1377088K)] 3621273K->2264431K(4173312K), 0.0345410 secs] [Times: user=0.06 sys=0.00, real=0.04 secs] 
2016-02-25T02:57:38.423+0800: 808455.137: [GC [PSYoungGen: 1367888K->12256K(1376576K)] 3620015K->2264728K(4172800K), 0.0330920 secs] [Times: user=0.06 sys=0.00, real=0.04 secs] 
2016-02-25T03:02:30.670+0800: 808747.384: [GC [PSYoungGen: 1367840K->18264K(1375424K)] 3620312K->2270936K(4171648K), 0.0466150 secs] [Times: user=0.08 sys=0.00, real=0.04 secs] 
2016-02-25T03:10:38.016+0800: 809234.730: [GC [PSYoungGen: 1373208K->13632K(1376512K)] 3625880K->2266548K(4172736K), 0.0349710 secs] [Times: user=0.07 sys=0.00, real=0.04 secs] 
2016-02-25T03:18:58.563+0800: 809735.277: [GC [PSYoungGen: 1368576K->11808K(1377536K)] 3621492K->2264932K(4173760K), 0.0303310 secs] [Times: user=0.06 sys=0.00, real=0.03 secs] 
2016-02-25T03:26:45.484+0800: 810202.199: [GC [PSYoungGen: 1368480K->12448K(1377216K)] 3621604K->2265688K(4173440K), 0.0326900 secs] [Times: user=0.06 sys=0.01, real=0.04 secs] 
2016-02-25T03:35:02.121+0800: 810698.835: [GC [PSYoungGen: 1369120K->13312K(1378624K)] 3622360K->2266712K(4174848K), 0.0338460 secs] [Times: user=0.06 sys=0.00, real=0.03 secs] 
2016-02-25T03:43:37.366+0800: 811214.080: [GC [PSYoungGen: 1371840K->12160K(1377984K)] 3625240K->2265736K(4174208K), 0.0314060 secs] [Times: user=0.07 sys=0.00, real=0.03 secs] 
2016-02-25T03:54:36.775+0800: 811873.489: [GC [PSYoungGen: 1370688K->13984K(1379328K)] 3624264K->2267644K(4175552K), 0.0338580 secs] [Times: user=0.07 sys=0.00, real=0.03 secs] 
2016-02-25T04:03:15.451+0800: 812392.166: [GC [PSYoungGen: 1374176K->11264K(1378944K)] 3627836K->2265072K(4175168K), 0.0303970 secs] [Times: user=0.07 sys=0.00, real=0.04 secs] 
2016-02-25T04:13:34.028+0800: 813010.743: [GC [PSYoungGen: 1371456K->12544K(1379904K)] 3625264K->2266460K(4176128K), 0.0321090 secs] [Times: user=0.06 sys=0.00, real=0.04 secs] 
2016-02-25T04:22:24.557+0800: 813541.271: [GC [PSYoungGen: 1373824K->9328K(1379456K)] 3627740K->2263436K(4175680K), 0.0267200 secs] [Times: user=0.06 sys=0.00, real=0.03 secs] 
2016-02-25T04:33:22.094+0800: 814198.809: [GC [PSYoungGen: 1370608K->10384K(1379840K)] 3624716K->2264677K(4176064K), 0.0346020 secs] [Times: user=0.07 sys=0.00, real=0.04 secs] 
2016-02-25T04:41:16.884+0800: 814673.598: [GC [PSYoungGen: 1371856K->10128K(1379712K)] 3626149K->2264601K(4175936K), 0.0284730 secs] [Times: user=0.06 sys=0.00, real=0.03 secs] 
2016-02-25T04:49:33.440+0800: 815170.155: [GC [PSYoungGen: 1371600K->9744K(1380160K)] 3626073K->2264421K(4176384K), 0.0377630 secs] [Times: user=0.06 sys=0.00, real=0.04 secs] 
2016-02-25T04:56:39.832+0800: 815596.546: [GC [PSYoungGen: 1371856K->8992K(1380032K)] 3626533K->2263781K(4176256K), 0.0254720 secs] [Times: user=0.06 sys=0.00, real=0.02 secs] 
2016-02-25T05:06:04.335+0800: 816161.050: [GC [PSYoungGen: 1371104K->12002K(1380736K)] 3625893K->2266936K(4176960K), 0.0299870 secs] [Times: user=0.06 sys=0.00, real=0.04 secs] 
2016-02-25T05:15:04.761+0800: 816701.476: [GC [PSYoungGen: 1374882K->11648K(1380224K)] 3629816K->2266838K(4176448K), 0.0422250 secs] [Times: user=0.10 sys=0.00, real=0.04 secs] 
2016-02-25T05:22:10.941+0800: 817127.656: [GC [PSYoungGen: 1374528K->9536K(1381376K)] 3629718K->2264919K(4177600K), 0.0300400 secs] [Times: user=0.06 sys=0.00, real=0.03 secs] 
2016-02-25T05:32:02.172+0800: 817718.887: [GC [PSYoungGen: 1374080K->15008K(1379584K)] 3629463K->2270455K(4175808K), 0.0400210 secs] [Times: user=0.07 sys=0.00, real=0.04 secs] 
2016-02-25T05:40:14.817+0800: 818211.532: [GC [PSYoungGen: 1379552K->10304K(1380864K)] 3634999K->2265991K(4177088K), 0.0297300 secs] [Times: user=0.07 sys=0.00, real=0.02 secs] 
2016-02-25T05:47:40.802+0800: 818657.516: [GC [PSYoungGen: 1373696K->10976K(1380608K)] 3629383K->2266795K(4176832K), 0.0309080 secs] [Times: user=0.07 sys=0.00, real=0.03 secs] 
2016-02-25T05:54:34.375+0800: 819071.090: [GC [PSYoungGen: 1374368K->9968K(1381504K)] 3630187K->2266011K(4177728K), 0.0292820 secs] [Times: user=0.07 sys=0.00, real=0.03 secs] 
2016-02-25T06:01:29.494+0800: 819486.208: [GC [PSYoungGen: 1374704K->10816K(1381312K)] 3630747K->2266962K(4177536K), 0.0275230 secs] [Times: user=0.06 sys=0.00, real=0.03 secs] 
2016-02-25T06:07:30.151+0800: 819846.866: [GC [PSYoungGen: 1375552K->11312K(1382400K)] 3631698K->2267567K(4178624K), 0.0288370 secs] [Times: user=0.06 sys=0.00, real=0.03 secs] 
2016-02-25T06:12:29.848+0800: 820146.562: [GC [PSYoungGen: 1377584K->9232K(1381952K)] 3633839K->2265863K(4178176K), 0.0391950 secs] [Times: user=0.10 sys=0.00, real=0.04 secs] 
2016-02-25T06:17:16.690+0800: 820433.404: [GC [PSYoungGen: 1375504K->10672K(1382784K)] 3632135K->2267468K(4179008K), 0.0343440 secs] [Times: user=0.07 sys=0.00, real=0.03 secs] 
2016-02-25T06:24:03.930+0800: 820840.644: [GC [PSYoungGen: 1377776K->12784K(1382400K)] 3634572K->2269725K(4178624K), 0.0337700 secs] [Times: user=0.06 sys=0.01, real=0.03 secs] 
2016-02-25T06:29:42.840+0800: 821179.555: [GC [PSYoungGen: 1379888K->13936K(1381440K)] 3636829K->2271125K(4177664K), 0.0330540 secs] [Times: user=0.06 sys=0.00, real=0.03 secs] 
2016-02-25T06:34:33.307+0800: 821470.022: [GC [PSYoungGen: 1379888K->13489K(1379456K)] 3637077K->2270854K(4175680K), 0.0330100 secs] [Times: user=0.07 sys=0.00, real=0.03 secs] 
2016-02-25T06:40:03.478+0800: 821800.192: [GC [PSYoungGen: 1379441K->15824K(1379712K)] 3636806K->2273522K(4175936K), 0.0383040 secs] [Times: user=0.07 sys=0.00, real=0.04 secs] 
2016-02-25T06:44:36.885+0800: 822073.599: [GC [PSYoungGen: 1379216K->13584K(1377024K)] 3636914K->2271475K(4173248K), 0.0364980 secs] [Times: user=0.06 sys=0.00, real=0.03 secs] 
2016-02-25T06:48:59.830+0800: 822336.544: [GC [PSYoungGen: 1376976K->13104K(1380928K)] 3634867K->2271155K(4177152K), 0.0310380 secs] [Times: user=0.06 sys=0.00, real=0.03 secs] 
2016-02-25T06:52:54.339+0800: 822571.053: [GC [PSYoungGen: 1376624K->14288K(1380672K)] 3634675K->2272579K(4176896K), 0.0414550 secs] [Times: user=0.09 sys=0.00, real=0.04 secs] 
2016-02-25T06:56:59.569+0800: 822816.283: [GC [PSYoungGen: 1377808K->14880K(1379904K)] 3636099K->2273419K(4176128K), 0.0359030 secs] [Times: user=0.07 sys=0.00, real=0.03 secs] 
2016-02-25T07:00:58.264+0800: 823054.978: [GC [PSYoungGen: 1377376K->13648K(1380288K)] 3635915K->2272432K(4176512K), 0.0381240 secs] [Times: user=0.07 sys=0.00, real=0.03 secs] 
2016-02-25T07:04:56.562+0800: 823293.276: [GC [PSYoungGen: 1376144K->13408K(1380736K)] 3634928K->2272497K(4176960K), 0.0346540 secs] [Times: user=0.08 sys=0.00, real=0.03 secs] 
2016-02-25T07:08:50.947+0800: 823527.661: [GC [PSYoungGen: 1376544K->15408K(1378560K)] 3635633K->2274845K(4174784K), 0.0425110 secs] [Times: user=0.08 sys=0.00, real=0.04 secs] 
2016-02-25T07:12:34.854+0800: 823751.568: [GC [PSYoungGen: 1378544K->14400K(1380288K)] 3637981K->2274061K(4176512K), 0.0331770 secs] [Times: user=0.08 sys=0.00, real=0.03 secs] 
2016-02-25T07:16:03.317+0800: 823960.031: [GC [PSYoungGen: 1376896K->14752K(1377280K)] 3636557K->2274626K(4173504K), 0.0390910 secs] [Times: user=0.07 sys=0.00, real=0.04 secs] 
2016-02-25T07:19:36.805+0800: 824173.519: [GC [PSYoungGen: 1377248K->15664K(1379456K)] 3637122K->2275770K(4175680K), 0.0406290 secs] [Times: user=0.07 sys=0.00, real=0.04 secs] 
2016-02-25T07:22:44.093+0800: 824360.808: [GC [PSYoungGen: 1377264K->12576K(1379840K)] 3637370K->2272918K(4176064K), 0.0330270 secs] [Times: user=0.07 sys=0.00, real=0.03 secs] 
2016-02-25T07:26:22.153+0800: 824578.867: [GC [PSYoungGen: 1374176K->13121K(1380480K)] 3634518K->2273788K(4176704K), 0.0376000 secs] [Times: user=0.07 sys=0.01, real=0.04 secs] 
2016-02-25T07:29:46.813+0800: 824783.527: [GC [PSYoungGen: 1375617K->14960K(1380096K)] 3636284K->2275872K(4176320K), 0.0360460 secs] [Times: user=0.07 sys=0.00, real=0.04 secs] 
2016-02-25T07:32:54.295+0800: 824971.009: [GC [PSYoungGen: 1377456K->13200K(1380672K)] 3638368K->2274333K(4176896K), 0.0356870 secs] [Times: user=0.07 sys=0.00, real=0.04 secs] 
2016-02-25T07:35:48.941+0800: 825145.656: [GC [PSYoungGen: 1376144K->11280K(1380352K)] 3637277K->2272609K(4176576K), 0.0341060 secs] [Times: user=0.06 sys=0.00, real=0.04 secs] 
2016-02-25T07:38:13.545+0800: 825290.259: [GC [PSYoungGen: 1374224K->11792K(1380800K)] 3635553K->2273343K(4177024K), 0.0289820 secs] [Times: user=0.07 sys=0.00, real=0.02 secs] 
2016-02-25T07:41:01.768+0800: 825458.483: [GC [PSYoungGen: 1375120K->14496K(1380608K)] 3636671K->2276307K(4176832K), 0.0473040 secs] [Times: user=0.07 sys=0.00, real=0.05 secs] 
2016-02-25T07:43:52.936+0800: 825629.650: [GC [PSYoungGen: 1377824K->13696K(1380992K)] 3639635K->2275691K(4177216K), 0.0402240 secs] [Times: user=0.09 sys=0.00, real=0.04 secs] 
2016-02-25T07:46:19.268+0800: 825775.982: [GC [PSYoungGen: 1377344K->13344K(1380736K)] 3639339K->2275655K(4176960K), 0.0311450 secs] [Times: user=0.06 sys=0.00, real=0.03 secs] 
2016-02-25T07:48:54.764+0800: 825931.478: [GC [PSYoungGen: 1376992K->13633K(1381568K)] 3639303K->2276145K(4177792K), 0.0344490 secs] [Times: user=0.07 sys=0.00, real=0.04 secs] 
2016-02-25T07:51:20.409+0800: 826077.123: [GC [PSYoungGen: 1378433K->14976K(1381312K)] 3640945K->2277681K(4177536K), 0.0413410 secs] [Times: user=0.07 sys=0.00, real=0.04 secs] 
2016-02-25T07:53:43.081+0800: 826219.796: [GC [PSYoungGen: 1379776K->16375K(1379904K)] 3642481K->2279301K(4176128K), 0.0398020 secs] [Times: user=0.08 sys=0.00, real=0.04 secs] 
2016-02-25T07:55:49.361+0800: 826346.076: [GC [PSYoungGen: 1379511K->12016K(1380608K)] 3642437K->2275214K(4176832K), 0.0314090 secs] [Times: user=0.07 sys=0.00, real=0.03 secs] 
2016-02-25T07:58:22.830+0800: 826499.545: [GC [PSYoungGen: 1375152K->15952K(1379712K)] 3638350K->2279362K(4175936K), 0.0424470 secs] [Times: user=0.08 sys=0.00, real=0.04 secs] 
2016-02-25T08:00:20.855+0800: 826617.569: [GC [PSYoungGen: 1378192K->15216K(1377472K)] 3641602K->2278802K(4173696K), 0.0385860 secs] [Times: user=0.07 sys=0.00, real=0.04 secs] 
2016-02-25T08:02:26.701+0800: 826743.415: [GC [PSYoungGen: 1377456K->15600K(1379712K)] 3641042K->2279475K(4175936K), 0.0391700 secs] [Times: user=0.08 sys=0.00, real=0.04 secs] 
2016-02-25T08:04:26.590+0800: 826863.304: [GC [PSYoungGen: 1377328K->11600K(1373376K)] 3641203K->2275687K(4169600K), 0.0308420 secs] [Times: user=0.06 sys=0.00, real=0.03 secs] 
2016-02-25T08:06:33.898+0800: 826990.612: [GC [PSYoungGen: 1373328K->15904K(1379200K)] 3637415K->2280248K(4175424K), 0.0379330 secs] [Times: user=0.07 sys=0.00, real=0.04 secs] 
2016-02-25T08:08:59.412+0800: 827136.126: [GC [PSYoungGen: 1376864K->16320K(1377344K)] 3641208K->2280885K(4173568K), 0.0405030 secs] [Times: user=0.08 sys=0.00, real=0.04 secs] 
2016-02-25T08:11:05.398+0800: 827262.113: [GC [PSYoungGen: 1377280K->15824K(1379008K)] 3641845K->2280593K(4175232K), 0.0381580 secs] [Times: user=0.08 sys=0.00, real=0.04 secs] 
2016-02-25T08:13:12.608+0800: 827389.323: [GC [PSYoungGen: 1375888K->16288K(1376384K)] 3640657K->2281304K(4172608K), 0.0465770 secs] [Times: user=0.08 sys=0.00, real=0.05 secs] 
2016-02-25T08:15:26.563+0800: 827523.277: [GC [PSYoungGen: 1376352K->15552K(1379008K)] 3641368K->2280824K(4175232K), 0.0399880 secs] [Times: user=0.07 sys=0.00, real=0.04 secs] 
2016-02-25T08:17:20.062+0800: 827636.776: [GC [PSYoungGen: 1375360K->15760K(1378880K)] 3640632K->2281220K(4175104K), 0.0405090 secs] [Times: user=0.08 sys=0.00, real=0.04 secs] 
2016-02-25T08:19:17.596+0800: 827754.310: [GC [PSYoungGen: 1375568K->14220K(1379328K)] 3641028K->2279908K(4175552K), 0.0501950 secs] [Times: user=0.09 sys=0.00, real=0.05 secs] 
2016-02-25T08:21:00.758+0800: 827857.473: [GC [PSYoungGen: 1374476K->12131K(1379008K)] 3640164K->2278079K(4175232K), 0.0327000 secs] [Times: user=0.06 sys=0.00, real=0.03 secs] 
2016-02-25T08:23:13.752+0800: 827990.467: [GC [PSYoungGen: 1372387K->16720K(1378496K)] 3638335K->2282832K(4174720K), 0.0433180 secs] [Times: user=0.08 sys=0.00, real=0.05 secs] 
2016-02-25T08:24:57.756+0800: 828094.470: [GC [PSYoungGen: 1376400K->15200K(1378880K)] 3642512K->2281505K(4175104K), 0.0373450 secs] [Times: user=0.07 sys=0.00, real=0.04 secs] 
2016-02-25T08:26:31.316+0800: 828188.030: [GC [PSYoungGen: 1374880K->14112K(1379456K)] 3641185K->2280746K(4175680K), 0.0412710 secs] [Times: user=0.09 sys=0.00, real=0.04 secs] 
2016-02-25T08:28:13.912+0800: 828290.626: [GC [PSYoungGen: 1374688K->16368K(1379200K)] 3641322K->2283218K(4175424K), 0.0392600 secs] [Times: user=0.07 sys=0.00, real=0.04 secs] 
2016-02-25T08:29:57.192+0800: 828393.906: [GC [PSYoungGen: 1376944K->15792K(1379328K)] 3643794K->2282990K(4175552K), 0.0378510 secs] [Times: user=0.07 sys=0.00, real=0.04 secs] 
2016-02-25T08:31:37.215+0800: 828493.929: [GC [PSYoungGen: 1376304K->16064K(1379264K)] 3643502K->2283511K(4175488K), 0.0376900 secs] [Times: user=0.07 sys=0.00, real=0.04 secs] 
2016-02-25T08:33:25.105+0800: 828601.819: [GC [PSYoungGen: 1376576K->15392K(1379520K)] 3644023K->2282955K(4175744K), 0.0358340 secs] [Times: user=0.08 sys=0.00, real=0.04 secs] 
2016-02-25T08:34:58.864+0800: 828695.579: [GC [PSYoungGen: 1376096K->16208K(1379264K)] 3643659K->2283992K(4175488K), 0.0418050 secs] [Times: user=0.08 sys=0.00, real=0.04 secs] 
2016-02-25T08:36:28.049+0800: 828784.763: [GC [PSYoungGen: 1376912K->16321K(1379328K)] 3644696K->2284305K(4175552K), 0.0407710 secs] [Times: user=0.08 sys=0.00, real=0.04 secs] 
2016-02-25T08:38:13.765+0800: 828890.479: [GC [PSYoungGen: 1377025K->15936K(1379392K)] 3645009K->2284485K(4175616K), 0.0358720 secs] [Times: user=0.07 sys=0.00, real=0.04 secs] 
2016-02-25T08:39:59.644+0800: 828996.358: [GC [PSYoungGen: 1376640K->17472K(1378624K)] 3645189K->2286210K(4174848K), 0.0414900 secs] [Times: user=0.08 sys=0.00, real=0.04 secs] 
2016-02-25T08:41:45.078+0800: 829101.793: [GC [PSYoungGen: 1377536K->16384K(1379072K)] 3646274K->2285334K(4175296K), 0.0416920 secs] [Times: user=0.08 sys=0.00, real=0.04 secs] 
2016-02-25T08:43:20.960+0800: 829197.674: [GC [PSYoungGen: 1376448K->18608K(1377664K)] 3645398K->2287718K(4173888K), 0.0413720 secs] [Times: user=0.08 sys=0.00, real=0.04 secs] 
2016-02-25T08:44:59.789+0800: 829296.503: [GC [PSYoungGen: 1377264K->16448K(1378368K)] 3646374K->2285694K(4174592K), 0.0374180 secs] [Times: user=0.08 sys=0.00, real=0.04 secs] 
2016-02-25T08:46:29.326+0800: 829386.041: [GC [PSYoungGen: 1375104K->12752K(1378176K)] 3644350K->2282310K(4174400K), 0.0319190 secs] [Times: user=0.06 sys=0.00, real=0.03 secs] 
2016-02-25T08:47:57.149+0800: 829473.863: [GC [PSYoungGen: 1371408K->15456K(1378368K)] 3640966K->2285134K(4174592K), 0.0374530 secs] [Times: user=0.07 sys=0.00, real=0.04 secs] 
2016-02-25T08:49:21.426+0800: 829558.140: [GC [PSYoungGen: 1374112K->14560K(1378880K)] 3643790K->2284375K(4175104K), 0.0361370 secs] [Times: user=0.07 sys=0.00, real=0.04 secs] 
2016-02-25T08:50:43.425+0800: 829640.139: [GC [PSYoungGen: 1374048K->14176K(1378688K)] 3643863K->2284099K(4174912K), 0.0427550 secs] [Times: user=0.08 sys=0.00, real=0.04 secs] 
2016-02-25T08:52:23.407+0800: 829740.121: [GC [PSYoungGen: 1373664K->15184K(1379328K)] 3643587K->2285388K(4175552K), 0.0356200 secs] [Times: user=0.08 sys=0.00, real=0.04 secs] 
2016-02-25T08:53:57.101+0800: 829833.815: [GC [PSYoungGen: 1375440K->16449K(1379008K)] 3645644K->2286850K(4175232K), 0.0370770 secs] [Times: user=0.07 sys=0.00, real=0.03 secs] 
2016-02-25T08:55:17.388+0800: 829914.102: [GC [PSYoungGen: 1376705K->15424K(1379584K)] 3647106K->2286274K(4175808K), 0.0364330 secs] [Times: user=0.07 sys=0.00, real=0.04 secs] 
